[2025-09-18 11:42:04] Parsing/Creating coverage chunks. 
[2025-09-18 11:42:04] The given input file is not binary so chunks will be constructed from cov file.
[2025-09-18 11:42:04] Index file does not exist: expected path /mnt/analysis_other/flagger/T2T04_1/coverage_file.cov.gz.index
[2025-09-18 11:42:04] Constructing index in memory ... 
[2025-09-18 11:42:07] Index is constructed.
[2025-09-18 11:42:07] Index file (/mnt/analysis_other/flagger/T2T04_1/coverage_file.cov.gz.index) is written 
[2025-09-18 11:42:07] Index is saved into /mnt/analysis_other/flagger/T2T04_1/coverage_file.cov.gz.index (It will skip index construction for next runs).
[2025-09-18 11:42:07] Parsing header info for ChunksCreator.
[2025-09-18 11:42:08] Truth tag was set to false (or not defined) so truth labels will not be parsed from file.
[2025-09-18 11:42:08] Prediction tag was set to false (or not defined) so prediction labels will not be parsed from file.
[2025-09-18 11:42:08] Creating empty chunks.
[2025-09-18 11:42:08] Created a thread pool with 16 threads for parsing chunks 
[2025-09-18 11:42:08] Queued 1278 jobs for the thread pool (no more than 16 jobs will be processed at a time)
[2025-09-18 11:43:53] Chunks are constructed from cov file.
[2025-09-18 11:43:53] 1278 chunks are parsed covering total length of 6056284083 bases. 
[2025-09-18 11:43:53] Determining the number of components for the 'collapsed' state. 
[2025-09-18 11:43:53] The number of collapsed components (n=7) is determined and adjusted automatically by taking the maximum observed coverage. 
[2025-09-18 11:43:53] Creating HMM model. 
[2025-09-18 11:43:53] Running EM for estimating parameters. 
[2025-09-18 11:43:53] Opening file for writing loglikelihood value per EM iteration...
[2025-09-18 11:43:53] Creating EM arrays (for 1278 chunks) ...
[2025-09-18 11:43:53] Writing transition tsv...
[2025-09-18 11:43:53] Writing emission tsv ...
[2025-09-18 11:43:53] [Iteration  = 1] Running EM jobs for 1278 chunks (with 16 threads) ...
[2025-09-18 11:43:55] [Iteration  = 1] EM jobs are all finished.
[2025-09-18 11:43:55] Initiating jobs for creating summary tables for categoryType = region, metricType = overlap_based, comparisonType = PREDICTION .
[2025-09-18 11:43:55] Initiating jobs for creating summary tables for categoryType = annotation, metricType = overlap_based, comparisonType = PREDICTION .
[2025-09-18 11:43:55] Initiating jobs for creating summary tables for categoryType = region, metricType = base_level, comparisonType = PREDICTION .
[2025-09-18 11:43:55] Initiating jobs for creating summary tables for categoryType = annotation, metricType = base_level, comparisonType = PREDICTION .
[2025-09-18 11:43:55] Writing summary tables is done for categoryType = region, metricType = overlap_based, comparisonType = PREDICTION .
[2025-09-18 11:43:55] Writing summary tables is done for categoryType = region, metricType = base_level, comparisonType = PREDICTION .
[2025-09-18 11:43:55] Writing summary tables is done for categoryType = annotation, metricType = overlap_based, comparisonType = PREDICTION .
[2025-09-18 11:43:55] Writing summary tables is done for categoryType = annotation, metricType = base_level, comparisonType = PREDICTION .
[2025-09-18 11:43:55] Writing tables to file /mnt/analysis_other/flagger/T2T04_1/prediction_summary_initial.tsv is done.
Warning: the denominator is zero for comp=0, so the estimation will be returned zero
Warning: the denominator is zero for comp=0, so the estimation will be returned zero
[2025-09-18 11:43:55] [Iteration  = 1] Parameters are estimated and updated.
[2025-09-18 11:43:55] [Iteration  = 1] Model parameter estimators are reset.
[2025-09-18 11:43:55] [Iteration  = 2] Running EM jobs for 1278 chunks (with 16 threads) ...
[2025-09-18 11:43:56] [Iteration  = 2] EM jobs are all finished.
Warning: the denominator is zero for comp=0, so the estimation will be returned zero
Warning: the denominator is zero for comp=0, so the estimation will be returned zero
[2025-09-18 11:43:56] [Iteration  = 2] Parameters are estimated and updated.
[2025-09-18 11:43:56] [Iteration  = 2] Model parameter estimators are reset.
[2025-09-18 11:43:56] [Iteration  = 3] Running EM jobs for 1278 chunks (with 16 threads) ...
[2025-09-18 11:43:57] [Iteration  = 3] EM jobs are all finished.
Warning: the denominator is zero for comp=0, so the estimation will be returned zero
Warning: the denominator is zero for comp=0, so the estimation will be returned zero
[2025-09-18 11:43:57] [Iteration  = 3] Parameters are estimated and updated.
[2025-09-18 11:43:57] [Iteration  = 3] Model parameter estimators are reset.
[2025-09-18 11:43:57] [Iteration  = 4] Running EM jobs for 1278 chunks (with 16 threads) ...
[2025-09-18 11:43:59] [Iteration  = 4] EM jobs are all finished.
Warning: the denominator is zero for comp=0, so the estimation will be returned zero
Warning: the denominator is zero for comp=0, so the estimation will be returned zero
[2025-09-18 11:43:59] [Iteration  = 4] Parameters are estimated and updated.
[2025-09-18 11:43:59] [Iteration  = 4] Model parameter estimators are reset.
[2025-09-18 11:43:59] [Iteration  = 5] Running EM jobs for 1278 chunks (with 16 threads) ...
[2025-09-18 11:44:01] [Iteration  = 5] EM jobs are all finished.
Warning: the denominator is zero for comp=0, so the estimation will be returned zero
Warning: the denominator is zero for comp=0, so the estimation will be returned zero
[2025-09-18 11:44:01] [Iteration  = 5] Parameters are estimated and updated.
[2025-09-18 11:44:01] [Iteration  = 5] Model parameter estimators are reset.
[2025-09-18 11:44:01] [Iteration  = 6] Running EM jobs for 1278 chunks (with 16 threads) ...
[2025-09-18 11:44:02] [Iteration  = 6] EM jobs are all finished.
Warning: the denominator is zero for comp=0, so the estimation will be returned zero
Warning: the denominator is zero for comp=0, so the estimation will be returned zero
[2025-09-18 11:44:02] [Iteration  = 6] Parameters are estimated and updated.
[2025-09-18 11:44:02] [Iteration  = 6] Model parameter estimators are reset.
[2025-09-18 11:44:02] [Iteration  = 7] Running EM jobs for 1278 chunks (with 16 threads) ...
[2025-09-18 11:44:04] [Iteration  = 7] EM jobs are all finished.
Warning: the denominator is zero for comp=0, so the estimation will be returned zero
Warning: the denominator is zero for comp=0, so the estimation will be returned zero
[2025-09-18 11:44:04] [Iteration  = 7] Parameters are estimated and updated.
[2025-09-18 11:44:04] [Iteration  = 7] Model parameter estimators are reset.
[2025-09-18 11:44:04] Parameters converged after 7 iterations (tol=1.00e-03)
[2025-09-18 11:44:04] [Final Inference] Running EM jobs for 1278 chunks (with 16 threads) ...
[2025-09-18 11:44:06] [Final Inference] EM jobs are all finished.
[2025-09-18 11:44:06] [Final Inference] Writing final parameter and benchmarking stats into tsv file.
[2025-09-18 11:44:06] Writing transition tsv...
[2025-09-18 11:44:06] Writing emission tsv ...
[2025-09-18 11:44:06] Initiating jobs for creating summary tables for categoryType = region, metricType = overlap_based, comparisonType = PREDICTION .
[2025-09-18 11:44:06] Initiating jobs for creating summary tables for categoryType = annotation, metricType = overlap_based, comparisonType = PREDICTION .
[2025-09-18 11:44:06] Initiating jobs for creating summary tables for categoryType = region, metricType = base_level, comparisonType = PREDICTION .
[2025-09-18 11:44:06] Initiating jobs for creating summary tables for categoryType = annotation, metricType = base_level, comparisonType = PREDICTION .
[2025-09-18 11:44:06] Writing summary tables is done for categoryType = region, metricType = overlap_based, comparisonType = PREDICTION .
[2025-09-18 11:44:06] Writing summary tables is done for categoryType = region, metricType = base_level, comparisonType = PREDICTION .
[2025-09-18 11:44:06] Writing summary tables is done for categoryType = annotation, metricType = overlap_based, comparisonType = PREDICTION .
[2025-09-18 11:44:06] Writing summary tables is done for categoryType = annotation, metricType = base_level, comparisonType = PREDICTION .
[2025-09-18 11:44:06] Writing tables to file /mnt/analysis_other/flagger/T2T04_1/prediction_summary_final.tsv is done.
[2025-09-18 11:44:06] Writing final BED file. 
[2025-09-18 11:44:06] Done! 
Real time:  122.399 sec; CPU: 1864.913 sec; Peak RSS: 0.319 GB; CPU usage: 1523.6%
