Loading PAF alignments from assembly/qc/phased_verkko/T2T00/both.mapped_T2T.paf
PAF alignment filtering stats:
  Total alignments: 47264
  Filtered (low MAPQ < 5): 25747
  Filtered (short length < 50000): 17294
  Passed filters: 4223
Found alignments for 221 query sequences
Using search window: 10000bp for unmappable positions
Using alignment window: 10000bp for distant regions
Strategy: Select single best alignment per region

Processing BED entry 1: haplotype1-0000001:23-28 (MISJOIN)
  FAIL: No overlapping alignments found for region 23-28 even with 10000bp window

Processing BED entry 2: haplotype1-0000001:2351383-2625855 (MISJOIN)
    Best alignment: processing overlap 2351383-2625855
      BED region: 2351383-2625855
      Alignment: 2348796-2761830 -> 2272472-2684171
      Alignment length: 413928, MAPQ: 60
    Exact mapping: 2351383 -> 2275298
    Exact mapping: 2625854 -> 2548350
      SUCCESS: 2351383-2625855 -> 2275298-2548351

Processing BED entry 3: haplotype1-0000001:12506083-12522678 (HET)
    Best alignment: processing overlap 12506083-12522678
      BED region: 12506083-12522678
      Alignment: 6546314-14081202 -> 6468972-13957970
      Alignment length: 7546754, MAPQ: 60
    Exact mapping: 12506083 -> 12426660
    Exact mapping: 12522677 -> 12443255
      SUCCESS: 12506083-12522678 -> 12426660-12443256

Processing BED entry 4: haplotype1-0000001:15779085-15781391 (HET)
    Best alignment: processing overlap 15779085-15781391
      BED region: 15779085-15781391
      Alignment: 14450836-16198795 -> 14327374-16081350
      Alignment length: 1758601, MAPQ: 60
    Exact mapping: 15779085 -> 15652200
    Exact mapping: 15781390 -> 15654504
      SUCCESS: 15779085-15781391 -> 15652200-15654505

Processing BED entry 5: haplotype1-0000001:16437510-16438922 (HET)
  FAIL: No overlapping alignments found for region 16437510-16438922 even with 10000bp window

Processing BED entry 6: haplotype1-0000001:16525861-16549849 (HET)
    Best alignment: processing overlap 16525861-16549849
      BED region: 16525861-16549849
      Alignment: 16462895-16634801 -> 16217969-16392011
      Alignment length: 174228, MAPQ: 60
    Exact mapping: 16525861 -> 16281019
    Exact mapping: 16549848 -> 16305019
      SUCCESS: 16525861-16549849 -> 16281019-16305020

Processing BED entry 7: haplotype1-0000001:16744244-16747805 (HET)
    Best alignment: processing overlap 16744244-16747805
      BED region: 16744244-16747805
      Alignment: 16694476-16775544 -> 16156757-16217153
      Alignment length: 81138, MAPQ: 60
    Exact mapping: 16744244 -> 16192202
    Exact mapping: 16747804 -> 16195754
      SUCCESS: 16744244-16747805 -> 16192202-16195755

Processing BED entry 8: haplotype1-0000001:21913881-21917040 (HET)
    Best alignment: processing overlap 21913881-21917040
      BED region: 21913881-21917040
      Alignment: 19311716-22298703 -> 18850930-21835333
      Alignment length: 2990585, MAPQ: 60
    Exact mapping: 21913881 -> 21450445
    Exact mapping: 21917039 -> 21453605
      SUCCESS: 21913881-21917040 -> 21450445-21453606

Processing BED entry 9: haplotype1-0000001:23115415-23161827 (HET)
    Best alignment: processing overlap 23115415-23161827
      BED region: 23115415-23161827
      Alignment: 22299405-24512195 -> 21836067-24049684
      Alignment length: 2215345, MAPQ: 60
    Exact mapping: 23115415 -> 22651973
    Exact mapping: 23161826 -> 22698393
      SUCCESS: 23115415-23161827 -> 22651973-22698394

Processing BED entry 10: haplotype1-0000001:32705330-32832040 (MISJOIN)
    Best alignment: processing overlap 32705330-32832040
      BED region: 32705330-32832040
      Alignment: 31673814-36559063 -> 31287724-36130575
      Alignment length: 4894545, MAPQ: 60
    Exact mapping: 32705330 -> 32320253
    Position 32832039 falls in insertion, searching for nearest mappable position
    Found mappable position 2781bp downstream of original: 32832039 -> 32834820 -> 32395616
      SUCCESS: 32705330-32832040 -> 32320253-32395617

SUMMARY:
Successfully lifted 1353 regions
  - Direct overlaps: 1220
  - Using alignment window: 133
Failed to lift 2019 regions
Success rate: 40.1%

Failure reasons:
    51x: No alignments found for chromosome 'haplotype2-0000109'
    43x: No alignments found for chromosome 'unassigned-0000642'
    36x: No alignments found for chromosome 'unassigned-0000336'
    32x: No alignments found for chromosome 'unassigned-0000159'
    30x: No alignments found for chromosome 'unassigned-0000301'
    30x: No alignments found for chromosome 'unassigned-0000496'
    27x: No alignments found for chromosome 'unassigned-0000256'
    24x: No alignments found for chromosome 'unassigned-0000670'
    21x: No alignments found for chromosome 'unassigned-0000339'
    21x: No alignments found for chromosome 'unassigned-0000512'
    20x: No alignments found for chromosome 'unassigned-0000731'
    19x: No alignments found for chromosome 'unassigned-0000521'
    18x: No alignments found for chromosome 'unassigned-0000422'
    17x: No alignments found for chromosome 'unassigned-0000195'
    16x: No alignments found for chromosome 'haplotype2-0000111'
    16x: No alignments found for chromosome 'unassigned-0000588'
    16x: No alignments found for chromosome 'unassigned-0000599'
    15x: No alignments found for chromosome 'haplotype2-0000090'
    15x: No alignments found for chromosome 'unassigned-0000275'
    15x: No alignments found for chromosome 'unassigned-0000417'
    14x: No alignments found for chromosome 'unassigned-0000304'
    13x: No alignments found for chromosome 'haplotype2-0000096'
    13x: No alignments found for chromosome 'unassigned-0000234'
    13x: No alignments found for chromosome 'unassigned-0000306'
    13x: No alignments found for chromosome 'unassigned-0000323'
    13x: No alignments found for chromosome 'unassigned-0000351'
    13x: No alignments found for chromosome 'unassigned-0000492'
    13x: No alignments found for chromosome 'unassigned-0000532'
    13x: No alignments found for chromosome 'unassigned-0000558'
    12x: No alignments found for chromosome 'unassigned-0000276'
    12x: No alignments found for chromosome 'unassigned-0000295'
    12x: No alignments found for chromosome 'unassigned-0000299'
    12x: No alignments found for chromosome 'unassigned-0000308'
    12x: No alignments found for chromosome 'unassigned-0000403'
    12x: No alignments found for chromosome 'unassigned-0000421'
    12x: No alignments found for chromosome 'unassigned-0000443'
    12x: No alignments found for chromosome 'unassigned-0000542'
    12x: No alignments found for chromosome 'unassigned-0000548'
    11x: No alignments found for chromosome 'unassigned-0000220'
    11x: No alignments found for chromosome 'unassigned-0000309'
    11x: No alignments found for chromosome 'unassigned-0000444'
    11x: No alignments found for chromosome 'unassigned-0000713'
    10x: No alignments found for chromosome 'unassigned-0000277'
    10x: No alignments found for chromosome 'unassigned-0000292'
    10x: No alignments found for chromosome 'unassigned-0000293'
    10x: No alignments found for chromosome 'unassigned-0000318'
    10x: No alignments found for chromosome 'unassigned-0000334'
    10x: No alignments found for chromosome 'unassigned-0000445'
    10x: No alignments found for chromosome 'unassigned-0000460'
    10x: No alignments found for chromosome 'unassigned-0000485'
    10x: No alignments found for chromosome 'unassigned-0000639'
     9x: No alignments found for chromosome 'haplotype2-0000091'
     9x: No alignments found for chromosome 'unassigned-0000170'
     9x: No alignments found for chromosome 'unassigned-0000240'
     9x: No alignments found for chromosome 'unassigned-0000290'
     9x: No alignments found for chromosome 'unassigned-0000436'
     9x: No alignments found for chromosome 'unassigned-0000456'
     9x: No alignments found for chromosome 'unassigned-0000500'
     9x: No alignments found for chromosome 'unassigned-0000668'
     8x: No alignments found for chromosome 'unassigned-0000181'
     8x: No alignments found for chromosome 'unassigned-0000434'
     8x: No alignments found for chromosome 'unassigned-0000439'
     8x: No alignments found for chromosome 'unassigned-0000505'
     8x: No alignments found for chromosome 'unassigned-0000537'
     8x: No alignments found for chromosome 'unassigned-0000546'
     8x: No alignments found for chromosome 'unassigned-0000616'
     8x: No alignments found for chromosome 'unassigned-0000630'
     8x: No alignments found for chromosome 'unassigned-0000658'
     8x: No alignments found for chromosome 'unassigned-0000740'
     7x: No alignments found for chromosome 'haplotype2-0000058'
     7x: No alignments found for chromosome 'unassigned-0000173'
     7x: No alignments found for chromosome 'unassigned-0000289'
     7x: No alignments found for chromosome 'unassigned-0000291'
     7x: No alignments found for chromosome 'unassigned-0000332'
     7x: No alignments found for chromosome 'unassigned-0000371'
     7x: No alignments found for chromosome 'unassigned-0000375'
     7x: No alignments found for chromosome 'unassigned-0000416'
     7x: No alignments found for chromosome 'unassigned-0000440'
     7x: No alignments found for chromosome 'unassigned-0000455'
     7x: No alignments found for chromosome 'unassigned-0000522'
     7x: No alignments found for chromosome 'unassigned-0000541'
     7x: No alignments found for chromosome 'unassigned-0000573'
     7x: No alignments found for chromosome 'unassigned-0000593'
     7x: No alignments found for chromosome 'unassigned-0000602'
     7x: No alignments found for chromosome 'unassigned-0000603'
     7x: No alignments found for chromosome 'unassigned-0000617'
     7x: No alignments found for chromosome 'unassigned-0000628'
     7x: No alignments found for chromosome 'unassigned-0000687'
     7x: No alignments found for chromosome 'unassigned-0000743'
     6x: No alignments found for chromosome 'haplotype1-0000036'
     6x: No alignments found for chromosome 'haplotype2-0000092'
     6x: No alignments found for chromosome 'haplotype2-0000097'
     6x: No alignments found for chromosome 'unassigned-0000140'
     6x: No alignments found for chromosome 'unassigned-0000162'
     6x: No alignments found for chromosome 'unassigned-0000215'
     6x: No alignments found for chromosome 'unassigned-0000264'
     6x: No alignments found for chromosome 'unassigned-0000272'
     6x: No alignments found for chromosome 'unassigned-0000278'
     6x: No alignments found for chromosome 'unassigned-0000406'
     6x: No alignments found for chromosome 'unassigned-0000425'
     6x: No alignments found for chromosome 'unassigned-0000461'
     6x: No alignments found for chromosome 'unassigned-0000506'
     6x: No alignments found for chromosome 'unassigned-0000583'
     6x: No alignments found for chromosome 'unassigned-0000595'
     6x: No alignments found for chromosome 'unassigned-0000601'
     6x: No alignments found for chromosome 'unassigned-0000622'
     6x: No alignments found for chromosome 'unassigned-0000667'
     6x: No alignments found for chromosome 'unassigned-0000676'
     6x: No alignments found for chromosome 'unassigned-0000710'
     5x: No alignments found for chromosome 'unassigned-0000163'
     5x: No alignments found for chromosome 'unassigned-0000169'
     5x: No alignments found for chromosome 'unassigned-0000172'
     5x: No alignments found for chromosome 'unassigned-0000194'
     5x: No alignments found for chromosome 'unassigned-0000230'
     5x: No alignments found for chromosome 'unassigned-0000350'
     5x: No alignments found for chromosome 'unassigned-0000359'
     5x: No alignments found for chromosome 'unassigned-0000362'
     5x: No alignments found for chromosome 'unassigned-0000518'
     5x: No alignments found for chromosome 'unassigned-0000544'
     5x: No alignments found for chromosome 'unassigned-0000561'
     5x: No alignments found for chromosome 'unassigned-0000566'
     5x: No alignments found for chromosome 'unassigned-0000643'
     5x: No alignments found for chromosome 'unassigned-0000646'
     4x: No alignments found for chromosome 'haplotype2-0000080'
     4x: No alignments found for chromosome 'haplotype2-0000088'
     4x: No alignments found for chromosome 'unassigned-0000144'
     4x: No alignments found for chromosome 'unassigned-0000156'
     4x: No alignments found for chromosome 'unassigned-0000157'
     4x: No alignments found for chromosome 'unassigned-0000158'
     4x: No alignments found for chromosome 'unassigned-0000226'
     4x: No alignments found for chromosome 'unassigned-0000228'
     4x: No alignments found for chromosome 'unassigned-0000245'
     4x: No alignments found for chromosome 'unassigned-0000321'
     4x: No alignments found for chromosome 'unassigned-0000353'
     4x: No alignments found for chromosome 'unassigned-0000471'
     4x: No alignments found for chromosome 'unassigned-0000509'
     4x: No alignments found for chromosome 'unassigned-0000641'
     4x: No alignments found for chromosome 'unassigned-0000648'
     4x: No alignments found for chromosome 'unassigned-0000653'
     4x: No alignments found for chromosome 'unassigned-0000655'
     3x: No alignments found for chromosome 'haplotype2-0000083'
     3x: No alignments found for chromosome 'haplotype2-0000084'
     3x: No alignments found for chromosome 'haplotype2-0000103'
     3x: No alignments found for chromosome 'haplotype2-0000104'
     3x: No alignments found for chromosome 'haplotype2-0000116'
     3x: No alignments found for chromosome 'unassigned-0000133'
     3x: No alignments found for chromosome 'unassigned-0000134'
     3x: No alignments found for chromosome 'unassigned-0000146'
     3x: No alignments found for chromosome 'unassigned-0000150'
     3x: No alignments found for chromosome 'unassigned-0000184'
     3x: No alignments found for chromosome 'unassigned-0000229'
     3x: No alignments found for chromosome 'unassigned-0000235'
     3x: No alignments found for chromosome 'unassigned-0000253'
     3x: No alignments found for chromosome 'unassigned-0000273'
     3x: No alignments found for chromosome 'unassigned-0000282'
     3x: No alignments found for chromosome 'unassigned-0000286'
     3x: No alignments found for chromosome 'unassigned-0000294'
     3x: No alignments found for chromosome 'unassigned-0000302'
     3x: No alignments found for chromosome 'unassigned-0000317'
     3x: No alignments found for chromosome 'unassigned-0000319'
     3x: No alignments found for chromosome 'unassigned-0000354'
     3x: No alignments found for chromosome 'unassigned-0000360'
     3x: No alignments found for chromosome 'unassigned-0000391'
     3x: No alignments found for chromosome 'unassigned-0000441'
     3x: No alignments found for chromosome 'unassigned-0000447'
     3x: No alignments found for chromosome 'unassigned-0000449'
     3x: No alignments found for chromosome 'unassigned-0000494'
     3x: No alignments found for chromosome 'unassigned-0000508'
     3x: No alignments found for chromosome 'unassigned-0000538'
     3x: No alignments found for chromosome 'unassigned-0000545'
     3x: No alignments found for chromosome 'unassigned-0000560'
     3x: No alignments found for chromosome 'unassigned-0000600'
     3x: No alignments found for chromosome 'unassigned-0000618'
     3x: No alignments found for chromosome 'unassigned-0000624'
     2x: No alignments found for chromosome 'haplotype1-0000041'
     2x: No alignments found for chromosome 'haplotype2-0000078'
     2x: No alignments found for chromosome 'haplotype2-0000098'
     2x: No alignments found for chromosome 'unassigned-0000124'
     2x: No alignments found for chromosome 'unassigned-0000147'
     2x: No alignments found for chromosome 'unassigned-0000151'
     2x: No alignments found for chromosome 'unassigned-0000174'
     2x: No alignments found for chromosome 'unassigned-0000186'
     2x: No alignments found for chromosome 'unassigned-0000213'
     2x: No alignments found for chromosome 'unassigned-0000249'
     2x: No alignments found for chromosome 'unassigned-0000305'
     2x: No alignments found for chromosome 'unassigned-0000335'
     2x: No alignments found for chromosome 'unassigned-0000352'
     2x: No alignments found for chromosome 'unassigned-0000374'
     2x: No alignments found for chromosome 'unassigned-0000411'
     2x: No alignments found for chromosome 'unassigned-0000433'
     2x: No alignments found for chromosome 'unassigned-0000469'
     2x: No alignments found for chromosome 'unassigned-0000481'
     2x: No alignments found for chromosome 'unassigned-0000497'
     2x: No alignments found for chromosome 'unassigned-0000502'
     2x: No alignments found for chromosome 'unassigned-0000536'
     2x: No alignments found for chromosome 'unassigned-0000562'
     2x: No alignments found for chromosome 'unassigned-0000587'
     2x: No alignments found for chromosome 'unassigned-0000620'
     2x: No alignments found for chromosome 'unassigned-0000654'
     2x: No alignments found for chromosome 'unassigned-0000661'
     2x: No alignments found for chromosome 'unassigned-0000680'
     1x: No overlapping alignments found for region 23-28 even with 10000bp window
     1x: No overlapping alignments found for region 16437510-16438922 even with 10000bp window
     1x: No overlapping alignments found for region 122764851-122765075 even with 10000bp window
     1x: No overlapping alignments found for region 122765075-122765625 even with 10000bp window
     1x: No overlapping alignments found for region 122765625-122765687 even with 10000bp window
     1x: No overlapping alignments found for region 124167189-124175936 even with 10000bp window
     1x: No overlapping alignments found for region 124175936-124188361 even with 10000bp window
     1x: No overlapping alignments found for region 124188361-124191068 even with 10000bp window
     1x: No overlapping alignments found for region 133369726-133580258 even with 10000bp window
     1x: No overlapping alignments found for region 134391897-134391898 even with 10000bp window
     1x: No overlapping alignments found for region 134391924-134391925 even with 10000bp window
     1x: No overlapping alignments found for region 134392031-134392035 even with 10000bp window
     1x: No overlapping alignments found for region 60879080-60892434 even with 10000bp window
     1x: No overlapping alignments found for region 61710614-61731563 even with 10000bp window
     1x: No overlapping alignments found for region 61942722-61966049 even with 10000bp window
     1x: No overlapping alignments found for region 61966049-61976948 even with 10000bp window
     1x: No overlapping alignments found for region 34077836-34082302 even with 10000bp window
     1x: Could not map start position 34212531 even with 10000bp search window
     1x: No overlapping alignments found for region 40499478-40504941 even with 10000bp window
     1x: No overlapping alignments found for region 40616196-40618146 even with 10000bp window
     1x: No overlapping alignments found for region 41015492-41021039 even with 10000bp window
     1x: No overlapping alignments found for region 41104915-41124404 even with 10000bp window
     1x: No overlapping alignments found for region 41134773-41159805 even with 10000bp window
     1x: No overlapping alignments found for region 41159805-41161494 even with 10000bp window
     1x: No overlapping alignments found for region 41161494-41196944 even with 10000bp window
     1x: No overlapping alignments found for region 41196944-41198474 even with 10000bp window
     1x: No overlapping alignments found for region 41198474-41218992 even with 10000bp window
     1x: No overlapping alignments found for region 41379875-41407446 even with 10000bp window
     1x: No overlapping alignments found for region 41422985-41439800 even with 10000bp window
     1x: No overlapping alignments found for region 93052626-93059357 even with 10000bp window
     1x: No overlapping alignments found for region 93598146-93615296 even with 10000bp window
     1x: No overlapping alignments found for region 0-157 even with 10000bp window
     1x: No overlapping alignments found for region 5133-5676 even with 10000bp window
     1x: Could not map end position 37733435 even with 10000bp search window
     1x: No overlapping alignments found for region 57725066-57800143 even with 10000bp window
     1x: No overlapping alignments found for region 57813923-57843391 even with 10000bp window
     1x: No overlapping alignments found for region 57843391-57848760 even with 10000bp window
     1x: No overlapping alignments found for region 57856346-57877294 even with 10000bp window
     1x: No overlapping alignments found for region 58207812-58220248 even with 10000bp window
     1x: No overlapping alignments found for region 58286846-58297919 even with 10000bp window
     1x: No overlapping alignments found for region 58694339-58706313 even with 10000bp window
     1x: No overlapping alignments found for region 58718574-58727705 even with 10000bp window
     1x: No overlapping alignments found for region 58740527-58756315 even with 10000bp window
     1x: No overlapping alignments found for region 58773732-58872019 even with 10000bp window
     1x: No overlapping alignments found for region 58900967-58913607 even with 10000bp window
     1x: No overlapping alignments found for region 58936283-58940621 even with 10000bp window
     1x: No overlapping alignments found for region 58979716-58986833 even with 10000bp window
     1x: No overlapping alignments found for region 59013350-59029377 even with 10000bp window
     1x: No overlapping alignments found for region 59526764-59530709 even with 10000bp window
     1x: No overlapping alignments found for region 151215561-151218673 even with 10000bp window
     1x: No overlapping alignments found for region 97968520-97981906 even with 10000bp window
     1x: No overlapping alignments found for region 98169141-98193185 even with 10000bp window
     1x: No overlapping alignments found for region 98228669-98251128 even with 10000bp window
     1x: No overlapping alignments found for region 98549913-98577507 even with 10000bp window
     1x: No overlapping alignments found for region 98587769-98604302 even with 10000bp window
     1x: No overlapping alignments found for region 98771234-98794165 even with 10000bp window
     1x: Could not map end position 89000676 even with 10000bp search window
     1x: Could not map start position 89011255 even with 10000bp search window
     1x: No overlapping alignments found for region 4307445-4319753 even with 10000bp window
     1x: No overlapping alignments found for region 4473455-4473456 even with 10000bp window
     1x: No overlapping alignments found for region 4473458-4473459 even with 10000bp window
     1x: No overlapping alignments found for region 4478637-4479257 even with 10000bp window
     1x: No overlapping alignments found for region 37760050-37769617 even with 10000bp window
     1x: No overlapping alignments found for region 37769617-37773304 even with 10000bp window
     1x: No overlapping alignments found for region 37773304-37774530 even with 10000bp window
     1x: No overlapping alignments found for region 43127409-43133119 even with 10000bp window
     1x: No overlapping alignments found for region 34630038-34653131 even with 10000bp window
     1x: No overlapping alignments found for region 44301781-44318978 even with 10000bp window
     1x: No overlapping alignments found for region 44350193-44401060 even with 10000bp window
     1x: No overlapping alignments found for region 44498564-44509087 even with 10000bp window
     1x: No overlapping alignments found for region 44572952-44577724 even with 10000bp window
     1x: No overlapping alignments found for region 44638723-44659566 even with 10000bp window
     1x: No overlapping alignments found for region 6485-50662 even with 10000bp window
     1x: No overlapping alignments found for region 50662-66236 even with 10000bp window
     1x: No overlapping alignments found for region 66236-93197 even with 10000bp window
     1x: No overlapping alignments found for region 93197-120713 even with 10000bp window
     1x: No overlapping alignments found for region 120713-136760 even with 10000bp window
     1x: No overlapping alignments found for region 136760-158177 even with 10000bp window
     1x: No overlapping alignments found for region 158177-167268 even with 10000bp window
     1x: No overlapping alignments found for region 167268-181672 even with 10000bp window
     1x: No overlapping alignments found for region 5141536-5256083 even with 10000bp window
     1x: No overlapping alignments found for region 5267583-5270978 even with 10000bp window
     1x: No overlapping alignments found for region 82682989-82730888 even with 10000bp window
     1x: No overlapping alignments found for region 83142149-83143595 even with 10000bp window
     1x: No overlapping alignments found for region 83143595-83149990 even with 10000bp window
     1x: No overlapping alignments found for region 83149990-83154644 even with 10000bp window
     1x: No overlapping alignments found for region 97267160-97288985 even with 10000bp window
     1x: No overlapping alignments found for region 98491119-98509457 even with 10000bp window
     1x: No overlapping alignments found for region 50081436-50086416 even with 10000bp window
     1x: No overlapping alignments found for region 191927890-191927917 even with 10000bp window
     1x: No overlapping alignments found for region 46853349-46871102 even with 10000bp window
     1x: No overlapping alignments found for region 46871102-46895058 even with 10000bp window
     1x: No overlapping alignments found for region 46938224-46943711 even with 10000bp window
     1x: No overlapping alignments found for region 50661437-50678166 even with 10000bp window
     1x: No overlapping alignments found for region 50783697-50793186 even with 10000bp window
     1x: No overlapping alignments found for region 55182626-55205406 even with 10000bp window
     1x: No overlapping alignments found for region 55205406-55250031 even with 10000bp window
     1x: No overlapping alignments found for region 55250031-55288681 even with 10000bp window
     1x: Could not map start position 131830630 even with 10000bp search window
     1x: No overlapping alignments found for region 82098667-82297641 even with 10000bp window
     1x: No overlapping alignments found for region 102129-106839 even with 10000bp window
     1x: No alignments found for chromosome 'haplotype1-0000034'
     1x: No alignments found for chromosome 'haplotype1-0000035'
     1x: No alignments found for chromosome 'haplotype1-0000037'
     1x: No alignments found for chromosome 'haplotype1-0000038'
     1x: No overlapping alignments found for region 256849-263580 even with 10000bp window
     1x: No overlapping alignments found for region 268815-268816 even with 10000bp window
     1x: No overlapping alignments found for region 270092-270093 even with 10000bp window
     1x: No overlapping alignments found for region 270652-270653 even with 10000bp window
     1x: No overlapping alignments found for region 271268-271269 even with 10000bp window
     1x: No overlapping alignments found for region 273092-273093 even with 10000bp window
     1x: No overlapping alignments found for region 273683-273684 even with 10000bp window
     1x: No overlapping alignments found for region 274411-274412 even with 10000bp window
     1x: No overlapping alignments found for region 274521-274522 even with 10000bp window
     1x: No overlapping alignments found for region 283569-283570 even with 10000bp window
     1x: No overlapping alignments found for region 283577-283578 even with 10000bp window
     1x: No overlapping alignments found for region 283586-283587 even with 10000bp window
     1x: No overlapping alignments found for region 284503-284504 even with 10000bp window
     1x: No overlapping alignments found for region 285431-285435 even with 10000bp window
     1x: No overlapping alignments found for region 312183-312185 even with 10000bp window
     1x: No overlapping alignments found for region 312191-312192 even with 10000bp window
     1x: No overlapping alignments found for region 312557-312561 even with 10000bp window
     1x: No overlapping alignments found for region 312940-313097 even with 10000bp window
     1x: No overlapping alignments found for region 313473-313476 even with 10000bp window
     1x: No overlapping alignments found for region 313479-313480 even with 10000bp window
     1x: No overlapping alignments found for region 314221-314225 even with 10000bp window
     1x: No overlapping alignments found for region 314831-314833 even with 10000bp window
     1x: No overlapping alignments found for region 315901-315940 even with 10000bp window
     1x: No overlapping alignments found for region 315947-315949 even with 10000bp window
     1x: No overlapping alignments found for region 316475-316479 even with 10000bp window
     1x: No overlapping alignments found for region 316499-357531 even with 10000bp window
     1x: No alignments found for chromosome 'haplotype1-0000044'
     1x: Could not map start position 126921617 even with 10000bp search window
     1x: No overlapping alignments found for region 62467960-62474434 even with 10000bp window
     1x: No overlapping alignments found for region 63353734-63371965 even with 10000bp window
     1x: Could not map end position 34894802 even with 10000bp search window
     1x: No overlapping alignments found for region 40507846-40552846 even with 10000bp window
     1x: No overlapping alignments found for region 41337883-41339796 even with 10000bp window
     1x: No overlapping alignments found for region 41339910-41358188 even with 10000bp window
     1x: No overlapping alignments found for region 41361186-41369622 even with 10000bp window
     1x: No overlapping alignments found for region 0-31 even with 10000bp window
     1x: No overlapping alignments found for region 3470-3506 even with 10000bp window
     1x: No overlapping alignments found for region 57552376-57556930 even with 10000bp window
     1x: No overlapping alignments found for region 57665138-57744473 even with 10000bp window
     1x: No overlapping alignments found for region 57759894-57794432 even with 10000bp window
     1x: No overlapping alignments found for region 57973939-58007451 even with 10000bp window
     1x: No overlapping alignments found for region 58047138-58065880 even with 10000bp window
     1x: No overlapping alignments found for region 58077005-58102476 even with 10000bp window
     1x: No overlapping alignments found for region 58119684-58144128 even with 10000bp window
     1x: No overlapping alignments found for region 58343204-58373229 even with 10000bp window
     1x: No overlapping alignments found for region 58375087-58385116 even with 10000bp window
     1x: No overlapping alignments found for region 58479736-58491815 even with 10000bp window
     1x: No overlapping alignments found for region 58520945-58555702 even with 10000bp window
     1x: No overlapping alignments found for region 58745244-58793327 even with 10000bp window
     1x: No overlapping alignments found for region 58822047-58843520 even with 10000bp window
     1x: No overlapping alignments found for region 149238160-149241555 even with 10000bp window
     1x: No overlapping alignments found for region 149637972-149686235 even with 10000bp window
     1x: No overlapping alignments found for region 97365956-97415311 even with 10000bp window
     1x: No overlapping alignments found for region 97501316-97514273 even with 10000bp window
     1x: No overlapping alignments found for region 97966459-97974635 even with 10000bp window
     1x: No overlapping alignments found for region 98207594-98226960 even with 10000bp window
     1x: No overlapping alignments found for region 98244756-98254353 even with 10000bp window
     1x: No overlapping alignments found for region 98328590-98362836 even with 10000bp window
     1x: No overlapping alignments found for region 98549921-98560378 even with 10000bp window
     1x: No overlapping alignments found for region 2743178-2758505 even with 10000bp window
     1x: Could not map start position 10245446 even with 10000bp search window
     1x: Could not map start position 12663956 even with 10000bp search window
     1x: Could not map end position 12779044 even with 10000bp search window
     1x: No overlapping alignments found for region 14213020-14220918 even with 10000bp window
     1x: No overlapping alignments found for region 1362229-1560332 even with 10000bp window
     1x: No overlapping alignments found for region 1740301-1823032 even with 10000bp window
     1x: Could not map start position 3581880 even with 10000bp search window
     1x: Could not map start position 48978534 even with 10000bp search window
     1x: Could not map start position 49022878 even with 10000bp search window
     1x: No overlapping alignments found for region 60644923-60652055 even with 10000bp window
     1x: No overlapping alignments found for region 36889018-37109224 even with 10000bp window
     1x: No overlapping alignments found for region 624912-627683 even with 10000bp window
     1x: No overlapping alignments found for region 1650267-1796646 even with 10000bp window
     1x: No overlapping alignments found for region 1857989-2023248 even with 10000bp window
     1x: No overlapping alignments found for region 3990692-4008158 even with 10000bp window
     1x: No overlapping alignments found for region 12438018-12445807 even with 10000bp window
     1x: No overlapping alignments found for region 12473604-12488046 even with 10000bp window
     1x: No overlapping alignments found for region 13955411-13957235 even with 10000bp window
     1x: No overlapping alignments found for region 44038586-44057245 even with 10000bp window
     1x: No overlapping alignments found for region 44375530-44388275 even with 10000bp window
     1x: No overlapping alignments found for region 44624185-44648692 even with 10000bp window
     1x: No overlapping alignments found for region 45145455-45156826 even with 10000bp window
     1x: No overlapping alignments found for region 45555076-45565267 even with 10000bp window
     1x: No overlapping alignments found for region 45581231-45603128 even with 10000bp window
     1x: No overlapping alignments found for region 133799639-133811271 even with 10000bp window
     1x: No overlapping alignments found for region 135810841-135853508 even with 10000bp window
     1x: No overlapping alignments found for region 111050501-111063714 even with 10000bp window
     1x: No overlapping alignments found for region 113430786-113503099 even with 10000bp window
     1x: No overlapping alignments found for region 113515639-113516869 even with 10000bp window
     1x: No overlapping alignments found for region 98060962-98319587 even with 10000bp window
     1x: No overlapping alignments found for region 98691419-98839333 even with 10000bp window
     1x: No overlapping alignments found for region 106059115-106185596 even with 10000bp window
     1x: No overlapping alignments found for region 97539046-97540603 even with 10000bp window
     1x: No overlapping alignments found for region 81347702-81352663 even with 10000bp window
     1x: No overlapping alignments found for region 83170347-83187141 even with 10000bp window
     1x: No overlapping alignments found for region 83807472-83810795 even with 10000bp window
     1x: No overlapping alignments found for region 85638864-85661350 even with 10000bp window
     1x: No overlapping alignments found for region 97752824-97785662 even with 10000bp window
     1x: No overlapping alignments found for region 97798784-97826104 even with 10000bp window
     1x: No overlapping alignments found for region 52913769-52921002 even with 10000bp window
     1x: No overlapping alignments found for region 57664389-57681444 even with 10000bp window
     1x: No overlapping alignments found for region 39955669-39974678 even with 10000bp window
     1x: No overlapping alignments found for region 39974678-39995992 even with 10000bp window
     1x: No overlapping alignments found for region 39997989-39999999 even with 10000bp window
     1x: No overlapping alignments found for region 41975560-42048183 even with 10000bp window
     1x: No overlapping alignments found for region 42283906-42285405 even with 10000bp window
     1x: No overlapping alignments found for region 75854930-75858563 even with 10000bp window
     1x: No overlapping alignments found for region 76219883-76220470 even with 10000bp window
     1x: Could not map start position 78329662 even with 10000bp search window
     1x: No alignments found for chromosome 'haplotype2-0000076'
     1x: No overlapping alignments found for region 133727-154085 even with 10000bp window
     1x: No alignments found for chromosome 'haplotype2-0000082'
     1x: No alignments found for chromosome 'haplotype2-0000085'
     1x: No alignments found for chromosome 'haplotype2-0000086'
     1x: No alignments found for chromosome 'haplotype2-0000087'
     1x: No alignments found for chromosome 'haplotype2-0000089'
     1x: No alignments found for chromosome 'haplotype2-0000094'
     1x: No alignments found for chromosome 'haplotype2-0000095'
     1x: No alignments found for chromosome 'haplotype2-0000100'
     1x: No alignments found for chromosome 'haplotype2-0000105'
     1x: No alignments found for chromosome 'haplotype2-0000106'
     1x: No alignments found for chromosome 'haplotype2-0000108'
     1x: No overlapping alignments found for region 184398-184451 even with 10000bp window
     1x: No alignments found for chromosome 'unassigned-0000122'
     1x: No overlapping alignments found for region 197867-197868 even with 10000bp window
     1x: No alignments found for chromosome 'unassigned-0000130'
     1x: No alignments found for chromosome 'unassigned-0000132'
     1x: No alignments found for chromosome 'unassigned-0000136'
     1x: No alignments found for chromosome 'unassigned-0000139'
     1x: No alignments found for chromosome 'unassigned-0000142'
     1x: No alignments found for chromosome 'unassigned-0000148'
     1x: No alignments found for chromosome 'unassigned-0000155'
     1x: No alignments found for chromosome 'unassigned-0000164'
     1x: No alignments found for chromosome 'unassigned-0000165'
     1x: No alignments found for chromosome 'unassigned-0000166'
     1x: No alignments found for chromosome 'unassigned-0000167'
     1x: No alignments found for chromosome 'unassigned-0000168'
     1x: No overlapping alignments found for region 100853-100855 even with 10000bp window
     1x: No overlapping alignments found for region 101414-101422 even with 10000bp window
     1x: No alignments found for chromosome 'unassigned-0000196'
     1x: No alignments found for chromosome 'unassigned-0000197'
     1x: No alignments found for chromosome 'unassigned-0000202'
     1x: No alignments found for chromosome 'unassigned-0000203'
     1x: No alignments found for chromosome 'unassigned-0000204'
     1x: No alignments found for chromosome 'unassigned-0000206'
     1x: No alignments found for chromosome 'unassigned-0000207'
     1x: No alignments found for chromosome 'unassigned-0000217'
     1x: No alignments found for chromosome 'unassigned-0000231'
     1x: No alignments found for chromosome 'unassigned-0000232'
     1x: No alignments found for chromosome 'unassigned-0000233'
     1x: No alignments found for chromosome 'unassigned-0000238'
     1x: No alignments found for chromosome 'unassigned-0000246'
     1x: No alignments found for chromosome 'unassigned-0000254'
     1x: No alignments found for chromosome 'unassigned-0000257'
     1x: No alignments found for chromosome 'unassigned-0000258'
     1x: No alignments found for chromosome 'unassigned-0000261'
     1x: No alignments found for chromosome 'unassigned-0000267'
     1x: No alignments found for chromosome 'unassigned-0000268'
     1x: No alignments found for chromosome 'unassigned-0000271'
     1x: No overlapping alignments found for region 7742-7743 even with 10000bp window
     1x: No overlapping alignments found for region 10798-10806 even with 10000bp window
     1x: No alignments found for chromosome 'unassigned-0000283'
     1x: No alignments found for chromosome 'unassigned-0000284'
     1x: No alignments found for chromosome 'unassigned-0000285'
     1x: No alignments found for chromosome 'unassigned-0000287'
     1x: No alignments found for chromosome 'unassigned-0000297'
     1x: No alignments found for chromosome 'unassigned-0000298'
     1x: No alignments found for chromosome 'unassigned-0000303'
     1x: No overlapping alignments found for region 171-194 even with 10000bp window
     1x: No overlapping alignments found for region 71073-155337 even with 10000bp window
     1x: No overlapping alignments found for region 159851-176334 even with 10000bp window
     1x: No overlapping alignments found for region 187302-188580 even with 10000bp window
     1x: No overlapping alignments found for region 188615-188622 even with 10000bp window
     1x: No overlapping alignments found for region 188641-188642 even with 10000bp window
     1x: No overlapping alignments found for region 188664-188666 even with 10000bp window
     1x: No overlapping alignments found for region 188669-188670 even with 10000bp window
     1x: No overlapping alignments found for region 188906-188907 even with 10000bp window
     1x: No overlapping alignments found for region 189054-189055 even with 10000bp window
     1x: No overlapping alignments found for region 189072-189073 even with 10000bp window
     1x: No overlapping alignments found for region 189378-189379 even with 10000bp window
     1x: No overlapping alignments found for region 189380-189381 even with 10000bp window
     1x: No overlapping alignments found for region 189835-189837 even with 10000bp window
     1x: No overlapping alignments found for region 189905-189906 even with 10000bp window
     1x: No overlapping alignments found for region 189918-189919 even with 10000bp window
     1x: No overlapping alignments found for region 189944-189945 even with 10000bp window
     1x: No overlapping alignments found for region 189981-189982 even with 10000bp window
     1x: No overlapping alignments found for region 189987-189988 even with 10000bp window
     1x: No alignments found for chromosome 'unassigned-0000310'
     1x: No overlapping alignments found for region 67772-94142 even with 10000bp window
     1x: No overlapping alignments found for region 79127-79128 even with 10000bp window
     1x: No overlapping alignments found for region 79958-79959 even with 10000bp window
     1x: No overlapping alignments found for region 105871-105872 even with 10000bp window
     1x: No overlapping alignments found for region 109301-109302 even with 10000bp window
     1x: No overlapping alignments found for region 109306-109307 even with 10000bp window
     1x: No overlapping alignments found for region 109351-109352 even with 10000bp window
     1x: No overlapping alignments found for region 109399-109400 even with 10000bp window
     1x: No overlapping alignments found for region 109401-109402 even with 10000bp window
     1x: No overlapping alignments found for region 110633-110634 even with 10000bp window
     1x: No overlapping alignments found for region 110722-110723 even with 10000bp window
     1x: No overlapping alignments found for region 110727-110728 even with 10000bp window
     1x: No overlapping alignments found for region 110733-110734 even with 10000bp window
     1x: No overlapping alignments found for region 110761-110762 even with 10000bp window
     1x: No overlapping alignments found for region 110784-110785 even with 10000bp window
     1x: No overlapping alignments found for region 110805-110806 even with 10000bp window
     1x: No overlapping alignments found for region 110819-110821 even with 10000bp window
     1x: No overlapping alignments found for region 110837-110838 even with 10000bp window
     1x: No overlapping alignments found for region 110892-110906 even with 10000bp window
     1x: No overlapping alignments found for region 111075-111076 even with 10000bp window
     1x: No overlapping alignments found for region 114770-114771 even with 10000bp window
     1x: No overlapping alignments found for region 122105-122219 even with 10000bp window
     1x: No overlapping alignments found for region 122275-137956 even with 10000bp window
     1x: No overlapping alignments found for region 122297-122298 even with 10000bp window
     1x: No overlapping alignments found for region 122654-122655 even with 10000bp window
     1x: No overlapping alignments found for region 122710-122730 even with 10000bp window
     1x: No overlapping alignments found for region 122884-122887 even with 10000bp window
     1x: No overlapping alignments found for region 122929-122930 even with 10000bp window
     1x: No overlapping alignments found for region 196273-208625 even with 10000bp window
     1x: No overlapping alignments found for region 67821-67822 even with 10000bp window
     1x: No overlapping alignments found for region 76219-76222 even with 10000bp window
     1x: No overlapping alignments found for region 76872-76874 even with 10000bp window
     1x: No overlapping alignments found for region 78651-78654 even with 10000bp window
     1x: No overlapping alignments found for region 78668-78669 even with 10000bp window
     1x: No overlapping alignments found for region 82660-82661 even with 10000bp window
     1x: No overlapping alignments found for region 98309-98310 even with 10000bp window
     1x: No overlapping alignments found for region 99958-99959 even with 10000bp window
     1x: No overlapping alignments found for region 103669-103670 even with 10000bp window
     1x: No overlapping alignments found for region 107433-107434 even with 10000bp window
     1x: No overlapping alignments found for region 113004-113005 even with 10000bp window
     1x: No overlapping alignments found for region 113140-113144 even with 10000bp window
     1x: No overlapping alignments found for region 114030-114037 even with 10000bp window
     1x: No overlapping alignments found for region 114491-122926 even with 10000bp window
     1x: No overlapping alignments found for region 126186-195403 even with 10000bp window
     1x: No overlapping alignments found for region 200973-225733 even with 10000bp window
     1x: No overlapping alignments found for region 220578-220580 even with 10000bp window
     1x: No overlapping alignments found for region 231826-231827 even with 10000bp window
     1x: No overlapping alignments found for region 237289-237290 even with 10000bp window
     1x: No overlapping alignments found for region 244363-244366 even with 10000bp window
     1x: No overlapping alignments found for region 245278-247872 even with 10000bp window
     1x: No alignments found for chromosome 'unassigned-0000320'
     1x: No alignments found for chromosome 'unassigned-0000326'
     1x: No alignments found for chromosome 'unassigned-0000327'
     1x: No overlapping alignments found for region 0-5485 even with 10000bp window
     1x: No overlapping alignments found for region 11036-11037 even with 10000bp window
     1x: No overlapping alignments found for region 12538-12541 even with 10000bp window
     1x: No alignments found for chromosome 'unassigned-0000329'
     1x: No alignments found for chromosome 'unassigned-0000333'
     1x: No alignments found for chromosome 'unassigned-0000347'
     1x: No alignments found for chromosome 'unassigned-0000348'
     1x: No alignments found for chromosome 'unassigned-0000349'
     1x: No alignments found for chromosome 'unassigned-0000355'
     1x: No overlapping alignments found for region 11769-22161 even with 10000bp window
     1x: No alignments found for chromosome 'unassigned-0000361'
     1x: No alignments found for chromosome 'unassigned-0000363'
     1x: No alignments found for chromosome 'unassigned-0000364'
     1x: No alignments found for chromosome 'unassigned-0000372'
     1x: No alignments found for chromosome 'unassigned-0000376'
     1x: No alignments found for chromosome 'unassigned-0000378'
     1x: No alignments found for chromosome 'unassigned-0000379'
     1x: No alignments found for chromosome 'unassigned-0000382'
     1x: No alignments found for chromosome 'unassigned-0000384'
     1x: No alignments found for chromosome 'unassigned-0000389'
     1x: No alignments found for chromosome 'unassigned-0000401'
     1x: No alignments found for chromosome 'unassigned-0000404'
     1x: No alignments found for chromosome 'unassigned-0000405'
     1x: No alignments found for chromosome 'unassigned-0000409'
     1x: No alignments found for chromosome 'unassigned-0000410'
     1x: No alignments found for chromosome 'unassigned-0000412'
     1x: No alignments found for chromosome 'unassigned-0000413'
     1x: No alignments found for chromosome 'unassigned-0000414'
     1x: No alignments found for chromosome 'unassigned-0000419'
     1x: No alignments found for chromosome 'unassigned-0000423'
     1x: No alignments found for chromosome 'unassigned-0000424'
     1x: No alignments found for chromosome 'unassigned-0000426'
     1x: No alignments found for chromosome 'unassigned-0000427'
     1x: No alignments found for chromosome 'unassigned-0000428'
     1x: No alignments found for chromosome 'unassigned-0000429'
     1x: No alignments found for chromosome 'unassigned-0000431'
     1x: No alignments found for chromosome 'unassigned-0000435'
     1x: No alignments found for chromosome 'unassigned-0000437'
     1x: No alignments found for chromosome 'unassigned-0000442'
     1x: No overlapping alignments found for region 147825-147830 even with 10000bp window
     1x: No overlapping alignments found for region 150757-150816 even with 10000bp window
     1x: No overlapping alignments found for region 156271-156272 even with 10000bp window
     1x: No overlapping alignments found for region 156304-156305 even with 10000bp window
     1x: No overlapping alignments found for region 156319-156320 even with 10000bp window
     1x: No overlapping alignments found for region 156330-156331 even with 10000bp window
     1x: No overlapping alignments found for region 156346-156348 even with 10000bp window
     1x: No overlapping alignments found for region 156429-156432 even with 10000bp window
     1x: No alignments found for chromosome 'unassigned-0000450'
     1x: No alignments found for chromosome 'unassigned-0000451'
     1x: No alignments found for chromosome 'unassigned-0000452'
     1x: No alignments found for chromosome 'unassigned-0000462'
     1x: No alignments found for chromosome 'unassigned-0000463'
     1x: No alignments found for chromosome 'unassigned-0000474'
     1x: No alignments found for chromosome 'unassigned-0000480'
     1x: No alignments found for chromosome 'unassigned-0000484'
     1x: No alignments found for chromosome 'unassigned-0000493'
     1x: No alignments found for chromosome 'unassigned-0000495'
     1x: No alignments found for chromosome 'unassigned-0000501'
     1x: No overlapping alignments found for region 104796-109062 even with 10000bp window
     1x: No alignments found for chromosome 'unassigned-0000504'
     1x: No alignments found for chromosome 'unassigned-0000507'
     1x: No overlapping alignments found for region 120672-120703 even with 10000bp window
     1x: No alignments found for chromosome 'unassigned-0000526'
     1x: No alignments found for chromosome 'unassigned-0000528'
     1x: No alignments found for chromosome 'unassigned-0000531'
     1x: No alignments found for chromosome 'unassigned-0000535'
     1x: No alignments found for chromosome 'unassigned-0000540'
     1x: No alignments found for chromosome 'unassigned-0000549'
     1x: No alignments found for chromosome 'unassigned-0000550'
     1x: No alignments found for chromosome 'unassigned-0000553'
     1x: No alignments found for chromosome 'unassigned-0000554'
     1x: No alignments found for chromosome 'unassigned-0000565'
     1x: No alignments found for chromosome 'unassigned-0000567'
     1x: No alignments found for chromosome 'unassigned-0000569'
     1x: No alignments found for chromosome 'unassigned-0000574'
     1x: No alignments found for chromosome 'unassigned-0000575'
     1x: No alignments found for chromosome 'unassigned-0000578'
     1x: No alignments found for chromosome 'unassigned-0000579'
     1x: No alignments found for chromosome 'unassigned-0000580'
     1x: No alignments found for chromosome 'unassigned-0000582'
     1x: No alignments found for chromosome 'unassigned-0000584'
     1x: No alignments found for chromosome 'unassigned-0000585'
     1x: No alignments found for chromosome 'unassigned-0000586'
     1x: No alignments found for chromosome 'unassigned-0000589'
     1x: No alignments found for chromosome 'unassigned-0000594'
     1x: No alignments found for chromosome 'unassigned-0000606'
     1x: No alignments found for chromosome 'unassigned-0000610'
     1x: No alignments found for chromosome 'unassigned-0000611'
     1x: No alignments found for chromosome 'unassigned-0000615'
     1x: No alignments found for chromosome 'unassigned-0000619'
     1x: No alignments found for chromosome 'unassigned-0000623'
     1x: No alignments found for chromosome 'unassigned-0000627'
     1x: No alignments found for chromosome 'unassigned-0000631'
     1x: No overlapping alignments found for region 2312-2313 even with 10000bp window
     1x: No overlapping alignments found for region 5414-5415 even with 10000bp window
     1x: No overlapping alignments found for region 5626-5627 even with 10000bp window
     1x: No overlapping alignments found for region 7444-15120 even with 10000bp window
     1x: No alignments found for chromosome 'unassigned-0000638'
     1x: No alignments found for chromosome 'unassigned-0000640'
     1x: No alignments found for chromosome 'unassigned-0000644'
     1x: No alignments found for chromosome 'unassigned-0000650'
     1x: No alignments found for chromosome 'unassigned-0000651'
     1x: No alignments found for chromosome 'unassigned-0000656'
     1x: No alignments found for chromosome 'unassigned-0000660'
     1x: No alignments found for chromosome 'unassigned-0000665'
     1x: No alignments found for chromosome 'unassigned-0000671'
     1x: No alignments found for chromosome 'unassigned-0000672'
     1x: No alignments found for chromosome 'unassigned-0000684'
     1x: No alignments found for chromosome 'unassigned-0000686'
     1x: No alignments found for chromosome 'unassigned-0000696'
     1x: No alignments found for chromosome 'unassigned-0000697'
     1x: No alignments found for chromosome 'unassigned-0000706'
     1x: No alignments found for chromosome 'unassigned-0000708'
     1x: No alignments found for chromosome 'unassigned-0000709'
     1x: No alignments found for chromosome 'unassigned-0000714'
     1x: No alignments found for chromosome 'unassigned-0000716'
     1x: No alignments found for chromosome 'unassigned-0000718'
     1x: No alignments found for chromosome 'unassigned-0000719'
     1x: No alignments found for chromosome 'unassigned-0000722'
     1x: No alignments found for chromosome 'unassigned-0000723'
     1x: No alignments found for chromosome 'unassigned-0000729'
     1x: No alignments found for chromosome 'unassigned-0000733'
     1x: No overlapping alignments found for region 79084-110416 even with 10000bp window
     1x: No overlapping alignments found for region 88345-88400 even with 10000bp window
     1x: No alignments found for chromosome 'unassigned-0000739'
Original regions: 3372
Lifted regions: 1353
Unmapped regions: 4038
Success rate: 25.00%
