[2026-02-20 17:41:41.810] [info] Running: "basecaller" "data/dorado_models/dna_r10.4.1_e8.2_400bps_sup@v5.2.0" "data/raw/batch_jan_2026/25006LRa273_T2T27_PoreC_06397" "--models-directory" "data/dorado_models" "--modified-bases-models" "data/dorado_models/dna_r10.4.1_e8.2_400bps_sup@v5.2.0_5mCG_5hmCG@v1" "--recursive" "--trim" "all" "--output-dir" "data/basecalled/sup/25006LRa273_T2T27_PoreC_06397"
[2026-02-20 17:41:44.848] [info] > Creating basecall pipeline
[2026-02-20 17:42:15.342] [info] Using CUDA devices:
[2026-02-20 17:42:15.342] [info] cuda:0 - NVIDIA RTX PRO 6000 Blackwell Server Edition
[2026-02-20 17:42:15.342] [info] cuda:1 - NVIDIA RTX PRO 6000 Blackwell Server Edition
[2026-02-20 17:42:15.342] [info] cuda:2 - NVIDIA RTX PRO 6000 Blackwell Server Edition
[2026-02-20 17:42:15.342] [info] cuda:3 - NVIDIA RTX PRO 6000 Blackwell Server Edition
[2026-02-20 17:42:25.071] [info] Calculating optimized batch size for GPU "NVIDIA RTX PRO 6000 Blackwell Server Edition" and model dna_r10.4.1_e8.2_400bps_sup@v5.2.0. Full benchmarking will run for this device, which may take some time.
[2026-02-20 17:42:25.079] [info] Calculating optimized batch size for GPU "NVIDIA RTX PRO 6000 Blackwell Server Edition" and model dna_r10.4.1_e8.2_400bps_sup@v5.2.0. Full benchmarking will run for this device, which may take some time.
[2026-02-20 17:42:25.080] [info] Calculating optimized batch size for GPU "NVIDIA RTX PRO 6000 Blackwell Server Edition" and model dna_r10.4.1_e8.2_400bps_sup@v5.2.0. Full benchmarking will run for this device, which may take some time.
[2026-02-20 17:42:25.083] [info] Calculating optimized batch size for GPU "NVIDIA RTX PRO 6000 Blackwell Server Edition" and model dna_r10.4.1_e8.2_400bps_sup@v5.2.0. Full benchmarking will run for this device, which may take some time.
[2026-02-20 17:42:28.383] [info] cuda:0 using chunk size 12288, batch size 896
[2026-02-20 17:42:28.383] [info] cuda:2 using chunk size 12288, batch size 416
[2026-02-20 17:42:28.383] [info] cuda:1 using chunk size 12288, batch size 832
[2026-02-20 17:42:28.385] [info] cuda:3 using chunk size 12288, batch size 832
[2026-02-20 17:42:28.580] [info] cuda:2 using chunk size 6144, batch size 416
[2026-02-20 17:42:28.771] [info] cuda:1 using chunk size 6144, batch size 832
[2026-02-20 17:42:28.773] [info] cuda:3 using chunk size 6144, batch size 832
[2026-02-20 17:42:28.806] [info] cuda:0 using chunk size 6144, batch size 896
[2026-02-20 22:33:23.493] [info] > Finished in (ms): 17453530
[2026-02-20 22:33:23.527] [info] > Simplex reads basecalled: 26643289
[2026-02-20 22:33:23.527] [info] > Simplex reads filtered: 1819
[2026-02-20 22:33:23.539] [info] > Basecalled @ Samples/s: 7.809754e+07
[2026-02-20 22:33:23.746] [info] > Finished
