Processing sample: T2T19
  Motif file: assembly/qc/phased_verkko/T2T19/T2T_contigs.both_motif_T2T.txt
  Alignment file: assembly/qc/phased_verkko/T2T19/T2T_contigs.both_alignment_T2T.txt
  Gap file: assembly/qc/phased_verkko/T2T19/gap_stats.both.n_regions.bed
  Motif contigs: 37
  Alignment contigs: 36
  Gap file contigs: 10
  Common contigs (motif + alignment): 36
  Contigs only in motif file: 1
  Contigs only in gap file: 3

Total collected records: 36

Summary:
  Total contigs: 36
  Samples: 1
  Chromosomes: ['chr1', 'chr10', 'chr11', 'chr12', 'chr16', 'chr17', 'chr18', 'chr19', 'chr2', 'chr20', 'chr3', 'chr4', 'chr5', 'chr6', 'chr7', 'chr8', 'chr9', 'chrX', 'chrY']

Gap Statistics:
  Total gaps across all contigs: 12
  Contigs with gaps: 7
  Complete contigs (no gaps): 29
  Completion rate: 80.6%

Per-sample statistics:
  T2T19: 36 contigs, 12 gaps, 875,072 bp gaps
