Processing sample: T2T18
  Motif file: assembly/qc/phased_verkko/T2T18/T2T_contigs.both_motif_T2T.txt
  Alignment file: assembly/qc/phased_verkko/T2T18/T2T_contigs.both_alignment_T2T.txt
  Gap file: assembly/qc/phased_verkko/T2T18/gap_stats.both.n_regions.bed
  Motif contigs: 43
  Alignment contigs: 42
  Gap file contigs: 14
  Common contigs (motif + alignment): 42
  Contigs only in motif file: 1

Total collected records: 42

Summary:
  Total contigs: 42
  Samples: 1
  Chromosomes: ['chr1', 'chr10', 'chr11', 'chr12', 'chr14', 'chr15', 'chr16', 'chr17', 'chr18', 'chr19', 'chr2', 'chr20', 'chr21', 'chr22', 'chr3', 'chr4', 'chr5', 'chr6', 'chr7', 'chr8', 'chr9', 'chrX', 'chrY']

Gap Statistics:
  Total gaps across all contigs: 17
  Contigs with gaps: 14
  Complete contigs (no gaps): 28
  Completion rate: 66.7%

Per-sample statistics:
  T2T18: 42 contigs, 17 gaps, 999,810 bp gaps
