Processing sample: TUE_02_01UL
  Motif file: assembly/qc/phased_verkko/TUE_02_01UL/T2T_contigs.both_motif_T2T.txt
  Alignment file: assembly/qc/phased_verkko/TUE_02_01UL/T2T_contigs.both_alignment_T2T.txt
  Gap file: assembly/qc/phased_verkko/TUE_02_01UL/gap_stats.both.n_regions.bed
  Motif contigs: 4
  Alignment contigs: 4
  Gap file contigs: 144
  Common contigs (motif + alignment): 4
  Contigs only in gap file: 140

Total collected records: 4

Summary:
  Total contigs: 4
  Samples: 1
  Chromosomes: ['chr12', 'chr2', 'chr3', 'chr7']

Gap Statistics:
  Total gaps across all contigs: 50
  Contigs with gaps: 4
  Complete contigs (no gaps): 0
  Completion rate: 0.0%

Per-sample statistics:
  TUE_02_01UL: 4 contigs, 50 gaps, 1,470,779 bp gaps
