Processing sample: TUE_02_06UL
  Motif file: assembly/qc/phased_verkko/TUE_02_06UL/T2T_contigs.both_motif_T2T.txt
  Alignment file: assembly/qc/phased_verkko/TUE_02_06UL/T2T_contigs.both_alignment_T2T.txt
  Gap file: assembly/qc/phased_verkko/TUE_02_06UL/gap_stats.both.n_regions.bed
  Motif contigs: 41
  Alignment contigs: 38
  Gap file contigs: 14
  Common contigs (motif + alignment): 38
  Contigs only in motif file: 3
  Contigs only in gap file: 6

Total collected records: 38

Summary:
  Total contigs: 38
  Samples: 1
  Chromosomes: ['chr1', 'chr10', 'chr11', 'chr12', 'chr14', 'chr16', 'chr17', 'chr18', 'chr19', 'chr2', 'chr20', 'chr22', 'chr3', 'chr4', 'chr5', 'chr6', 'chr7', 'chr8', 'chr9', 'chrX', 'chrY']

Gap Statistics:
  Total gaps across all contigs: 17
  Contigs with gaps: 8
  Complete contigs (no gaps): 30
  Completion rate: 78.9%

Per-sample statistics:
  TUE_02_06UL: 38 contigs, 17 gaps, 532,058 bp gaps
