Processing sample: T2T15
  Motif file: assembly/qc/phased_verkko/T2T15/T2T_contigs.both_motif_T2T.txt
  Alignment file: assembly/qc/phased_verkko/T2T15/T2T_contigs.both_alignment_T2T.txt
  Gap file: assembly/qc/phased_verkko/T2T15/gap_stats.both.n_regions.bed
  Motif contigs: 39
  Alignment contigs: 36
  Gap file contigs: 18
  Common contigs (motif + alignment): 36
  Contigs only in motif file: 3
  Contigs only in gap file: 4

Total collected records: 36

Summary:
  Total contigs: 36
  Samples: 1
  Chromosomes: ['chr1', 'chr10', 'chr11', 'chr12', 'chr16', 'chr17', 'chr18', 'chr19', 'chr2', 'chr20', 'chr3', 'chr4', 'chr5', 'chr6', 'chr7', 'chr8', 'chr9', 'chrX']

Gap Statistics:
  Total gaps across all contigs: 21
  Contigs with gaps: 14
  Complete contigs (no gaps): 22
  Completion rate: 61.1%

Per-sample statistics:
  T2T15: 36 contigs, 21 gaps, 731,644 bp gaps
