Processing sample: TUE_02_03UL_01DX
  Motif file: assembly/qc/phased_verkko/TUE_02_03UL_01DX/T2T_contigs.haplotype2_motif_T2T.txt
  Alignment file: assembly/qc/phased_verkko/TUE_02_03UL_01DX/T2T_contigs.haplotype2_alignment_T2T.txt
  Gap file: assembly/qc/phased_verkko/TUE_02_03UL_01DX/gap_stats.haplotype2.n_regions.bed
  Motif contigs: 18
  Alignment contigs: 18
  Gap file contigs: 19
  Common contigs (motif + alignment): 18
  Contigs only in gap file: 5

Total collected records: 18

Summary:
  Total contigs: 18
  Samples: 1
  Chromosomes: ['chr10', 'chr11', 'chr14', 'chr16', 'chr17', 'chr18', 'chr19', 'chr2', 'chr20', 'chr22', 'chr3', 'chr4', 'chr5', 'chr6', 'chr7', 'chr8', 'chr9', 'chrX']

Gap Statistics:
  Total gaps across all contigs: 27
  Contigs with gaps: 14
  Complete contigs (no gaps): 4
  Completion rate: 22.2%

Per-sample statistics:
  TUE_02_03UL_01DX: 18 contigs, 27 gaps, 633,234 bp gaps
