Processing sample: TUE_02_03UL_01DX
  Motif file: assembly/qc/phased_verkko/TUE_02_03UL_01DX/T2T_contigs.both_motif_T2T.txt
  Alignment file: assembly/qc/phased_verkko/TUE_02_03UL_01DX/T2T_contigs.both_alignment_T2T.txt
  Gap file: assembly/qc/phased_verkko/TUE_02_03UL_01DX/gap_stats.both.n_regions.bed
  Motif contigs: 38
  Alignment contigs: 38
  Gap file contigs: 35
  Common contigs (motif + alignment): 38
  Contigs only in gap file: 9

Total collected records: 38

Summary:
  Total contigs: 38
  Samples: 1
  Chromosomes: ['chr1', 'chr10', 'chr11', 'chr12', 'chr13', 'chr14', 'chr16', 'chr17', 'chr18', 'chr19', 'chr2', 'chr20', 'chr22', 'chr3', 'chr4', 'chr5', 'chr6', 'chr7', 'chr8', 'chr9', 'chrX', 'chrY']

Gap Statistics:
  Total gaps across all contigs: 54
  Contigs with gaps: 26
  Complete contigs (no gaps): 12
  Completion rate: 31.6%

Per-sample statistics:
  TUE_02_03UL_01DX: 38 contigs, 54 gaps, 1,092,116 bp gaps
