Loading PAF alignments from assembly/qc/phased_verkko/T2T10/both.mapped_T2T.paf
PAF alignment filtering stats:
  Total alignments: 48601
  Filtered (low MAPQ < 5): 28697
  Filtered (short length < 50000): 14976
  Passed filters: 4928
Found alignments for 986 query sequences
Using search window: 10000bp for unmappable positions
Using alignment window: 10000bp for distant regions
Strategy: Select single best alignment per region

Processing BED entry 2: haplotype1-0000001:0-1004000 (Hap)
    Best alignment: processing overlap 82570-698944
      BED region: 0-1004000
      Alignment: 82570-698944 -> 95685535-96307990
      Alignment length: 624021, MAPQ: 60
    Exact mapping: 82570 -> 95685607
    Exact mapping: 698943 -> 96307818
      SUCCESS: 82570-698944 -> 95685607-96307819

Processing BED entry 3: haplotype1-0000001:1004000-1080000 (Dup)
    Best alignment: processing overlap 1004000-1080000
      BED region: 1004000-1080000
      Alignment: 719753-1485341 -> 94895708-95667130
      Alignment length: 777019, MAPQ: 60
    Exact mapping: 1004000 -> 95185629
    Exact mapping: 1079999 -> 95261894
      SUCCESS: 1004000-1080000 -> 95185629-95261895

Processing BED entry 4: haplotype1-0000001:1080000-6476000 (Hap)
    Best alignment: processing overlap 4920855-6476000
      BED region: 1080000-6476000
      Alignment: 4920855-8547981 -> 87841927-91470919
      Alignment length: 3632121, MAPQ: 60
    Exact mapping: 4920855 -> 87842662
    Exact mapping: 6475999 -> 89395153
      SUCCESS: 4920855-6476000 -> 87842662-89395154

Processing BED entry 5: haplotype1-0000001:6476000-6572000 (Col)
    Best alignment: processing overlap 6476000-6572000
      BED region: 6476000-6572000
      Alignment: 4920855-8547981 -> 87841927-91470919
      Alignment length: 3632121, MAPQ: 60
    Exact mapping: 6476000 -> 89395152
    Exact mapping: 6571999 -> 89494582
      SUCCESS: 6476000-6572000 -> 89395152-89494583

Processing BED entry 6: haplotype1-0000001:6572000-9496000 (Hap)
    Best alignment: processing overlap 6572000-8547981
      BED region: 6572000-9496000
      Alignment: 4920855-8547981 -> 87841927-91470919
      Alignment length: 3632121, MAPQ: 60
    Exact mapping: 6572000 -> 89494581
    Exact mapping: 8547980 -> 91470708
      SUCCESS: 6572000-8547981 -> 89494581-91470709

Processing BED entry 7: haplotype1-0000001:9496000-9568000 (Col)
    Best alignment: processing overlap 9496000-9568000
      BED region: 9496000-9568000
      Alignment: 9361852-15115800 -> 81269524-87027008
      Alignment length: 5762553, MAPQ: 60
    Exact mapping: 9496000 -> 81411441
    Exact mapping: 9567999 -> 81473584
      SUCCESS: 9496000-9568000 -> 81411441-81473585

Processing BED entry 8: haplotype1-0000001:9568000-9720000 (Hap)
    Best alignment: processing overlap 9568000-9720000
      BED region: 9568000-9720000
      Alignment: 9361852-15115800 -> 81269524-87027008
      Alignment length: 5762553, MAPQ: 60
    Exact mapping: 9568000 -> 81473583
    Exact mapping: 9719999 -> 81609339
      SUCCESS: 9568000-9720000 -> 81473583-81609340

Processing BED entry 9: haplotype1-0000001:9720000-9740000 (Col)
    Best alignment: processing overlap 9720000-9740000
      BED region: 9720000-9740000
      Alignment: 9361852-15115800 -> 81269524-87027008
      Alignment length: 5762553, MAPQ: 60
    Exact mapping: 9720000 -> 81609338
    Exact mapping: 9739999 -> 81648661
      SUCCESS: 9720000-9740000 -> 81609338-81648662

Processing BED entry 10: haplotype1-0000001:9740000-9940000 (Hap)
    Best alignment: processing overlap 9740000-9940000
      BED region: 9740000-9940000
      Alignment: 9361852-15115800 -> 81269524-87027008
      Alignment length: 5762553, MAPQ: 60
    Exact mapping: 9740000 -> 81648660
    Exact mapping: 9939999 -> 81856254
      SUCCESS: 9740000-9940000 -> 81648660-81856255

SUMMARY:
Successfully lifted 8435 regions
  - Direct overlaps: 8360
  - Using alignment window: 75
Failed to lift 1776 regions
Success rate: 82.6%

Failure reasons:
    19x: No alignments found for chromosome 'unassigned-0000925'
     8x: No alignments found for chromosome 'haplotype2-0000259'
     7x: No alignments found for chromosome 'unassigned-0000341'
     7x: No alignments found for chromosome 'unassigned-0000519'
     7x: No alignments found for chromosome 'unassigned-0000627'
     6x: No overlapping alignments found for region 0-4000 even with 10000bp window
     6x: No alignments found for chromosome 'haplotype1-0000077'
     6x: No alignments found for chromosome 'haplotype2-0000200'
     6x: No alignments found for chromosome 'unassigned-0001026'
     5x: No alignments found for chromosome 'haplotype1-0000058'
     5x: No overlapping alignments found for region 0-12000 even with 10000bp window
     5x: No alignments found for chromosome 'haplotype2-0000298'
     5x: No alignments found for chromosome 'haplotype2-0000312'
     5x: No alignments found for chromosome 'unassigned-0000452'
     5x: No alignments found for chromosome 'unassigned-0000470'
     5x: No alignments found for chromosome 'unassigned-0000508'
     5x: No alignments found for chromosome 'unassigned-0000537'
     5x: No alignments found for chromosome 'unassigned-0000538'
     5x: No alignments found for chromosome 'unassigned-0000584'
     5x: No alignments found for chromosome 'unassigned-0000731'
     5x: No alignments found for chromosome 'unassigned-0000771'
     5x: No alignments found for chromosome 'unassigned-0000808'
     5x: No alignments found for chromosome 'unassigned-0000866'
     5x: No alignments found for chromosome 'unassigned-0000921'
     5x: No alignments found for chromosome 'unassigned-0001295'
     5x: No alignments found for chromosome 'unassigned-0001298'
     5x: No alignments found for chromosome 'unassigned-0001359'
     5x: No alignments found for chromosome 'unassigned-0001374'
     5x: No alignments found for chromosome 'unassigned-0001871'
     5x: No alignments found for chromosome 'unassigned-0002073'
     5x: No alignments found for chromosome 'unassigned-0002183'
     5x: No alignments found for chromosome 'unassigned-0002251'
     5x: No alignments found for chromosome 'unassigned-0002353'
     5x: No alignments found for chromosome 'unassigned-0002411'
     5x: No alignments found for chromosome 'unassigned-0002412'
     4x: No alignments found for chromosome 'haplotype1-0000061'
     4x: No overlapping alignments found for region 0-48000 even with 10000bp window
     4x: No alignments found for chromosome 'haplotype1-0000090'
     4x: No alignments found for chromosome 'haplotype2-0000224'
     4x: No alignments found for chromosome 'haplotype2-0000236'
     4x: No alignments found for chromosome 'unassigned-0000517'
     4x: No alignments found for chromosome 'unassigned-0000524'
     4x: No alignments found for chromosome 'unassigned-0000566'
     4x: No alignments found for chromosome 'unassigned-0000681'
     4x: No alignments found for chromosome 'unassigned-0000682'
     4x: No alignments found for chromosome 'unassigned-0000785'
     4x: No alignments found for chromosome 'unassigned-0000805'
     4x: No alignments found for chromosome 'unassigned-0000810'
     4x: No alignments found for chromosome 'unassigned-0000834'
     4x: No alignments found for chromosome 'unassigned-0000835'
     4x: No alignments found for chromosome 'unassigned-0000906'
     4x: No alignments found for chromosome 'unassigned-0000945'
     4x: No alignments found for chromosome 'unassigned-0001528'
     4x: No alignments found for chromosome 'unassigned-0001626'
     4x: No alignments found for chromosome 'unassigned-0002170'
     4x: No alignments found for chromosome 'unassigned-0002312'
     3x: No overlapping alignments found for region 0-32000 even with 10000bp window
     3x: No alignments found for chromosome 'haplotype1-0000089'
     3x: No alignments found for chromosome 'haplotype1-0000134'
     3x: No alignments found for chromosome 'haplotype2-0000175'
     3x: No overlapping alignments found for region 0-28000 even with 10000bp window
     3x: No alignments found for chromosome 'haplotype2-0000206'
     3x: No alignments found for chromosome 'haplotype2-0000207'
     3x: No alignments found for chromosome 'haplotype2-0000218'
     3x: No alignments found for chromosome 'haplotype2-0000230'
     3x: No alignments found for chromosome 'haplotype2-0000233'
     3x: No alignments found for chromosome 'haplotype2-0000250'
     3x: No alignments found for chromosome 'haplotype2-0000261'
     3x: No alignments found for chromosome 'haplotype2-0000274'
     3x: No alignments found for chromosome 'haplotype2-0000278'
     3x: No alignments found for chromosome 'haplotype2-0000281'
     3x: No alignments found for chromosome 'haplotype2-0000287'
     3x: No alignments found for chromosome 'haplotype2-0000291'
     3x: No alignments found for chromosome 'haplotype2-0000299'
     3x: No alignments found for chromosome 'haplotype2-0000302'
     3x: No alignments found for chromosome 'haplotype2-0000311'
     3x: No alignments found for chromosome 'haplotype2-0000324'
     3x: No alignments found for chromosome 'haplotype2-0000332'
     3x: No alignments found for chromosome 'haplotype2-0000333'
     3x: No alignments found for chromosome 'unassigned-0000471'
     3x: No alignments found for chromosome 'unassigned-0000506'
     3x: No alignments found for chromosome 'unassigned-0000511'
     3x: No alignments found for chromosome 'unassigned-0000518'
     3x: No alignments found for chromosome 'unassigned-0000520'
     3x: No alignments found for chromosome 'unassigned-0000540'
     3x: No alignments found for chromosome 'unassigned-0000544'
     3x: No alignments found for chromosome 'unassigned-0000548'
     3x: No alignments found for chromosome 'unassigned-0000552'
     3x: No alignments found for chromosome 'unassigned-0000562'
     3x: No alignments found for chromosome 'unassigned-0000565'
     3x: No alignments found for chromosome 'unassigned-0000570'
     3x: No alignments found for chromosome 'unassigned-0000585'
     3x: No alignments found for chromosome 'unassigned-0000598'
     3x: No alignments found for chromosome 'unassigned-0000601'
     3x: No alignments found for chromosome 'unassigned-0000628'
     3x: No alignments found for chromosome 'unassigned-0000629'
     3x: No alignments found for chromosome 'unassigned-0000630'
     3x: No alignments found for chromosome 'unassigned-0000631'
     3x: No alignments found for chromosome 'unassigned-0000647'
     3x: No alignments found for chromosome 'unassigned-0000673'
     3x: No alignments found for chromosome 'unassigned-0000674'
     3x: No alignments found for chromosome 'unassigned-0000678'
     3x: No alignments found for chromosome 'unassigned-0000729'
     3x: No alignments found for chromosome 'unassigned-0000734'
     3x: No alignments found for chromosome 'unassigned-0000762'
     3x: No alignments found for chromosome 'unassigned-0000787'
     3x: No alignments found for chromosome 'unassigned-0000804'
     3x: No alignments found for chromosome 'unassigned-0000806'
     3x: No alignments found for chromosome 'unassigned-0000811'
     3x: No alignments found for chromosome 'unassigned-0000876'
     3x: No alignments found for chromosome 'unassigned-0000877'
     3x: No alignments found for chromosome 'unassigned-0000879'
     3x: No alignments found for chromosome 'unassigned-0000880'
     3x: No alignments found for chromosome 'unassigned-0000915'
     3x: No alignments found for chromosome 'unassigned-0000964'
     3x: No alignments found for chromosome 'unassigned-0000980'
     3x: No alignments found for chromosome 'unassigned-0000991'
     3x: No alignments found for chromosome 'unassigned-0001296'
     3x: No alignments found for chromosome 'unassigned-0001299'
     3x: No alignments found for chromosome 'unassigned-0001345'
     3x: No alignments found for chromosome 'unassigned-0001352'
     3x: No alignments found for chromosome 'unassigned-0001353'
     3x: No alignments found for chromosome 'unassigned-0001358'
     3x: No alignments found for chromosome 'unassigned-0001384'
     3x: No alignments found for chromosome 'unassigned-0001413'
     3x: No alignments found for chromosome 'unassigned-0001416'
     3x: No alignments found for chromosome 'unassigned-0001418'
     3x: No alignments found for chromosome 'unassigned-0001465'
     3x: No alignments found for chromosome 'unassigned-0001516'
     3x: No alignments found for chromosome 'unassigned-0001529'
     3x: No alignments found for chromosome 'unassigned-0001561'
     3x: No alignments found for chromosome 'unassigned-0001562'
     3x: No alignments found for chromosome 'unassigned-0001603'
     3x: No alignments found for chromosome 'unassigned-0001663'
     3x: No alignments found for chromosome 'unassigned-0001670'
     3x: No alignments found for chromosome 'unassigned-0001672'
     3x: No alignments found for chromosome 'unassigned-0001700'
     3x: No alignments found for chromosome 'unassigned-0001717'
     3x: No alignments found for chromosome 'unassigned-0001718'
     3x: No alignments found for chromosome 'unassigned-0001731'
     3x: No alignments found for chromosome 'unassigned-0001735'
     3x: No alignments found for chromosome 'unassigned-0001790'
     3x: No alignments found for chromosome 'unassigned-0001793'
     3x: No alignments found for chromosome 'unassigned-0001836'
     3x: No alignments found for chromosome 'unassigned-0001872'
     3x: No alignments found for chromosome 'unassigned-0001874'
     3x: No alignments found for chromosome 'unassigned-0001875'
     3x: No alignments found for chromosome 'unassigned-0001905'
     3x: No alignments found for chromosome 'unassigned-0001907'
     3x: No alignments found for chromosome 'unassigned-0001908'
     3x: No alignments found for chromosome 'unassigned-0001915'
     3x: No alignments found for chromosome 'unassigned-0001916'
     3x: No alignments found for chromosome 'unassigned-0001927'
     3x: No alignments found for chromosome 'unassigned-0001946'
     3x: No alignments found for chromosome 'unassigned-0001979'
     3x: No alignments found for chromosome 'unassigned-0002030'
     3x: No alignments found for chromosome 'unassigned-0002072'
     3x: No alignments found for chromosome 'unassigned-0002092'
     3x: No alignments found for chromosome 'unassigned-0002128'
     3x: No alignments found for chromosome 'unassigned-0002156'
     3x: No alignments found for chromosome 'unassigned-0002184'
     3x: No alignments found for chromosome 'unassigned-0002205'
     3x: No alignments found for chromosome 'unassigned-0002287'
     3x: No alignments found for chromosome 'unassigned-0002294'
     3x: No alignments found for chromosome 'unassigned-0002313'
     3x: No alignments found for chromosome 'unassigned-0002318'
     3x: No alignments found for chromosome 'unassigned-0002334'
     3x: No alignments found for chromosome 'unassigned-0002400'
     2x: No overlapping alignments found for region 0-24000 even with 10000bp window
     2x: No alignments found for chromosome 'haplotype1-0000069'
     2x: No overlapping alignments found for region 0-8000 even with 10000bp window
     2x: No overlapping alignments found for region 0-16000 even with 10000bp window
     2x: No alignments found for chromosome 'haplotype2-0000242'
     2x: No alignments found for chromosome 'haplotype2-0000249'
     2x: No alignments found for chromosome 'haplotype2-0000252'
     2x: No alignments found for chromosome 'haplotype2-0000280'
     2x: No alignments found for chromosome 'unassigned-0000499'
     2x: No alignments found for chromosome 'unassigned-0000522'
     2x: No alignments found for chromosome 'unassigned-0000527'
     2x: No alignments found for chromosome 'unassigned-0000875'
     2x: No alignments found for chromosome 'unassigned-0001360'
     2x: No alignments found for chromosome 'unassigned-0001643'
     2x: No alignments found for chromosome 'unassigned-0001914'
     2x: No alignments found for chromosome 'unassigned-0002114'
     2x: No alignments found for chromosome 'unassigned-0002158'
     2x: No alignments found for chromosome 'unassigned-0002302'
     1x: No overlapping alignments found for region 44900000-44960000 even with 10000bp window
     1x: No overlapping alignments found for region 97608000-97764000 even with 10000bp window
     1x: No overlapping alignments found for region 97764000-97880000 even with 10000bp window
     1x: No overlapping alignments found for region 97880000-97900000 even with 10000bp window
     1x: No overlapping alignments found for region 97900000-97964000 even with 10000bp window
     1x: No overlapping alignments found for region 97964000-98100000 even with 10000bp window
     1x: No overlapping alignments found for region 98100000-98164000 even with 10000bp window
     1x: No overlapping alignments found for region 98164000-98176000 even with 10000bp window
     1x: No overlapping alignments found for region 440000-524000 even with 10000bp window
     1x: No overlapping alignments found for region 93744000-93776000 even with 10000bp window
     1x: No overlapping alignments found for region 133908000-133922744 even with 10000bp window
     1x: No overlapping alignments found for region 13284000-13304000 even with 10000bp window
     1x: Could not map end position 23967999 even with 10000bp search window
     1x: Could not map start position 127664000 even with 10000bp search window
     1x: No overlapping alignments found for region 32584000-32724000 even with 10000bp window
     1x: No overlapping alignments found for region 92076000-92204000 even with 10000bp window
     1x: No overlapping alignments found for region 92204000-92244000 even with 10000bp window
     1x: No overlapping alignments found for region 92904000-92916000 even with 10000bp window
     1x: No overlapping alignments found for region 92916000-92992000 even with 10000bp window
     1x: No overlapping alignments found for region 92992000-93064000 even with 10000bp window
     1x: No overlapping alignments found for region 93064000-93132000 even with 10000bp window
     1x: No overlapping alignments found for region 93132000-93220000 even with 10000bp window
     1x: No overlapping alignments found for region 93220000-93240000 even with 10000bp window
     1x: No overlapping alignments found for region 93240000-93440000 even with 10000bp window
     1x: No overlapping alignments found for region 93440000-93580000 even with 10000bp window
     1x: No overlapping alignments found for region 93580000-93744000 even with 10000bp window
     1x: No overlapping alignments found for region 93744000-93996000 even with 10000bp window
     1x: No overlapping alignments found for region 93996000-94116000 even with 10000bp window
     1x: No overlapping alignments found for region 94116000-94268000 even with 10000bp window
     1x: No overlapping alignments found for region 94268000-94320000 even with 10000bp window
     1x: No overlapping alignments found for region 94320000-94384000 even with 10000bp window
     1x: No overlapping alignments found for region 94384000-94492000 even with 10000bp window
     1x: No overlapping alignments found for region 94492000-94588000 even with 10000bp window
     1x: No overlapping alignments found for region 94588000-94668000 even with 10000bp window
     1x: No overlapping alignments found for region 94668000-94756000 even with 10000bp window
     1x: No overlapping alignments found for region 94756000-94816000 even with 10000bp window
     1x: No overlapping alignments found for region 94816000-94900000 even with 10000bp window
     1x: No overlapping alignments found for region 94900000-95348000 even with 10000bp window
     1x: No overlapping alignments found for region 95348000-95436000 even with 10000bp window
     1x: No overlapping alignments found for region 95436000-95528000 even with 10000bp window
     1x: No overlapping alignments found for region 95528000-95584000 even with 10000bp window
     1x: No overlapping alignments found for region 95584000-95620000 even with 10000bp window
     1x: No overlapping alignments found for region 95620000-95800000 even with 10000bp window
     1x: No overlapping alignments found for region 95800000-95928000 even with 10000bp window
     1x: No overlapping alignments found for region 95928000-96172000 even with 10000bp window
     1x: No overlapping alignments found for region 96172000-96208000 even with 10000bp window
     1x: No overlapping alignments found for region 32000-68000 even with 10000bp window
     1x: No overlapping alignments found for region 864000-900298 even with 10000bp window
     1x: Could not map end position 4191999 even with 10000bp search window
     1x: Could not map start position 4192000 even with 10000bp search window
     1x: No overlapping alignments found for region 5172000-5188000 even with 10000bp window
     1x: Could not map end position 1791999 even with 10000bp search window
     1x: Could not map start position 1792000 even with 10000bp search window
     1x: No overlapping alignments found for region 2020000-2060000 even with 10000bp window
     1x: No overlapping alignments found for region 2060000-2104000 even with 10000bp window
     1x: No overlapping alignments found for region 51844000-51908000 even with 10000bp window
     1x: No overlapping alignments found for region 45864000-45996000 even with 10000bp window
     1x: No overlapping alignments found for region 47192000-47268000 even with 10000bp window
     1x: No overlapping alignments found for region 47268000-47404000 even with 10000bp window
     1x: No overlapping alignments found for region 1376000-1404004 even with 10000bp window
     1x: Could not map end position 21387999 even with 10000bp search window
     1x: Could not map start position 21388000 even with 10000bp search window
     1x: No overlapping alignments found for region 122056000-122072000 even with 10000bp window
     1x: No overlapping alignments found for region 127616000-127644000 even with 10000bp window
     1x: No overlapping alignments found for region 127644000-127648000 even with 10000bp window
     1x: No overlapping alignments found for region 127648000-127668000 even with 10000bp window
     1x: No overlapping alignments found for region 131492000-131532000 even with 10000bp window
     1x: No overlapping alignments found for region 131532000-131584000 even with 10000bp window
     1x: No overlapping alignments found for region 131584000-131612000 even with 10000bp window
     1x: No overlapping alignments found for region 131612000-133524000 even with 10000bp window
     1x: No overlapping alignments found for region 133524000-133564000 even with 10000bp window
     1x: Could not map end position 190615999 even with 10000bp search window
     1x: Could not map start position 190616000 even with 10000bp search window
     1x: No overlapping alignments found for region 60276000-60340000 even with 10000bp window
     1x: No overlapping alignments found for region 60340000-60432000 even with 10000bp window
     1x: No overlapping alignments found for region 52800000-52892000 even with 10000bp window
     1x: No overlapping alignments found for region 52892000-53328000 even with 10000bp window
     1x: No overlapping alignments found for region 53328000-53348000 even with 10000bp window
     1x: No overlapping alignments found for region 53348000-53388000 even with 10000bp window
     1x: No overlapping alignments found for region 53388000-53432000 even with 10000bp window
     1x: No overlapping alignments found for region 53432000-53596000 even with 10000bp window
     1x: No overlapping alignments found for region 53596000-53704000 even with 10000bp window
     1x: No overlapping alignments found for region 53704000-53872000 even with 10000bp window
     1x: No overlapping alignments found for region 53872000-53972000 even with 10000bp window
     1x: No overlapping alignments found for region 86728000-86748000 even with 10000bp window
     1x: Could not map end position 96231999 even with 10000bp search window
     1x: Could not map start position 96232000 even with 10000bp search window
     1x: No overlapping alignments found for region 572000-724000 even with 10000bp window
     1x: No overlapping alignments found for region 724000-864000 even with 10000bp window
     1x: No overlapping alignments found for region 864000-948000 even with 10000bp window
     1x: No overlapping alignments found for region 948000-984000 even with 10000bp window
     1x: No overlapping alignments found for region 984000-1296000 even with 10000bp window
     1x: No overlapping alignments found for region 1296000-1360000 even with 10000bp window
     1x: No overlapping alignments found for region 896000-908000 even with 10000bp window
     1x: No overlapping alignments found for region 908000-1004000 even with 10000bp window
     1x: No overlapping alignments found for region 1004000-1092000 even with 10000bp window
     1x: No overlapping alignments found for region 1092000-1112411 even with 10000bp window
     1x: No overlapping alignments found for region 101028000-101212000 even with 10000bp window
     1x: No overlapping alignments found for region 780000-1068000 even with 10000bp window
     1x: Could not map end position 1215999 even with 10000bp search window
     1x: Could not map start position 1216000 even with 10000bp search window
     1x: No alignments found for chromosome 'haplotype1-0000055'
     1x: No alignments found for chromosome 'haplotype1-0000059'
     1x: No overlapping alignments found for region 528000-549821 even with 10000bp window
     1x: No overlapping alignments found for region 504000-522891 even with 10000bp window
     1x: No alignments found for chromosome 'haplotype1-0000068'
     1x: No overlapping alignments found for region 516000-530177 even with 10000bp window
     1x: No overlapping alignments found for region 388000-427677 even with 10000bp window
     1x: No alignments found for chromosome 'haplotype1-0000080'
     1x: No overlapping alignments found for region 0-52000 even with 10000bp window
     1x: No overlapping alignments found for region 52000-56000 even with 10000bp window
     1x: No alignments found for chromosome 'haplotype1-0000087'
     1x: No alignments found for chromosome 'haplotype1-0000091'
     1x: No alignments found for chromosome 'haplotype1-0000092'
     1x: No alignments found for chromosome 'haplotype1-0000099'
     1x: No alignments found for chromosome 'haplotype1-0000100'
     1x: No alignments found for chromosome 'haplotype1-0000101'
     1x: No alignments found for chromosome 'haplotype1-0000102'
     1x: No alignments found for chromosome 'haplotype1-0000103'
     1x: No overlapping alignments found for region 48000-100000 even with 10000bp window
     1x: No alignments found for chromosome 'haplotype1-0000108'
     1x: No alignments found for chromosome 'haplotype1-0000112'
     1x: No alignments found for chromosome 'haplotype1-0000116'
     1x: No alignments found for chromosome 'haplotype1-0000119'
     1x: No alignments found for chromosome 'haplotype1-0000121'
     1x: No alignments found for chromosome 'haplotype1-0000122'
     1x: No alignments found for chromosome 'haplotype1-0000135'
     1x: No alignments found for chromosome 'haplotype1-0000142'
     1x: No alignments found for chromosome 'haplotype1-0000143'
     1x: No overlapping alignments found for region 0-68000 even with 10000bp window
     1x: No alignments found for chromosome 'haplotype1-0000147'
     1x: No alignments found for chromosome 'haplotype1-0000148'
     1x: No overlapping alignments found for region 24000-32000 even with 10000bp window
     1x: No overlapping alignments found for region 32000-40000 even with 10000bp window
     1x: No overlapping alignments found for region 37780000-37820000 even with 10000bp window
     1x: No overlapping alignments found for region 55508000-55516000 even with 10000bp window
     1x: No overlapping alignments found for region 97132000-97168000 even with 10000bp window
     1x: No overlapping alignments found for region 97568000-97580000 even with 10000bp window
     1x: No overlapping alignments found for region 98060000-98136000 even with 10000bp window
     1x: No overlapping alignments found for region 98136000-98228000 even with 10000bp window
     1x: No overlapping alignments found for region 98228000-98396000 even with 10000bp window
     1x: No overlapping alignments found for region 98396000-98548000 even with 10000bp window
     1x: No overlapping alignments found for region 98548000-98828000 even with 10000bp window
     1x: Could not map end position 53423999 even with 10000bp search window
     1x: Could not map start position 53424000 even with 10000bp search window
     1x: Could not map start position 53508000 even with 10000bp search window
     1x: No overlapping alignments found for region 98532000-98648000 even with 10000bp window
     1x: No overlapping alignments found for region 92928000-92976000 even with 10000bp window
     1x: No overlapping alignments found for region 92976000-93712000 even with 10000bp window
     1x: No overlapping alignments found for region 93712000-93732000 even with 10000bp window
     1x: No overlapping alignments found for region 154932000-154932243 even with 10000bp window
     1x: No overlapping alignments found for region 928000-940511 even with 10000bp window
     1x: No overlapping alignments found for region 43896000-43928000 even with 10000bp window
     1x: No overlapping alignments found for region 1236000-1828000 even with 10000bp window
     1x: No overlapping alignments found for region 82336000-82384000 even with 10000bp window
     1x: No overlapping alignments found for region 83016000-83068000 even with 10000bp window
     1x: No overlapping alignments found for region 83068000-83072000 even with 10000bp window
     1x: No overlapping alignments found for region 83072000-83236000 even with 10000bp window
     1x: No overlapping alignments found for region 1336000-1360000 even with 10000bp window
     1x: No overlapping alignments found for region 1360000-1444000 even with 10000bp window
     1x: No overlapping alignments found for region 1444000-1636000 even with 10000bp window
     1x: No overlapping alignments found for region 1636000-1744000 even with 10000bp window
     1x: No overlapping alignments found for region 1744000-1936000 even with 10000bp window
     1x: No overlapping alignments found for region 1936000-2032000 even with 10000bp window
     1x: No overlapping alignments found for region 2032000-2116000 even with 10000bp window
     1x: No overlapping alignments found for region 2116000-2140000 even with 10000bp window
     1x: No overlapping alignments found for region 2140000-2764000 even with 10000bp window
     1x: No overlapping alignments found for region 2764000-2832000 even with 10000bp window
     1x: No overlapping alignments found for region 2832000-3060000 even with 10000bp window
     1x: No overlapping alignments found for region 3060000-3132000 even with 10000bp window
     1x: No overlapping alignments found for region 3132000-3252000 even with 10000bp window
     1x: No overlapping alignments found for region 3252000-3288459 even with 10000bp window
     1x: No overlapping alignments found for region 92084000-92100000 even with 10000bp window
     1x: No overlapping alignments found for region 93552000-93708000 even with 10000bp window
     1x: No overlapping alignments found for region 93708000-94232000 even with 10000bp window
     1x: No overlapping alignments found for region 94232000-94276000 even with 10000bp window
     1x: No overlapping alignments found for region 94276000-94428000 even with 10000bp window
     1x: No overlapping alignments found for region 94428000-94468000 even with 10000bp window
     1x: No overlapping alignments found for region 94468000-94652000 even with 10000bp window
     1x: No overlapping alignments found for region 94652000-94736000 even with 10000bp window
     1x: No overlapping alignments found for region 94736000-94784000 even with 10000bp window
     1x: No overlapping alignments found for region 94784000-94976000 even with 10000bp window
     1x: No overlapping alignments found for region 94976000-95148000 even with 10000bp window
     1x: No overlapping alignments found for region 95148000-95272000 even with 10000bp window
     1x: No overlapping alignments found for region 95272000-95620000 even with 10000bp window
     1x: No overlapping alignments found for region 95620000-95680000 even with 10000bp window
     1x: No overlapping alignments found for region 95680000-95844000 even with 10000bp window
     1x: No overlapping alignments found for region 95844000-95884000 even with 10000bp window
     1x: No overlapping alignments found for region 95884000-96004000 even with 10000bp window
     1x: No overlapping alignments found for region 96004000-96076000 even with 10000bp window
     1x: No overlapping alignments found for region 98004000-98192000 even with 10000bp window
     1x: No overlapping alignments found for region 98472000-98484000 even with 10000bp window
     1x: No overlapping alignments found for region 160324000-160325126 even with 10000bp window
     1x: No overlapping alignments found for region 16292000-16300000 even with 10000bp window
     1x: Could not map start position 34596000 even with 10000bp search window
     1x: Could not map end position 6503999 even with 10000bp search window
     1x: Could not map start position 6504000 even with 10000bp search window
     1x: No overlapping alignments found for region 48164000-48172000 even with 10000bp window
     1x: No overlapping alignments found for region 48172000-48204000 even with 10000bp window
     1x: No overlapping alignments found for region 6612000-6772000 even with 10000bp window
     1x: Could not map end position 3867999 even with 10000bp search window
     1x: Could not map start position 3868000 even with 10000bp search window
     1x: No overlapping alignments found for region 49820000-49848000 even with 10000bp window
     1x: No overlapping alignments found for region 51636000-51980000 even with 10000bp window
     1x: Could not map end position 128311999 even with 10000bp search window
     1x: Could not map start position 128312000 even with 10000bp search window
     1x: No overlapping alignments found for region 95956000-95960000 even with 10000bp window
     1x: No overlapping alignments found for region 97228000-97324000 even with 10000bp window
     1x: No overlapping alignments found for region 97324000-97356000 even with 10000bp window
     1x: No overlapping alignments found for region 97356000-97420000 even with 10000bp window
     1x: No overlapping alignments found for region 97420000-97472000 even with 10000bp window
     1x: No overlapping alignments found for region 97472000-97660000 even with 10000bp window
     1x: No overlapping alignments found for region 97660000-97740000 even with 10000bp window
     1x: No overlapping alignments found for region 97740000-97820000 even with 10000bp window
     1x: No overlapping alignments found for region 97820000-97868000 even with 10000bp window
     1x: No overlapping alignments found for region 97868000-97904000 even with 10000bp window
     1x: No overlapping alignments found for region 97904000-98020000 even with 10000bp window
     1x: No overlapping alignments found for region 98020000-98468000 even with 10000bp window
     1x: No overlapping alignments found for region 98468000-98592000 even with 10000bp window
     1x: No overlapping alignments found for region 98592000-98732000 even with 10000bp window
     1x: No overlapping alignments found for region 98732000-98780000 even with 10000bp window
     1x: No overlapping alignments found for region 98780000-98900000 even with 10000bp window
     1x: No overlapping alignments found for region 9640000-9696000 even with 10000bp window
     1x: Could not map end position 20915999 even with 10000bp search window
     1x: Could not map start position 20916000 even with 10000bp search window
     1x: No overlapping alignments found for region 9252000-9272000 even with 10000bp window
     1x: No overlapping alignments found for region 9272000-10112000 even with 10000bp window
     1x: No overlapping alignments found for region 10112000-10128000 even with 10000bp window
     1x: No overlapping alignments found for region 10128000-10284000 even with 10000bp window
     1x: No overlapping alignments found for region 10284000-12148000 even with 10000bp window
     1x: No overlapping alignments found for region 12148000-12151149 even with 10000bp window
     1x: No overlapping alignments found for region 101468000-101532000 even with 10000bp window
     1x: No overlapping alignments found for region 101532000-101540000 even with 10000bp window
     1x: No overlapping alignments found for region 101540000-101584000 even with 10000bp window
     1x: No overlapping alignments found for region 160000-171123 even with 10000bp window
     1x: No overlapping alignments found for region 320000-332000 even with 10000bp window
     1x: No overlapping alignments found for region 332000-352225 even with 10000bp window
     1x: No overlapping alignments found for region 180000-198788 even with 10000bp window
     1x: No alignments found for chromosome 'haplotype2-0000214'
     1x: No alignments found for chromosome 'haplotype2-0000220'
     1x: No alignments found for chromosome 'haplotype2-0000221'
     1x: No overlapping alignments found for region 332000-340220 even with 10000bp window
     1x: No alignments found for chromosome 'haplotype2-0000229'
     1x: No alignments found for chromosome 'haplotype2-0000238'
     1x: No alignments found for chromosome 'haplotype2-0000239'
     1x: No alignments found for chromosome 'haplotype2-0000243'
     1x: No alignments found for chromosome 'haplotype2-0000244'
     1x: No alignments found for chromosome 'haplotype2-0000245'
     1x: No alignments found for chromosome 'haplotype2-0000246'
     1x: No alignments found for chromosome 'haplotype2-0000247'
     1x: No alignments found for chromosome 'haplotype2-0000248'
     1x: No alignments found for chromosome 'haplotype2-0000251'
     1x: No alignments found for chromosome 'haplotype2-0000253'
     1x: No alignments found for chromosome 'haplotype2-0000254'
     1x: No alignments found for chromosome 'haplotype2-0000255'
     1x: No overlapping alignments found for region 620000-720766 even with 10000bp window
     1x: No alignments found for chromosome 'haplotype2-0000258'
     1x: No alignments found for chromosome 'haplotype2-0000266'
     1x: No alignments found for chromosome 'haplotype2-0000272'
     1x: No alignments found for chromosome 'haplotype2-0000273'
     1x: No alignments found for chromosome 'haplotype2-0000276'
     1x: No alignments found for chromosome 'haplotype2-0000282'
     1x: No alignments found for chromosome 'haplotype2-0000283'
     1x: No alignments found for chromosome 'haplotype2-0000284'
     1x: No alignments found for chromosome 'haplotype2-0000285'
     1x: No alignments found for chromosome 'haplotype2-0000289'
     1x: No alignments found for chromosome 'haplotype2-0000292'
     1x: No alignments found for chromosome 'haplotype2-0000300'
     1x: No alignments found for chromosome 'haplotype2-0000303'
     1x: No alignments found for chromosome 'haplotype2-0000306'
     1x: No alignments found for chromosome 'haplotype2-0000307'
     1x: No alignments found for chromosome 'haplotype2-0000308'
     1x: No alignments found for chromosome 'haplotype2-0000318'
     1x: No alignments found for chromosome 'haplotype2-0000319'
     1x: No alignments found for chromosome 'haplotype2-0000321'
     1x: No alignments found for chromosome 'haplotype2-0000325'
     1x: No alignments found for chromosome 'haplotype2-0000327'
     1x: No alignments found for chromosome 'haplotype2-0000328'
     1x: No alignments found for chromosome 'haplotype2-0000329'
     1x: No overlapping alignments found for region 656000-668000 even with 10000bp window
     1x: No overlapping alignments found for region 668000-680000 even with 10000bp window
     1x: No alignments found for chromosome 'unassigned-0000340'
     1x: No alignments found for chromosome 'unassigned-0000342'
     1x: No alignments found for chromosome 'unassigned-0000344'
     1x: No alignments found for chromosome 'unassigned-0000349'
     1x: No alignments found for chromosome 'unassigned-0000353'
     1x: No alignments found for chromosome 'unassigned-0000354'
     1x: No alignments found for chromosome 'unassigned-0000364'
     1x: No alignments found for chromosome 'unassigned-0000365'
     1x: No alignments found for chromosome 'unassigned-0000368'
     1x: No alignments found for chromosome 'unassigned-0000369'
     1x: No alignments found for chromosome 'unassigned-0000370'
     1x: No alignments found for chromosome 'unassigned-0000374'
     1x: No alignments found for chromosome 'unassigned-0000375'
     1x: No alignments found for chromosome 'unassigned-0000376'
     1x: No overlapping alignments found for region 0-40000 even with 10000bp window
     1x: No alignments found for chromosome 'unassigned-0000380'
     1x: No alignments found for chromosome 'unassigned-0000385'
     1x: No alignments found for chromosome 'unassigned-0000387'
     1x: No alignments found for chromosome 'unassigned-0000389'
     1x: No alignments found for chromosome 'unassigned-0000392'
     1x: No alignments found for chromosome 'unassigned-0000394'
     1x: No alignments found for chromosome 'unassigned-0000396'
     1x: No alignments found for chromosome 'unassigned-0000399'
     1x: No alignments found for chromosome 'unassigned-0000400'
     1x: No alignments found for chromosome 'unassigned-0000403'
     1x: No alignments found for chromosome 'unassigned-0000404'
     1x: No alignments found for chromosome 'unassigned-0000405'
     1x: No alignments found for chromosome 'unassigned-0000406'
     1x: No alignments found for chromosome 'unassigned-0000412'
     1x: No alignments found for chromosome 'unassigned-0000413'
     1x: No alignments found for chromosome 'unassigned-0000416'
     1x: No alignments found for chromosome 'unassigned-0000418'
     1x: No alignments found for chromosome 'unassigned-0000419'
     1x: No alignments found for chromosome 'unassigned-0000423'
     1x: No alignments found for chromosome 'unassigned-0000427'
     1x: No alignments found for chromosome 'unassigned-0000431'
     1x: No alignments found for chromosome 'unassigned-0000433'
     1x: No alignments found for chromosome 'unassigned-0000435'
     1x: No alignments found for chromosome 'unassigned-0000439'
     1x: No alignments found for chromosome 'unassigned-0000442'
     1x: No alignments found for chromosome 'unassigned-0000444'
     1x: No alignments found for chromosome 'unassigned-0000445'
     1x: No alignments found for chromosome 'unassigned-0000453'
     1x: No alignments found for chromosome 'unassigned-0000456'
     1x: No alignments found for chromosome 'unassigned-0000457'
     1x: No alignments found for chromosome 'unassigned-0000458'
     1x: No alignments found for chromosome 'unassigned-0000459'
     1x: No alignments found for chromosome 'unassigned-0000461'
     1x: No alignments found for chromosome 'unassigned-0000465'
     1x: No alignments found for chromosome 'unassigned-0000467'
     1x: No alignments found for chromosome 'unassigned-0000468'
     1x: No alignments found for chromosome 'unassigned-0000469'
     1x: No alignments found for chromosome 'unassigned-0000472'
     1x: No alignments found for chromosome 'unassigned-0000473'
     1x: No alignments found for chromosome 'unassigned-0000476'
     1x: No alignments found for chromosome 'unassigned-0000481'
     1x: No alignments found for chromosome 'unassigned-0000482'
     1x: No alignments found for chromosome 'unassigned-0000485'
     1x: No alignments found for chromosome 'unassigned-0000487'
     1x: No alignments found for chromosome 'unassigned-0000492'
     1x: No alignments found for chromosome 'unassigned-0000493'
     1x: No alignments found for chromosome 'unassigned-0000494'
     1x: No alignments found for chromosome 'unassigned-0000497'
     1x: No alignments found for chromosome 'unassigned-0000498'
     1x: No alignments found for chromosome 'unassigned-0000501'
     1x: No alignments found for chromosome 'unassigned-0000502'
     1x: No alignments found for chromosome 'unassigned-0000503'
     1x: No alignments found for chromosome 'unassigned-0000504'
     1x: No alignments found for chromosome 'unassigned-0000505'
     1x: No alignments found for chromosome 'unassigned-0000507'
     1x: No overlapping alignments found for region 100000-132000 even with 10000bp window
     1x: No overlapping alignments found for region 132000-172642 even with 10000bp window
     1x: No alignments found for chromosome 'unassigned-0000512'
     1x: No alignments found for chromosome 'unassigned-0000513'
     1x: No alignments found for chromosome 'unassigned-0000515'
     1x: No alignments found for chromosome 'unassigned-0000516'
     1x: No alignments found for chromosome 'unassigned-0000521'
     1x: No alignments found for chromosome 'unassigned-0000523'
     1x: No alignments found for chromosome 'unassigned-0000526'
     1x: No alignments found for chromosome 'unassigned-0000528'
     1x: No alignments found for chromosome 'unassigned-0000531'
     1x: No alignments found for chromosome 'unassigned-0000533'
     1x: No alignments found for chromosome 'unassigned-0000534'
     1x: No alignments found for chromosome 'unassigned-0000536'
     1x: No alignments found for chromosome 'unassigned-0000541'
     1x: No alignments found for chromosome 'unassigned-0000542'
     1x: No alignments found for chromosome 'unassigned-0000543'
     1x: No alignments found for chromosome 'unassigned-0000545'
     1x: No alignments found for chromosome 'unassigned-0000546'
     1x: No alignments found for chromosome 'unassigned-0000547'
     1x: No alignments found for chromosome 'unassigned-0000549'
     1x: No alignments found for chromosome 'unassigned-0000551'
     1x: No alignments found for chromosome 'unassigned-0000553'
     1x: No alignments found for chromosome 'unassigned-0000554'
     1x: No alignments found for chromosome 'unassigned-0000555'
     1x: No alignments found for chromosome 'unassigned-0000556'
     1x: No alignments found for chromosome 'unassigned-0000557'
     1x: No alignments found for chromosome 'unassigned-0000558'
     1x: No alignments found for chromosome 'unassigned-0000561'
     1x: No alignments found for chromosome 'unassigned-0000563'
     1x: No alignments found for chromosome 'unassigned-0000564'
     1x: No alignments found for chromosome 'unassigned-0000567'
     1x: No alignments found for chromosome 'unassigned-0000568'
     1x: No alignments found for chromosome 'unassigned-0000573'
     1x: No alignments found for chromosome 'unassigned-0000574'
     1x: No alignments found for chromosome 'unassigned-0000579'
     1x: No alignments found for chromosome 'unassigned-0000580'
     1x: No alignments found for chromosome 'unassigned-0000581'
     1x: No overlapping alignments found for region 32000-152000 even with 10000bp window
     1x: No alignments found for chromosome 'unassigned-0000589'
     1x: No alignments found for chromosome 'unassigned-0000592'
     1x: No alignments found for chromosome 'unassigned-0000593'
     1x: No alignments found for chromosome 'unassigned-0000594'
     1x: No alignments found for chromosome 'unassigned-0000595'
     1x: No alignments found for chromosome 'unassigned-0000596'
     1x: No alignments found for chromosome 'unassigned-0000597'
     1x: No alignments found for chromosome 'unassigned-0000599'
     1x: No alignments found for chromosome 'unassigned-0000600'
     1x: No alignments found for chromosome 'unassigned-0000602'
     1x: No alignments found for chromosome 'unassigned-0000603'
     1x: No alignments found for chromosome 'unassigned-0000604'
     1x: No alignments found for chromosome 'unassigned-0000605'
     1x: No alignments found for chromosome 'unassigned-0000606'
     1x: No alignments found for chromosome 'unassigned-0000608'
     1x: No alignments found for chromosome 'unassigned-0000611'
     1x: No alignments found for chromosome 'unassigned-0000612'
     1x: No alignments found for chromosome 'unassigned-0000613'
     1x: No alignments found for chromosome 'unassigned-0000614'
     1x: No alignments found for chromosome 'unassigned-0000615'
     1x: No alignments found for chromosome 'unassigned-0000617'
     1x: No alignments found for chromosome 'unassigned-0000619'
     1x: No alignments found for chromosome 'unassigned-0000621'
     1x: No alignments found for chromosome 'unassigned-0000622'
     1x: No alignments found for chromosome 'unassigned-0000623'
     1x: No alignments found for chromosome 'unassigned-0000624'
     1x: No alignments found for chromosome 'unassigned-0000632'
     1x: No alignments found for chromosome 'unassigned-0000633'
     1x: No alignments found for chromosome 'unassigned-0000639'
     1x: No alignments found for chromosome 'unassigned-0000640'
     1x: No alignments found for chromosome 'unassigned-0000641'
     1x: No alignments found for chromosome 'unassigned-0000642'
     1x: No alignments found for chromosome 'unassigned-0000643'
     1x: No alignments found for chromosome 'unassigned-0000644'
     1x: No alignments found for chromosome 'unassigned-0000646'
     1x: No alignments found for chromosome 'unassigned-0000648'
     1x: No alignments found for chromosome 'unassigned-0000649'
     1x: No alignments found for chromosome 'unassigned-0000650'
     1x: No overlapping alignments found for region 268000-279590 even with 10000bp window
     1x: No alignments found for chromosome 'unassigned-0000656'
     1x: No alignments found for chromosome 'unassigned-0000657'
     1x: No alignments found for chromosome 'unassigned-0000658'
     1x: No alignments found for chromosome 'unassigned-0000659'
     1x: No alignments found for chromosome 'unassigned-0000660'
     1x: No alignments found for chromosome 'unassigned-0000662'
     1x: No alignments found for chromosome 'unassigned-0000667'
     1x: No alignments found for chromosome 'unassigned-0000668'
     1x: No alignments found for chromosome 'unassigned-0000669'
     1x: No overlapping alignments found for region 112000-192000 even with 10000bp window
     1x: No overlapping alignments found for region 192000-283187 even with 10000bp window
     1x: No overlapping alignments found for region 152000-171475 even with 10000bp window
     1x: No alignments found for chromosome 'unassigned-0000683'
     1x: No alignments found for chromosome 'unassigned-0000685'
     1x: No alignments found for chromosome 'unassigned-0000686'
     1x: No alignments found for chromosome 'unassigned-0000688'
     1x: No alignments found for chromosome 'unassigned-0000689'
     1x: No alignments found for chromosome 'unassigned-0000691'
     1x: No alignments found for chromosome 'unassigned-0000692'
     1x: No alignments found for chromosome 'unassigned-0000696'
     1x: No alignments found for chromosome 'unassigned-0000698'
     1x: No alignments found for chromosome 'unassigned-0000699'
     1x: No alignments found for chromosome 'unassigned-0000700'
     1x: No alignments found for chromosome 'unassigned-0000705'
     1x: No alignments found for chromosome 'unassigned-0000707'
     1x: No alignments found for chromosome 'unassigned-0000711'
     1x: No alignments found for chromosome 'unassigned-0000712'
     1x: No alignments found for chromosome 'unassigned-0000713'
     1x: No alignments found for chromosome 'unassigned-0000715'
     1x: No alignments found for chromosome 'unassigned-0000718'
     1x: No alignments found for chromosome 'unassigned-0000719'
     1x: No alignments found for chromosome 'unassigned-0000723'
     1x: No alignments found for chromosome 'unassigned-0000724'
     1x: No alignments found for chromosome 'unassigned-0000725'
     1x: No alignments found for chromosome 'unassigned-0000726'
     1x: No alignments found for chromosome 'unassigned-0000727'
     1x: No alignments found for chromosome 'unassigned-0000730'
     1x: No alignments found for chromosome 'unassigned-0000732'
     1x: No alignments found for chromosome 'unassigned-0000733'
     1x: No alignments found for chromosome 'unassigned-0000735'
     1x: No alignments found for chromosome 'unassigned-0000736'
     1x: No alignments found for chromosome 'unassigned-0000737'
     1x: No alignments found for chromosome 'unassigned-0000739'
     1x: No alignments found for chromosome 'unassigned-0000740'
     1x: No alignments found for chromosome 'unassigned-0000741'
     1x: No alignments found for chromosome 'unassigned-0000742'
     1x: No alignments found for chromosome 'unassigned-0000747'
     1x: No alignments found for chromosome 'unassigned-0000748'
     1x: No alignments found for chromosome 'unassigned-0000763'
     1x: No alignments found for chromosome 'unassigned-0000765'
     1x: No alignments found for chromosome 'unassigned-0000767'
     1x: No alignments found for chromosome 'unassigned-0000768'
     1x: No alignments found for chromosome 'unassigned-0000773'
     1x: No alignments found for chromosome 'unassigned-0000774'
     1x: No alignments found for chromosome 'unassigned-0000775'
     1x: No alignments found for chromosome 'unassigned-0000783'
     1x: No alignments found for chromosome 'unassigned-0000786'
     1x: No alignments found for chromosome 'unassigned-0000790'
     1x: No alignments found for chromosome 'unassigned-0000791'
     1x: No alignments found for chromosome 'unassigned-0000792'
     1x: No alignments found for chromosome 'unassigned-0000798'
     1x: No alignments found for chromosome 'unassigned-0000799'
     1x: No alignments found for chromosome 'unassigned-0000800'
     1x: No alignments found for chromosome 'unassigned-0000803'
     1x: No alignments found for chromosome 'unassigned-0000807'
     1x: No alignments found for chromosome 'unassigned-0000809'
     1x: No alignments found for chromosome 'unassigned-0000815'
     1x: No alignments found for chromosome 'unassigned-0000816'
     1x: No alignments found for chromosome 'unassigned-0000817'
     1x: No alignments found for chromosome 'unassigned-0000819'
     1x: No alignments found for chromosome 'unassigned-0000822'
     1x: No alignments found for chromosome 'unassigned-0000824'
     1x: No alignments found for chromosome 'unassigned-0000825'
     1x: No alignments found for chromosome 'unassigned-0000830'
     1x: No alignments found for chromosome 'unassigned-0000832'
     1x: No alignments found for chromosome 'unassigned-0000837'
     1x: No alignments found for chromosome 'unassigned-0000838'
     1x: No alignments found for chromosome 'unassigned-0000846'
     1x: No alignments found for chromosome 'unassigned-0000848'
     1x: No alignments found for chromosome 'unassigned-0000851'
     1x: No alignments found for chromosome 'unassigned-0000854'
     1x: No alignments found for chromosome 'unassigned-0000857'
     1x: No alignments found for chromosome 'unassigned-0000858'
     1x: No alignments found for chromosome 'unassigned-0000859'
     1x: No alignments found for chromosome 'unassigned-0000860'
     1x: No alignments found for chromosome 'unassigned-0000861'
     1x: No alignments found for chromosome 'unassigned-0000862'
     1x: No alignments found for chromosome 'unassigned-0000863'
     1x: No alignments found for chromosome 'unassigned-0000864'
     1x: No alignments found for chromosome 'unassigned-0000870'
     1x: No overlapping alignments found for region 152000-162266 even with 10000bp window
     1x: No alignments found for chromosome 'unassigned-0000878'
     1x: No alignments found for chromosome 'unassigned-0000882'
     1x: No alignments found for chromosome 'unassigned-0000883'
     1x: No alignments found for chromosome 'unassigned-0000886'
     1x: No alignments found for chromosome 'unassigned-0000888'
     1x: No alignments found for chromosome 'unassigned-0000889'
     1x: No alignments found for chromosome 'unassigned-0000890'
     1x: No alignments found for chromosome 'unassigned-0000893'
     1x: No alignments found for chromosome 'unassigned-0000896'
     1x: No alignments found for chromosome 'unassigned-0000898'
     1x: No alignments found for chromosome 'unassigned-0000899'
     1x: No alignments found for chromosome 'unassigned-0000907'
     1x: No alignments found for chromosome 'unassigned-0000911'
     1x: No alignments found for chromosome 'unassigned-0000912'
     1x: No alignments found for chromosome 'unassigned-0000913'
     1x: No alignments found for chromosome 'unassigned-0000916'
     1x: No alignments found for chromosome 'unassigned-0000918'
     1x: No alignments found for chromosome 'unassigned-0000919'
     1x: No alignments found for chromosome 'unassigned-0000920'
     1x: No alignments found for chromosome 'unassigned-0000923'
     1x: No alignments found for chromosome 'unassigned-0000924'
     1x: No alignments found for chromosome 'unassigned-0000926'
     1x: No alignments found for chromosome 'unassigned-0000927'
     1x: No alignments found for chromosome 'unassigned-0000929'
     1x: No alignments found for chromosome 'unassigned-0000931'
     1x: No alignments found for chromosome 'unassigned-0000932'
     1x: No alignments found for chromosome 'unassigned-0000933'
     1x: No alignments found for chromosome 'unassigned-0000935'
     1x: No alignments found for chromosome 'unassigned-0000936'
     1x: No alignments found for chromosome 'unassigned-0000940'
     1x: No alignments found for chromosome 'unassigned-0000941'
     1x: No alignments found for chromosome 'unassigned-0000942'
     1x: No alignments found for chromosome 'unassigned-0000943'
     1x: No alignments found for chromosome 'unassigned-0000944'
     1x: No alignments found for chromosome 'unassigned-0000946'
     1x: No alignments found for chromosome 'unassigned-0000950'
     1x: No alignments found for chromosome 'unassigned-0000951'
     1x: No alignments found for chromosome 'unassigned-0000952'
     1x: No alignments found for chromosome 'unassigned-0000953'
     1x: No alignments found for chromosome 'unassigned-0000954'
     1x: No alignments found for chromosome 'unassigned-0000955'
     1x: No alignments found for chromosome 'unassigned-0000960'
     1x: No alignments found for chromosome 'unassigned-0000961'
     1x: No alignments found for chromosome 'unassigned-0000962'
     1x: No alignments found for chromosome 'unassigned-0000963'
     1x: No alignments found for chromosome 'unassigned-0000965'
     1x: No alignments found for chromosome 'unassigned-0000966'
     1x: No alignments found for chromosome 'unassigned-0000967'
     1x: No alignments found for chromosome 'unassigned-0000969'
     1x: No alignments found for chromosome 'unassigned-0000970'
     1x: No alignments found for chromosome 'unassigned-0000972'
     1x: No alignments found for chromosome 'unassigned-0000973'
     1x: No alignments found for chromosome 'unassigned-0000974'
     1x: No alignments found for chromosome 'unassigned-0000975'
     1x: No alignments found for chromosome 'unassigned-0000976'
     1x: No alignments found for chromosome 'unassigned-0000977'
     1x: No alignments found for chromosome 'unassigned-0000978'
     1x: No alignments found for chromosome 'unassigned-0000983'
     1x: No alignments found for chromosome 'unassigned-0000984'
     1x: No alignments found for chromosome 'unassigned-0000985'
     1x: No alignments found for chromosome 'unassigned-0000988'
     1x: No alignments found for chromosome 'unassigned-0000989'
     1x: No alignments found for chromosome 'unassigned-0000992'
     1x: No alignments found for chromosome 'unassigned-0000997'
     1x: No alignments found for chromosome 'unassigned-0000998'
     1x: No alignments found for chromosome 'unassigned-0001000'
     1x: No alignments found for chromosome 'unassigned-0001001'
     1x: No alignments found for chromosome 'unassigned-0001004'
     1x: No alignments found for chromosome 'unassigned-0001008'
     1x: No alignments found for chromosome 'unassigned-0001009'
     1x: No overlapping alignments found for region 0-20000 even with 10000bp window
     1x: No alignments found for chromosome 'unassigned-0001011'
     1x: No alignments found for chromosome 'unassigned-0001013'
     1x: No alignments found for chromosome 'unassigned-0001015'
     1x: No alignments found for chromosome 'unassigned-0001018'
     1x: No alignments found for chromosome 'unassigned-0001019'
     1x: No alignments found for chromosome 'unassigned-0001030'
     1x: No alignments found for chromosome 'unassigned-0001033'
     1x: No alignments found for chromosome 'unassigned-0001035'
     1x: No alignments found for chromosome 'unassigned-0001036'
     1x: No alignments found for chromosome 'unassigned-0001037'
     1x: No alignments found for chromosome 'unassigned-0001038'
     1x: No alignments found for chromosome 'unassigned-0001039'
     1x: No alignments found for chromosome 'unassigned-0001041'
     1x: No alignments found for chromosome 'unassigned-0001043'
     1x: No alignments found for chromosome 'unassigned-0001048'
     1x: No alignments found for chromosome 'unassigned-0001050'
     1x: No alignments found for chromosome 'unassigned-0001052'
     1x: No alignments found for chromosome 'unassigned-0001053'
     1x: No alignments found for chromosome 'unassigned-0001054'
     1x: No alignments found for chromosome 'unassigned-0001055'
     1x: No alignments found for chromosome 'unassigned-0001058'
     1x: No alignments found for chromosome 'unassigned-0001064'
     1x: No alignments found for chromosome 'unassigned-0001065'
     1x: No alignments found for chromosome 'unassigned-0001069'
     1x: No alignments found for chromosome 'unassigned-0001070'
     1x: No alignments found for chromosome 'unassigned-0001071'
     1x: No alignments found for chromosome 'unassigned-0001073'
     1x: No alignments found for chromosome 'unassigned-0001078'
     1x: No alignments found for chromosome 'unassigned-0001080'
     1x: No alignments found for chromosome 'unassigned-0001081'
     1x: No alignments found for chromosome 'unassigned-0001082'
     1x: No alignments found for chromosome 'unassigned-0001088'
     1x: No alignments found for chromosome 'unassigned-0001089'
     1x: No alignments found for chromosome 'unassigned-0001093'
     1x: No alignments found for chromosome 'unassigned-0001094'
     1x: No alignments found for chromosome 'unassigned-0001095'
     1x: No alignments found for chromosome 'unassigned-0001098'
     1x: No alignments found for chromosome 'unassigned-0001102'
     1x: No alignments found for chromosome 'unassigned-0001104'
     1x: No alignments found for chromosome 'unassigned-0001106'
     1x: No alignments found for chromosome 'unassigned-0001108'
     1x: No alignments found for chromosome 'unassigned-0001109'
     1x: No alignments found for chromosome 'unassigned-0001111'
     1x: No alignments found for chromosome 'unassigned-0001112'
     1x: No alignments found for chromosome 'unassigned-0001117'
     1x: No alignments found for chromosome 'unassigned-0001120'
     1x: No alignments found for chromosome 'unassigned-0001124'
     1x: No alignments found for chromosome 'unassigned-0001129'
     1x: No alignments found for chromosome 'unassigned-0001132'
     1x: No alignments found for chromosome 'unassigned-0001136'
     1x: No alignments found for chromosome 'unassigned-0001141'
     1x: No alignments found for chromosome 'unassigned-0001142'
     1x: No alignments found for chromosome 'unassigned-0001144'
     1x: No alignments found for chromosome 'unassigned-0001145'
     1x: No alignments found for chromosome 'unassigned-0001146'
     1x: No alignments found for chromosome 'unassigned-0001151'
     1x: No alignments found for chromosome 'unassigned-0001152'
     1x: No alignments found for chromosome 'unassigned-0001153'
     1x: No alignments found for chromosome 'unassigned-0001154'
     1x: No alignments found for chromosome 'unassigned-0001157'
     1x: No alignments found for chromosome 'unassigned-0001162'
     1x: No alignments found for chromosome 'unassigned-0001164'
     1x: No alignments found for chromosome 'unassigned-0001166'
     1x: No alignments found for chromosome 'unassigned-0001167'
     1x: No alignments found for chromosome 'unassigned-0001169'
     1x: No alignments found for chromosome 'unassigned-0001171'
     1x: No alignments found for chromosome 'unassigned-0001177'
     1x: No alignments found for chromosome 'unassigned-0001188'
     1x: No alignments found for chromosome 'unassigned-0001191'
     1x: No alignments found for chromosome 'unassigned-0001192'
     1x: No alignments found for chromosome 'unassigned-0001196'
     1x: No alignments found for chromosome 'unassigned-0001197'
     1x: No alignments found for chromosome 'unassigned-0001199'
     1x: No alignments found for chromosome 'unassigned-0001201'
     1x: No alignments found for chromosome 'unassigned-0001202'
     1x: No alignments found for chromosome 'unassigned-0001208'
     1x: No alignments found for chromosome 'unassigned-0001212'
     1x: No alignments found for chromosome 'unassigned-0001215'
     1x: No alignments found for chromosome 'unassigned-0001219'
     1x: No alignments found for chromosome 'unassigned-0001220'
     1x: No alignments found for chromosome 'unassigned-0001221'
     1x: No alignments found for chromosome 'unassigned-0001222'
     1x: No alignments found for chromosome 'unassigned-0001223'
     1x: No alignments found for chromosome 'unassigned-0001226'
     1x: No alignments found for chromosome 'unassigned-0001228'
     1x: No alignments found for chromosome 'unassigned-0001230'
     1x: No alignments found for chromosome 'unassigned-0001234'
     1x: No alignments found for chromosome 'unassigned-0001237'
     1x: No alignments found for chromosome 'unassigned-0001239'
     1x: No alignments found for chromosome 'unassigned-0001244'
     1x: No alignments found for chromosome 'unassigned-0001249'
     1x: No alignments found for chromosome 'unassigned-0001250'
     1x: No alignments found for chromosome 'unassigned-0001251'
     1x: No alignments found for chromosome 'unassigned-0001254'
     1x: No alignments found for chromosome 'unassigned-0001256'
     1x: No alignments found for chromosome 'unassigned-0001265'
     1x: No alignments found for chromosome 'unassigned-0001269'
     1x: No alignments found for chromosome 'unassigned-0001270'
     1x: No alignments found for chromosome 'unassigned-0001271'
     1x: No alignments found for chromosome 'unassigned-0001273'
     1x: No alignments found for chromosome 'unassigned-0001274'
     1x: No alignments found for chromosome 'unassigned-0001275'
     1x: No alignments found for chromosome 'unassigned-0001276'
     1x: No alignments found for chromosome 'unassigned-0001277'
     1x: No alignments found for chromosome 'unassigned-0001281'
     1x: No alignments found for chromosome 'unassigned-0001282'
     1x: No alignments found for chromosome 'unassigned-0001283'
     1x: No alignments found for chromosome 'unassigned-0001285'
     1x: No alignments found for chromosome 'unassigned-0001286'
     1x: No alignments found for chromosome 'unassigned-0001288'
     1x: No alignments found for chromosome 'unassigned-0001289'
     1x: No alignments found for chromosome 'unassigned-0001291'
     1x: No alignments found for chromosome 'unassigned-0001293'
     1x: No alignments found for chromosome 'unassigned-0001294'
     1x: No alignments found for chromosome 'unassigned-0001297'
     1x: No alignments found for chromosome 'unassigned-0001300'
     1x: No alignments found for chromosome 'unassigned-0001301'
     1x: No alignments found for chromosome 'unassigned-0001302'
     1x: No alignments found for chromosome 'unassigned-0001309'
     1x: No alignments found for chromosome 'unassigned-0001316'
     1x: No alignments found for chromosome 'unassigned-0001317'
     1x: No alignments found for chromosome 'unassigned-0001318'
     1x: No alignments found for chromosome 'unassigned-0001320'
     1x: No alignments found for chromosome 'unassigned-0001321'
     1x: No alignments found for chromosome 'unassigned-0001322'
     1x: No alignments found for chromosome 'unassigned-0001323'
     1x: No alignments found for chromosome 'unassigned-0001325'
     1x: No alignments found for chromosome 'unassigned-0001326'
     1x: No alignments found for chromosome 'unassigned-0001328'
     1x: No alignments found for chromosome 'unassigned-0001329'
     1x: No alignments found for chromosome 'unassigned-0001330'
     1x: No alignments found for chromosome 'unassigned-0001334'
     1x: No alignments found for chromosome 'unassigned-0001337'
     1x: No alignments found for chromosome 'unassigned-0001339'
     1x: No alignments found for chromosome 'unassigned-0001340'
     1x: No alignments found for chromosome 'unassigned-0001344'
     1x: No alignments found for chromosome 'unassigned-0001347'
     1x: No alignments found for chromosome 'unassigned-0001348'
     1x: No alignments found for chromosome 'unassigned-0001350'
     1x: No alignments found for chromosome 'unassigned-0001351'
     1x: No alignments found for chromosome 'unassigned-0001354'
     1x: No alignments found for chromosome 'unassigned-0001355'
     1x: No alignments found for chromosome 'unassigned-0001356'
     1x: No alignments found for chromosome 'unassigned-0001357'
     1x: No alignments found for chromosome 'unassigned-0001361'
     1x: No alignments found for chromosome 'unassigned-0001362'
     1x: No alignments found for chromosome 'unassigned-0001363'
     1x: No alignments found for chromosome 'unassigned-0001364'
     1x: No alignments found for chromosome 'unassigned-0001365'
     1x: No alignments found for chromosome 'unassigned-0001366'
     1x: No alignments found for chromosome 'unassigned-0001368'
     1x: No alignments found for chromosome 'unassigned-0001369'
     1x: No alignments found for chromosome 'unassigned-0001370'
     1x: No alignments found for chromosome 'unassigned-0001371'
     1x: No alignments found for chromosome 'unassigned-0001372'
     1x: No alignments found for chromosome 'unassigned-0001373'
     1x: No alignments found for chromosome 'unassigned-0001376'
     1x: No alignments found for chromosome 'unassigned-0001379'
     1x: No alignments found for chromosome 'unassigned-0001380'
     1x: No alignments found for chromosome 'unassigned-0001381'
     1x: No alignments found for chromosome 'unassigned-0001382'
     1x: No alignments found for chromosome 'unassigned-0001385'
     1x: No alignments found for chromosome 'unassigned-0001386'
     1x: No alignments found for chromosome 'unassigned-0001388'
     1x: No alignments found for chromosome 'unassigned-0001389'
     1x: No alignments found for chromosome 'unassigned-0001390'
     1x: No alignments found for chromosome 'unassigned-0001393'
     1x: No alignments found for chromosome 'unassigned-0001401'
     1x: No alignments found for chromosome 'unassigned-0001402'
     1x: No overlapping alignments found for region 184000-188000 even with 10000bp window
     1x: No overlapping alignments found for region 188000-206171 even with 10000bp window
     1x: No alignments found for chromosome 'unassigned-0001408'
     1x: No alignments found for chromosome 'unassigned-0001409'
     1x: No alignments found for chromosome 'unassigned-0001410'
     1x: No alignments found for chromosome 'unassigned-0001411'
     1x: No alignments found for chromosome 'unassigned-0001412'
     1x: No alignments found for chromosome 'unassigned-0001415'
     1x: No alignments found for chromosome 'unassigned-0001417'
     1x: No alignments found for chromosome 'unassigned-0001419'
     1x: No alignments found for chromosome 'unassigned-0001420'
     1x: No alignments found for chromosome 'unassigned-0001421'
     1x: No alignments found for chromosome 'unassigned-0001423'
     1x: No alignments found for chromosome 'unassigned-0001426'
     1x: No alignments found for chromosome 'unassigned-0001427'
     1x: No alignments found for chromosome 'unassigned-0001428'
     1x: No alignments found for chromosome 'unassigned-0001430'
     1x: No alignments found for chromosome 'unassigned-0001431'
     1x: No alignments found for chromosome 'unassigned-0001434'
     1x: No alignments found for chromosome 'unassigned-0001436'
     1x: No alignments found for chromosome 'unassigned-0001439'
     1x: No alignments found for chromosome 'unassigned-0001440'
     1x: No alignments found for chromosome 'unassigned-0001443'
     1x: No alignments found for chromosome 'unassigned-0001448'
     1x: No alignments found for chromosome 'unassigned-0001449'
     1x: No alignments found for chromosome 'unassigned-0001450'
     1x: No alignments found for chromosome 'unassigned-0001461'
     1x: No alignments found for chromosome 'unassigned-0001463'
     1x: No alignments found for chromosome 'unassigned-0001466'
     1x: No alignments found for chromosome 'unassigned-0001471'
     1x: No alignments found for chromosome 'unassigned-0001473'
     1x: No alignments found for chromosome 'unassigned-0001477'
     1x: No alignments found for chromosome 'unassigned-0001480'
     1x: No alignments found for chromosome 'unassigned-0001481'
     1x: No alignments found for chromosome 'unassigned-0001484'
     1x: No alignments found for chromosome 'unassigned-0001485'
     1x: No alignments found for chromosome 'unassigned-0001486'
     1x: No alignments found for chromosome 'unassigned-0001487'
     1x: No alignments found for chromosome 'unassigned-0001490'
     1x: No alignments found for chromosome 'unassigned-0001493'
     1x: No alignments found for chromosome 'unassigned-0001495'
     1x: No alignments found for chromosome 'unassigned-0001496'
     1x: No alignments found for chromosome 'unassigned-0001498'
     1x: No alignments found for chromosome 'unassigned-0001499'
     1x: No alignments found for chromosome 'unassigned-0001500'
     1x: No alignments found for chromosome 'unassigned-0001502'
     1x: No alignments found for chromosome 'unassigned-0001504'
     1x: No alignments found for chromosome 'unassigned-0001505'
     1x: No alignments found for chromosome 'unassigned-0001509'
     1x: No alignments found for chromosome 'unassigned-0001510'
     1x: No alignments found for chromosome 'unassigned-0001511'
     1x: No alignments found for chromosome 'unassigned-0001512'
     1x: No alignments found for chromosome 'unassigned-0001513'
     1x: No alignments found for chromosome 'unassigned-0001514'
     1x: No alignments found for chromosome 'unassigned-0001515'
     1x: No alignments found for chromosome 'unassigned-0001520'
     1x: No alignments found for chromosome 'unassigned-0001527'
     1x: No alignments found for chromosome 'unassigned-0001530'
     1x: No alignments found for chromosome 'unassigned-0001531'
     1x: No alignments found for chromosome 'unassigned-0001532'
     1x: No alignments found for chromosome 'unassigned-0001534'
     1x: No alignments found for chromosome 'unassigned-0001538'
     1x: No alignments found for chromosome 'unassigned-0001540'
     1x: No alignments found for chromosome 'unassigned-0001541'
     1x: No alignments found for chromosome 'unassigned-0001544'
     1x: No alignments found for chromosome 'unassigned-0001546'
     1x: No alignments found for chromosome 'unassigned-0001548'
     1x: No alignments found for chromosome 'unassigned-0001554'
     1x: No alignments found for chromosome 'unassigned-0001555'
     1x: No alignments found for chromosome 'unassigned-0001556'
     1x: No alignments found for chromosome 'unassigned-0001557'
     1x: No alignments found for chromosome 'unassigned-0001558'
     1x: No alignments found for chromosome 'unassigned-0001560'
     1x: No alignments found for chromosome 'unassigned-0001565'
     1x: No alignments found for chromosome 'unassigned-0001573'
     1x: No alignments found for chromosome 'unassigned-0001579'
     1x: No alignments found for chromosome 'unassigned-0001580'
     1x: No alignments found for chromosome 'unassigned-0001582'
     1x: No alignments found for chromosome 'unassigned-0001587'
     1x: No alignments found for chromosome 'unassigned-0001590'
     1x: No alignments found for chromosome 'unassigned-0001594'
     1x: No alignments found for chromosome 'unassigned-0001595'
     1x: No alignments found for chromosome 'unassigned-0001596'
     1x: No alignments found for chromosome 'unassigned-0001597'
     1x: No alignments found for chromosome 'unassigned-0001598'
     1x: No alignments found for chromosome 'unassigned-0001599'
     1x: No alignments found for chromosome 'unassigned-0001600'
     1x: No alignments found for chromosome 'unassigned-0001607'
     1x: No alignments found for chromosome 'unassigned-0001609'
     1x: No alignments found for chromosome 'unassigned-0001613'
     1x: No alignments found for chromosome 'unassigned-0001616'
     1x: No alignments found for chromosome 'unassigned-0001618'
     1x: No alignments found for chromosome 'unassigned-0001622'
     1x: No alignments found for chromosome 'unassigned-0001625'
     1x: No alignments found for chromosome 'unassigned-0001627'
     1x: No alignments found for chromosome 'unassigned-0001628'
     1x: No alignments found for chromosome 'unassigned-0001637'
     1x: No alignments found for chromosome 'unassigned-0001646'
     1x: No alignments found for chromosome 'unassigned-0001648'
     1x: No alignments found for chromosome 'unassigned-0001651'
     1x: No alignments found for chromosome 'unassigned-0001655'
     1x: No alignments found for chromosome 'unassigned-0001656'
     1x: No alignments found for chromosome 'unassigned-0001657'
     1x: No alignments found for chromosome 'unassigned-0001662'
     1x: No alignments found for chromosome 'unassigned-0001664'
     1x: No alignments found for chromosome 'unassigned-0001666'
     1x: No alignments found for chromosome 'unassigned-0001669'
     1x: No alignments found for chromosome 'unassigned-0001671'
     1x: No alignments found for chromosome 'unassigned-0001673'
     1x: No alignments found for chromosome 'unassigned-0001674'
     1x: No alignments found for chromosome 'unassigned-0001678'
     1x: No alignments found for chromosome 'unassigned-0001681'
     1x: No alignments found for chromosome 'unassigned-0001685'
     1x: No alignments found for chromosome 'unassigned-0001686'
     1x: No alignments found for chromosome 'unassigned-0001687'
     1x: No alignments found for chromosome 'unassigned-0001690'
     1x: No alignments found for chromosome 'unassigned-0001691'
     1x: No alignments found for chromosome 'unassigned-0001693'
     1x: No alignments found for chromosome 'unassigned-0001694'
     1x: No alignments found for chromosome 'unassigned-0001695'
     1x: No alignments found for chromosome 'unassigned-0001696'
     1x: No alignments found for chromosome 'unassigned-0001697'
     1x: No alignments found for chromosome 'unassigned-0001698'
     1x: No alignments found for chromosome 'unassigned-0001699'
     1x: No alignments found for chromosome 'unassigned-0001702'
     1x: No alignments found for chromosome 'unassigned-0001703'
     1x: No alignments found for chromosome 'unassigned-0001704'
     1x: No alignments found for chromosome 'unassigned-0001705'
     1x: No alignments found for chromosome 'unassigned-0001706'
     1x: No alignments found for chromosome 'unassigned-0001707'
     1x: No alignments found for chromosome 'unassigned-0001708'
     1x: No alignments found for chromosome 'unassigned-0001709'
     1x: No alignments found for chromosome 'unassigned-0001713'
     1x: No alignments found for chromosome 'unassigned-0001715'
     1x: No alignments found for chromosome 'unassigned-0001720'
     1x: No alignments found for chromosome 'unassigned-0001722'
     1x: No alignments found for chromosome 'unassigned-0001723'
     1x: No alignments found for chromosome 'unassigned-0001727'
     1x: No alignments found for chromosome 'unassigned-0001738'
     1x: No alignments found for chromosome 'unassigned-0001739'
     1x: No alignments found for chromosome 'unassigned-0001740'
     1x: No alignments found for chromosome 'unassigned-0001741'
     1x: No alignments found for chromosome 'unassigned-0001744'
     1x: No alignments found for chromosome 'unassigned-0001745'
     1x: No alignments found for chromosome 'unassigned-0001747'
     1x: No alignments found for chromosome 'unassigned-0001748'
     1x: No overlapping alignments found for region 220000-237255 even with 10000bp window
     1x: No alignments found for chromosome 'unassigned-0001751'
     1x: No alignments found for chromosome 'unassigned-0001756'
     1x: No alignments found for chromosome 'unassigned-0001759'
     1x: No alignments found for chromosome 'unassigned-0001764'
     1x: No alignments found for chromosome 'unassigned-0001765'
     1x: No alignments found for chromosome 'unassigned-0001768'
     1x: No alignments found for chromosome 'unassigned-0001771'
     1x: No alignments found for chromosome 'unassigned-0001772'
     1x: No alignments found for chromosome 'unassigned-0001774'
     1x: No alignments found for chromosome 'unassigned-0001778'
     1x: No alignments found for chromosome 'unassigned-0001783'
     1x: No alignments found for chromosome 'unassigned-0001784'
     1x: No alignments found for chromosome 'unassigned-0001785'
     1x: No alignments found for chromosome 'unassigned-0001788'
     1x: No alignments found for chromosome 'unassigned-0001789'
     1x: No alignments found for chromosome 'unassigned-0001791'
     1x: No alignments found for chromosome 'unassigned-0001794'
     1x: No alignments found for chromosome 'unassigned-0001795'
     1x: No alignments found for chromosome 'unassigned-0001798'
     1x: No alignments found for chromosome 'unassigned-0001799'
     1x: No alignments found for chromosome 'unassigned-0001801'
     1x: No alignments found for chromosome 'unassigned-0001802'
     1x: No alignments found for chromosome 'unassigned-0001804'
     1x: No alignments found for chromosome 'unassigned-0001812'
     1x: No alignments found for chromosome 'unassigned-0001815'
     1x: No alignments found for chromosome 'unassigned-0001818'
     1x: No alignments found for chromosome 'unassigned-0001819'
     1x: No alignments found for chromosome 'unassigned-0001820'
     1x: No alignments found for chromosome 'unassigned-0001829'
     1x: No alignments found for chromosome 'unassigned-0001834'
     1x: No alignments found for chromosome 'unassigned-0001839'
     1x: No alignments found for chromosome 'unassigned-0001840'
     1x: No alignments found for chromosome 'unassigned-0001841'
     1x: No alignments found for chromosome 'unassigned-0001842'
     1x: No alignments found for chromosome 'unassigned-0001854'
     1x: No alignments found for chromosome 'unassigned-0001855'
     1x: No alignments found for chromosome 'unassigned-0001856'
     1x: No alignments found for chromosome 'unassigned-0001857'
     1x: No alignments found for chromosome 'unassigned-0001858'
     1x: No alignments found for chromosome 'unassigned-0001860'
     1x: No alignments found for chromosome 'unassigned-0001862'
     1x: No alignments found for chromosome 'unassigned-0001869'
     1x: No alignments found for chromosome 'unassigned-0001873'
     1x: No alignments found for chromosome 'unassigned-0001876'
     1x: No alignments found for chromosome 'unassigned-0001881'
     1x: No alignments found for chromosome 'unassigned-0001887'
     1x: No alignments found for chromosome 'unassigned-0001890'
     1x: No alignments found for chromosome 'unassigned-0001893'
     1x: No alignments found for chromosome 'unassigned-0001894'
     1x: No alignments found for chromosome 'unassigned-0001897'
     1x: No alignments found for chromosome 'unassigned-0001898'
     1x: No alignments found for chromosome 'unassigned-0001899'
     1x: No alignments found for chromosome 'unassigned-0001900'
     1x: No alignments found for chromosome 'unassigned-0001903'
     1x: No alignments found for chromosome 'unassigned-0001904'
     1x: No alignments found for chromosome 'unassigned-0001906'
     1x: No alignments found for chromosome 'unassigned-0001909'
     1x: No alignments found for chromosome 'unassigned-0001910'
     1x: No alignments found for chromosome 'unassigned-0001911'
     1x: No alignments found for chromosome 'unassigned-0001913'
     1x: No alignments found for chromosome 'unassigned-0001917'
     1x: No alignments found for chromosome 'unassigned-0001920'
     1x: No alignments found for chromosome 'unassigned-0001922'
     1x: No overlapping alignments found for region 852000-888000 even with 10000bp window
     1x: No overlapping alignments found for region 888000-1056000 even with 10000bp window
     1x: No overlapping alignments found for region 1056000-1152000 even with 10000bp window
     1x: No overlapping alignments found for region 1152000-1176000 even with 10000bp window
     1x: No overlapping alignments found for region 1176000-1308000 even with 10000bp window
     1x: No overlapping alignments found for region 1308000-1416000 even with 10000bp window
     1x: No overlapping alignments found for region 1416000-1496000 even with 10000bp window
     1x: No overlapping alignments found for region 1496000-1656000 even with 10000bp window
     1x: No alignments found for chromosome 'unassigned-0001930'
     1x: No alignments found for chromosome 'unassigned-0001931'
     1x: No alignments found for chromosome 'unassigned-0001935'
     1x: No alignments found for chromosome 'unassigned-0001938'
     1x: No alignments found for chromosome 'unassigned-0001947'
     1x: No alignments found for chromosome 'unassigned-0001948'
     1x: No alignments found for chromosome 'unassigned-0001950'
     1x: No alignments found for chromosome 'unassigned-0001953'
     1x: No alignments found for chromosome 'unassigned-0001956'
     1x: No alignments found for chromosome 'unassigned-0001960'
     1x: No alignments found for chromosome 'unassigned-0001962'
     1x: No alignments found for chromosome 'unassigned-0001963'
     1x: No alignments found for chromosome 'unassigned-0001968'
     1x: No alignments found for chromosome 'unassigned-0001971'
     1x: No alignments found for chromosome 'unassigned-0001972'
     1x: No alignments found for chromosome 'unassigned-0001974'
     1x: No overlapping alignments found for region 200000-204757 even with 10000bp window
     1x: No alignments found for chromosome 'unassigned-0001984'
     1x: No alignments found for chromosome 'unassigned-0001986'
     1x: No alignments found for chromosome 'unassigned-0001987'
     1x: No alignments found for chromosome 'unassigned-0001988'
     1x: No alignments found for chromosome 'unassigned-0001993'
     1x: No alignments found for chromosome 'unassigned-0001998'
     1x: No alignments found for chromosome 'unassigned-0001999'
     1x: No alignments found for chromosome 'unassigned-0002000'
     1x: No alignments found for chromosome 'unassigned-0002003'
     1x: No alignments found for chromosome 'unassigned-0002004'
     1x: No alignments found for chromosome 'unassigned-0002006'
     1x: No alignments found for chromosome 'unassigned-0002008'
     1x: No alignments found for chromosome 'unassigned-0002009'
     1x: No alignments found for chromosome 'unassigned-0002010'
     1x: No alignments found for chromosome 'unassigned-0002015'
     1x: No alignments found for chromosome 'unassigned-0002023'
     1x: No alignments found for chromosome 'unassigned-0002024'
     1x: No alignments found for chromosome 'unassigned-0002025'
     1x: No alignments found for chromosome 'unassigned-0002027'
     1x: No alignments found for chromosome 'unassigned-0002029'
     1x: No alignments found for chromosome 'unassigned-0002035'
     1x: No alignments found for chromosome 'unassigned-0002036'
     1x: No alignments found for chromosome 'unassigned-0002049'
     1x: No alignments found for chromosome 'unassigned-0002050'
     1x: No alignments found for chromosome 'unassigned-0002052'
     1x: No overlapping alignments found for region 200000-229122 even with 10000bp window
     1x: No alignments found for chromosome 'unassigned-0002058'
     1x: No alignments found for chromosome 'unassigned-0002059'
     1x: No alignments found for chromosome 'unassigned-0002067'
     1x: No alignments found for chromosome 'unassigned-0002068'
     1x: No alignments found for chromosome 'unassigned-0002070'
     1x: No alignments found for chromosome 'unassigned-0002074'
     1x: No alignments found for chromosome 'unassigned-0002075'
     1x: No alignments found for chromosome 'unassigned-0002076'
     1x: No alignments found for chromosome 'unassigned-0002078'
     1x: No alignments found for chromosome 'unassigned-0002080'
     1x: No alignments found for chromosome 'unassigned-0002081'
     1x: No alignments found for chromosome 'unassigned-0002085'
     1x: No alignments found for chromosome 'unassigned-0002089'
     1x: No alignments found for chromosome 'unassigned-0002091'
     1x: No alignments found for chromosome 'unassigned-0002096'
     1x: No alignments found for chromosome 'unassigned-0002099'
     1x: No alignments found for chromosome 'unassigned-0002101'
     1x: No alignments found for chromosome 'unassigned-0002103'
     1x: No alignments found for chromosome 'unassigned-0002104'
     1x: No alignments found for chromosome 'unassigned-0002108'
     1x: No alignments found for chromosome 'unassigned-0002109'
     1x: No alignments found for chromosome 'unassigned-0002115'
     1x: No alignments found for chromosome 'unassigned-0002118'
     1x: No alignments found for chromosome 'unassigned-0002120'
     1x: No alignments found for chromosome 'unassigned-0002122'
     1x: No alignments found for chromosome 'unassigned-0002124'
     1x: No alignments found for chromosome 'unassigned-0002127'
     1x: No alignments found for chromosome 'unassigned-0002129'
     1x: No alignments found for chromosome 'unassigned-0002133'
     1x: No alignments found for chromosome 'unassigned-0002142'
     1x: No alignments found for chromosome 'unassigned-0002144'
     1x: No alignments found for chromosome 'unassigned-0002150'
     1x: No alignments found for chromosome 'unassigned-0002152'
     1x: No alignments found for chromosome 'unassigned-0002157'
     1x: No alignments found for chromosome 'unassigned-0002159'
     1x: No alignments found for chromosome 'unassigned-0002160'
     1x: No alignments found for chromosome 'unassigned-0002161'
     1x: No alignments found for chromosome 'unassigned-0002162'
     1x: No alignments found for chromosome 'unassigned-0002163'
     1x: No alignments found for chromosome 'unassigned-0002164'
     1x: No alignments found for chromosome 'unassigned-0002168'
     1x: No alignments found for chromosome 'unassigned-0002175'
     1x: No alignments found for chromosome 'unassigned-0002177'
     1x: No alignments found for chromosome 'unassigned-0002179'
     1x: No alignments found for chromosome 'unassigned-0002182'
     1x: No alignments found for chromosome 'unassigned-0002185'
     1x: No alignments found for chromosome 'unassigned-0002189'
     1x: No alignments found for chromosome 'unassigned-0002192'
     1x: No alignments found for chromosome 'unassigned-0002195'
     1x: No alignments found for chromosome 'unassigned-0002201'
     1x: Could not map end position 107999 even with 10000bp search window
     1x: Could not map start position 108000 even with 10000bp search window
     1x: No alignments found for chromosome 'unassigned-0002215'
     1x: No alignments found for chromosome 'unassigned-0002218'
     1x: No alignments found for chromosome 'unassigned-0002223'
     1x: No alignments found for chromosome 'unassigned-0002225'
     1x: No alignments found for chromosome 'unassigned-0002230'
     1x: No alignments found for chromosome 'unassigned-0002231'
     1x: No alignments found for chromosome 'unassigned-0002244'
     1x: No alignments found for chromosome 'unassigned-0002248'
     1x: No alignments found for chromosome 'unassigned-0002250'
     1x: No alignments found for chromosome 'unassigned-0002254'
     1x: No overlapping alignments found for region 232000-242841 even with 10000bp window
     1x: No alignments found for chromosome 'unassigned-0002288'
     1x: No alignments found for chromosome 'unassigned-0002295'
     1x: No alignments found for chromosome 'unassigned-0002299'
     1x: No alignments found for chromosome 'unassigned-0002303'
     1x: No alignments found for chromosome 'unassigned-0002304'
     1x: No alignments found for chromosome 'unassigned-0002305'
     1x: No alignments found for chromosome 'unassigned-0002306'
     1x: No alignments found for chromosome 'unassigned-0002317'
     1x: No alignments found for chromosome 'unassigned-0002319'
     1x: No alignments found for chromosome 'unassigned-0002321'
     1x: No alignments found for chromosome 'unassigned-0002322'
     1x: No alignments found for chromosome 'unassigned-0002323'
     1x: No alignments found for chromosome 'unassigned-0002329'
     1x: No alignments found for chromosome 'unassigned-0002332'
     1x: No alignments found for chromosome 'unassigned-0002335'
     1x: No alignments found for chromosome 'unassigned-0002341'
     1x: No alignments found for chromosome 'unassigned-0002343'
     1x: No alignments found for chromosome 'unassigned-0002347'
     1x: No alignments found for chromosome 'unassigned-0002352'
     1x: No overlapping alignments found for region 220000-243564 even with 10000bp window
     1x: No overlapping alignments found for region 212000-230990 even with 10000bp window
     1x: No alignments found for chromosome 'unassigned-0002357'
     1x: No alignments found for chromosome 'unassigned-0002358'
     1x: No alignments found for chromosome 'unassigned-0002360'
     1x: No alignments found for chromosome 'unassigned-0002361'
     1x: No alignments found for chromosome 'unassigned-0002371'
     1x: No alignments found for chromosome 'unassigned-0002396'
     1x: No alignments found for chromosome 'unassigned-0002397'
     1x: No alignments found for chromosome 'unassigned-0002404'
     1x: No alignments found for chromosome 'unassigned-0002407'
     1x: No alignments found for chromosome 'unassigned-0002410'
     1x: No alignments found for chromosome 'unassigned-0002422'
     1x: No alignments found for chromosome 'unassigned-0002426'
     1x: No alignments found for chromosome 'unassigned-0002428'
Original regions: 10211
Lifted regions: 8435
Unmapped regions: 3552
Success rate: 70.00%
