nucflag/COLLAPSE: 8 regions, 286,837 bp
  satellite: 1 regions, 107,680 bp (37.54%)
  other_repeat: 279 regions, 94,486 bp (32.94%)
  non_repetitive: 274 regions, 84,671 bp (29.52%)
nucflag/COLLAPSE_OTHER: 1661 regions, 35,629,325 bp
  satellite: 2576 regions, 13,707,887 bp (38.47%)
  other_repeat: 34944 regions, 12,160,338 bp (34.13%)
  non_repetitive: 36093 regions, 9,761,100 bp (27.4%)
nucflag/COLLAPSE_VAR: 9 regions, 474,206 bp
  satellite: 3 regions, 281,650 bp (59.39%)
  other_repeat: 363 regions, 112,906 bp (23.81%)
  non_repetitive: 359 regions, 79,650 bp (16.8%)
nucflag/HET: 37681 regions, 936,790,992 bp
  satellite: 16241 regions, 70,110,747 bp (7.48%)
  other_repeat: 1253692 regions, 441,750,858 bp (47.16%)
  non_repetitive: 1253886 regions, 424,929,387 bp (45.36%)
nucflag/MISJOIN: 2856 regions, 30,748,579 bp
  satellite: 522 regions, 3,548,388 bp (11.54%)
  other_repeat: 44545 regions, 13,413,874 bp (43.62%)
  non_repetitive: 43319 regions, 13,786,317 bp (44.84%)
flagger/Col: 1529 regions, 113,288,000 bp
  satellite: 2612 regions, 7,058,276 bp (6.23%)
  other_repeat: 137846 regions, 55,747,705 bp (49.21%)
  non_repetitive: 137493 regions, 50,482,019 bp (44.56%)
flagger/Dup: 739 regions, 50,007,752 bp
  satellite: 462 regions, 1,659,436 bp (3.32%)
  other_repeat: 74250 regions, 24,909,352 bp (49.81%)
  non_repetitive: 74403 regions, 23,438,964 bp (46.87%)
flagger/Err: 1153 regions, 82,272,402 bp
  satellite: 1884 regions, 8,529,652 bp (10.37%)
  other_repeat: 128645 regions, 39,487,494 bp (48.0%)
  non_repetitive: 130105 regions, 34,255,256 bp (41.64%)
flagger/Hap: 2285 regions, 5,802,830,490 bp
  satellite: 69260 regions, 289,115,798 bp (4.98%)
  other_repeat: 7693145 regions, 2,788,339,294 bp (48.05%)
  non_repetitive: 7685359 regions, 2,725,375,398 bp (46.97%)
Done.
