INFO:cooler.cli.balance:Balancing "outputs/pairs_files_T2T/T2T04.hp1/cooler/T2T04.hp1_nonadj_25000_balanced.cool"
INFO:cooler._balance:chr1
INFO:cooler._balance:variance is 36765805.83406103
INFO:cooler._balance:variance is 286162.63873238844
INFO:cooler._balance:variance is 83581.49664439583
INFO:cooler._balance:variance is 34947.94831098469
INFO:cooler._balance:variance is 14443.397757100782
INFO:cooler._balance:variance is 6534.460621476983
INFO:cooler._balance:variance is 2918.5934188947763
INFO:cooler._balance:variance is 1342.6823227154703
INFO:cooler._balance:variance is 611.7946053548044
INFO:cooler._balance:variance is 281.96283350604136
INFO:cooler._balance:variance is 129.24524374886505
INFO:cooler._balance:variance is 59.52937697440788
INFO:cooler._balance:variance is 27.343477925058142
INFO:cooler._balance:variance is 12.586405192105701
INFO:cooler._balance:variance is 5.7859612341583055
INFO:cooler._balance:variance is 2.662362136678773
INFO:cooler._balance:variance is 1.224303092617912
INFO:cooler._balance:variance is 0.5632500496101791
INFO:cooler._balance:variance is 0.2590526924235985
INFO:cooler._balance:variance is 0.11916870546526732
INFO:cooler._balance:variance is 0.05481233816684068
INFO:cooler._balance:variance is 0.025213577918978925
INFO:cooler._balance:variance is 0.011597486360738872
INFO:cooler._balance:variance is 0.005334720380913783
INFO:cooler._balance:variance is 0.0024538449811473523
INFO:cooler._balance:variance is 0.00112873253342558
INFO:cooler._balance:variance is 0.0005191935473843319
INFO:cooler._balance:variance is 0.0002388203983078554
INFO:cooler._balance:variance is 0.00010985275110364547
INFO:cooler._balance:variance is 5.0530342863554936e-05
INFO:cooler._balance:variance is 2.3243008986113578e-05
INFO:cooler._balance:variance is 1.0691367976779229e-05
INFO:cooler._balance:variance is 4.917831580231079e-06
INFO:cooler._balance:chr2
INFO:cooler._balance:variance is 1569341.5192343884
INFO:cooler._balance:variance is 202098.80994468325
INFO:cooler._balance:variance is 41289.267632590214
INFO:cooler._balance:variance is 10032.21516833239
INFO:cooler._balance:variance is 2358.892486329934
INFO:cooler._balance:variance is 578.8164943251592
INFO:cooler._balance:variance is 142.34824143306307
INFO:cooler._balance:variance is 35.82858167246944
INFO:cooler._balance:variance is 9.172490904513525
INFO:cooler._balance:variance is 2.407714321521042
INFO:cooler._balance:variance is 0.6488544964301118
INFO:cooler._balance:variance is 0.18014363065214445
INFO:cooler._balance:variance is 0.051554374623652775
INFO:cooler._balance:variance is 0.015200075819848849
INFO:cooler._balance:variance is 0.004605741473566823
INFO:cooler._balance:variance is 0.0014293050818448574
INFO:cooler._balance:variance is 0.000452456370701391
INFO:cooler._balance:variance is 0.00014552222797292776
INFO:cooler._balance:variance is 4.73835873187748e-05
INFO:cooler._balance:variance is 1.5572782897001764e-05
INFO:cooler._balance:variance is 5.153476699636538e-06
INFO:cooler._balance:chr3
INFO:cooler._balance:variance is 1036890.4350046981
INFO:cooler._balance:variance is 228855.40491487787
INFO:cooler._balance:variance is 47912.63877710627
INFO:cooler._balance:variance is 15492.011705898336
INFO:cooler._balance:variance is 4152.324957505951
INFO:cooler._balance:variance is 1259.904860476987
INFO:cooler._balance:variance is 366.7342395726633
INFO:cooler._balance:variance is 111.70248683163969
INFO:cooler._balance:variance is 34.03248712979899
INFO:cooler._balance:variance is 10.61675944810911
INFO:cooler._balance:variance is 3.347907273392825
INFO:cooler._balance:variance is 1.0728702426421861
INFO:cooler._balance:variance is 0.34780828291227817
INFO:cooler._balance:variance is 0.11409031004922646
INFO:cooler._balance:variance is 0.037778673437373414
INFO:cooler._balance:variance is 0.012615101115644753
INFO:cooler._balance:variance is 0.004241231961889997
INFO:cooler._balance:variance is 0.0014340863690030044
INFO:cooler._balance:variance is 0.0004871432588536625
INFO:cooler._balance:variance is 0.00016609739778283288
INFO:cooler._balance:variance is 5.680202088762981e-05
INFO:cooler._balance:variance is 1.9471481799852432e-05
INFO:cooler._balance:variance is 6.6873153367799116e-06
INFO:cooler._balance:chr4
INFO:cooler._balance:variance is 901715.9591978963
INFO:cooler._balance:variance is 143434.25346494163
INFO:cooler._balance:variance is 33065.30137761352
INFO:cooler._balance:variance is 10410.780746300288
INFO:cooler._balance:variance is 3181.63083484365
INFO:cooler._balance:variance is 1068.8521754957562
INFO:cooler._balance:variance is 360.02801352167137
INFO:cooler._balance:variance is 125.48862391110329
INFO:cooler._balance:variance is 43.97495420269776
INFO:cooler._balance:variance is 15.612180197454524
INFO:cooler._balance:variance is 5.561250861750436
INFO:cooler._balance:variance is 1.9910990084393898
INFO:cooler._balance:variance is 0.7140802210342855
INFO:cooler._balance:variance is 0.25661552046710534
INFO:cooler._balance:variance is 0.09229172703217534
INFO:cooler._balance:variance is 0.03322002581043876
INFO:cooler._balance:variance is 0.011961698719179906
INFO:cooler._balance:variance is 0.0043085625235034135
INFO:cooler._balance:variance is 0.001552176701421593
INFO:cooler._balance:variance is 0.0005592560183579839
INFO:cooler._balance:variance is 0.0002015165060947303
INFO:cooler._balance:variance is 7.261660114797768e-05
INFO:cooler._balance:variance is 2.6168240244895705e-05
INFO:cooler._balance:variance is 9.43026154305837e-06
INFO:cooler._balance:chr5
INFO:cooler._balance:variance is 977998.2234931566
INFO:cooler._balance:variance is 131649.7278626411
INFO:cooler._balance:variance is 25513.794871815277
INFO:cooler._balance:variance is 5781.94933607244
INFO:cooler._balance:variance is 1329.96222507676
INFO:cooler._balance:variance is 323.52639106971185
INFO:cooler._balance:variance is 81.37704232472929
INFO:cooler._balance:variance is 21.340021915259257
INFO:cooler._balance:variance is 5.788808915382801
INFO:cooler._balance:variance is 1.6239122534480797
INFO:cooler._balance:variance is 0.46846164461815526
INFO:cooler._balance:variance is 0.13852491474702244
INFO:cooler._balance:variance is 0.04179359891500688
INFO:cooler._balance:variance is 0.012820216843681061
INFO:cooler._balance:variance is 0.003984527003223963
INFO:cooler._balance:variance is 0.0012513166514261415
INFO:cooler._balance:variance is 0.0003961429194402919
INFO:cooler._balance:variance is 0.00012619379717350337
INFO:cooler._balance:variance is 4.039158568321847e-05
INFO:cooler._balance:variance is 1.2975409927216551e-05
INFO:cooler._balance:variance is 4.179736333971679e-06
INFO:cooler._balance:chr6
INFO:cooler._balance:variance is 935034.8487397498
INFO:cooler._balance:variance is 401900.99777355033
INFO:cooler._balance:variance is 134149.28925444657
INFO:cooler._balance:variance is 77085.13308701075
INFO:cooler._balance:variance is 30618.602360122015
INFO:cooler._balance:variance is 15836.11614923458
INFO:cooler._balance:variance is 6819.7644456512
INFO:cooler._balance:variance is 3336.2765548007296
INFO:cooler._balance:variance is 1494.8039538935207
INFO:cooler._balance:variance is 711.6674032429789
INFO:cooler._balance:variance is 325.00042201850414
INFO:cooler._balance:variance is 152.73519624414516
INFO:cooler._balance:variance is 70.3856869543426
INFO:cooler._balance:variance is 32.875609653824434
INFO:cooler._balance:variance is 15.215150240046446
INFO:cooler._balance:variance is 7.086191367898417
INFO:cooler._balance:variance is 3.2861449188815537
INFO:cooler._balance:variance is 1.5283992746525303
INFO:cooler._balance:variance is 0.7094441472644581
INFO:cooler._balance:variance is 0.3297573147426526
INFO:cooler._balance:variance is 0.15313202777263094
INFO:cooler._balance:variance is 0.0711565013846101
INFO:cooler._balance:variance is 0.03305025611589989
INFO:cooler._balance:variance is 0.015355499002987702
INFO:cooler._balance:variance is 0.007132888776087575
INFO:cooler._balance:variance is 0.003313804614249607
INFO:cooler._balance:variance is 0.0015393863177849576
INFO:cooler._balance:variance is 0.0007151484590344296
INFO:cooler._balance:variance is 0.0003322200688704064
INFO:cooler._balance:variance is 0.00015433643725450044
INFO:cooler._balance:variance is 7.169721411677142e-05
INFO:cooler._balance:variance is 3.3307505596198024e-05
INFO:cooler._balance:variance is 1.5473118470003754e-05
INFO:cooler._balance:variance is 7.188137707056651e-06
INFO:cooler._balance:chr7
INFO:cooler._balance:variance is 615624.7759949033
INFO:cooler._balance:variance is 102266.88713026216
INFO:cooler._balance:variance is 23639.211594327564
INFO:cooler._balance:variance is 7129.914927720127
INFO:cooler._balance:variance is 1926.049340702299
INFO:cooler._balance:variance is 558.2924404755087
INFO:cooler._balance:variance is 156.48871121921948
INFO:cooler._balance:variance is 44.78224329325674
INFO:cooler._balance:variance is 12.691526004835007
INFO:cooler._balance:variance is 3.6196366539423543
INFO:cooler._balance:variance is 1.029686464427792
INFO:cooler._balance:variance is 0.29354543352480916
INFO:cooler._balance:variance is 0.08365074415611592
INFO:cooler._balance:variance is 0.023861336682768526
INFO:cooler._balance:variance is 0.006808452016906118
INFO:cooler._balance:variance is 0.0019441284167063114
INFO:cooler._balance:variance is 0.0005554690206055119
INFO:cooler._balance:variance is 0.0001588302717463317
INFO:cooler._balance:variance is 4.5452081875393887e-05
INFO:cooler._balance:variance is 1.3018887915530673e-05
INFO:cooler._balance:variance is 3.7327450621690467e-06
INFO:cooler._balance:chrX
INFO:cooler._balance:chr9
INFO:cooler._balance:variance is 486218.4718713607
INFO:cooler._balance:variance is 116887.61344483097
INFO:cooler._balance:variance is 44418.198463355126
INFO:cooler._balance:variance is 23810.156290103525
INFO:cooler._balance:variance is 11019.280129774806
INFO:cooler._balance:variance is 6255.745315045621
INFO:cooler._balance:variance is 3189.0034188187765
INFO:cooler._balance:variance is 1840.2267021446205
INFO:cooler._balance:variance is 993.2544913612179
INFO:cooler._balance:variance is 575.1978395271645
INFO:cooler._balance:variance is 320.3416001909525
INFO:cooler._balance:variance is 185.44937658900204
INFO:cooler._balance:variance is 104.98367727919022
INFO:cooler._balance:variance is 60.702317437241376
INFO:cooler._balance:variance is 34.65311270962751
INFO:cooler._balance:variance is 20.01339400812351
INFO:cooler._balance:variance is 11.474301370401163
INFO:cooler._balance:variance is 6.620962812441202
INFO:cooler._balance:variance is 3.8044794410784237
INFO:cooler._balance:variance is 2.193945182370859
INFO:cooler._balance:variance is 1.2621434714568351
INFO:cooler._balance:variance is 0.727556237484736
INFO:cooler._balance:variance is 0.4188134624596182
INFO:cooler._balance:variance is 0.24136228828092277
INFO:cooler._balance:variance is 0.13898561218849714
INFO:cooler._balance:variance is 0.08008502379625237
INFO:cooler._balance:variance is 0.04612450210835388
INFO:cooler._balance:variance is 0.026574939280441176
INFO:cooler._balance:variance is 0.01530723610251026
INFO:cooler._balance:variance is 0.008818868141694771
INFO:cooler._balance:variance is 0.005079978805033693
INFO:cooler._balance:variance is 0.002926600151836149
INFO:cooler._balance:variance is 0.001685878220018759
INFO:cooler._balance:variance is 0.00097122328063842
INFO:cooler._balance:variance is 0.0005594865452842881
INFO:cooler._balance:variance is 0.0003223127436119508
INFO:cooler._balance:variance is 0.00018567457117682576
INFO:cooler._balance:variance is 0.00010696391840400568
INFO:cooler._balance:variance is 6.161901489117078e-05
INFO:cooler._balance:variance is 3.5497511005592796e-05
INFO:cooler._balance:variance is 2.0449221110815184e-05
INFO:cooler._balance:variance is 1.1780369717675385e-05
INFO:cooler._balance:variance is 6.786386669403458e-06
INFO:cooler._balance:chr8
INFO:cooler._balance:variance is 484322.3608137768
INFO:cooler._balance:variance is 44578.22189980115
INFO:cooler._balance:variance is 7701.214881575412
INFO:cooler._balance:variance is 1687.1994222985313
INFO:cooler._balance:variance is 378.6397917894169
INFO:cooler._balance:variance is 90.56088029527506
INFO:cooler._balance:variance is 22.326635641582538
INFO:cooler._balance:variance is 5.705018529254438
INFO:cooler._balance:variance is 1.4997978330500623
INFO:cooler._balance:variance is 0.4054745709332039
INFO:cooler._balance:variance is 0.11231692653624707
INFO:cooler._balance:variance is 0.031798192089075576
INFO:cooler._balance:variance is 0.00916986241140827
INFO:cooler._balance:variance is 0.002685491731918306
INFO:cooler._balance:variance is 0.0007963359720136789
INFO:cooler._balance:variance is 0.00023849285026075604
INFO:cooler._balance:variance is 7.197950595625798e-05
INFO:cooler._balance:variance is 2.1853693982984396e-05
INFO:cooler._balance:variance is 6.665068550416204e-06
INFO:cooler._balance:chr11
INFO:cooler._balance:variance is 1053193.5959669836
INFO:cooler._balance:variance is 411930.95162781276
INFO:cooler._balance:variance is 134422.50821565333
INFO:cooler._balance:variance is 78057.40066725058
INFO:cooler._balance:variance is 30900.538766048372
INFO:cooler._balance:variance is 16035.277056133233
INFO:cooler._balance:variance is 6905.212112313938
INFO:cooler._balance:variance is 3382.345973878962
INFO:cooler._balance:variance is 1516.4776299754615
INFO:cooler._balance:variance is 722.5014874720171
INFO:cooler._balance:variance is 330.2005270707575
INFO:cooler._balance:variance is 155.26906358109278
INFO:cooler._balance:variance is 71.60459698776593
INFO:cooler._balance:variance is 33.463655566011184
INFO:cooler._balance:variance is 15.497546867395972
INFO:cooler._balance:variance is 7.221788681944618
INFO:cooler._balance:variance is 3.351120047279744
INFO:cooler._balance:variance is 1.5595111225831189
INFO:cooler._balance:variance is 0.7243229617771865
INFO:cooler._balance:variance is 0.33686746285412644
INFO:cooler._balance:variance is 0.15652666058640613
INFO:cooler._balance:variance is 0.07277608807243953
INFO:cooler._balance:variance is 0.03382238507813416
INFO:cooler._balance:variance is 0.015723376485414203
INFO:cooler._balance:variance is 0.007308048971263946
INFO:cooler._balance:variance is 0.0033971575516989986
INFO:cooler._balance:variance is 0.0015790285159327754
INFO:cooler._balance:variance is 0.0007339922937113507
INFO:cooler._balance:variance is 0.0003411728423631537
INFO:cooler._balance:variance is 0.00015858790824457999
INFO:cooler._balance:variance is 7.371520101724526e-05
INFO:cooler._balance:variance is 3.426493592633466e-05
INFO:cooler._balance:variance is 1.592717605299228e-05
INFO:cooler._balance:variance is 7.403385660811262e-06
INFO:cooler._balance:chr10
INFO:cooler._balance:variance is 989667.2820600508
INFO:cooler._balance:variance is 82877.11913880841
INFO:cooler._balance:variance is 18575.101543574827
INFO:cooler._balance:variance is 4941.007149742653
INFO:cooler._balance:variance is 1307.9742150146894
INFO:cooler._balance:variance is 362.27739760751143
INFO:cooler._balance:variance is 101.74947926784198
INFO:cooler._balance:variance is 29.34228333318286
INFO:cooler._balance:variance is 8.617625369286568
INFO:cooler._balance:variance is 2.5849411491336487
INFO:cooler._balance:variance is 0.7889609522515613
INFO:cooler._balance:variance is 0.2449080682705974
INFO:cooler._balance:variance is 0.07710359988586178
INFO:cooler._balance:variance is 0.02457972742134688
INFO:cooler._balance:variance is 0.007916181839056796
INFO:cooler._balance:variance is 0.0025713652102453454
INFO:cooler._balance:variance is 0.0008409549698148832
INFO:cooler._balance:variance is 0.0002765454818491565
INFO:cooler._balance:variance is 9.133363571713806e-05
INFO:cooler._balance:variance is 3.026682145575493e-05
INFO:cooler._balance:variance is 1.0056423776526527e-05
INFO:cooler._balance:variance is 3.34815438566245e-06
INFO:cooler._balance:chr12
INFO:cooler._balance:variance is 625554.8269693828
INFO:cooler._balance:variance is 167631.8709037144
INFO:cooler._balance:variance is 49694.8660641373
INFO:cooler._balance:variance is 20316.888837905157
INFO:cooler._balance:variance is 7114.4362010029545
INFO:cooler._balance:variance is 2807.6734458243595
INFO:cooler._balance:variance is 1043.0356974866145
INFO:cooler._balance:variance is 406.7774042724412
INFO:cooler._balance:variance is 154.89207595513355
INFO:cooler._balance:variance is 60.1639139697205
INFO:cooler._balance:variance is 23.150044487201704
INFO:cooler._balance:variance is 8.980008570151089
INFO:cooler._balance:variance is 3.470626643342996
INFO:cooler._balance:variance is 1.3457226934145663
INFO:cooler._balance:variance is 0.5210624262678446
INFO:cooler._balance:variance is 0.2020194469827506
INFO:cooler._balance:variance is 0.07828221430286378
INFO:cooler._balance:variance is 0.030350179622583243
INFO:cooler._balance:variance is 0.01176444715549476
INFO:cooler._balance:variance is 0.004561138450842557
INFO:cooler._balance:variance is 0.0017682442681224433
INFO:cooler._balance:variance is 0.0006855639260480387
INFO:cooler._balance:variance is 0.00026579182513450464
INFO:cooler._balance:variance is 0.00010305048247147763
INFO:cooler._balance:variance is 3.99534307026135e-05
INFO:cooler._balance:variance is 1.5490451195910013e-05
INFO:cooler._balance:variance is 6.005822685737792e-06
INFO:cooler._balance:chr13
INFO:cooler._balance:variance is 1296243.5103710298
INFO:cooler._balance:variance is 44939.7794546489
INFO:cooler._balance:variance is 8104.241587795818
INFO:cooler._balance:variance is 1830.017211802803
INFO:cooler._balance:variance is 414.80831739266216
INFO:cooler._balance:variance is 100.23606017790885
INFO:cooler._balance:variance is 25.000315512846708
INFO:cooler._balance:variance is 6.480475280073181
INFO:cooler._balance:variance is 1.7295352769781258
INFO:cooler._balance:variance is 0.4743551887408866
INFO:cooler._balance:variance is 0.13294254239884234
INFO:cooler._balance:variance is 0.03794090700951746
INFO:cooler._balance:variance is 0.010981569491626837
INFO:cooler._balance:variance is 0.003213950257362238
INFO:cooler._balance:variance is 0.000948545019823607
INFO:cooler._balance:variance is 0.0002817369001852785
INFO:cooler._balance:variance is 8.407873887439464e-05
INFO:cooler._balance:variance is 2.518014775325214e-05
INFO:cooler._balance:variance is 7.5605894585485146e-06
INFO:cooler._balance:chr14
INFO:cooler._balance:variance is 487161.59066196776
INFO:cooler._balance:variance is 82974.85667768493
INFO:cooler._balance:variance is 17274.928783589676
INFO:cooler._balance:variance is 5233.105050687908
INFO:cooler._balance:variance is 1467.4295204193254
INFO:cooler._balance:variance is 471.58058317928186
INFO:cooler._balance:variance is 154.4851684303013
INFO:cooler._balance:variance is 54.048660601875206
INFO:cooler._balance:variance is 19.539853142717632
INFO:cooler._balance:variance is 7.317645520521221
INFO:cooler._balance:variance is 2.8003170365326606
INFO:cooler._balance:variance is 1.0905259802534057
INFO:cooler._balance:variance is 0.42933373747517717
INFO:cooler._balance:variance is 0.1703784436495689
INFO:cooler._balance:variance is 0.06794689292651894
INFO:cooler._balance:variance is 0.02719123524741199
INFO:cooler._balance:variance is 0.01090460451376612
INFO:cooler._balance:variance is 0.004379564611166037
INFO:cooler._balance:variance is 0.0017605280155397946
INFO:cooler._balance:variance is 0.0007081493947945219
INFO:cooler._balance:variance is 0.0002849519981311583
INFO:cooler._balance:variance is 0.00011469171198456105
INFO:cooler._balance:variance is 4.617020216100225e-05
INFO:cooler._balance:variance is 1.8588280392195284e-05
INFO:cooler._balance:variance is 7.484208492020844e-06
INFO:cooler._balance:chr15
INFO:cooler._balance:variance is 365696.1955019671
INFO:cooler._balance:variance is 27733.178715733935
INFO:cooler._balance:variance is 5827.257503240227
INFO:cooler._balance:variance is 1480.0583982468606
INFO:cooler._balance:variance is 404.48989337407085
INFO:cooler._balance:variance is 119.77376102768115
INFO:cooler._balance:variance is 37.513181210321385
INFO:cooler._balance:variance is 12.28966502886226
INFO:cooler._balance:variance is 4.160086430499074
INFO:cooler._balance:variance is 1.4402209934580636
INFO:cooler._balance:variance is 0.5064815338725489
INFO:cooler._balance:variance is 0.17991144051029748
INFO:cooler._balance:variance is 0.06434436239764244
INFO:cooler._balance:variance is 0.023109974545440483
INFO:cooler._balance:variance is 0.008323734122270268
INFO:cooler._balance:variance is 0.003003255832546256
INFO:cooler._balance:variance is 0.001084848343089526
INFO:cooler._balance:variance is 0.00039215115059915574
INFO:cooler._balance:variance is 0.00014182145480673756
INFO:cooler._balance:variance is 5.130449045413416e-05
INFO:cooler._balance:variance is 1.856313834671569e-05
INFO:cooler._balance:variance is 6.717352625242679e-06
INFO:cooler._balance:chr16
INFO:cooler._balance:variance is 7464887.942629947
INFO:cooler._balance:variance is 98806.38905418882
INFO:cooler._balance:variance is 33678.38706263402
INFO:cooler._balance:variance is 19284.987026175506
INFO:cooler._balance:variance is 8576.862503771385
INFO:cooler._balance:variance is 4793.113288597461
INFO:cooler._balance:variance is 2319.852884565122
INFO:cooler._balance:variance is 1255.7394628381905
INFO:cooler._balance:variance is 629.6165487446403
INFO:cooler._balance:variance is 334.15305069313547
INFO:cooler._balance:variance is 170.3677125468164
INFO:cooler._balance:variance is 89.44322921420019
INFO:cooler._balance:variance is 45.98590215641909
INFO:cooler._balance:variance is 24.004073630651472
INFO:cooler._balance:variance is 12.394280447436506
INFO:cooler._balance:variance is 6.450165916243306
INFO:cooler._balance:variance is 3.337845587186017
INFO:cooler._balance:variance is 1.7343320583167252
INFO:cooler._balance:variance is 0.8985122010436127
INFO:cooler._balance:variance is 0.4664814452820296
INFO:cooler._balance:variance is 0.2418150755469331
INFO:cooler._balance:variance is 0.12548996452554947
INFO:cooler._balance:variance is 0.06507158889300453
INFO:cooler._balance:variance is 0.0337614505267586
INFO:cooler._balance:variance is 0.017509458391740826
INFO:cooler._balance:variance is 0.00908348712576137
INFO:cooler._balance:variance is 0.00471129301220793
INFO:cooler._balance:variance is 0.002443960429374784
INFO:cooler._balance:variance is 0.001267652741391347
INFO:cooler._balance:variance is 0.0006575684216450536
INFO:cooler._balance:variance is 0.00034108037942163827
INFO:cooler._balance:variance is 0.00017692550009489296
INFO:cooler._balance:variance is 9.177221847244059e-05
INFO:cooler._balance:variance is 4.760376658085815e-05
INFO:cooler._balance:variance is 2.4692480204343036e-05
INFO:cooler._balance:variance is 1.2808342418048882e-05
INFO:cooler._balance:variance is 6.643817201332116e-06
INFO:cooler._balance:chr17
INFO:cooler._balance:variance is 341435.41097293317
INFO:cooler._balance:variance is 71300.11154459321
INFO:cooler._balance:variance is 26628.69039297756
INFO:cooler._balance:variance is 11701.477861510008
INFO:cooler._balance:variance is 5038.6751007704615
INFO:cooler._balance:variance is 2233.893910428509
INFO:cooler._balance:variance is 983.9508087838395
INFO:cooler._balance:variance is 436.5259233148059
INFO:cooler._balance:variance is 193.30261445328676
INFO:cooler._balance:variance is 85.77337195212326
INFO:cooler._balance:variance is 38.03788797355278
INFO:cooler._balance:variance is 16.87953582123593
INFO:cooler._balance:variance is 7.488902205715493
INFO:cooler._balance:variance is 3.3233235142960593
INFO:cooler._balance:variance is 1.4746685359309721
INFO:cooler._balance:variance is 0.6544132713390882
INFO:cooler._balance:variance is 0.2903999825311009
INFO:cooler._balance:variance is 0.12887096807059564
INFO:cooler._balance:variance is 0.057188411428609635
INFO:cooler._balance:variance is 0.025378541176992026
INFO:cooler._balance:variance is 0.011262190529128913
INFO:cooler._balance:variance is 0.004997829622999993
INFO:cooler._balance:variance is 0.002217884720099416
INFO:cooler._balance:variance is 0.0009842320197547254
INFO:cooler._balance:variance is 0.0004367727595871341
INFO:cooler._balance:variance is 0.00019382689013529994
INFO:cooler._balance:variance is 8.601462580085397e-05
INFO:cooler._balance:variance is 3.817075640057012e-05
INFO:cooler._balance:variance is 1.6939053365846916e-05
INFO:cooler._balance:variance is 7.517052564324219e-06
INFO:cooler._balance:chr18
INFO:cooler._balance:variance is 382224.9060610021
INFO:cooler._balance:variance is 43816.36536579363
INFO:cooler._balance:variance is 8754.829554783986
INFO:cooler._balance:variance is 2019.028890997412
INFO:cooler._balance:variance is 464.6666984142021
INFO:cooler._balance:variance is 110.73986667114002
INFO:cooler._balance:variance is 26.39489040636807
INFO:cooler._balance:variance is 6.354981422819946
INFO:cooler._balance:variance is 1.5315311567405387
INFO:cooler._balance:variance is 0.3702644102559666
INFO:cooler._balance:variance is 0.08957941341840112
INFO:cooler._balance:variance is 0.02169607655328846
INFO:cooler._balance:variance is 0.0052568847335053995
INFO:cooler._balance:variance is 0.0012742623868532584
INFO:cooler._balance:variance is 0.00030894309547289624
INFO:cooler._balance:variance is 7.491605144755841e-05
INFO:cooler._balance:variance is 1.8168348281136054e-05
INFO:cooler._balance:variance is 4.4064645891631905e-06
INFO:cooler._balance:chr20
INFO:cooler._balance:variance is 266845.41042995243
INFO:cooler._balance:variance is 21390.806377549252
INFO:cooler._balance:variance is 5683.525148562997
INFO:cooler._balance:variance is 1611.4292919918614
INFO:cooler._balance:variance is 486.75567451001507
INFO:cooler._balance:variance is 154.5523575669313
INFO:cooler._balance:variance is 52.30109477677735
INFO:cooler._balance:variance is 19.015456233865084
INFO:cooler._balance:variance is 7.399124351843623
INFO:cooler._balance:variance is 3.0613165685797106
INFO:cooler._balance:variance is 1.3261155989192586
INFO:cooler._balance:variance is 0.5939154630231629
INFO:cooler._balance:variance is 0.2718399669285603
INFO:cooler._balance:variance is 0.1261608731955334
INFO:cooler._balance:variance is 0.059058620670785725
INFO:cooler._balance:variance is 0.027789037308415882
INFO:cooler._balance:variance is 0.01311759637078813
INFO:cooler._balance:variance is 0.006203365334637899
INFO:cooler._balance:variance is 0.0029370209534241984
INFO:cooler._balance:variance is 0.001391439109959527
INFO:cooler._balance:variance is 0.0006594866497477178
INFO:cooler._balance:variance is 0.0003126400415413853
INFO:cooler._balance:variance is 0.00014823509252030116
INFO:cooler._balance:variance is 7.028961529078283e-05
INFO:cooler._balance:variance is 3.3331627065089046e-05
INFO:cooler._balance:variance is 1.5806422036457994e-05
INFO:cooler._balance:variance is 7.495836893454551e-06
INFO:cooler._balance:chrY
INFO:cooler._balance:chr19
INFO:cooler._balance:variance is 551325.4148249544
INFO:cooler._balance:variance is 187550.09874098902
INFO:cooler._balance:variance is 49302.01029729191
INFO:cooler._balance:variance is 22067.56973725107
INFO:cooler._balance:variance is 7609.923850932551
INFO:cooler._balance:variance is 3234.7220130648166
INFO:cooler._balance:variance is 1263.5186940859846
INFO:cooler._balance:variance is 534.8915176199096
INFO:cooler._balance:variance is 221.01609267040573
INFO:cooler._balance:variance is 94.21620043857891
INFO:cooler._balance:variance is 39.92309820780289
INFO:cooler._balance:variance is 17.12816661861169
INFO:cooler._balance:variance is 7.3407966626656584
INFO:cooler._balance:variance is 3.16221285123518
INFO:cooler._balance:variance is 1.3623069955661333
INFO:cooler._balance:variance is 0.5881665071499902
INFO:cooler._balance:variance is 0.2539948490158075
INFO:cooler._balance:variance is 0.10978957103412347
INFO:cooler._balance:variance is 0.04746485362956427
INFO:cooler._balance:variance is 0.02052897553344251
INFO:cooler._balance:variance is 0.008879892431089265
INFO:cooler._balance:variance is 0.0038417748276677005
INFO:cooler._balance:variance is 0.0016621920576042918
INFO:cooler._balance:variance is 0.0007192321987513075
INFO:cooler._balance:variance is 0.0003112220358940499
INFO:cooler._balance:variance is 0.0001346757905783559
INFO:cooler._balance:variance is 5.8279470744310424e-05
INFO:cooler._balance:variance is 2.5220290848787135e-05
INFO:cooler._balance:variance is 1.0914103734065026e-05
INFO:cooler._balance:variance is 4.7231314659781924e-06
INFO:cooler._balance:chr22
INFO:cooler._balance:variance is 253603.837902949
INFO:cooler._balance:variance is 22256.92012964108
INFO:cooler._balance:variance is 4052.466861294198
INFO:cooler._balance:variance is 952.6262042730406
INFO:cooler._balance:variance is 269.9645344314882
INFO:cooler._balance:variance is 94.15625796296173
INFO:cooler._balance:variance is 38.181225007227354
INFO:cooler._balance:variance is 16.708278157081068
INFO:cooler._balance:variance is 7.659041400821101
INFO:cooler._balance:variance is 3.559015486222054
INFO:cooler._balance:variance is 1.6741430193977351
INFO:cooler._balance:variance is 0.7885503056880915
INFO:cooler._balance:variance is 0.3728413332494502
INFO:cooler._balance:variance is 0.17622557076584977
INFO:cooler._balance:variance is 0.08341228515667778
INFO:cooler._balance:variance is 0.039467026022118226
INFO:cooler._balance:variance is 0.018684986209301743
INFO:cooler._balance:variance is 0.008844165251754783
INFO:cooler._balance:variance is 0.0041872734838860415
INFO:cooler._balance:variance is 0.00198223760430052
INFO:cooler._balance:variance is 0.0009384896112264789
INFO:cooler._balance:variance is 0.00044430159525510934
INFO:cooler._balance:variance is 0.0002103530101331825
INFO:cooler._balance:variance is 9.958801097266686e-05
INFO:cooler._balance:variance is 4.714935028953208e-05
INFO:cooler._balance:variance is 2.2322264949750237e-05
INFO:cooler._balance:variance is 1.0568311143061022e-05
INFO:cooler._balance:variance is 5.003454698084207e-06
INFO:cooler._balance:chr21
INFO:cooler._balance:variance is 246188.08701612765
INFO:cooler._balance:variance is 35387.00642708238
INFO:cooler._balance:variance is 9867.105264574075
INFO:cooler._balance:variance is 4371.16475127834
INFO:cooler._balance:variance is 2219.171276455542
INFO:cooler._balance:variance is 1307.8288259295273
INFO:cooler._balance:variance is 765.8463013605166
INFO:cooler._balance:variance is 473.3632729962932
INFO:cooler._balance:variance is 285.0712961488744
INFO:cooler._balance:variance is 176.6147385384868
INFO:cooler._balance:variance is 107.2696669126978
INFO:cooler._balance:variance is 66.26761477996199
INFO:cooler._balance:variance is 40.41123213318608
INFO:cooler._balance:variance is 24.902315745780456
INFO:cooler._balance:variance is 15.221122002947233
INFO:cooler._balance:variance is 9.363832946503257
INFO:cooler._balance:variance is 5.731532408452075
INFO:cooler._balance:variance is 3.5221998650365127
INFO:cooler._balance:variance is 2.157772500161036
INFO:cooler._balance:variance is 1.3251341564522834
INFO:cooler._balance:variance is 0.812235322793318
INFO:cooler._balance:variance is 0.4986056526168706
INFO:cooler._balance:variance is 0.3057178877684129
INFO:cooler._balance:variance is 0.18762291149621488
INFO:cooler._balance:variance is 0.11506322420837369
INFO:cooler._balance:variance is 0.07060470905754479
INFO:cooler._balance:variance is 0.04330497273347633
INFO:cooler._balance:variance is 0.026570098166690537
INFO:cooler._balance:variance is 0.016297840391051234
INFO:cooler._balance:variance is 0.009999074593540214
INFO:cooler._balance:variance is 0.0061336196080934635
INFO:cooler._balance:variance is 0.003762970742262994
INFO:cooler._balance:variance is 0.0023083423702394837
INFO:cooler._balance:variance is 0.001416134689311375
INFO:cooler._balance:variance is 0.0008687234022690583
INFO:cooler._balance:variance is 0.0005329419755864936
INFO:cooler._balance:variance is 0.0003269350903592404
INFO:cooler._balance:variance is 0.00020056553354179762
INFO:cooler._balance:variance is 0.0001230384253617243
INFO:cooler._balance:variance is 7.548024441903066e-05
INFO:cooler._balance:variance is 4.630410656041804e-05
INFO:cooler._balance:variance is 2.8406038549104083e-05
INFO:cooler._balance:variance is 1.742600990825183e-05
INFO:cooler._balance:variance is 1.0690260277427328e-05
INFO:cooler._balance:variance is 6.558072631882174e-06
INFO:cooler._balance:chrM
