INFO:cooler.create:Writing chunk 0: /mnt/storage3b/projects/no_ngsd/ahthapp1_T2T_ONT/sarah/outputs/pairs_files_T2T/T2T04.hp1/cooler/tmppz03_owi.multi.cool::0
INFO:cooler.create:Creating cooler at "/mnt/storage3b/projects/no_ngsd/ahthapp1_T2T_ONT/sarah/outputs/pairs_files_T2T/T2T04.hp1/cooler/tmppz03_owi.multi.cool::/0"
INFO:cooler.create:Writing chroms
INFO:cooler.create:Writing bins
INFO:cooler.create:Writing pixels
INFO:cooler.create:Writing indexes
INFO:cooler.create:Writing info
INFO:cooler.create:Writing chunk 1: /mnt/storage3b/projects/no_ngsd/ahthapp1_T2T_ONT/sarah/outputs/pairs_files_T2T/T2T04.hp1/cooler/tmppz03_owi.multi.cool::1
INFO:cooler.create:Creating cooler at "/mnt/storage3b/projects/no_ngsd/ahthapp1_T2T_ONT/sarah/outputs/pairs_files_T2T/T2T04.hp1/cooler/tmppz03_owi.multi.cool::/1"
INFO:cooler.create:Writing chroms
INFO:cooler.create:Writing bins
INFO:cooler.create:Writing pixels
INFO:cooler.create:Writing indexes
INFO:cooler.create:Writing info
INFO:cooler.create:Writing chunk 2: /mnt/storage3b/projects/no_ngsd/ahthapp1_T2T_ONT/sarah/outputs/pairs_files_T2T/T2T04.hp1/cooler/tmppz03_owi.multi.cool::2
INFO:cooler.create:Creating cooler at "/mnt/storage3b/projects/no_ngsd/ahthapp1_T2T_ONT/sarah/outputs/pairs_files_T2T/T2T04.hp1/cooler/tmppz03_owi.multi.cool::/2"
INFO:cooler.create:Writing chroms
INFO:cooler.create:Writing bins
INFO:cooler.create:Writing pixels
INFO:cooler.create:Writing indexes
INFO:cooler.create:Writing info
INFO:cooler.create:Writing chunk 3: /mnt/storage3b/projects/no_ngsd/ahthapp1_T2T_ONT/sarah/outputs/pairs_files_T2T/T2T04.hp1/cooler/tmppz03_owi.multi.cool::3
INFO:cooler.create:Creating cooler at "/mnt/storage3b/projects/no_ngsd/ahthapp1_T2T_ONT/sarah/outputs/pairs_files_T2T/T2T04.hp1/cooler/tmppz03_owi.multi.cool::/3"
INFO:cooler.create:Writing chroms
INFO:cooler.create:Writing bins
INFO:cooler.create:Writing pixels
INFO:cooler.create:Writing indexes
INFO:cooler.create:Writing info
INFO:cooler.create:Writing chunk 4: /mnt/storage3b/projects/no_ngsd/ahthapp1_T2T_ONT/sarah/outputs/pairs_files_T2T/T2T04.hp1/cooler/tmppz03_owi.multi.cool::4
INFO:cooler.create:Creating cooler at "/mnt/storage3b/projects/no_ngsd/ahthapp1_T2T_ONT/sarah/outputs/pairs_files_T2T/T2T04.hp1/cooler/tmppz03_owi.multi.cool::/4"
INFO:cooler.create:Writing chroms
INFO:cooler.create:Writing bins
INFO:cooler.create:Writing pixels
INFO:cooler.create:Writing indexes
INFO:cooler.create:Writing info
INFO:cooler.create:Writing chunk 5: /mnt/storage3b/projects/no_ngsd/ahthapp1_T2T_ONT/sarah/outputs/pairs_files_T2T/T2T04.hp1/cooler/tmppz03_owi.multi.cool::5
INFO:cooler.create:Creating cooler at "/mnt/storage3b/projects/no_ngsd/ahthapp1_T2T_ONT/sarah/outputs/pairs_files_T2T/T2T04.hp1/cooler/tmppz03_owi.multi.cool::/5"
INFO:cooler.create:Writing chroms
INFO:cooler.create:Writing bins
INFO:cooler.create:Writing pixels
INFO:cooler.create:Writing indexes
INFO:cooler.create:Writing info
INFO:cooler.create:Writing chunk 6: /mnt/storage3b/projects/no_ngsd/ahthapp1_T2T_ONT/sarah/outputs/pairs_files_T2T/T2T04.hp1/cooler/tmppz03_owi.multi.cool::6
INFO:cooler.create:Creating cooler at "/mnt/storage3b/projects/no_ngsd/ahthapp1_T2T_ONT/sarah/outputs/pairs_files_T2T/T2T04.hp1/cooler/tmppz03_owi.multi.cool::/6"
INFO:cooler.create:Writing chroms
INFO:cooler.create:Writing bins
INFO:cooler.create:Writing pixels
INFO:cooler.create:Writing indexes
INFO:cooler.create:Writing info
INFO:cooler.create:Writing chunk 7: /mnt/storage3b/projects/no_ngsd/ahthapp1_T2T_ONT/sarah/outputs/pairs_files_T2T/T2T04.hp1/cooler/tmppz03_owi.multi.cool::7
INFO:cooler.create:Creating cooler at "/mnt/storage3b/projects/no_ngsd/ahthapp1_T2T_ONT/sarah/outputs/pairs_files_T2T/T2T04.hp1/cooler/tmppz03_owi.multi.cool::/7"
INFO:cooler.create:Writing chroms
INFO:cooler.create:Writing bins
INFO:cooler.create:Writing pixels
INFO:cooler.create:Writing indexes
INFO:cooler.create:Writing info
INFO:cooler.create:Merging into outputs/pairs_files_T2T/T2T04.hp1/cooler/T2T04.hp1_adj_10000.cool
INFO:cooler.create:Creating cooler at "/mnt/storage3b/projects/no_ngsd/ahthapp1_T2T_ONT/sarah/outputs/pairs_files_T2T/T2T04.hp1/cooler/T2T04.hp1_adj_10000.cool::/"
INFO:cooler.create:Writing chroms
INFO:cooler.create:Writing bins
INFO:cooler.create:Writing pixels
INFO:cooler._reduce:n_merge_epochs: 5
INFO:cooler._reduce:nnzs: [9819598, 9718508, 8944896, 8441667, 8303057, 8079257, 7216851, 2081987]
INFO:cooler._reduce:records consumed: [np.int64(9819598), np.int64(5180508), np.int64(0), np.int64(0), np.int64(0), np.int64(0), np.int64(0), np.int64(0)]
INFO:cooler._reduce:records consumed: [np.int64(9819598), np.int64(9718508), np.int64(8876139), np.int64(1585888), np.int64(0), np.int64(0), np.int64(0), np.int64(0)]
INFO:cooler._reduce:records consumed: [np.int64(9819598), np.int64(9718508), np.int64(8944896), np.int64(8441667), np.int64(7739487), np.int64(336057), np.int64(0), np.int64(0)]
INFO:cooler._reduce:records consumed: [np.int64(9819598), np.int64(9718508), np.int64(8944896), np.int64(8441667), np.int64(8303057), np.int64(8079257), np.int64(6641588), np.int64(51717)]
INFO:cooler._reduce:records consumed: [np.int64(9819598), np.int64(9718508), np.int64(8944896), np.int64(8441667), np.int64(8303057), np.int64(8079257), np.int64(7216851), np.int64(2081987)]
INFO:cooler.create:Writing indexes
INFO:cooler.create:Writing info
