Loading PAF alignments from assembly/qc/phased_verkko/T2T13/both.mapped_T2T.paf
PAF alignment filtering stats:
  Total alignments: 44740
  Filtered (low MAPQ < 5): 22130
  Filtered (short length < 50000): 18308
  Passed filters: 4302
Found alignments for 305 query sequences
Using search window: 10000bp for unmappable positions
Using alignment window: 10000bp for distant regions
Strategy: Select single best alignment per region

Processing BED entry 2: haplotype1-0000001:0-112000 (Err)
    Best alignment: processing overlap 0-112000
      BED region: 0-112000
      Alignment: 0-382197 -> 10626894-10882803
      Alignment length: 382342, MAPQ: 60
    Exact mapping: 0 -> 10626894
    Position 111999 falls in insertion, searching for nearest mappable position
    No mappable position found within 10000bp downstream of 111999
    No mappable position found within 10000bp upstream of 111999
      FAIL: Could not map end position 111999 even with 10000bp search window

Processing BED entry 3: haplotype1-0000001:112000-156000 (Dup)
    Best alignment: processing overlap 112000-156000
      BED region: 112000-156000
      Alignment: 0-382197 -> 10626894-10882803
      Alignment length: 382342, MAPQ: 60
    Position 112000 falls in insertion, searching for nearest mappable position
    No mappable position found within 10000bp downstream of 112000
    No mappable position found within 10000bp upstream of 112000
    Exact mapping: 155999 -> 10676004
      FAIL: Could not map start position 112000 even with 10000bp search window

Processing BED entry 4: haplotype1-0000001:156000-1988000 (Hap)
    Best alignment: processing overlap 346912-1837317
      BED region: 156000-1988000
      Alignment: 346912-1837317 -> 7873307-9421572
      Alignment length: 1553443, MAPQ: 60
    Exact mapping: 346912 -> 7873307
    Exact mapping: 1837316 -> 9421571
      SUCCESS: 346912-1837317 -> 7873307-9421572

Processing BED entry 5: haplotype1-0000001:1988000-2020000 (Dup)
    Best alignment: processing overlap 1988000-2020000
      BED region: 1988000-2020000
      Alignment: 1851354-2155238 -> 9437007-9751946
      Alignment length: 315352, MAPQ: 60
    Exact mapping: 1988000 -> 9575035
    Exact mapping: 2019999 -> 9616334
      SUCCESS: 1988000-2020000 -> 9575035-9616335

Processing BED entry 6: haplotype1-0000001:2020000-2036000 (Hap)
    Best alignment: processing overlap 2020000-2036000
      BED region: 2020000-2036000
      Alignment: 1851354-2155238 -> 9437007-9751946
      Alignment length: 315352, MAPQ: 60
    Exact mapping: 2020000 -> 9616335
    Exact mapping: 2035999 -> 9632829
      SUCCESS: 2020000-2036000 -> 9616335-9632830

Processing BED entry 7: haplotype1-0000001:2036000-2076000 (Dup)
    Best alignment: processing overlap 2036000-2076000
      BED region: 2036000-2076000
      Alignment: 1851354-2155238 -> 9437007-9751946
      Alignment length: 315352, MAPQ: 60
    Exact mapping: 2036000 -> 9632830
    Exact mapping: 2075999 -> 9672768
      SUCCESS: 2036000-2076000 -> 9632830-9672769

Processing BED entry 8: haplotype1-0000001:2076000-2300000 (Err)
    Best alignment: processing overlap 2076000-2155238
      BED region: 2076000-2300000
      Alignment: 1851354-2155238 -> 9437007-9751946
      Alignment length: 315352, MAPQ: 60
    Exact mapping: 2076000 -> 9672769
    Exact mapping: 2155237 -> 9751945
      SUCCESS: 2076000-2155238 -> 9672769-9751946

Processing BED entry 9: haplotype1-0000001:2300000-2676000 (Hap)
    Best alignment: processing overlap 2378545-2676000
      BED region: 2300000-2676000
      Alignment: 2378545-2810800 -> 10029753-10413791
      Alignment length: 482527, MAPQ: 60
    Exact mapping: 2378545 -> 10029753
    Exact mapping: 2675999 -> 10282879
      SUCCESS: 2378545-2676000 -> 10029753-10282880

Processing BED entry 10: haplotype1-0000001:2676000-2828000 (Dup)
    Best alignment: processing overlap 2676000-2810800
      BED region: 2676000-2828000
      Alignment: 2378545-2810800 -> 10029753-10413791
      Alignment length: 482527, MAPQ: 60
    Exact mapping: 2676000 -> 10282880
    Exact mapping: 2810799 -> 10413790
      SUCCESS: 2676000-2810800 -> 10282880-10413791

SUMMARY:
Successfully lifted 4621 regions
  - Direct overlaps: 4549
  - Using alignment window: 72
Failed to lift 802 regions
Success rate: 85.2%

Failure reasons:
     6x: No alignments found for chromosome 'unassigned-0000239'
     6x: No alignments found for chromosome 'unassigned-0000466'
     6x: No alignments found for chromosome 'unassigned-0000502'
     5x: No alignments found for chromosome 'haplotype1-0000037'
     5x: No alignments found for chromosome 'unassigned-0000136'
     5x: No alignments found for chromosome 'unassigned-0000139'
     5x: No alignments found for chromosome 'unassigned-0000276'
     5x: No alignments found for chromosome 'unassigned-0000290'
     5x: No alignments found for chromosome 'unassigned-0000309'
     5x: No alignments found for chromosome 'unassigned-0000327'
     5x: No alignments found for chromosome 'unassigned-0000328'
     5x: No alignments found for chromosome 'unassigned-0000331'
     5x: No alignments found for chromosome 'unassigned-0000338'
     5x: No alignments found for chromosome 'unassigned-0000374'
     5x: No alignments found for chromosome 'unassigned-0000384'
     5x: No alignments found for chromosome 'unassigned-0000403'
     5x: No alignments found for chromosome 'unassigned-0000419'
     5x: No alignments found for chromosome 'unassigned-0000453'
     5x: No alignments found for chromosome 'unassigned-0000464'
     5x: No alignments found for chromosome 'unassigned-0000477'
     5x: No alignments found for chromosome 'unassigned-0000507'
     5x: No alignments found for chromosome 'unassigned-0000512'
     5x: No alignments found for chromosome 'unassigned-0000532'
     5x: No alignments found for chromosome 'unassigned-0000533'
     5x: No alignments found for chromosome 'unassigned-0000534'
     5x: No alignments found for chromosome 'unassigned-0000543'
     5x: No alignments found for chromosome 'unassigned-0000545'
     5x: No alignments found for chromosome 'unassigned-0000556'
     5x: No alignments found for chromosome 'unassigned-0000562'
     5x: No alignments found for chromosome 'unassigned-0000569'
     5x: No alignments found for chromosome 'unassigned-0000723'
     4x: No overlapping alignments found for region 0-4000 even with 10000bp window
     4x: No alignments found for chromosome 'unassigned-0000389'
     4x: No alignments found for chromosome 'unassigned-0000610'
     4x: No alignments found for chromosome 'unassigned-0000725'
     3x: No alignments found for chromosome 'haplotype1-0000056'
     3x: No alignments found for chromosome 'unassigned-0000157'
     3x: No alignments found for chromosome 'unassigned-0000184'
     3x: No alignments found for chromosome 'unassigned-0000206'
     3x: No alignments found for chromosome 'unassigned-0000207'
     3x: No alignments found for chromosome 'unassigned-0000241'
     3x: No alignments found for chromosome 'unassigned-0000261'
     3x: No alignments found for chromosome 'unassigned-0000271'
     3x: No alignments found for chromosome 'unassigned-0000283'
     3x: No alignments found for chromosome 'unassigned-0000301'
     3x: No alignments found for chromosome 'unassigned-0000313'
     3x: No alignments found for chromosome 'unassigned-0000337'
     3x: No alignments found for chromosome 'unassigned-0000339'
     3x: No alignments found for chromosome 'unassigned-0000348'
     3x: No alignments found for chromosome 'unassigned-0000349'
     3x: No alignments found for chromosome 'unassigned-0000358'
     3x: No alignments found for chromosome 'unassigned-0000359'
     3x: No alignments found for chromosome 'unassigned-0000373'
     3x: No alignments found for chromosome 'unassigned-0000382'
     3x: No alignments found for chromosome 'unassigned-0000390'
     3x: No alignments found for chromosome 'unassigned-0000391'
     3x: No alignments found for chromosome 'unassigned-0000410'
     3x: No alignments found for chromosome 'unassigned-0000417'
     3x: No alignments found for chromosome 'unassigned-0000420'
     3x: No alignments found for chromosome 'unassigned-0000421'
     3x: No alignments found for chromosome 'unassigned-0000449'
     3x: No alignments found for chromosome 'unassigned-0000452'
     3x: No alignments found for chromosome 'unassigned-0000470'
     3x: No alignments found for chromosome 'unassigned-0000478'
     3x: No alignments found for chromosome 'unassigned-0000503'
     3x: No alignments found for chromosome 'unassigned-0000519'
     3x: No alignments found for chromosome 'unassigned-0000520'
     3x: No alignments found for chromosome 'unassigned-0000521'
     3x: No alignments found for chromosome 'unassigned-0000522'
     3x: No alignments found for chromosome 'unassigned-0000523'
     3x: No alignments found for chromosome 'unassigned-0000526'
     3x: No alignments found for chromosome 'unassigned-0000530'
     3x: No alignments found for chromosome 'unassigned-0000554'
     3x: No alignments found for chromosome 'unassigned-0000558'
     3x: No alignments found for chromosome 'unassigned-0000564'
     3x: No alignments found for chromosome 'unassigned-0000571'
     3x: No alignments found for chromosome 'unassigned-0000579'
     3x: No alignments found for chromosome 'unassigned-0000589'
     3x: No alignments found for chromosome 'unassigned-0000713'
     3x: No alignments found for chromosome 'unassigned-0000720'
     3x: No alignments found for chromosome 'unassigned-0000724'
     3x: No alignments found for chromosome 'unassigned-0000778'
     2x: No overlapping alignments found for region 0-28000 even with 10000bp window
     2x: No overlapping alignments found for region 0-24000 even with 10000bp window
     2x: No alignments found for chromosome 'unassigned-0000537'
     1x: Could not map end position 111999 even with 10000bp search window
     1x: Could not map start position 112000 even with 10000bp search window
     1x: No overlapping alignments found for region 5224000-5292000 even with 10000bp window
     1x: No overlapping alignments found for region 35500000-35528000 even with 10000bp window
     1x: No overlapping alignments found for region 46412000-46444000 even with 10000bp window
     1x: No overlapping alignments found for region 46444000-46532000 even with 10000bp window
     1x: No overlapping alignments found for region 46532000-46752000 even with 10000bp window
     1x: No overlapping alignments found for region 46752000-46916000 even with 10000bp window
     1x: No overlapping alignments found for region 46916000-47156000 even with 10000bp window
     1x: No overlapping alignments found for region 47156000-47180000 even with 10000bp window
     1x: No overlapping alignments found for region 47180000-47284000 even with 10000bp window
     1x: No overlapping alignments found for region 47284000-47424000 even with 10000bp window
     1x: No overlapping alignments found for region 47424000-47524000 even with 10000bp window
     1x: Could not map end position 11243999 even with 10000bp search window
     1x: Could not map start position 11244000 even with 10000bp search window
     1x: No overlapping alignments found for region 27616000-27684000 even with 10000bp window
     1x: No overlapping alignments found for region 106388000-106440000 even with 10000bp window
     1x: No overlapping alignments found for region 109852000-109876000 even with 10000bp window
     1x: No overlapping alignments found for region 110056000-110128000 even with 10000bp window
     1x: No overlapping alignments found for region 110848000-110876000 even with 10000bp window
     1x: No overlapping alignments found for region 110876000-110900000 even with 10000bp window
     1x: No overlapping alignments found for region 121932000-121996000 even with 10000bp window
     1x: No overlapping alignments found for region 55176000-55272000 even with 10000bp window
     1x: No overlapping alignments found for region 55272000-55336000 even with 10000bp window
     1x: No overlapping alignments found for region 55336000-55340000 even with 10000bp window
     1x: No overlapping alignments found for region 55340000-55344000 even with 10000bp window
     1x: No overlapping alignments found for region 25096000-25100000 even with 10000bp window
     1x: No overlapping alignments found for region 95832000-96020000 even with 10000bp window
     1x: No overlapping alignments found for region 96020000-96040000 even with 10000bp window
     1x: No overlapping alignments found for region 96040000-96152000 even with 10000bp window
     1x: No overlapping alignments found for region 96152000-96168000 even with 10000bp window
     1x: No overlapping alignments found for region 96452000-96488000 even with 10000bp window
     1x: No overlapping alignments found for region 96488000-96552000 even with 10000bp window
     1x: No overlapping alignments found for region 96552000-96616000 even with 10000bp window
     1x: No overlapping alignments found for region 96616000-96864000 even with 10000bp window
     1x: No overlapping alignments found for region 92472000-92508000 even with 10000bp window
     1x: No overlapping alignments found for region 93920000-93948000 even with 10000bp window
     1x: No overlapping alignments found for region 93164000-93256000 even with 10000bp window
     1x: No overlapping alignments found for region 93256000-93340000 even with 10000bp window
     1x: No overlapping alignments found for region 93340000-93524000 even with 10000bp window
     1x: No overlapping alignments found for region 93524000-93608000 even with 10000bp window
     1x: No overlapping alignments found for region 93608000-94056000 even with 10000bp window
     1x: No overlapping alignments found for region 22204000-22264000 even with 10000bp window
     1x: No overlapping alignments found for region 25164000-25256000 even with 10000bp window
     1x: No overlapping alignments found for region 25256000-25548000 even with 10000bp window
     1x: No overlapping alignments found for region 25548000-25596000 even with 10000bp window
     1x: No overlapping alignments found for region 1168000-1208000 even with 10000bp window
     1x: No overlapping alignments found for region 1208000-1400000 even with 10000bp window
     1x: Could not map end position 39715999 even with 10000bp search window
     1x: No overlapping alignments found for region 51052000-51088000 even with 10000bp window
     1x: No overlapping alignments found for region 51088000-51156000 even with 10000bp window
     1x: No overlapping alignments found for region 51156000-51236000 even with 10000bp window
     1x: No overlapping alignments found for region 51236000-51276000 even with 10000bp window
     1x: No overlapping alignments found for region 51276000-51340000 even with 10000bp window
     1x: No overlapping alignments found for region 51340000-52052000 even with 10000bp window
     1x: No overlapping alignments found for region 52052000-52080000 even with 10000bp window
     1x: No overlapping alignments found for region 52080000-52160000 even with 10000bp window
     1x: No overlapping alignments found for region 52160000-52188000 even with 10000bp window
     1x: No overlapping alignments found for region 1756000-1776842 even with 10000bp window
     1x: No overlapping alignments found for region 98100000-98268000 even with 10000bp window
     1x: No overlapping alignments found for region 101528000-101548000 even with 10000bp window
     1x: No overlapping alignments found for region 103268000-103316000 even with 10000bp window
     1x: No overlapping alignments found for region 103316000-103324000 even with 10000bp window
     1x: No overlapping alignments found for region 104340000-104400000 even with 10000bp window
     1x: No overlapping alignments found for region 104400000-104456000 even with 10000bp window
     1x: No overlapping alignments found for region 104456000-104560000 even with 10000bp window
     1x: No overlapping alignments found for region 104560000-104628000 even with 10000bp window
     1x: No overlapping alignments found for region 104628000-104760000 even with 10000bp window
     1x: No alignments found for chromosome 'haplotype1-0000028'
     1x: No alignments found for chromosome 'haplotype1-0000029'
     1x: No alignments found for chromosome 'haplotype1-0000030'
     1x: No alignments found for chromosome 'haplotype1-0000031'
     1x: No alignments found for chromosome 'haplotype1-0000032'
     1x: No alignments found for chromosome 'haplotype1-0000033'
     1x: No alignments found for chromosome 'haplotype1-0000035'
     1x: No alignments found for chromosome 'haplotype1-0000052'
     1x: No alignments found for chromosome 'haplotype1-0000053'
     1x: No alignments found for chromosome 'haplotype1-0000057'
     1x: No overlapping alignments found for region 0-12000 even with 10000bp window
     1x: No overlapping alignments found for region 560000-568606 even with 10000bp window
     1x: No alignments found for chromosome 'haplotype1-0000059'
     1x: Could not map end position 127999 even with 10000bp search window
     1x: Could not map start position 128000 even with 10000bp search window
     1x: No overlapping alignments found for region 68552000-68556411 even with 10000bp window
     1x: No overlapping alignments found for region 41168000-41192000 even with 10000bp window
     1x: Could not map start position 82700000 even with 10000bp search window
     1x: No overlapping alignments found for region 50944000-50980000 even with 10000bp window
     1x: No overlapping alignments found for region 50980000-51008000 even with 10000bp window
     1x: No overlapping alignments found for region 51364000-51432000 even with 10000bp window
     1x: No overlapping alignments found for region 52076000-52096000 even with 10000bp window
     1x: No overlapping alignments found for region 52376000-52412000 even with 10000bp window
     1x: No overlapping alignments found for region 52412000-52428000 even with 10000bp window
     1x: No overlapping alignments found for region 52428000-52432000 even with 10000bp window
     1x: No overlapping alignments found for region 52432000-52452000 even with 10000bp window
     1x: No overlapping alignments found for region 54576000-54612000 even with 10000bp window
     1x: Could not map end position 87439999 even with 10000bp search window
     1x: Could not map start position 87440000 even with 10000bp search window
     1x: No overlapping alignments found for region 194812000-194814221 even with 10000bp window
     1x: No overlapping alignments found for region 94096000-94136000 even with 10000bp window
     1x: No overlapping alignments found for region 98328000-98480000 even with 10000bp window
     1x: No overlapping alignments found for region 98480000-98484000 even with 10000bp window
     1x: No overlapping alignments found for region 98484000-98516000 even with 10000bp window
     1x: No overlapping alignments found for region 98516000-98628000 even with 10000bp window
     1x: No overlapping alignments found for region 98628000-98644000 even with 10000bp window
     1x: No overlapping alignments found for region 111380000-111416000 even with 10000bp window
     1x: No overlapping alignments found for region 113160000-113252000 even with 10000bp window
     1x: No overlapping alignments found for region 46912000-47144000 even with 10000bp window
     1x: No overlapping alignments found for region 47144000-47200000 even with 10000bp window
     1x: No overlapping alignments found for region 47200000-47260000 even with 10000bp window
     1x: No overlapping alignments found for region 93104000-93256000 even with 10000bp window
     1x: No overlapping alignments found for region 93256000-93428000 even with 10000bp window
     1x: No overlapping alignments found for region 93428000-93500000 even with 10000bp window
     1x: No overlapping alignments found for region 93500000-93556000 even with 10000bp window
     1x: No overlapping alignments found for region 93556000-93636000 even with 10000bp window
     1x: No overlapping alignments found for region 93636000-93752000 even with 10000bp window
     1x: No overlapping alignments found for region 93752000-93832000 even with 10000bp window
     1x: No overlapping alignments found for region 93832000-93928000 even with 10000bp window
     1x: No overlapping alignments found for region 93928000-93964000 even with 10000bp window
     1x: No overlapping alignments found for region 93964000-94100000 even with 10000bp window
     1x: No overlapping alignments found for region 94100000-94132000 even with 10000bp window
     1x: No overlapping alignments found for region 0-8000 even with 10000bp window
     1x: No overlapping alignments found for region 84672000-84673538 even with 10000bp window
     1x: No overlapping alignments found for region 115296000-115348000 even with 10000bp window
     1x: No overlapping alignments found for region 121124000-121152000 even with 10000bp window
     1x: No overlapping alignments found for region 6124000-6172000 even with 10000bp window
     1x: No overlapping alignments found for region 19520000-19536000 even with 10000bp window
     1x: No overlapping alignments found for region 97524000-97596000 even with 10000bp window
     1x: No overlapping alignments found for region 97596000-97792000 even with 10000bp window
     1x: No overlapping alignments found for region 97792000-98068000 even with 10000bp window
     1x: No overlapping alignments found for region 98068000-98144000 even with 10000bp window
     1x: No overlapping alignments found for region 98144000-98248000 even with 10000bp window
     1x: No overlapping alignments found for region 104104000-104348000 even with 10000bp window
     1x: No overlapping alignments found for region 104348000-104512000 even with 10000bp window
     1x: No overlapping alignments found for region 104512000-104872000 even with 10000bp window
     1x: No overlapping alignments found for region 1656000-1704000 even with 10000bp window
     1x: No overlapping alignments found for region 2240000-2324000 even with 10000bp window
     1x: No overlapping alignments found for region 2324000-2532000 even with 10000bp window
     1x: No overlapping alignments found for region 2532000-2620000 even with 10000bp window
     1x: No overlapping alignments found for region 2620000-2804000 even with 10000bp window
     1x: No alignments found for chromosome 'haplotype2-0000090'
     1x: No overlapping alignments found for region 792000-836000 even with 10000bp window
     1x: No overlapping alignments found for region 836000-851782 even with 10000bp window
     1x: No overlapping alignments found for region 184000-236000 even with 10000bp window
     1x: No overlapping alignments found for region 236000-271075 even with 10000bp window
     1x: No overlapping alignments found for region 0-20000 even with 10000bp window
     1x: No overlapping alignments found for region 400000-410492 even with 10000bp window
     1x: No overlapping alignments found for region 144000-236000 even with 10000bp window
     1x: No overlapping alignments found for region 236000-292578 even with 10000bp window
     1x: No alignments found for chromosome 'haplotype2-0000107'
     1x: No alignments found for chromosome 'haplotype2-0000108'
     1x: Could not map end position 823999 even with 10000bp search window
     1x: Could not map start position 824000 even with 10000bp search window
     1x: No alignments found for chromosome 'unassigned-0000114'
     1x: No alignments found for chromosome 'unassigned-0000115'
     1x: No alignments found for chromosome 'unassigned-0000116'
     1x: No alignments found for chromosome 'unassigned-0000117'
     1x: No alignments found for chromosome 'unassigned-0000118'
     1x: No alignments found for chromosome 'unassigned-0000120'
     1x: No alignments found for chromosome 'unassigned-0000121'
     1x: No alignments found for chromosome 'unassigned-0000122'
     1x: No alignments found for chromosome 'unassigned-0000124'
     1x: No alignments found for chromosome 'unassigned-0000125'
     1x: No alignments found for chromosome 'unassigned-0000127'
     1x: No alignments found for chromosome 'unassigned-0000128'
     1x: No alignments found for chromosome 'unassigned-0000129'
     1x: No alignments found for chromosome 'unassigned-0000130'
     1x: No alignments found for chromosome 'unassigned-0000131'
     1x: No alignments found for chromosome 'unassigned-0000132'
     1x: No alignments found for chromosome 'unassigned-0000133'
     1x: No alignments found for chromosome 'unassigned-0000134'
     1x: No alignments found for chromosome 'unassigned-0000137'
     1x: No alignments found for chromosome 'unassigned-0000138'
     1x: No alignments found for chromosome 'unassigned-0000140'
     1x: No alignments found for chromosome 'unassigned-0000141'
     1x: No alignments found for chromosome 'unassigned-0000142'
     1x: No alignments found for chromosome 'unassigned-0000143'
     1x: No alignments found for chromosome 'unassigned-0000145'
     1x: No alignments found for chromosome 'unassigned-0000148'
     1x: No alignments found for chromosome 'unassigned-0000150'
     1x: No alignments found for chromosome 'unassigned-0000151'
     1x: No alignments found for chromosome 'unassigned-0000154'
     1x: No alignments found for chromosome 'unassigned-0000155'
     1x: No alignments found for chromosome 'unassigned-0000156'
     1x: No alignments found for chromosome 'unassigned-0000159'
     1x: No alignments found for chromosome 'unassigned-0000160'
     1x: No alignments found for chromosome 'unassigned-0000161'
     1x: No alignments found for chromosome 'unassigned-0000163'
     1x: No alignments found for chromosome 'unassigned-0000164'
     1x: No alignments found for chromosome 'unassigned-0000168'
     1x: No alignments found for chromosome 'unassigned-0000169'
     1x: No alignments found for chromosome 'unassigned-0000171'
     1x: No alignments found for chromosome 'unassigned-0000172'
     1x: No alignments found for chromosome 'unassigned-0000173'
     1x: No alignments found for chromosome 'unassigned-0000174'
     1x: No alignments found for chromosome 'unassigned-0000179'
     1x: No alignments found for chromosome 'unassigned-0000181'
     1x: No alignments found for chromosome 'unassigned-0000183'
     1x: No alignments found for chromosome 'unassigned-0000185'
     1x: No alignments found for chromosome 'unassigned-0000190'
     1x: No alignments found for chromosome 'unassigned-0000193'
     1x: No alignments found for chromosome 'unassigned-0000194'
     1x: No alignments found for chromosome 'unassigned-0000196'
     1x: No alignments found for chromosome 'unassigned-0000197'
     1x: No alignments found for chromosome 'unassigned-0000198'
     1x: No alignments found for chromosome 'unassigned-0000200'
     1x: No alignments found for chromosome 'unassigned-0000202'
     1x: No alignments found for chromosome 'unassigned-0000203'
     1x: No alignments found for chromosome 'unassigned-0000209'
     1x: No alignments found for chromosome 'unassigned-0000210'
     1x: No alignments found for chromosome 'unassigned-0000211'
     1x: No alignments found for chromosome 'unassigned-0000212'
     1x: No alignments found for chromosome 'unassigned-0000213'
     1x: No alignments found for chromosome 'unassigned-0000214'
     1x: No alignments found for chromosome 'unassigned-0000215'
     1x: No alignments found for chromosome 'unassigned-0000216'
     1x: No alignments found for chromosome 'unassigned-0000217'
     1x: No alignments found for chromosome 'unassigned-0000218'
     1x: No alignments found for chromosome 'unassigned-0000219'
     1x: No alignments found for chromosome 'unassigned-0000220'
     1x: No alignments found for chromosome 'unassigned-0000223'
     1x: No alignments found for chromosome 'unassigned-0000224'
     1x: No alignments found for chromosome 'unassigned-0000225'
     1x: No alignments found for chromosome 'unassigned-0000226'
     1x: No alignments found for chromosome 'unassigned-0000227'
     1x: No alignments found for chromosome 'unassigned-0000228'
     1x: No alignments found for chromosome 'unassigned-0000229'
     1x: No alignments found for chromosome 'unassigned-0000234'
     1x: No alignments found for chromosome 'unassigned-0000238'
     1x: No alignments found for chromosome 'unassigned-0000240'
     1x: No alignments found for chromosome 'unassigned-0000242'
     1x: No alignments found for chromosome 'unassigned-0000248'
     1x: No alignments found for chromosome 'unassigned-0000249'
     1x: No alignments found for chromosome 'unassigned-0000251'
     1x: No alignments found for chromosome 'unassigned-0000252'
     1x: No alignments found for chromosome 'unassigned-0000253'
     1x: No alignments found for chromosome 'unassigned-0000255'
     1x: No alignments found for chromosome 'unassigned-0000256'
     1x: No alignments found for chromosome 'unassigned-0000258'
     1x: No alignments found for chromosome 'unassigned-0000259'
     1x: No alignments found for chromosome 'unassigned-0000260'
     1x: No alignments found for chromosome 'unassigned-0000262'
     1x: No alignments found for chromosome 'unassigned-0000263'
     1x: No alignments found for chromosome 'unassigned-0000264'
     1x: No alignments found for chromosome 'unassigned-0000265'
     1x: No alignments found for chromosome 'unassigned-0000266'
     1x: No alignments found for chromosome 'unassigned-0000267'
     1x: No alignments found for chromosome 'unassigned-0000268'
     1x: No alignments found for chromosome 'unassigned-0000269'
     1x: No alignments found for chromosome 'unassigned-0000270'
     1x: No alignments found for chromosome 'unassigned-0000272'
     1x: No alignments found for chromosome 'unassigned-0000273'
     1x: No alignments found for chromosome 'unassigned-0000274'
     1x: No alignments found for chromosome 'unassigned-0000275'
     1x: No alignments found for chromosome 'unassigned-0000278'
     1x: No alignments found for chromosome 'unassigned-0000279'
     1x: No alignments found for chromosome 'unassigned-0000280'
     1x: No alignments found for chromosome 'unassigned-0000282'
     1x: No alignments found for chromosome 'unassigned-0000288'
     1x: No alignments found for chromosome 'unassigned-0000289'
     1x: No alignments found for chromosome 'unassigned-0000291'
     1x: No alignments found for chromosome 'unassigned-0000293'
     1x: No alignments found for chromosome 'unassigned-0000294'
     1x: No alignments found for chromosome 'unassigned-0000295'
     1x: No alignments found for chromosome 'unassigned-0000296'
     1x: No alignments found for chromosome 'unassigned-0000297'
     1x: No alignments found for chromosome 'unassigned-0000298'
     1x: No alignments found for chromosome 'unassigned-0000299'
     1x: No alignments found for chromosome 'unassigned-0000300'
     1x: No alignments found for chromosome 'unassigned-0000302'
     1x: No alignments found for chromosome 'unassigned-0000303'
     1x: No alignments found for chromosome 'unassigned-0000304'
     1x: No alignments found for chromosome 'unassigned-0000306'
     1x: No alignments found for chromosome 'unassigned-0000307'
     1x: No alignments found for chromosome 'unassigned-0000308'
     1x: No alignments found for chromosome 'unassigned-0000310'
     1x: No alignments found for chromosome 'unassigned-0000311'
     1x: No alignments found for chromosome 'unassigned-0000312'
     1x: No alignments found for chromosome 'unassigned-0000314'
     1x: No alignments found for chromosome 'unassigned-0000315'
     1x: No alignments found for chromosome 'unassigned-0000316'
     1x: No alignments found for chromosome 'unassigned-0000317'
     1x: No alignments found for chromosome 'unassigned-0000319'
     1x: No alignments found for chromosome 'unassigned-0000321'
     1x: No alignments found for chromosome 'unassigned-0000322'
     1x: No alignments found for chromosome 'unassigned-0000323'
     1x: No alignments found for chromosome 'unassigned-0000324'
     1x: No alignments found for chromosome 'unassigned-0000326'
     1x: No alignments found for chromosome 'unassigned-0000329'
     1x: No alignments found for chromosome 'unassigned-0000330'
     1x: No alignments found for chromosome 'unassigned-0000332'
     1x: No alignments found for chromosome 'unassigned-0000333'
     1x: No alignments found for chromosome 'unassigned-0000335'
     1x: No alignments found for chromosome 'unassigned-0000340'
     1x: No alignments found for chromosome 'unassigned-0000341'
     1x: No alignments found for chromosome 'unassigned-0000342'
     1x: No alignments found for chromosome 'unassigned-0000344'
     1x: No alignments found for chromosome 'unassigned-0000345'
     1x: No alignments found for chromosome 'unassigned-0000346'
     1x: No alignments found for chromosome 'unassigned-0000347'
     1x: No alignments found for chromosome 'unassigned-0000350'
     1x: No alignments found for chromosome 'unassigned-0000351'
     1x: No alignments found for chromosome 'unassigned-0000352'
     1x: No alignments found for chromosome 'unassigned-0000353'
     1x: No alignments found for chromosome 'unassigned-0000354'
     1x: No alignments found for chromosome 'unassigned-0000355'
     1x: No alignments found for chromosome 'unassigned-0000356'
     1x: No alignments found for chromosome 'unassigned-0000357'
     1x: No alignments found for chromosome 'unassigned-0000360'
     1x: No alignments found for chromosome 'unassigned-0000361'
     1x: No alignments found for chromosome 'unassigned-0000362'
     1x: No alignments found for chromosome 'unassigned-0000365'
     1x: No alignments found for chromosome 'unassigned-0000366'
     1x: No alignments found for chromosome 'unassigned-0000370'
     1x: No alignments found for chromosome 'unassigned-0000372'
     1x: No alignments found for chromosome 'unassigned-0000375'
     1x: No alignments found for chromosome 'unassigned-0000376'
     1x: No alignments found for chromosome 'unassigned-0000378'
     1x: No alignments found for chromosome 'unassigned-0000379'
     1x: No alignments found for chromosome 'unassigned-0000380'
     1x: No alignments found for chromosome 'unassigned-0000381'
     1x: No alignments found for chromosome 'unassigned-0000383'
     1x: No alignments found for chromosome 'unassigned-0000386'
     1x: No alignments found for chromosome 'unassigned-0000387'
     1x: No alignments found for chromosome 'unassigned-0000388'
     1x: No alignments found for chromosome 'unassigned-0000395'
     1x: No alignments found for chromosome 'unassigned-0000396'
     1x: No alignments found for chromosome 'unassigned-0000397'
     1x: No alignments found for chromosome 'unassigned-0000398'
     1x: No alignments found for chromosome 'unassigned-0000400'
     1x: No alignments found for chromosome 'unassigned-0000405'
     1x: No alignments found for chromosome 'unassigned-0000406'
     1x: No alignments found for chromosome 'unassigned-0000407'
     1x: No alignments found for chromosome 'unassigned-0000408'
     1x: No alignments found for chromosome 'unassigned-0000409'
     1x: No alignments found for chromosome 'unassigned-0000411'
     1x: No alignments found for chromosome 'unassigned-0000412'
     1x: No alignments found for chromosome 'unassigned-0000413'
     1x: No alignments found for chromosome 'unassigned-0000414'
     1x: No alignments found for chromosome 'unassigned-0000415'
     1x: No alignments found for chromosome 'unassigned-0000416'
     1x: No alignments found for chromosome 'unassigned-0000418'
     1x: No alignments found for chromosome 'unassigned-0000422'
     1x: No alignments found for chromosome 'unassigned-0000423'
     1x: No alignments found for chromosome 'unassigned-0000426'
     1x: No alignments found for chromosome 'unassigned-0000427'
     1x: No alignments found for chromosome 'unassigned-0000428'
     1x: No alignments found for chromosome 'unassigned-0000431'
     1x: No alignments found for chromosome 'unassigned-0000432'
     1x: No alignments found for chromosome 'unassigned-0000433'
     1x: No alignments found for chromosome 'unassigned-0000434'
     1x: No alignments found for chromosome 'unassigned-0000435'
     1x: No alignments found for chromosome 'unassigned-0000438'
     1x: No alignments found for chromosome 'unassigned-0000443'
     1x: No alignments found for chromosome 'unassigned-0000445'
     1x: No alignments found for chromosome 'unassigned-0000446'
     1x: No overlapping alignments found for region 212000-244000 even with 10000bp window
     1x: No overlapping alignments found for region 244000-256040 even with 10000bp window
     1x: No alignments found for chromosome 'unassigned-0000450'
     1x: No alignments found for chromosome 'unassigned-0000455'
     1x: No alignments found for chromosome 'unassigned-0000461'
     1x: No alignments found for chromosome 'unassigned-0000465'
     1x: No alignments found for chromosome 'unassigned-0000467'
     1x: No alignments found for chromosome 'unassigned-0000474'
     1x: No alignments found for chromosome 'unassigned-0000479'
     1x: No alignments found for chromosome 'unassigned-0000490'
     1x: No overlapping alignments found for region 1012000-1388000 even with 10000bp window
     1x: No overlapping alignments found for region 1388000-1608000 even with 10000bp window
     1x: No overlapping alignments found for region 1608000-1660000 even with 10000bp window
     1x: No overlapping alignments found for region 1660000-1716000 even with 10000bp window
     1x: No overlapping alignments found for region 1716000-1956000 even with 10000bp window
     1x: No overlapping alignments found for region 1956000-1992000 even with 10000bp window
     1x: No overlapping alignments found for region 1992000-2196000 even with 10000bp window
     1x: No overlapping alignments found for region 2196000-2308000 even with 10000bp window
     1x: No overlapping alignments found for region 2308000-2412000 even with 10000bp window
     1x: No overlapping alignments found for region 2412000-2476000 even with 10000bp window
     1x: No overlapping alignments found for region 2476000-2540000 even with 10000bp window
     1x: No alignments found for chromosome 'unassigned-0000501'
     1x: No alignments found for chromosome 'unassigned-0000504'
     1x: No alignments found for chromosome 'unassigned-0000508'
     1x: No alignments found for chromosome 'unassigned-0000509'
     1x: No alignments found for chromosome 'unassigned-0000511'
     1x: No alignments found for chromosome 'unassigned-0000513'
     1x: No alignments found for chromosome 'unassigned-0000514'
     1x: No alignments found for chromosome 'unassigned-0000515'
     1x: No overlapping alignments found for region 956000-1000000 even with 10000bp window
     1x: No overlapping alignments found for region 1804000-1844000 even with 10000bp window
     1x: No overlapping alignments found for region 1844000-1940000 even with 10000bp window
     1x: No overlapping alignments found for region 1940000-2040000 even with 10000bp window
     1x: No overlapping alignments found for region 2040000-2252000 even with 10000bp window
     1x: No overlapping alignments found for region 2252000-2364000 even with 10000bp window
     1x: No alignments found for chromosome 'unassigned-0000527'
     1x: No alignments found for chromosome 'unassigned-0000531'
     1x: No alignments found for chromosome 'unassigned-0000535'
     1x: No alignments found for chromosome 'unassigned-0000536'
     1x: No alignments found for chromosome 'unassigned-0000538'
     1x: No alignments found for chromosome 'unassigned-0000539'
     1x: No alignments found for chromosome 'unassigned-0000540'
     1x: No alignments found for chromosome 'unassigned-0000541'
     1x: No alignments found for chromosome 'unassigned-0000542'
     1x: No alignments found for chromosome 'unassigned-0000544'
     1x: No alignments found for chromosome 'unassigned-0000546'
     1x: No alignments found for chromosome 'unassigned-0000549'
     1x: No alignments found for chromosome 'unassigned-0000550'
     1x: No alignments found for chromosome 'unassigned-0000551'
     1x: No alignments found for chromosome 'unassigned-0000553'
     1x: No alignments found for chromosome 'unassigned-0000555'
     1x: No alignments found for chromosome 'unassigned-0000557'
     1x: No alignments found for chromosome 'unassigned-0000559'
     1x: No alignments found for chromosome 'unassigned-0000560'
     1x: No alignments found for chromosome 'unassigned-0000561'
     1x: No alignments found for chromosome 'unassigned-0000563'
     1x: No alignments found for chromosome 'unassigned-0000565'
     1x: No alignments found for chromosome 'unassigned-0000566'
     1x: No overlapping alignments found for region 0-36000 even with 10000bp window
     1x: No alignments found for chromosome 'unassigned-0000577'
     1x: No alignments found for chromosome 'unassigned-0000578'
     1x: No alignments found for chromosome 'unassigned-0000581'
     1x: No alignments found for chromosome 'unassigned-0000585'
     1x: No alignments found for chromosome 'unassigned-0000588'
     1x: No alignments found for chromosome 'unassigned-0000590'
     1x: No alignments found for chromosome 'unassigned-0000592'
     1x: No alignments found for chromosome 'unassigned-0000594'
     1x: No overlapping alignments found for region 140000-186034 even with 10000bp window
     1x: No alignments found for chromosome 'unassigned-0000597'
     1x: No alignments found for chromosome 'unassigned-0000598'
     1x: No alignments found for chromosome 'unassigned-0000600'
     1x: No alignments found for chromosome 'unassigned-0000601'
     1x: No alignments found for chromosome 'unassigned-0000602'
     1x: No alignments found for chromosome 'unassigned-0000605'
     1x: No alignments found for chromosome 'unassigned-0000608'
     1x: No alignments found for chromosome 'unassigned-0000609'
     1x: No alignments found for chromosome 'unassigned-0000615'
     1x: No alignments found for chromosome 'unassigned-0000616'
     1x: No alignments found for chromosome 'unassigned-0000621'
     1x: No alignments found for chromosome 'unassigned-0000623'
     1x: No alignments found for chromosome 'unassigned-0000625'
     1x: No alignments found for chromosome 'unassigned-0000626'
     1x: No alignments found for chromosome 'unassigned-0000630'
     1x: No alignments found for chromosome 'unassigned-0000636'
     1x: No alignments found for chromosome 'unassigned-0000646'
     1x: No alignments found for chromosome 'unassigned-0000657'
     1x: No alignments found for chromosome 'unassigned-0000669'
     1x: No alignments found for chromosome 'unassigned-0000679'
     1x: No alignments found for chromosome 'unassigned-0000680'
     1x: No alignments found for chromosome 'unassigned-0000682'
     1x: No overlapping alignments found for region 260000-291313 even with 10000bp window
     1x: No alignments found for chromosome 'unassigned-0000695'
     1x: No alignments found for chromosome 'unassigned-0000702'
     1x: No alignments found for chromosome 'unassigned-0000703'
     1x: No alignments found for chromosome 'unassigned-0000709'
     1x: No alignments found for chromosome 'unassigned-0000718'
     1x: No alignments found for chromosome 'unassigned-0000722'
     1x: No alignments found for chromosome 'unassigned-0000726'
     1x: No alignments found for chromosome 'unassigned-0000731'
     1x: No alignments found for chromosome 'unassigned-0000734'
     1x: No alignments found for chromosome 'unassigned-0000736'
     1x: No alignments found for chromosome 'unassigned-0000739'
     1x: No alignments found for chromosome 'unassigned-0000743'
     1x: No alignments found for chromosome 'unassigned-0000744'
     1x: No alignments found for chromosome 'unassigned-0000748'
     1x: No alignments found for chromosome 'unassigned-0000749'
     1x: No alignments found for chromosome 'unassigned-0000750'
     1x: No alignments found for chromosome 'unassigned-0000752'
     1x: No alignments found for chromosome 'unassigned-0000753'
     1x: No alignments found for chromosome 'unassigned-0000754'
     1x: No alignments found for chromosome 'unassigned-0000756'
     1x: No alignments found for chromosome 'unassigned-0000757'
     1x: No alignments found for chromosome 'unassigned-0000760'
     1x: No alignments found for chromosome 'unassigned-0000764'
     1x: No alignments found for chromosome 'unassigned-0000766'
     1x: No alignments found for chromosome 'unassigned-0000767'
     1x: No alignments found for chromosome 'unassigned-0000769'
     1x: No alignments found for chromosome 'unassigned-0000770'
     1x: No alignments found for chromosome 'unassigned-0000771'
     1x: No alignments found for chromosome 'unassigned-0000774'
     1x: No alignments found for chromosome 'unassigned-0000775'
     1x: No alignments found for chromosome 'unassigned-0000776'
     1x: No alignments found for chromosome 'unassigned-0000777'
     1x: No alignments found for chromosome 'unassigned-0000780'
     1x: No alignments found for chromosome 'unassigned-0000781'
     1x: No alignments found for chromosome 'unassigned-0000782'
Original regions: 5423
Lifted regions: 4621
Unmapped regions: 1604
Success rate: 74.00%
