Loading PAF alignments from assembly/qc/phased_verkko/T2T19/both.mapped_T2T.paf
PAF alignment filtering stats:
  Total alignments: 45848
  Filtered (low MAPQ < 5): 21089
  Filtered (short length < 50000): 20523
  Passed filters: 4236
Found alignments for 141 query sequences
Using search window: 10000bp for unmappable positions
Using alignment window: 10000bp for distant regions
Strategy: Select single best alignment per region

Processing BED entry 2: haplotype1-0000001:0-4000 (Dup)
    Best alignment: processing overlap 6387-10387 (windowed)
      BED region: 0-4000
      Alignment: 6387-398143 -> 3594-395770
      Alignment length: 392987, MAPQ: 60
    Exact mapping: 6387 -> 3594
    Exact mapping: 10386 -> 7262
      SUCCESS: 6387-10387 -> 3594-7263

Processing BED entry 3: haplotype1-0000001:4000-8008000 (Hap)
    Best alignment: processing overlap 3508628-8008000
      BED region: 4000-8008000
      Alignment: 3508628-14870024 -> 3509486-14870464
      Alignment length: 11389527, MAPQ: 60
    Exact mapping: 3508628 -> 3509486
    Exact mapping: 8007999 -> 8005266
      SUCCESS: 3508628-8008000 -> 3509486-8005267

Processing BED entry 4: haplotype1-0000001:8008000-8108000 (Col)
    Best alignment: processing overlap 8008000-8108000
      BED region: 8008000-8108000
      Alignment: 3508628-14870024 -> 3509486-14870464
      Alignment length: 11389527, MAPQ: 60
    Exact mapping: 8008000 -> 8005267
    Exact mapping: 8107999 -> 8105987
      SUCCESS: 8008000-8108000 -> 8005267-8105988

Processing BED entry 5: haplotype1-0000001:8108000-8176000 (Hap)
    Best alignment: processing overlap 8108000-8176000
      BED region: 8108000-8176000
      Alignment: 3508628-14870024 -> 3509486-14870464
      Alignment length: 11389527, MAPQ: 60
    Exact mapping: 8108000 -> 8105988
    Exact mapping: 8175999 -> 8174089
      SUCCESS: 8108000-8176000 -> 8105988-8174090

Processing BED entry 6: haplotype1-0000001:8176000-8244000 (Col)
    Best alignment: processing overlap 8176000-8244000
      BED region: 8176000-8244000
      Alignment: 3508628-14870024 -> 3509486-14870464
      Alignment length: 11389527, MAPQ: 60
    Exact mapping: 8176000 -> 8174090
    Exact mapping: 8243999 -> 8241982
      SUCCESS: 8176000-8244000 -> 8174090-8241983

Processing BED entry 7: haplotype1-0000001:8244000-11688000 (Hap)
    Best alignment: processing overlap 8244000-11688000
      BED region: 8244000-11688000
      Alignment: 3508628-14870024 -> 3509486-14870464
      Alignment length: 11389527, MAPQ: 60
    Exact mapping: 8244000 -> 8241983
    Exact mapping: 11687999 -> 11686096
      SUCCESS: 8244000-11688000 -> 8241983-11686097

Processing BED entry 8: haplotype1-0000001:11688000-11788000 (Col)
    Best alignment: processing overlap 11688000-11788000
      BED region: 11688000-11788000
      Alignment: 3508628-14870024 -> 3509486-14870464
      Alignment length: 11389527, MAPQ: 60
    Exact mapping: 11688000 -> 11686097
    Exact mapping: 11787999 -> 11786089
      SUCCESS: 11688000-11788000 -> 11686097-11786090

Processing BED entry 9: haplotype1-0000001:11788000-12252000 (Hap)
    Best alignment: processing overlap 11788000-12252000
      BED region: 11788000-12252000
      Alignment: 3508628-14870024 -> 3509486-14870464
      Alignment length: 11389527, MAPQ: 60
    Exact mapping: 11788000 -> 11786090
    Exact mapping: 12251999 -> 12250214
      SUCCESS: 11788000-12252000 -> 11786090-12250215

Processing BED entry 10: haplotype1-0000001:12252000-12304000 (Col)
    Best alignment: processing overlap 12252000-12304000
      BED region: 12252000-12304000
      Alignment: 3508628-14870024 -> 3509486-14870464
      Alignment length: 11389527, MAPQ: 60
    Exact mapping: 12252000 -> 12250215
    Exact mapping: 12303999 -> 12302221
      SUCCESS: 12252000-12304000 -> 12250215-12302222

SUMMARY:
Successfully lifted 3583 regions
  - Direct overlaps: 3532
  - Using alignment window: 51
Failed to lift 735 regions
Success rate: 83.0%

Failure reasons:
     8x: No overlapping alignments found for region 0-4000 even with 10000bp window
     7x: No alignments found for chromosome 'unassigned-0000084'
     7x: No alignments found for chromosome 'unassigned-0000106'
     7x: No alignments found for chromosome 'unassigned-0000372'
     6x: No alignments found for chromosome 'unassigned-0000412'
     5x: No alignments found for chromosome 'haplotype2-0000056'
     5x: No alignments found for chromosome 'unassigned-0000066'
     5x: No alignments found for chromosome 'unassigned-0000170'
     5x: No alignments found for chromosome 'unassigned-0000181'
     5x: No alignments found for chromosome 'unassigned-0000209'
     5x: No alignments found for chromosome 'unassigned-0000265'
     5x: No alignments found for chromosome 'unassigned-0000297'
     5x: No alignments found for chromosome 'unassigned-0000316'
     5x: No alignments found for chromosome 'unassigned-0000331'
     5x: No alignments found for chromosome 'unassigned-0000334'
     5x: No alignments found for chromosome 'unassigned-0000335'
     5x: No alignments found for chromosome 'unassigned-0000343'
     5x: No alignments found for chromosome 'unassigned-0000411'
     5x: No alignments found for chromosome 'unassigned-0000469'
     5x: No alignments found for chromosome 'unassigned-0000474'
     5x: No alignments found for chromosome 'unassigned-0000481'
     5x: No alignments found for chromosome 'unassigned-0000509'
     5x: No alignments found for chromosome 'unassigned-0000519'
     5x: No alignments found for chromosome 'unassigned-0000522'
     5x: No alignments found for chromosome 'unassigned-0000523'
     5x: No alignments found for chromosome 'unassigned-0000524'
     5x: No alignments found for chromosome 'unassigned-0000532'
     5x: No alignments found for chromosome 'unassigned-0000546'
     4x: No alignments found for chromosome 'unassigned-0000069'
     4x: No alignments found for chromosome 'unassigned-0000264'
     4x: No alignments found for chromosome 'unassigned-0000318'
     4x: No alignments found for chromosome 'unassigned-0000380'
     4x: No alignments found for chromosome 'unassigned-0000458'
     4x: No alignments found for chromosome 'unassigned-0000515'
     3x: No alignments found for chromosome 'unassigned-0000085'
     3x: No alignments found for chromosome 'unassigned-0000114'
     3x: No alignments found for chromosome 'unassigned-0000168'
     3x: No alignments found for chromosome 'unassigned-0000169'
     3x: No alignments found for chromosome 'unassigned-0000196'
     3x: No alignments found for chromosome 'unassigned-0000206'
     3x: No alignments found for chromosome 'unassigned-0000208'
     3x: No alignments found for chromosome 'unassigned-0000210'
     3x: No alignments found for chromosome 'unassigned-0000227'
     3x: No alignments found for chromosome 'unassigned-0000234'
     3x: No alignments found for chromosome 'unassigned-0000254'
     3x: No alignments found for chromosome 'unassigned-0000277'
     3x: No alignments found for chromosome 'unassigned-0000283'
     3x: No alignments found for chromosome 'unassigned-0000291'
     3x: No alignments found for chromosome 'unassigned-0000302'
     3x: No alignments found for chromosome 'unassigned-0000304'
     3x: No alignments found for chromosome 'unassigned-0000305'
     3x: No alignments found for chromosome 'unassigned-0000306'
     3x: No alignments found for chromosome 'unassigned-0000321'
     3x: No alignments found for chromosome 'unassigned-0000324'
     3x: No alignments found for chromosome 'unassigned-0000328'
     3x: No alignments found for chromosome 'unassigned-0000332'
     3x: No alignments found for chromosome 'unassigned-0000333'
     3x: No alignments found for chromosome 'unassigned-0000339'
     3x: No alignments found for chromosome 'unassigned-0000360'
     3x: No alignments found for chromosome 'unassigned-0000364'
     3x: No alignments found for chromosome 'unassigned-0000368'
     3x: No alignments found for chromosome 'unassigned-0000387'
     3x: No alignments found for chromosome 'unassigned-0000410'
     3x: No alignments found for chromosome 'unassigned-0000459'
     3x: No alignments found for chromosome 'unassigned-0000460'
     3x: No alignments found for chromosome 'unassigned-0000476'
     3x: No alignments found for chromosome 'unassigned-0000494'
     3x: No alignments found for chromosome 'unassigned-0000516'
     3x: No alignments found for chromosome 'unassigned-0000517'
     3x: No alignments found for chromosome 'unassigned-0000518'
     3x: No alignments found for chromosome 'unassigned-0000520'
     3x: No alignments found for chromosome 'unassigned-0000521'
     3x: No alignments found for chromosome 'unassigned-0000529'
     2x: No overlapping alignments found for region 40000000-40004000 even with 10000bp window
     2x: No overlapping alignments found for region 100000000-100004000 even with 10000bp window
     2x: No overlapping alignments found for region 140000000-140004000 even with 10000bp window
     2x: No alignments found for chromosome 'haplotype2-0000059'
     2x: No alignments found for chromosome 'unassigned-0000121'
     2x: No alignments found for chromosome 'unassigned-0000189'
     2x: No alignments found for chromosome 'unassigned-0000203'
     2x: No overlapping alignments found for region 0-28000 even with 10000bp window
     2x: No alignments found for chromosome 'unassigned-0000370'
     1x: No overlapping alignments found for region 50500000-50584000 even with 10000bp window
     1x: No overlapping alignments found for region 50584000-53948000 even with 10000bp window
     1x: No overlapping alignments found for region 53948000-53976000 even with 10000bp window
     1x: No overlapping alignments found for region 53976000-57696000 even with 10000bp window
     1x: No overlapping alignments found for region 57696000-57760000 even with 10000bp window
     1x: No overlapping alignments found for region 57760000-58908000 even with 10000bp window
     1x: No overlapping alignments found for region 58908000-58984000 even with 10000bp window
     1x: No overlapping alignments found for region 58984000-60000000 even with 10000bp window
     1x: No overlapping alignments found for region 60000000-60004000 even with 10000bp window
     1x: No overlapping alignments found for region 60004000-60840000 even with 10000bp window
     1x: No overlapping alignments found for region 60840000-60860000 even with 10000bp window
     1x: No overlapping alignments found for region 33012000-33076000 even with 10000bp window
     1x: No overlapping alignments found for region 49148000-49228000 even with 10000bp window
     1x: No overlapping alignments found for region 49228000-49260000 even with 10000bp window
     1x: No overlapping alignments found for region 141892000-141940000 even with 10000bp window
     1x: No overlapping alignments found for region 142472000-142484000 even with 10000bp window
     1x: No overlapping alignments found for region 142484000-142548000 even with 10000bp window
     1x: No overlapping alignments found for region 142548000-142728000 even with 10000bp window
     1x: No overlapping alignments found for region 39840000-39924000 even with 10000bp window
     1x: No overlapping alignments found for region 46012000-46056000 even with 10000bp window
     1x: No overlapping alignments found for region 17176000-17192000 even with 10000bp window
     1x: No overlapping alignments found for region 17472000-17560000 even with 10000bp window
     1x: No overlapping alignments found for region 19068000-19312000 even with 10000bp window
     1x: No overlapping alignments found for region 40984000-41240000 even with 10000bp window
     1x: No overlapping alignments found for region 41240000-41280000 even with 10000bp window
     1x: No overlapping alignments found for region 41280000-41316000 even with 10000bp window
     1x: No overlapping alignments found for region 41316000-41408000 even with 10000bp window
     1x: No overlapping alignments found for region 41408000-41484000 even with 10000bp window
     1x: No overlapping alignments found for region 41484000-41832000 even with 10000bp window
     1x: No overlapping alignments found for region 41832000-42124000 even with 10000bp window
     1x: No overlapping alignments found for region 42124000-42388000 even with 10000bp window
     1x: No overlapping alignments found for region 42388000-42660000 even with 10000bp window
     1x: No overlapping alignments found for region 93532000-93624000 even with 10000bp window
     1x: No overlapping alignments found for region 93624000-93680000 even with 10000bp window
     1x: No overlapping alignments found for region 93680000-93952000 even with 10000bp window
     1x: No overlapping alignments found for region 93952000-94044000 even with 10000bp window
     1x: No overlapping alignments found for region 94044000-94076000 even with 10000bp window
     1x: No overlapping alignments found for region 94076000-94140000 even with 10000bp window
     1x: No overlapping alignments found for region 94140000-94216000 even with 10000bp window
     1x: No overlapping alignments found for region 94216000-94388000 even with 10000bp window
     1x: No overlapping alignments found for region 94388000-94520000 even with 10000bp window
     1x: No overlapping alignments found for region 94520000-94680000 even with 10000bp window
     1x: No overlapping alignments found for region 94680000-95004000 even with 10000bp window
     1x: No overlapping alignments found for region 82876000-82908000 even with 10000bp window
     1x: No overlapping alignments found for region 5136000-5264000 even with 10000bp window
     1x: No overlapping alignments found for region 5264000-5500000 even with 10000bp window
     1x: No overlapping alignments found for region 5500000-5808000 even with 10000bp window
     1x: No overlapping alignments found for region 5808000-5848000 even with 10000bp window
     1x: No overlapping alignments found for region 5848000-5972000 even with 10000bp window
     1x: No overlapping alignments found for region 5972000-6080000 even with 10000bp window
     1x: No overlapping alignments found for region 94292000-94420000 even with 10000bp window
     1x: No overlapping alignments found for region 46236000-46264000 even with 10000bp window
     1x: No overlapping alignments found for region 2192000-2240000 even with 10000bp window
     1x: No overlapping alignments found for region 120908000-120956000 even with 10000bp window
     1x: No overlapping alignments found for region 141168000-141256000 even with 10000bp window
     1x: No overlapping alignments found for region 34704000-34732000 even with 10000bp window
     1x: No overlapping alignments found for region 134320000-134512000 even with 10000bp window
     1x: No overlapping alignments found for region 17988000-18040000 even with 10000bp window
     1x: No overlapping alignments found for region 21084000-21132000 even with 10000bp window
     1x: No overlapping alignments found for region 93604000-93668000 even with 10000bp window
     1x: No overlapping alignments found for region 93668000-93708000 even with 10000bp window
     1x: No overlapping alignments found for region 93708000-93748000 even with 10000bp window
     1x: No overlapping alignments found for region 93748000-93888000 even with 10000bp window
     1x: No overlapping alignments found for region 93888000-94052000 even with 10000bp window
     1x: No overlapping alignments found for region 94052000-94356000 even with 10000bp window
     1x: No overlapping alignments found for region 94356000-94412000 even with 10000bp window
     1x: No overlapping alignments found for region 94412000-94580000 even with 10000bp window
     1x: No overlapping alignments found for region 94580000-94628000 even with 10000bp window
     1x: Could not map end position 129615999 even with 10000bp search window
     1x: No overlapping alignments found for region 134428000-134472000 even with 10000bp window
     1x: No overlapping alignments found for region 139664000-139696000 even with 10000bp window
     1x: No overlapping alignments found for region 140204000-140244000 even with 10000bp window
     1x: No overlapping alignments found for region 0-36000 even with 10000bp window
     1x: No overlapping alignments found for region 4924000-5016000 even with 10000bp window
     1x: No alignments found for chromosome 'haplotype2-0000054'
     1x: No alignments found for chromosome 'haplotype2-0000057'
     1x: No alignments found for chromosome 'haplotype2-0000058'
     1x: No overlapping alignments found for region 0-24000 even with 10000bp window
     1x: No overlapping alignments found for region 24000-156000 even with 10000bp window
     1x: No overlapping alignments found for region 156000-240000 even with 10000bp window
     1x: No alignments found for chromosome 'unassigned-0000062'
     1x: No alignments found for chromosome 'unassigned-0000063'
     1x: No alignments found for chromosome 'unassigned-0000064'
     1x: No alignments found for chromosome 'unassigned-0000065'
     1x: No alignments found for chromosome 'unassigned-0000067'
     1x: No alignments found for chromosome 'unassigned-0000068'
     1x: No alignments found for chromosome 'unassigned-0000070'
     1x: No alignments found for chromosome 'unassigned-0000071'
     1x: No alignments found for chromosome 'unassigned-0000072'
     1x: No alignments found for chromosome 'unassigned-0000074'
     1x: No alignments found for chromosome 'unassigned-0000075'
     1x: No alignments found for chromosome 'unassigned-0000078'
     1x: No alignments found for chromosome 'unassigned-0000079'
     1x: No alignments found for chromosome 'unassigned-0000080'
     1x: No alignments found for chromosome 'unassigned-0000083'
     1x: No alignments found for chromosome 'unassigned-0000086'
     1x: No alignments found for chromosome 'unassigned-0000087'
     1x: No alignments found for chromosome 'unassigned-0000088'
     1x: No alignments found for chromosome 'unassigned-0000090'
     1x: No alignments found for chromosome 'unassigned-0000091'
     1x: No alignments found for chromosome 'unassigned-0000092'
     1x: No alignments found for chromosome 'unassigned-0000093'
     1x: No alignments found for chromosome 'unassigned-0000094'
     1x: No alignments found for chromosome 'unassigned-0000095'
     1x: No alignments found for chromosome 'unassigned-0000096'
     1x: No alignments found for chromosome 'unassigned-0000097'
     1x: No alignments found for chromosome 'unassigned-0000098'
     1x: No alignments found for chromosome 'unassigned-0000099'
     1x: No alignments found for chromosome 'unassigned-0000100'
     1x: No alignments found for chromosome 'unassigned-0000101'
     1x: No alignments found for chromosome 'unassigned-0000102'
     1x: No alignments found for chromosome 'unassigned-0000103'
     1x: No alignments found for chromosome 'unassigned-0000105'
     1x: No alignments found for chromosome 'unassigned-0000108'
     1x: No alignments found for chromosome 'unassigned-0000109'
     1x: No alignments found for chromosome 'unassigned-0000111'
     1x: No alignments found for chromosome 'unassigned-0000112'
     1x: No alignments found for chromosome 'unassigned-0000115'
     1x: No alignments found for chromosome 'unassigned-0000116'
     1x: No alignments found for chromosome 'unassigned-0000117'
     1x: No alignments found for chromosome 'unassigned-0000118'
     1x: No alignments found for chromosome 'unassigned-0000119'
     1x: No alignments found for chromosome 'unassigned-0000122'
     1x: No alignments found for chromosome 'unassigned-0000124'
     1x: No alignments found for chromosome 'unassigned-0000125'
     1x: No alignments found for chromosome 'unassigned-0000126'
     1x: No alignments found for chromosome 'unassigned-0000127'
     1x: No alignments found for chromosome 'unassigned-0000128'
     1x: No alignments found for chromosome 'unassigned-0000129'
     1x: No alignments found for chromosome 'unassigned-0000130'
     1x: No alignments found for chromosome 'unassigned-0000131'
     1x: No alignments found for chromosome 'unassigned-0000132'
     1x: No alignments found for chromosome 'unassigned-0000133'
     1x: No alignments found for chromosome 'unassigned-0000134'
     1x: No alignments found for chromosome 'unassigned-0000137'
     1x: No alignments found for chromosome 'unassigned-0000138'
     1x: No alignments found for chromosome 'unassigned-0000140'
     1x: No alignments found for chromosome 'unassigned-0000141'
     1x: No alignments found for chromosome 'unassigned-0000145'
     1x: No alignments found for chromosome 'unassigned-0000147'
     1x: No alignments found for chromosome 'unassigned-0000148'
     1x: No alignments found for chromosome 'unassigned-0000149'
     1x: No alignments found for chromosome 'unassigned-0000150'
     1x: No alignments found for chromosome 'unassigned-0000155'
     1x: No alignments found for chromosome 'unassigned-0000156'
     1x: No alignments found for chromosome 'unassigned-0000157'
     1x: No alignments found for chromosome 'unassigned-0000158'
     1x: No alignments found for chromosome 'unassigned-0000159'
     1x: No alignments found for chromosome 'unassigned-0000160'
     1x: No alignments found for chromosome 'unassigned-0000163'
     1x: No overlapping alignments found for region 1224000-1276000 even with 10000bp window
     1x: No overlapping alignments found for region 1276000-1408000 even with 10000bp window
     1x: No overlapping alignments found for region 1408000-1596000 even with 10000bp window
     1x: No alignments found for chromosome 'unassigned-0000167'
     1x: No alignments found for chromosome 'unassigned-0000171'
     1x: No alignments found for chromosome 'unassigned-0000174'
     1x: No alignments found for chromosome 'unassigned-0000175'
     1x: No alignments found for chromosome 'unassigned-0000177'
     1x: No alignments found for chromosome 'unassigned-0000178'
     1x: No alignments found for chromosome 'unassigned-0000179'
     1x: No alignments found for chromosome 'unassigned-0000180'
     1x: No alignments found for chromosome 'unassigned-0000184'
     1x: No alignments found for chromosome 'unassigned-0000186'
     1x: No alignments found for chromosome 'unassigned-0000187'
     1x: No alignments found for chromosome 'unassigned-0000188'
     1x: No alignments found for chromosome 'unassigned-0000190'
     1x: No alignments found for chromosome 'unassigned-0000191'
     1x: No alignments found for chromosome 'unassigned-0000192'
     1x: No alignments found for chromosome 'unassigned-0000193'
     1x: No alignments found for chromosome 'unassigned-0000194'
     1x: No alignments found for chromosome 'unassigned-0000195'
     1x: No alignments found for chromosome 'unassigned-0000197'
     1x: No alignments found for chromosome 'unassigned-0000199'
     1x: No alignments found for chromosome 'unassigned-0000200'
     1x: No alignments found for chromosome 'unassigned-0000202'
     1x: No alignments found for chromosome 'unassigned-0000204'
     1x: No alignments found for chromosome 'unassigned-0000207'
     1x: No alignments found for chromosome 'unassigned-0000211'
     1x: No overlapping alignments found for region 1360000-2060000 even with 10000bp window
     1x: No alignments found for chromosome 'unassigned-0000215'
     1x: No alignments found for chromosome 'unassigned-0000216'
     1x: No alignments found for chromosome 'unassigned-0000217'
     1x: No alignments found for chromosome 'unassigned-0000219'
     1x: No alignments found for chromosome 'unassigned-0000221'
     1x: No alignments found for chromosome 'unassigned-0000223'
     1x: No alignments found for chromosome 'unassigned-0000224'
     1x: No alignments found for chromosome 'unassigned-0000226'
     1x: No alignments found for chromosome 'unassigned-0000228'
     1x: No alignments found for chromosome 'unassigned-0000229'
     1x: No alignments found for chromosome 'unassigned-0000230'
     1x: No alignments found for chromosome 'unassigned-0000231'
     1x: No alignments found for chromosome 'unassigned-0000233'
     1x: No alignments found for chromosome 'unassigned-0000235'
     1x: No alignments found for chromosome 'unassigned-0000236'
     1x: No alignments found for chromosome 'unassigned-0000237'
     1x: No alignments found for chromosome 'unassigned-0000238'
     1x: No alignments found for chromosome 'unassigned-0000239'
     1x: No alignments found for chromosome 'unassigned-0000240'
     1x: No alignments found for chromosome 'unassigned-0000242'
     1x: No alignments found for chromosome 'unassigned-0000244'
     1x: No alignments found for chromosome 'unassigned-0000245'
     1x: No overlapping alignments found for region 964000-1404000 even with 10000bp window
     1x: No overlapping alignments found for region 1404000-1528000 even with 10000bp window
     1x: No overlapping alignments found for region 1528000-1620000 even with 10000bp window
     1x: No overlapping alignments found for region 1620000-1680000 even with 10000bp window
     1x: No overlapping alignments found for region 1680000-2020000 even with 10000bp window
     1x: No overlapping alignments found for region 2020000-2236000 even with 10000bp window
     1x: No overlapping alignments found for region 2236000-2580000 even with 10000bp window
     1x: No overlapping alignments found for region 2580000-2652000 even with 10000bp window
     1x: No overlapping alignments found for region 2652000-2764000 even with 10000bp window
     1x: No overlapping alignments found for region 2764000-3040000 even with 10000bp window
     1x: No overlapping alignments found for region 3040000-3100000 even with 10000bp window
     1x: No alignments found for chromosome 'unassigned-0000251'
     1x: No alignments found for chromosome 'unassigned-0000255'
     1x: No alignments found for chromosome 'unassigned-0000256'
     1x: No alignments found for chromosome 'unassigned-0000257'
     1x: No alignments found for chromosome 'unassigned-0000258'
     1x: No alignments found for chromosome 'unassigned-0000267'
     1x: No alignments found for chromosome 'unassigned-0000268'
     1x: No alignments found for chromosome 'unassigned-0000269'
     1x: No alignments found for chromosome 'unassigned-0000270'
     1x: No alignments found for chromosome 'unassigned-0000271'
     1x: No alignments found for chromosome 'unassigned-0000272'
     1x: No alignments found for chromosome 'unassigned-0000274'
     1x: No alignments found for chromosome 'unassigned-0000276'
     1x: No overlapping alignments found for region 1200000-1312000 even with 10000bp window
     1x: No overlapping alignments found for region 1312000-1396000 even with 10000bp window
     1x: No overlapping alignments found for region 1396000-1428000 even with 10000bp window
     1x: No overlapping alignments found for region 1428000-1600000 even with 10000bp window
     1x: No overlapping alignments found for region 1600000-1664000 even with 10000bp window
     1x: No overlapping alignments found for region 1664000-1792000 even with 10000bp window
     1x: No overlapping alignments found for region 1792000-1904000 even with 10000bp window
     1x: No overlapping alignments found for region 1904000-2012000 even with 10000bp window
     1x: No overlapping alignments found for region 2012000-2100000 even with 10000bp window
     1x: No overlapping alignments found for region 2100000-2216000 even with 10000bp window
     1x: No overlapping alignments found for region 2216000-2284000 even with 10000bp window
     1x: No overlapping alignments found for region 3484000-3507919 even with 10000bp window
     1x: No alignments found for chromosome 'unassigned-0000281'
     1x: No alignments found for chromosome 'unassigned-0000282'
     1x: No alignments found for chromosome 'unassigned-0000284'
     1x: No alignments found for chromosome 'unassigned-0000285'
     1x: No alignments found for chromosome 'unassigned-0000286'
     1x: No alignments found for chromosome 'unassigned-0000287'
     1x: No alignments found for chromosome 'unassigned-0000288'
     1x: No alignments found for chromosome 'unassigned-0000289'
     1x: No alignments found for chromosome 'unassigned-0000290'
     1x: No alignments found for chromosome 'unassigned-0000294'
     1x: No alignments found for chromosome 'unassigned-0000295'
     1x: No alignments found for chromosome 'unassigned-0000296'
     1x: No alignments found for chromosome 'unassigned-0000298'
     1x: No alignments found for chromosome 'unassigned-0000299'
     1x: No alignments found for chromosome 'unassigned-0000300'
     1x: No alignments found for chromosome 'unassigned-0000301'
     1x: No alignments found for chromosome 'unassigned-0000303'
     1x: No alignments found for chromosome 'unassigned-0000308'
     1x: No alignments found for chromosome 'unassigned-0000309'
     1x: No alignments found for chromosome 'unassigned-0000310'
     1x: No alignments found for chromosome 'unassigned-0000311'
     1x: No overlapping alignments found for region 1180000-1272000 even with 10000bp window
     1x: No overlapping alignments found for region 1272000-1432000 even with 10000bp window
     1x: No overlapping alignments found for region 1432000-1568000 even with 10000bp window
     1x: No overlapping alignments found for region 1568000-1600000 even with 10000bp window
     1x: No overlapping alignments found for region 1600000-1740000 even with 10000bp window
     1x: No overlapping alignments found for region 1740000-1800000 even with 10000bp window
     1x: No overlapping alignments found for region 1800000-1856000 even with 10000bp window
     1x: No alignments found for chromosome 'unassigned-0000313'
     1x: No alignments found for chromosome 'unassigned-0000315'
     1x: No alignments found for chromosome 'unassigned-0000317'
     1x: No alignments found for chromosome 'unassigned-0000319'
     1x: No alignments found for chromosome 'unassigned-0000320'
     1x: No alignments found for chromosome 'unassigned-0000322'
     1x: No alignments found for chromosome 'unassigned-0000323'
     1x: No alignments found for chromosome 'unassigned-0000327'
     1x: No alignments found for chromosome 'unassigned-0000329'
     1x: No alignments found for chromosome 'unassigned-0000330'
     1x: No alignments found for chromosome 'unassigned-0000336'
     1x: No alignments found for chromosome 'unassigned-0000337'
     1x: No alignments found for chromosome 'unassigned-0000341'
     1x: No alignments found for chromosome 'unassigned-0000342'
     1x: No alignments found for chromosome 'unassigned-0000346'
     1x: No alignments found for chromosome 'unassigned-0000347'
     1x: No alignments found for chromosome 'unassigned-0000348'
     1x: No alignments found for chromosome 'unassigned-0000349'
     1x: No alignments found for chromosome 'unassigned-0000351'
     1x: No alignments found for chromosome 'unassigned-0000352'
     1x: No alignments found for chromosome 'unassigned-0000353'
     1x: No alignments found for chromosome 'unassigned-0000354'
     1x: No alignments found for chromosome 'unassigned-0000355'
     1x: No alignments found for chromosome 'unassigned-0000356'
     1x: No alignments found for chromosome 'unassigned-0000357'
     1x: No alignments found for chromosome 'unassigned-0000358'
     1x: No alignments found for chromosome 'unassigned-0000359'
     1x: No alignments found for chromosome 'unassigned-0000361'
     1x: No alignments found for chromosome 'unassigned-0000362'
     1x: No alignments found for chromosome 'unassigned-0000363'
     1x: No alignments found for chromosome 'unassigned-0000365'
     1x: No alignments found for chromosome 'unassigned-0000366'
     1x: No alignments found for chromosome 'unassigned-0000367'
     1x: No alignments found for chromosome 'unassigned-0000369'
     1x: No alignments found for chromosome 'unassigned-0000373'
     1x: No alignments found for chromosome 'unassigned-0000374'
     1x: No alignments found for chromosome 'unassigned-0000375'
     1x: No alignments found for chromosome 'unassigned-0000378'
     1x: No alignments found for chromosome 'unassigned-0000379'
     1x: No overlapping alignments found for region 172000-472000 even with 10000bp window
     1x: No alignments found for chromosome 'unassigned-0000383'
     1x: No overlapping alignments found for region 120000-150152 even with 10000bp window
     1x: No alignments found for chromosome 'unassigned-0000386'
     1x: No alignments found for chromosome 'unassigned-0000388'
     1x: No alignments found for chromosome 'unassigned-0000390'
     1x: No alignments found for chromosome 'unassigned-0000391'
     1x: No alignments found for chromosome 'unassigned-0000392'
     1x: No alignments found for chromosome 'unassigned-0000394'
     1x: No alignments found for chromosome 'unassigned-0000395'
     1x: No alignments found for chromosome 'unassigned-0000396'
     1x: No alignments found for chromosome 'unassigned-0000397'
     1x: No alignments found for chromosome 'unassigned-0000398'
     1x: No alignments found for chromosome 'unassigned-0000401'
     1x: No alignments found for chromosome 'unassigned-0000403'
     1x: No alignments found for chromosome 'unassigned-0000406'
     1x: No alignments found for chromosome 'unassigned-0000407'
     1x: No alignments found for chromosome 'unassigned-0000408'
     1x: No alignments found for chromosome 'unassigned-0000409'
     1x: No alignments found for chromosome 'unassigned-0000413'
     1x: No alignments found for chromosome 'unassigned-0000414'
     1x: No alignments found for chromosome 'unassigned-0000416'
     1x: No alignments found for chromosome 'unassigned-0000417'
     1x: No alignments found for chromosome 'unassigned-0000418'
     1x: No alignments found for chromosome 'unassigned-0000420'
     1x: No alignments found for chromosome 'unassigned-0000421'
     1x: No alignments found for chromosome 'unassigned-0000422'
     1x: No alignments found for chromosome 'unassigned-0000423'
     1x: No alignments found for chromosome 'unassigned-0000424'
     1x: No alignments found for chromosome 'unassigned-0000425'
     1x: No overlapping alignments found for region 160000-207078 even with 10000bp window
     1x: No alignments found for chromosome 'unassigned-0000428'
     1x: No alignments found for chromosome 'unassigned-0000429'
     1x: No alignments found for chromosome 'unassigned-0000430'
     1x: No alignments found for chromosome 'unassigned-0000432'
     1x: No alignments found for chromosome 'unassigned-0000433'
     1x: No alignments found for chromosome 'unassigned-0000434'
     1x: No alignments found for chromosome 'unassigned-0000435'
     1x: No alignments found for chromosome 'unassigned-0000436'
     1x: No alignments found for chromosome 'unassigned-0000437'
     1x: No alignments found for chromosome 'unassigned-0000438'
     1x: No overlapping alignments found for region 1668000-1804000 even with 10000bp window
     1x: No overlapping alignments found for region 1804000-1876000 even with 10000bp window
     1x: No overlapping alignments found for region 1876000-1924000 even with 10000bp window
     1x: No overlapping alignments found for region 1924000-1984000 even with 10000bp window
     1x: No overlapping alignments found for region 3804000-3835076 even with 10000bp window
     1x: No alignments found for chromosome 'unassigned-0000441'
     1x: No alignments found for chromosome 'unassigned-0000442'
     1x: No alignments found for chromosome 'unassigned-0000443'
     1x: No alignments found for chromosome 'unassigned-0000445'
     1x: No alignments found for chromosome 'unassigned-0000446'
     1x: No alignments found for chromosome 'unassigned-0000447'
     1x: No alignments found for chromosome 'unassigned-0000448'
     1x: No alignments found for chromosome 'unassigned-0000450'
     1x: No alignments found for chromosome 'unassigned-0000451'
     1x: No alignments found for chromosome 'unassigned-0000452'
     1x: No alignments found for chromosome 'unassigned-0000453'
     1x: No alignments found for chromosome 'unassigned-0000454'
     1x: No alignments found for chromosome 'unassigned-0000455'
     1x: No alignments found for chromosome 'unassigned-0000456'
     1x: No alignments found for chromosome 'unassigned-0000457'
     1x: No alignments found for chromosome 'unassigned-0000461'
     1x: No alignments found for chromosome 'unassigned-0000462'
     1x: No alignments found for chromosome 'unassigned-0000463'
     1x: No alignments found for chromosome 'unassigned-0000464'
     1x: No alignments found for chromosome 'unassigned-0000465'
     1x: No alignments found for chromosome 'unassigned-0000466'
     1x: No alignments found for chromosome 'unassigned-0000468'
     1x: No alignments found for chromosome 'unassigned-0000470'
     1x: No alignments found for chromosome 'unassigned-0000471'
     1x: No alignments found for chromosome 'unassigned-0000472'
     1x: No alignments found for chromosome 'unassigned-0000473'
     1x: No alignments found for chromosome 'unassigned-0000475'
     1x: No alignments found for chromosome 'unassigned-0000477'
     1x: No alignments found for chromosome 'unassigned-0000478'
     1x: No alignments found for chromosome 'unassigned-0000479'
     1x: No alignments found for chromosome 'unassigned-0000480'
     1x: No alignments found for chromosome 'unassigned-0000483'
     1x: No alignments found for chromosome 'unassigned-0000485'
     1x: No alignments found for chromosome 'unassigned-0000486'
     1x: No alignments found for chromosome 'unassigned-0000488'
     1x: No alignments found for chromosome 'unassigned-0000489'
     1x: No alignments found for chromosome 'unassigned-0000490'
     1x: No overlapping alignments found for region 256000-287547 even with 10000bp window
     1x: No alignments found for chromosome 'unassigned-0000492'
     1x: No alignments found for chromosome 'unassigned-0000495'
     1x: No alignments found for chromosome 'unassigned-0000496'
     1x: No alignments found for chromosome 'unassigned-0000497'
     1x: No alignments found for chromosome 'unassigned-0000498'
     1x: No alignments found for chromosome 'unassigned-0000499'
     1x: No alignments found for chromosome 'unassigned-0000500'
     1x: No alignments found for chromosome 'unassigned-0000502'
     1x: No overlapping alignments found for region 0-16000 even with 10000bp window
     1x: No overlapping alignments found for region 16000-44000 even with 10000bp window
     1x: No overlapping alignments found for region 44000-192000 even with 10000bp window
     1x: No overlapping alignments found for region 192000-200000 even with 10000bp window
     1x: No alignments found for chromosome 'unassigned-0000504'
     1x: No alignments found for chromosome 'unassigned-0000505'
     1x: No alignments found for chromosome 'unassigned-0000506'
     1x: No alignments found for chromosome 'unassigned-0000507'
     1x: No alignments found for chromosome 'unassigned-0000508'
     1x: No alignments found for chromosome 'unassigned-0000510'
     1x: No alignments found for chromosome 'unassigned-0000511'
     1x: No alignments found for chromosome 'unassigned-0000512'
     1x: No alignments found for chromosome 'unassigned-0000514'
     1x: No alignments found for chromosome 'unassigned-0000525'
     1x: No alignments found for chromosome 'unassigned-0000526'
     1x: No alignments found for chromosome 'unassigned-0000527'
     1x: No alignments found for chromosome 'unassigned-0000528'
     1x: No alignments found for chromosome 'unassigned-0000530'
     1x: No alignments found for chromosome 'unassigned-0000533'
     1x: No alignments found for chromosome 'unassigned-0000534'
     1x: No alignments found for chromosome 'unassigned-0000535'
     1x: No alignments found for chromosome 'unassigned-0000536'
     1x: No alignments found for chromosome 'unassigned-0000537'
     1x: No alignments found for chromosome 'unassigned-0000538'
     1x: No alignments found for chromosome 'unassigned-0000539'
     1x: No alignments found for chromosome 'unassigned-0000540'
     1x: No alignments found for chromosome 'unassigned-0000541'
     1x: No alignments found for chromosome 'unassigned-0000545'
     1x: No alignments found for chromosome 'unassigned-0000548'
     1x: No alignments found for chromosome 'unassigned-0000549'
Original regions: 4318
Lifted regions: 3583
Unmapped regions: 1470
Success rate: 70.00%
