nucflag/COLLAPSE: 4 regions, 131,126 bp
  satellite: 111 regions, 121,667 bp (92.79%)
  other_repeat: 119 regions, 7,414 bp (5.65%)
  non_repetitive: 9 regions, 2,045 bp (1.56%)
nucflag/COLLAPSE_OTHER: 205 regions, 3,172,355 bp
  satellite: 84 regions, 136,452 bp (4.3%)
  other_repeat: 5968 regions, 1,745,858 bp (55.03%)
  non_repetitive: 5846 regions, 1,290,045 bp (40.67%)
nucflag/COLLAPSE_VAR: 2 regions, 191,293 bp
  satellite: 0 regions, 0 bp (0.0%)
  other_repeat: 362 regions, 108,916 bp (56.94%)
  non_repetitive: 362 regions, 82,377 bp (43.06%)
nucflag/HET: 1007 regions, 15,275,133 bp
  satellite: 614 regions, 2,768,783 bp (18.13%)
  other_repeat: 21797 regions, 6,953,663 bp (45.52%)
  non_repetitive: 21648 regions, 5,552,687 bp (36.35%)
nucflag/MISJOIN: 1788 regions, 13,617,053 bp
  satellite: 523 regions, 763,282 bp (5.61%)
  other_repeat: 22513 regions, 6,587,253 bp (48.38%)
  non_repetitive: 21547 regions, 6,266,518 bp (46.02%)
flagger/Col: 1260 regions, 80,972,000 bp
  satellite: 5232 regions, 11,336,808 bp (14.0%)
  other_repeat: 90609 regions, 37,373,824 bp (46.16%)
  non_repetitive: 87897 regions, 32,261,368 bp (39.84%)
flagger/Dup: 720 regions, 40,536,000 bp
  satellite: 978 regions, 1,647,311 bp (4.06%)
  other_repeat: 60898 regions, 20,635,405 bp (50.91%)
  non_repetitive: 60076 regions, 18,253,284 bp (45.03%)
flagger/Err: 713 regions, 44,135,600 bp
  satellite: 1230 regions, 1,907,511 bp (4.32%)
  other_repeat: 77652 regions, 23,047,768 bp (52.22%)
  non_repetitive: 76752 regions, 19,180,321 bp (43.46%)
flagger/Hap: 1929 regions, 5,850,402,536 bp
  satellite: 77500 regions, 284,962,659 bp (4.87%)
  other_repeat: 7768399 regions, 2,818,404,507 bp (48.17%)
  non_repetitive: 7747162 regions, 2,747,035,370 bp (46.95%)
Done.
