Loading PAF alignments from assembly/qc/phased_verkko/T2T04_2/both.mapped_T2T.paf
PAF alignment filtering stats:
  Total alignments: 52264
  Filtered (low MAPQ < 5): 31111
  Filtered (short length < 50000): 16740
  Passed filters: 4413
Found alignments for 555 query sequences
Using search window: 10000bp for unmappable positions
Using alignment window: 10000bp for distant regions
Strategy: Select single best alignment per region

Processing BED entry 1: haplotype1-0000001:47125059-47225059 (N_region)
  FAIL: No overlapping alignments found for region 47125059-47225059 even with 10000bp window

Processing BED entry 2: haplotype1-0000002:56480191-56580191 (N_region)
    Best alignment: processing overlap 56380161-56480161 (windowed)
      BED region: 56480191-56580191
      Alignment: 56283589-56480161 -> 56325289-56521364
      Alignment length: 196930, MAPQ: 60
    Exact mapping: 56380161 -> 56421433
    Exact mapping: 56480160 -> 56521363
      SUCCESS: 56380161-56480161 -> 56421433-56521364

Processing BED entry 3: haplotype1-0000002:142361670-142369170 (N_region)
    Best alignment: processing overlap 142354170-142361670 (windowed)
      BED region: 142361670-142369170
      Alignment: 139449653-142361670 -> 139282280-142193772
      Alignment length: 2917383, MAPQ: 60
    Exact mapping: 142354170 -> 142186269
    Exact mapping: 142361669 -> 142193771
      SUCCESS: 142354170-142361670 -> 142186269-142193772

Processing BED entry 4: haplotype1-0000002:160504378-160604378 (N_region)
    Best alignment: processing overlap 160404378-160504378 (windowed)
      BED region: 160504378-160604378
      Alignment: 160320633-160504378 -> 159953084-160137080
      Alignment length: 184642, MAPQ: 60
    Exact mapping: 160404378 -> 160037225
    Exact mapping: 160504377 -> 160137079
      SUCCESS: 160404378-160504378 -> 160037225-160137080

Processing BED entry 5: haplotype1-0000003:97042852-97050352 (N_region)
    Best alignment: processing overlap 97035307-97042807 (windowed)
      BED region: 97042852-97050352
      Alignment: 96951352-97042807 -> 10964658-11054117
      Alignment length: 94231, MAPQ: 60
    Exact mapping: 97035307 -> 11044620
    Exact mapping: 97042806 -> 11048443
      SUCCESS: 97035307-97042807 -> 11044620-11048444

Processing BED entry 6: haplotype1-0000003:98269344-98369344 (N_region)
  FAIL: No overlapping alignments found for region 98269344-98369344 even with 10000bp window

Processing BED entry 7: haplotype1-0000003:98756378-98757878 (N_region)
  FAIL: No overlapping alignments found for region 98756378-98757878 even with 10000bp window

Processing BED entry 8: haplotype1-0000003:99022382-99023882 (N_region)
  FAIL: No overlapping alignments found for region 99022382-99023882 even with 10000bp window

Processing BED entry 9: haplotype1-0000003:101724215-101824215 (N_region)
    Best alignment: processing overlap 101624206-101724206 (windowed)
      BED region: 101724215-101824215
      Alignment: 101059987-101724206 -> 11590183-12304847
      Alignment length: 726919, MAPQ: 60
    Exact mapping: 101624206 -> 12203277
    Exact mapping: 101724205 -> 12300122
      SUCCESS: 101624206-101724206 -> 12203277-12300123

Processing BED entry 10: haplotype1-0000004:15895513-15995513 (N_region)
    Best alignment: processing overlap 15795487-15895487 (windowed)
      BED region: 15895513-15995513
      Alignment: 14770923-15895487 -> 147578275-148693291
      Alignment length: 1124981, MAPQ: 60
    Exact mapping: 15795487 -> 148602811
    Exact mapping: 15895486 -> 148693290
      SUCCESS: 15795487-15895487 -> 148602811-148693291

SUMMARY:
Successfully lifted 84 regions
  - Direct overlaps: 17
  - Using alignment window: 67
Failed to lift 24 regions
Success rate: 77.8%

Failure reasons:
     1x: No overlapping alignments found for region 47125059-47225059 even with 10000bp window
     1x: No overlapping alignments found for region 98269344-98369344 even with 10000bp window
     1x: No overlapping alignments found for region 98756378-98757878 even with 10000bp window
     1x: No overlapping alignments found for region 99022382-99023882 even with 10000bp window
     1x: Could not map start position 25547115 even with 10000bp search window
     1x: Could not map start position 35066691 even with 10000bp search window
     1x: Could not map start position 94053570 even with 10000bp search window
     1x: Could not map end position 52962238 even with 10000bp search window
     1x: Could not map end position 99045450 even with 10000bp search window
     1x: No overlapping alignments found for region 94424377-94524377 even with 10000bp window
     1x: No overlapping alignments found for region 101187153-101287153 even with 10000bp window
     1x: No overlapping alignments found for region 144057819-144065319 even with 10000bp window
     1x: No overlapping alignments found for region 131076839-131176839 even with 10000bp window
     1x: No overlapping alignments found for region 131734907-131834907 even with 10000bp window
     1x: No overlapping alignments found for region 97422179-97522179 even with 10000bp window
     1x: No overlapping alignments found for region 97742884-97750384 even with 10000bp window
     1x: No overlapping alignments found for region 37339327-37439327 even with 10000bp window
     1x: Could not map start position 114458710 even with 10000bp search window
     1x: Could not map start position 34636674 even with 10000bp search window
     1x: Could not map start position 43212418 even with 10000bp search window
     1x: No overlapping alignments found for region 37394534-37396034 even with 10000bp window
     1x: No overlapping alignments found for region 39325207-39326707 even with 10000bp window
     1x: No overlapping alignments found for region 40617810-40717810 even with 10000bp window
     1x: No overlapping alignments found for region 546239-646239 even with 10000bp window
Original regions: 108
Lifted regions: 84
Unmapped regions: 48
Success rate: 63.00%
