Loading PAF alignments from assembly/qc/phased_verkko/T2T04_2/both.mapped_T2T.paf
PAF alignment filtering stats:
  Total alignments: 52264
  Filtered (low MAPQ < 5): 31111
  Filtered (short length < 50000): 16740
  Passed filters: 4413
Found alignments for 555 query sequences
Using search window: 10000bp for unmappable positions
Using alignment window: 10000bp for distant regions
Strategy: Select single best alignment per region

Processing BED entry 2: haplotype1-0000001:0-4000 (Dup)
    Best alignment: processing overlap 6331-10331 (windowed)
      BED region: 0-4000
      Alignment: 6331-400056 -> 95937445-96327871
      Alignment length: 394108, MAPQ: 60
    Exact mapping: 6331 -> 95937463
    Exact mapping: 10330 -> 95939981
      SUCCESS: 6331-10331 -> 95937463-95939982

Processing BED entry 3: haplotype1-0000001:4000-5952000 (Hap)
    Best alignment: processing overlap 2391734-4301677
      BED region: 4000-5952000
      Alignment: 2391734-4301677 -> 92039770-93946909
      Alignment length: 1912559, MAPQ: 60
    Exact mapping: 2391734 -> 92040007
    Exact mapping: 4301676 -> 93945751
      SUCCESS: 2391734-4301677 -> 92040007-93945752

Processing BED entry 4: haplotype1-0000001:5952000-5960000 (Err)
    Best alignment: processing overlap 5952000-5960000
      BED region: 5952000-5960000
      Alignment: 5360736-8565034 -> 87790453-90996771
      Alignment length: 3208927, MAPQ: 60
    Exact mapping: 5952000 -> 88409731
    Exact mapping: 5959999 -> 88401732
      SUCCESS: 5952000-5960000 -> 88401732-88409732

Processing BED entry 5: haplotype1-0000001:5960000-8524000 (Hap)
    Best alignment: processing overlap 5960000-8524000
      BED region: 5960000-8524000
      Alignment: 5360736-8565034 -> 87790453-90996771
      Alignment length: 3208927, MAPQ: 60
    Exact mapping: 5960000 -> 88401731
    Exact mapping: 8523999 -> 90952230
      SUCCESS: 5960000-8524000 -> 88401731-90952231

Processing BED entry 6: haplotype1-0000001:8524000-8544000 (Dup)
    Best alignment: processing overlap 8524000-8544000
      BED region: 8524000-8544000
      Alignment: 5360736-8565034 -> 87790453-90996771
      Alignment length: 3208927, MAPQ: 60
    Exact mapping: 8524000 -> 90952229
    Exact mapping: 8543999 -> 90975824
      SUCCESS: 8524000-8544000 -> 90952229-90975825

Processing BED entry 7: haplotype1-0000001:8544000-18900000 (Hap)
    Best alignment: processing overlap 8565112-15065826
      BED region: 8544000-18900000
      Alignment: 8565112-15065826 -> 81269524-87790372
      Alignment length: 6528455, MAPQ: 60
    Exact mapping: 8565112 -> 81270437
    Exact mapping: 15065825 -> 87789174
      SUCCESS: 8565112-15065826 -> 81270437-87789175

Processing BED entry 8: haplotype1-0000001:18900000-18924000 (Col)
    Best alignment: processing overlap 18900000-18924000
      BED region: 18900000-18924000
      Alignment: 17938168-19043340 -> 77064684-78168088
      Alignment length: 1105731, MAPQ: 60
    Exact mapping: 18900000 -> 78028013
    Exact mapping: 18923999 -> 78051247
      SUCCESS: 18900000-18924000 -> 78028013-78051248

Processing BED entry 9: haplotype1-0000001:18924000-22088000 (Hap)
    Best alignment: processing overlap 20936859-22088000
      BED region: 18924000-22088000
      Alignment: 20936859-24989517 -> 71116980-75171126
      Alignment length: 4056117, MAPQ: 60
    Exact mapping: 20936859 -> 71117022
    Exact mapping: 22087999 -> 72265099
      SUCCESS: 20936859-22088000 -> 71117022-72265100

Processing BED entry 10: haplotype1-0000001:22088000-22120000 (Dup)
    Best alignment: processing overlap 22088000-22120000
      BED region: 22088000-22120000
      Alignment: 20936859-24989517 -> 71116980-75171126
      Alignment length: 4056117, MAPQ: 60
    Exact mapping: 22088000 -> 72265098
    Exact mapping: 22119999 -> 72299720
      SUCCESS: 22088000-22120000 -> 72265098-72299721

SUMMARY:
Successfully lifted 6477 regions
  - Direct overlaps: 6415
  - Using alignment window: 62
Failed to lift 1618 regions
Success rate: 80.0%

Failure reasons:
    12x: No overlapping alignments found for region 0-4000 even with 10000bp window
     7x: No alignments found for chromosome 'haplotype1-0000080'
     7x: No alignments found for chromosome 'haplotype2-0000318'
     7x: No alignments found for chromosome 'unassigned-0000743'
     5x: No alignments found for chromosome 'haplotype1-0000079'
     5x: No alignments found for chromosome 'haplotype1-0000092'
     5x: No alignments found for chromosome 'haplotype1-0000119'
     5x: No alignments found for chromosome 'haplotype1-0000141'
     5x: No alignments found for chromosome 'haplotype1-0000147'
     5x: No alignments found for chromosome 'haplotype1-0000148'
     5x: No alignments found for chromosome 'haplotype1-0000149'
     5x: No alignments found for chromosome 'haplotype1-0000178'
     5x: No alignments found for chromosome 'unassigned-0000537'
     5x: No alignments found for chromosome 'unassigned-0000566'
     5x: No alignments found for chromosome 'unassigned-0000569'
     5x: No alignments found for chromosome 'unassigned-0000572'
     5x: No alignments found for chromosome 'unassigned-0000575'
     5x: No alignments found for chromosome 'unassigned-0000703'
     5x: No alignments found for chromosome 'unassigned-0000731'
     5x: No alignments found for chromosome 'unassigned-0000850'
     5x: No alignments found for chromosome 'unassigned-0000854'
     5x: No alignments found for chromosome 'unassigned-0000942'
     5x: No alignments found for chromosome 'unassigned-0001138'
     5x: No alignments found for chromosome 'unassigned-0001175'
     5x: No alignments found for chromosome 'unassigned-0001201'
     5x: No alignments found for chromosome 'unassigned-0001254'
     5x: No alignments found for chromosome 'unassigned-0001313'
     5x: No alignments found for chromosome 'unassigned-0001346'
     5x: No alignments found for chromosome 'unassigned-0001571'
     5x: No alignments found for chromosome 'unassigned-0001599'
     5x: No alignments found for chromosome 'unassigned-0001601'
     5x: No alignments found for chromosome 'unassigned-0001605'
     5x: No alignments found for chromosome 'unassigned-0001616'
     5x: No alignments found for chromosome 'unassigned-0001646'
     5x: No alignments found for chromosome 'unassigned-0001653'
     5x: No alignments found for chromosome 'unassigned-0001665'
     5x: No alignments found for chromosome 'unassigned-0001711'
     4x: No alignments found for chromosome 'haplotype1-0000050'
     4x: No alignments found for chromosome 'haplotype1-0000068'
     4x: No alignments found for chromosome 'haplotype1-0000130'
     4x: No alignments found for chromosome 'haplotype2-0000299'
     4x: No alignments found for chromosome 'unassigned-0000417'
     4x: No alignments found for chromosome 'unassigned-0000710'
     4x: No alignments found for chromosome 'unassigned-0000915'
     4x: No alignments found for chromosome 'unassigned-0001397'
     4x: No alignments found for chromosome 'unassigned-0001432'
     4x: No alignments found for chromosome 'unassigned-0001435'
     4x: No alignments found for chromosome 'unassigned-0001585'
     4x: No alignments found for chromosome 'unassigned-0001629'
     3x: No alignments found for chromosome 'haplotype1-0000038'
     3x: No alignments found for chromosome 'haplotype1-0000045'
     3x: No alignments found for chromosome 'haplotype1-0000055'
     3x: No alignments found for chromosome 'haplotype1-0000060'
     3x: No alignments found for chromosome 'haplotype1-0000073'
     3x: No alignments found for chromosome 'haplotype1-0000090'
     3x: No alignments found for chromosome 'haplotype1-0000091'
     3x: No alignments found for chromosome 'haplotype1-0000105'
     3x: No alignments found for chromosome 'haplotype1-0000106'
     3x: No alignments found for chromosome 'haplotype1-0000127'
     3x: No alignments found for chromosome 'haplotype1-0000133'
     3x: No alignments found for chromosome 'haplotype1-0000134'
     3x: No alignments found for chromosome 'haplotype1-0000136'
     3x: No alignments found for chromosome 'haplotype1-0000144'
     3x: No alignments found for chromosome 'haplotype1-0000153'
     3x: No alignments found for chromosome 'haplotype1-0000156'
     3x: No alignments found for chromosome 'haplotype1-0000161'
     3x: No alignments found for chromosome 'haplotype1-0000165'
     3x: No alignments found for chromosome 'haplotype1-0000166'
     3x: No alignments found for chromosome 'haplotype1-0000167'
     3x: No alignments found for chromosome 'haplotype1-0000173'
     3x: No alignments found for chromosome 'haplotype1-0000175'
     3x: No alignments found for chromosome 'haplotype1-0000176'
     3x: No alignments found for chromosome 'haplotype1-0000177'
     3x: No alignments found for chromosome 'haplotype1-0000182'
     3x: No alignments found for chromosome 'haplotype1-0000183'
     3x: No alignments found for chromosome 'haplotype1-0000194'
     3x: No alignments found for chromosome 'haplotype1-0000197'
     3x: No alignments found for chromosome 'haplotype2-0000245'
     3x: No alignments found for chromosome 'haplotype2-0000248'
     3x: No alignments found for chromosome 'haplotype2-0000284'
     3x: No alignments found for chromosome 'haplotype2-0000286'
     3x: No alignments found for chromosome 'haplotype2-0000287'
     3x: No alignments found for chromosome 'haplotype2-0000288'
     3x: No alignments found for chromosome 'haplotype2-0000317'
     3x: No alignments found for chromosome 'unassigned-0000330'
     3x: No alignments found for chromosome 'unassigned-0000349'
     3x: No alignments found for chromosome 'unassigned-0000386'
     3x: No alignments found for chromosome 'unassigned-0000391'
     3x: No alignments found for chromosome 'unassigned-0000442'
     3x: No alignments found for chromosome 'unassigned-0000444'
     3x: No alignments found for chromosome 'unassigned-0000447'
     3x: No alignments found for chromosome 'unassigned-0000453'
     3x: No alignments found for chromosome 'unassigned-0000466'
     3x: No alignments found for chromosome 'unassigned-0000472'
     3x: No alignments found for chromosome 'unassigned-0000493'
     3x: No alignments found for chromosome 'unassigned-0000494'
     3x: No alignments found for chromosome 'unassigned-0000502'
     3x: No alignments found for chromosome 'unassigned-0000503'
     3x: No alignments found for chromosome 'unassigned-0000504'
     3x: No alignments found for chromosome 'unassigned-0000511'
     3x: No alignments found for chromosome 'unassigned-0000515'
     3x: No alignments found for chromosome 'unassigned-0000519'
     3x: No alignments found for chromosome 'unassigned-0000598'
     3x: No alignments found for chromosome 'unassigned-0000627'
     3x: No alignments found for chromosome 'unassigned-0000650'
     3x: No alignments found for chromosome 'unassigned-0000653'
     3x: No alignments found for chromosome 'unassigned-0000656'
     3x: No alignments found for chromosome 'unassigned-0000678'
     3x: No alignments found for chromosome 'unassigned-0000685'
     3x: No alignments found for chromosome 'unassigned-0000714'
     3x: No alignments found for chromosome 'unassigned-0000733'
     3x: No alignments found for chromosome 'unassigned-0000741'
     3x: No alignments found for chromosome 'unassigned-0000748'
     3x: No alignments found for chromosome 'unassigned-0000749'
     3x: No alignments found for chromosome 'unassigned-0000755'
     3x: No alignments found for chromosome 'unassigned-0000756'
     3x: No alignments found for chromosome 'unassigned-0000791'
     3x: No alignments found for chromosome 'unassigned-0000806'
     3x: No alignments found for chromosome 'unassigned-0000851'
     3x: No alignments found for chromosome 'unassigned-0000852'
     3x: No alignments found for chromosome 'unassigned-0000863'
     3x: No alignments found for chromosome 'unassigned-0000876'
     3x: No alignments found for chromosome 'unassigned-0000910'
     3x: No alignments found for chromosome 'unassigned-0000925'
     3x: No alignments found for chromosome 'unassigned-0000931'
     3x: No alignments found for chromosome 'unassigned-0000932'
     3x: No alignments found for chromosome 'unassigned-0000956'
     3x: No alignments found for chromosome 'unassigned-0000991'
     3x: No alignments found for chromosome 'unassigned-0000992'
     3x: No alignments found for chromosome 'unassigned-0001006'
     3x: No alignments found for chromosome 'unassigned-0001017'
     3x: No alignments found for chromosome 'unassigned-0001068'
     3x: No alignments found for chromosome 'unassigned-0001069'
     3x: No alignments found for chromosome 'unassigned-0001098'
     3x: No alignments found for chromosome 'unassigned-0001141'
     3x: No alignments found for chromosome 'unassigned-0001181'
     3x: No alignments found for chromosome 'unassigned-0001187'
     3x: No alignments found for chromosome 'unassigned-0001188'
     3x: No alignments found for chromosome 'unassigned-0001204'
     3x: No alignments found for chromosome 'unassigned-0001207'
     3x: No alignments found for chromosome 'unassigned-0001235'
     3x: No alignments found for chromosome 'unassigned-0001268'
     3x: No alignments found for chromosome 'unassigned-0001291'
     3x: No alignments found for chromosome 'unassigned-0001396'
     3x: No alignments found for chromosome 'unassigned-0001403'
     3x: No alignments found for chromosome 'unassigned-0001415'
     3x: No alignments found for chromosome 'unassigned-0001469'
     3x: No alignments found for chromosome 'unassigned-0001475'
     3x: No alignments found for chromosome 'unassigned-0001494'
     3x: No alignments found for chromosome 'unassigned-0001578'
     3x: No alignments found for chromosome 'unassigned-0001581'
     3x: No alignments found for chromosome 'unassigned-0001588'
     3x: No alignments found for chromosome 'unassigned-0001589'
     3x: No alignments found for chromosome 'unassigned-0001594'
     3x: No alignments found for chromosome 'unassigned-0001597'
     3x: No alignments found for chromosome 'unassigned-0001600'
     3x: No alignments found for chromosome 'unassigned-0001606'
     3x: No alignments found for chromosome 'unassigned-0001607'
     3x: No alignments found for chromosome 'unassigned-0001610'
     3x: No alignments found for chromosome 'unassigned-0001611'
     3x: No alignments found for chromosome 'unassigned-0001614'
     3x: No alignments found for chromosome 'unassigned-0001621'
     3x: No alignments found for chromosome 'unassigned-0001628'
     3x: No alignments found for chromosome 'unassigned-0001633'
     3x: No alignments found for chromosome 'unassigned-0001638'
     3x: No alignments found for chromosome 'unassigned-0001644'
     3x: No alignments found for chromosome 'unassigned-0001666'
     3x: No alignments found for chromosome 'unassigned-0001697'
     3x: No alignments found for chromosome 'unassigned-0001706'
     3x: No alignments found for chromosome 'unassigned-0001713'
     3x: No alignments found for chromosome 'unassigned-0001727'
     2x: No alignments found for chromosome 'haplotype1-0000110'
     2x: No alignments found for chromosome 'haplotype1-0000116'
     2x: No overlapping alignments found for region 40000000-40004000 even with 10000bp window
     2x: No alignments found for chromosome 'unassigned-0000353'
     2x: No alignments found for chromosome 'unassigned-0000430'
     2x: No alignments found for chromosome 'unassigned-0000431'
     2x: No alignments found for chromosome 'unassigned-0001155'
     1x: No overlapping alignments found for region 47108000-47252000 even with 10000bp window
     1x: No overlapping alignments found for region 48016000-48032000 even with 10000bp window
     1x: No overlapping alignments found for region 49320000-49339423 even with 10000bp window
     1x: No overlapping alignments found for region 97364000-97388000 even with 10000bp window
     1x: No overlapping alignments found for region 98196000-98248000 even with 10000bp window
     1x: No overlapping alignments found for region 98248000-98376000 even with 10000bp window
     1x: No overlapping alignments found for region 98376000-98480000 even with 10000bp window
     1x: No overlapping alignments found for region 98480000-98584000 even with 10000bp window
     1x: No overlapping alignments found for region 98584000-98700000 even with 10000bp window
     1x: No overlapping alignments found for region 98700000-98728000 even with 10000bp window
     1x: No overlapping alignments found for region 98728000-98744000 even with 10000bp window
     1x: No overlapping alignments found for region 98744000-98784000 even with 10000bp window
     1x: No overlapping alignments found for region 98784000-98832000 even with 10000bp window
     1x: No overlapping alignments found for region 98832000-99004000 even with 10000bp window
     1x: No overlapping alignments found for region 99004000-99016000 even with 10000bp window
     1x: No overlapping alignments found for region 99016000-99048000 even with 10000bp window
     1x: No overlapping alignments found for region 99048000-99072000 even with 10000bp window
     1x: No overlapping alignments found for region 99072000-99268000 even with 10000bp window
     1x: No overlapping alignments found for region 99268000-99296000 even with 10000bp window
     1x: No overlapping alignments found for region 0-40000 even with 10000bp window
     1x: No overlapping alignments found for region 40000-540000 even with 10000bp window
     1x: No overlapping alignments found for region 540000-576000 even with 10000bp window
     1x: No overlapping alignments found for region 576000-616000 even with 10000bp window
     1x: No overlapping alignments found for region 616000-644000 even with 10000bp window
     1x: No overlapping alignments found for region 644000-656000 even with 10000bp window
     1x: No overlapping alignments found for region 656000-844000 even with 10000bp window
     1x: No overlapping alignments found for region 844000-912000 even with 10000bp window
     1x: No overlapping alignments found for region 912000-924000 even with 10000bp window
     1x: No overlapping alignments found for region 924000-952000 even with 10000bp window
     1x: No overlapping alignments found for region 952000-1084000 even with 10000bp window
     1x: No overlapping alignments found for region 1084000-1088000 even with 10000bp window
     1x: No overlapping alignments found for region 288000-452000 even with 10000bp window
     1x: No overlapping alignments found for region 452000-724000 even with 10000bp window
     1x: No overlapping alignments found for region 724000-764000 even with 10000bp window
     1x: No overlapping alignments found for region 96416000-96428000 even with 10000bp window
     1x: Could not map end position 35035999 even with 10000bp search window
     1x: Could not map start position 35036000 even with 10000bp search window
     1x: Could not map start position 35104000 even with 10000bp search window
     1x: No overlapping alignments found for region 44332000-44348000 even with 10000bp window
     1x: No overlapping alignments found for region 132608000-132720000 even with 10000bp window
     1x: No overlapping alignments found for region 132720000-132832000 even with 10000bp window
     1x: No overlapping alignments found for region 132832000-132844000 even with 10000bp window
     1x: No overlapping alignments found for region 132844000-135712000 even with 10000bp window
     1x: No overlapping alignments found for region 135712000-135734751 even with 10000bp window
     1x: Could not map end position 94011999 even with 10000bp search window
     1x: Could not map start position 94012000 even with 10000bp search window
     1x: No overlapping alignments found for region 135020000-135021705 even with 10000bp window
     1x: No overlapping alignments found for region 26132000-26144000 even with 10000bp window
     1x: No overlapping alignments found for region 26144000-27392000 even with 10000bp window
     1x: No overlapping alignments found for region 27392000-27400000 even with 10000bp window
     1x: No overlapping alignments found for region 27400000-27612000 even with 10000bp window
     1x: No overlapping alignments found for region 27612000-27640000 even with 10000bp window
     1x: No overlapping alignments found for region 27640000-27968000 even with 10000bp window
     1x: No overlapping alignments found for region 27968000-27980000 even with 10000bp window
     1x: No overlapping alignments found for region 79648000-79668000 even with 10000bp window
     1x: No overlapping alignments found for region 134412000-134520000 even with 10000bp window
     1x: No overlapping alignments found for region 134520000-134556000 even with 10000bp window
     1x: No overlapping alignments found for region 134556000-135176000 even with 10000bp window
     1x: No overlapping alignments found for region 135176000-135248000 even with 10000bp window
     1x: Could not map end position 31415999 even with 10000bp search window
     1x: Could not map start position 31416000 even with 10000bp search window
     1x: No overlapping alignments found for region 140696000-140724000 even with 10000bp window
     1x: No overlapping alignments found for region 42532000-42568000 even with 10000bp window
     1x: No overlapping alignments found for region 42764000-42781918 even with 10000bp window
     1x: Could not map start position 114340000 even with 10000bp search window
     1x: Could not map start position 114356000 even with 10000bp search window
     1x: Could not map end position 114563999 even with 10000bp search window
     1x: No overlapping alignments found for region 37312000-37356000 even with 10000bp window
     1x: No overlapping alignments found for region 37356000-37548000 even with 10000bp window
     1x: No overlapping alignments found for region 37548000-37568000 even with 10000bp window
     1x: No overlapping alignments found for region 92896000-92908000 even with 10000bp window
     1x: No overlapping alignments found for region 92908000-94304000 even with 10000bp window
     1x: No overlapping alignments found for region 94304000-94532000 even with 10000bp window
     1x: No overlapping alignments found for region 712000-740000 even with 10000bp window
     1x: Could not map end position 90743999 even with 10000bp search window
     1x: Could not map start position 90744000 even with 10000bp search window
     1x: Could not map end position 89963999 even with 10000bp search window
     1x: Could not map start position 89964000 even with 10000bp search window
     1x: Could not map end position 90319999 even with 10000bp search window
     1x: Could not map start position 90320000 even with 10000bp search window
     1x: Could not map start position 90356000 even with 10000bp search window
     1x: No overlapping alignments found for region 61276000-61288000 even with 10000bp window
     1x: No overlapping alignments found for region 62032000-62048000 even with 10000bp window
     1x: No overlapping alignments found for region 244000-316000 even with 10000bp window
     1x: No overlapping alignments found for region 316000-460000 even with 10000bp window
     1x: No overlapping alignments found for region 460000-496000 even with 10000bp window
     1x: No overlapping alignments found for region 496000-584000 even with 10000bp window
     1x: No overlapping alignments found for region 584000-676000 even with 10000bp window
     1x: No overlapping alignments found for region 0-32000 even with 10000bp window
     1x: No overlapping alignments found for region 106456000-106516000 even with 10000bp window
     1x: No overlapping alignments found for region 0-44000 even with 10000bp window
     1x: No overlapping alignments found for region 1444000-1453922 even with 10000bp window
     1x: No overlapping alignments found for region 2792000-2804000 even with 10000bp window
     1x: No overlapping alignments found for region 0-20000 even with 10000bp window
     1x: No alignments found for chromosome 'haplotype1-0000036'
     1x: No alignments found for chromosome 'haplotype1-0000039'
     1x: No alignments found for chromosome 'haplotype1-0000040'
     1x: No alignments found for chromosome 'haplotype1-0000041'
     1x: No alignments found for chromosome 'haplotype1-0000043'
     1x: No alignments found for chromosome 'haplotype1-0000046'
     1x: No alignments found for chromosome 'haplotype1-0000051'
     1x: No alignments found for chromosome 'haplotype1-0000052'
     1x: No alignments found for chromosome 'haplotype1-0000053'
     1x: No alignments found for chromosome 'haplotype1-0000054'
     1x: No alignments found for chromosome 'haplotype1-0000056'
     1x: No alignments found for chromosome 'haplotype1-0000057'
     1x: No alignments found for chromosome 'haplotype1-0000058'
     1x: No alignments found for chromosome 'haplotype1-0000059'
     1x: No alignments found for chromosome 'haplotype1-0000062'
     1x: No alignments found for chromosome 'haplotype1-0000063'
     1x: No alignments found for chromosome 'haplotype1-0000065'
     1x: No alignments found for chromosome 'haplotype1-0000066'
     1x: No alignments found for chromosome 'haplotype1-0000069'
     1x: No alignments found for chromosome 'haplotype1-0000070'
     1x: No alignments found for chromosome 'haplotype1-0000071'
     1x: No alignments found for chromosome 'haplotype1-0000072'
     1x: No alignments found for chromosome 'haplotype1-0000074'
     1x: No alignments found for chromosome 'haplotype1-0000075'
     1x: No alignments found for chromosome 'haplotype1-0000076'
     1x: No alignments found for chromosome 'haplotype1-0000081'
     1x: No alignments found for chromosome 'haplotype1-0000082'
     1x: No alignments found for chromosome 'haplotype1-0000083'
     1x: No alignments found for chromosome 'haplotype1-0000085'
     1x: No alignments found for chromosome 'haplotype1-0000086'
     1x: No alignments found for chromosome 'haplotype1-0000088'
     1x: No alignments found for chromosome 'haplotype1-0000089'
     1x: No alignments found for chromosome 'haplotype1-0000093'
     1x: No alignments found for chromosome 'haplotype1-0000095'
     1x: No alignments found for chromosome 'haplotype1-0000098'
     1x: No alignments found for chromosome 'haplotype1-0000108'
     1x: No alignments found for chromosome 'haplotype1-0000109'
     1x: No alignments found for chromosome 'haplotype1-0000113'
     1x: No alignments found for chromosome 'haplotype1-0000114'
     1x: No alignments found for chromosome 'haplotype1-0000115'
     1x: No alignments found for chromosome 'haplotype1-0000118'
     1x: No alignments found for chromosome 'haplotype1-0000120'
     1x: No alignments found for chromosome 'haplotype1-0000122'
     1x: No alignments found for chromosome 'haplotype1-0000123'
     1x: No alignments found for chromosome 'haplotype1-0000124'
     1x: No alignments found for chromosome 'haplotype1-0000126'
     1x: No alignments found for chromosome 'haplotype1-0000131'
     1x: No alignments found for chromosome 'haplotype1-0000132'
     1x: No alignments found for chromosome 'haplotype1-0000135'
     1x: No alignments found for chromosome 'haplotype1-0000145'
     1x: No alignments found for chromosome 'haplotype1-0000146'
     1x: No alignments found for chromosome 'haplotype1-0000150'
     1x: No alignments found for chromosome 'haplotype1-0000151'
     1x: No alignments found for chromosome 'haplotype1-0000152'
     1x: No alignments found for chromosome 'haplotype1-0000154'
     1x: No alignments found for chromosome 'haplotype1-0000155'
     1x: No alignments found for chromosome 'haplotype1-0000157'
     1x: No alignments found for chromosome 'haplotype1-0000159'
     1x: No alignments found for chromosome 'haplotype1-0000163'
     1x: No alignments found for chromosome 'haplotype1-0000168'
     1x: No alignments found for chromosome 'haplotype1-0000169'
     1x: No alignments found for chromosome 'haplotype1-0000170'
     1x: No alignments found for chromosome 'haplotype1-0000171'
     1x: No alignments found for chromosome 'haplotype1-0000172'
     1x: No alignments found for chromosome 'haplotype1-0000174'
     1x: No alignments found for chromosome 'haplotype1-0000179'
     1x: No alignments found for chromosome 'haplotype1-0000180'
     1x: No alignments found for chromosome 'haplotype1-0000181'
     1x: No alignments found for chromosome 'haplotype1-0000184'
     1x: No alignments found for chromosome 'haplotype1-0000185'
     1x: No alignments found for chromosome 'haplotype1-0000186'
     1x: No alignments found for chromosome 'haplotype1-0000187'
     1x: No alignments found for chromosome 'haplotype1-0000188'
     1x: No alignments found for chromosome 'haplotype1-0000189'
     1x: No alignments found for chromosome 'haplotype1-0000190'
     1x: No alignments found for chromosome 'haplotype1-0000191'
     1x: No alignments found for chromosome 'haplotype1-0000192'
     1x: No alignments found for chromosome 'haplotype1-0000193'
     1x: No alignments found for chromosome 'haplotype1-0000195'
     1x: No overlapping alignments found for region 0-48000 even with 10000bp window
     1x: No alignments found for chromosome 'haplotype1-0000198'
     1x: Could not map end position 81719999 even with 10000bp search window
     1x: Could not map start position 81720000 even with 10000bp search window
     1x: No overlapping alignments found for region 100540000-100556000 even with 10000bp window
     1x: No overlapping alignments found for region 101132000-101296000 even with 10000bp window
     1x: No overlapping alignments found for region 144040000-144080000 even with 10000bp window
     1x: No overlapping alignments found for region 123940000-123968000 even with 10000bp window
     1x: No overlapping alignments found for region 128676000-128704000 even with 10000bp window
     1x: No overlapping alignments found for region 128704000-131020000 even with 10000bp window
     1x: No overlapping alignments found for region 131020000-131060000 even with 10000bp window
     1x: No overlapping alignments found for region 131868000-131900000 even with 10000bp window
     1x: No overlapping alignments found for region 81096000-81116000 even with 10000bp window
     1x: No overlapping alignments found for region 98872000-98908000 even with 10000bp window
     1x: No overlapping alignments found for region 6564000-6604000 even with 10000bp window
     1x: No overlapping alignments found for region 8064000-8100000 even with 10000bp window
     1x: No overlapping alignments found for region 1500000-1568212 even with 10000bp window
     1x: No overlapping alignments found for region 97416000-97544000 even with 10000bp window
     1x: No overlapping alignments found for region 97544000-97668000 even with 10000bp window
     1x: No overlapping alignments found for region 97668000-97780000 even with 10000bp window
     1x: No overlapping alignments found for region 97780000-97800000 even with 10000bp window
     1x: No overlapping alignments found for region 97800000-97852000 even with 10000bp window
     1x: No overlapping alignments found for region 35092000-35180000 even with 10000bp window
     1x: No overlapping alignments found for region 40864000-40880849 even with 10000bp window
     1x: Could not map end position 103147999 even with 10000bp search window
     1x: Could not map start position 103148000 even with 10000bp search window
     1x: No overlapping alignments found for region 51052000-51060000 even with 10000bp window
     1x: No overlapping alignments found for region 140304000-140328000 even with 10000bp window
     1x: No overlapping alignments found for region 140328000-140904000 even with 10000bp window
     1x: No overlapping alignments found for region 140904000-140932000 even with 10000bp window
     1x: Could not map end position 39927999 even with 10000bp search window
     1x: Could not map start position 39928000 even with 10000bp search window
     1x: Could not map start position 39956000 even with 10000bp search window
     1x: No overlapping alignments found for region 45744000-45788000 even with 10000bp window
     1x: No overlapping alignments found for region 45788000-46152000 even with 10000bp window
     1x: No overlapping alignments found for region 46152000-46164000 even with 10000bp window
     1x: No overlapping alignments found for region 46164000-46320000 even with 10000bp window
     1x: No overlapping alignments found for region 47200000-47216000 even with 10000bp window
     1x: No overlapping alignments found for region 59080000-59092000 even with 10000bp window
     1x: No overlapping alignments found for region 37380000-37404000 even with 10000bp window
     1x: No overlapping alignments found for region 38296000-38308000 even with 10000bp window
     1x: No overlapping alignments found for region 38308000-38472000 even with 10000bp window
     1x: No overlapping alignments found for region 38472000-38500000 even with 10000bp window
     1x: No overlapping alignments found for region 39308000-39416000 even with 10000bp window
     1x: No overlapping alignments found for region 93888000-93952000 even with 10000bp window
     1x: No overlapping alignments found for region 99164000-99180000 even with 10000bp window
     1x: No overlapping alignments found for region 40004000-40608000 even with 10000bp window
     1x: No overlapping alignments found for region 40608000-40820000 even with 10000bp window
     1x: No overlapping alignments found for region 17464000-17508000 even with 10000bp window
     1x: No overlapping alignments found for region 17508000-17536000 even with 10000bp window
     1x: No overlapping alignments found for region 17536000-17552000 even with 10000bp window
     1x: No alignments found for chromosome 'haplotype2-0000232'
     1x: No alignments found for chromosome 'haplotype2-0000234'
     1x: No alignments found for chromosome 'haplotype2-0000235'
     1x: No alignments found for chromosome 'haplotype2-0000236'
     1x: No alignments found for chromosome 'haplotype2-0000242'
     1x: No alignments found for chromosome 'haplotype2-0000243'
     1x: No alignments found for chromosome 'haplotype2-0000244'
     1x: No overlapping alignments found for region 448000-524000 even with 10000bp window
     1x: No overlapping alignments found for region 524000-684000 even with 10000bp window
     1x: No overlapping alignments found for region 1328000-1340182 even with 10000bp window
     1x: No overlapping alignments found for region 0-60000 even with 10000bp window
     1x: No overlapping alignments found for region 60000-68000 even with 10000bp window
     1x: No overlapping alignments found for region 68000-88000 even with 10000bp window
     1x: No overlapping alignments found for region 764000-768000 even with 10000bp window
     1x: No overlapping alignments found for region 768000-780000 even with 10000bp window
     1x: No overlapping alignments found for region 212000-232000 even with 10000bp window
     1x: No overlapping alignments found for region 232000-246048 even with 10000bp window
     1x: No alignments found for chromosome 'haplotype2-0000265'
     1x: No overlapping alignments found for region 104000-128000 even with 10000bp window
     1x: No overlapping alignments found for region 128000-141756 even with 10000bp window
     1x: No alignments found for chromosome 'haplotype2-0000269'
     1x: No alignments found for chromosome 'haplotype2-0000275'
     1x: No alignments found for chromosome 'haplotype2-0000276'
     1x: No overlapping alignments found for region 0-8000 even with 10000bp window
     1x: No overlapping alignments found for region 452000-497687 even with 10000bp window
     1x: No alignments found for chromosome 'haplotype2-0000278'
     1x: No overlapping alignments found for region 472000-558311 even with 10000bp window
     1x: No alignments found for chromosome 'haplotype2-0000282'
     1x: No overlapping alignments found for region 0-12000 even with 10000bp window
     1x: No overlapping alignments found for region 116000-128000 even with 10000bp window
     1x: No overlapping alignments found for region 128000-139004 even with 10000bp window
     1x: No alignments found for chromosome 'haplotype2-0000285'
     1x: No alignments found for chromosome 'haplotype2-0000293'
     1x: No alignments found for chromosome 'haplotype2-0000294'
     1x: No overlapping alignments found for region 188000-194298 even with 10000bp window
     1x: No alignments found for chromosome 'haplotype2-0000301'
     1x: No alignments found for chromosome 'haplotype2-0000302'
     1x: No alignments found for chromosome 'haplotype2-0000303'
     1x: No alignments found for chromosome 'haplotype2-0000310'
     1x: No alignments found for chromosome 'haplotype2-0000316'
     1x: No alignments found for chromosome 'haplotype2-0000320'
     1x: No alignments found for chromosome 'unassigned-0000325'
     1x: No alignments found for chromosome 'unassigned-0000326'
     1x: No alignments found for chromosome 'unassigned-0000328'
     1x: No alignments found for chromosome 'unassigned-0000329'
     1x: No alignments found for chromosome 'unassigned-0000332'
     1x: No alignments found for chromosome 'unassigned-0000333'
     1x: No alignments found for chromosome 'unassigned-0000335'
     1x: No alignments found for chromosome 'unassigned-0000336'
     1x: No alignments found for chromosome 'unassigned-0000337'
     1x: No alignments found for chromosome 'unassigned-0000338'
     1x: No alignments found for chromosome 'unassigned-0000339'
     1x: No alignments found for chromosome 'unassigned-0000340'
     1x: No alignments found for chromosome 'unassigned-0000341'
     1x: No alignments found for chromosome 'unassigned-0000342'
     1x: No alignments found for chromosome 'unassigned-0000345'
     1x: No alignments found for chromosome 'unassigned-0000346'
     1x: No alignments found for chromosome 'unassigned-0000347'
     1x: No alignments found for chromosome 'unassigned-0000348'
     1x: No alignments found for chromosome 'unassigned-0000350'
     1x: No alignments found for chromosome 'unassigned-0000351'
     1x: No alignments found for chromosome 'unassigned-0000352'
     1x: No alignments found for chromosome 'unassigned-0000354'
     1x: No alignments found for chromosome 'unassigned-0000355'
     1x: No alignments found for chromosome 'unassigned-0000356'
     1x: No alignments found for chromosome 'unassigned-0000357'
     1x: No alignments found for chromosome 'unassigned-0000358'
     1x: No alignments found for chromosome 'unassigned-0000359'
     1x: No alignments found for chromosome 'unassigned-0000360'
     1x: No alignments found for chromosome 'unassigned-0000361'
     1x: No alignments found for chromosome 'unassigned-0000362'
     1x: No alignments found for chromosome 'unassigned-0000363'
     1x: No alignments found for chromosome 'unassigned-0000364'
     1x: No alignments found for chromosome 'unassigned-0000367'
     1x: No alignments found for chromosome 'unassigned-0000371'
     1x: No alignments found for chromosome 'unassigned-0000372'
     1x: No alignments found for chromosome 'unassigned-0000373'
     1x: No alignments found for chromosome 'unassigned-0000378'
     1x: No alignments found for chromosome 'unassigned-0000379'
     1x: No alignments found for chromosome 'unassigned-0000380'
     1x: No alignments found for chromosome 'unassigned-0000384'
     1x: No alignments found for chromosome 'unassigned-0000385'
     1x: No alignments found for chromosome 'unassigned-0000388'
     1x: No alignments found for chromosome 'unassigned-0000389'
     1x: No alignments found for chromosome 'unassigned-0000390'
     1x: No alignments found for chromosome 'unassigned-0000396'
     1x: No alignments found for chromosome 'unassigned-0000398'
     1x: No alignments found for chromosome 'unassigned-0000400'
     1x: No alignments found for chromosome 'unassigned-0000403'
     1x: No alignments found for chromosome 'unassigned-0000404'
     1x: No alignments found for chromosome 'unassigned-0000405'
     1x: No alignments found for chromosome 'unassigned-0000407'
     1x: No alignments found for chromosome 'unassigned-0000408'
     1x: No alignments found for chromosome 'unassigned-0000409'
     1x: No alignments found for chromosome 'unassigned-0000410'
     1x: No alignments found for chromosome 'unassigned-0000411'
     1x: No alignments found for chromosome 'unassigned-0000412'
     1x: No alignments found for chromosome 'unassigned-0000413'
     1x: No overlapping alignments found for region 140000-155194 even with 10000bp window
     1x: No alignments found for chromosome 'unassigned-0000416'
     1x: No alignments found for chromosome 'unassigned-0000418'
     1x: No alignments found for chromosome 'unassigned-0000419'
     1x: No alignments found for chromosome 'unassigned-0000420'
     1x: No alignments found for chromosome 'unassigned-0000421'
     1x: No alignments found for chromosome 'unassigned-0000423'
     1x: No alignments found for chromosome 'unassigned-0000424'
     1x: No alignments found for chromosome 'unassigned-0000426'
     1x: No alignments found for chromosome 'unassigned-0000427'
     1x: No alignments found for chromosome 'unassigned-0000428'
     1x: No alignments found for chromosome 'unassigned-0000429'
     1x: No alignments found for chromosome 'unassigned-0000432'
     1x: No alignments found for chromosome 'unassigned-0000436'
     1x: No alignments found for chromosome 'unassigned-0000438'
     1x: No alignments found for chromosome 'unassigned-0000439'
     1x: No alignments found for chromosome 'unassigned-0000441'
     1x: No alignments found for chromosome 'unassigned-0000443'
     1x: No alignments found for chromosome 'unassigned-0000445'
     1x: No alignments found for chromosome 'unassigned-0000446'
     1x: No alignments found for chromosome 'unassigned-0000448'
     1x: No alignments found for chromosome 'unassigned-0000449'
     1x: No alignments found for chromosome 'unassigned-0000450'
     1x: No alignments found for chromosome 'unassigned-0000452'
     1x: No alignments found for chromosome 'unassigned-0000454'
     1x: No alignments found for chromosome 'unassigned-0000455'
     1x: No alignments found for chromosome 'unassigned-0000456'
     1x: No alignments found for chromosome 'unassigned-0000457'
     1x: No alignments found for chromosome 'unassigned-0000458'
     1x: No alignments found for chromosome 'unassigned-0000459'
     1x: No alignments found for chromosome 'unassigned-0000460'
     1x: No alignments found for chromosome 'unassigned-0000461'
     1x: No alignments found for chromosome 'unassigned-0000462'
     1x: No alignments found for chromosome 'unassigned-0000463'
     1x: No alignments found for chromosome 'unassigned-0000464'
     1x: No alignments found for chromosome 'unassigned-0000465'
     1x: No alignments found for chromosome 'unassigned-0000467'
     1x: No alignments found for chromosome 'unassigned-0000469'
     1x: No alignments found for chromosome 'unassigned-0000473'
     1x: No alignments found for chromosome 'unassigned-0000476'
     1x: No alignments found for chromosome 'unassigned-0000477'
     1x: No alignments found for chromosome 'unassigned-0000479'
     1x: No alignments found for chromosome 'unassigned-0000482'
     1x: No alignments found for chromosome 'unassigned-0000483'
     1x: No alignments found for chromosome 'unassigned-0000488'
     1x: No alignments found for chromosome 'unassigned-0000489'
     1x: No alignments found for chromosome 'unassigned-0000490'
     1x: No alignments found for chromosome 'unassigned-0000491'
     1x: No alignments found for chromosome 'unassigned-0000492'
     1x: No alignments found for chromosome 'unassigned-0000495'
     1x: No alignments found for chromosome 'unassigned-0000497'
     1x: No alignments found for chromosome 'unassigned-0000498'
     1x: No alignments found for chromosome 'unassigned-0000499'
     1x: No alignments found for chromosome 'unassigned-0000500'
     1x: No alignments found for chromosome 'unassigned-0000501'
     1x: No alignments found for chromosome 'unassigned-0000505'
     1x: No alignments found for chromosome 'unassigned-0000508'
     1x: No alignments found for chromosome 'unassigned-0000509'
     1x: No alignments found for chromosome 'unassigned-0000510'
     1x: No alignments found for chromosome 'unassigned-0000512'
     1x: No alignments found for chromosome 'unassigned-0000514'
     1x: No alignments found for chromosome 'unassigned-0000516'
     1x: No alignments found for chromosome 'unassigned-0000517'
     1x: No alignments found for chromosome 'unassigned-0000520'
     1x: No alignments found for chromosome 'unassigned-0000521'
     1x: No alignments found for chromosome 'unassigned-0000522'
     1x: No alignments found for chromosome 'unassigned-0000523'
     1x: No alignments found for chromosome 'unassigned-0000524'
     1x: No alignments found for chromosome 'unassigned-0000525'
     1x: No alignments found for chromosome 'unassigned-0000528'
     1x: No alignments found for chromosome 'unassigned-0000529'
     1x: No alignments found for chromosome 'unassigned-0000530'
     1x: No alignments found for chromosome 'unassigned-0000531'
     1x: No alignments found for chromosome 'unassigned-0000532'
     1x: No alignments found for chromosome 'unassigned-0000533'
     1x: No alignments found for chromosome 'unassigned-0000534'
     1x: No alignments found for chromosome 'unassigned-0000535'
     1x: No alignments found for chromosome 'unassigned-0000536'
     1x: No alignments found for chromosome 'unassigned-0000539'
     1x: No alignments found for chromosome 'unassigned-0000540'
     1x: No alignments found for chromosome 'unassigned-0000542'
     1x: No alignments found for chromosome 'unassigned-0000543'
     1x: No alignments found for chromosome 'unassigned-0000544'
     1x: No alignments found for chromosome 'unassigned-0000546'
     1x: No alignments found for chromosome 'unassigned-0000548'
     1x: No alignments found for chromosome 'unassigned-0000550'
     1x: No alignments found for chromosome 'unassigned-0000553'
     1x: No alignments found for chromosome 'unassigned-0000554'
     1x: No alignments found for chromosome 'unassigned-0000555'
     1x: No alignments found for chromosome 'unassigned-0000556'
     1x: No alignments found for chromosome 'unassigned-0000558'
     1x: No alignments found for chromosome 'unassigned-0000560'
     1x: No alignments found for chromosome 'unassigned-0000561'
     1x: No alignments found for chromosome 'unassigned-0000562'
     1x: No alignments found for chromosome 'unassigned-0000565'
     1x: No alignments found for chromosome 'unassigned-0000570'
     1x: No alignments found for chromosome 'unassigned-0000573'
     1x: No alignments found for chromosome 'unassigned-0000574'
     1x: No alignments found for chromosome 'unassigned-0000576'
     1x: No alignments found for chromosome 'unassigned-0000577'
     1x: No alignments found for chromosome 'unassigned-0000578'
     1x: No alignments found for chromosome 'unassigned-0000579'
     1x: No alignments found for chromosome 'unassigned-0000580'
     1x: No alignments found for chromosome 'unassigned-0000582'
     1x: No alignments found for chromosome 'unassigned-0000583'
     1x: No alignments found for chromosome 'unassigned-0000584'
     1x: No alignments found for chromosome 'unassigned-0000586'
     1x: No alignments found for chromosome 'unassigned-0000587'
     1x: No alignments found for chromosome 'unassigned-0000588'
     1x: No alignments found for chromosome 'unassigned-0000589'
     1x: No alignments found for chromosome 'unassigned-0000591'
     1x: No alignments found for chromosome 'unassigned-0000592'
     1x: No alignments found for chromosome 'unassigned-0000593'
     1x: No alignments found for chromosome 'unassigned-0000594'
     1x: No alignments found for chromosome 'unassigned-0000596'
     1x: No alignments found for chromosome 'unassigned-0000597'
     1x: No alignments found for chromosome 'unassigned-0000600'
     1x: No alignments found for chromosome 'unassigned-0000601'
     1x: No alignments found for chromosome 'unassigned-0000602'
     1x: No alignments found for chromosome 'unassigned-0000603'
     1x: No alignments found for chromosome 'unassigned-0000608'
     1x: No alignments found for chromosome 'unassigned-0000609'
     1x: No alignments found for chromosome 'unassigned-0000610'
     1x: No alignments found for chromosome 'unassigned-0000611'
     1x: No alignments found for chromosome 'unassigned-0000612'
     1x: No alignments found for chromosome 'unassigned-0000614'
     1x: No alignments found for chromosome 'unassigned-0000615'
     1x: No alignments found for chromosome 'unassigned-0000616'
     1x: No alignments found for chromosome 'unassigned-0000617'
     1x: No alignments found for chromosome 'unassigned-0000618'
     1x: No alignments found for chromosome 'unassigned-0000619'
     1x: No alignments found for chromosome 'unassigned-0000620'
     1x: No alignments found for chromosome 'unassigned-0000621'
     1x: No alignments found for chromosome 'unassigned-0000622'
     1x: No alignments found for chromosome 'unassigned-0000623'
     1x: No alignments found for chromosome 'unassigned-0000624'
     1x: No alignments found for chromosome 'unassigned-0000625'
     1x: No alignments found for chromosome 'unassigned-0000630'
     1x: No alignments found for chromosome 'unassigned-0000631'
     1x: No alignments found for chromosome 'unassigned-0000633'
     1x: No alignments found for chromosome 'unassigned-0000635'
     1x: No alignments found for chromosome 'unassigned-0000636'
     1x: No alignments found for chromosome 'unassigned-0000640'
     1x: No alignments found for chromosome 'unassigned-0000641'
     1x: No alignments found for chromosome 'unassigned-0000642'
     1x: No alignments found for chromosome 'unassigned-0000643'
     1x: No alignments found for chromosome 'unassigned-0000648'
     1x: No alignments found for chromosome 'unassigned-0000649'
     1x: No alignments found for chromosome 'unassigned-0000652'
     1x: No alignments found for chromosome 'unassigned-0000657'
     1x: No alignments found for chromosome 'unassigned-0000658'
     1x: No alignments found for chromosome 'unassigned-0000659'
     1x: No alignments found for chromosome 'unassigned-0000664'
     1x: No alignments found for chromosome 'unassigned-0000665'
     1x: No alignments found for chromosome 'unassigned-0000669'
     1x: No alignments found for chromosome 'unassigned-0000674'
     1x: No alignments found for chromosome 'unassigned-0000675'
     1x: No alignments found for chromosome 'unassigned-0000676'
     1x: No alignments found for chromosome 'unassigned-0000679'
     1x: No alignments found for chromosome 'unassigned-0000680'
     1x: No alignments found for chromosome 'unassigned-0000681'
     1x: No alignments found for chromosome 'unassigned-0000682'
     1x: No alignments found for chromosome 'unassigned-0000683'
     1x: No alignments found for chromosome 'unassigned-0000684'
     1x: No alignments found for chromosome 'unassigned-0000689'
     1x: No alignments found for chromosome 'unassigned-0000692'
     1x: No alignments found for chromosome 'unassigned-0000694'
     1x: No alignments found for chromosome 'unassigned-0000695'
     1x: No alignments found for chromosome 'unassigned-0000696'
     1x: No alignments found for chromosome 'unassigned-0000697'
     1x: No alignments found for chromosome 'unassigned-0000698'
     1x: No alignments found for chromosome 'unassigned-0000699'
     1x: No alignments found for chromosome 'unassigned-0000700'
     1x: No alignments found for chromosome 'unassigned-0000702'
     1x: No alignments found for chromosome 'unassigned-0000704'
     1x: No alignments found for chromosome 'unassigned-0000708'
     1x: No alignments found for chromosome 'unassigned-0000711'
     1x: No alignments found for chromosome 'unassigned-0000715'
     1x: No alignments found for chromosome 'unassigned-0000718'
     1x: No alignments found for chromosome 'unassigned-0000719'
     1x: No alignments found for chromosome 'unassigned-0000720'
     1x: No alignments found for chromosome 'unassigned-0000721'
     1x: No alignments found for chromosome 'unassigned-0000722'
     1x: No alignments found for chromosome 'unassigned-0000723'
     1x: No alignments found for chromosome 'unassigned-0000724'
     1x: No alignments found for chromosome 'unassigned-0000726'
     1x: No alignments found for chromosome 'unassigned-0000727'
     1x: No alignments found for chromosome 'unassigned-0000730'
     1x: No alignments found for chromosome 'unassigned-0000732'
     1x: No alignments found for chromosome 'unassigned-0000734'
     1x: No alignments found for chromosome 'unassigned-0000738'
     1x: No alignments found for chromosome 'unassigned-0000740'
     1x: No alignments found for chromosome 'unassigned-0000744'
     1x: No alignments found for chromosome 'unassigned-0000745'
     1x: No alignments found for chromosome 'unassigned-0000746'
     1x: No alignments found for chromosome 'unassigned-0000747'
     1x: No alignments found for chromosome 'unassigned-0000750'
     1x: No alignments found for chromosome 'unassigned-0000751'
     1x: No alignments found for chromosome 'unassigned-0000752'
     1x: No alignments found for chromosome 'unassigned-0000753'
     1x: No alignments found for chromosome 'unassigned-0000754'
     1x: No alignments found for chromosome 'unassigned-0000761'
     1x: No alignments found for chromosome 'unassigned-0000763'
     1x: No alignments found for chromosome 'unassigned-0000764'
     1x: No alignments found for chromosome 'unassigned-0000765'
     1x: No alignments found for chromosome 'unassigned-0000767'
     1x: No alignments found for chromosome 'unassigned-0000768'
     1x: No alignments found for chromosome 'unassigned-0000770'
     1x: No alignments found for chromosome 'unassigned-0000773'
     1x: No alignments found for chromosome 'unassigned-0000774'
     1x: No alignments found for chromosome 'unassigned-0000775'
     1x: No alignments found for chromosome 'unassigned-0000780'
     1x: No alignments found for chromosome 'unassigned-0000781'
     1x: No alignments found for chromosome 'unassigned-0000783'
     1x: No alignments found for chromosome 'unassigned-0000784'
     1x: No alignments found for chromosome 'unassigned-0000786'
     1x: No alignments found for chromosome 'unassigned-0000787'
     1x: No alignments found for chromosome 'unassigned-0000788'
     1x: No alignments found for chromosome 'unassigned-0000789'
     1x: No alignments found for chromosome 'unassigned-0000790'
     1x: No alignments found for chromosome 'unassigned-0000792'
     1x: No alignments found for chromosome 'unassigned-0000793'
     1x: No alignments found for chromosome 'unassigned-0000794'
     1x: No alignments found for chromosome 'unassigned-0000795'
     1x: No alignments found for chromosome 'unassigned-0000798'
     1x: No alignments found for chromosome 'unassigned-0000799'
     1x: No alignments found for chromosome 'unassigned-0000800'
     1x: No alignments found for chromosome 'unassigned-0000802'
     1x: No alignments found for chromosome 'unassigned-0000803'
     1x: No alignments found for chromosome 'unassigned-0000805'
     1x: No alignments found for chromosome 'unassigned-0000807'
     1x: No alignments found for chromosome 'unassigned-0000808'
     1x: No alignments found for chromosome 'unassigned-0000811'
     1x: No alignments found for chromosome 'unassigned-0000813'
     1x: No alignments found for chromosome 'unassigned-0000815'
     1x: No alignments found for chromosome 'unassigned-0000816'
     1x: No alignments found for chromosome 'unassigned-0000819'
     1x: No alignments found for chromosome 'unassigned-0000820'
     1x: No alignments found for chromosome 'unassigned-0000821'
     1x: No alignments found for chromosome 'unassigned-0000822'
     1x: No alignments found for chromosome 'unassigned-0000823'
     1x: No alignments found for chromosome 'unassigned-0000825'
     1x: No alignments found for chromosome 'unassigned-0000830'
     1x: No alignments found for chromosome 'unassigned-0000832'
     1x: No alignments found for chromosome 'unassigned-0000833'
     1x: No alignments found for chromosome 'unassigned-0000841'
     1x: No alignments found for chromosome 'unassigned-0000844'
     1x: No alignments found for chromosome 'unassigned-0000845'
     1x: No alignments found for chromosome 'unassigned-0000847'
     1x: No alignments found for chromosome 'unassigned-0000849'
     1x: No alignments found for chromosome 'unassigned-0000853'
     1x: No alignments found for chromosome 'unassigned-0000856'
     1x: No alignments found for chromosome 'unassigned-0000857'
     1x: No alignments found for chromosome 'unassigned-0000861'
     1x: No alignments found for chromosome 'unassigned-0000865'
     1x: No alignments found for chromosome 'unassigned-0000869'
     1x: No alignments found for chromosome 'unassigned-0000871'
     1x: No alignments found for chromosome 'unassigned-0000872'
     1x: No alignments found for chromosome 'unassigned-0000873'
     1x: No alignments found for chromosome 'unassigned-0000875'
     1x: No alignments found for chromosome 'unassigned-0000877'
     1x: No alignments found for chromosome 'unassigned-0000879'
     1x: No alignments found for chromosome 'unassigned-0000880'
     1x: No alignments found for chromosome 'unassigned-0000884'
     1x: No alignments found for chromosome 'unassigned-0000885'
     1x: No alignments found for chromosome 'unassigned-0000886'
     1x: No alignments found for chromosome 'unassigned-0000888'
     1x: No alignments found for chromosome 'unassigned-0000889'
     1x: No alignments found for chromosome 'unassigned-0000890'
     1x: No alignments found for chromosome 'unassigned-0000891'
     1x: No alignments found for chromosome 'unassigned-0000893'
     1x: No alignments found for chromosome 'unassigned-0000896'
     1x: No alignments found for chromosome 'unassigned-0000897'
     1x: No alignments found for chromosome 'unassigned-0000898'
     1x: No alignments found for chromosome 'unassigned-0000902'
     1x: No alignments found for chromosome 'unassigned-0000904'
     1x: No alignments found for chromosome 'unassigned-0000906'
     1x: No alignments found for chromosome 'unassigned-0000907'
     1x: No alignments found for chromosome 'unassigned-0000911'
     1x: No alignments found for chromosome 'unassigned-0000918'
     1x: No alignments found for chromosome 'unassigned-0000919'
     1x: No alignments found for chromosome 'unassigned-0000920'
     1x: No alignments found for chromosome 'unassigned-0000922'
     1x: No alignments found for chromosome 'unassigned-0000923'
     1x: No alignments found for chromosome 'unassigned-0000926'
     1x: No alignments found for chromosome 'unassigned-0000927'
     1x: No alignments found for chromosome 'unassigned-0000929'
     1x: No alignments found for chromosome 'unassigned-0000930'
     1x: No alignments found for chromosome 'unassigned-0000933'
     1x: No alignments found for chromosome 'unassigned-0000939'
     1x: No alignments found for chromosome 'unassigned-0000940'
     1x: No alignments found for chromosome 'unassigned-0000941'
     1x: No alignments found for chromosome 'unassigned-0000943'
     1x: No alignments found for chromosome 'unassigned-0000944'
     1x: No alignments found for chromosome 'unassigned-0000948'
     1x: No alignments found for chromosome 'unassigned-0000955'
     1x: No alignments found for chromosome 'unassigned-0000957'
     1x: No alignments found for chromosome 'unassigned-0000958'
     1x: No alignments found for chromosome 'unassigned-0000959'
     1x: No alignments found for chromosome 'unassigned-0000960'
     1x: No alignments found for chromosome 'unassigned-0000961'
     1x: No alignments found for chromosome 'unassigned-0000962'
     1x: No alignments found for chromosome 'unassigned-0000965'
     1x: No alignments found for chromosome 'unassigned-0000968'
     1x: No alignments found for chromosome 'unassigned-0000970'
     1x: No alignments found for chromosome 'unassigned-0000971'
     1x: No alignments found for chromosome 'unassigned-0000972'
     1x: No alignments found for chromosome 'unassigned-0000976'
     1x: No alignments found for chromosome 'unassigned-0000977'
     1x: No alignments found for chromosome 'unassigned-0000978'
     1x: No alignments found for chromosome 'unassigned-0000981'
     1x: No alignments found for chromosome 'unassigned-0000982'
     1x: No alignments found for chromosome 'unassigned-0000983'
     1x: No alignments found for chromosome 'unassigned-0000985'
     1x: No alignments found for chromosome 'unassigned-0000988'
     1x: No alignments found for chromosome 'unassigned-0000989'
     1x: No alignments found for chromosome 'unassigned-0000993'
     1x: No alignments found for chromosome 'unassigned-0000994'
     1x: No alignments found for chromosome 'unassigned-0000995'
     1x: No alignments found for chromosome 'unassigned-0000996'
     1x: No alignments found for chromosome 'unassigned-0000997'
     1x: No alignments found for chromosome 'unassigned-0000999'
     1x: No alignments found for chromosome 'unassigned-0001000'
     1x: No alignments found for chromosome 'unassigned-0001003'
     1x: No alignments found for chromosome 'unassigned-0001011'
     1x: No alignments found for chromosome 'unassigned-0001014'
     1x: No alignments found for chromosome 'unassigned-0001018'
     1x: No alignments found for chromosome 'unassigned-0001019'
     1x: No alignments found for chromosome 'unassigned-0001020'
     1x: No alignments found for chromosome 'unassigned-0001021'
     1x: No alignments found for chromosome 'unassigned-0001025'
     1x: No alignments found for chromosome 'unassigned-0001026'
     1x: No alignments found for chromosome 'unassigned-0001028'
     1x: No alignments found for chromosome 'unassigned-0001030'
     1x: No alignments found for chromosome 'unassigned-0001031'
     1x: No alignments found for chromosome 'unassigned-0001032'
     1x: No alignments found for chromosome 'unassigned-0001034'
     1x: No alignments found for chromosome 'unassigned-0001035'
     1x: No alignments found for chromosome 'unassigned-0001038'
     1x: No alignments found for chromosome 'unassigned-0001039'
     1x: No alignments found for chromosome 'unassigned-0001040'
     1x: No alignments found for chromosome 'unassigned-0001041'
     1x: No alignments found for chromosome 'unassigned-0001046'
     1x: No alignments found for chromosome 'unassigned-0001051'
     1x: No alignments found for chromosome 'unassigned-0001052'
     1x: No alignments found for chromosome 'unassigned-0001055'
     1x: No alignments found for chromosome 'unassigned-0001056'
     1x: No alignments found for chromosome 'unassigned-0001061'
     1x: No alignments found for chromosome 'unassigned-0001064'
     1x: No alignments found for chromosome 'unassigned-0001065'
     1x: No alignments found for chromosome 'unassigned-0001070'
     1x: No alignments found for chromosome 'unassigned-0001071'
     1x: No alignments found for chromosome 'unassigned-0001074'
     1x: No alignments found for chromosome 'unassigned-0001076'
     1x: No alignments found for chromosome 'unassigned-0001077'
     1x: No alignments found for chromosome 'unassigned-0001078'
     1x: No alignments found for chromosome 'unassigned-0001079'
     1x: No alignments found for chromosome 'unassigned-0001080'
     1x: No alignments found for chromosome 'unassigned-0001084'
     1x: No alignments found for chromosome 'unassigned-0001086'
     1x: No alignments found for chromosome 'unassigned-0001090'
     1x: No alignments found for chromosome 'unassigned-0001091'
     1x: No alignments found for chromosome 'unassigned-0001093'
     1x: No alignments found for chromosome 'unassigned-0001095'
     1x: No alignments found for chromosome 'unassigned-0001096'
     1x: No alignments found for chromosome 'unassigned-0001097'
     1x: No alignments found for chromosome 'unassigned-0001099'
     1x: No alignments found for chromosome 'unassigned-0001100'
     1x: No alignments found for chromosome 'unassigned-0001102'
     1x: No alignments found for chromosome 'unassigned-0001103'
     1x: No alignments found for chromosome 'unassigned-0001104'
     1x: No alignments found for chromosome 'unassigned-0001105'
     1x: No alignments found for chromosome 'unassigned-0001106'
     1x: No alignments found for chromosome 'unassigned-0001107'
     1x: No alignments found for chromosome 'unassigned-0001108'
     1x: No alignments found for chromosome 'unassigned-0001110'
     1x: No alignments found for chromosome 'unassigned-0001115'
     1x: No alignments found for chromosome 'unassigned-0001119'
     1x: No alignments found for chromosome 'unassigned-0001123'
     1x: No alignments found for chromosome 'unassigned-0001130'
     1x: No alignments found for chromosome 'unassigned-0001133'
     1x: No alignments found for chromosome 'unassigned-0001136'
     1x: No alignments found for chromosome 'unassigned-0001139'
     1x: No alignments found for chromosome 'unassigned-0001140'
     1x: No alignments found for chromosome 'unassigned-0001142'
     1x: No alignments found for chromosome 'unassigned-0001143'
     1x: No alignments found for chromosome 'unassigned-0001144'
     1x: No alignments found for chromosome 'unassigned-0001145'
     1x: No alignments found for chromosome 'unassigned-0001146'
     1x: No alignments found for chromosome 'unassigned-0001148'
     1x: No alignments found for chromosome 'unassigned-0001149'
     1x: No alignments found for chromosome 'unassigned-0001150'
     1x: No alignments found for chromosome 'unassigned-0001152'
     1x: No alignments found for chromosome 'unassigned-0001153'
     1x: No alignments found for chromosome 'unassigned-0001157'
     1x: No alignments found for chromosome 'unassigned-0001158'
     1x: No alignments found for chromosome 'unassigned-0001159'
     1x: No alignments found for chromosome 'unassigned-0001160'
     1x: No alignments found for chromosome 'unassigned-0001161'
     1x: No overlapping alignments found for region 172000-188498 even with 10000bp window
     1x: No alignments found for chromosome 'unassigned-0001168'
     1x: No alignments found for chromosome 'unassigned-0001170'
     1x: No alignments found for chromosome 'unassigned-0001173'
     1x: No alignments found for chromosome 'unassigned-0001174'
     1x: No alignments found for chromosome 'unassigned-0001176'
     1x: No alignments found for chromosome 'unassigned-0001177'
     1x: No alignments found for chromosome 'unassigned-0001178'
     1x: No alignments found for chromosome 'unassigned-0001179'
     1x: No alignments found for chromosome 'unassigned-0001180'
     1x: No alignments found for chromosome 'unassigned-0001182'
     1x: No alignments found for chromosome 'unassigned-0001183'
     1x: No alignments found for chromosome 'unassigned-0001184'
     1x: No alignments found for chromosome 'unassigned-0001185'
     1x: No alignments found for chromosome 'unassigned-0001186'
     1x: No alignments found for chromosome 'unassigned-0001190'
     1x: No alignments found for chromosome 'unassigned-0001191'
     1x: No alignments found for chromosome 'unassigned-0001192'
     1x: No alignments found for chromosome 'unassigned-0001196'
     1x: No alignments found for chromosome 'unassigned-0001198'
     1x: No alignments found for chromosome 'unassigned-0001200'
     1x: No alignments found for chromosome 'unassigned-0001202'
     1x: No alignments found for chromosome 'unassigned-0001203'
     1x: No alignments found for chromosome 'unassigned-0001206'
     1x: No alignments found for chromosome 'unassigned-0001208'
     1x: No alignments found for chromosome 'unassigned-0001210'
     1x: No alignments found for chromosome 'unassigned-0001211'
     1x: No alignments found for chromosome 'unassigned-0001215'
     1x: No alignments found for chromosome 'unassigned-0001216'
     1x: No alignments found for chromosome 'unassigned-0001217'
     1x: No alignments found for chromosome 'unassigned-0001218'
     1x: No alignments found for chromosome 'unassigned-0001219'
     1x: No alignments found for chromosome 'unassigned-0001224'
     1x: No alignments found for chromosome 'unassigned-0001228'
     1x: No alignments found for chromosome 'unassigned-0001231'
     1x: No alignments found for chromosome 'unassigned-0001232'
     1x: No alignments found for chromosome 'unassigned-0001233'
     1x: No alignments found for chromosome 'unassigned-0001234'
     1x: No alignments found for chromosome 'unassigned-0001236'
     1x: No alignments found for chromosome 'unassigned-0001238'
     1x: No alignments found for chromosome 'unassigned-0001243'
     1x: No alignments found for chromosome 'unassigned-0001244'
     1x: No alignments found for chromosome 'unassigned-0001246'
     1x: No alignments found for chromosome 'unassigned-0001247'
     1x: No alignments found for chromosome 'unassigned-0001248'
     1x: No alignments found for chromosome 'unassigned-0001252'
     1x: No alignments found for chromosome 'unassigned-0001253'
     1x: No alignments found for chromosome 'unassigned-0001256'
     1x: No alignments found for chromosome 'unassigned-0001258'
     1x: No alignments found for chromosome 'unassigned-0001259'
     1x: No alignments found for chromosome 'unassigned-0001260'
     1x: No alignments found for chromosome 'unassigned-0001264'
     1x: No alignments found for chromosome 'unassigned-0001266'
     1x: No alignments found for chromosome 'unassigned-0001269'
     1x: No alignments found for chromosome 'unassigned-0001270'
     1x: No alignments found for chromosome 'unassigned-0001272'
     1x: No alignments found for chromosome 'unassigned-0001275'
     1x: No alignments found for chromosome 'unassigned-0001277'
     1x: No alignments found for chromosome 'unassigned-0001281'
     1x: No alignments found for chromosome 'unassigned-0001284'
     1x: No alignments found for chromosome 'unassigned-0001285'
     1x: No alignments found for chromosome 'unassigned-0001286'
     1x: No alignments found for chromosome 'unassigned-0001287'
     1x: No alignments found for chromosome 'unassigned-0001288'
     1x: No alignments found for chromosome 'unassigned-0001289'
     1x: No alignments found for chromosome 'unassigned-0001290'
     1x: No alignments found for chromosome 'unassigned-0001292'
     1x: No alignments found for chromosome 'unassigned-0001293'
     1x: No alignments found for chromosome 'unassigned-0001294'
     1x: No alignments found for chromosome 'unassigned-0001296'
     1x: No alignments found for chromosome 'unassigned-0001297'
     1x: No alignments found for chromosome 'unassigned-0001299'
     1x: No alignments found for chromosome 'unassigned-0001300'
     1x: No alignments found for chromosome 'unassigned-0001301'
     1x: No alignments found for chromosome 'unassigned-0001302'
     1x: No alignments found for chromosome 'unassigned-0001303'
     1x: No alignments found for chromosome 'unassigned-0001304'
     1x: No alignments found for chromosome 'unassigned-0001306'
     1x: No alignments found for chromosome 'unassigned-0001307'
     1x: No alignments found for chromosome 'unassigned-0001309'
     1x: No alignments found for chromosome 'unassigned-0001310'
     1x: No alignments found for chromosome 'unassigned-0001311'
     1x: No alignments found for chromosome 'unassigned-0001312'
     1x: No alignments found for chromosome 'unassigned-0001314'
     1x: No alignments found for chromosome 'unassigned-0001315'
     1x: No alignments found for chromosome 'unassigned-0001316'
     1x: No alignments found for chromosome 'unassigned-0001318'
     1x: No alignments found for chromosome 'unassigned-0001320'
     1x: No alignments found for chromosome 'unassigned-0001324'
     1x: No alignments found for chromosome 'unassigned-0001325'
     1x: No alignments found for chromosome 'unassigned-0001327'
     1x: No alignments found for chromosome 'unassigned-0001329'
     1x: No alignments found for chromosome 'unassigned-0001333'
     1x: No alignments found for chromosome 'unassigned-0001335'
     1x: No alignments found for chromosome 'unassigned-0001338'
     1x: No alignments found for chromosome 'unassigned-0001339'
     1x: No alignments found for chromosome 'unassigned-0001340'
     1x: No alignments found for chromosome 'unassigned-0001341'
     1x: No alignments found for chromosome 'unassigned-0001342'
     1x: No alignments found for chromosome 'unassigned-0001343'
     1x: No alignments found for chromosome 'unassigned-0001344'
     1x: No alignments found for chromosome 'unassigned-0001345'
     1x: No overlapping alignments found for region 0-16000 even with 10000bp window
     1x: No alignments found for chromosome 'unassigned-0001353'
     1x: No alignments found for chromosome 'unassigned-0001355'
     1x: No alignments found for chromosome 'unassigned-0001356'
     1x: No alignments found for chromosome 'unassigned-0001358'
     1x: No alignments found for chromosome 'unassigned-0001359'
     1x: No alignments found for chromosome 'unassigned-0001360'
     1x: No alignments found for chromosome 'unassigned-0001361'
     1x: No alignments found for chromosome 'unassigned-0001362'
     1x: No alignments found for chromosome 'unassigned-0001363'
     1x: No alignments found for chromosome 'unassigned-0001366'
     1x: No overlapping alignments found for region 0-52000 even with 10000bp window
     1x: No alignments found for chromosome 'unassigned-0001368'
     1x: No alignments found for chromosome 'unassigned-0001372'
     1x: No alignments found for chromosome 'unassigned-0001373'
     1x: No alignments found for chromosome 'unassigned-0001381'
     1x: No alignments found for chromosome 'unassigned-0001382'
     1x: No alignments found for chromosome 'unassigned-0001391'
     1x: No alignments found for chromosome 'unassigned-0001392'
     1x: No alignments found for chromosome 'unassigned-0001398'
     1x: No alignments found for chromosome 'unassigned-0001402'
     1x: No alignments found for chromosome 'unassigned-0001410'
     1x: No alignments found for chromosome 'unassigned-0001418'
     1x: No alignments found for chromosome 'unassigned-0001419'
     1x: No alignments found for chromosome 'unassigned-0001421'
     1x: No alignments found for chromosome 'unassigned-0001423'
     1x: No alignments found for chromosome 'unassigned-0001426'
     1x: No alignments found for chromosome 'unassigned-0001427'
     1x: No alignments found for chromosome 'unassigned-0001428'
     1x: No alignments found for chromosome 'unassigned-0001431'
     1x: No alignments found for chromosome 'unassigned-0001433'
     1x: No alignments found for chromosome 'unassigned-0001434'
     1x: No alignments found for chromosome 'unassigned-0001436'
     1x: No alignments found for chromosome 'unassigned-0001437'
     1x: No alignments found for chromosome 'unassigned-0001438'
     1x: No alignments found for chromosome 'unassigned-0001439'
     1x: No alignments found for chromosome 'unassigned-0001447'
     1x: No alignments found for chromosome 'unassigned-0001448'
     1x: No alignments found for chromosome 'unassigned-0001453'
     1x: No alignments found for chromosome 'unassigned-0001461'
     1x: No alignments found for chromosome 'unassigned-0001462'
     1x: No alignments found for chromosome 'unassigned-0001463'
     1x: No alignments found for chromosome 'unassigned-0001466'
     1x: No alignments found for chromosome 'unassigned-0001468'
     1x: No alignments found for chromosome 'unassigned-0001470'
     1x: No alignments found for chromosome 'unassigned-0001471'
     1x: No overlapping alignments found for region 0-24000 even with 10000bp window
     1x: No overlapping alignments found for region 220000-244000 even with 10000bp window
     1x: No overlapping alignments found for region 244000-248812 even with 10000bp window
     1x: No alignments found for chromosome 'unassigned-0001481'
     1x: No alignments found for chromosome 'unassigned-0001483'
     1x: No alignments found for chromosome 'unassigned-0001485'
     1x: No alignments found for chromosome 'unassigned-0001486'
     1x: No alignments found for chromosome 'unassigned-0001488'
     1x: No alignments found for chromosome 'unassigned-0001492'
     1x: No alignments found for chromosome 'unassigned-0001493'
     1x: No alignments found for chromosome 'unassigned-0001495'
     1x: No alignments found for chromosome 'unassigned-0001502'
     1x: No alignments found for chromosome 'unassigned-0001504'
     1x: No alignments found for chromosome 'unassigned-0001511'
     1x: No alignments found for chromosome 'unassigned-0001512'
     1x: No alignments found for chromosome 'unassigned-0001514'
     1x: No alignments found for chromosome 'unassigned-0001519'
     1x: No alignments found for chromosome 'unassigned-0001525'
     1x: No alignments found for chromosome 'unassigned-0001528'
     1x: No alignments found for chromosome 'unassigned-0001531'
     1x: No alignments found for chromosome 'unassigned-0001534'
     1x: No alignments found for chromosome 'unassigned-0001535'
     1x: No alignments found for chromosome 'unassigned-0001542'
     1x: No alignments found for chromosome 'unassigned-0001546'
     1x: No alignments found for chromosome 'unassigned-0001552'
     1x: No alignments found for chromosome 'unassigned-0001557'
     1x: No alignments found for chromosome 'unassigned-0001558'
     1x: No alignments found for chromosome 'unassigned-0001566'
     1x: No alignments found for chromosome 'unassigned-0001568'
     1x: No alignments found for chromosome 'unassigned-0001570'
     1x: No alignments found for chromosome 'unassigned-0001572'
     1x: No alignments found for chromosome 'unassigned-0001575'
     1x: No alignments found for chromosome 'unassigned-0001579'
     1x: No alignments found for chromosome 'unassigned-0001582'
     1x: No alignments found for chromosome 'unassigned-0001584'
     1x: No alignments found for chromosome 'unassigned-0001586'
     1x: No alignments found for chromosome 'unassigned-0001587'
     1x: No alignments found for chromosome 'unassigned-0001590'
     1x: No alignments found for chromosome 'unassigned-0001591'
     1x: No alignments found for chromosome 'unassigned-0001592'
     1x: No alignments found for chromosome 'unassigned-0001593'
     1x: No alignments found for chromosome 'unassigned-0001595'
     1x: No alignments found for chromosome 'unassigned-0001596'
     1x: No alignments found for chromosome 'unassigned-0001598'
     1x: No alignments found for chromosome 'unassigned-0001602'
     1x: No alignments found for chromosome 'unassigned-0001603'
     1x: No alignments found for chromosome 'unassigned-0001604'
     1x: No alignments found for chromosome 'unassigned-0001608'
     1x: No alignments found for chromosome 'unassigned-0001609'
     1x: No alignments found for chromosome 'unassigned-0001612'
     1x: No alignments found for chromosome 'unassigned-0001613'
     1x: No alignments found for chromosome 'unassigned-0001615'
     1x: No alignments found for chromosome 'unassigned-0001617'
     1x: No alignments found for chromosome 'unassigned-0001618'
     1x: No alignments found for chromosome 'unassigned-0001620'
     1x: No alignments found for chromosome 'unassigned-0001622'
     1x: No alignments found for chromosome 'unassigned-0001624'
     1x: No alignments found for chromosome 'unassigned-0001626'
     1x: No alignments found for chromosome 'unassigned-0001630'
     1x: No alignments found for chromosome 'unassigned-0001631'
     1x: No alignments found for chromosome 'unassigned-0001632'
     1x: No overlapping alignments found for region 128000-143669 even with 10000bp window
     1x: No alignments found for chromosome 'unassigned-0001636'
     1x: No alignments found for chromosome 'unassigned-0001637'
     1x: No alignments found for chromosome 'unassigned-0001640'
     1x: No alignments found for chromosome 'unassigned-0001641'
     1x: No alignments found for chromosome 'unassigned-0001642'
     1x: No alignments found for chromosome 'unassigned-0001643'
     1x: No alignments found for chromosome 'unassigned-0001647'
     1x: No alignments found for chromosome 'unassigned-0001648'
     1x: No alignments found for chromosome 'unassigned-0001649'
     1x: No alignments found for chromosome 'unassigned-0001651'
     1x: No alignments found for chromosome 'unassigned-0001652'
     1x: No alignments found for chromosome 'unassigned-0001655'
     1x: No alignments found for chromosome 'unassigned-0001656'
     1x: No alignments found for chromosome 'unassigned-0001657'
     1x: No alignments found for chromosome 'unassigned-0001659'
     1x: No alignments found for chromosome 'unassigned-0001660'
     1x: No alignments found for chromosome 'unassigned-0001661'
     1x: No alignments found for chromosome 'unassigned-0001662'
     1x: No alignments found for chromosome 'unassigned-0001663'
     1x: No alignments found for chromosome 'unassigned-0001664'
     1x: No alignments found for chromosome 'unassigned-0001667'
     1x: No alignments found for chromosome 'unassigned-0001671'
     1x: No alignments found for chromosome 'unassigned-0001672'
     1x: No alignments found for chromosome 'unassigned-0001673'
     1x: No alignments found for chromosome 'unassigned-0001674'
     1x: No alignments found for chromosome 'unassigned-0001675'
     1x: No alignments found for chromosome 'unassigned-0001676'
     1x: No alignments found for chromosome 'unassigned-0001677'
     1x: No alignments found for chromosome 'unassigned-0001678'
     1x: No alignments found for chromosome 'unassigned-0001680'
     1x: No alignments found for chromosome 'unassigned-0001682'
     1x: No alignments found for chromosome 'unassigned-0001686'
     1x: No alignments found for chromosome 'unassigned-0001687'
     1x: No alignments found for chromosome 'unassigned-0001688'
     1x: No alignments found for chromosome 'unassigned-0001689'
     1x: No alignments found for chromosome 'unassigned-0001690'
     1x: No alignments found for chromosome 'unassigned-0001692'
     1x: No alignments found for chromosome 'unassigned-0001693'
     1x: No alignments found for chromosome 'unassigned-0001694'
     1x: No alignments found for chromosome 'unassigned-0001695'
     1x: No alignments found for chromosome 'unassigned-0001700'
     1x: No alignments found for chromosome 'unassigned-0001704'
     1x: No alignments found for chromosome 'unassigned-0001705'
     1x: No alignments found for chromosome 'unassigned-0001707'
     1x: No alignments found for chromosome 'unassigned-0001708'
     1x: No alignments found for chromosome 'unassigned-0001709'
     1x: No alignments found for chromosome 'unassigned-0001710'
     1x: No alignments found for chromosome 'unassigned-0001712'
     1x: No alignments found for chromosome 'unassigned-0001714'
     1x: No alignments found for chromosome 'unassigned-0001715'
     1x: No alignments found for chromosome 'unassigned-0001716'
     1x: No alignments found for chromosome 'unassigned-0001717'
     1x: No alignments found for chromosome 'unassigned-0001718'
     1x: No alignments found for chromosome 'unassigned-0001719'
     1x: No alignments found for chromosome 'unassigned-0001720'
     1x: No alignments found for chromosome 'unassigned-0001721'
     1x: No alignments found for chromosome 'unassigned-0001722'
     1x: No overlapping alignments found for region 160000-164916 even with 10000bp window
     1x: No alignments found for chromosome 'unassigned-0001724'
     1x: No alignments found for chromosome 'unassigned-0001725'
     1x: No alignments found for chromosome 'unassigned-0001726'
Original regions: 8095
Lifted regions: 6477
Unmapped regions: 3236
Success rate: 66.00%
