error: while parsing grammar::tag
     |
   1 | H\tHVN:Z:1.0
     |      ^ expected ':'

error: while parsing GFA path record
     |
   1 | P\tgfase_hap_0_2\tutig4-242+\t
     |                               ^ exhausted choice

error: while parsing GFA path record
     |
   1 | P\tgfase_hap_1_7\tutig4-130+\t
     |                               ^ exhausted choice

error: while parsing GFA path record
     |
   1 | P\tgfase_hap_1_4\tutig4-257+\t
     |                               ^ exhausted choice

error: while parsing GFA path record
     |
   1 | P\tgfase_hap_0_5\tutig4-114+\t
     |                               ^ exhausted choice

error: while parsing GFA path record
     |
   1 | P\tgfase_hap_1_6\tutig4-6+\t
     |                             ^ exhausted choice

error: while parsing GFA path record
     |
   1 | P\tgfase_hap_0_1\tutig4-5+\t
     |                             ^ exhausted choice

