INFO:cooler.cli.balance:Balancing "analysis_other/porec/T2T04_1.hp2/cooler/T2T04_1.hp2_5000_balanced.cool"
INFO:cooler._balance:chr1
INFO:cooler._balance:variance is 2588298.5913116587
INFO:cooler._balance:variance is 13490.845109630414
INFO:cooler._balance:variance is 4472.836254752011
INFO:cooler._balance:variance is 2227.368684314686
INFO:cooler._balance:variance is 1050.1095884878382
INFO:cooler._balance:variance is 552.9750146896348
INFO:cooler._balance:variance is 282.49764436393787
INFO:cooler._balance:variance is 150.60367338055582
INFO:cooler._balance:variance is 78.82078264097044
INFO:cooler._balance:variance is 42.07455448146554
INFO:cooler._balance:variance is 22.21443463462575
INFO:cooler._balance:variance is 11.845863672946942
INFO:cooler._balance:variance is 6.277488601049892
INFO:cooler._balance:variance is 3.343879842075798
INFO:cooler._balance:variance is 1.7750640852449417
INFO:cooler._balance:variance is 0.9448457065290741
INFO:cooler._balance:variance is 0.5019844640660222
INFO:cooler._balance:variance is 0.2670831806591648
INFO:cooler._balance:variance is 0.141958652356815
INFO:cooler._balance:variance is 0.07551094500505165
INFO:cooler._balance:variance is 0.04014406952739137
INFO:cooler._balance:variance is 0.021350576510537716
INFO:cooler._balance:variance is 0.011351972265882066
INFO:cooler._balance:variance is 0.006037080010409063
INFO:cooler._balance:variance is 0.0032100738778135596
INFO:cooler._balance:variance is 0.0017070766405305519
INFO:cooler._balance:variance is 0.0009077265115899347
INFO:cooler._balance:variance is 0.0004827069341068066
INFO:cooler._balance:variance is 0.0002566805035918877
INFO:cooler._balance:variance is 0.00013649486754415506
INFO:cooler._balance:variance is 7.258210381483714e-05
INFO:cooler._balance:variance is 3.8596708864287074e-05
INFO:cooler._balance:variance is 2.0524168083686267e-05
INFO:cooler._balance:variance is 1.0914022209047965e-05
INFO:cooler._balance:variance is 5.803649986474078e-06
INFO:cooler._balance:chr2
INFO:cooler._balance:variance is 131266.43518617927
INFO:cooler._balance:variance is 13674.440739211841
INFO:cooler._balance:variance is 3644.6309371315565
INFO:cooler._balance:variance is 1300.705919187688
INFO:cooler._balance:variance is 419.25224764645066
INFO:cooler._balance:variance is 146.29897714266488
INFO:cooler._balance:variance is 49.54025038257305
INFO:cooler._balance:variance is 17.260244064857638
INFO:cooler._balance:variance is 5.982980072795515
INFO:cooler._balance:variance is 2.102914994772752
INFO:cooler._balance:variance is 0.7418063897880169
INFO:cooler._balance:variance is 0.2642421934000138
INFO:cooler._balance:variance is 0.09475801439824919
INFO:cooler._balance:variance is 0.03427362908944081
INFO:cooler._balance:variance is 0.012490934796036704
INFO:cooler._balance:variance is 0.004588745672553584
INFO:cooler._balance:variance is 0.0016983300138701122
INFO:cooler._balance:variance is 0.0006331304959938268
INFO:cooler._balance:variance is 0.00023762105558118368
INFO:cooler._balance:variance is 8.974328942585046e-05
INFO:cooler._balance:variance is 3.408839079421694e-05
INFO:cooler._balance:variance is 1.3015692920476577e-05
INFO:cooler._balance:variance is 4.992843087781323e-06
INFO:cooler._balance:chr3
INFO:cooler._balance:variance is 68191.76744892054
INFO:cooler._balance:variance is 13745.444885491544
INFO:cooler._balance:variance is 3590.2010140338907
INFO:cooler._balance:variance is 2071.334617499265
INFO:cooler._balance:variance is 734.7804832871517
INFO:cooler._balance:variance is 366.7987959560065
INFO:cooler._balance:variance is 147.5731475080677
INFO:cooler._balance:variance is 68.90959435872483
INFO:cooler._balance:variance is 29.348746649309703
INFO:cooler._balance:variance is 13.347755477916776
INFO:cooler._balance:variance is 5.843509215389494
INFO:cooler._balance:variance is 2.635118368854536
INFO:cooler._balance:variance is 1.170662325796939
INFO:cooler._balance:variance is 0.527397820584049
INFO:cooler._balance:variance is 0.23637900269513382
INFO:cooler._balance:variance is 0.10670425843404492
INFO:cooler._balance:variance is 0.048114433231764155
INFO:cooler._balance:variance is 0.02178386096724948
INFO:cooler._balance:variance is 0.009867345914734532
INFO:cooler._balance:variance is 0.004481242373306823
INFO:cooler._balance:variance is 0.0020372008199808405
INFO:cooler._balance:variance is 0.0009278413090766682
INFO:cooler._balance:variance is 0.0004230525355446607
INFO:cooler._balance:variance is 0.00019316454388009982
INFO:cooler._balance:variance is 8.828989951497753e-05
INFO:cooler._balance:variance is 4.039984955031626e-05
INFO:cooler._balance:variance is 1.8503073397755774e-05
INFO:cooler._balance:variance is 8.482026654530494e-06
INFO:cooler._balance:chr4
INFO:cooler._balance:variance is 44033.33147947194
INFO:cooler._balance:variance is 9011.773771418775
INFO:cooler._balance:variance is 2247.9744714784033
INFO:cooler._balance:variance is 1462.3584953958589
INFO:cooler._balance:variance is 510.50773578114445
INFO:cooler._balance:variance is 283.84434707503294
INFO:cooler._balance:variance is 116.60361633439837
INFO:cooler._balance:variance is 59.46305387379124
INFO:cooler._balance:variance is 26.38559510108057
INFO:cooler._balance:variance is 12.92238360613449
INFO:cooler._balance:variance is 5.944035546776685
INFO:cooler._balance:variance is 2.859807868937901
INFO:cooler._balance:variance is 1.337840300188597
INFO:cooler._balance:variance is 0.6388653452499778
INFO:cooler._balance:variance is 0.3012878413833019
INFO:cooler._balance:variance is 0.14344612367793308
INFO:cooler._balance:variance is 0.06791807988801389
INFO:cooler._balance:variance is 0.03230139693428251
INFO:cooler._balance:variance is 0.015324863736439383
INFO:cooler._balance:variance is 0.007286131984515694
INFO:cooler._balance:variance is 0.003460496062196425
INFO:cooler._balance:variance is 0.0016452431890282442
INFO:cooler._balance:variance is 0.0007818601407200188
INFO:cooler._balance:variance is 0.0003717515276726395
INFO:cooler._balance:variance is 0.00017672584822401018
INFO:cooler._balance:variance is 8.403549014603527e-05
INFO:cooler._balance:variance is 3.9957532643133224e-05
INFO:cooler._balance:variance is 1.9001843314709693e-05
INFO:cooler._balance:variance is 9.036209307491257e-06
INFO:cooler._balance:chr5
INFO:cooler._balance:variance is 58920.2087599955
INFO:cooler._balance:variance is 7930.685902303923
INFO:cooler._balance:variance is 1907.1517081473912
INFO:cooler._balance:variance is 682.9761267872951
INFO:cooler._balance:variance is 200.1467518163071
INFO:cooler._balance:variance is 68.02882846620571
INFO:cooler._balance:variance is 21.42389631637417
INFO:cooler._balance:variance is 7.144764797101656
INFO:cooler._balance:variance is 2.3206595793063918
INFO:cooler._balance:variance is 0.7708116080822348
INFO:cooler._balance:variance is 0.2539548999957219
INFO:cooler._balance:variance is 0.08443230833914242
INFO:cooler._balance:variance is 0.028018878379704334
INFO:cooler._balance:variance is 0.009335568020404634
INFO:cooler._balance:variance is 0.0031108843400988397
INFO:cooler._balance:variance is 0.0010388023894346437
INFO:cooler._balance:variance is 0.000347127362388224
INFO:cooler._balance:variance is 0.00011615459865065448
INFO:cooler._balance:variance is 3.890237237398508e-05
INFO:cooler._balance:variance is 1.3044244598684009e-05
INFO:cooler._balance:variance is 4.378470201508446e-06
INFO:cooler._balance:chr6
INFO:cooler._balance:variance is 69320.63312830872
INFO:cooler._balance:variance is 18972.54816191424
INFO:cooler._balance:variance is 6948.569245325054
INFO:cooler._balance:variance is 4981.624013608465
INFO:cooler._balance:variance is 2201.7795142216746
INFO:cooler._balance:variance is 1431.4721221992531
INFO:cooler._balance:variance is 695.2110092543908
INFO:cooler._balance:variance is 422.30553798874433
INFO:cooler._balance:variance is 216.72417772147568
INFO:cooler._balance:variance is 126.3987258143895
INFO:cooler._balance:variance is 66.97696363832604
INFO:cooler._balance:variance is 38.15306469782845
INFO:cooler._balance:variance is 20.59028420278969
INFO:cooler._balance:variance is 11.572760207230173
INFO:cooler._balance:variance is 6.310528400406483
INFO:cooler._balance:variance is 3.520062299865878
INFO:cooler._balance:variance is 1.9306445077221535
INFO:cooler._balance:variance is 1.0723626276619234
INFO:cooler._balance:variance is 0.590068570659671
INFO:cooler._balance:variance is 0.32697255020341665
INFO:cooler._balance:variance is 0.18024201222448158
INFO:cooler._balance:variance is 0.09974497348516025
INFO:cooler._balance:variance is 0.05503904820204526
INFO:cooler._balance:variance is 0.03043596473701346
INFO:cooler._balance:variance is 0.01680382468781746
INFO:cooler._balance:variance is 0.009288539014093735
INFO:cooler._balance:variance is 0.005129818432000832
INFO:cooler._balance:variance is 0.0028349358012921696
INFO:cooler._balance:variance is 0.0015659275708072079
INFO:cooler._balance:variance is 0.0008652838888478088
INFO:cooler._balance:variance is 0.00047799999904420224
INFO:cooler._balance:variance is 0.0002641099701151838
INFO:cooler._balance:variance is 0.0001459071736458911
INFO:cooler._balance:variance is 8.061519751184226e-05
INFO:cooler._balance:variance is 4.4537029069643574e-05
INFO:cooler._balance:variance is 2.460664065700556e-05
INFO:cooler._balance:variance is 1.359450937954982e-05
INFO:cooler._balance:variance is 7.5108577868090235e-06
INFO:cooler._balance:chr7
INFO:cooler._balance:variance is 42101.989680698345
INFO:cooler._balance:variance is 4682.684711474063
INFO:cooler._balance:variance is 1408.09308447374
INFO:cooler._balance:variance is 612.4715376136356
INFO:cooler._balance:variance is 224.12483452907406
INFO:cooler._balance:variance is 92.8826875879796
INFO:cooler._balance:variance is 35.818735192034275
INFO:cooler._balance:variance is 14.502305766933304
INFO:cooler._balance:variance is 5.703192208741995
INFO:cooler._balance:variance is 2.287119306249059
INFO:cooler._balance:variance is 0.9064714701202928
INFO:cooler._balance:variance is 0.3621189457659304
INFO:cooler._balance:variance is 0.14397706879047917
INFO:cooler._balance:variance is 0.05742823296026972
INFO:cooler._balance:variance is 0.022863062101639953
INFO:cooler._balance:variance is 0.009113962828907092
INFO:cooler._balance:variance is 0.003630384492470734
INFO:cooler._balance:variance is 0.0014468636863260247
INFO:cooler._balance:variance is 0.0005764660614983377
INFO:cooler._balance:variance is 0.00022972815764727165
INFO:cooler._balance:variance is 9.153876538892515e-05
INFO:cooler._balance:variance is 3.647837154717278e-05
INFO:cooler._balance:variance is 1.4536088598410488e-05
INFO:cooler._balance:variance is 5.792645986749926e-06
INFO:cooler._balance:chrX
INFO:cooler._balance:chr9
INFO:cooler._balance:variance is 28421.78870786501
INFO:cooler._balance:variance is 3660.4438765411405
INFO:cooler._balance:variance is 1312.081423843254
INFO:cooler._balance:variance is 696.6661284954234
INFO:cooler._balance:variance is 350.2755950352901
INFO:cooler._balance:variance is 209.20334725903209
INFO:cooler._balance:variance is 114.93374241605335
INFO:cooler._balance:variance is 71.50935230706759
INFO:cooler._balance:variance is 41.687561613848
INFO:cooler._balance:variance is 26.554230665645274
INFO:cooler._balance:variance is 16.163250216731495
INFO:cooler._balance:variance is 10.442092244896708
INFO:cooler._balance:variance is 6.5451199793463894
INFO:cooler._balance:variance is 4.262996483986905
INFO:cooler._balance:variance is 2.722462334924688
INFO:cooler._balance:variance is 1.7811663775257736
INFO:cooler._balance:variance is 1.1505814146486788
INFO:cooler._balance:variance is 0.7545324221873901
INFO:cooler._balance:variance is 0.49075144142290406
INFO:cooler._balance:variance is 0.32220021529460385
INFO:cooler._balance:variance is 0.21041124214164028
INFO:cooler._balance:variance is 0.1382177558882772
INFO:cooler._balance:variance is 0.0904787255259613
INFO:cooler._balance:variance is 0.059447493406402055
INFO:cooler._balance:variance is 0.03897011730568277
INFO:cooler._balance:variance is 0.025606175867386914
INFO:cooler._balance:variance is 0.016799994203414558
INFO:cooler._balance:variance is 0.01103873176177583
INFO:cooler._balance:variance is 0.0072460760119343924
INFO:cooler._balance:variance is 0.004761014458492487
INFO:cooler._balance:variance is 0.003126190553619403
INFO:cooler._balance:variance is 0.002053982163276817
INFO:cooler._balance:variance is 0.0013489409717841018
INFO:cooler._balance:variance is 0.0008862582915649938
INFO:cooler._balance:variance is 0.0005821109213301498
INFO:cooler._balance:variance is 0.00038243874362571474
INFO:cooler._balance:variance is 0.00025121040043488927
INFO:cooler._balance:variance is 0.00016503846172676877
INFO:cooler._balance:variance is 0.00010841258496397687
INFO:cooler._balance:variance is 7.122310923998826e-05
INFO:cooler._balance:variance is 4.678721575043343e-05
INFO:cooler._balance:variance is 3.0737170879213923e-05
INFO:cooler._balance:variance is 2.0191916386368772e-05
INFO:cooler._balance:variance is 1.326511530452691e-05
INFO:cooler._balance:variance is 8.714236350646738e-06
INFO:cooler._balance:chr8
INFO:cooler._balance:variance is 50250.7177405031
INFO:cooler._balance:variance is 8842.703386346504
INFO:cooler._balance:variance is 1718.7081634902947
INFO:cooler._balance:variance is 978.206147875591
INFO:cooler._balance:variance is 282.6021284944317
INFO:cooler._balance:variance is 134.55831841253837
INFO:cooler._balance:variance is 46.52998735144624
INFO:cooler._balance:variance is 20.10984024423037
INFO:cooler._balance:variance is 7.551849559396154
INFO:cooler._balance:variance is 3.1230927875903203
INFO:cooler._balance:variance is 1.2171162834956584
INFO:cooler._balance:variance is 0.4941602983904676
INFO:cooler._balance:variance is 0.195797897268142
INFO:cooler._balance:variance is 0.07893112548858801
INFO:cooler._balance:variance is 0.03150970302739677
INFO:cooler._balance:variance is 0.012671103438398777
INFO:cooler._balance:variance is 0.005076207442621337
INFO:cooler._balance:variance is 0.002040005878463341
INFO:cooler._balance:variance is 0.0008186936179322445
INFO:cooler._balance:variance is 0.0003290201658216789
INFO:cooler._balance:variance is 0.00013216929078050093
INFO:cooler._balance:variance is 5.3128767892934417e-05
INFO:cooler._balance:variance is 2.1354545972196915e-05
INFO:cooler._balance:variance is 8.586241678384062e-06
INFO:cooler._balance:chr11
INFO:cooler._balance:variance is 43630.29768719059
INFO:cooler._balance:variance is 12090.409004699637
INFO:cooler._balance:variance is 4720.457680892304
INFO:cooler._balance:variance is 3701.8406113417527
INFO:cooler._balance:variance is 1723.6993790426254
INFO:cooler._balance:variance is 1223.337403966254
INFO:cooler._balance:variance is 623.2707000509552
INFO:cooler._balance:variance is 412.4117224198072
INFO:cooler._balance:variance is 222.40214133234085
INFO:cooler._balance:variance is 140.74929017628574
INFO:cooler._balance:variance is 78.6485696406983
INFO:cooler._balance:variance is 48.417403863532606
INFO:cooler._balance:variance is 27.652349181911916
INFO:cooler._balance:variance is 16.738540102219904
INFO:cooler._balance:variance is 9.68723589986619
INFO:cooler._balance:variance is 5.8044350461330545
INFO:cooler._balance:variance is 3.386087660807048
INFO:cooler._balance:variance is 2.0165278905180615
INFO:cooler._balance:variance is 1.181969857874809
INFO:cooler._balance:variance is 0.7013402870689682
INFO:cooler._balance:variance is 0.4122480449730996
INFO:cooler._balance:variance is 0.2440839962214795
INFO:cooler._balance:variance is 0.14371344650770526
INFO:cooler._balance:variance is 0.08498053774884115
INFO:cooler._balance:variance is 0.0500851359582237
INFO:cooler._balance:variance is 0.029593754627737882
INFO:cooler._balance:variance is 0.017451974005365245
INFO:cooler._balance:variance is 0.010307183958735906
INFO:cooler._balance:variance is 0.0060804440809411504
INFO:cooler._balance:variance is 0.0035901703098394004
INFO:cooler._balance:variance is 0.002118358205746802
INFO:cooler._balance:variance is 0.0012505779794838986
INFO:cooler._balance:variance is 0.0007379853347754407
INFO:cooler._balance:variance is 0.00043563094567714684
INFO:cooler._balance:variance is 0.0002570909198794284
INFO:cooler._balance:variance is 0.00015175181013470343
INFO:cooler._balance:variance is 8.956126778104993e-05
INFO:cooler._balance:variance is 5.286318103143466e-05
INFO:cooler._balance:variance is 3.119970374293145e-05
INFO:cooler._balance:variance is 1.8415148171230438e-05
INFO:cooler._balance:variance is 1.0868729597892117e-05
INFO:cooler._balance:variance is 6.415029001570246e-06
INFO:cooler._balance:chr10
INFO:cooler._balance:variance is 42140.10608204539
INFO:cooler._balance:variance is 3736.982716368474
INFO:cooler._balance:variance is 951.518193046429
INFO:cooler._balance:variance is 355.1130361065167
INFO:cooler._balance:variance is 116.39913786726889
INFO:cooler._balance:variance is 42.633256848173616
INFO:cooler._balance:variance is 14.879023391113876
INFO:cooler._balance:variance is 5.39105006070155
INFO:cooler._balance:variance is 1.9212649423997155
INFO:cooler._balance:variance is 0.6938381629934915
INFO:cooler._balance:variance is 0.24920573015273825
INFO:cooler._balance:variance is 0.08994472421615082
INFO:cooler._balance:variance is 0.03240802891915567
INFO:cooler._balance:variance is 0.011698948901352153
INFO:cooler._balance:variance is 0.004221261132659704
INFO:cooler._balance:variance is 0.0015243332995492809
INFO:cooler._balance:variance is 0.000550423278049762
INFO:cooler._balance:variance is 0.00019882997513752596
INFO:cooler._balance:variance is 7.183008651680809e-05
INFO:cooler._balance:variance is 2.595605037550547e-05
INFO:cooler._balance:variance is 9.380705121225084e-06
INFO:cooler._balance:chr12
INFO:cooler._balance:variance is 43241.595932375
INFO:cooler._balance:variance is 6846.198092428769
INFO:cooler._balance:variance is 2593.514478219461
INFO:cooler._balance:variance is 1383.4467564808317
INFO:cooler._balance:variance is 605.6739948564903
INFO:cooler._balance:variance is 310.58983492484765
INFO:cooler._balance:variance is 143.62522397599164
INFO:cooler._balance:variance is 71.91983459870126
INFO:cooler._balance:variance is 34.15670179823422
INFO:cooler._balance:variance is 16.884502362267206
INFO:cooler._balance:variance is 8.126258789440781
INFO:cooler._balance:variance is 3.9899421672746618
INFO:cooler._balance:variance is 1.9330387480037499
INFO:cooler._balance:variance is 0.9458289798506319
INFO:cooler._balance:variance is 0.4597342623556438
INFO:cooler._balance:variance is 0.22455385758678148
INFO:cooler._balance:variance is 0.109323698010165
INFO:cooler._balance:variance is 0.05335186577405723
INFO:cooler._balance:variance is 0.025994829653816904
INFO:cooler._balance:variance is 0.012680458653927225
INFO:cooler._balance:variance is 0.006180744197289697
INFO:cooler._balance:variance is 0.0030143698033133996
INFO:cooler._balance:variance is 0.0014695515898722616
INFO:cooler._balance:variance is 0.0007166306346190086
INFO:cooler._balance:variance is 0.00034940093273216357
INFO:cooler._balance:variance is 0.00017037759256347175
INFO:cooler._balance:variance is 8.307319847925152e-05
INFO:cooler._balance:variance is 4.050779089840073e-05
INFO:cooler._balance:variance is 1.9751345523388826e-05
INFO:cooler._balance:variance is 9.630948455542358e-06
INFO:cooler._balance:chr13
INFO:cooler._balance:variance is 146350.61012201462
INFO:cooler._balance:variance is 3413.750020666353
INFO:cooler._balance:variance is 796.1406948061075
INFO:cooler._balance:variance is 313.9645946670264
INFO:cooler._balance:variance is 99.02920111918009
INFO:cooler._balance:variance is 36.294047845758286
INFO:cooler._balance:variance is 12.47946214787685
INFO:cooler._balance:variance is 4.499527791960833
INFO:cooler._balance:variance is 1.599328166711354
INFO:cooler._balance:variance is 0.5786859469339654
INFO:cooler._balance:variance is 0.20937281746869277
INFO:cooler._balance:variance is 0.07644895766634888
INFO:cooler._balance:variance is 0.02802194203604703
INFO:cooler._balance:variance is 0.010337954888503833
INFO:cooler._balance:variance is 0.0038321992904443306
INFO:cooler._balance:variance is 0.0014283130493243732
INFO:cooler._balance:variance is 0.000534897952182645
INFO:cooler._balance:variance is 0.00020128321196228991
INFO:cooler._balance:variance is 7.60787616049709e-05
INFO:cooler._balance:variance is 2.8877719213599783e-05
INFO:cooler._balance:variance is 1.1004402720569964e-05
INFO:cooler._balance:variance is 4.208871234580168e-06
INFO:cooler._balance:chr14
INFO:cooler._balance:variance is 36487.863263967134
INFO:cooler._balance:variance is 4957.8527368705545
INFO:cooler._balance:variance is 1301.5112115547615
INFO:cooler._balance:variance is 539.5910446994992
INFO:cooler._balance:variance is 191.6812398443246
INFO:cooler._balance:variance is 82.46011192404559
INFO:cooler._balance:variance is 33.63510015053766
INFO:cooler._balance:variance is 14.919005108174936
INFO:cooler._balance:variance is 6.588951365369222
INFO:cooler._balance:variance is 3.029568196481911
INFO:cooler._balance:variance is 1.406651943190804
INFO:cooler._balance:variance is 0.6674876000454674
INFO:cooler._balance:variance is 0.3199801576880713
INFO:cooler._balance:variance is 0.15531151458363243
INFO:cooler._balance:variance is 0.07593489807831344
INFO:cooler._balance:variance is 0.03739196029375094
INFO:cooler._balance:variance is 0.0184960604901805
INFO:cooler._balance:variance is 0.00918617580976891
INFO:cooler._balance:variance is 0.004574431800819217
INFO:cooler._balance:variance is 0.0022830694053147774
INFO:cooler._balance:variance is 0.001141169281684229
INFO:cooler._balance:variance is 0.0005711135283954239
INFO:cooler._balance:variance is 0.0002860594607703682
INFO:cooler._balance:variance is 0.00014337965937685524
INFO:cooler._balance:variance is 7.189828213133482e-05
INFO:cooler._balance:variance is 3.6067180843313e-05
INFO:cooler._balance:variance is 1.8097383818744914e-05
INFO:cooler._balance:variance is 9.082559478980026e-06
INFO:cooler._balance:chr15
INFO:cooler._balance:variance is 31110.033270121912
INFO:cooler._balance:variance is 1673.2021845481197
INFO:cooler._balance:variance is 342.52126335700893
INFO:cooler._balance:variance is 89.7865043330896
INFO:cooler._balance:variance is 23.957785807181203
INFO:cooler._balance:variance is 6.714739669976486
INFO:cooler._balance:variance is 1.8904193449354563
INFO:cooler._balance:variance is 0.5420019680823107
INFO:cooler._balance:variance is 0.15624036721638157
INFO:cooler._balance:variance is 0.04550898072618971
INFO:cooler._balance:variance is 0.013358561657401529
INFO:cooler._balance:variance is 0.003964247787020699
INFO:cooler._balance:variance is 0.001191655184031753
INFO:cooler._balance:variance is 0.00036451103277083046
INFO:cooler._balance:variance is 0.00011406340832199916
INFO:cooler._balance:variance is 3.6756705959230335e-05
INFO:cooler._balance:variance is 1.2279314934035561e-05
INFO:cooler._balance:variance is 4.2760753083017735e-06
INFO:cooler._balance:chr16
INFO:cooler._balance:variance is 127234.04334309946
INFO:cooler._balance:variance is 4767.723782241876
INFO:cooler._balance:variance is 1698.0418046087725
INFO:cooler._balance:variance is 1199.7455439611006
INFO:cooler._balance:variance is 569.546637839655
INFO:cooler._balance:variance is 390.1356629956553
INFO:cooler._balance:variance is 208.60644847306563
INFO:cooler._balance:variance is 136.91765741766437
INFO:cooler._balance:variance is 77.70098648088164
INFO:cooler._balance:variance is 49.55442928500525
INFO:cooler._balance:variance is 29.013941586521252
INFO:cooler._balance:variance is 18.178234980400774
INFO:cooler._balance:variance is 10.82633161768109
INFO:cooler._balance:variance is 6.710406170969878
INFO:cooler._balance:variance is 4.035140074412383
INFO:cooler._balance:variance is 2.4848370918346103
INFO:cooler._balance:variance is 1.5025366561475642
INFO:cooler._balance:variance is 0.9216217454013113
INFO:cooler._balance:variance is 0.5591156371845977
INFO:cooler._balance:variance is 0.34213023704004364
INFO:cooler._balance:variance is 0.20796312215602297
INFO:cooler._balance:variance is 0.12707082785427853
INFO:cooler._balance:variance is 0.07733000046848057
INFO:cooler._balance:variance is 0.047208942378449054
INFO:cooler._balance:variance is 0.028749628052036562
INFO:cooler._balance:variance is 0.017541842844873076
INFO:cooler._balance:variance is 0.010687304426516999
INFO:cooler._balance:variance is 0.006518821682379337
INFO:cooler._balance:variance is 0.0039725946987005665
INFO:cooler._balance:variance is 0.0024226385661916747
INFO:cooler._balance:variance is 0.0014765968313739807
INFO:cooler._balance:variance is 0.0009003752601203371
INFO:cooler._balance:variance is 0.0005488305776501223
INFO:cooler._balance:variance is 0.0003346322325624933
INFO:cooler._balance:variance is 0.0002039894639801265
INFO:cooler._balance:variance is 0.00012437056576765744
INFO:cooler._balance:variance is 7.581810605674886e-05
INFO:cooler._balance:variance is 4.622435473503015e-05
INFO:cooler._balance:variance is 2.8179645941209594e-05
INFO:cooler._balance:variance is 1.7180119267007757e-05
INFO:cooler._balance:variance is 1.0473613606695734e-05
INFO:cooler._balance:variance is 6.3853212175672316e-06
INFO:cooler._balance:chr17
INFO:cooler._balance:variance is 23157.430830925423
INFO:cooler._balance:variance is 3329.8882594458523
INFO:cooler._balance:variance is 1274.6897048065698
INFO:cooler._balance:variance is 720.2682692923478
INFO:cooler._balance:variance is 353.34236437551004
INFO:cooler._balance:variance is 198.63865370557468
INFO:cooler._balance:variance is 104.2708816705954
INFO:cooler._balance:variance is 57.92053278456056
INFO:cooler._balance:variance is 31.18114652978298
INFO:cooler._balance:variance is 17.21081979778085
INFO:cooler._balance:variance is 9.361182433457458
INFO:cooler._balance:variance is 5.151035783725103
INFO:cooler._balance:variance is 2.8142923746979647
INFO:cooler._balance:variance is 1.5462378377876256
INFO:cooler._balance:variance is 0.8465339643192115
INFO:cooler._balance:variance is 0.46475668452168023
INFO:cooler._balance:variance is 0.2546961372890373
INFO:cooler._balance:variance is 0.13977809164497615
INFO:cooler._balance:variance is 0.07663880039170184
INFO:cooler._balance:variance is 0.04205146068746783
INFO:cooler._balance:variance is 0.02306212228418647
INFO:cooler._balance:variance is 0.012652834826587592
INFO:cooler._balance:variance is 0.00694004922034767
INFO:cooler._balance:variance is 0.0038073966305127095
INFO:cooler._balance:variance is 0.002088491462685441
INFO:cooler._balance:variance is 0.0011457400822724505
INFO:cooler._balance:variance is 0.0006285019814951067
INFO:cooler._balance:variance is 0.0003447891366202639
INFO:cooler._balance:variance is 0.00018913970943548866
INFO:cooler._balance:variance is 0.00010375909443731958
INFO:cooler._balance:variance is 5.6919355873893324e-05
INFO:cooler._balance:variance is 3.1224936903493993e-05
INFO:cooler._balance:variance is 1.7129232744438327e-05
INFO:cooler._balance:variance is 9.396767896688656e-06
INFO:cooler._balance:chr18
INFO:cooler._balance:variance is 27054.149928907776
INFO:cooler._balance:variance is 2073.2527869027326
INFO:cooler._balance:variance is 552.6518602963938
INFO:cooler._balance:variance is 175.432575220402
INFO:cooler._balance:variance is 53.94132908627217
INFO:cooler._balance:variance is 17.363639784844505
INFO:cooler._balance:variance is 5.514990620631695
INFO:cooler._balance:variance is 1.7790805955721747
INFO:cooler._balance:variance is 0.5714406934500992
INFO:cooler._balance:variance is 0.18453462193030146
INFO:cooler._balance:variance is 0.059520184165021174
INFO:cooler._balance:variance is 0.01923446122796446
INFO:cooler._balance:variance is 0.006214168428376649
INFO:cooler._balance:variance is 0.002009064042590186
INFO:cooler._balance:variance is 0.0006495279241108093
INFO:cooler._balance:variance is 0.00021004970510782588
INFO:cooler._balance:variance is 6.792966726589754e-05
INFO:cooler._balance:variance is 2.197083220503375e-05
INFO:cooler._balance:variance is 7.106334397715803e-06
INFO:cooler._balance:chr20
INFO:cooler._balance:variance is 22943.867891399583
INFO:cooler._balance:variance is 2578.5406325219146
INFO:cooler._balance:variance is 727.0169165108979
INFO:cooler._balance:variance is 338.5241298736432
INFO:cooler._balance:variance is 128.81236424079643
INFO:cooler._balance:variance is 61.68441758503829
INFO:cooler._balance:variance is 27.672374788278926
INFO:cooler._balance:variance is 13.949812417192394
INFO:cooler._balance:variance is 6.964707976820648
INFO:cooler._balance:variance is 3.6798683032409634
INFO:cooler._balance:variance is 1.9511922845227385
INFO:cooler._balance:variance is 1.0613987356543557
INFO:cooler._balance:variance is 0.5795707687877781
INFO:cooler._balance:variance is 0.31997963583297523
INFO:cooler._balance:variance is 0.1770460056651406
INFO:cooler._balance:variance is 0.09841863463704635
INFO:cooler._balance:variance is 0.05476753118333358
INFO:cooler._balance:variance is 0.03053712457817116
INFO:cooler._balance:variance is 0.017034629894325175
INFO:cooler._balance:variance is 0.009510537429075788
INFO:cooler._balance:variance is 0.0053107973179878885
INFO:cooler._balance:variance is 0.0029667040396191145
INFO:cooler._balance:variance is 0.0016573741129230803
INFO:cooler._balance:variance is 0.000926056707826805
INFO:cooler._balance:variance is 0.0005174469629426842
INFO:cooler._balance:variance is 0.0002891518687396536
INFO:cooler._balance:variance is 0.00016158069651358702
INFO:cooler._balance:variance is 9.029582066310322e-05
INFO:cooler._balance:variance is 5.045989626392792e-05
INFO:cooler._balance:variance is 2.81988880001986e-05
INFO:cooler._balance:variance is 1.5758588889453166e-05
INFO:cooler._balance:variance is 8.806554039052441e-06
INFO:cooler._balance:chrY
INFO:cooler._balance:chr19
INFO:cooler._balance:variance is 27143.32894703433
INFO:cooler._balance:variance is 3738.257242240072
INFO:cooler._balance:variance is 1294.0049696145797
INFO:cooler._balance:variance is 705.967917380709
INFO:cooler._balance:variance is 300.1522303619517
INFO:cooler._balance:variance is 162.31254534493002
INFO:cooler._balance:variance is 77.06130936404699
INFO:cooler._balance:variance is 41.29423985787754
INFO:cooler._balance:variance is 20.79093593808509
INFO:cooler._balance:variance is 11.102707316639272
INFO:cooler._balance:variance is 5.757715063792632
INFO:cooler._balance:variance is 3.0721955317845335
INFO:cooler._balance:variance is 1.616601564976918
INFO:cooler._balance:variance is 0.8625781512048987
INFO:cooler._balance:variance is 0.45715913392707314
INFO:cooler._balance:variance is 0.24396289381266467
INFO:cooler._balance:variance is 0.1297572396221596
INFO:cooler._balance:variance is 0.06925273228038205
INFO:cooler._balance:variance is 0.03689865117664075
INFO:cooler._balance:variance is 0.01969445485892555
INFO:cooler._balance:variance is 0.010502712722289614
INFO:cooler._balance:variance is 0.005605941874506712
INFO:cooler._balance:variance is 0.0029908867266200782
INFO:cooler._balance:variance is 0.0015964404382698134
INFO:cooler._balance:variance is 0.0008519273491023399
INFO:cooler._balance:variance is 0.00045473372795431995
INFO:cooler._balance:variance is 0.00024269301319020394
INFO:cooler._balance:variance is 0.00012954246412241532
INFO:cooler._balance:variance is 6.914137732799417e-05
INFO:cooler._balance:variance is 3.690563174599591e-05
INFO:cooler._balance:variance is 1.9698437065513854e-05
INFO:cooler._balance:variance is 1.051443698374914e-05
INFO:cooler._balance:variance is 5.612185055880202e-06
INFO:cooler._balance:chr22
INFO:cooler._balance:variance is 17983.298177597833
INFO:cooler._balance:variance is 1948.841720320656
INFO:cooler._balance:variance is 423.1230288636534
INFO:cooler._balance:variance is 128.48537079225375
INFO:cooler._balance:variance is 37.24436221586584
INFO:cooler._balance:variance is 11.973050362911728
INFO:cooler._balance:variance is 3.9146773704209017
INFO:cooler._balance:variance is 1.3649186338901065
INFO:cooler._balance:variance is 0.49560647574465516
INFO:cooler._balance:variance is 0.19067950327809344
INFO:cooler._balance:variance is 0.07716240531601139
INFO:cooler._balance:variance is 0.03298838675659625
INFO:cooler._balance:variance is 0.014821189418324436
INFO:cooler._balance:variance is 0.006972214605138414
INFO:cooler._balance:variance is 0.0034110366782704733
INFO:cooler._balance:variance is 0.0017232281697679855
INFO:cooler._balance:variance is 0.0008931135239625915
INFO:cooler._balance:variance is 0.0004718704229046649
INFO:cooler._balance:variance is 0.0002529841836369872
INFO:cooler._balance:variance is 0.0001370581285729286
INFO:cooler._balance:variance is 7.483282911568689e-05
INFO:cooler._balance:variance is 4.107951310665362e-05
INFO:cooler._balance:variance is 2.264063725230024e-05
INFO:cooler._balance:variance is 1.2512269844618667e-05
INFO:cooler._balance:variance is 6.9287870846393496e-06
INFO:cooler._balance:chr21
INFO:cooler._balance:variance is 18863.99806495203
INFO:cooler._balance:variance is 2925.2568526054656
INFO:cooler._balance:variance is 835.3087602655381
INFO:cooler._balance:variance is 361.7716933189201
INFO:cooler._balance:variance is 147.78192891492176
INFO:cooler._balance:variance is 76.98765409332884
INFO:cooler._balance:variance is 41.64168888594864
INFO:cooler._balance:variance is 25.900944121076897
INFO:cooler._balance:variance is 16.671513090261058
INFO:cooler._balance:variance is 11.463528233325162
INFO:cooler._balance:variance is 7.932855087768228
INFO:cooler._balance:variance is 5.669319202364014
INFO:cooler._balance:variance is 4.026036800146229
INFO:cooler._balance:variance is 2.9139281469756417
INFO:cooler._balance:variance is 2.0898321091852727
INFO:cooler._balance:variance is 1.5183092283266324
INFO:cooler._balance:variance is 1.0937951907370427
INFO:cooler._balance:variance is 0.7953702982189854
INFO:cooler._balance:variance is 0.5743779282985139
INFO:cooler._balance:variance is 0.41764655398256423
INFO:cooler._balance:variance is 0.30205305472929683
INFO:cooler._balance:variance is 0.21956082607262434
INFO:cooler._balance:variance is 0.1589478300828682
INFO:cooler._balance:variance is 0.11549666423129766
INFO:cooler._balance:variance is 0.08366810247018991
INFO:cooler._balance:variance is 0.060776282853387494
INFO:cooler._balance:variance is 0.04404811059093838
INFO:cooler._balance:variance is 0.03198790770791341
INFO:cooler._balance:variance is 0.023191130200790562
INFO:cooler._balance:variance is 0.016837957745454973
INFO:cooler._balance:variance is 0.01221032002286279
INFO:cooler._balance:variance is 0.008863896927760951
INFO:cooler._balance:variance is 0.006428873122161649
INFO:cooler._balance:variance is 0.004666376651279002
INFO:cooler._balance:variance is 0.0033848695891714616
INFO:cooler._balance:variance is 0.0024566740052331085
INFO:cooler._balance:variance is 0.0017821615130438572
INFO:cooler._balance:variance is 0.0012933721562284923
INFO:cooler._balance:variance is 0.0009383178298165724
INFO:cooler._balance:variance is 0.0006809338874547265
INFO:cooler._balance:variance is 0.0004940271827273184
INFO:cooler._balance:variance is 0.0003585007539245856
INFO:cooler._balance:variance is 0.0002601057876271375
INFO:cooler._balance:variance is 0.0001887459838841767
INFO:cooler._balance:variance is 0.00013694551726737094
INFO:cooler._balance:variance is 9.93727048699344e-05
INFO:cooler._balance:variance is 7.21015441694026e-05
INFO:cooler._balance:variance is 5.2318793913536125e-05
INFO:cooler._balance:variance is 3.796124998275353e-05
INFO:cooler._balance:variance is 2.7545407223112556e-05
INFO:cooler._balance:variance is 1.998645807456317e-05
INFO:cooler._balance:variance is 1.4502446822807028e-05
INFO:cooler._balance:variance is 1.0522785519845391e-05
INFO:cooler._balance:variance is 7.635435309964825e-06
INFO:cooler._balance:chrM
