INFO:cooler.cli.balance:Balancing "analysis_other/porec/T2T00_2.hp1/cooler/T2T00_2.hp1_25000_balanced.cool"
INFO:cooler._balance:chr1
INFO:cooler._balance:variance is 25595905.991369445
INFO:cooler._balance:variance is 212564.0036390968
INFO:cooler._balance:variance is 57915.3078064869
INFO:cooler._balance:variance is 22721.42185908628
INFO:cooler._balance:variance is 9052.67592768419
INFO:cooler._balance:variance is 4013.417145675998
INFO:cooler._balance:variance is 1786.7702270345687
INFO:cooler._balance:variance is 823.0970880260849
INFO:cooler._balance:variance is 377.7297926052956
INFO:cooler._balance:variance is 175.47856262144836
INFO:cooler._balance:variance is 81.22345966661287
INFO:cooler._balance:variance is 37.779361475786864
INFO:cooler._balance:variance is 17.53392735806605
INFO:cooler._balance:variance is 8.154674035263042
INFO:cooler._balance:variance is 3.7882724972627866
INFO:cooler._balance:variance is 1.7614755679329968
INFO:cooler._balance:variance is 0.8185974313384617
INFO:cooler._balance:variance is 0.3805799779521787
INFO:cooler._balance:variance is 0.1768911474369407
INFO:cooler._balance:variance is 0.08223366995912956
INFO:cooler._balance:variance is 0.03822423927542567
INFO:cooler._balance:variance is 0.017769144841802184
INFO:cooler._balance:variance is 0.008259784746763556
INFO:cooler._balance:variance is 0.003839624517532552
INFO:cooler._balance:variance is 0.001784830144275885
INFO:cooler._balance:variance is 0.0008296851071357418
INFO:cooler._balance:variance is 0.0003856773695220507
INFO:cooler._balance:variance is 0.00017928289450677275
INFO:cooler._balance:variance is 8.333951615015172e-05
INFO:cooler._balance:variance is 3.87404691805993e-05
INFO:cooler._balance:variance is 1.8008501537180494e-05
INFO:cooler._balance:variance is 8.371265307895394e-06
INFO:cooler._balance:chr2
INFO:cooler._balance:variance is 1203591.3346749826
INFO:cooler._balance:variance is 173387.49515253957
INFO:cooler._balance:variance is 39575.75588166375
INFO:cooler._balance:variance is 11081.30538335806
INFO:cooler._balance:variance is 3002.396863184859
INFO:cooler._balance:variance is 850.6589757093911
INFO:cooler._balance:variance is 239.55902286354873
INFO:cooler._balance:variance is 68.47293338371999
INFO:cooler._balance:variance is 19.61100094940266
INFO:cooler._balance:variance is 5.659488838928081
INFO:cooler._balance:variance is 1.6399651582024897
INFO:cooler._balance:variance is 0.47782315311034346
INFO:cooler._balance:variance is 0.13983070869246414
INFO:cooler._balance:variance is 0.04110760679263161
INFO:cooler._balance:variance is 0.012134350614445833
INFO:cooler._balance:variance is 0.0035959895973416544
INFO:cooler._balance:variance is 0.0010695027824323266
INFO:cooler._balance:variance is 0.0003191526348646396
INFO:cooler._balance:variance is 9.553017730502226e-05
INFO:cooler._balance:variance is 2.8674364780852585e-05
INFO:cooler._balance:variance is 8.62865073449856e-06
INFO:cooler._balance:chr3
INFO:cooler._balance:variance is 767134.9328721227
INFO:cooler._balance:variance is 184340.91619042365
INFO:cooler._balance:variance is 44286.35208726898
INFO:cooler._balance:variance is 16937.77961339243
INFO:cooler._balance:variance is 5205.46898428632
INFO:cooler._balance:variance is 1853.746568688604
INFO:cooler._balance:variance is 613.660528749026
INFO:cooler._balance:variance is 213.6113880749458
INFO:cooler._balance:variance is 72.67474263045222
INFO:cooler._balance:variance is 25.183542734731542
INFO:cooler._balance:variance is 8.672094367059124
INFO:cooler._balance:variance is 3.0086469418798925
INFO:cooler._balance:variance is 1.0427909895168697
INFO:cooler._balance:variance is 0.36270857316426397
INFO:cooler._balance:variance is 0.12623099435312363
INFO:cooler._balance:variance is 0.044018545237154344
INFO:cooler._balance:variance is 0.015363487071059478
INFO:cooler._balance:variance is 0.005369065668825428
INFO:cooler._balance:variance is 0.0018778790212300273
INFO:cooler._balance:variance is 0.0006573929094485685
INFO:cooler._balance:variance is 0.00023029207743840066
INFO:cooler._balance:variance is 8.072660325833319e-05
INFO:cooler._balance:variance is 2.831307113807972e-05
INFO:cooler._balance:variance is 9.935008645207731e-06
INFO:cooler._balance:chr4
INFO:cooler._balance:variance is 829577.7559462229
INFO:cooler._balance:variance is 152152.30767264843
INFO:cooler._balance:variance is 31996.482662507115
INFO:cooler._balance:variance is 10541.514729352855
INFO:cooler._balance:variance is 3012.1122874207563
INFO:cooler._balance:variance is 988.6075835480741
INFO:cooler._balance:variance is 313.9146276763063
INFO:cooler._balance:variance is 104.2194063980013
INFO:cooler._balance:variance is 34.435031235107765
INFO:cooler._balance:variance is 11.553651031322877
INFO:cooler._balance:variance is 3.8787470447719543
INFO:cooler._balance:variance is 1.3095940122561813
INFO:cooler._balance:variance is 0.44260278750355225
INFO:cooler._balance:variance is 0.14992225544326612
INFO:cooler._balance:variance is 0.05081613114514429
INFO:cooler._balance:variance is 0.017240061832639063
INFO:cooler._balance:variance is 0.005851005650897923
INFO:cooler._balance:variance is 0.001986522021714036
INFO:cooler._balance:variance is 0.0006745818123253807
INFO:cooler._balance:variance is 0.00022911345649705316
INFO:cooler._balance:variance is 7.782247166294422e-05
INFO:cooler._balance:variance is 2.6435812628904275e-05
INFO:cooler._balance:variance is 8.980465481747762e-06
INFO:cooler._balance:chr5
INFO:cooler._balance:variance is 929127.2334330382
INFO:cooler._balance:variance is 147713.95408668497
INFO:cooler._balance:variance is 31942.44330942903
INFO:cooler._balance:variance is 8031.065956808988
INFO:cooler._balance:variance is 2077.3145856086394
INFO:cooler._balance:variance is 579.706401521235
INFO:cooler._balance:variance is 169.43630538884864
INFO:cooler._balance:variance is 52.485839741657536
INFO:cooler._balance:variance is 16.931545152268587
INFO:cooler._balance:variance is 5.679202616644671
INFO:cooler._balance:variance is 1.9571883210060081
INFO:cooler._balance:variance is 0.6897353250840403
INFO:cooler._balance:variance is 0.24682972727115404
INFO:cooler._balance:variance is 0.08936694815808097
INFO:cooler._balance:variance is 0.032616210476246826
INFO:cooler._balance:variance is 0.011973568569958628
INFO:cooler._balance:variance is 0.004413278091587617
INFO:cooler._balance:variance is 0.001631349122037221
INFO:cooler._balance:variance is 0.0006042238752153125
INFO:cooler._balance:variance is 0.00022410988293342438
INFO:cooler._balance:variance is 8.320518992186482e-05
INFO:cooler._balance:variance is 3.0912924377658726e-05
INFO:cooler._balance:variance is 1.1490514542286149e-05
INFO:cooler._balance:variance is 4.272541571843413e-06
INFO:cooler._balance:chr6
INFO:cooler._balance:variance is 822308.7563525145
INFO:cooler._balance:variance is 266118.5499512725
INFO:cooler._balance:variance is 94271.14862708372
INFO:cooler._balance:variance is 55949.04255696237
INFO:cooler._balance:variance is 23185.95156520666
INFO:cooler._balance:variance is 12643.137530901791
INFO:cooler._balance:variance is 5669.663959844346
INFO:cooler._balance:variance is 2933.827948350436
INFO:cooler._balance:variance is 1372.251427527791
INFO:cooler._balance:variance is 690.4697212246513
INFO:cooler._balance:variance is 330.10171370042065
INFO:cooler._balance:variance is 163.7163410471326
INFO:cooler._balance:variance is 79.14588238771614
INFO:cooler._balance:variance is 38.967618902138476
INFO:cooler._balance:variance is 18.943702141524145
INFO:cooler._balance:variance is 9.293001333637392
INFO:cooler._balance:variance is 4.5302575936843725
INFO:cooler._balance:variance is 2.2183370104804068
INFO:cooler._balance:variance is 1.0829060841228446
INFO:cooler._balance:variance is 0.5297937855706654
INFO:cooler._balance:variance is 0.25879980923603396
INFO:cooler._balance:variance is 0.12655773077703392
INFO:cooler._balance:variance is 0.06184294570540128
INFO:cooler._balance:variance is 0.03023575955505033
INFO:cooler._balance:variance is 0.014777236077458521
INFO:cooler._balance:variance is 0.007224001132376062
INFO:cooler._balance:variance is 0.0035308953546215388
INFO:cooler._balance:variance is 0.0017260240282473715
INFO:cooler._balance:variance is 0.0008436666353686629
INFO:cooler._balance:variance is 0.0004124029810352498
INFO:cooler._balance:variance is 0.00020158311396671407
INFO:cooler._balance:variance is 9.85370719977253e-05
INFO:cooler._balance:variance is 4.8165500236928456e-05
INFO:cooler._balance:variance is 2.3543928354862478e-05
INFO:cooler._balance:variance is 1.1508463346941982e-05
INFO:cooler._balance:variance is 5.6254710547438635e-06
INFO:cooler._balance:chr7
INFO:cooler._balance:variance is 696788.7316413885
INFO:cooler._balance:variance is 102863.26907485884
INFO:cooler._balance:variance is 24142.30020198426
INFO:cooler._balance:variance is 7385.936397457217
INFO:cooler._balance:variance is 2081.0792791834388
INFO:cooler._balance:variance is 626.4505959274513
INFO:cooler._balance:variance is 184.0692290436933
INFO:cooler._balance:variance is 55.10342840520045
INFO:cooler._balance:variance is 16.38053491177039
INFO:cooler._balance:variance is 4.89607779177034
INFO:cooler._balance:variance is 1.4604613823193542
INFO:cooler._balance:variance is 0.43636619679347355
INFO:cooler._balance:variance is 0.1303090613977411
INFO:cooler._balance:variance is 0.03893458775560115
INFO:cooler._balance:variance is 0.011631911544265502
INFO:cooler._balance:variance is 0.0034758694106554362
INFO:cooler._balance:variance is 0.0010386979450028142
INFO:cooler._balance:variance is 0.0003104358493604966
INFO:cooler._balance:variance is 9.278701456350564e-05
INFO:cooler._balance:variance is 2.773633555257929e-05
INFO:cooler._balance:variance is 8.291845674075122e-06
INFO:cooler._balance:chrX
INFO:cooler._balance:variance is 679794.8397602448
INFO:cooler._balance:variance is 22272.152452190865
INFO:cooler._balance:variance is 2230.0864462033355
INFO:cooler._balance:variance is 251.5008509972445
INFO:cooler._balance:variance is 31.19593004078731
INFO:cooler._balance:variance is 4.490811829743896
INFO:cooler._balance:variance is 0.7790249373080738
INFO:cooler._balance:variance is 0.16113705625097371
INFO:cooler._balance:variance is 0.037624835713719516
INFO:cooler._balance:variance is 0.009392852201090719
INFO:cooler._balance:variance is 0.00242145472272549
INFO:cooler._balance:variance is 0.0006334216216955542
INFO:cooler._balance:variance is 0.00016676076197788192
INFO:cooler._balance:variance is 4.402707785378932e-05
INFO:cooler._balance:variance is 1.1638022411420755e-05
INFO:cooler._balance:variance is 3.078039928116232e-06
INFO:cooler._balance:chr9
INFO:cooler._balance:variance is 508109.6266625991
INFO:cooler._balance:variance is 110644.03888136244
INFO:cooler._balance:variance is 42299.28779183605
INFO:cooler._balance:variance is 17996.628520867856
INFO:cooler._balance:variance is 7528.763262093756
INFO:cooler._balance:variance is 3257.7196046735708
INFO:cooler._balance:variance is 1397.6123743416324
INFO:cooler._balance:variance is 612.9090593860662
INFO:cooler._balance:variance is 268.4915502899286
INFO:cooler._balance:variance is 119.98344889221102
INFO:cooler._balance:variance is 53.945857687657
INFO:cooler._balance:variance is 24.77945076829941
INFO:cooler._balance:variance is 11.531684061232752
INFO:cooler._balance:variance is 5.495481398131978
INFO:cooler._balance:variance is 2.6670816383931433
INFO:cooler._balance:variance is 1.326414949873056
INFO:cooler._balance:variance is 0.672863125565969
INFO:cooler._balance:variance is 0.3489286986623725
INFO:cooler._balance:variance is 0.18415441772063054
INFO:cooler._balance:variance is 0.09887714584242595
INFO:cooler._balance:variance is 0.05379881294327881
INFO:cooler._balance:variance is 0.029622135727152304
INFO:cooler._balance:variance is 0.01645604520528231
INFO:cooler._balance:variance is 0.009211043313798638
INFO:cooler._balance:variance is 0.005184287964199493
INFO:cooler._balance:variance is 0.00293108919151402
INFO:cooler._balance:variance is 0.0016625878498250147
INFO:cooler._balance:variance is 0.000945524969531601
INFO:cooler._balance:variance is 0.000538733106658377
INFO:cooler._balance:variance is 0.000307408685531332
INFO:cooler._balance:variance is 0.00017559693410631482
INFO:cooler._balance:variance is 0.00010038694164688591
INFO:cooler._balance:variance is 5.742403100463052e-05
INFO:cooler._balance:variance is 3.286322879191297e-05
INFO:cooler._balance:variance is 1.881348176344989e-05
INFO:cooler._balance:variance is 1.0773061047259433e-05
INFO:cooler._balance:variance is 6.170039899779384e-06
INFO:cooler._balance:chr8
INFO:cooler._balance:variance is 501479.72150950995
INFO:cooler._balance:variance is 63246.91749324273
INFO:cooler._balance:variance is 13954.817211949317
INFO:cooler._balance:variance is 3702.3194536726396
INFO:cooler._balance:variance is 985.7128749550764
INFO:cooler._balance:variance is 277.09064258992726
INFO:cooler._balance:variance is 78.89230283618605
INFO:cooler._balance:variance is 23.07541209276106
INFO:cooler._balance:variance is 6.847720944051001
INFO:cooler._balance:variance is 2.0663383112554063
INFO:cooler._balance:variance is 0.6310454801621873
INFO:cooler._balance:variance is 0.1948533446966541
INFO:cooler._balance:variance is 0.06068435005871125
INFO:cooler._balance:variance is 0.019035205131983802
INFO:cooler._balance:variance is 0.006004653243868281
INFO:cooler._balance:variance is 0.0019027340975036116
INFO:cooler._balance:variance is 0.0006050657598241833
INFO:cooler._balance:variance is 0.00019294254590315044
INFO:cooler._balance:variance is 6.165756080894045e-05
INFO:cooler._balance:variance is 1.9736339691573412e-05
INFO:cooler._balance:variance is 6.325635596508599e-06
INFO:cooler._balance:chr11
INFO:cooler._balance:variance is 576234.1470693462
INFO:cooler._balance:variance is 170816.46466353795
INFO:cooler._balance:variance is 62730.02779120479
INFO:cooler._balance:variance is 38177.21612624952
INFO:cooler._balance:variance is 16917.82409852222
INFO:cooler._balance:variance is 9591.371997150807
INFO:cooler._balance:variance is 4571.939890326454
INFO:cooler._balance:variance is 2474.15353872501
INFO:cooler._balance:variance is 1222.8888602694367
INFO:cooler._balance:variance is 645.3408363878905
INFO:cooler._balance:variance is 324.94490933700723
INFO:cooler._balance:variance is 169.23586454812948
INFO:cooler._balance:variance is 86.03230542235177
INFO:cooler._balance:variance is 44.5020275852971
INFO:cooler._balance:variance is 22.73448161324392
INFO:cooler._balance:variance is 11.718540489736924
INFO:cooler._balance:variance is 6.001751689129177
INFO:cooler._balance:variance is 3.08801057424569
INFO:cooler._balance:variance is 1.583611260587951
INFO:cooler._balance:variance is 0.8140370894638174
INFO:cooler._balance:variance is 0.4177385605467083
INFO:cooler._balance:variance is 0.21463074552528388
INFO:cooler._balance:variance is 0.11017970643900106
INFO:cooler._balance:variance is 0.05659551050251801
INFO:cooler._balance:variance is 0.029058176536058498
INFO:cooler._balance:variance is 0.014924292915608334
INFO:cooler._balance:variance is 0.007663365446175236
INFO:cooler._balance:variance is 0.003935652192012416
INFO:cooler._balance:variance is 0.002020983264164467
INFO:cooler._balance:variance is 0.0010378758161031323
INFO:cooler._balance:variance is 0.0005329688043462352
INFO:cooler._balance:variance is 0.000273701399773139
INFO:cooler._balance:variance is 0.00014055255746284488
INFO:cooler._balance:variance is 7.217888301040621e-05
INFO:cooler._balance:variance is 3.706590696627833e-05
INFO:cooler._balance:variance is 1.903461390385737e-05
INFO:cooler._balance:variance is 9.774846673450054e-06
INFO:cooler._balance:chr10
INFO:cooler._balance:variance is 591751.4234126206
INFO:cooler._balance:variance is 56670.15863474478
INFO:cooler._balance:variance is 12338.012976034759
INFO:cooler._balance:variance is 3348.507522831256
INFO:cooler._balance:variance is 885.786274038357
INFO:cooler._balance:variance is 244.5549985415728
INFO:cooler._balance:variance is 67.03886367630882
INFO:cooler._balance:variance is 18.580568757168894
INFO:cooler._balance:variance is 5.144366983918789
INFO:cooler._balance:variance is 1.4290168297991264
INFO:cooler._balance:variance is 0.39701899978152083
INFO:cooler._balance:variance is 0.11043421981378726
INFO:cooler._balance:variance is 0.030729192700782188
INFO:cooler._balance:variance is 0.008555970676736463
INFO:cooler._balance:variance is 0.0023832645107318517
INFO:cooler._balance:variance is 0.0006642118203359939
INFO:cooler._balance:variance is 0.00018521362917063317
INFO:cooler._balance:variance is 5.167887622553038e-05
INFO:cooler._balance:variance is 1.4429899406554648e-05
INFO:cooler._balance:variance is 4.032533337203322e-06
INFO:cooler._balance:chr12
INFO:cooler._balance:variance is 469589.25009254925
INFO:cooler._balance:variance is 116195.78402126851
INFO:cooler._balance:variance is 36568.718258459
INFO:cooler._balance:variance is 15082.595252487436
INFO:cooler._balance:variance is 5496.721180662382
INFO:cooler._balance:variance is 2208.9788666940653
INFO:cooler._balance:variance is 845.4055244618067
INFO:cooler._balance:variance is 336.75307376984074
INFO:cooler._balance:variance is 131.56156444265795
INFO:cooler._balance:variance is 52.26254986688366
INFO:cooler._balance:variance is 20.602113095992912
INFO:cooler._balance:variance is 8.178180046614035
INFO:cooler._balance:variance is 3.236625670384685
INFO:cooler._balance:variance is 1.2846601967771647
INFO:cooler._balance:variance is 0.5093057512802494
INFO:cooler._balance:variance is 0.2021592431038874
INFO:cooler._balance:variance is 0.08020784098652452
INFO:cooler._balance:variance is 0.03183895619659428
INFO:cooler._balance:variance is 0.012636580399347801
INFO:cooler._balance:variance is 0.0050163957499124254
INFO:cooler._balance:variance is 0.00199126134630734
INFO:cooler._balance:variance is 0.0007905023417654828
INFO:cooler._balance:variance is 0.00031381167799953276
INFO:cooler._balance:variance is 0.000124580845111918
INFO:cooler._balance:variance is 4.945731216312442e-05
INFO:cooler._balance:variance is 1.9634355485012756e-05
INFO:cooler._balance:variance is 7.794745256550394e-06
INFO:cooler._balance:chr13
INFO:cooler._balance:variance is 367652.91433628125
INFO:cooler._balance:variance is 25981.170998602112
INFO:cooler._balance:variance is 5500.037315556823
INFO:cooler._balance:variance is 1507.8912006735109
INFO:cooler._balance:variance is 445.9645512487914
INFO:cooler._balance:variance is 140.71729195923777
INFO:cooler._balance:variance is 45.56143335360885
INFO:cooler._balance:variance is 15.089669222065336
INFO:cooler._balance:variance is 5.046208610966043
INFO:cooler._balance:variance is 1.7032864155185983
INFO:cooler._balance:variance is 0.5774066343903523
INFO:cooler._balance:variance is 0.19653670159812042
INFO:cooler._balance:variance is 0.06703490735121734
INFO:cooler._balance:variance is 0.02290628653754763
INFO:cooler._balance:variance is 0.007835109008613004
INFO:cooler._balance:variance is 0.002682260053926845
INFO:cooler._balance:variance is 0.0009186933426279478
INFO:cooler._balance:variance is 0.0003147825946436311
INFO:cooler._balance:variance is 0.0001078836822378664
INFO:cooler._balance:variance is 3.698123868273806e-05
INFO:cooler._balance:variance is 1.2678232724504235e-05
INFO:cooler._balance:variance is 4.346849609909216e-06
INFO:cooler._balance:chr14
INFO:cooler._balance:variance is 377563.5284466314
INFO:cooler._balance:variance is 60454.870599557995
INFO:cooler._balance:variance is 12941.007073337814
INFO:cooler._balance:variance is 4009.4629215057653
INFO:cooler._balance:variance is 1130.516889100222
INFO:cooler._balance:variance is 367.9857801380462
INFO:cooler._balance:variance is 119.6759226102916
INFO:cooler._balance:variance is 41.83913100580495
INFO:cooler._balance:variance is 15.13913754673079
INFO:cooler._balance:variance is 5.747526475573016
INFO:cooler._balance:variance is 2.2573443412232526
INFO:cooler._balance:variance is 0.9140143472600954
INFO:cooler._balance:variance is 0.3782446391689136
INFO:cooler._balance:variance is 0.15914772582870468
INFO:cooler._balance:variance is 0.06772927290725038
INFO:cooler._balance:variance is 0.02905779368608045
INFO:cooler._balance:variance is 0.012533960662936031
INFO:cooler._balance:variance is 0.005426558526275466
INFO:cooler._balance:variance is 0.0023551406407919203
INFO:cooler._balance:variance is 0.0010238293264722364
INFO:cooler._balance:variance is 0.0004455594361513974
INFO:cooler._balance:variance is 0.00019404398511833781
INFO:cooler._balance:variance is 8.454731294479317e-05
INFO:cooler._balance:variance is 3.685005208425386e-05
INFO:cooler._balance:variance is 1.6064458812081336e-05
INFO:cooler._balance:variance is 7.004138543587137e-06
INFO:cooler._balance:chr15
INFO:cooler._balance:variance is 473058.71912021394
INFO:cooler._balance:variance is 53552.17218426187
INFO:cooler._balance:variance is 11847.304063120302
INFO:cooler._balance:variance is 3369.0694790700704
INFO:cooler._balance:variance is 972.1800907225812
INFO:cooler._balance:variance is 310.9086936077131
INFO:cooler._balance:variance is 102.96053693093653
INFO:cooler._balance:variance is 35.7720276191385
INFO:cooler._balance:variance is 12.717649549305023
INFO:cooler._balance:variance is 4.615517301149015
INFO:cooler._balance:variance is 1.6936390788531641
INFO:cooler._balance:variance is 0.6266195679311339
INFO:cooler._balance:variance is 0.23292368311123765
INFO:cooler._balance:variance is 0.08685890067012786
INFO:cooler._balance:variance is 0.03245122188988766
INFO:cooler._balance:variance is 0.012139008870281081
INFO:cooler._balance:variance is 0.004544197814530496
INFO:cooler._balance:variance is 0.0017019126510634274
INFO:cooler._balance:variance is 0.0006375923393114084
INFO:cooler._balance:variance is 0.0002389067057586663
INFO:cooler._balance:variance is 8.952875713823827e-05
INFO:cooler._balance:variance is 3.3552697989547074e-05
INFO:cooler._balance:variance is 1.2575097640302328e-05
INFO:cooler._balance:variance is 4.713105375831939e-06
INFO:cooler._balance:chr16
INFO:cooler._balance:variance is 9170290.642821854
INFO:cooler._balance:variance is 61662.45728704132
INFO:cooler._balance:variance is 22003.40384951317
INFO:cooler._balance:variance is 12274.760899455565
INFO:cooler._balance:variance is 5631.292263655502
INFO:cooler._balance:variance is 3118.0591580616992
INFO:cooler._balance:variance is 1537.388763633128
INFO:cooler._balance:variance is 830.5292318039828
INFO:cooler._balance:variance is 421.8127522697726
INFO:cooler._balance:variance is 224.31415662277246
INFO:cooler._balance:variance is 115.50222907479132
INFO:cooler._balance:variance is 60.89189824885736
INFO:cooler._balance:variance is 31.56724323842202
INFO:cooler._balance:variance is 16.5655638537437
INFO:cooler._balance:variance is 8.617435693605453
INFO:cooler._balance:variance is 4.51126964059374
INFO:cooler._balance:variance is 2.3509330239092003
INFO:cooler._balance:variance is 1.229172601595752
INFO:cooler._balance:variance is 0.6411406633749867
INFO:cooler._balance:variance is 0.3349961331024527
INFO:cooler._balance:variance is 0.17481865261405372
INFO:cooler._balance:variance is 0.09131137733755908
INFO:cooler._balance:variance is 0.047662958336948336
INFO:cooler._balance:variance is 0.02489087526221948
INFO:cooler._balance:variance is 0.012994293074127335
INFO:cooler._balance:variance is 0.0067853326136653016
INFO:cooler._balance:variance is 0.003542526047136719
INFO:cooler._balance:variance is 0.00184973832245941
INFO:cooler._balance:variance is 0.0009657563234182531
INFO:cooler._balance:variance is 0.0005042590635181396
INFO:cooler._balance:variance is 0.00026328068215907983
INFO:cooler._balance:variance is 0.00013746728560797822
INFO:cooler._balance:variance is 7.177427648510836e-05
INFO:cooler._balance:variance is 3.747539017620884e-05
INFO:cooler._balance:variance is 1.9566710247884688e-05
INFO:cooler._balance:variance is 1.0216298542662202e-05
INFO:cooler._balance:variance is 5.334164032058601e-06
INFO:cooler._balance:chr17
INFO:cooler._balance:variance is 273932.76773458906
INFO:cooler._balance:variance is 54296.38308185297
INFO:cooler._balance:variance is 18943.655061517697
INFO:cooler._balance:variance is 9098.437320121948
INFO:cooler._balance:variance is 3978.9920368786766
INFO:cooler._balance:variance is 1903.4806497126463
INFO:cooler._balance:variance is 878.9259442545197
INFO:cooler._balance:variance is 418.2655486895233
INFO:cooler._balance:variance is 196.41975994703705
INFO:cooler._balance:variance is 93.26923216712267
INFO:cooler._balance:variance is 44.05749910412339
INFO:cooler._balance:variance is 20.902765656540375
INFO:cooler._balance:variance is 9.895817320255746
INFO:cooler._balance:variance is 4.693441764396933
INFO:cooler._balance:variance is 2.2239838364183178
INFO:cooler._balance:variance is 1.0546650155386605
INFO:cooler._balance:variance is 0.4999449897159675
INFO:cooler._balance:variance is 0.2370732056415351
INFO:cooler._balance:variance is 0.11239948529181941
INFO:cooler._balance:variance is 0.05329855950462451
INFO:cooler._balance:variance is 0.02527150040373529
INFO:cooler._balance:variance is 0.011983357351725555
INFO:cooler._balance:variance is 0.005682110357264677
INFO:cooler._balance:variance is 0.002694360338705759
INFO:cooler._balance:variance is 0.0012775977619202603
INFO:cooler._balance:variance is 0.0006058143730173703
INFO:cooler._balance:variance is 0.0002872641939528251
INFO:cooler._balance:variance is 0.00013621555440463943
INFO:cooler._balance:variance is 6.459074190380376e-05
INFO:cooler._balance:variance is 3.0627771299664955e-05
INFO:cooler._balance:variance is 1.4523114251412321e-05
INFO:cooler._balance:variance is 6.886599840039804e-06
INFO:cooler._balance:chr18
INFO:cooler._balance:variance is 267496.58528891695
INFO:cooler._balance:variance is 32928.58501177393
INFO:cooler._balance:variance is 7252.329983640175
INFO:cooler._balance:variance is 1847.154243360536
INFO:cooler._balance:variance is 461.20517599511555
INFO:cooler._balance:variance is 119.4646343820328
INFO:cooler._balance:variance is 30.70629742704217
INFO:cooler._balance:variance is 7.973155333861536
INFO:cooler._balance:variance is 2.0664215492781524
INFO:cooler._balance:variance is 0.5371369477906088
INFO:cooler._balance:variance is 0.13958091141930268
INFO:cooler._balance:variance is 0.0363050373740557
INFO:cooler._balance:variance is 0.009443332586057155
INFO:cooler._balance:variance is 0.0024571075899134445
INFO:cooler._balance:variance is 0.0006393740770767861
INFO:cooler._balance:variance is 0.0001663959208852438
INFO:cooler._balance:variance is 4.330658774250183e-05
INFO:cooler._balance:variance is 1.1271755648403087e-05
INFO:cooler._balance:variance is 2.933891858523061e-06
INFO:cooler._balance:chr20
INFO:cooler._balance:variance is 275404.73632401164
INFO:cooler._balance:variance is 24672.681569048873
INFO:cooler._balance:variance is 5878.442869064857
INFO:cooler._balance:variance is 1539.596604837736
INFO:cooler._balance:variance is 412.2795026868645
INFO:cooler._balance:variance is 111.50463610742815
INFO:cooler._balance:variance is 30.338881068265195
INFO:cooler._balance:variance is 8.30228691284403
INFO:cooler._balance:variance is 2.2903244045570155
INFO:cooler._balance:variance is 0.6391120553731443
INFO:cooler._balance:variance is 0.18155285801812054
INFO:cooler._balance:variance is 0.05297392423102893
INFO:cooler._balance:variance is 0.016073476850842074
INFO:cooler._balance:variance is 0.00514313781651749
INFO:cooler._balance:variance is 0.0017569405282704298
INFO:cooler._balance:variance is 0.000644505819799797
INFO:cooler._balance:variance is 0.00025301255941044635
INFO:cooler._balance:variance is 0.00010512315284038922
INFO:cooler._balance:variance is 4.5574784057924815e-05
INFO:cooler._balance:variance is 2.034653618749325e-05
INFO:cooler._balance:variance is 9.258542728622531e-06
INFO:cooler._balance:chrY
INFO:cooler._balance:chr19
INFO:cooler._balance:variance is 493171.8287525054
INFO:cooler._balance:variance is 148637.41358420113
INFO:cooler._balance:variance is 38940.328679850485
INFO:cooler._balance:variance is 16106.6865949495
INFO:cooler._balance:variance is 5472.055525745288
INFO:cooler._balance:variance is 2232.698651632573
INFO:cooler._balance:variance is 860.0059182605696
INFO:cooler._balance:variance is 356.1889442893425
INFO:cooler._balance:variance is 145.62163325348703
INFO:cooler._balance:variance is 61.272437833143734
INFO:cooler._balance:variance is 25.7422366507732
INFO:cooler._balance:variance is 10.940787919524483
INFO:cooler._balance:variance is 4.652926973750235
INFO:cooler._balance:variance is 1.9882133854882442
INFO:cooler._balance:variance is 0.8501453383190277
INFO:cooler._balance:variance is 0.3642385534301387
INFO:cooler._balance:variance is 0.15612105850260358
INFO:cooler._balance:variance is 0.06697384269457042
INFO:cooler._balance:variance is 0.028737362047539333
INFO:cooler._balance:variance is 0.012335253573414728
INFO:cooler._balance:variance is 0.0052953951952390095
INFO:cooler._balance:variance is 0.002273623502720102
INFO:cooler._balance:variance is 0.0009762533091481677
INFO:cooler._balance:variance is 0.0004192155159797228
INFO:cooler._balance:variance is 0.00018002113081346817
INFO:cooler._balance:variance is 7.730780257461766e-05
INFO:cooler._balance:variance is 3.319926608792647e-05
INFO:cooler._balance:variance is 1.4257380798183761e-05
INFO:cooler._balance:variance is 6.122848184324575e-06
INFO:cooler._balance:chr22
INFO:cooler._balance:variance is 227066.56375704816
INFO:cooler._balance:variance is 31286.605646155596
INFO:cooler._balance:variance is 5976.973814346127
INFO:cooler._balance:variance is 1597.1869620927537
INFO:cooler._balance:variance is 471.9118252516681
INFO:cooler._balance:variance is 167.45420701956334
INFO:cooler._balance:variance is 66.90512649901028
INFO:cooler._balance:variance is 28.620992531178125
INFO:cooler._balance:variance is 12.831278731981971
INFO:cooler._balance:variance is 5.838763247657102
INFO:cooler._balance:variance is 2.6966218817924377
INFO:cooler._balance:variance is 1.247962271194434
INFO:cooler._balance:variance is 0.5804207103055917
INFO:cooler._balance:variance is 0.2698950491947955
INFO:cooler._balance:variance is 0.12573157619033684
INFO:cooler._balance:variance is 0.05855075390575788
INFO:cooler._balance:variance is 0.027285912899143
INFO:cooler._balance:variance is 0.012712729166003212
INFO:cooler._balance:variance is 0.005924784706322015
INFO:cooler._balance:variance is 0.002760888061073112
INFO:cooler._balance:variance is 0.001286716941694784
INFO:cooler._balance:variance is 0.0005996364760865102
INFO:cooler._balance:variance is 0.00027945947746712456
INFO:cooler._balance:variance is 0.00013023728388846355
INFO:cooler._balance:variance is 6.069647190492349e-05
INFO:cooler._balance:variance is 2.828685602071987e-05
INFO:cooler._balance:variance is 1.31829077439424e-05
INFO:cooler._balance:variance is 6.14376322525339e-06
INFO:cooler._balance:chr21
INFO:cooler._balance:variance is 191082.78159401735
INFO:cooler._balance:variance is 17840.254210032588
INFO:cooler._balance:variance is 3265.6287959753904
INFO:cooler._balance:variance is 803.2925250002412
INFO:cooler._balance:variance is 232.44203940879817
INFO:cooler._balance:variance is 89.4341122232028
INFO:cooler._balance:variance is 43.065453418257384
INFO:cooler._balance:variance is 24.286123606927735
INFO:cooler._balance:variance is 14.641052463974725
INFO:cooler._balance:variance is 9.155002762021851
INFO:cooler._balance:variance is 5.77350930550034
INFO:cooler._balance:variance is 3.673018468026586
INFO:cooler._balance:variance is 2.3354535874420366
INFO:cooler._balance:variance is 1.489690465800749
INFO:cooler._balance:variance is 0.9490015595142937
INFO:cooler._balance:variance is 0.6055211537773203
INFO:cooler._balance:variance is 0.38598838744214975
INFO:cooler._balance:variance is 0.24627486553336114
INFO:cooler._balance:variance is 0.15703234742761743
INFO:cooler._balance:variance is 0.10018502461821709
INFO:cooler._balance:variance is 0.06389076635435775
INFO:cooler._balance:variance is 0.040759194885778956
INFO:cooler._balance:variance is 0.025995545079794083
INFO:cooler._balance:variance is 0.016583179653153778
INFO:cooler._balance:variance is 0.010577030255172658
INFO:cooler._balance:variance is 0.006747143789391424
INFO:cooler._balance:variance is 0.004303577316325055
INFO:cooler._balance:variance is 0.002745221584950076
INFO:cooler._balance:variance is 0.0017510375685238872
INFO:cooler._balance:variance is 0.0011169602636232137
INFO:cooler._balance:variance is 0.0007124608407835573
INFO:cooler._balance:variance is 0.0004544641707976597
INFO:cooler._balance:variance is 0.00028988529353858285
INFO:cooler._balance:variance is 0.00018491089286849254
INFO:cooler._balance:variance is 0.00011794813390738306
INFO:cooler._balance:variance is 7.523603112091255e-05
INFO:cooler._balance:variance is 4.799055197174629e-05
INFO:cooler._balance:variance is 3.061185005361367e-05
INFO:cooler._balance:variance is 1.9526313607948315e-05
INFO:cooler._balance:variance is 1.2455279253809697e-05
INFO:cooler._balance:variance is 7.944831090801207e-06
INFO:cooler._balance:chrM
