INFO:cooler.cli.balance:Balancing "analysis_other/porec/T2T06/cooler/T2T06_25000_balanced.cool"
INFO:cooler._balance:chr1
INFO:cooler._balance:variance is 624698.4671489792
INFO:cooler._balance:variance is 19184.65399637325
INFO:cooler._balance:variance is 3103.6094033113513
INFO:cooler._balance:variance is 734.1867848263543
INFO:cooler._balance:variance is 197.65080838325343
INFO:cooler._balance:variance is 56.971282817317444
INFO:cooler._balance:variance is 16.798181960969906
INFO:cooler._balance:variance is 5.019808064841912
INFO:cooler._balance:variance is 1.50571461828504
INFO:cooler._balance:variance is 0.4529215650164069
INFO:cooler._balance:variance is 0.13632117125819682
INFO:cooler._balance:variance is 0.041056726229151255
INFO:cooler._balance:variance is 0.012366474900833096
INFO:cooler._balance:variance is 0.0037254462769712045
INFO:cooler._balance:variance is 0.0011223220457133838
INFO:cooler._balance:variance is 0.00033812425807586995
INFO:cooler._balance:variance is 0.00010186775976553382
INFO:cooler._balance:variance is 3.0690440128457815e-05
INFO:cooler._balance:variance is 9.246344618649199e-06
INFO:cooler._balance:chr2
INFO:cooler._balance:variance is 812165.2835822761
INFO:cooler._balance:variance is 65276.620848307706
INFO:cooler._balance:variance is 9202.37724513964
INFO:cooler._balance:variance is 1430.8718124600089
INFO:cooler._balance:variance is 226.5538476143892
INFO:cooler._balance:variance is 37.489257992370426
INFO:cooler._balance:variance is 6.4506674968230655
INFO:cooler._balance:variance is 1.1593487191258314
INFO:cooler._balance:variance is 0.21711688540206434
INFO:cooler._balance:variance is 0.04219397201193352
INFO:cooler._balance:variance is 0.008456188423667391
INFO:cooler._balance:variance is 0.0017361279160473624
INFO:cooler._balance:variance is 0.0003629324368984342
INFO:cooler._balance:variance is 7.686290663814749e-05
INFO:cooler._balance:variance is 1.6427567993108148e-05
INFO:cooler._balance:variance is 3.5331456619457572e-06
INFO:cooler._balance:chr3
INFO:cooler._balance:variance is 1061190.4065839394
INFO:cooler._balance:variance is 61232.54298792087
INFO:cooler._balance:variance is 10872.17087913842
INFO:cooler._balance:variance is 2373.378761773592
INFO:cooler._balance:variance is 494.59043946310084
INFO:cooler._balance:variance is 108.86594498495708
INFO:cooler._balance:variance is 23.978218722417
INFO:cooler._balance:variance is 5.3957895219533345
INFO:cooler._balance:variance is 1.2258589377148024
INFO:cooler._balance:variance is 0.2820257196981748
INFO:cooler._balance:variance is 0.0654826697633081
INFO:cooler._balance:variance is 0.015336883755246673
INFO:cooler._balance:variance is 0.0036174956119999204
INFO:cooler._balance:variance is 0.0008584341588341334
INFO:cooler._balance:variance is 0.000204718893509192
INFO:cooler._balance:variance is 4.9021592768641725e-05
INFO:cooler._balance:variance is 1.1777700115072203e-05
INFO:cooler._balance:variance is 2.83729075063007e-06
INFO:cooler._balance:chr4
INFO:cooler._balance:variance is 823394.5418622682
INFO:cooler._balance:variance is 95490.34502086836
INFO:cooler._balance:variance is 15010.243723566862
INFO:cooler._balance:variance is 3025.7560540301183
INFO:cooler._balance:variance is 618.3794485995359
INFO:cooler._balance:variance is 135.0715823628765
INFO:cooler._balance:variance is 30.121689033187725
INFO:cooler._balance:variance is 6.872997636149008
INFO:cooler._balance:variance is 1.5853840142286935
INFO:cooler._balance:variance is 0.3688962111406615
INFO:cooler._balance:variance is 0.0862540520684926
INFO:cooler._balance:variance is 0.020237629328772936
INFO:cooler._balance:variance is 0.004758231362843343
INFO:cooler._balance:variance is 0.0011203406977703207
INFO:cooler._balance:variance is 0.0002640238374373573
INFO:cooler._balance:variance is 6.225821309878708e-05
INFO:cooler._balance:variance is 1.4686478754507043e-05
INFO:cooler._balance:variance is 3.4653749644647154e-06
INFO:cooler._balance:chr5
INFO:cooler._balance:variance is 1826630.3488850319
INFO:cooler._balance:variance is 68606.22226100537
INFO:cooler._balance:variance is 8538.16458739955
INFO:cooler._balance:variance is 1201.4569318605656
INFO:cooler._balance:variance is 171.9130670481925
INFO:cooler._balance:variance is 25.4408214842924
INFO:cooler._balance:variance is 3.8494374146402572
INFO:cooler._balance:variance is 0.5966125154234783
INFO:cooler._balance:variance is 0.09461215799543948
INFO:cooler._balance:variance is 0.01536431951314253
INFO:cooler._balance:variance is 0.0025567701223546614
INFO:cooler._balance:variance is 0.00043642688882207775
INFO:cooler._balance:variance is 7.64701662049473e-05
INFO:cooler._balance:variance is 1.3758126633596903e-05
INFO:cooler._balance:variance is 2.5405067839332632e-06
INFO:cooler._balance:chr6
INFO:cooler._balance:variance is 1858953.3809890565
INFO:cooler._balance:variance is 108379.89149058034
INFO:cooler._balance:variance is 27556.933594324542
INFO:cooler._balance:variance is 8789.417195171509
INFO:cooler._balance:variance is 2521.4613196987966
INFO:cooler._balance:variance is 771.8329146955897
INFO:cooler._balance:variance is 228.26709600556708
INFO:cooler._balance:variance is 68.838658957796
INFO:cooler._balance:variance is 20.5429810549038
INFO:cooler._balance:variance is 6.166402891845303
INFO:cooler._balance:variance is 1.8451348381139183
INFO:cooler._balance:variance is 0.5530742272312691
INFO:cooler._balance:variance is 0.16562552201674055
INFO:cooler._balance:variance is 0.049624736565014156
INFO:cooler._balance:variance is 0.014864352152632524
INFO:cooler._balance:variance is 0.004453092915183704
INFO:cooler._balance:variance is 0.0013339534843017822
INFO:cooler._balance:variance is 0.00039961335639046634
INFO:cooler._balance:variance is 0.00011970941149832184
INFO:cooler._balance:variance is 3.586102616780579e-05
INFO:cooler._balance:variance is 1.0742709802635516e-05
INFO:cooler._balance:variance is 3.218153937826055e-06
INFO:cooler._balance:chr7
INFO:cooler._balance:variance is 719319.001690968
INFO:cooler._balance:variance is 50949.99084779613
INFO:cooler._balance:variance is 8501.972476613142
INFO:cooler._balance:variance is 1589.6865885847012
INFO:cooler._balance:variance is 291.3343710581452
INFO:cooler._balance:variance is 54.72045406458789
INFO:cooler._balance:variance is 10.277048561455
INFO:cooler._balance:variance is 1.9486939389252025
INFO:cooler._balance:variance is 0.3714074731240397
INFO:cooler._balance:variance is 0.0713043257555073
INFO:cooler._balance:variance is 0.013782179985324175
INFO:cooler._balance:variance is 0.0026837593862855435
INFO:cooler._balance:variance is 0.0005265587200744532
INFO:cooler._balance:variance is 0.0001041206493669955
INFO:cooler._balance:variance is 2.0751099397164793e-05
INFO:cooler._balance:variance is 4.168241449092314e-06
INFO:cooler._balance:chrX
INFO:cooler._balance:variance is 206874.73290504882
INFO:cooler._balance:variance is 15805.554898494305
INFO:cooler._balance:variance is 2777.299408253074
INFO:cooler._balance:variance is 569.560362592611
INFO:cooler._balance:variance is 126.22832747880527
INFO:cooler._balance:variance is 31.484767976954316
INFO:cooler._balance:variance is 8.653366483113706
INFO:cooler._balance:variance is 2.5739041172664505
INFO:cooler._balance:variance is 0.8068124958489105
INFO:cooler._balance:variance is 0.26102658477431573
INFO:cooler._balance:variance is 0.08601787073638598
INFO:cooler._balance:variance is 0.028627645686875522
INFO:cooler._balance:variance is 0.00958084945819855
INFO:cooler._balance:variance is 0.0032157286912896086
INFO:cooler._balance:variance is 0.0010811111973100256
INFO:cooler._balance:variance is 0.00036377351436982594
INFO:cooler._balance:variance is 0.00012246360045625203
INFO:cooler._balance:variance is 4.123775413813254e-05
INFO:cooler._balance:variance is 1.3888325686775017e-05
INFO:cooler._balance:variance is 4.677783098155696e-06
INFO:cooler._balance:chr9
INFO:cooler._balance:variance is 884842.9058847543
INFO:cooler._balance:variance is 27123.150671674517
INFO:cooler._balance:variance is 5441.289364567111
INFO:cooler._balance:variance is 1619.7906332292093
INFO:cooler._balance:variance is 526.0166486780826
INFO:cooler._balance:variance is 188.20957584819652
INFO:cooler._balance:variance is 68.32366027369805
INFO:cooler._balance:variance is 25.77833443887161
INFO:cooler._balance:variance is 9.778096023326132
INFO:cooler._balance:variance is 3.767053728489574
INFO:cooler._balance:variance is 1.4546782684882642
INFO:cooler._balance:variance is 0.5651837350355405
INFO:cooler._balance:variance is 0.21981203269438795
INFO:cooler._balance:variance is 0.08569394303192458
INFO:cooler._balance:variance is 0.0334219758467837
INFO:cooler._balance:variance is 0.01304721686692029
INFO:cooler._balance:variance is 0.005094228778412443
INFO:cooler._balance:variance is 0.0019897401225250333
INFO:cooler._balance:variance is 0.0007772207082718926
INFO:cooler._balance:variance is 0.00030363635484610154
INFO:cooler._balance:variance is 0.00011862471416846745
INFO:cooler._balance:variance is 4.634688774985482e-05
INFO:cooler._balance:variance is 1.810801048204547e-05
INFO:cooler._balance:variance is 7.075062452200629e-06
INFO:cooler._balance:chr8
INFO:cooler._balance:variance is 571385.5973405448
INFO:cooler._balance:variance is 57790.1473725196
INFO:cooler._balance:variance is 7820.854794265052
INFO:cooler._balance:variance is 1294.4299392960781
INFO:cooler._balance:variance is 206.46948281970188
INFO:cooler._balance:variance is 34.274189860763705
INFO:cooler._balance:variance is 5.710453697827448
INFO:cooler._balance:variance is 0.9680830626185568
INFO:cooler._balance:variance is 0.16629325677328682
INFO:cooler._balance:variance is 0.029029283594834858
INFO:cooler._balance:variance is 0.005150091800201288
INFO:cooler._balance:variance is 0.0009290993515665908
INFO:cooler._balance:variance is 0.0001703925213852928
INFO:cooler._balance:variance is 3.17458922081536e-05
INFO:cooler._balance:variance is 6.001700351353229e-06
INFO:cooler._balance:chr11
INFO:cooler._balance:variance is 475399.7678717611
INFO:cooler._balance:variance is 69413.85709209339
INFO:cooler._balance:variance is 19754.897718987064
INFO:cooler._balance:variance is 6909.97602975881
INFO:cooler._balance:variance is 2244.3324607681548
INFO:cooler._balance:variance is 784.1918444544963
INFO:cooler._balance:variance is 264.5254058987755
INFO:cooler._balance:variance is 91.70994590001305
INFO:cooler._balance:variance is 31.355478232694065
INFO:cooler._balance:variance is 10.827041147915311
INFO:cooler._balance:variance is 3.7193010408726312
INFO:cooler._balance:variance is 1.2821179723723704
INFO:cooler._balance:variance is 0.4411519812878179
INFO:cooler._balance:variance is 0.1519760903530718
INFO:cooler._balance:variance is 0.05232117479095088
INFO:cooler._balance:variance is 0.018020282475249505
INFO:cooler._balance:variance is 0.006205060871940135
INFO:cooler._balance:variance is 0.002136943741629556
INFO:cooler._balance:variance is 0.0007358773720184655
INFO:cooler._balance:variance is 0.0002534190831588672
INFO:cooler._balance:variance is 8.726923121871204e-05
INFO:cooler._balance:variance is 3.0053175759849988e-05
INFO:cooler._balance:variance is 1.034940605626591e-05
INFO:cooler._balance:variance is 3.564043687284864e-06
INFO:cooler._balance:chr10
INFO:cooler._balance:variance is 962079.44430051
INFO:cooler._balance:variance is 35797.06053911191
INFO:cooler._balance:variance is 5971.890151439163
INFO:cooler._balance:variance is 1098.6594296857368
INFO:cooler._balance:variance is 207.55887057824023
INFO:cooler._balance:variance is 40.45434067970144
INFO:cooler._balance:variance is 8.045145832015125
INFO:cooler._balance:variance is 1.634444576308138
INFO:cooler._balance:variance is 0.33783907723915085
INFO:cooler._balance:variance is 0.0709562990848848
INFO:cooler._balance:variance is 0.015102385037273857
INFO:cooler._balance:variance is 0.0032511303366643185
INFO:cooler._balance:variance is 0.0007063888267890209
INFO:cooler._balance:variance is 0.00015464210039783623
INFO:cooler._balance:variance is 3.4057731951613404e-05
INFO:cooler._balance:variance is 7.536379101804081e-06
INFO:cooler._balance:chr12
INFO:cooler._balance:variance is 526974.1947128947
INFO:cooler._balance:variance is 63654.47111121931
INFO:cooler._balance:variance is 14089.04853402138
INFO:cooler._balance:variance is 3564.961399570913
INFO:cooler._balance:variance is 887.313641439623
INFO:cooler._balance:variance is 229.38156985293242
INFO:cooler._balance:variance is 58.97498547970717
INFO:cooler._balance:variance is 15.344400321046457
INFO:cooler._balance:variance is 3.9887468058091406
INFO:cooler._balance:variance is 1.0408223388277862
INFO:cooler._balance:variance is 0.2716167471018394
INFO:cooler._balance:variance is 0.07097176371254489
INFO:cooler._balance:variance is 0.018547867913286806
INFO:cooler._balance:variance is 0.004849479075509125
INFO:cooler._balance:variance is 0.001268084928657175
INFO:cooler._balance:variance is 0.0003316449924941663
INFO:cooler._balance:variance is 8.674137875797904e-05
INFO:cooler._balance:variance is 2.2688590759378726e-05
INFO:cooler._balance:variance is 5.934748717856737e-06
INFO:cooler._balance:chr13
INFO:cooler._balance:variance is 504148.5861504272
INFO:cooler._balance:variance is 36202.419118876045
INFO:cooler._balance:variance is 4849.440685792807
INFO:cooler._balance:variance is 740.3093500864447
INFO:cooler._balance:variance is 117.82806369992393
INFO:cooler._balance:variance is 19.785466493494518
INFO:cooler._balance:variance is 3.4585868078994952
INFO:cooler._balance:variance is 0.6275592230137472
INFO:cooler._balance:variance is 0.11739616869252702
INFO:cooler._balance:variance is 0.022532773090410033
INFO:cooler._balance:variance is 0.004414239937803976
INFO:cooler._balance:variance is 0.0008788262204158635
INFO:cooler._balance:variance is 0.0001771359113697048
INFO:cooler._balance:variance is 3.6037419127426376e-05
INFO:cooler._balance:variance is 7.382462923596801e-06
INFO:cooler._balance:chr14
INFO:cooler._balance:variance is 373877.9165339486
INFO:cooler._balance:variance is 37498.65084680042
INFO:cooler._balance:variance is 7252.323491872134
INFO:cooler._balance:variance is 1751.8239667898476
INFO:cooler._balance:variance is 447.1799903308265
INFO:cooler._balance:variance is 122.04666236829009
INFO:cooler._balance:variance is 34.20735012391418
INFO:cooler._balance:variance is 9.807978645239617
INFO:cooler._balance:variance is 2.8411417222707556
INFO:cooler._balance:variance is 0.829325186062424
INFO:cooler._balance:variance is 0.24294359179482294
INFO:cooler._balance:variance is 0.07134813020989893
INFO:cooler._balance:variance is 0.020978789397709273
INFO:cooler._balance:variance is 0.006173587053557526
INFO:cooler._balance:variance is 0.001817473626535769
INFO:cooler._balance:variance is 0.0005352000406647324
INFO:cooler._balance:variance is 0.00015762379219957665
INFO:cooler._balance:variance is 4.642648736590054e-05
INFO:cooler._balance:variance is 1.3675053130200257e-05
INFO:cooler._balance:variance is 4.02814224730489e-06
INFO:cooler._balance:chr15
INFO:cooler._balance:variance is 309175.3074609375
INFO:cooler._balance:variance is 15203.415711605805
INFO:cooler._balance:variance is 2326.4301882300338
INFO:cooler._balance:variance is 473.88917350309936
INFO:cooler._balance:variance is 105.48227704755357
INFO:cooler._balance:variance is 24.755439351917406
INFO:cooler._balance:variance is 5.969109532103416
INFO:cooler._balance:variance is 1.4623071356240411
INFO:cooler._balance:variance is 0.3616079316806149
INFO:cooler._balance:variance is 0.08989954184722533
INFO:cooler._balance:variance is 0.02242395417012702
INFO:cooler._balance:variance is 0.005603850631578355
INFO:cooler._balance:variance is 0.0014020828568916466
INFO:cooler._balance:variance is 0.00035104077705829233
INFO:cooler._balance:variance is 8.79279317111251e-05
INFO:cooler._balance:variance is 2.2029515885433654e-05
INFO:cooler._balance:variance is 5.520147616205915e-06
INFO:cooler._balance:chr16
INFO:cooler._balance:variance is 318494.7313282501
INFO:cooler._balance:variance is 19507.42931780821
INFO:cooler._balance:variance is 3259.7445514523033
INFO:cooler._balance:variance is 793.8539880603967
INFO:cooler._balance:variance is 227.52486471970934
INFO:cooler._balance:variance is 72.48079335937487
INFO:cooler._balance:variance is 24.63324938743879
INFO:cooler._balance:variance is 8.67307819597025
INFO:cooler._balance:variance is 3.1313284600778086
INFO:cooler._balance:variance is 1.1439653942334231
INFO:cooler._balance:variance is 0.4217998912138868
INFO:cooler._balance:variance is 0.15612669755406053
INFO:cooler._balance:variance is 0.05798059668228296
INFO:cooler._balance:variance is 0.021559360781843843
INFO:cooler._balance:variance is 0.008025988697908997
INFO:cooler._balance:variance is 0.0029891088230385183
INFO:cooler._balance:variance is 0.001113693822393483
INFO:cooler._balance:variance is 0.00041500189911427405
INFO:cooler._balance:variance is 0.00015466739118452752
INFO:cooler._balance:variance is 5.764580594710217e-05
INFO:cooler._balance:variance is 2.148620288724318e-05
INFO:cooler._balance:variance is 8.008635342032626e-06
INFO:cooler._balance:chr17
INFO:cooler._balance:variance is 492246.73570689175
INFO:cooler._balance:variance is 84632.42016682439
INFO:cooler._balance:variance is 24116.121229519984
INFO:cooler._balance:variance is 7794.503647864305
INFO:cooler._balance:variance is 2455.0916666477992
INFO:cooler._balance:variance is 792.2755011669351
INFO:cooler._balance:variance is 254.61673928267845
INFO:cooler._balance:variance is 82.26164452603804
INFO:cooler._balance:variance is 26.566181740599937
INFO:cooler._balance:variance is 8.590344124365645
INFO:cooler._balance:variance is 2.777929063123092
INFO:cooler._balance:variance is 0.8986260257346695
INFO:cooler._balance:variance is 0.29071524985054537
INFO:cooler._balance:variance is 0.09405920818626118
INFO:cooler._balance:variance is 0.030433448364834508
INFO:cooler._balance:variance is 0.009847278125126393
INFO:cooler._balance:variance is 0.003186314829320831
INFO:cooler._balance:variance is 0.0010310193182521319
INFO:cooler._balance:variance is 0.0003336169777335235
INFO:cooler._balance:variance is 0.00010795225076007522
INFO:cooler._balance:variance is 3.4931451401817985e-05
INFO:cooler._balance:variance is 1.1303227366852383e-05
INFO:cooler._balance:variance is 3.657538251338722e-06
INFO:cooler._balance:chr18
INFO:cooler._balance:variance is 360279.86562659947
INFO:cooler._balance:variance is 36212.016515624615
INFO:cooler._balance:variance is 5697.569614177275
INFO:cooler._balance:variance is 989.9456837503745
INFO:cooler._balance:variance is 171.99329793192106
INFO:cooler._balance:variance is 30.52799850636698
INFO:cooler._balance:variance is 5.428771534530814
INFO:cooler._balance:variance is 0.9709117237353427
INFO:cooler._balance:variance is 0.17389852897092856
INFO:cooler._balance:variance is 0.03120196864728303
INFO:cooler._balance:variance is 0.005602629473231609
INFO:cooler._balance:variance is 0.001006642384825007
INFO:cooler._balance:variance is 0.00018092756396277679
INFO:cooler._balance:variance is 3.2526755342803136e-05
INFO:cooler._balance:variance is 5.848448852082185e-06
INFO:cooler._balance:chr20
INFO:cooler._balance:variance is 251140.55618805916
INFO:cooler._balance:variance is 16355.137512546406
INFO:cooler._balance:variance is 3849.3310241871086
INFO:cooler._balance:variance is 1068.395189312718
INFO:cooler._balance:variance is 323.51949483762974
INFO:cooler._balance:variance is 102.93535402171064
INFO:cooler._balance:variance is 33.71521623724654
INFO:cooler._balance:variance is 11.248251222543388
INFO:cooler._balance:variance is 3.795490134747238
INFO:cooler._balance:variance is 1.289012925528886
INFO:cooler._balance:variance is 0.4396503569415388
INFO:cooler._balance:variance is 0.15028759428123953
INFO:cooler._balance:variance is 0.0514542358971113
INFO:cooler._balance:variance is 0.017630046727484416
INFO:cooler._balance:variance is 0.006044112948543125
INFO:cooler._balance:variance is 0.0020726649160676272
INFO:cooler._balance:variance is 0.0007109097971306173
INFO:cooler._balance:variance is 0.00024386065402978033
INFO:cooler._balance:variance is 8.365675150060766e-05
INFO:cooler._balance:variance is 2.8699567180147064e-05
INFO:cooler._balance:variance is 9.846032665606924e-06
INFO:cooler._balance:chrY
INFO:cooler._balance:variance is 123725.14340632355
INFO:cooler._balance:variance is 49207.417900460074
INFO:cooler._balance:variance is 25591.201829478574
INFO:cooler._balance:variance is 14873.489876066877
INFO:cooler._balance:variance is 7630.057405603788
INFO:cooler._balance:variance is 4293.237994788419
INFO:cooler._balance:variance is 2237.445037090762
INFO:cooler._balance:variance is 1236.3547480733891
INFO:cooler._balance:variance is 655.0989896480627
INFO:cooler._balance:variance is 358.32666374768684
INFO:cooler._balance:variance is 191.741864822235
INFO:cooler._balance:variance is 104.31868425919626
INFO:cooler._balance:variance is 56.11068023756877
INFO:cooler._balance:variance is 30.442529376387803
INFO:cooler._balance:variance is 16.41766022553305
INFO:cooler._balance:variance is 8.89425884122352
INFO:cooler._balance:variance is 4.803158018759011
INFO:cooler._balance:variance is 2.6000711636623546
INFO:cooler._balance:variance is 1.4050932690897253
INFO:cooler._balance:variance is 0.7602909716638135
INFO:cooler._balance:variance is 0.41101503161302183
INFO:cooler._balance:variance is 0.2223476844619971
INFO:cooler._balance:variance is 0.1202246762668393
INFO:cooler._balance:variance is 0.0650300659381895
INFO:cooler._balance:variance is 0.035165699649409875
INFO:cooler._balance:variance is 0.01901998832996834
INFO:cooler._balance:variance is 0.010285816982116272
INFO:cooler._balance:variance is 0.005563058975717225
INFO:cooler._balance:variance is 0.0030085329317090237
INFO:cooler._balance:variance is 0.001627124848606333
INFO:cooler._balance:variance is 0.0008799717310112865
INFO:cooler._balance:variance is 0.0004759157378274041
INFO:cooler._balance:variance is 0.0002573839917039158
INFO:cooler._balance:variance is 0.00013920033891070513
INFO:cooler._balance:variance is 7.528244376862779e-05
INFO:cooler._balance:variance is 4.0714683853693884e-05
INFO:cooler._balance:variance is 2.201940269461562e-05
INFO:cooler._balance:variance is 1.1908639058227721e-05
INFO:cooler._balance:variance is 6.440464142637175e-06
INFO:cooler._balance:chr19
INFO:cooler._balance:variance is 950325.75041252
INFO:cooler._balance:variance is 212618.96057329202
INFO:cooler._balance:variance is 35226.68890627628
INFO:cooler._balance:variance is 8568.312687430518
INFO:cooler._balance:variance is 1923.7266503994606
INFO:cooler._balance:variance is 485.5239667720568
INFO:cooler._balance:variance is 124.38034552003317
INFO:cooler._balance:variance is 33.35149018629739
INFO:cooler._balance:variance is 9.114155566108233
INFO:cooler._balance:variance is 2.540017323949328
INFO:cooler._balance:variance is 0.7157227134167202
INFO:cooler._balance:variance is 0.20343260161520965
INFO:cooler._balance:variance is 0.058137828026949764
INFO:cooler._balance:variance is 0.016679735333979456
INFO:cooler._balance:variance is 0.004797673581939099
INFO:cooler._balance:variance is 0.0013824274526072521
INFO:cooler._balance:variance is 0.0003988143076585531
INFO:cooler._balance:variance is 0.0001151472446899253
INFO:cooler._balance:variance is 3.326417688037365e-05
INFO:cooler._balance:variance is 9.613124468904844e-06
INFO:cooler._balance:chr22
INFO:cooler._balance:variance is 476784.12126740604
INFO:cooler._balance:variance is 308434.11846824124
INFO:cooler._balance:variance is 49671.244948365355
INFO:cooler._balance:variance is 22095.81894179982
INFO:cooler._balance:variance is 6104.039251717078
INFO:cooler._balance:variance is 2221.922679731652
INFO:cooler._balance:variance is 729.2767178530243
INFO:cooler._balance:variance is 257.3915602109408
INFO:cooler._balance:variance is 89.75420832709719
INFO:cooler._balance:variance is 31.97334422518695
INFO:cooler._balance:variance is 11.444829488216383
INFO:cooler._balance:variance is 4.1298549612908095
INFO:cooler._balance:variance is 1.4982725215768489
INFO:cooler._balance:variance is 0.5456999659460264
INFO:cooler._balance:variance is 0.19946281457214388
INFO:cooler._balance:variance is 0.07306707015798757
INFO:cooler._balance:variance is 0.02682164264069276
INFO:cooler._balance:variance is 0.009858293011565562
INFO:cooler._balance:variance is 0.00362765148397732
INFO:cooler._balance:variance is 0.001335891207666234
INFO:cooler._balance:variance is 0.0004922637214686753
INFO:cooler._balance:variance is 0.00018147230099845783
INFO:cooler._balance:variance is 6.692344482838426e-05
INFO:cooler._balance:variance is 2.468610554869922e-05
INFO:cooler._balance:variance is 9.10778747696146e-06
INFO:cooler._balance:chr21
INFO:cooler._balance:variance is 238823.89157529932
INFO:cooler._balance:variance is 35532.698282221805
INFO:cooler._balance:variance is 7320.396392256055
INFO:cooler._balance:variance is 1947.527908682674
INFO:cooler._balance:variance is 618.0014208912825
INFO:cooler._balance:variance is 234.60474255995567
INFO:cooler._balance:variance is 101.30586192555923
INFO:cooler._balance:variance is 47.567071871028176
INFO:cooler._balance:variance is 23.257453364015856
INFO:cooler._balance:variance is 11.696578502210022
INFO:cooler._balance:variance is 5.935484630129107
INFO:cooler._balance:variance is 3.042688016971545
INFO:cooler._balance:variance is 1.5620644231419736
INFO:cooler._balance:variance is 0.8053192524605145
INFO:cooler._balance:variance is 0.41515094526654994
INFO:cooler._balance:variance is 0.21442483198239837
INFO:cooler._balance:variance is 0.110718818709156
INFO:cooler._balance:variance is 0.05722198355790223
INFO:cooler._balance:variance is 0.029566902005348197
INFO:cooler._balance:variance is 0.015284125765939155
INFO:cooler._balance:variance is 0.007899723036874312
INFO:cooler._balance:variance is 0.0040839218063604835
INFO:cooler._balance:variance is 0.00211108346254227
INFO:cooler._balance:variance is 0.001091390355089614
INFO:cooler._balance:variance is 0.0005642006282697797
INFO:cooler._balance:variance is 0.00029168246818741557
INFO:cooler._balance:variance is 0.00015079098479284236
INFO:cooler._balance:variance is 7.795646227772192e-05
INFO:cooler._balance:variance is 4.030162207963056e-05
INFO:cooler._balance:variance is 2.0835255307426075e-05
INFO:cooler._balance:variance is 1.0771389578305565e-05
INFO:cooler._balance:variance is 5.568620566697114e-06
INFO:cooler._balance:chrM
