INFO:cooler.cli.balance:Balancing "analysis_other/porec/T2T01/cooler/T2T01_100000_balanced.cool"
INFO:cooler._balance:chr1
INFO:cooler._balance:variance is 289756931.03544134
INFO:cooler._balance:variance is 71720674.11966316
INFO:cooler._balance:variance is 23097793.056654405
INFO:cooler._balance:variance is 10200355.725598384
INFO:cooler._balance:variance is 4315709.025817997
INFO:cooler._balance:variance is 1986018.415294273
INFO:cooler._balance:variance is 893118.978324589
INFO:cooler._balance:variance is 413613.5995627186
INFO:cooler._balance:variance is 189091.85237244988
INFO:cooler._balance:variance is 87493.84527640442
INFO:cooler._balance:variance is 40216.65535343625
INFO:cooler._balance:variance is 18583.55709189345
INFO:cooler._balance:variance is 8559.584673208221
INFO:cooler._balance:variance is 3951.9584251575634
INFO:cooler._balance:variance is 1821.8350667627392
INFO:cooler._balance:variance is 840.7730753174876
INFO:cooler._balance:variance is 387.73796800522325
INFO:cooler._balance:variance is 178.90190796671732
INFO:cooler._balance:variance is 82.51775282161371
INFO:cooler._balance:variance is 38.06971972077147
INFO:cooler._balance:variance is 17.560833839142905
INFO:cooler._balance:variance is 8.101334708165037
INFO:cooler._balance:variance is 3.737120502406276
INFO:cooler._balance:variance is 1.7240061761293697
INFO:cooler._balance:variance is 0.7952913267879322
INFO:cooler._balance:variance is 0.366879496678052
INFO:cooler._balance:variance is 0.16924429524913606
INFO:cooler._balance:variance is 0.07807448685754234
INFO:cooler._balance:variance is 0.03601647389775198
INFO:cooler._balance:variance is 0.01661480779851869
INFO:cooler._balance:variance is 0.007664574418027326
INFO:cooler._balance:variance is 0.0035357514345902116
INFO:cooler._balance:variance is 0.001631078106639572
INFO:cooler._balance:variance is 0.0007524336890089883
INFO:cooler._balance:variance is 0.00034710542916153715
INFO:cooler._balance:variance is 0.00016012339330832165
INFO:cooler._balance:variance is 7.386658574993452e-05
INFO:cooler._balance:variance is 3.407543118663366e-05
INFO:cooler._balance:variance is 1.5719351714291077e-05
INFO:cooler._balance:variance is 7.251501564733604e-06
INFO:cooler._balance:chr2
INFO:cooler._balance:variance is 382899150.1651043
INFO:cooler._balance:variance is 79820705.88465758
INFO:cooler._balance:variance is 18411567.074708894
INFO:cooler._balance:variance is 4977216.112373337
INFO:cooler._balance:variance is 1298190.2134487845
INFO:cooler._balance:variance is 355219.2434008476
INFO:cooler._balance:variance is 97866.20790982434
INFO:cooler._balance:variance is 27737.79674624638
INFO:cooler._balance:variance is 8011.5066647697995
INFO:cooler._balance:variance is 2368.5599803826485
INFO:cooler._balance:variance is 714.3556353352345
INFO:cooler._balance:variance is 219.59811789609128
INFO:cooler._balance:variance is 68.617369186359
INFO:cooler._balance:variance is 21.743288578656045
INFO:cooler._balance:variance is 6.969710807436356
INFO:cooler._balance:variance is 2.254977393866607
INFO:cooler._balance:variance is 0.734962419882039
INFO:cooler._balance:variance is 0.24092333100667152
INFO:cooler._balance:variance is 0.07932572550668572
INFO:cooler._balance:variance is 0.026206919455806298
INFO:cooler._balance:variance is 0.008680237185182346
INFO:cooler._balance:variance is 0.0028806283905084547
INFO:cooler._balance:variance is 0.0009573589094258129
INFO:cooler._balance:variance is 0.00031851930831892174
INFO:cooler._balance:variance is 0.00010605984117669897
INFO:cooler._balance:variance is 3.533707416052687e-05
INFO:cooler._balance:variance is 1.1778973195969148e-05
INFO:cooler._balance:variance is 3.927635678189785e-06
INFO:cooler._balance:chr3
INFO:cooler._balance:variance is 276000980.15680856
INFO:cooler._balance:variance is 74179446.48552153
INFO:cooler._balance:variance is 14874809.024132669
INFO:cooler._balance:variance is 4512402.339903979
INFO:cooler._balance:variance is 1201565.6262304045
INFO:cooler._balance:variance is 359395.5118990117
INFO:cooler._balance:variance is 106626.47121691795
INFO:cooler._balance:variance is 33288.2194211204
INFO:cooler._balance:variance is 10595.471378972798
INFO:cooler._balance:variance is 3476.092004323104
INFO:cooler._balance:variance is 1162.6296191410509
INFO:cooler._balance:variance is 396.12863275772406
INFO:cooler._balance:variance is 136.74257182033858
INFO:cooler._balance:variance is 47.706454927249965
INFO:cooler._balance:variance is 16.770008663516588
INFO:cooler._balance:variance is 5.9288167056501155
INFO:cooler._balance:variance is 2.1045584783946794
INFO:cooler._balance:variance is 0.7492671104438173
INFO:cooler._balance:variance is 0.26731171580632584
INFO:cooler._balance:variance is 0.0955100176342742
INFO:cooler._balance:variance is 0.03416152812118437
INFO:cooler._balance:variance is 0.012227873812962807
INFO:cooler._balance:variance is 0.0043791860180863755
INFO:cooler._balance:variance is 0.0015689091796246273
INFO:cooler._balance:variance is 0.0005622326761039075
INFO:cooler._balance:variance is 0.00020151843212398184
INFO:cooler._balance:variance is 7.223871321349951e-05
INFO:cooler._balance:variance is 2.5897932696865738e-05
INFO:cooler._balance:variance is 9.285135132290759e-06
INFO:cooler._balance:chr4
INFO:cooler._balance:variance is 308307676.8156295
INFO:cooler._balance:variance is 56643523.76822583
INFO:cooler._balance:variance is 11158333.83813119
INFO:cooler._balance:variance is 2934150.0354574
INFO:cooler._balance:variance is 785821.9437990653
INFO:cooler._balance:variance is 232026.0603367881
INFO:cooler._balance:variance is 70217.61187121585
INFO:cooler._balance:variance is 22015.821591197084
INFO:cooler._balance:variance is 6986.401404864343
INFO:cooler._balance:variance is 2245.6557000460366
INFO:cooler._balance:variance is 725.5561593921886
INFO:cooler._balance:variance is 235.5461917019999
INFO:cooler._balance:variance is 76.63592805564966
INFO:cooler._balance:variance is 24.980329266228946
INFO:cooler._balance:variance is 8.1503318797462
INFO:cooler._balance:variance is 2.6612241487791457
INFO:cooler._balance:variance is 0.8692980181111785
INFO:cooler._balance:variance is 0.284049672452063
INFO:cooler._balance:variance is 0.09283262459319525
INFO:cooler._balance:variance is 0.030343566099845596
INFO:cooler._balance:variance is 0.009919023291234178
INFO:cooler._balance:variance is 0.0032426297810689707
INFO:cooler._balance:variance is 0.00106008875899137
INFO:cooler._balance:variance is 0.00034657617491114847
INFO:cooler._balance:variance is 0.00011330853234999065
INFO:cooler._balance:variance is 3.704518075311325e-05
INFO:cooler._balance:variance is 1.2111674673655227e-05
INFO:cooler._balance:variance is 3.959852491079084e-06
INFO:cooler._balance:chr5
INFO:cooler._balance:variance is 334295132.46488374
INFO:cooler._balance:variance is 49098521.41219819
INFO:cooler._balance:variance is 8262823.578373914
INFO:cooler._balance:variance is 1583266.9262336814
INFO:cooler._balance:variance is 305273.99185967376
INFO:cooler._balance:variance is 61637.86059826655
INFO:cooler._balance:variance is 12850.984499569287
INFO:cooler._balance:variance is 2806.2438883893083
INFO:cooler._balance:variance is 642.6169511474058
INFO:cooler._balance:variance is 155.0973203503252
INFO:cooler._balance:variance is 39.36857782462672
INFO:cooler._balance:variance is 10.46520481507751
INFO:cooler._balance:variance is 2.8910892008074773
INFO:cooler._balance:variance is 0.8234239497466862
INFO:cooler._balance:variance is 0.23994906558366422
INFO:cooler._balance:variance is 0.0710972187548913
INFO:cooler._balance:variance is 0.021317084958920582
INFO:cooler._balance:variance is 0.006444929272963032
INFO:cooler._balance:variance is 0.001959883285621821
INFO:cooler._balance:variance is 0.0005984121663292045
INFO:cooler._balance:variance is 0.00018323001613524594
INFO:cooler._balance:variance is 5.621479995868864e-05
INFO:cooler._balance:variance is 1.7270576863335663e-05
INFO:cooler._balance:variance is 5.31113663885675e-06
INFO:cooler._balance:chr6
INFO:cooler._balance:variance is 375043513.7678658
INFO:cooler._balance:variance is 188010293.4242179
INFO:cooler._balance:variance is 56094618.8753833
INFO:cooler._balance:variance is 28711851.338019636
INFO:cooler._balance:variance is 10718084.64989151
INFO:cooler._balance:variance is 4906180.547740858
INFO:cooler._balance:variance is 1977663.3584244063
INFO:cooler._balance:variance is 865183.1603101922
INFO:cooler._balance:variance is 359417.05589323264
INFO:cooler._balance:variance is 154406.37838315152
INFO:cooler._balance:variance is 64933.32587353473
INFO:cooler._balance:variance is 27689.789638028902
INFO:cooler._balance:variance is 11703.482140495778
INFO:cooler._balance:variance is 4975.544838012158
INFO:cooler._balance:variance is 2107.418400924026
INFO:cooler._balance:variance is 894.7966287622705
INFO:cooler._balance:variance is 379.33115168487296
INFO:cooler._balance:variance is 160.97600266583927
INFO:cooler._balance:variance is 68.26801510001081
INFO:cooler._balance:variance is 28.964293814699413
INFO:cooler._balance:variance is 12.285351715613627
INFO:cooler._balance:variance is 5.211856671543465
INFO:cooler._balance:variance is 2.2107831992408444
INFO:cooler._balance:variance is 0.9378509749468732
INFO:cooler._balance:variance is 0.3978321291665169
INFO:cooler._balance:variance is 0.16876418381670705
INFO:cooler._balance:variance is 0.07158986479212287
INFO:cooler._balance:variance is 0.030368889620020018
INFO:cooler._balance:variance is 0.012882566706176738
INFO:cooler._balance:variance is 0.005464852949253711
INFO:cooler._balance:variance is 0.002318210749551883
INFO:cooler._balance:variance is 0.000983396030772282
INFO:cooler._balance:variance is 0.0004171606058064122
INFO:cooler._balance:variance is 0.0001769614202421446
INFO:cooler._balance:variance is 7.506778573664467e-05
INFO:cooler._balance:variance is 3.1844087992525106e-05
INFO:cooler._balance:variance is 1.3508399639601146e-05
INFO:cooler._balance:variance is 5.7303225561348986e-06
INFO:cooler._balance:chr7
INFO:cooler._balance:variance is 317731842.1162436
INFO:cooler._balance:variance is 82185657.47303955
INFO:cooler._balance:variance is 19085359.222962305
INFO:cooler._balance:variance is 5615737.065270381
INFO:cooler._balance:variance is 1486035.1537988978
INFO:cooler._balance:variance is 417165.3654511507
INFO:cooler._balance:variance is 113791.38744680733
INFO:cooler._balance:variance is 31540.435071015574
INFO:cooler._balance:variance is 8676.682058131404
INFO:cooler._balance:variance is 2398.099173926289
INFO:cooler._balance:variance is 661.6471596319486
INFO:cooler._balance:variance is 182.85009695086165
INFO:cooler._balance:variance is 50.52638607564115
INFO:cooler._balance:variance is 13.97362022867321
INFO:cooler._balance:variance is 3.8660643641415184
INFO:cooler._balance:variance is 1.07034420587579
INFO:cooler._balance:variance is 0.2965023670118089
INFO:cooler._balance:variance is 0.08219188615813978
INFO:cooler._balance:variance is 0.022799493036210327
INFO:cooler._balance:variance is 0.006329091527911812
INFO:cooler._balance:variance is 0.0017582854690040206
INFO:cooler._balance:variance is 0.0004888642129060244
INFO:cooler._balance:variance is 0.00013603593066837343
INFO:cooler._balance:variance is 3.788813973141203e-05
INFO:cooler._balance:variance is 1.0562191290555678e-05
INFO:cooler._balance:variance is 2.9472923678199733e-06
INFO:cooler._balance:chrX
INFO:cooler._balance:variance is 169832626.83686846
INFO:cooler._balance:variance is 6118785.798659464
INFO:cooler._balance:variance is 590469.2838337201
INFO:cooler._balance:variance is 64800.630494763354
INFO:cooler._balance:variance is 7328.222798960766
INFO:cooler._balance:variance is 840.8248650127653
INFO:cooler._balance:variance is 97.52105888395508
INFO:cooler._balance:variance is 11.509056738740355
INFO:cooler._balance:variance is 1.4074907684416431
INFO:cooler._balance:variance is 0.18541216312862707
INFO:cooler._balance:variance is 0.02797933152333771
INFO:cooler._balance:variance is 0.005116160428353312
INFO:cooler._balance:variance is 0.0011330285582800432
INFO:cooler._balance:variance is 0.00028709394149721134
INFO:cooler._balance:variance is 7.823589787433436e-05
INFO:cooler._balance:variance is 2.2051006620161717e-05
INFO:cooler._balance:variance is 6.305974170214953e-06
INFO:cooler._balance:chr9
INFO:cooler._balance:variance is 236223875.91139942
INFO:cooler._balance:variance is 69622047.62214242
INFO:cooler._balance:variance is 25199585.331577674
INFO:cooler._balance:variance is 13559946.816537026
INFO:cooler._balance:variance is 6054006.226179106
INFO:cooler._balance:variance is 3370719.6325000036
INFO:cooler._balance:variance is 1661738.6551065454
INFO:cooler._balance:variance is 932348.745212677
INFO:cooler._balance:variance is 488342.70764330035
INFO:cooler._balance:variance is 274697.44650217326
INFO:cooler._balance:variance is 148899.17178010213
INFO:cooler._balance:variance is 83845.76840014708
INFO:cooler._balance:variance is 46290.46790921728
INFO:cooler._balance:variance is 26077.012573663374
INFO:cooler._balance:variance is 14535.265699261288
INFO:cooler._balance:variance is 8188.9778075125505
INFO:cooler._balance:variance is 4587.115457419481
INFO:cooler._balance:variance is 2584.209132608226
INFO:cooler._balance:variance is 1451.2585205453677
INFO:cooler._balance:variance is 817.5154717876738
INFO:cooler._balance:variance is 459.713305654121
INFO:cooler._balance:variance is 258.94178158257176
INFO:cooler._balance:variance is 145.71108833568846
INFO:cooler._balance:variance is 82.06891047018179
INFO:cooler._balance:variance is 46.1983348582091
INFO:cooler._balance:variance is 26.01904644592582
INFO:cooler._balance:variance is 14.649476078714786
INFO:cooler._balance:variance is 8.2503586858747
INFO:cooler._balance:variance is 4.645663041906881
INFO:cooler._balance:variance is 2.6163092999411663
INFO:cooler._balance:variance is 1.4732877248127936
INFO:cooler._balance:variance is 0.8297036685822198
INFO:cooler._balance:variance is 0.46723372445563716
INFO:cooler._balance:variance is 0.26312731631068403
INFO:cooler._balance:variance is 0.14817807783605857
INFO:cooler._balance:variance is 0.08344752529732392
INFO:cooler._balance:variance is 0.04699321903545538
INFO:cooler._balance:variance is 0.02646447884935883
INFO:cooler._balance:variance is 0.014903459782732742
INFO:cooler._balance:variance is 0.00839294629574933
INFO:cooler._balance:variance is 0.004726496073167595
INFO:cooler._balance:variance is 0.0026617432981298436
INFO:cooler._balance:variance is 0.001498965478032073
INFO:cooler._balance:variance is 0.0008441472684268694
INFO:cooler._balance:variance is 0.0004753834007613897
INFO:cooler._balance:variance is 0.0002677136028668127
INFO:cooler._balance:variance is 0.00015076357095307455
INFO:cooler._balance:variance is 8.490294343806664e-05
INFO:cooler._balance:variance is 4.781331157424337e-05
INFO:cooler._balance:variance is 2.6926202082357195e-05
INFO:cooler._balance:variance is 1.5163562110631754e-05
INFO:cooler._balance:variance is 8.539402413904705e-06
INFO:cooler._balance:chr8
INFO:cooler._balance:variance is 231478077.2317253
INFO:cooler._balance:variance is 37715851.256864764
INFO:cooler._balance:variance is 7669858.540892999
INFO:cooler._balance:variance is 1808277.1707611925
INFO:cooler._balance:variance is 424917.4071148382
INFO:cooler._balance:variance is 102780.87584917345
INFO:cooler._balance:variance is 24871.11307573087
INFO:cooler._balance:variance is 6066.68382245288
INFO:cooler._balance:variance is 1481.5938733370665
INFO:cooler._balance:variance is 362.93586415431963
INFO:cooler._balance:variance is 89.03500408170082
INFO:cooler._balance:variance is 21.88598266614749
INFO:cooler._balance:variance is 5.3895336377498895
INFO:cooler._balance:variance is 1.3300667148592114
INFO:cooler._balance:variance is 0.32902580311685736
INFO:cooler._balance:variance is 0.08162108191455275
INFO:cooler._balance:variance is 0.02031325477714745
INFO:cooler._balance:variance is 0.005074495131579986
INFO:cooler._balance:variance is 0.0012731958770695552
INFO:cooler._balance:variance is 0.0003210456431094333
INFO:cooler._balance:variance is 8.141501339475735e-05
INFO:cooler._balance:variance is 2.0778611759865286e-05
INFO:cooler._balance:variance is 5.340847774388838e-06
INFO:cooler._balance:chr11
INFO:cooler._balance:variance is 386981250.5885371
INFO:cooler._balance:variance is 202222462.0499356
INFO:cooler._balance:variance is 64224473.48818853
INFO:cooler._balance:variance is 33147810.34822322
INFO:cooler._balance:variance is 12719012.254478838
INFO:cooler._balance:variance is 5915814.37495019
INFO:cooler._balance:variance is 2429029.2907885183
INFO:cooler._balance:variance is 1081674.080948511
INFO:cooler._balance:variance is 456768.87593795144
INFO:cooler._balance:variance is 199700.17080905245
INFO:cooler._balance:variance is 85342.92246297287
INFO:cooler._balance:variance is 37020.37092120296
INFO:cooler._balance:variance is 15902.22011134136
INFO:cooler._balance:variance is 6874.9164590880755
INFO:cooler._balance:variance is 2959.67156540366
INFO:cooler._balance:variance is 1277.6833631717031
INFO:cooler._balance:variance is 550.5701062757316
INFO:cooler._balance:variance is 237.5313432027449
INFO:cooler._balance:variance is 102.39729357317495
INFO:cooler._balance:variance is 44.165156567080516
INFO:cooler._balance:variance is 19.04250799151125
INFO:cooler._balance:variance is 8.212303616761863
INFO:cooler._balance:variance is 3.5411350774998787
INFO:cooler._balance:variance is 1.5270793076105942
INFO:cooler._balance:variance is 0.6584963496808531
INFO:cooler._balance:variance is 0.28396387324504907
INFO:cooler._balance:variance is 0.12245063172322553
INFO:cooler._balance:variance is 0.05280398570823208
INFO:cooler._balance:variance is 0.02277022382174892
INFO:cooler._balance:variance is 0.009819089763717124
INFO:cooler._balance:variance is 0.0042342156232573315
INFO:cooler._balance:variance is 0.0018258964690500241
INFO:cooler._balance:variance is 0.0007873691282509266
INFO:cooler._balance:variance is 0.00033953241058230977
INFO:cooler._balance:variance is 0.00014641436349695577
INFO:cooler._balance:variance is 6.313735709885097e-05
INFO:cooler._balance:variance is 2.722631956733284e-05
INFO:cooler._balance:variance is 1.1740635126189982e-05
INFO:cooler._balance:variance is 5.062839586811373e-06
INFO:cooler._balance:chr10
INFO:cooler._balance:variance is 271090671.41311383
INFO:cooler._balance:variance is 47764830.68476348
INFO:cooler._balance:variance is 11438073.54660283
INFO:cooler._balance:variance is 3158902.9913325068
INFO:cooler._balance:variance is 867423.8352977283
INFO:cooler._balance:variance is 246720.16745866663
INFO:cooler._balance:variance is 70599.65653758125
INFO:cooler._balance:variance is 20563.54448178105
INFO:cooler._balance:variance is 6048.162976951775
INFO:cooler._balance:variance is 1802.2244020789449
INFO:cooler._balance:variance is 542.4352838302034
INFO:cooler._balance:variance is 164.99158959066293
INFO:cooler._balance:variance is 50.63157886181608
INFO:cooler._balance:variance is 15.668032534344869
INFO:cooler._balance:variance is 4.883218771635194
INFO:cooler._balance:variance is 1.531653998903098
INFO:cooler._balance:variance is 0.4830090953060366
INFO:cooler._balance:variance is 0.15302561708805262
INFO:cooler._balance:variance is 0.04866984589942267
INFO:cooler._balance:variance is 0.015530146859855523
INFO:cooler._balance:variance is 0.004968989433585191
INFO:cooler._balance:variance is 0.0015934438113092684
INFO:cooler._balance:variance is 0.0005119271055008436
INFO:cooler._balance:variance is 0.00016471721801296444
INFO:cooler._balance:variance is 5.306510046950889e-05
INFO:cooler._balance:variance is 1.7112726640963608e-05
INFO:cooler._balance:variance is 5.523162595150065e-06
INFO:cooler._balance:chr12
INFO:cooler._balance:variance is 330523193.41914934
INFO:cooler._balance:variance is 131469172.88421808
INFO:cooler._balance:variance is 41264356.17410893
INFO:cooler._balance:variance is 17371008.215124443
INFO:cooler._balance:variance is 6223996.672190664
INFO:cooler._balance:variance is 2489879.0851904387
INFO:cooler._balance:variance is 935139.7837197382
INFO:cooler._balance:variance is 366563.4367301625
INFO:cooler._balance:variance is 140189.57829499463
INFO:cooler._balance:variance is 54512.89537967934
INFO:cooler._balance:variance is 20994.83494772136
INFO:cooler._balance:variance is 8138.160875179369
INFO:cooler._balance:variance is 3142.82184035877
INFO:cooler._balance:variance is 1216.7433651924946
INFO:cooler._balance:variance is 470.3811311301502
INFO:cooler._balance:variance is 182.02099942215244
INFO:cooler._balance:variance is 70.39629330088935
INFO:cooler._balance:variance is 27.23585839460688
INFO:cooler._balance:variance is 10.535089289838817
INFO:cooler._balance:variance is 4.075665293956741
INFO:cooler._balance:variance is 1.5766032460379797
INFO:cooler._balance:variance is 0.6099170626441166
INFO:cooler._balance:variance is 0.23594191037272763
INFO:cooler._balance:variance is 0.09127437727279283
INFO:cooler._balance:variance is 0.03530914783152864
INFO:cooler._balance:variance is 0.013659325910684032
INFO:cooler._balance:variance is 0.005284077787856648
INFO:cooler._balance:variance is 0.002044139645200733
INFO:cooler._balance:variance is 0.0007907716867087991
INFO:cooler._balance:variance is 0.00030590897097975474
INFO:cooler._balance:variance is 0.00011834039175991424
INFO:cooler._balance:variance is 4.577981213962676e-05
INFO:cooler._balance:variance is 1.770985030037495e-05
INFO:cooler._balance:variance is 6.85102980550357e-06
INFO:cooler._balance:chr13
INFO:cooler._balance:variance is 152567869.35484055
INFO:cooler._balance:variance is 22293864.6352208
INFO:cooler._balance:variance is 4875133.250153551
INFO:cooler._balance:variance is 1345204.586686054
INFO:cooler._balance:variance is 391949.1773288927
INFO:cooler._balance:variance is 120596.66382048052
INFO:cooler._balance:variance is 37559.67085779464
INFO:cooler._balance:variance is 11891.984347492345
INFO:cooler._balance:variance is 3781.034536633772
INFO:cooler._balance:variance is 1209.3143803432495
INFO:cooler._balance:variance is 387.54208887886125
INFO:cooler._balance:variance is 124.4834634457486
INFO:cooler._balance:variance is 40.023943269170125
INFO:cooler._balance:variance is 12.88089176584031
INFO:cooler._balance:variance is 4.147354086360319
INFO:cooler._balance:variance is 1.3358981270872388
INFO:cooler._balance:variance is 0.4303968393294466
INFO:cooler._balance:variance is 0.13868872227753587
INFO:cooler._balance:variance is 0.04469474819708095
INFO:cooler._balance:variance is 0.01440473127942242
INFO:cooler._balance:variance is 0.0046427325180451165
INFO:cooler._balance:variance is 0.0014964314622045855
INFO:cooler._balance:variance is 0.00048233528536672675
INFO:cooler._balance:variance is 0.00015547040547281922
INFO:cooler._balance:variance is 5.011301442907794e-05
INFO:cooler._balance:variance is 1.6153112232036645e-05
INFO:cooler._balance:variance is 5.206714306288092e-06
INFO:cooler._balance:chr14
INFO:cooler._balance:variance is 210215140.9812635
INFO:cooler._balance:variance is 58490964.98990825
INFO:cooler._balance:variance is 15538725.845646167
INFO:cooler._balance:variance is 5758412.61928289
INFO:cooler._balance:variance is 2129794.064472786
INFO:cooler._balance:variance is 867078.1552971036
INFO:cooler._balance:variance is 357857.7503570773
INFO:cooler._balance:variance is 151888.87280656394
INFO:cooler._balance:variance is 64751.10059142815
INFO:cooler._balance:variance is 27846.876779896866
INFO:cooler._balance:variance is 11983.72601442606
INFO:cooler._balance:variance is 5172.397886740976
INFO:cooler._balance:variance is 2232.179652429116
INFO:cooler._balance:variance is 964.3342636194253
INFO:cooler._balance:variance is 416.52721449932056
INFO:cooler._balance:variance is 179.9836778293491
INFO:cooler._balance:variance is 77.76269114023076
INFO:cooler._balance:variance is 33.60296380470642
INFO:cooler._balance:variance is 14.519682363169663
INFO:cooler._balance:variance is 6.274283078421815
INFO:cooler._balance:variance is 2.7111794705399213
INFO:cooler._balance:variance is 1.17155781300226
INFO:cooler._balance:variance is 0.506247948383354
INFO:cooler._balance:variance is 0.21875981435933028
INFO:cooler._balance:variance is 0.09452989194291038
INFO:cooler._balance:variance is 0.04084818532030147
INFO:cooler._balance:variance is 0.017651239083286398
INFO:cooler._balance:variance is 0.007627434263958021
INFO:cooler._balance:variance is 0.0032959546873725
INFO:cooler._balance:variance is 0.0014242438503728708
INFO:cooler._balance:variance is 0.0006154421653716695
INFO:cooler._balance:variance is 0.0002659440614206179
INFO:cooler._balance:variance is 0.00011491937314647238
INFO:cooler._balance:variance is 4.9658805279634524e-05
INFO:cooler._balance:variance is 2.145849416700313e-05
INFO:cooler._balance:variance is 9.272615398039055e-06
INFO:cooler._balance:chr15
INFO:cooler._balance:variance is 118957131.41350865
INFO:cooler._balance:variance is 12093244.269115
INFO:cooler._balance:variance is 1973331.463942745
INFO:cooler._balance:variance is 380225.561994339
INFO:cooler._balance:variance is 74900.91344436735
INFO:cooler._balance:variance is 15759.950194275047
INFO:cooler._balance:variance is 3460.608037319897
INFO:cooler._balance:variance is 812.9823050544887
INFO:cooler._balance:variance is 205.20124106753877
INFO:cooler._balance:variance is 56.15298122537469
INFO:cooler._balance:variance is 16.551272445210163
INFO:cooler._balance:variance is 5.190390815623999
INFO:cooler._balance:variance is 1.7028072631162228
INFO:cooler._balance:variance is 0.5759480087443878
INFO:cooler._balance:variance is 0.19859233589282435
INFO:cooler._balance:variance is 0.06928723457145994
INFO:cooler._balance:variance is 0.024343245293884302
INFO:cooler._balance:variance is 0.008587931852094994
INFO:cooler._balance:variance is 0.0030369358592782173
INFO:cooler._balance:variance is 0.0010754359387169278
INFO:cooler._balance:variance is 0.0003811366247366834
INFO:cooler._balance:variance is 0.0001351380069784581
INFO:cooler._balance:variance is 4.7928060425468935e-05
INFO:cooler._balance:variance is 1.7000781414052896e-05
INFO:cooler._balance:variance is 6.03095757478903e-06
INFO:cooler._balance:chr16
INFO:cooler._balance:variance is 149367997.5780964
INFO:cooler._balance:variance is 48138405.175383136
INFO:cooler._balance:variance is 16791990.94859524
INFO:cooler._balance:variance is 9562278.245307758
INFO:cooler._balance:variance is 4219304.725573778
INFO:cooler._balance:variance is 2291486.409983088
INFO:cooler._balance:variance is 1096600.324715104
INFO:cooler._balance:variance is 576345.0990495196
INFO:cooler._balance:variance is 285271.55553840863
INFO:cooler._balance:variance is 147505.07918978232
INFO:cooler._balance:variance is 74095.51101693475
INFO:cooler._balance:variance is 38007.94750068496
INFO:cooler._balance:variance is 19221.44869879604
INFO:cooler._balance:variance is 9820.939365983391
INFO:cooler._balance:variance is 4982.503197741418
INFO:cooler._balance:variance is 2540.7102717205157
INFO:cooler._balance:variance is 1290.9798665794954
INFO:cooler._balance:variance is 657.6474283754948
INFO:cooler._balance:variance is 334.41627578175536
INFO:cooler._balance:variance is 170.2711090945333
INFO:cooler._balance:variance is 86.61630175914148
INFO:cooler._balance:variance is 44.090119653838826
INFO:cooler._balance:variance is 22.432747071389663
INFO:cooler._balance:variance is 11.417397597728183
INFO:cooler._balance:variance is 5.809649325354386
INFO:cooler._balance:variance is 2.956688459683012
INFO:cooler._balance:variance is 1.504559649817664
INFO:cooler._balance:variance is 0.7656852432590863
INFO:cooler._balance:variance is 0.3896411280966863
INFO:cooler._balance:variance is 0.19828877538894832
INFO:cooler._balance:variance is 0.10090624880580862
INFO:cooler._balance:variance is 0.05135084166891
INFO:cooler._balance:variance is 0.026131855537564027
INFO:cooler._balance:variance is 0.013298351294002803
INFO:cooler._balance:variance is 0.006767400546531409
INFO:cooler._balance:variance is 0.003443883414706736
INFO:cooler._balance:variance is 0.0017525613632203645
INFO:cooler._balance:variance is 0.0008918653387289918
INFO:cooler._balance:variance is 0.0004538626449557771
INFO:cooler._balance:variance is 0.0002309671603851842
INFO:cooler._balance:variance is 0.00011753726273607512
INFO:cooler._balance:variance is 5.98137782930578e-05
INFO:cooler._balance:variance is 3.0438739772830578e-05
INFO:cooler._balance:variance is 1.5490030232198475e-05
INFO:cooler._balance:variance is 7.882749869716014e-06
INFO:cooler._balance:chr17
INFO:cooler._balance:variance is 99464860.2931372
INFO:cooler._balance:variance is 15045403.239819245
INFO:cooler._balance:variance is 3828955.4192045033
INFO:cooler._balance:variance is 1324379.9418135984
INFO:cooler._balance:variance is 481612.94563833775
INFO:cooler._balance:variance is 193435.01904226575
INFO:cooler._balance:variance is 79078.60715463999
INFO:cooler._balance:variance is 33324.318160534
INFO:cooler._balance:variance is 14116.779446821167
INFO:cooler._balance:variance is 6035.3851671643415
INFO:cooler._balance:variance is 2584.395903360647
INFO:cooler._balance:variance is 1109.9356284170476
INFO:cooler._balance:variance is 476.93380432962726
INFO:cooler._balance:variance is 205.14419046852038
INFO:cooler._balance:variance is 88.25429381466903
INFO:cooler._balance:variance is 37.98146795746859
INFO:cooler._balance:variance is 16.34684227532419
INFO:cooler._balance:variance is 7.036484237056967
INFO:cooler._balance:variance is 3.0289116531179703
INFO:cooler._balance:variance is 1.3038885108952507
INFO:cooler._balance:variance is 0.5613029692624067
INFO:cooler._balance:variance is 0.24163687253713764
INFO:cooler._balance:variance is 0.1040231584559429
INFO:cooler._balance:variance is 0.04478168436014058
INFO:cooler._balance:variance is 0.01927840470153666
INFO:cooler._balance:variance is 0.008299332857890054
INFO:cooler._balance:variance is 0.0035728545810483846
INFO:cooler._balance:variance is 0.0015381123859206057
INFO:cooler._balance:variance is 0.0006621567436934481
INFO:cooler._balance:variance is 0.00028505835513258846
INFO:cooler._balance:variance is 0.00012271756763564362
INFO:cooler._balance:variance is 5.282990095455897e-05
INFO:cooler._balance:variance is 2.2743266969224802e-05
INFO:cooler._balance:variance is 9.790974968418116e-06
INFO:cooler._balance:chr18
INFO:cooler._balance:variance is 197108184.7511741
INFO:cooler._balance:variance is 32749491.16797846
INFO:cooler._balance:variance is 6695094.09133015
INFO:cooler._balance:variance is 1556989.732871982
INFO:cooler._balance:variance is 356039.5399153882
INFO:cooler._balance:variance is 83860.49239693255
INFO:cooler._balance:variance is 19693.169864180156
INFO:cooler._balance:variance is 4662.6671464971605
INFO:cooler._balance:variance is 1104.298665623185
INFO:cooler._balance:variance is 262.2099894436483
INFO:cooler._balance:variance is 62.29393744287508
INFO:cooler._balance:variance is 14.812658425076695
INFO:cooler._balance:variance is 3.523437143486265
INFO:cooler._balance:variance is 0.8384025566513048
INFO:cooler._balance:variance is 0.19953310804365626
INFO:cooler._balance:variance is 0.04749431294812556
INFO:cooler._balance:variance is 0.011305914417794492
INFO:cooler._balance:variance is 0.0026915237638129156
INFO:cooler._balance:variance is 0.0006407796281795256
INFO:cooler._balance:variance is 0.00015255700016103327
INFO:cooler._balance:variance is 3.632152890746888e-05
INFO:cooler._balance:variance is 8.647729992458297e-06
INFO:cooler._balance:chr20
INFO:cooler._balance:variance is 112391226.5905991
INFO:cooler._balance:variance is 16482595.487909405
INFO:cooler._balance:variance is 3538558.9023623224
INFO:cooler._balance:variance is 1002659.5279939862
INFO:cooler._balance:variance is 308515.94514013996
INFO:cooler._balance:variance is 110605.32455892752
INFO:cooler._balance:variance is 42878.601478214114
INFO:cooler._balance:variance is 18167.101616150587
INFO:cooler._balance:variance is 8015.252925468914
INFO:cooler._balance:variance is 3664.55253043061
INFO:cooler._balance:variance is 1699.412653325173
INFO:cooler._balance:variance is 797.6031440933745
INFO:cooler._balance:variance is 375.98125070842354
INFO:cooler._balance:variance is 177.93146903304566
INFO:cooler._balance:variance is 84.31364252362415
INFO:cooler._balance:variance is 40.00537216914234
INFO:cooler._balance:variance is 18.988945180437852
INFO:cooler._balance:variance is 9.017493987210623
INFO:cooler._balance:variance is 4.2826857038352175
INFO:cooler._balance:variance is 2.034328260235011
INFO:cooler._balance:variance is 0.966356470126966
INFO:cooler._balance:variance is 0.4590734861038932
INFO:cooler._balance:variance is 0.2180867249247978
INFO:cooler._balance:variance is 0.10360663414630582
INFO:cooler._balance:variance is 0.04922047637862669
INFO:cooler._balance:variance is 0.02338345526787065
INFO:cooler._balance:variance is 0.011108901816420231
INFO:cooler._balance:variance is 0.005277588333929843
INFO:cooler._balance:variance is 0.002507261039113472
INFO:cooler._balance:variance is 0.0011911444311815552
INFO:cooler._balance:variance is 0.0005658861770852142
INFO:cooler._balance:variance is 0.0002688401378384418
INFO:cooler._balance:variance is 0.00012772003081044968
INFO:cooler._balance:variance is 6.067699734228034e-05
INFO:cooler._balance:variance is 2.8826312129991068e-05
INFO:cooler._balance:variance is 1.3694751664119832e-05
INFO:cooler._balance:variance is 6.506077114353974e-06
INFO:cooler._balance:chrY
INFO:cooler._balance:variance is 197818.484375
INFO:cooler._balance:variance is 171179.0029300634
INFO:cooler._balance:variance is 24415.76314201754
INFO:cooler._balance:variance is 20265.767324956145
INFO:cooler._balance:variance is 5641.406823574442
INFO:cooler._balance:variance is 3369.1080127147397
INFO:cooler._balance:variance is 1365.7311697238479
INFO:cooler._balance:variance is 746.8586891390576
INFO:cooler._balance:variance is 378.8932858348318
INFO:cooler._balance:variance is 214.23537919467964
INFO:cooler._balance:variance is 125.02182907874015
INFO:cooler._balance:variance is 75.53149327115852
INFO:cooler._balance:variance is 47.77716131673728
INFO:cooler._balance:variance is 30.436864332372387
INFO:cooler._balance:variance is 20.0676968860485
INFO:cooler._balance:variance is 13.205862043447606
INFO:cooler._balance:variance is 8.884471327989637
INFO:cooler._balance:variance is 5.954440584058709
INFO:cooler._balance:variance is 4.046224490249076
INFO:cooler._balance:variance is 2.7402107424488564
INFO:cooler._balance:variance is 1.8720132058946044
INFO:cooler._balance:variance is 1.2757248123550018
INFO:cooler._balance:variance is 0.874275567482916
INFO:cooler._balance:variance is 0.5981707228672735
INFO:cooler._balance:variance is 0.4107783771774629
INFO:cooler._balance:variance is 0.2818031573957919
INFO:cooler._balance:variance is 0.19380176306097197
INFO:cooler._balance:variance is 0.133201925784459
INFO:cooler._balance:variance is 0.09170492027489033
INFO:cooler._balance:variance is 0.06311552932193017
INFO:cooler._balance:variance is 0.04348937150660653
INFO:cooler._balance:variance is 0.029961755557158624
INFO:cooler._balance:variance is 0.020658769524621704
INFO:cooler._balance:variance is 0.01424376857842302
INFO:cooler._balance:variance is 0.0098264687757938
INFO:cooler._balance:variance is 0.006779226898621929
INFO:cooler._balance:variance is 0.004678928263801698
INFO:cooler._balance:variance is 0.0032295161304910147
INFO:cooler._balance:variance is 0.002229794841191227
INFO:cooler._balance:variance is 0.0015396585821764778
INFO:cooler._balance:variance is 0.001063377521674773
INFO:cooler._balance:variance is 0.0007344889410841862
INFO:cooler._balance:variance is 0.0005074150381026159
INFO:cooler._balance:variance is 0.0003505711165220105
INFO:cooler._balance:variance is 0.00024224369742440195
INFO:cooler._balance:variance is 0.0001674025437333164
INFO:cooler._balance:variance is 0.00011569721335023803
INFO:cooler._balance:variance is 7.996771164017015e-05
INFO:cooler._balance:variance is 5.527751615672537e-05
INFO:cooler._balance:variance is 3.821295955527442e-05
INFO:cooler._balance:variance is 2.641848285778827e-05
INFO:cooler._balance:variance is 1.826546287351619e-05
INFO:cooler._balance:variance is 1.2629409232360517e-05
INFO:cooler._balance:variance is 8.732897922669977e-06
INFO:cooler._balance:chr19
INFO:cooler._balance:variance is 540346148.9444157
INFO:cooler._balance:variance is 173422864.8993754
INFO:cooler._balance:variance is 46383696.75887456
INFO:cooler._balance:variance is 19057465.04619899
INFO:cooler._balance:variance is 6478932.5859994395
INFO:cooler._balance:variance is 2764642.2904026816
INFO:cooler._balance:variance is 1088042.6560570328
INFO:cooler._balance:variance is 471442.1929696781
INFO:cooler._balance:variance is 197942.45920572788
INFO:cooler._balance:variance is 86292.82104502173
INFO:cooler._balance:variance is 37151.95921441659
INFO:cooler._balance:variance is 16230.325926637377
INFO:cooler._balance:variance is 7053.748238296871
INFO:cooler._balance:variance is 3083.3209163782185
INFO:cooler._balance:variance is 1344.7734301056216
INFO:cooler._balance:variance is 587.884473504934
INFO:cooler._balance:variance is 256.74957768156366
INFO:cooler._balance:variance is 112.23909500939432
INFO:cooler._balance:variance is 49.044464735623976
INFO:cooler._balance:variance is 21.439259013872395
INFO:cooler._balance:variance is 9.37012896701463
INFO:cooler._balance:variance is 4.095950888988692
INFO:cooler._balance:variance is 1.7903028485349208
INFO:cooler._balance:variance is 0.782581293789907
INFO:cooler._balance:variance is 0.34207062221281054
INFO:cooler._balance:variance is 0.149525559227155
INFO:cooler._balance:variance is 0.06535934657128373
INFO:cooler._balance:variance is 0.028569701298808828
INFO:cooler._balance:variance is 0.012488216598133846
INFO:cooler._balance:variance is 0.005458805444947445
INFO:cooler._balance:variance is 0.002386125935302712
INFO:cooler._balance:variance is 0.0010430140870883405
INFO:cooler._balance:variance is 0.0004559175892577533
INFO:cooler._balance:variance is 0.00019928884194561972
INFO:cooler._balance:variance is 8.711227132451525e-05
INFO:cooler._balance:variance is 3.807815446910654e-05
INFO:cooler._balance:variance is 1.6644560099155615e-05
INFO:cooler._balance:variance is 7.275600445585981e-06
INFO:cooler._balance:chr22
INFO:cooler._balance:variance is 86871725.73688553
INFO:cooler._balance:variance is 8502639.808043566
INFO:cooler._balance:variance is 1114347.162424939
INFO:cooler._balance:variance is 197632.1067525518
INFO:cooler._balance:variance is 43019.697303548644
INFO:cooler._balance:variance is 12234.676428946066
INFO:cooler._balance:variance is 4245.138186336476
INFO:cooler._balance:variance is 1662.4079043059412
INFO:cooler._balance:variance is 694.9180839064426
INFO:cooler._balance:variance is 299.07375529087136
INFO:cooler._balance:variance is 130.7923162721648
INFO:cooler._balance:variance is 57.55351482853846
INFO:cooler._balance:variance is 25.429379296966818
INFO:cooler._balance:variance is 11.249912141299202
INFO:cooler._balance:variance is 4.982587901123173
INFO:cooler._balance:variance is 2.207283223770781
INFO:cooler._balance:variance is 0.9781604178794391
INFO:cooler._balance:variance is 0.4334810345013754
INFO:cooler._balance:variance is 0.1921228876161562
INFO:cooler._balance:variance is 0.08514966469826458
INFO:cooler._balance:variance is 0.03774020092894695
INFO:cooler._balance:variance is 0.016727112480819976
INFO:cooler._balance:variance is 0.0074138599228651915
INFO:cooler._balance:variance is 0.0032859822697215496
INFO:cooler._balance:variance is 0.0014564269629958138
INFO:cooler._balance:variance is 0.0006455218155663311
INFO:cooler._balance:variance is 0.00028611079251402344
INFO:cooler._balance:variance is 0.00012681100683560365
INFO:cooler._balance:variance is 5.6205670170771276e-05
INFO:cooler._balance:variance is 2.4911680849094045e-05
INFO:cooler._balance:variance is 1.1041450633212028e-05
INFO:cooler._balance:variance is 4.893832642487044e-06
INFO:cooler._balance:chr21
INFO:cooler._balance:variance is 131252531.878401
INFO:cooler._balance:variance is 38821402.13228017
INFO:cooler._balance:variance is 18348436.70518052
INFO:cooler._balance:variance is 11596079.805170834
INFO:cooler._balance:variance is 6836506.855370855
INFO:cooler._balance:variance is 4671811.444049244
INFO:cooler._balance:variance is 2863941.1920746295
INFO:cooler._balance:variance is 1942578.7461988274
INFO:cooler._balance:variance is 1213683.0394569852
INFO:cooler._balance:variance is 812459.440793071
INFO:cooler._balance:variance is 514049.1453125363
INFO:cooler._balance:variance is 340642.16179521807
INFO:cooler._balance:variance is 217385.1808942123
INFO:cooler._balance:variance is 143046.78476941478
INFO:cooler._balance:variance is 91816.04969527619
INFO:cooler._balance:variance is 60134.44198877478
INFO:cooler._balance:variance is 38746.516719169325
INFO:cooler._balance:variance is 25297.858459843694
INFO:cooler._balance:variance is 16341.586554561916
INFO:cooler._balance:variance is 10647.678319078163
INFO:cooler._balance:variance is 6889.503077186381
INFO:cooler._balance:variance is 4482.965772454307
INFO:cooler._balance:variance is 2903.827361999677
INFO:cooler._balance:variance is 1887.8497879844592
INFO:cooler._balance:variance is 1223.7167960849144
INFO:cooler._balance:variance is 795.1137832935615
INFO:cooler._balance:variance is 515.6362128235552
INFO:cooler._balance:variance is 334.9115617750472
INFO:cooler._balance:variance is 217.25750339014058
INFO:cooler._balance:variance is 141.0770565015484
INFO:cooler._balance:variance is 91.5347230796653
INFO:cooler._balance:variance is 59.429099063509156
INFO:cooler._balance:variance is 38.56414867330128
INFO:cooler._balance:variance is 25.035290078030833
INFO:cooler._balance:variance is 16.24699436346512
INFO:cooler._balance:variance is 10.546614549051332
INFO:cooler._balance:variance is 6.844736323833679
INFO:cooler._balance:variance is 4.443017686443252
INFO:cooler._balance:variance is 2.8836117324513695
INFO:cooler._balance:variance is 1.8717418275067883
INFO:cooler._balance:variance is 1.2148271397712462
INFO:cooler._balance:variance is 0.7885255218175375
INFO:cooler._balance:variance is 0.5117886557967954
INFO:cooler._balance:variance is 0.3321901878010664
INFO:cooler._balance:variance is 0.2156084758947457
INFO:cooler._balance:variance is 0.13994540668863117
INFO:cooler._balance:variance is 0.09083230977374371
INFO:cooler._balance:variance is 0.0589564083087226
INFO:cooler._balance:variance is 0.03826612333605927
INFO:cooler._balance:variance is 0.0248372623972144
INFO:cooler._balance:variance is 0.016120863609084695
INFO:cooler._balance:variance is 0.010463492143682132
INFO:cooler._balance:variance is 0.006791441490729279
INFO:cooler._balance:variance is 0.004408082581343909
INFO:cooler._balance:variance is 0.002861116281151715
INFO:cooler._balance:variance is 0.0018570469510802452
INFO:cooler._balance:variance is 0.0012053383633843344
INFO:cooler._balance:variance is 0.0007823410273402538
INFO:cooler._balance:variance is 0.0005077879630160845
INFO:cooler._balance:variance is 0.0003295864639281356
INFO:cooler._balance:variance is 0.0002139221688197511
INFO:cooler._balance:variance is 0.00013884896709360687
INFO:cooler._balance:variance is 9.012165609135323e-05
INFO:cooler._balance:variance is 5.849462431812057e-05
INFO:cooler._balance:variance is 3.7966671176920955e-05
INFO:cooler._balance:variance is 2.464275555038582e-05
INFO:cooler._balance:variance is 1.5994691567476028e-05
INFO:cooler._balance:variance is 1.0381559303830056e-05
INFO:cooler._balance:variance is 6.738282474763972e-06
INFO:cooler._balance:chrM
