INFO:cooler.cli.balance:Balancing "analysis_other/porec/T2T00/cooler/T2T00_25000_balanced.cool"
INFO:cooler._balance:chr1
INFO:cooler._balance:variance is 140529.3240820378
INFO:cooler._balance:variance is 15479.77571653094
INFO:cooler._balance:variance is 3166.576437915967
INFO:cooler._balance:variance is 889.3735958666183
INFO:cooler._balance:variance is 257.3763486350391
INFO:cooler._balance:variance is 87.6349657860406
INFO:cooler._balance:variance is 31.88743780521326
INFO:cooler._balance:variance is 12.920283975512959
INFO:cooler._balance:variance is 5.576032604600698
INFO:cooler._balance:variance is 2.5514784997337574
INFO:cooler._balance:variance is 1.2067356228532107
INFO:cooler._balance:variance is 0.5847852396621672
INFO:cooler._balance:variance is 0.28704091615355287
INFO:cooler._balance:variance is 0.14214430588684027
INFO:cooler._balance:variance is 0.07070013101748987
INFO:cooler._balance:variance is 0.035273814675397704
INFO:cooler._balance:variance is 0.017624004590813157
INFO:cooler._balance:variance is 0.008815090948840278
INFO:cooler._balance:variance is 0.004411074771562112
INFO:cooler._balance:variance is 0.0022081570065049755
INFO:cooler._balance:variance is 0.0011055407112165584
INFO:cooler._balance:variance is 0.0005535810221523463
INFO:cooler._balance:variance is 0.0002772071453860301
INFO:cooler._balance:variance is 0.00013881968489192268
INFO:cooler._balance:variance is 6.951871949725147e-05
INFO:cooler._balance:variance is 3.4814622510116035e-05
INFO:cooler._balance:variance is 1.743501005784535e-05
INFO:cooler._balance:variance is 8.731452286231923e-06
INFO:cooler._balance:chr2
INFO:cooler._balance:variance is 146360.29658476345
INFO:cooler._balance:variance is 17736.371580428706
INFO:cooler._balance:variance is 4240.394682155897
INFO:cooler._balance:variance is 1336.9688169137426
INFO:cooler._balance:variance is 421.1152985140497
INFO:cooler._balance:variance is 140.30549114075615
INFO:cooler._balance:variance is 46.68397877052374
INFO:cooler._balance:variance is 15.779544672089807
INFO:cooler._balance:variance is 5.34160632412736
INFO:cooler._balance:variance is 1.8203333821305792
INFO:cooler._balance:variance is 0.6220066091576046
INFO:cooler._balance:variance is 0.21346607468095508
INFO:cooler._balance:variance is 0.07349034579484677
INFO:cooler._balance:variance is 0.025394544870274784
INFO:cooler._balance:variance is 0.008804265344770622
INFO:cooler._balance:variance is 0.003063105910892624
INFO:cooler._balance:variance is 0.0010692563338894079
INFO:cooler._balance:variance is 0.0003745064754890705
INFO:cooler._balance:variance is 0.00013159829458770918
INFO:cooler._balance:variance is 4.63904464539449e-05
INFO:cooler._balance:variance is 1.6403895388760246e-05
INFO:cooler._balance:variance is 5.817820457145682e-06
INFO:cooler._balance:chr3
INFO:cooler._balance:variance is 132466.92360193428
INFO:cooler._balance:variance is 26518.38534935829
INFO:cooler._balance:variance is 7059.350563959517
INFO:cooler._balance:variance is 3022.394850342587
INFO:cooler._balance:variance is 1077.677150435452
INFO:cooler._balance:variance is 457.66257394475247
INFO:cooler._balance:variance is 179.58231382936827
INFO:cooler._balance:variance is 75.40548169812749
INFO:cooler._balance:variance is 30.70364052246865
INFO:cooler._balance:variance is 12.853577229106488
INFO:cooler._balance:variance is 5.320221344067292
INFO:cooler._balance:variance is 2.228792602110987
INFO:cooler._balance:variance is 0.9301879624028573
INFO:cooler._balance:variance is 0.3903995887353484
INFO:cooler._balance:variance is 0.16370104871915933
INFO:cooler._balance:variance is 0.06883732612003951
INFO:cooler._balance:variance is 0.028949045717490532
INFO:cooler._balance:variance is 0.012193289279991469
INFO:cooler._balance:variance is 0.005137695185241716
INFO:cooler._balance:variance is 0.002166796497491377
INFO:cooler._balance:variance is 0.0009141951945129494
INFO:cooler._balance:variance is 0.00038593555935328777
INFO:cooler._balance:variance is 0.00016298081060918176
INFO:cooler._balance:variance is 6.885371591031097e-05
INFO:cooler._balance:variance is 2.9095945465265484e-05
INFO:cooler._balance:variance is 1.2298531718336976e-05
INFO:cooler._balance:variance is 5.199479720528282e-06
INFO:cooler._balance:chr4
INFO:cooler._balance:variance is 138982.74446383782
INFO:cooler._balance:variance is 32677.94698134876
INFO:cooler._balance:variance is 7936.325926594097
INFO:cooler._balance:variance is 2910.62750354261
INFO:cooler._balance:variance is 959.1726093243482
INFO:cooler._balance:variance is 357.4813239951715
INFO:cooler._balance:variance is 129.93994731379183
INFO:cooler._balance:variance is 49.47396076507918
INFO:cooler._balance:variance is 18.785585592417547
INFO:cooler._balance:variance is 7.273843673870783
INFO:cooler._balance:variance is 2.8223081938366916
INFO:cooler._balance:variance is 1.1047769142456505
INFO:cooler._balance:variance is 0.43342350818621733
INFO:cooler._balance:variance is 0.17074675684889556
INFO:cooler._balance:variance is 0.06736846999511001
INFO:cooler._balance:variance is 0.026633750619703436
INFO:cooler._balance:variance is 0.010539142964233793
INFO:cooler._balance:variance is 0.00417452805215468
INFO:cooler._balance:variance is 0.0016543713234093223
INFO:cooler._balance:variance is 0.0006559528402988302
INFO:cooler._balance:variance is 0.00026015611936151
INFO:cooler._balance:variance is 0.00010320558175414
INFO:cooler._balance:variance is 4.09484544481149e-05
INFO:cooler._balance:variance is 1.6248991686278032e-05
INFO:cooler._balance:variance is 6.44836817908258e-06
INFO:cooler._balance:chr5
INFO:cooler._balance:variance is 170379.65453818568
INFO:cooler._balance:variance is 28088.60128659037
INFO:cooler._balance:variance is 6300.865488529413
INFO:cooler._balance:variance is 1758.4851854777191
INFO:cooler._balance:variance is 471.3530485529652
INFO:cooler._balance:variance is 132.4791230744764
INFO:cooler._balance:variance is 37.18055397242749
INFO:cooler._balance:variance is 10.62771254584265
INFO:cooler._balance:variance is 3.0640042947965704
INFO:cooler._balance:variance is 0.8962268522380057
INFO:cooler._balance:variance is 0.265725037013776
INFO:cooler._balance:variance is 0.08010780452376758
INFO:cooler._balance:variance is 0.02458360068008242
INFO:cooler._balance:variance is 0.007695093160171975
INFO:cooler._balance:variance is 0.002459095880933231
INFO:cooler._balance:variance is 0.0008027544877550521
INFO:cooler._balance:variance is 0.00026758427545665983
INFO:cooler._balance:variance is 9.098274357524081e-05
INFO:cooler._balance:variance is 3.150162055586319e-05
INFO:cooler._balance:variance is 1.1083594802502936e-05
INFO:cooler._balance:variance is 3.9538141390328334e-06
INFO:cooler._balance:chr6
INFO:cooler._balance:variance is 244184.11375565437
INFO:cooler._balance:variance is 36052.70527268136
INFO:cooler._balance:variance is 13353.717478172162
INFO:cooler._balance:variance is 7615.586084048296
INFO:cooler._balance:variance is 3446.985469016177
INFO:cooler._balance:variance is 1902.549916531414
INFO:cooler._balance:variance is 922.7427137353699
INFO:cooler._balance:variance is 494.45753147131865
INFO:cooler._balance:variance is 247.6161222541597
INFO:cooler._balance:variance is 130.45512798659638
INFO:cooler._balance:variance is 66.35747755610262
INFO:cooler._balance:variance is 34.64221581629653
INFO:cooler._balance:variance is 17.758889210150095
INFO:cooler._balance:variance is 9.226414131621114
INFO:cooler._balance:variance is 4.748461965434581
INFO:cooler._balance:variance is 2.460752529911254
INFO:cooler._balance:variance is 1.2689949518992407
INFO:cooler._balance:variance is 0.6567476200468154
INFO:cooler._balance:variance is 0.33902940925565694
INFO:cooler._balance:variance is 0.17533776478234783
INFO:cooler._balance:variance is 0.09056160219674918
INFO:cooler._balance:variance is 0.046819398644311026
INFO:cooler._balance:variance is 0.02418871536713306
INFO:cooler._balance:variance is 0.012502973614056414
INFO:cooler._balance:variance is 0.006460428200464281
INFO:cooler._balance:variance is 0.003339025009522331
INFO:cooler._balance:variance is 0.0017254371374544962
INFO:cooler._balance:variance is 0.0008917346917441141
INFO:cooler._balance:variance is 0.00046082006322335523
INFO:cooler._balance:variance is 0.0002381532885346256
INFO:cooler._balance:variance is 0.00012307240480750713
INFO:cooler._balance:variance is 6.360335578109669e-05
INFO:cooler._balance:variance is 3.2869149323065983e-05
INFO:cooler._balance:variance is 1.6986534066275832e-05
INFO:cooler._balance:variance is 8.778401587821651e-06
INFO:cooler._balance:chr7
INFO:cooler._balance:variance is 121865.3652793115
INFO:cooler._balance:variance is 21610.57409316656
INFO:cooler._balance:variance is 5786.437255158907
INFO:cooler._balance:variance is 2220.701333887944
INFO:cooler._balance:variance is 767.7782547670746
INFO:cooler._balance:variance is 295.2629719095061
INFO:cooler._balance:variance is 108.74512872130192
INFO:cooler._balance:variance is 41.49149788933202
INFO:cooler._balance:variance is 15.589293648031449
INFO:cooler._balance:variance is 5.930777561921413
INFO:cooler._balance:variance is 2.2443928364044274
INFO:cooler._balance:variance is 0.8533249010679662
INFO:cooler._balance:variance is 0.323883003104147
INFO:cooler._balance:variance is 0.1231640726008117
INFO:cooler._balance:variance is 0.04681518630277642
INFO:cooler._balance:variance is 0.017810006645075423
INFO:cooler._balance:variance is 0.006775416225561024
INFO:cooler._balance:variance is 0.0025787367032039108
INFO:cooler._balance:variance is 0.0009815916132242704
INFO:cooler._balance:variance is 0.0003737480210101186
INFO:cooler._balance:variance is 0.00014232860712848773
INFO:cooler._balance:variance is 5.421175425387622e-05
INFO:cooler._balance:variance is 2.0651753929903967e-05
INFO:cooler._balance:variance is 7.86842589491561e-06
INFO:cooler._balance:chrX
INFO:cooler._balance:variance is 29443.89661038109
INFO:cooler._balance:variance is 3096.2630155869924
INFO:cooler._balance:variance is 653.8433809224437
INFO:cooler._balance:variance is 221.70789973629635
INFO:cooler._balance:variance is 67.49911703663302
INFO:cooler._balance:variance is 23.19079154645487
INFO:cooler._balance:variance is 7.835888368263428
INFO:cooler._balance:variance is 2.7674646520075754
INFO:cooler._balance:variance is 0.9879942793626132
INFO:cooler._balance:variance is 0.3621459224491735
INFO:cooler._balance:variance is 0.13509065821098892
INFO:cooler._balance:variance is 0.05148722940567141
INFO:cooler._balance:variance is 0.019988938315022877
INFO:cooler._balance:variance is 0.007908417600775276
INFO:cooler._balance:variance is 0.0031825912721259704
INFO:cooler._balance:variance is 0.0013015562111337042
INFO:cooler._balance:variance is 0.0005399659706403086
INFO:cooler._balance:variance is 0.00022691578156588355
INFO:cooler._balance:variance is 9.643249252409112e-05
INFO:cooler._balance:variance is 4.1380889825149836e-05
INFO:cooler._balance:variance is 1.7904388762488324e-05
INFO:cooler._balance:variance is 7.8010392039827e-06
INFO:cooler._balance:chr9
INFO:cooler._balance:variance is 140664.34354572435
INFO:cooler._balance:variance is 34703.837314700155
INFO:cooler._balance:variance is 11563.831315631149
INFO:cooler._balance:variance is 4820.2056661995075
INFO:cooler._balance:variance is 2069.7981084757607
INFO:cooler._balance:variance is 928.1576592271896
INFO:cooler._balance:variance is 416.6235100592863
INFO:cooler._balance:variance is 191.38816445002197
INFO:cooler._balance:variance is 88.18460432214648
INFO:cooler._balance:variance is 41.52284784891255
INFO:cooler._balance:variance is 19.738647869452176
INFO:cooler._balance:variance is 9.614769635512491
INFO:cooler._balance:variance is 4.759603762652342
INFO:cooler._balance:variance is 2.4205540849088085
INFO:cooler._balance:variance is 1.2561925559891454
INFO:cooler._balance:variance is 0.6694268701106382
INFO:cooler._balance:variance is 0.36397235519844173
INFO:cooler._balance:variance is 0.2023521505382914
INFO:cooler._balance:variance is 0.1143492432965156
INFO:cooler._balance:variance is 0.06567294472721386
INFO:cooler._balance:variance is 0.03814908987397042
INFO:cooler._balance:variance is 0.022394634796524822
INFO:cooler._balance:variance is 0.013240652697660709
INFO:cooler._balance:variance is 0.007878099792550898
INFO:cooler._balance:variance is 0.0047071568833490915
INFO:cooler._balance:variance is 0.0028227691785730497
INFO:cooler._balance:variance is 0.0016967694981453757
INFO:cooler._balance:variance is 0.0010220099572773047
INFO:cooler._balance:variance is 0.0006163909642274726
INFO:cooler._balance:variance is 0.0003721739924418585
INFO:cooler._balance:variance is 0.00022487724858194765
INFO:cooler._balance:variance is 0.0001359605371709726
INFO:cooler._balance:variance is 8.223326368019302e-05
INFO:cooler._balance:variance is 4.9754057528393865e-05
INFO:cooler._balance:variance is 3.010921189724464e-05
INFO:cooler._balance:variance is 1.8224268134762153e-05
INFO:cooler._balance:variance is 1.103186525708208e-05
INFO:cooler._balance:variance is 6.678690870373476e-06
INFO:cooler._balance:chr8
INFO:cooler._balance:variance is 98354.97997676434
INFO:cooler._balance:variance is 11121.510454577026
INFO:cooler._balance:variance is 2399.4737879265526
INFO:cooler._balance:variance is 688.6106479900968
INFO:cooler._balance:variance is 202.1847223581516
INFO:cooler._balance:variance is 63.297786164074374
INFO:cooler._balance:variance is 20.049772569545425
INFO:cooler._balance:variance is 6.48665157350877
INFO:cooler._balance:variance is 2.1138148561917336
INFO:cooler._balance:variance is 0.6952129803368544
INFO:cooler._balance:variance is 0.22972754764221284
INFO:cooler._balance:variance is 0.07629485650670502
INFO:cooler._balance:variance is 0.025425613789450626
INFO:cooler._balance:variance is 0.008502288312719682
INFO:cooler._balance:variance is 0.0028512430031143285
INFO:cooler._balance:variance is 0.0009588300081173866
INFO:cooler._balance:variance is 0.00032326608910760303
INFO:cooler._balance:variance is 0.00010926156062310234
INFO:cooler._balance:variance is 3.7018531275084686e-05
INFO:cooler._balance:variance is 1.2571714874054977e-05
INFO:cooler._balance:variance is 4.2792212144093224e-06
INFO:cooler._balance:chr11
INFO:cooler._balance:variance is 119190.29618660263
INFO:cooler._balance:variance is 33566.51055229811
INFO:cooler._balance:variance is 13093.803939853135
INFO:cooler._balance:variance is 7849.471728432295
INFO:cooler._balance:variance is 3779.5709203366346
INFO:cooler._balance:variance is 2241.7247777467464
INFO:cooler._balance:variance is 1153.9078282688313
INFO:cooler._balance:variance is 665.1676097841055
INFO:cooler._balance:variance is 353.3296956436482
INFO:cooler._balance:variance is 199.81501364189415
INFO:cooler._balance:variance is 107.91198953848087
INFO:cooler._balance:variance is 60.339577940333264
INFO:cooler._balance:variance is 32.88247338696865
INFO:cooler._balance:variance is 18.268155215159364
INFO:cooler._balance:variance is 10.005007738938177
INFO:cooler._balance:variance is 5.538268610385724
INFO:cooler._balance:variance is 3.041521264683889
INFO:cooler._balance:variance is 1.6802366102386306
INFO:cooler._balance:variance is 0.9241605811910837
INFO:cooler._balance:variance is 0.5099649218540689
INFO:cooler._balance:variance is 0.28072563529367534
INFO:cooler._balance:variance is 0.15481230622409714
INFO:cooler._balance:variance is 0.08526065649860015
INFO:cooler._balance:variance is 0.047002735330810425
INFO:cooler._balance:variance is 0.025892708510941186
INFO:cooler._balance:variance is 0.014271502249773176
INFO:cooler._balance:variance is 0.007862947134327123
INFO:cooler._balance:variance is 0.004333433851499283
INFO:cooler._balance:variance is 0.002387710382689725
INFO:cooler._balance:variance is 0.0013158410297536703
INFO:cooler._balance:variance is 0.0007250559822744227
INFO:cooler._balance:variance is 0.00039955770326082396
INFO:cooler._balance:variance is 0.0002201698762013947
INFO:cooler._balance:variance is 0.00012132722174691122
INFO:cooler._balance:variance is 6.685629501305516e-05
INFO:cooler._balance:variance is 3.684159832712764e-05
INFO:cooler._balance:variance is 2.0301383560318656e-05
INFO:cooler._balance:variance is 1.1187150504870566e-05
INFO:cooler._balance:variance is 6.1646492811947275e-06
INFO:cooler._balance:chr10
INFO:cooler._balance:variance is 147937.85168758026
INFO:cooler._balance:variance is 14707.094819303236
INFO:cooler._balance:variance is 3675.388138526936
INFO:cooler._balance:variance is 1164.5690444941367
INFO:cooler._balance:variance is 387.71803697315397
INFO:cooler._balance:variance is 137.22510579459083
INFO:cooler._balance:variance is 49.30457686283351
INFO:cooler._balance:variance is 18.105676641835284
INFO:cooler._balance:variance is 6.694456311205507
INFO:cooler._balance:variance is 2.4984762871762634
INFO:cooler._balance:variance is 0.9359481082803764
INFO:cooler._balance:variance is 0.35226436889678314
INFO:cooler._balance:variance is 0.13290483139255863
INFO:cooler._balance:variance is 0.05028435207453978
INFO:cooler._balance:variance is 0.019060286848661505
INFO:cooler._balance:variance is 0.0072391005018482505
INFO:cooler._balance:variance is 0.0027536728910899037
INFO:cooler._balance:variance is 0.0010491040914270438
INFO:cooler._balance:variance is 0.00040023098016141146
INFO:cooler._balance:variance is 0.0001528883431545659
INFO:cooler._balance:variance is 5.8473015517459626e-05
INFO:cooler._balance:variance is 2.2388858770567167e-05
INFO:cooler._balance:variance is 8.581557358560317e-06
INFO:cooler._balance:chr12
INFO:cooler._balance:variance is 105319.41404034093
INFO:cooler._balance:variance is 22467.154522988454
INFO:cooler._balance:variance is 7611.0813572290035
INFO:cooler._balance:variance is 3334.941871410385
INFO:cooler._balance:variance is 1374.7662147499716
INFO:cooler._balance:variance is 621.4036399739917
INFO:cooler._balance:variance is 272.35246792961215
INFO:cooler._balance:variance is 123.91670424455477
INFO:cooler._balance:variance is 55.60087349896753
INFO:cooler._balance:variance is 25.3571593567433
INFO:cooler._balance:variance is 11.492223054867445
INFO:cooler._balance:variance is 5.246903457391534
INFO:cooler._balance:variance is 2.388800942772157
INFO:cooler._balance:variance is 1.0912665017066867
INFO:cooler._balance:variance is 0.4978895394680654
INFO:cooler._balance:variance is 0.22752141964449638
INFO:cooler._balance:variance is 0.10391230073432317
INFO:cooler._balance:variance is 0.047493472760354455
INFO:cooler._balance:variance is 0.021701660370770627
INFO:cooler._balance:variance is 0.009919820600186403
INFO:cooler._balance:variance is 0.004533855526413923
INFO:cooler._balance:variance is 0.00207254182270112
INFO:cooler._balance:variance is 0.0009473681886431155
INFO:cooler._balance:variance is 0.0004330802013663911
INFO:cooler._balance:variance is 0.0001979745732981047
INFO:cooler._balance:variance is 9.05037760420215e-05
INFO:cooler._balance:variance is 4.137333551397485e-05
INFO:cooler._balance:variance is 1.8913944341689163e-05
INFO:cooler._balance:variance is 8.646539391196084e-06
INFO:cooler._balance:chr13
INFO:cooler._balance:variance is 70840.29190190263
INFO:cooler._balance:variance is 9935.225703918226
INFO:cooler._balance:variance is 1583.3627702685937
INFO:cooler._balance:variance is 360.78976590167963
INFO:cooler._balance:variance is 81.30058684470562
INFO:cooler._balance:variance is 21.058843407402247
INFO:cooler._balance:variance is 5.889356985740223
INFO:cooler._balance:variance is 1.8159667385621352
INFO:cooler._balance:variance is 0.6024825195108089
INFO:cooler._balance:variance is 0.21207790265607548
INFO:cooler._balance:variance is 0.07780403974934973
INFO:cooler._balance:variance is 0.029364850651963457
INFO:cooler._balance:variance is 0.011296109207235127
INFO:cooler._balance:variance is 0.0044008256500611105
INFO:cooler._balance:variance is 0.0017294651457751544
INFO:cooler._balance:variance is 0.0006837147790502431
INFO:cooler._balance:variance is 0.0002714506939307327
INFO:cooler._balance:variance is 0.00010810299284816786
INFO:cooler._balance:variance is 4.314989699986215e-05
INFO:cooler._balance:variance is 1.725307106393707e-05
INFO:cooler._balance:variance is 6.907596504022243e-06
INFO:cooler._balance:chr14
INFO:cooler._balance:variance is 99367.442923891
INFO:cooler._balance:variance is 23234.242732838033
INFO:cooler._balance:variance is 5881.463851482091
INFO:cooler._balance:variance is 2018.5654304670343
INFO:cooler._balance:variance is 621.8092478215269
INFO:cooler._balance:variance is 216.9753338212804
INFO:cooler._balance:variance is 72.72331729405984
INFO:cooler._balance:variance is 25.926024375337033
INFO:cooler._balance:variance is 9.210549199865214
INFO:cooler._balance:variance is 3.407660728396222
INFO:cooler._balance:variance is 1.2842024784298938
INFO:cooler._balance:variance is 0.502499175461663
INFO:cooler._balance:variance is 0.2028995493847842
INFO:cooler._balance:variance is 0.08511099391380816
INFO:cooler._balance:variance is 0.03695704803284002
INFO:cooler._balance:variance is 0.01659481834040194
INFO:cooler._balance:variance is 0.007667084255658598
INFO:cooler._balance:variance is 0.0036286774113848588
INFO:cooler._balance:variance is 0.0017502451093179261
INFO:cooler._balance:variance is 0.0008566960767103066
INFO:cooler._balance:variance is 0.00042394417265753236
INFO:cooler._balance:variance is 0.00021149439739540172
INFO:cooler._balance:variance is 0.00010612696176770877
INFO:cooler._balance:variance is 5.34785598651403e-05
INFO:cooler._balance:variance is 2.702933229009511e-05
INFO:cooler._balance:variance is 1.3690473268975395e-05
INFO:cooler._balance:variance is 6.94477741532097e-06
INFO:cooler._balance:chr15
INFO:cooler._balance:variance is 83399.09802622728
INFO:cooler._balance:variance is 13958.848492435256
INFO:cooler._balance:variance is 3911.999991188935
INFO:cooler._balance:variance is 1851.6681552321706
INFO:cooler._balance:variance is 676.9894030814626
INFO:cooler._balance:variance is 356.61429616011753
INFO:cooler._balance:variance is 151.03018820670516
INFO:cooler._balance:variance is 80.60396445226627
INFO:cooler._balance:variance is 37.21155163570075
INFO:cooler._balance:variance is 19.643620550511635
INFO:cooler._balance:variance is 9.512997000783571
INFO:cooler._balance:variance is 4.964617556348576
INFO:cooler._balance:variance is 2.46847056579734
INFO:cooler._balance:variance is 1.2787178990161303
INFO:cooler._balance:variance is 0.6452223354506113
INFO:cooler._balance:variance is 0.3329136562767667
INFO:cooler._balance:variance is 0.16939725524148272
INFO:cooler._balance:variance is 0.08724461277690139
INFO:cooler._balance:variance is 0.044609863469964886
INFO:cooler._balance:variance is 0.022960423050246412
INFO:cooler._balance:variance is 0.01177421457937075
INFO:cooler._balance:variance is 0.006059594773254581
INFO:cooler._balance:variance is 0.003112883005875674
INFO:cooler._balance:variance is 0.0016022879152099213
INFO:cooler._balance:variance is 0.0008240205867069364
INFO:cooler._balance:variance is 0.0004242422759072598
INFO:cooler._balance:variance is 0.00021833157430472383
INFO:cooler._balance:variance is 0.00011243201043518406
INFO:cooler._balance:variance is 5.7888379730292876e-05
INFO:cooler._balance:variance is 2.9815985039522194e-05
INFO:cooler._balance:variance is 1.5356159825645638e-05
INFO:cooler._balance:variance is 7.910581435373202e-06
INFO:cooler._balance:chr16
INFO:cooler._balance:variance is 93489.78635718062
INFO:cooler._balance:variance is 22533.56758638928
INFO:cooler._balance:variance is 6975.499147311595
INFO:cooler._balance:variance is 3032.1410877796966
INFO:cooler._balance:variance is 1241.566078439192
INFO:cooler._balance:variance is 596.6855608138095
INFO:cooler._balance:variance is 276.8241941313178
INFO:cooler._balance:variance is 142.44400161042395
INFO:cooler._balance:variance is 72.22087103298213
INFO:cooler._balance:variance is 39.11313245285722
INFO:cooler._balance:variance is 21.09312426950274
INFO:cooler._balance:variance is 11.824971873314176
INFO:cooler._balance:variance is 6.624360162581428
INFO:cooler._balance:variance is 3.7910533073294923
INFO:cooler._balance:variance is 2.1695423408138774
INFO:cooler._balance:variance is 1.2557382610353751
INFO:cooler._balance:variance is 0.7268063823973482
INFO:cooler._balance:variance is 0.4231723803671705
INFO:cooler._balance:variance is 0.2463600048029955
INFO:cooler._balance:variance is 0.14387138343260683
INFO:cooler._balance:variance is 0.08400785190049814
INFO:cooler._balance:variance is 0.04913356037368369
INFO:cooler._balance:variance is 0.028733051926212692
INFO:cooler._balance:variance is 0.016817635641241804
INFO:cooler._balance:variance is 0.00984247139550909
INFO:cooler._balance:variance is 0.005762986653321492
INFO:cooler._balance:variance is 0.0033741063317972923
INFO:cooler._balance:variance is 0.001975972259328389
INFO:cooler._balance:variance is 0.0011571255114357147
INFO:cooler._balance:variance is 0.0006777052981513371
INFO:cooler._balance:variance is 0.0003969047232837808
INFO:cooler._balance:variance is 0.00023246909782400843
INFO:cooler._balance:variance is 0.0001361552550071541
INFO:cooler._balance:variance is 7.974845241579365e-05
INFO:cooler._balance:variance is 4.670935556576327e-05
INFO:cooler._balance:variance is 2.7358730581016363e-05
INFO:cooler._balance:variance is 1.6024485195536764e-05
INFO:cooler._balance:variance is 9.385947373046986e-06
INFO:cooler._balance:chr17
INFO:cooler._balance:variance is 170047.8641419375
INFO:cooler._balance:variance is 28395.63505375842
INFO:cooler._balance:variance is 10227.896311689134
INFO:cooler._balance:variance is 5153.670878899993
INFO:cooler._balance:variance is 2386.132934089866
INFO:cooler._balance:variance is 1244.6346589810082
INFO:cooler._balance:variance is 621.6062701663017
INFO:cooler._balance:variance is 325.82066086829235
INFO:cooler._balance:variance is 167.26030599453955
INFO:cooler._balance:variance is 87.69714669190428
INFO:cooler._balance:variance is 45.5313084962216
INFO:cooler._balance:variance is 23.86774420797503
INFO:cooler._balance:variance is 12.453193679468711
INFO:cooler._balance:variance is 6.526911747562511
INFO:cooler._balance:variance is 3.413101803985727
INFO:cooler._balance:variance is 1.7886743024312848
INFO:cooler._balance:variance is 0.9363240773355711
INFO:cooler._balance:variance is 0.4906618313459062
INFO:cooler._balance:variance is 0.2569766876619376
INFO:cooler._balance:variance is 0.1346588792435367
INFO:cooler._balance:variance is 0.07054266617477638
INFO:cooler._balance:variance is 0.03696449013581246
INFO:cooler._balance:variance is 0.019366615463372584
INFO:cooler._balance:variance is 0.010148031925703509
INFO:cooler._balance:variance is 0.005317125800195978
INFO:cooler._balance:variance is 0.0027861363309310025
INFO:cooler._balance:variance is 0.0014598581793312747
INFO:cooler._balance:variance is 0.0007649527479415449
INFO:cooler._balance:variance is 0.00040082022811633
INFO:cooler._balance:variance is 0.00021002584936297033
INFO:cooler._balance:variance is 0.00011005029504425165
INFO:cooler._balance:variance is 5.766520990677228e-05
INFO:cooler._balance:variance is 3.0215800717784616e-05
INFO:cooler._balance:variance is 1.583275624416419e-05
INFO:cooler._balance:variance is 8.296170487839497e-06
INFO:cooler._balance:chr18
INFO:cooler._balance:variance is 79976.68883499465
INFO:cooler._balance:variance is 11318.726007230058
INFO:cooler._balance:variance is 2586.4100636410976
INFO:cooler._balance:variance is 718.2634494652985
INFO:cooler._balance:variance is 207.47160256842807
INFO:cooler._balance:variance is 64.36893400704916
INFO:cooler._balance:variance is 20.348230349301577
INFO:cooler._balance:variance is 6.624649743028454
INFO:cooler._balance:variance is 2.1770802769683426
INFO:cooler._balance:variance is 0.7242874375019633
INFO:cooler._balance:variance is 0.24213738215761516
INFO:cooler._balance:variance is 0.0813810857865981
INFO:cooler._balance:variance is 0.027421835836357464
INFO:cooler._balance:variance is 0.009262513114470561
INFO:cooler._balance:variance is 0.003132934252768233
INFO:cooler._balance:variance is 0.0010609301321567925
INFO:cooler._balance:variance is 0.00035953428533585103
INFO:cooler._balance:variance is 0.00012191446129760153
INFO:cooler._balance:variance is 4.135660976672116e-05
INFO:cooler._balance:variance is 1.4033755701820549e-05
INFO:cooler._balance:variance is 4.7632256142399665e-06
INFO:cooler._balance:chr20
INFO:cooler._balance:variance is 80334.43608975684
INFO:cooler._balance:variance is 15148.810122845958
INFO:cooler._balance:variance is 4839.574317138939
INFO:cooler._balance:variance is 1793.5870437407289
INFO:cooler._balance:variance is 714.921690911606
INFO:cooler._balance:variance is 302.3452643781698
INFO:cooler._balance:variance is 134.01499165054452
INFO:cooler._balance:variance is 62.3706208259993
INFO:cooler._balance:variance is 30.130701549034526
INFO:cooler._balance:variance is 15.07514521676368
INFO:cooler._balance:variance is 7.7287675593229865
INFO:cooler._balance:variance is 4.042576662730299
INFO:cooler._balance:variance is 2.1428321325402773
INFO:cooler._balance:variance is 1.1470449408523777
INFO:cooler._balance:variance is 0.6180409372985423
INFO:cooler._balance:variance is 0.33448345066047763
INFO:cooler._balance:variance is 0.18157883322716833
INFO:cooler._balance:variance is 0.09876082856970875
INFO:cooler._balance:variance is 0.05379193021349402
INFO:cooler._balance:variance is 0.02932235825842046
INFO:cooler._balance:variance is 0.015994141292783193
INFO:cooler._balance:variance is 0.008727056744839338
INFO:cooler._balance:variance is 0.004763245917761914
INFO:cooler._balance:variance is 0.0026001434411645997
INFO:cooler._balance:variance is 0.0014195498819527892
INFO:cooler._balance:variance is 0.0007750463007480258
INFO:cooler._balance:variance is 0.00042318668542308096
INFO:cooler._balance:variance is 0.0002310710460219288
INFO:cooler._balance:variance is 0.0001261745742932654
INFO:cooler._balance:variance is 6.889720093425643e-05
INFO:cooler._balance:variance is 3.762160668967809e-05
INFO:cooler._balance:variance is 2.0543492108527627e-05
INFO:cooler._balance:variance is 1.1217964862472206e-05
INFO:cooler._balance:variance is 6.125678789998385e-06
INFO:cooler._balance:chrY
INFO:cooler._balance:variance is 86108.72639439376
INFO:cooler._balance:variance is 136337.5370383392
INFO:cooler._balance:variance is 130328.3786771421
INFO:cooler._balance:variance is 183413.39089692762
INFO:cooler._balance:variance is 131463.1464058056
INFO:cooler._balance:variance is 155939.24752406008
INFO:cooler._balance:variance is 102719.23955467722
INFO:cooler._balance:variance is 105781.48351057207
INFO:cooler._balance:variance is 69270.86434052093
INFO:cooler._balance:variance is 64308.44958625803
INFO:cooler._balance:variance is 42841.416643284945
INFO:cooler._balance:variance is 37017.29360206147
INFO:cooler._balance:variance is 25184.77840083206
INFO:cooler._balance:variance is 20730.063611182446
INFO:cooler._balance:variance is 14373.150357996512
INFO:cooler._balance:variance is 11450.28207411673
INFO:cooler._balance:variance is 8062.397670664525
INFO:cooler._balance:variance is 6282.007336449382
INFO:cooler._balance:variance is 4476.900945513001
INFO:cooler._balance:variance is 3435.6072764223195
INFO:cooler._balance:variance is 2471.064052068967
INFO:cooler._balance:variance is 1876.3603389109132
INFO:cooler._balance:variance is 1359.0103319252146
INFO:cooler._balance:variance is 1024.2876163732235
INFO:cooler._balance:variance is 745.7637566489988
INFO:cooler._balance:variance is 559.1139652129852
INFO:cooler._balance:variance is 408.6762298706905
INFO:cooler._balance:variance is 305.2301284260896
INFO:cooler._balance:variance is 223.75551160067835
INFO:cooler._balance:variance is 166.65874872834988
INFO:cooler._balance:variance is 122.43832506329767
INFO:cooler._balance:variance is 91.01311386328904
INFO:cooler._balance:variance is 66.97206897139428
INFO:cooler._balance:variance is 49.71034041599702
INFO:cooler._balance:variance is 36.62319661413929
INFO:cooler._balance:variance is 27.15471218130931
INFO:cooler._balance:variance is 20.023502805000387
INFO:cooler._balance:variance is 14.835024867728942
INFO:cooler._balance:variance is 10.946331856154814
INFO:cooler._balance:variance is 8.105246254434444
INFO:cooler._balance:variance is 5.98353644360655
INFO:cooler._balance:variance is 4.428645889363402
INFO:cooler._balance:variance is 3.270537657895521
INFO:cooler._balance:variance is 2.4198925514150096
INFO:cooler._balance:variance is 1.7875576812671863
INFO:cooler._balance:variance is 1.322320076510237
INFO:cooler._balance:variance is 0.9769812513583284
INFO:cooler._balance:variance is 0.7225845036033879
INFO:cooler._balance:variance is 0.5339512870956016
INFO:cooler._balance:variance is 0.3948656200156675
INFO:cooler._balance:variance is 0.2918160487091643
INFO:cooler._balance:variance is 0.21578260442720493
INFO:cooler._balance:variance is 0.1594817271334348
INFO:cooler._balance:variance is 0.11792023064347218
INFO:cooler._balance:variance is 0.08715823771099421
INFO:cooler._balance:variance is 0.06444122082080951
INFO:cooler._balance:variance is 0.04763243940043969
INFO:cooler._balance:variance is 0.03521614649184699
INFO:cooler._balance:variance is 0.026031242745133146
INFO:cooler._balance:variance is 0.019245174586528437
INFO:cooler._balance:variance is 0.014226081112676555
INFO:cooler._balance:variance is 0.010517277272258974
INFO:cooler._balance:variance is 0.007774534668843722
INFO:cooler._balance:variance is 0.0057475910720174075
INFO:cooler._balance:variance is 0.004248763937137816
INFO:cooler._balance:variance is 0.0031410090727179867
INFO:cooler._balance:variance is 0.002321935308688715
INFO:cooler._balance:variance is 0.0017165367494137984
INFO:cooler._balance:variance is 0.0012689284185304064
INFO:cooler._balance:variance is 0.0009380747657846234
INFO:cooler._balance:variance is 0.0006934637415449923
INFO:cooler._balance:variance is 0.0005126513693601145
INFO:cooler._balance:variance is 0.00037897461215302675
INFO:cooler._balance:variance is 0.000280160579313847
INFO:cooler._balance:variance is 0.00020710771249345006
INFO:cooler._balance:variance is 0.00015310596350832155
INFO:cooler._balance:variance is 0.00011318328012059078
INFO:cooler._balance:variance is 8.36714540914125e-05
INFO:cooler._balance:variance is 6.18540539032998e-05
INFO:cooler._balance:variance is 4.572593785718305e-05
INFO:cooler._balance:variance is 3.380290140636166e-05
INFO:cooler._balance:variance is 2.498894941353587e-05
INFO:cooler._balance:variance is 1.8473097739004184e-05
INFO:cooler._balance:variance is 1.3656311872015529e-05
INFO:cooler._balance:variance is 1.0095444192990489e-05
INFO:cooler._balance:variance is 7.463093684709195e-06
INFO:cooler._balance:chr19
INFO:cooler._balance:variance is 279993.02504614525
INFO:cooler._balance:variance is 135104.6325154832
INFO:cooler._balance:variance is 42646.056612854074
INFO:cooler._balance:variance is 22925.279147437122
INFO:cooler._balance:variance is 8855.220659320239
INFO:cooler._balance:variance is 4577.788590498558
INFO:cooler._balance:variance is 2006.4623610192327
INFO:cooler._balance:variance is 1021.6737182737526
INFO:cooler._balance:variance is 482.25483450772316
INFO:cooler._balance:variance is 245.01270396320444
INFO:cooler._balance:variance is 120.4090251008413
INFO:cooler._balance:variance is 61.30565708858729
INFO:cooler._balance:variance is 30.76979978489725
INFO:cooler._balance:variance is 15.7086029255603
INFO:cooler._balance:variance is 7.970437613928757
INFO:cooler._balance:variance is 4.077667299353308
INFO:cooler._balance:variance is 2.080613744621215
INFO:cooler._balance:variance is 1.0659439625285452
INFO:cooler._balance:variance is 0.5454800046474003
INFO:cooler._balance:variance is 0.2797067997297757
INFO:cooler._balance:variance is 0.1433542018628829
INFO:cooler._balance:variance is 0.07354660335622774
INFO:cooler._balance:variance is 0.03772425831168587
INFO:cooler._balance:variance is 0.019360042345792233
INFO:cooler._balance:variance is 0.009934624451871326
INFO:cooler._balance:variance is 0.005099341667710146
INFO:cooler._balance:variance is 0.0026173377417438807
INFO:cooler._balance:variance is 0.0013435895276524903
INFO:cooler._balance:variance is 0.000689710115243647
INFO:cooler._balance:variance is 0.00035407776639617716
INFO:cooler._balance:variance is 0.00018177249199127153
INFO:cooler._balance:variance is 9.331996699713561e-05
INFO:cooler._balance:variance is 4.7909340019505815e-05
INFO:cooler._balance:variance is 2.4596581886237405e-05
INFO:cooler._balance:variance is 1.2627843510614158e-05
INFO:cooler._balance:variance is 6.483184628227319e-06
INFO:cooler._balance:chr22
INFO:cooler._balance:variance is 80972.75347646642
INFO:cooler._balance:variance is 65724.18158798788
INFO:cooler._balance:variance is 9999.356958872046
INFO:cooler._balance:variance is 9311.353884990687
INFO:cooler._balance:variance is 2628.3761328391265
INFO:cooler._balance:variance is 2110.3558619076534
INFO:cooler._balance:variance is 800.1548440557851
INFO:cooler._balance:variance is 553.4121667898365
INFO:cooler._balance:variance is 248.54312808202272
INFO:cooler._balance:variance is 155.10921786089912
INFO:cooler._balance:variance is 76.45795197751966
INFO:cooler._balance:variance is 44.942405397023386
INFO:cooler._balance:variance is 23.291083733373288
INFO:cooler._balance:variance is 13.251859016688186
INFO:cooler._balance:variance is 7.054490919435754
INFO:cooler._balance:variance is 3.945687936390996
INFO:cooler._balance:variance is 2.131098218382091
INFO:cooler._balance:variance is 1.1815908191823847
INFO:cooler._balance:variance is 0.6432809362685921
INFO:cooler._balance:variance is 0.3551382938082477
INFO:cooler._balance:variance is 0.194212672840549
INFO:cooler._balance:variance is 0.10700732968333916
INFO:cooler._balance:variance is 0.05867254173115843
INFO:cooler._balance:variance is 0.032301853179198196
INFO:cooler._balance:variance is 0.01774001891427407
INFO:cooler._balance:variance is 0.009764804354176414
INFO:cooler._balance:variance is 0.005368516868680924
INFO:cooler._balance:variance is 0.0029553349347550602
INFO:cooler._balance:variance is 0.001626013057904263
INFO:cooler._balance:variance is 0.0008953146049465403
INFO:cooler._balance:variance is 0.0004928757785349752
INFO:cooler._balance:variance is 0.0002714620227443999
INFO:cooler._balance:variance is 0.00014950769997233276
INFO:cooler._balance:variance is 8.236790930896144e-05
INFO:cooler._balance:variance is 4.538060224543817e-05
INFO:cooler._balance:variance is 2.5008176964702544e-05
INFO:cooler._balance:variance is 1.3782461620027522e-05
INFO:cooler._balance:variance is 7.59707840961286e-06
INFO:cooler._balance:chr21
INFO:cooler._balance:variance is 68686.72902494331
INFO:cooler._balance:variance is 26616.57967557698
INFO:cooler._balance:variance is 5720.989576738357
INFO:cooler._balance:variance is 2587.6567436344444
INFO:cooler._balance:variance is 784.1120563123884
INFO:cooler._balance:variance is 336.4580132040601
INFO:cooler._balance:variance is 124.25865096461428
INFO:cooler._balance:variance is 53.82874116151195
INFO:cooler._balance:variance is 22.776873433726223
INFO:cooler._balance:variance is 10.450625585398063
INFO:cooler._balance:variance is 4.91014989873033
INFO:cooler._balance:variance is 2.4197313505051445
INFO:cooler._balance:variance is 1.229817621453751
INFO:cooler._balance:variance is 0.6446047710360459
INFO:cooler._balance:variance is 0.34670413194460603
INFO:cooler._balance:variance is 0.1907267954676497
INFO:cooler._balance:variance is 0.10721799996082268
INFO:cooler._balance:variance is 0.06149295142613128
INFO:cooler._balance:variance is 0.03600334333188828
INFO:cooler._balance:variance is 0.021511913578993867
INFO:cooler._balance:variance is 0.013123930565338938
INFO:cooler._balance:variance is 0.008171895213374296
INFO:cooler._balance:variance is 0.005191001472278055
INFO:cooler._balance:variance is 0.0033596480935368742
INFO:cooler._balance:variance is 0.002211967907614785
INFO:cooler._balance:variance is 0.0014785484563109763
INFO:cooler._balance:variance is 0.0010013387226171589
INFO:cooler._balance:variance is 0.0006856382450919961
INFO:cooler._balance:variance is 0.0004737597304868496
INFO:cooler._balance:variance is 0.0003297633333759631
INFO:cooler._balance:variance is 0.00023088933309773634
INFO:cooler._balance:variance is 0.0001624082143602779
INFO:cooler._balance:variance is 0.00011465520420291351
INFO:cooler._balance:variance is 8.116970912930417e-05
INFO:cooler._balance:variance is 5.758970803629207e-05
INFO:cooler._balance:variance is 4.092750935320511e-05
INFO:cooler._balance:variance is 2.9123763838961593e-05
INFO:cooler._balance:variance is 2.0744358220500243e-05
INFO:cooler._balance:variance is 1.4787038479305587e-05
INFO:cooler._balance:variance is 1.0546437575618633e-05
INFO:cooler._balance:variance is 7.5252629383193465e-06
INFO:cooler._balance:chrM
