INFO:cooler.cli.balance:Balancing "analysis_other/porec/T2T04/cooler/T2T04_40000_balanced.cool"
INFO:cooler._balance:chr1
INFO:cooler._balance:variance is 160880476.46638092
INFO:cooler._balance:variance is 16668481.565041158
INFO:cooler._balance:variance is 3529530.3582995175
INFO:cooler._balance:variance is 1112081.4572534182
INFO:cooler._balance:variance is 381425.8283697041
INFO:cooler._balance:variance is 153710.02677362875
INFO:cooler._balance:variance is 65538.9396190168
INFO:cooler._balance:variance is 29465.73414773243
INFO:cooler._balance:variance is 13466.726505352868
INFO:cooler._balance:variance is 6248.411938121139
INFO:cooler._balance:variance is 2908.2481776164764
INFO:cooler._balance:variance is 1359.7199143025607
INFO:cooler._balance:variance is 635.86364695639
INFO:cooler._balance:variance is 297.8045743865949
INFO:cooler._balance:variance is 139.44820015002097
INFO:cooler._balance:variance is 65.33396917837628
INFO:cooler._balance:variance is 30.60508658764194
INFO:cooler._balance:variance is 14.33997471881892
INFO:cooler._balance:variance is 6.7183415304937295
INFO:cooler._balance:variance is 3.1478880124760593
INFO:cooler._balance:variance is 1.4748755134307945
INFO:cooler._balance:variance is 0.6910524168827382
INFO:cooler._balance:variance is 0.32378464892384173
INFO:cooler._balance:variance is 0.1517086874296258
INFO:cooler._balance:variance is 0.07108200447604603
INFO:cooler._balance:variance is 0.033305273599710396
INFO:cooler._balance:variance is 0.015605007245686187
INFO:cooler._balance:variance is 0.007311674638976813
INFO:cooler._balance:variance is 0.0034258521663398395
INFO:cooler._balance:variance is 0.0016051708683287144
INFO:cooler._balance:variance is 0.0007520961931538335
INFO:cooler._balance:variance is 0.0003523919076229463
INFO:cooler._balance:variance is 0.0001651118384461828
INFO:cooler._balance:variance is 7.736253520978408e-05
INFO:cooler._balance:variance is 3.624791711433648e-05
INFO:cooler._balance:variance is 1.698382506158886e-05
INFO:cooler._balance:variance is 7.957706251718019e-06
INFO:cooler._balance:chr2
INFO:cooler._balance:variance is 204538731.98213583
INFO:cooler._balance:variance is 33209410.710506454
INFO:cooler._balance:variance is 7283082.739475544
INFO:cooler._balance:variance is 1858351.5326580321
INFO:cooler._balance:variance is 465639.1509462832
INFO:cooler._balance:variance is 122770.10768091134
INFO:cooler._balance:variance is 32976.68729691404
INFO:cooler._balance:variance is 9180.163207711395
INFO:cooler._balance:variance is 2629.330640295734
INFO:cooler._balance:variance is 776.0983108096303
INFO:cooler._balance:variance is 235.04955523735333
INFO:cooler._balance:variance is 72.80431841822015
INFO:cooler._balance:variance is 22.963778167755542
INFO:cooler._balance:variance is 7.347991295604674
INFO:cooler._balance:variance is 2.3771979930503746
INFO:cooler._balance:variance is 0.7754124154585736
INFO:cooler._balance:variance is 0.25446738597036445
INFO:cooler._balance:variance is 0.08387706295154461
INFO:cooler._balance:variance is 0.027735372559386306
INFO:cooler._balance:variance is 0.009192033172971147
INFO:cooler._balance:variance is 0.003051358839753625
INFO:cooler._balance:variance is 0.0010140858168517983
INFO:cooler._balance:variance is 0.00033729553275879876
INFO:cooler._balance:variance is 0.00011225277375770947
INFO:cooler._balance:variance is 3.737324277458012e-05
INFO:cooler._balance:variance is 1.2446566010545232e-05
INFO:cooler._balance:variance is 4.145974275601758e-06
INFO:cooler._balance:chr3
INFO:cooler._balance:variance is 171156930.75511554
INFO:cooler._balance:variance is 45257762.98228671
INFO:cooler._balance:variance is 10798620.13268565
INFO:cooler._balance:variance is 4160650.11064254
INFO:cooler._balance:variance is 1271778.388755694
INFO:cooler._balance:variance is 458110.5511489336
INFO:cooler._balance:variance is 152627.82744139517
INFO:cooler._balance:variance is 53959.082488027605
INFO:cooler._balance:variance is 18663.586442062253
INFO:cooler._balance:variance is 6607.763701443047
INFO:cooler._balance:variance is 2330.6731064980304
INFO:cooler._balance:variance is 830.8015066239597
INFO:cooler._balance:variance is 296.5480206660165
INFO:cooler._balance:variance is 106.44768085485049
INFO:cooler._balance:variance is 38.29767043922804
INFO:cooler._balance:variance is 13.825629576198867
INFO:cooler._balance:variance is 5.001399829022866
INFO:cooler._balance:variance is 1.8132511665393156
INFO:cooler._balance:variance is 0.6584362027253096
INFO:cooler._balance:variance is 0.2394499320302299
INFO:cooler._balance:variance is 0.08717979490600297
INFO:cooler._balance:variance is 0.031772868763205064
INFO:cooler._balance:variance is 0.01158909368174145
INFO:cooler._balance:variance is 0.004230024396388021
INFO:cooler._balance:variance is 0.0015448307731749465
INFO:cooler._balance:variance is 0.000564448370171276
INFO:cooler._balance:variance is 0.0002063174162938167
INFO:cooler._balance:variance is 7.543756877640074e-05
INFO:cooler._balance:variance is 2.759019371206181e-05
INFO:cooler._balance:variance is 1.0092931916858816e-05
INFO:cooler._balance:variance is 3.6928241123206658e-06
INFO:cooler._balance:chr4
INFO:cooler._balance:variance is 186419072.57672116
INFO:cooler._balance:variance is 33600411.65781088
INFO:cooler._balance:variance is 7829418.639485448
INFO:cooler._balance:variance is 2386244.100556647
INFO:cooler._balance:variance is 725917.4779529797
INFO:cooler._balance:variance is 240684.11308041072
INFO:cooler._balance:variance is 80509.37418054495
INFO:cooler._balance:variance is 27797.170663860557
INFO:cooler._balance:variance is 9658.3673574786
INFO:cooler._balance:variance is 3396.913884841603
INFO:cooler._balance:variance is 1198.8131019180737
INFO:cooler._balance:variance is 425.1035483877952
INFO:cooler._balance:variance is 150.99565004158913
INFO:cooler._balance:variance is 53.73631779706999
INFO:cooler._balance:variance is 19.138568292639615
INFO:cooler._balance:variance is 6.821678314723026
INFO:cooler._balance:variance is 2.4323504249989596
INFO:cooler._balance:variance is 0.8675640772611096
INFO:cooler._balance:variance is 0.30948899794001744
INFO:cooler._balance:variance is 0.11041991032833517
INFO:cooler._balance:variance is 0.03939849781566338
INFO:cooler._balance:variance is 0.014058418228060865
INFO:cooler._balance:variance is 0.005016564948356368
INFO:cooler._balance:variance is 0.0017901389451615787
INFO:cooler._balance:variance is 0.0006388115945160198
INFO:cooler._balance:variance is 0.00022796238791199805
INFO:cooler._balance:variance is 8.134972722856198e-05
INFO:cooler._balance:variance is 2.9030254914729338e-05
INFO:cooler._balance:variance is 1.0359688077194799e-05
INFO:cooler._balance:variance is 3.6969475709432327e-06
INFO:cooler._balance:chr5
INFO:cooler._balance:variance is 257691313.3987502
INFO:cooler._balance:variance is 30978677.497360643
INFO:cooler._balance:variance is 5654447.925013286
INFO:cooler._balance:variance is 1187910.7796620564
INFO:cooler._balance:variance is 255963.93455324188
INFO:cooler._balance:variance is 58485.3141916246
INFO:cooler._balance:variance is 13963.853787140213
INFO:cooler._balance:variance is 3502.493330603669
INFO:cooler._balance:variance is 916.7173202533704
INFO:cooler._balance:variance is 249.72136036686936
INFO:cooler._balance:variance is 70.32289055269132
INFO:cooler._balance:variance is 20.369166661644996
INFO:cooler._balance:variance is 6.033594436636535
INFO:cooler._balance:variance is 1.8194647270580275
INFO:cooler._balance:variance is 0.5563004762957812
INFO:cooler._balance:variance is 0.17191244927482166
INFO:cooler._balance:variance is 0.0535582458653276
INFO:cooler._balance:variance is 0.016788757587991938
INFO:cooler._balance:variance is 0.005287194153363623
INFO:cooler._balance:variance is 0.0016708915582396777
INFO:cooler._balance:variance is 0.0005294301055236589
INFO:cooler._balance:variance is 0.00016808206913366012
INFO:cooler._balance:variance is 5.3440669825096576e-05
INFO:cooler._balance:variance is 1.7009803411821973e-05
INFO:cooler._balance:variance is 5.418549158793778e-06
INFO:cooler._balance:chr6
INFO:cooler._balance:variance is 193008042.62417033
INFO:cooler._balance:variance is 76305662.2136589
INFO:cooler._balance:variance is 25367311.18992411
INFO:cooler._balance:variance is 13627678.05145085
INFO:cooler._balance:variance is 5422903.1553054135
INFO:cooler._balance:variance is 2644415.5938365436
INFO:cooler._balance:variance is 1127069.8218968417
INFO:cooler._balance:variance is 525547.2034484219
INFO:cooler._balance:variance is 230789.46431297908
INFO:cooler._balance:variance is 105496.91103779868
INFO:cooler._balance:variance is 46947.29597816343
INFO:cooler._balance:variance is 21270.750978269494
INFO:cooler._balance:variance is 9522.059469091197
INFO:cooler._balance:variance is 4297.138800727593
INFO:cooler._balance:variance is 1928.7793856964015
INFO:cooler._balance:variance is 868.8762764726583
INFO:cooler._balance:variance is 390.4627432743579
INFO:cooler._balance:variance is 175.75505592191953
INFO:cooler._balance:variance is 79.02461947797896
INFO:cooler._balance:variance is 35.55778047893391
INFO:cooler._balance:variance is 15.991673707319148
INFO:cooler._balance:variance is 7.194423959651041
INFO:cooler._balance:variance is 3.2359542231635468
INFO:cooler._balance:variance is 1.455703564770215
INFO:cooler._balance:variance is 0.6547876096593013
INFO:cooler._balance:variance is 0.2945485230736754
INFO:cooler._balance:variance is 0.13249328712941663
INFO:cooler._balance:variance is 0.0595996753876564
INFO:cooler._balance:variance is 0.026809283101735443
INFO:cooler._balance:variance is 0.012059584691912617
INFO:cooler._balance:variance is 0.005424698228053651
INFO:cooler._balance:variance is 0.002440177646922949
INFO:cooler._balance:variance is 0.0010976541973292478
INFO:cooler._balance:variance is 0.0004937542228315736
INFO:cooler._balance:variance is 0.00022210345303147396
INFO:cooler._balance:variance is 9.990801496090944e-05
INFO:cooler._balance:variance is 4.494123404915143e-05
INFO:cooler._balance:variance is 2.0215751781525943e-05
INFO:cooler._balance:variance is 9.093574705936372e-06
INFO:cooler._balance:chr7
INFO:cooler._balance:variance is 166618994.87590605
INFO:cooler._balance:variance is 34106742.30048609
INFO:cooler._balance:variance is 8070251.1064164275
INFO:cooler._balance:variance is 2381960.2205314445
INFO:cooler._balance:variance is 636666.0161511565
INFO:cooler._balance:variance is 180022.18503049965
INFO:cooler._balance:variance is 49463.28722280722
INFO:cooler._balance:variance is 13803.379345653868
INFO:cooler._balance:variance is 3821.189609535842
INFO:cooler._balance:variance is 1062.408570473849
INFO:cooler._balance:variance is 294.7219778636717
INFO:cooler._balance:variance is 81.85767590722298
INFO:cooler._balance:variance is 22.72153023709721
INFO:cooler._balance:variance is 6.309058679272836
INFO:cooler._balance:variance is 1.7515366497360827
INFO:cooler._balance:variance is 0.4863153933642879
INFO:cooler._balance:variance is 0.1350204689170327
INFO:cooler._balance:variance is 0.037488381424042296
INFO:cooler._balance:variance is 0.010408604304589538
INFO:cooler._balance:variance is 0.002889990855927217
INFO:cooler._balance:variance is 0.0008024247598590969
INFO:cooler._balance:variance is 0.00022280200689090267
INFO:cooler._balance:variance is 6.1864295995686e-05
INFO:cooler._balance:variance is 1.7177842105918748e-05
INFO:cooler._balance:variance is 4.769853636985282e-06
INFO:cooler._balance:chrX
INFO:cooler._balance:variance is 39837353.8702555
INFO:cooler._balance:variance is 4568114.731161119
INFO:cooler._balance:variance is 846925.5969566613
INFO:cooler._balance:variance is 178917.9346840879
INFO:cooler._balance:variance is 37620.87168474488
INFO:cooler._balance:variance is 8159.245444975787
INFO:cooler._balance:variance is 1806.965633897529
INFO:cooler._balance:variance is 416.22070450733776
INFO:cooler._balance:variance is 101.02459898820179
INFO:cooler._balance:variance is 26.343763705831932
INFO:cooler._balance:variance is 7.464562240147912
INFO:cooler._balance:variance is 2.2999814332021695
INFO:cooler._balance:variance is 0.7612863684603577
INFO:cooler._balance:variance is 0.26584019477311527
INFO:cooler._balance:variance is 0.0962266327704758
INFO:cooler._balance:variance is 0.03562221849513482
INFO:cooler._balance:variance is 0.013364970054409725
INFO:cooler._balance:variance is 0.0050535753246861975
INFO:cooler._balance:variance is 0.0019194160474076813
INFO:cooler._balance:variance is 0.0007308740966974589
INFO:cooler._balance:variance is 0.0002787036610681652
INFO:cooler._balance:variance is 0.00010636492255042122
INFO:cooler._balance:variance is 4.061224119978191e-05
INFO:cooler._balance:variance is 1.551069738175779e-05
INFO:cooler._balance:variance is 5.924782366288625e-06
INFO:cooler._balance:chr9
INFO:cooler._balance:variance is 127861028.82317874
INFO:cooler._balance:variance is 25844674.837909475
INFO:cooler._balance:variance is 9184619.148271253
INFO:cooler._balance:variance is 4381019.916026504
INFO:cooler._balance:variance is 1969892.682308379
INFO:cooler._balance:variance is 1044781.9714784924
INFO:cooler._balance:variance is 524977.7605392981
INFO:cooler._balance:variance is 290963.6319779867
INFO:cooler._balance:variance is 155439.89902458756
INFO:cooler._balance:variance is 87537.3910784801
INFO:cooler._balance:variance is 48184.97361066137
INFO:cooler._balance:variance is 27260.416067082402
INFO:cooler._balance:variance is 15214.627836075779
INFO:cooler._balance:variance is 8613.663616822596
INFO:cooler._balance:variance is 4838.192768673954
INFO:cooler._balance:variance is 2738.130777441781
INFO:cooler._balance:variance is 1542.578766673552
INFO:cooler._balance:variance is 872.5710721028452
INFO:cooler._balance:variance is 492.28981571645437
INFO:cooler._balance:variance is 278.355799181196
INFO:cooler._balance:variance is 157.15660189239065
INFO:cooler._balance:variance is 88.83693005709866
INFO:cooler._balance:variance is 50.17484401396228
INFO:cooler._balance:variance is 28.35776581301271
INFO:cooler._balance:variance is 16.019488113090308
INFO:cooler._balance:variance is 9.052929242676644
INFO:cooler._balance:variance is 5.114590004270019
INFO:cooler._balance:variance is 2.8901765235479533
INFO:cooler._balance:variance is 1.6329413396512569
INFO:cooler._balance:variance is 0.9227167597100016
INFO:cooler._balance:variance is 0.5213484725217823
INFO:cooler._balance:variance is 0.29458922310960356
INFO:cooler._balance:variance is 0.16645008664491298
INFO:cooler._balance:variance is 0.0940518993996856
INFO:cooler._balance:variance is 0.053142123995987244
INFO:cooler._balance:variance is 0.03002752122040676
INFO:cooler._balance:variance is 0.016966534842915083
INFO:cooler._balance:variance is 0.009586764012359464
INFO:cooler._balance:variance is 0.005416852593574105
INFO:cooler._balance:variance is 0.003060729442171011
INFO:cooler._balance:variance is 0.0017294207227615682
INFO:cooler._balance:variance is 0.0009771878040685023
INFO:cooler._balance:variance is 0.0005521463053450987
INFO:cooler._balance:variance is 0.0003119832239544475
INFO:cooler._balance:variance is 0.00017628185349353114
INFO:cooler._balance:variance is 9.960577182758486e-05
INFO:cooler._balance:variance is 5.62808960983968e-05
INFO:cooler._balance:variance is 3.180078215081224e-05
INFO:cooler._balance:variance is 1.7968605530193873e-05
INFO:cooler._balance:variance is 1.0152923570556223e-05
INFO:cooler._balance:variance is 5.736773888645739e-06
INFO:cooler._balance:chr8
INFO:cooler._balance:variance is 129539040.88419268
INFO:cooler._balance:variance is 16756011.255151732
INFO:cooler._balance:variance is 3113141.2106673466
INFO:cooler._balance:variance is 691391.9364521913
INFO:cooler._balance:variance is 157536.35941551733
INFO:cooler._balance:variance is 37811.81816589551
INFO:cooler._balance:variance is 9321.748268374173
INFO:cooler._balance:variance is 2371.164443439199
INFO:cooler._balance:variance is 618.0564428527024
INFO:cooler._balance:variance is 164.9360205239956
INFO:cooler._balance:variance is 44.88875461178366
INFO:cooler._balance:variance is 12.42748369570372
INFO:cooler._balance:variance is 3.488875683922012
INFO:cooler._balance:variance is 0.9906486765477694
INFO:cooler._balance:variance is 0.2838190550371124
INFO:cooler._balance:variance is 0.08188407215386424
INFO:cooler._balance:variance is 0.023751328289503753
INFO:cooler._balance:variance is 0.006917530065349509
INFO:cooler._balance:variance is 0.002020939699588221
INFO:cooler._balance:variance is 0.0005917804840143809
INFO:cooler._balance:variance is 0.00017358752447410255
INFO:cooler._balance:variance is 5.09841379182451e-05
INFO:cooler._balance:variance is 1.4988786172652643e-05
INFO:cooler._balance:variance is 4.4096611773153914e-06
INFO:cooler._balance:chr11
INFO:cooler._balance:variance is 179500394.4432767
INFO:cooler._balance:variance is 70517309.12362175
INFO:cooler._balance:variance is 26472419.131270524
INFO:cooler._balance:variance is 15419686.267372174
INFO:cooler._balance:variance is 6651351.345494399
INFO:cooler._balance:variance is 3613276.7686165567
INFO:cooler._balance:variance is 1664757.3675603035
INFO:cooler._balance:variance is 865237.8998243795
INFO:cooler._balance:variance is 412777.18205291854
INFO:cooler._balance:variance is 209428.48208718715
INFO:cooler._balance:variance is 101726.93932067275
INFO:cooler._balance:variance is 50969.40267516407
INFO:cooler._balance:variance is 24984.876417804746
INFO:cooler._balance:variance is 12438.820539371189
INFO:cooler._balance:variance is 6125.440736755326
INFO:cooler._balance:variance is 3039.8080693366487
INFO:cooler._balance:variance is 1500.3639168599225
INFO:cooler._balance:variance is 743.3783817756165
INFO:cooler._balance:variance is 367.3273950415273
INFO:cooler._balance:variance is 181.8531273529549
INFO:cooler._balance:variance is 89.91011808044647
INFO:cooler._balance:variance is 44.49430374455602
INFO:cooler._balance:variance is 22.004588732237583
INFO:cooler._balance:variance is 10.88739711282595
INFO:cooler._balance:variance is 5.385088217090406
INFO:cooler._balance:variance is 2.6641674644145286
INFO:cooler._balance:variance is 1.3178316341345924
INFO:cooler._balance:variance is 0.6519402329255571
INFO:cooler._balance:variance is 0.3224934224421124
INFO:cooler._balance:variance is 0.15953589085385075
INFO:cooler._balance:variance is 0.07891848457670048
INFO:cooler._balance:variance is 0.039040122742978176
INFO:cooler._balance:variance is 0.01931234895568248
INFO:cooler._balance:variance is 0.009553555095259032
INFO:cooler._balance:variance is 0.004725967321268039
INFO:cooler._balance:variance is 0.0023378647224659536
INFO:cooler._balance:variance is 0.0011565008545703778
INFO:cooler._balance:variance is 0.0005721027079644247
INFO:cooler._balance:variance is 0.00028300950275693876
INFO:cooler._balance:variance is 0.00014000023284148675
INFO:cooler._balance:variance is 6.925577411038593e-05
INFO:cooler._balance:variance is 3.425970161878301e-05
INFO:cooler._balance:variance is 1.694770565412293e-05
INFO:cooler._balance:variance is 8.383752069173526e-06
INFO:cooler._balance:chr10
INFO:cooler._balance:variance is 635278847.9071375
INFO:cooler._balance:variance is 26570767.848011702
INFO:cooler._balance:variance is 6466519.683661222
INFO:cooler._balance:variance is 1773142.2799813517
INFO:cooler._balance:variance is 476729.19019738387
INFO:cooler._balance:variance is 132064.2841758923
INFO:cooler._balance:variance is 36582.10785940081
INFO:cooler._balance:variance is 10277.574895211163
INFO:cooler._balance:variance is 2906.278756462049
INFO:cooler._balance:variance is 830.5875071702019
INFO:cooler._balance:variance is 239.39041955639664
INFO:cooler._balance:variance is 69.6605044357151
INFO:cooler._balance:variance is 20.44828749536736
INFO:cooler._balance:variance is 6.0553424065928585
INFO:cooler._balance:variance is 1.807802605538222
INFO:cooler._balance:variance is 0.543891869374687
INFO:cooler._balance:variance is 0.1647900077691423
INFO:cooler._balance:variance is 0.0502506448489396
INFO:cooler._balance:variance is 0.015411618276615916
INFO:cooler._balance:variance is 0.004750871108197372
INFO:cooler._balance:variance is 0.0014711022109539752
INFO:cooler._balance:variance is 0.00045730501023944273
INFO:cooler._balance:variance is 0.00014263633608846117
INFO:cooler._balance:variance is 4.4617763641199154e-05
INFO:cooler._balance:variance is 1.3991160480588105e-05
INFO:cooler._balance:variance is 4.396490580561521e-06
INFO:cooler._balance:chr12
INFO:cooler._balance:variance is 159142981.969075
INFO:cooler._balance:variance is 45374740.67910142
INFO:cooler._balance:variance is 14244447.029885735
INFO:cooler._balance:variance is 5633171.121651742
INFO:cooler._balance:variance is 2012937.305191788
INFO:cooler._balance:variance is 786664.7990045551
INFO:cooler._balance:variance is 294830.6924523847
INFO:cooler._balance:variance is 114530.51479753098
INFO:cooler._balance:variance is 43750.025350667864
INFO:cooler._balance:variance is 16951.910279370903
INFO:cooler._balance:variance is 6524.979025516163
INFO:cooler._balance:variance is 2525.693577505281
INFO:cooler._balance:variance is 975.1185456667358
INFO:cooler._balance:variance is 377.3067274061108
INFO:cooler._balance:variance is 145.84651053029285
INFO:cooler._balance:variance is 56.42541273280981
INFO:cooler._balance:variance is 21.821561044409282
INFO:cooler._balance:variance is 8.441992484094946
INFO:cooler._balance:variance is 3.2654267468338976
INFO:cooler._balance:variance is 1.2632609384292999
INFO:cooler._balance:variance is 0.48867682533247625
INFO:cooler._balance:variance is 0.1890485108219792
INFO:cooler._balance:variance is 0.0731333560178581
INFO:cooler._balance:variance is 0.028292200538687643
INFO:cooler._balance:variance is 0.010944966794108741
INFO:cooler._balance:variance is 0.004234144792076848
INFO:cooler._balance:variance is 0.0016380065869463446
INFO:cooler._balance:variance is 0.0006336755883765388
INFO:cooler._balance:variance is 0.00024514205141691815
INFO:cooler._balance:variance is 9.483512170643761e-05
INFO:cooler._balance:variance is 3.66876937002397e-05
INFO:cooler._balance:variance is 1.4192922617057513e-05
INFO:cooler._balance:variance is 5.490642786912747e-06
INFO:cooler._balance:chr13
INFO:cooler._balance:variance is 81093932.51737063
INFO:cooler._balance:variance is 8463669.917260543
INFO:cooler._balance:variance is 1280736.0025238977
INFO:cooler._balance:variance is 247949.35959317282
INFO:cooler._balance:variance is 52314.89891866583
INFO:cooler._balance:variance is 12160.30638955524
INFO:cooler._balance:variance is 3004.87623251496
INFO:cooler._balance:variance is 781.7677055558055
INFO:cooler._balance:variance is 210.9069514323221
INFO:cooler._balance:variance is 58.55237328700455
INFO:cooler._balance:variance is 16.59226936996691
INFO:cooler._balance:variance is 4.774722536210556
INFO:cooler._balance:variance is 1.3890849899788331
INFO:cooler._balance:variance is 0.40732014554028
INFO:cooler._balance:variance is 0.1201010582689227
INFO:cooler._balance:variance is 0.03555163692248276
INFO:cooler._balance:variance is 0.010552573520454632
INFO:cooler._balance:variance is 0.0031382512360774656
INFO:cooler._balance:variance is 0.0009345315814036367
INFO:cooler._balance:variance is 0.0002785493778456046
INFO:cooler._balance:variance is 8.307861966605666e-05
INFO:cooler._balance:variance is 2.4789637849291468e-05
INFO:cooler._balance:variance is 7.399213095216093e-06
INFO:cooler._balance:chr14
INFO:cooler._balance:variance is 116946807.5120028
INFO:cooler._balance:variance is 26584375.089583285
INFO:cooler._balance:variance is 5693842.2877676645
INFO:cooler._balance:variance is 1750513.9012724245
INFO:cooler._balance:variance is 508971.77087445016
INFO:cooler._balance:variance is 169815.44617356386
INFO:cooler._balance:variance is 58338.927105373885
INFO:cooler._balance:variance is 21353.44374582734
INFO:cooler._balance:variance is 8054.805050336323
INFO:cooler._balance:variance is 3128.2278736936
INFO:cooler._balance:variance is 1234.3068521329456
INFO:cooler._balance:variance is 493.0656189450368
INFO:cooler._balance:variance is 198.3030897715282
INFO:cooler._balance:variance is 80.14939334807163
INFO:cooler._balance:variance is 32.48164345735908
INFO:cooler._balance:variance is 13.189088577429029
INFO:cooler._balance:variance is 5.36095437580268
INFO:cooler._balance:variance is 2.1806933600186937
INFO:cooler._balance:variance is 0.8874002706170088
INFO:cooler._balance:variance is 0.3612186963315822
INFO:cooler._balance:variance is 0.14705736273710807
INFO:cooler._balance:variance is 0.05987588144984638
INFO:cooler._balance:variance is 0.02438047942998922
INFO:cooler._balance:variance is 0.00992776207261345
INFO:cooler._balance:variance is 0.004042686877685971
INFO:cooler._balance:variance is 0.001646251282574258
INFO:cooler._balance:variance is 0.0006703873808979038
INFO:cooler._balance:variance is 0.0002729973018603368
INFO:cooler._balance:variance is 0.00011117119872752164
INFO:cooler._balance:variance is 4.527175340861372e-05
INFO:cooler._balance:variance is 1.8435837950288153e-05
INFO:cooler._balance:variance is 7.507561067447616e-06
INFO:cooler._balance:chr15
INFO:cooler._balance:variance is 84779747.813278
INFO:cooler._balance:variance is 8118664.451003765
INFO:cooler._balance:variance is 1562572.9078663297
INFO:cooler._balance:variance is 358107.3610802218
INFO:cooler._balance:variance is 89300.39472866489
INFO:cooler._balance:variance is 24479.327998066015
INFO:cooler._balance:variance is 7179.5218625629295
INFO:cooler._balance:variance is 2226.5582715052096
INFO:cooler._balance:variance is 717.9697806975489
INFO:cooler._balance:variance is 237.84116133435043
INFO:cooler._balance:variance is 80.19795485233978
INFO:cooler._balance:variance is 27.34765223235034
INFO:cooler._balance:variance is 9.392629973088622
INFO:cooler._balance:variance is 3.2400786066457763
INFO:cooler._balance:variance is 1.120785526444246
INFO:cooler._balance:variance is 0.3883395413739985
INFO:cooler._balance:variance is 0.13469596523924607
INFO:cooler._balance:variance is 0.04674871154307663
INFO:cooler._balance:variance is 0.0162313839098265
INFO:cooler._balance:variance is 0.005636944579619755
INFO:cooler._balance:variance is 0.0019579255671093223
INFO:cooler._balance:variance is 0.0006801223662917382
INFO:cooler._balance:variance is 0.00023626644830258261
INFO:cooler._balance:variance is 8.20788979907204e-05
INFO:cooler._balance:variance is 2.8514781117587765e-05
INFO:cooler._balance:variance is 9.90635783499383e-06
INFO:cooler._balance:chr16
INFO:cooler._balance:variance is 86400601.60456745
INFO:cooler._balance:variance is 15117266.667206796
INFO:cooler._balance:variance is 4353999.7068433
INFO:cooler._balance:variance is 1897944.3575749702
INFO:cooler._balance:variance is 781117.6629565188
INFO:cooler._balance:variance is 385737.242033625
INFO:cooler._balance:variance is 182087.0929680825
INFO:cooler._balance:variance is 92950.21645802687
INFO:cooler._balance:variance is 46260.78037489709
INFO:cooler._balance:variance is 23792.357306632908
INFO:cooler._balance:variance is 12074.371813106272
INFO:cooler._balance:variance is 6215.839431541789
INFO:cooler._balance:variance is 3177.8111741570847
INFO:cooler._balance:variance is 1635.2710499486732
INFO:cooler._balance:variance is 838.4859238703509
INFO:cooler._balance:variance is 431.26715367662104
INFO:cooler._balance:variance is 221.4075340116071
INFO:cooler._balance:variance is 113.83987321239077
INFO:cooler._balance:variance is 58.476370877877876
INFO:cooler._balance:variance is 30.060238343428857
INFO:cooler._balance:variance is 15.445056106322424
INFO:cooler._balance:variance is 7.938720403730937
INFO:cooler._balance:variance is 4.079440137200235
INFO:cooler._balance:variance is 2.0966874754733804
INFO:cooler._balance:variance is 1.0774809623076305
INFO:cooler._balance:variance is 0.5537679474171273
INFO:cooler._balance:variance is 0.2845879628450148
INFO:cooler._balance:variance is 0.14626043091523078
INFO:cooler._balance:variance is 0.07516609307591164
INFO:cooler._balance:variance is 0.03863030766162722
INFO:cooler._balance:variance is 0.01985301795299851
INFO:cooler._balance:variance is 0.010203063100655364
INFO:cooler._balance:variance is 0.005243612440281951
INFO:cooler._balance:variance is 0.002694843230761915
INFO:cooler._balance:variance is 0.0013849508333432315
INFO:cooler._balance:variance is 0.0007117651153380909
INFO:cooler._balance:variance is 0.00036579517874604133
INFO:cooler._balance:variance is 0.00018799228291366737
INFO:cooler._balance:variance is 9.661432381066117e-05
INFO:cooler._balance:variance is 4.965276167001624e-05
INFO:cooler._balance:variance is 2.5517905097931444e-05
INFO:cooler._balance:variance is 1.3114351810910946e-05
INFO:cooler._balance:variance is 6.739823080207863e-06
INFO:cooler._balance:chr17
INFO:cooler._balance:variance is 94288425.47271737
INFO:cooler._balance:variance is 25958169.755788766
INFO:cooler._balance:variance is 8566093.738489982
INFO:cooler._balance:variance is 3625289.0472081965
INFO:cooler._balance:variance is 1451464.1000654427
INFO:cooler._balance:variance is 621694.4865421517
INFO:cooler._balance:variance is 262032.02371002443
INFO:cooler._balance:variance is 112684.93746103864
INFO:cooler._balance:variance is 48227.607347776306
INFO:cooler._balance:variance is 20773.789253985626
INFO:cooler._balance:variance is 8934.816900685726
INFO:cooler._balance:variance is 3851.320071472797
INFO:cooler._balance:variance is 1659.285606644093
INFO:cooler._balance:variance is 715.4497297079819
INFO:cooler._balance:variance is 308.4357334540779
INFO:cooler._balance:variance is 133.00942877426073
INFO:cooler._balance:variance is 57.35542317553639
INFO:cooler._balance:variance is 24.735400216385987
INFO:cooler._balance:variance is 10.667286417605988
INFO:cooler._balance:variance is 4.600556117222718
INFO:cooler._balance:variance is 1.9840980587012016
INFO:cooler._balance:variance is 0.8557064760976514
INFO:cooler._balance:variance is 0.36904992042275353
INFO:cooler._balance:variance is 0.15916558238457154
INFO:cooler._balance:variance is 0.06864559272864454
INFO:cooler._balance:variance is 0.029605864915538883
INFO:cooler._balance:variance is 0.012768580722729224
INFO:cooler._balance:variance is 0.005506912608113101
INFO:cooler._balance:variance is 0.002375054901872883
INFO:cooler._balance:variance is 0.001024328879024867
INFO:cooler._balance:variance is 0.0004417790779263434
INFO:cooler._balance:variance is 0.00019053334821327714
INFO:cooler._balance:variance is 8.217445629843791e-05
INFO:cooler._balance:variance is 3.544073616262509e-05
INFO:cooler._balance:variance is 1.5285111931095367e-05
INFO:cooler._balance:variance is 6.592263155640108e-06
INFO:cooler._balance:chr18
INFO:cooler._balance:variance is 104940249.92680073
INFO:cooler._balance:variance is 15417951.907249471
INFO:cooler._balance:variance is 2958849.784333608
INFO:cooler._balance:variance is 649584.2619513838
INFO:cooler._balance:variance is 142091.64177721026
INFO:cooler._balance:variance is 32146.785189128004
INFO:cooler._balance:variance is 7282.402728104745
INFO:cooler._balance:variance is 1666.230829848599
INFO:cooler._balance:variance is 381.9337010356167
INFO:cooler._balance:variance is 87.83980429157856
INFO:cooler._balance:variance is 20.225418315666335
INFO:cooler._balance:variance is 4.662856657999575
INFO:cooler._balance:variance is 1.0756511428853572
INFO:cooler._balance:variance is 0.24826644102784867
INFO:cooler._balance:variance is 0.05731856401937421
INFO:cooler._balance:variance is 0.013236482567763334
INFO:cooler._balance:variance is 0.003057122830395367
INFO:cooler._balance:variance is 0.0007061530688134177
INFO:cooler._balance:variance is 0.00016312290644751752
INFO:cooler._balance:variance is 3.7683596977427234e-05
INFO:cooler._balance:variance is 8.705708929787655e-06
INFO:cooler._balance:chr20
INFO:cooler._balance:variance is 79487975.30215688
INFO:cooler._balance:variance is 10788418.873332523
INFO:cooler._balance:variance is 2502226.6103979573
INFO:cooler._balance:variance is 643512.9401988168
INFO:cooler._balance:variance is 175295.80025449645
INFO:cooler._balance:variance is 50437.46159891481
INFO:cooler._balance:variance is 15577.237728911203
INFO:cooler._balance:variance is 5236.568017894729
INFO:cooler._balance:variance is 1918.8114512924355
INFO:cooler._balance:variance is 759.490765786012
INFO:cooler._balance:variance is 318.5733813245853
INFO:cooler._balance:variance is 139.0532362267659
INFO:cooler._balance:variance is 62.22691590998056
INFO:cooler._balance:variance is 28.263559902236704
INFO:cooler._balance:variance is 12.94969437664799
INFO:cooler._balance:variance is 5.962247285471603
INFO:cooler._balance:variance is 2.7529386856534876
INFO:cooler._balance:variance is 1.2730643097895933
INFO:cooler._balance:variance is 0.5892542377790774
INFO:cooler._balance:variance is 0.27287454665789035
INFO:cooler._balance:variance is 0.1264016488357615
INFO:cooler._balance:variance is 0.0585608127153392
INFO:cooler._balance:variance is 0.027133392517170035
INFO:cooler._balance:variance is 0.01257248592496293
INFO:cooler._balance:variance is 0.005825759480996776
INFO:cooler._balance:variance is 0.002699542285476358
INFO:cooler._balance:variance is 0.0012509289583941103
INFO:cooler._balance:variance is 0.0005796649568396701
INFO:cooler._balance:variance is 0.0002686106230030408
INFO:cooler._balance:variance is 0.00012447148876421893
INFO:cooler._balance:variance is 5.767893251181836e-05
INFO:cooler._balance:variance is 2.6727891738582224e-05
INFO:cooler._balance:variance is 1.2385468184600207e-05
INFO:cooler._balance:variance is 5.739316743709617e-06
INFO:cooler._balance:chrY
INFO:cooler._balance:variance is 72432049.4175352
INFO:cooler._balance:variance is 68765081.86769097
INFO:cooler._balance:variance is 43257158.87716711
INFO:cooler._balance:variance is 37030899.15171879
INFO:cooler._balance:variance is 18862024.643763483
INFO:cooler._balance:variance is 13310986.812080882
INFO:cooler._balance:variance is 6861739.879895099
INFO:cooler._balance:variance is 4389767.255385582
INFO:cooler._balance:variance is 2352657.535232659
INFO:cooler._balance:variance is 1430491.6240375955
INFO:cooler._balance:variance is 789312.7679766166
INFO:cooler._balance:variance is 467469.44822578185
INFO:cooler._balance:variance is 262564.099549069
INFO:cooler._balance:variance is 153382.3290011933
INFO:cooler._balance:variance is 87029.44629409483
INFO:cooler._balance:variance is 50470.24131339867
INFO:cooler._balance:variance is 28799.76255231133
INFO:cooler._balance:variance is 16635.593744652917
INFO:cooler._balance:variance is 9522.71536905118
INFO:cooler._balance:variance is 5488.590786476891
INFO:cooler._balance:variance is 3147.3580371474973
INFO:cooler._balance:variance is 1811.8192898620964
INFO:cooler._balance:variance is 1039.9854600678395
INFO:cooler._balance:variance is 598.2678717600675
INFO:cooler._balance:variance is 343.59626468799723
INFO:cooler._balance:variance is 197.5813541634529
INFO:cooler._balance:variance is 113.5101283048802
INFO:cooler._balance:variance is 65.25810680384497
INFO:cooler._balance:variance is 37.49732296207051
INFO:cooler._balance:variance is 21.554807365849413
INFO:cooler._balance:variance is 12.386649605096894
INFO:cooler._balance:variance is 7.1197640881034445
INFO:cooler._balance:variance is 4.091667819068186
INFO:cooler._balance:variance is 2.3517635603247093
INFO:cooler._balance:variance is 1.3515830788715335
INFO:cooler._balance:variance is 0.7768289824640642
INFO:cooler._balance:variance is 0.4464601579850947
INFO:cooler._balance:variance is 0.25660155213064234
INFO:cooler._balance:variance is 0.14747597139048219
INFO:cooler._balance:variance is 0.08476065918146035
INFO:cooler._balance:variance is 0.04871458485450083
INFO:cooler._balance:variance is 0.0279981958494266
INFO:cooler._balance:variance is 0.01609149049135242
INFO:cooler._balance:variance is 0.009248390379020824
INFO:cooler._balance:variance is 0.005315367126510111
INFO:cooler._balance:variance is 0.0030549385496565565
INFO:cooler._balance:variance is 0.0017557800133329961
INFO:cooler._balance:variance is 0.001009110975492482
INFO:cooler._balance:variance is 0.0005799717560632883
INFO:cooler._balance:variance is 0.00033333080604386995
INFO:cooler._balance:variance is 0.00019157707369565332
INFO:cooler._balance:variance is 0.00011010626132628878
INFO:cooler._balance:variance is 6.328199987840348e-05
INFO:cooler._balance:variance is 3.637044408417386e-05
INFO:cooler._balance:variance is 2.0903395543747e-05
INFO:cooler._balance:variance is 1.2013932976831569e-05
INFO:cooler._balance:variance is 6.9048376461764555e-06
INFO:cooler._balance:chr19
INFO:cooler._balance:variance is 383892373.5555767
INFO:cooler._balance:variance is 125466816.8777938
INFO:cooler._balance:variance is 27241113.05762878
INFO:cooler._balance:variance is 9308628.518553762
INFO:cooler._balance:variance is 2609481.9582674834
INFO:cooler._balance:variance is 886581.0733484324
INFO:cooler._balance:variance is 287136.5270965733
INFO:cooler._balance:variance is 100942.19807613225
INFO:cooler._balance:variance is 35425.714213269355
INFO:cooler._balance:variance is 12880.605263764077
INFO:cooler._balance:variance is 4712.7961910244685
INFO:cooler._balance:variance is 1750.997631507202
INFO:cooler._balance:variance is 653.7728799744318
INFO:cooler._balance:variance is 245.73541206884613
INFO:cooler._balance:variance is 92.62308347920819
INFO:cooler._balance:variance is 35.01382691784079
INFO:cooler._balance:variance is 13.254804545607104
INFO:cooler._balance:variance is 5.024191501913678
INFO:cooler._balance:variance is 1.9057006802640397
INFO:cooler._balance:variance is 0.7232544874205742
INFO:cooler._balance:variance is 0.27457855927896424
INFO:cooler._balance:variance is 0.10426838198405212
INFO:cooler._balance:variance is 0.039600729726821
INFO:cooler._balance:variance is 0.01504191778820228
INFO:cooler._balance:variance is 0.005713904468222493
INFO:cooler._balance:variance is 0.002170625722146576
INFO:cooler._balance:variance is 0.000824613728976316
INFO:cooler._balance:variance is 0.00031327530911698923
INFO:cooler._balance:variance is 0.00011901673076621147
INFO:cooler._balance:variance is 4.5216231974462285e-05
INFO:cooler._balance:variance is 1.7178434011922352e-05
INFO:cooler._balance:variance is 6.5264167638219165e-06
INFO:cooler._balance:chr22
INFO:cooler._balance:variance is 71705029.27404958
INFO:cooler._balance:variance is 15619552.920942556
INFO:cooler._balance:variance is 2461347.8529335256
INFO:cooler._balance:variance is 715322.6148317595
INFO:cooler._balance:variance is 221106.14144325632
INFO:cooler._balance:variance is 82734.24507848427
INFO:cooler._balance:variance is 34034.16740540154
INFO:cooler._balance:variance is 14584.143053170887
INFO:cooler._balance:variance is 6457.214827201137
INFO:cooler._balance:variance is 2871.902507260889
INFO:cooler._balance:variance is 1290.5572108588722
INFO:cooler._balance:variance is 579.4336235661749
INFO:cooler._balance:variance is 261.10120705996513
INFO:cooler._balance:variance is 117.5391810546694
INFO:cooler._balance:variance is 52.98701883425038
INFO:cooler._balance:variance is 23.872872321067433
INFO:cooler._balance:variance is 10.761995068474542
INFO:cooler._balance:variance is 4.8501352137963565
INFO:cooler._balance:variance is 2.186366473359929
INFO:cooler._balance:variance is 0.9854426003935741
INFO:cooler._balance:variance is 0.4442084532782087
INFO:cooler._balance:variance is 0.20022301726557837
INFO:cooler._balance:variance is 0.09025306901694852
INFO:cooler._balance:variance is 0.04068149868212332
INFO:cooler._balance:variance is 0.018337543483484334
INFO:cooler._balance:variance is 0.008265696085203555
INFO:cooler._balance:variance is 0.0037258197644139614
INFO:cooler._balance:variance is 0.0016794286400279217
INFO:cooler._balance:variance is 0.0007570126219435293
INFO:cooler._balance:variance is 0.0003412270606869865
INFO:cooler._balance:variance is 0.00015381002463858668
INFO:cooler._balance:variance is 6.93306490872315e-05
INFO:cooler._balance:variance is 3.125116879578069e-05
INFO:cooler._balance:variance is 1.4086626950367282e-05
INFO:cooler._balance:variance is 6.349622858928964e-06
INFO:cooler._balance:chr21
INFO:cooler._balance:variance is 61025572.311876975
INFO:cooler._balance:variance is 11260823.062847331
INFO:cooler._balance:variance is 3021309.776630798
INFO:cooler._balance:variance is 1296191.0129465247
INFO:cooler._balance:variance is 674209.7491798071
INFO:cooler._balance:variance is 406905.8546504039
INFO:cooler._balance:variance is 243589.33614161247
INFO:cooler._balance:variance is 153821.00428358413
INFO:cooler._balance:variance is 94383.18087015643
INFO:cooler._balance:variance is 59622.99387405543
INFO:cooler._balance:variance is 36870.21255179645
INFO:cooler._balance:variance is 23210.877061656007
INFO:cooler._balance:variance is 14410.215910797722
INFO:cooler._balance:variance is 9047.033255349657
INFO:cooler._balance:variance is 5630.046969373795
INFO:cooler._balance:variance is 3528.306254903135
INFO:cooler._balance:variance is 2198.9256576430903
INFO:cooler._balance:variance is 1376.4687454332582
INFO:cooler._balance:variance is 858.6387303569539
INFO:cooler._balance:variance is 537.0959417890575
INFO:cooler._balance:variance is 335.23281877136804
INFO:cooler._balance:variance is 209.59960139577743
INFO:cooler._balance:variance is 130.8705661116337
INFO:cooler._balance:variance is 81.80166319917345
INFO:cooler._balance:variance is 51.087166415660995
INFO:cooler._balance:variance is 31.926733131903024
INFO:cooler._balance:variance is 19.94185454434695
INFO:cooler._balance:variance is 12.461196284545691
INFO:cooler._balance:variance is 7.784113706620933
INFO:cooler._balance:variance is 4.863770257400044
INFO:cooler._balance:variance is 3.03841065185942
INFO:cooler._balance:variance is 1.898416076667581
INFO:cooler._balance:variance is 1.185986669740174
INFO:cooler._balance:variance is 0.7409909403951034
INFO:cooler._balance:variance is 0.46292503472011437
INFO:cooler._balance:variance is 0.289225351586965
INFO:cooler._balance:variance is 0.18069243846281088
INFO:cooler._balance:variance is 0.11289144818336379
INFO:cooler._balance:variance is 0.0705290966486387
INFO:cooler._balance:variance is 0.044064261647622116
INFO:cooler._balance:variance is 0.027529356424775445
INFO:cooler._balance:variance is 0.017199365644362124
INFO:cooler._balance:variance is 0.010745420558696137
INFO:cooler._balance:variance is 0.006713340273555197
INFO:cooler._balance:variance is 0.004194213565095555
INFO:cooler._balance:variance is 0.0026203848419633544
INFO:cooler._balance:variance is 0.0016371086970164187
INFO:cooler._balance:variance is 0.0010228021054804082
INFO:cooler._balance:variance is 0.0006390052090972943
INFO:cooler._balance:variance is 0.0003992254518402587
INFO:cooler._balance:variance is 0.0002494199705641609
INFO:cooler._balance:variance is 0.00015582777669177533
INFO:cooler._balance:variance is 9.735494429489831e-05
INFO:cooler._balance:variance is 6.0823520787512334e-05
INFO:cooler._balance:variance is 3.80001034614433e-05
INFO:cooler._balance:variance is 2.3740958857253915e-05
INFO:cooler._balance:variance is 1.4832403504215627e-05
INFO:cooler._balance:variance is 9.266697065641671e-06
INFO:cooler._balance:chrM
