INFO:cooler.cli.balance:Balancing "analysis_other/porec/T2T13/cooler/T2T13_500000_balanced.cool"
INFO:cooler._balance:chr1
INFO:cooler._balance:variance is 129324198.17248768
INFO:cooler._balance:variance is 15393280.05739997
INFO:cooler._balance:variance is 3184508.678002905
INFO:cooler._balance:variance is 1048506.6390962424
INFO:cooler._balance:variance is 383255.42964330217
INFO:cooler._balance:variance is 149538.5609880926
INFO:cooler._balance:variance is 58409.08638761383
INFO:cooler._balance:variance is 23067.175537425184
INFO:cooler._balance:variance is 9075.76203393142
INFO:cooler._balance:variance is 3582.6538944153294
INFO:cooler._balance:variance is 1411.6741097330403
INFO:cooler._balance:variance is 556.9269712159366
INFO:cooler._balance:variance is 219.55139956423653
INFO:cooler._balance:variance is 86.59302435672947
INFO:cooler._balance:variance is 34.142850079012184
INFO:cooler._balance:variance is 13.464767995112227
INFO:cooler._balance:variance is 5.309414358101767
INFO:cooler._balance:variance is 2.0937595414737977
INFO:cooler._balance:variance is 0.8256323675386876
INFO:cooler._balance:variance is 0.325581269175752
INFO:cooler._balance:variance is 0.12838790510582435
INFO:cooler._balance:variance is 0.05062835995655176
INFO:cooler._balance:variance is 0.01996459247717758
INFO:cooler._balance:variance is 0.00787279657685071
INFO:cooler._balance:variance is 0.003104533606174572
INFO:cooler._balance:variance is 0.0012242341372079317
INFO:cooler._balance:variance is 0.00048276092901231813
INFO:cooler._balance:variance is 0.00019037067630352174
INFO:cooler._balance:variance is 7.507023883032269e-05
INFO:cooler._balance:variance is 2.960299578224792e-05
INFO:cooler._balance:variance is 1.1673563557685991e-05
INFO:cooler._balance:variance is 4.6033213175789154e-06
INFO:cooler._balance:chr2
INFO:cooler._balance:variance is 197442952.40079674
INFO:cooler._balance:variance is 28661470.55418527
INFO:cooler._balance:variance is 5143776.512614197
INFO:cooler._balance:variance is 1061082.4746446984
INFO:cooler._balance:variance is 218584.15138082695
INFO:cooler._balance:variance is 46857.906552864755
INFO:cooler._balance:variance is 10296.81972948561
INFO:cooler._balance:variance is 2340.9581401196388
INFO:cooler._balance:variance is 549.2653816538486
INFO:cooler._balance:variance is 132.96017616617897
INFO:cooler._balance:variance is 33.08874196193459
INFO:cooler._balance:variance is 8.431677901883992
INFO:cooler._balance:variance is 2.190196394216643
INFO:cooler._balance:variance is 0.5775135191196007
INFO:cooler._balance:variance is 0.15402116429203266
INFO:cooler._balance:variance is 0.04142420133944203
INFO:cooler._balance:variance is 0.011209644617155873
INFO:cooler._balance:variance is 0.003046799330389951
INFO:cooler._balance:variance is 0.000830731668101644
INFO:cooler._balance:variance is 0.00022700929753468203
INFO:cooler._balance:variance is 6.213088700560233e-05
INFO:cooler._balance:variance is 1.702353588564923e-05
INFO:cooler._balance:variance is 4.6679619817799065e-06
INFO:cooler._balance:chr3
INFO:cooler._balance:variance is 133171684.840064
INFO:cooler._balance:variance is 15573747.377317274
INFO:cooler._balance:variance is 2182439.6518694693
INFO:cooler._balance:variance is 392730.94966629735
INFO:cooler._balance:variance is 72682.65047571763
INFO:cooler._balance:variance is 14615.82339371583
INFO:cooler._balance:variance is 3142.657381530814
INFO:cooler._balance:variance is 730.1750046445721
INFO:cooler._balance:variance is 181.3438210459527
INFO:cooler._balance:variance is 47.54908756802053
INFO:cooler._balance:variance is 12.955824977908977
INFO:cooler._balance:variance is 3.6217754456694493
INFO:cooler._balance:variance is 1.0288421158768013
INFO:cooler._balance:variance is 0.29513934734785735
INFO:cooler._balance:variance is 0.08515919753913416
INFO:cooler._balance:variance is 0.024656114766297553
INFO:cooler._balance:variance is 0.0071529576021733005
INFO:cooler._balance:variance is 0.0020775523805536254
INFO:cooler._balance:variance is 0.0006038249388491941
INFO:cooler._balance:variance is 0.00017556576328234028
INFO:cooler._balance:variance is 5.105834405567964e-05
INFO:cooler._balance:variance is 1.4850819514078482e-05
INFO:cooler._balance:variance is 4.3198327221131065e-06
INFO:cooler._balance:chr4
INFO:cooler._balance:variance is 146360861.94737655
INFO:cooler._balance:variance is 22433337.367014356
INFO:cooler._balance:variance is 4530404.378272738
INFO:cooler._balance:variance is 1193069.3259083477
INFO:cooler._balance:variance is 328741.5537430917
INFO:cooler._balance:variance is 97965.06939122427
INFO:cooler._balance:variance is 29688.103561931097
INFO:cooler._balance:variance is 9242.027884595765
INFO:cooler._balance:variance is 2898.0537990512826
INFO:cooler._balance:variance is 917.2321621912929
INFO:cooler._balance:variance is 291.17773055255253
INFO:cooler._balance:variance is 92.73208383207255
INFO:cooler._balance:variance is 29.567330710565233
INFO:cooler._balance:variance is 9.437933193623934
INFO:cooler._balance:variance is 3.013936873597788
INFO:cooler._balance:variance is 0.9628518504652602
INFO:cooler._balance:variance is 0.3076493661576359
INFO:cooler._balance:variance is 0.09831309204879762
INFO:cooler._balance:variance is 0.0314190302998027
INFO:cooler._balance:variance is 0.010041412864445988
INFO:cooler._balance:variance is 0.003209270826538892
INFO:cooler._balance:variance is 0.0010257113673166882
INFO:cooler._balance:variance is 0.0003278290329231613
INFO:cooler._balance:variance is 0.00010477850907982822
INFO:cooler._balance:variance is 3.3488697872991616e-05
INFO:cooler._balance:variance is 1.0703485132317948e-05
INFO:cooler._balance:variance is 3.4209963391940018e-06
INFO:cooler._balance:chr5
INFO:cooler._balance:variance is 174123789.57753998
INFO:cooler._balance:variance is 18462726.480797224
INFO:cooler._balance:variance is 2713595.7152805706
INFO:cooler._balance:variance is 449101.8426572601
INFO:cooler._balance:variance is 80022.49984835557
INFO:cooler._balance:variance is 15472.921605625734
INFO:cooler._balance:variance is 3194.578242834356
INFO:cooler._balance:variance is 701.1404252505166
INFO:cooler._balance:variance is 161.17859819828567
INFO:cooler._balance:variance is 38.42400498442029
INFO:cooler._balance:variance is 9.399974203665812
INFO:cooler._balance:variance is 2.342555507246519
INFO:cooler._balance:variance is 0.5912607562642546
INFO:cooler._balance:variance is 0.15054719638048258
INFO:cooler._balance:variance is 0.038560876878403816
INFO:cooler._balance:variance is 0.009916830047118982
INFO:cooler._balance:variance is 0.002557303007983428
INFO:cooler._balance:variance is 0.0006606801872271351
INFO:cooler._balance:variance is 0.00017089926838079926
INFO:cooler._balance:variance is 4.4243921517127894e-05
INFO:cooler._balance:variance is 1.1460751077997865e-05
INFO:cooler._balance:variance is 2.969878554032871e-06
INFO:cooler._balance:chr6
INFO:cooler._balance:variance is 184965769.9125401
INFO:cooler._balance:variance is 57366014.22772308
INFO:cooler._balance:variance is 14786057.084185697
INFO:cooler._balance:variance is 5322453.778071205
INFO:cooler._balance:variance is 1672707.0637325305
INFO:cooler._balance:variance is 571532.1855045605
INFO:cooler._balance:variance is 187774.91817485797
INFO:cooler._balance:variance is 63246.238717105436
INFO:cooler._balance:variance is 21049.83129131561
INFO:cooler._balance:variance is 7061.174964245292
INFO:cooler._balance:variance is 2359.7818295673405
INFO:cooler._balance:variance is 790.638964148514
INFO:cooler._balance:variance is 264.58161064580503
INFO:cooler._balance:variance is 88.6153115478761
INFO:cooler._balance:variance is 29.667936786633526
INFO:cooler._balance:variance is 9.935476607996044
INFO:cooler._balance:variance is 3.3268585111403994
INFO:cooler._balance:variance is 1.1140923842043153
INFO:cooler._balance:variance is 0.3730695573342526
INFO:cooler._balance:variance is 0.12493160815291682
INFO:cooler._balance:variance is 0.04183587486190323
INFO:cooler._balance:variance is 0.014009740327482138
INFO:cooler._balance:variance is 0.0046914743921168236
INFO:cooler._balance:variance is 0.0015710507324429677
INFO:cooler._balance:variance is 0.00052610257185111
INFO:cooler._balance:variance is 0.0001761777996612452
INFO:cooler._balance:variance is 5.899724449354175e-05
INFO:cooler._balance:variance is 1.9756611462214082e-05
INFO:cooler._balance:variance is 6.615963805130735e-06
INFO:cooler._balance:chr7
INFO:cooler._balance:variance is 144359009.74956083
INFO:cooler._balance:variance is 18100597.57740247
INFO:cooler._balance:variance is 2854612.828809264
INFO:cooler._balance:variance is 509591.12045377714
INFO:cooler._balance:variance is 90225.95599023915
INFO:cooler._balance:variance is 16159.372144796773
INFO:cooler._balance:variance is 2891.161286553469
INFO:cooler._balance:variance is 518.2982292562863
INFO:cooler._balance:variance is 92.95090254321414
INFO:cooler._balance:variance is 16.68706378262018
INFO:cooler._balance:variance is 2.998857987440335
INFO:cooler._balance:variance is 0.5397125597395934
INFO:cooler._balance:variance is 0.09731441119797056
INFO:cooler._balance:variance is 0.017589693076783902
INFO:cooler._balance:variance is 0.0031895513431778122
INFO:cooler._balance:variance is 0.0005807734581576286
INFO:cooler._balance:variance is 0.0001063184334733607
INFO:cooler._balance:variance is 1.959617658764118e-05
INFO:cooler._balance:variance is 3.642955496568129e-06
INFO:cooler._balance:chrX
INFO:cooler._balance:variance is 93447162.6360931
INFO:cooler._balance:variance is 2502444.4825061136
INFO:cooler._balance:variance is 180211.31737943593
INFO:cooler._balance:variance is 15515.36093108247
INFO:cooler._balance:variance is 1710.7465386835847
INFO:cooler._balance:variance is 265.87760368283887
INFO:cooler._balance:variance is 54.2681256107932
INFO:cooler._balance:variance is 12.631821654970938
INFO:cooler._balance:variance is 3.0818360688039896
INFO:cooler._balance:variance is 0.7632985702995844
INFO:cooler._balance:variance is 0.18991629973275134
INFO:cooler._balance:variance is 0.047319148912624356
INFO:cooler._balance:variance is 0.011794786995446437
INFO:cooler._balance:variance is 0.0029403489112483114
INFO:cooler._balance:variance is 0.0007330327027426877
INFO:cooler._balance:variance is 0.00018274816947534477
INFO:cooler._balance:variance is 4.556003421048561e-05
INFO:cooler._balance:variance is 1.1358358288726669e-05
INFO:cooler._balance:variance is 2.8316996049438494e-06
INFO:cooler._balance:chr9
INFO:cooler._balance:variance is 135517109.20155728
INFO:cooler._balance:variance is 29561967.04505287
INFO:cooler._balance:variance is 8190390.315246845
INFO:cooler._balance:variance is 3194789.7968892585
INFO:cooler._balance:variance is 1115646.4503547098
INFO:cooler._balance:variance is 464695.86051928205
INFO:cooler._balance:variance is 185511.83998642644
INFO:cooler._balance:variance is 80312.29690501576
INFO:cooler._balance:variance is 34263.04671363844
INFO:cooler._balance:variance is 15114.972736083782
INFO:cooler._balance:variance is 6631.043168972312
INFO:cooler._balance:variance is 2948.005824545984
INFO:cooler._balance:variance is 1307.5127969554107
INFO:cooler._balance:variance is 582.9807269588549
INFO:cooler._balance:variance is 259.64910856680325
INFO:cooler._balance:variance is 115.88869248165473
INFO:cooler._balance:variance is 51.697333949453046
INFO:cooler._balance:variance is 23.08193324841484
INFO:cooler._balance:variance is 10.303078606850365
INFO:cooler._balance:variance is 4.600641478944695
INFO:cooler._balance:variance is 2.054080772456204
INFO:cooler._balance:variance is 0.9172389729278864
INFO:cooler._balance:variance is 0.40956486773668555
INFO:cooler._balance:variance is 0.18289039237690874
INFO:cooler._balance:variance is 0.0816671572825647
INFO:cooler._balance:variance is 0.036468339809801936
INFO:cooler._balance:variance is 0.016284675881615925
INFO:cooler._balance:variance is 0.0072718921775268616
INFO:cooler._balance:variance is 0.0032472313567589108
INFO:cooler._balance:variance is 0.001450044350895609
INFO:cooler._balance:variance is 0.000647512542758307
INFO:cooler._balance:variance is 0.00028914525393669815
INFO:cooler._balance:variance is 0.0001291169988934363
INFO:cooler._balance:variance is 5.765688943911316e-05
INFO:cooler._balance:variance is 2.574653289507863e-05
INFO:cooler._balance:variance is 1.1497051804748305e-05
INFO:cooler._balance:variance is 5.133979308638641e-06
INFO:cooler._balance:chr8
INFO:cooler._balance:variance is 112546360.93733552
INFO:cooler._balance:variance is 10694660.598792419
INFO:cooler._balance:variance is 1618028.7458068235
INFO:cooler._balance:variance is 266881.00793884665
INFO:cooler._balance:variance is 44114.12769453892
INFO:cooler._balance:variance is 7365.090082975631
INFO:cooler._balance:variance is 1233.172481637389
INFO:cooler._balance:variance is 207.58922158838166
INFO:cooler._balance:variance is 35.130307202041784
INFO:cooler._balance:variance is 5.98675731917256
INFO:cooler._balance:variance is 1.0289920861294621
INFO:cooler._balance:variance is 0.17875641345774315
INFO:cooler._balance:variance is 0.03145807239032881
INFO:cooler._balance:variance is 0.005621899776171404
INFO:cooler._balance:variance is 0.001022655834686791
INFO:cooler._balance:variance is 0.0001897312527574178
INFO:cooler._balance:variance is 3.595094968171047e-05
INFO:cooler._balance:variance is 6.961213969547692e-06
INFO:cooler._balance:chr11
INFO:cooler._balance:variance is 165515460.56621325
INFO:cooler._balance:variance is 50157801.33483204
INFO:cooler._balance:variance is 13363463.783550171
INFO:cooler._balance:variance is 4787798.832741275
INFO:cooler._balance:variance is 1490991.4241726496
INFO:cooler._balance:variance is 502986.731930637
INFO:cooler._balance:variance is 162489.42008765024
INFO:cooler._balance:variance is 53804.49266528285
INFO:cooler._balance:variance is 17571.030495776176
INFO:cooler._balance:variance is 5783.853956449532
INFO:cooler._balance:variance is 1895.3181748564682
INFO:cooler._balance:variance is 622.6829070114603
INFO:cooler._balance:variance is 204.27357242174492
INFO:cooler._balance:variance is 67.06931477940127
INFO:cooler._balance:variance is 22.010295927306288
INFO:cooler._balance:variance is 7.225169288100871
INFO:cooler._balance:variance is 2.3713812483632912
INFO:cooler._balance:variance is 0.7783844456300991
INFO:cooler._balance:variance is 0.25548437256347706
INFO:cooler._balance:variance is 0.0838585727094477
INFO:cooler._balance:variance is 0.02752473729073773
INFO:cooler._balance:variance is 0.009034479649204527
INFO:cooler._balance:variance is 0.0029653821794975057
INFO:cooler._balance:variance is 0.0009733288495574233
INFO:cooler._balance:variance is 0.00031947561913620964
INFO:cooler._balance:variance is 0.00010486155707175385
INFO:cooler._balance:variance is 3.441871261045485e-05
INFO:cooler._balance:variance is 1.1297259158305429e-05
INFO:cooler._balance:variance is 3.7081003281042164e-06
INFO:cooler._balance:chr10
INFO:cooler._balance:variance is 132932546.8858355
INFO:cooler._balance:variance is 15121898.976165107
INFO:cooler._balance:variance is 2909749.5406383406
INFO:cooler._balance:variance is 636777.1489302635
INFO:cooler._balance:variance is 144253.97668257478
INFO:cooler._balance:variance is 33819.48813633441
INFO:cooler._balance:variance is 8048.45547568689
INFO:cooler._balance:variance is 1948.254874001861
INFO:cooler._balance:variance is 476.1336173411634
INFO:cooler._balance:variance is 117.43065289308646
INFO:cooler._balance:variance is 29.132532068284497
INFO:cooler._balance:variance is 7.26281661544301
INFO:cooler._balance:variance is 1.8167131651958306
INFO:cooler._balance:variance is 0.4556162011919557
INFO:cooler._balance:variance is 0.11447424746225777
INFO:cooler._balance:variance is 0.028801340381609915
INFO:cooler._balance:variance is 0.007253419649293663
INFO:cooler._balance:variance is 0.0018280392702330493
INFO:cooler._balance:variance is 0.00046094870145806815
INFO:cooler._balance:variance is 0.00011627412452264513
INFO:cooler._balance:variance is 2.9338045939381418e-05
INFO:cooler._balance:variance is 7.4039684935850835e-06
INFO:cooler._balance:chr12
INFO:cooler._balance:variance is 160101294.88128662
INFO:cooler._balance:variance is 37777741.84864797
INFO:cooler._balance:variance is 9309226.827805104
INFO:cooler._balance:variance is 2804526.199181565
INFO:cooler._balance:variance is 792404.4720864138
INFO:cooler._balance:variance is 234758.40315961308
INFO:cooler._balance:variance is 68304.37225331452
INFO:cooler._balance:variance is 20131.920171082318
INFO:cooler._balance:variance is 5902.430207139982
INFO:cooler._balance:variance is 1736.8266281011333
INFO:cooler._balance:variance is 510.274360114528
INFO:cooler._balance:variance is 150.07294613987472
INFO:cooler._balance:variance is 44.116330574897134
INFO:cooler._balance:variance is 12.972579892472623
INFO:cooler._balance:variance is 3.814110914420293
INFO:cooler._balance:variance is 1.1214964725928138
INFO:cooler._balance:variance is 0.32974989399354493
INFO:cooler._balance:variance is 0.09695770940872048
INFO:cooler._balance:variance is 0.02850852389946127
INFO:cooler._balance:variance is 0.008382436994410148
INFO:cooler._balance:variance is 0.0024647012945240264
INFO:cooler._balance:variance is 0.0007247015942984412
INFO:cooler._balance:variance is 0.00021308539060080193
INFO:cooler._balance:variance is 6.265394250019659e-05
INFO:cooler._balance:variance is 1.8422263717578998e-05
INFO:cooler._balance:variance is 5.416735937898362e-06
INFO:cooler._balance:chr13
INFO:cooler._balance:variance is 60826899.852326356
INFO:cooler._balance:variance is 2926372.4077434195
INFO:cooler._balance:variance is 424554.8132403707
INFO:cooler._balance:variance is 82759.14365704519
INFO:cooler._balance:variance is 17621.43147088845
INFO:cooler._balance:variance is 3974.83709431699
INFO:cooler._balance:variance is 926.7687103118353
INFO:cooler._balance:variance is 221.08931538185305
INFO:cooler._balance:variance is 53.45252589420683
INFO:cooler._balance:variance is 13.032325734713702
INFO:cooler._balance:variance is 3.1929224982409457
INFO:cooler._balance:variance is 0.7845659364872133
INFO:cooler._balance:variance is 0.19311115265098408
INFO:cooler._balance:variance is 0.047579754898413526
INFO:cooler._balance:variance is 0.011729788270976411
INFO:cooler._balance:variance is 0.0028927250152240023
INFO:cooler._balance:variance is 0.0007135273728248263
INFO:cooler._balance:variance is 0.00017602115898053913
INFO:cooler._balance:variance is 4.3425879807662e-05
INFO:cooler._balance:variance is 1.0713951053238916e-05
INFO:cooler._balance:variance is 2.6433870005934197e-06
INFO:cooler._balance:chr14
INFO:cooler._balance:variance is 109770436.58504596
INFO:cooler._balance:variance is 13828458.656938804
INFO:cooler._balance:variance is 3102383.611963927
INFO:cooler._balance:variance is 986893.6828282396
INFO:cooler._balance:variance is 337535.63314961654
INFO:cooler._balance:variance is 119583.78489749736
INFO:cooler._balance:variance is 42346.85250007055
INFO:cooler._balance:variance is 15069.992810167942
INFO:cooler._balance:variance is 5354.472570203089
INFO:cooler._balance:variance is 1904.823441223003
INFO:cooler._balance:variance is 677.2056474337325
INFO:cooler._balance:variance is 240.85622580306597
INFO:cooler._balance:variance is 85.64410120887334
INFO:cooler._balance:variance is 30.45763397736798
INFO:cooler._balance:variance is 10.830789766103067
INFO:cooler._balance:variance is 3.8516330399773575
INFO:cooler._balance:variance is 1.3696743808929717
INFO:cooler._balance:variance is 0.48707645601027866
INFO:cooler._balance:variance is 0.17320983666819245
INFO:cooler._balance:variance is 0.0615957271427797
INFO:cooler._balance:variance is 0.0219041830305075
INFO:cooler._balance:variance is 0.007789408212985667
INFO:cooler._balance:variance is 0.0027700098500274112
INFO:cooler._balance:variance is 0.000985050495244111
INFO:cooler._balance:variance is 0.00035029624072475143
INFO:cooler._balance:variance is 0.00012456974548220122
INFO:cooler._balance:variance is 4.429855982002854e-05
INFO:cooler._balance:variance is 1.5753123579921043e-05
INFO:cooler._balance:variance is 5.602008045213708e-06
INFO:cooler._balance:chr15
INFO:cooler._balance:variance is 73505635.61728396
INFO:cooler._balance:variance is 4249494.714126028
INFO:cooler._balance:variance is 383995.19198301557
INFO:cooler._balance:variance is 39067.324279238404
INFO:cooler._balance:variance is 4025.6816902962346
INFO:cooler._balance:variance is 420.5965147315245
INFO:cooler._balance:variance is 44.12544735619793
INFO:cooler._balance:variance is 4.648514716276398
INFO:cooler._balance:variance is 0.49191219413923265
INFO:cooler._balance:variance is 0.052506287723202386
INFO:cooler._balance:variance is 0.005712982577653703
INFO:cooler._balance:variance is 0.0006491975745244079
INFO:cooler._balance:variance is 8.076698175035006e-05
INFO:cooler._balance:variance is 1.1754843121764143e-05
INFO:cooler._balance:variance is 2.091708812671166e-06
INFO:cooler._balance:chr16
INFO:cooler._balance:variance is 98246690.78221701
INFO:cooler._balance:variance is 25515582.505570784
INFO:cooler._balance:variance is 5571786.072310467
INFO:cooler._balance:variance is 1976164.7808780079
INFO:cooler._balance:variance is 611466.8737744583
INFO:cooler._balance:variance is 215901.03153167525
INFO:cooler._balance:variance is 73942.08465223064
INFO:cooler._balance:variance is 26181.619992425614
INFO:cooler._balance:variance is 9197.654544394507
INFO:cooler._balance:variance is 3259.550282190616
INFO:cooler._balance:variance is 1152.3422327516132
INFO:cooler._balance:variance is 408.3959611269834
INFO:cooler._balance:variance is 144.616683178519
INFO:cooler._balance:variance is 51.248611799981504
INFO:cooler._balance:variance is 18.155805429642236
INFO:cooler._balance:variance is 6.433591951703736
INFO:cooler._balance:variance is 2.279524105196156
INFO:cooler._balance:variance is 0.8077362439764576
INFO:cooler._balance:variance is 0.2862053745528968
INFO:cooler._balance:variance is 0.10141397181128278
INFO:cooler._balance:variance is 0.03593449934751952
INFO:cooler._balance:variance is 0.012732962881508318
INFO:cooler._balance:variance is 0.004511750954495905
INFO:cooler._balance:variance is 0.0015986823547465962
INFO:cooler._balance:variance is 0.0005664719976182331
INFO:cooler._balance:variance is 0.00020072210718737223
INFO:cooler._balance:variance is 7.112326479891755e-05
INFO:cooler._balance:variance is 2.5201612840192874e-05
INFO:cooler._balance:variance is 8.92986485269775e-06
INFO:cooler._balance:chr17
INFO:cooler._balance:variance is 53872935.027660646
INFO:cooler._balance:variance is 5120302.006180329
INFO:cooler._balance:variance is 932934.8064143677
INFO:cooler._balance:variance is 251041.546956009
INFO:cooler._balance:variance is 73600.0352736517
INFO:cooler._balance:variance is 23639.29295307205
INFO:cooler._balance:variance is 7690.493567783274
INFO:cooler._balance:variance is 2545.206563360157
INFO:cooler._balance:variance is 842.7520800045995
INFO:cooler._balance:variance is 280.0157624033934
INFO:cooler._balance:variance is 92.9980319532173
INFO:cooler._balance:variance is 30.911597990257555
INFO:cooler._balance:variance is 10.272247675411892
INFO:cooler._balance:variance is 3.4143396452830217
INFO:cooler._balance:variance is 1.1347685674424222
INFO:cooler._balance:variance is 0.3771699030625096
INFO:cooler._balance:variance is 0.1253580664042654
INFO:cooler._balance:variance is 0.041665515435988836
INFO:cooler._balance:variance is 0.013848293881445163
INFO:cooler._balance:variance is 0.004602764741230614
INFO:cooler._balance:variance is 0.0015298174542346297
INFO:cooler._balance:variance is 0.0005084654288366365
INFO:cooler._balance:variance is 0.00016899843743913522
INFO:cooler._balance:variance is 5.616998061196885e-05
INFO:cooler._balance:variance is 1.8669198460375826e-05
INFO:cooler._balance:variance is 6.2050770475467e-06
INFO:cooler._balance:chr18
INFO:cooler._balance:variance is 87239793.81905687
INFO:cooler._balance:variance is 7802129.341186803
INFO:cooler._balance:variance is 985291.8423834192
INFO:cooler._balance:variance is 137477.50221882408
INFO:cooler._balance:variance is 19443.455082243654
INFO:cooler._balance:variance is 2800.4136653418186
INFO:cooler._balance:variance is 405.1925410839496
INFO:cooler._balance:variance is 58.858755187142265
INFO:cooler._balance:variance is 8.561951953230594
INFO:cooler._balance:variance is 1.2466535855322192
INFO:cooler._balance:variance is 0.18159253750320956
INFO:cooler._balance:variance is 0.02645804447636594
INFO:cooler._balance:variance is 0.0038554026112943055
INFO:cooler._balance:variance is 0.000561838689287759
INFO:cooler._balance:variance is 8.187834587211935e-05
INFO:cooler._balance:variance is 1.1932604572678804e-05
INFO:cooler._balance:variance is 1.7390264881029094e-06
INFO:cooler._balance:chr20
INFO:cooler._balance:variance is 49841691.46638889
INFO:cooler._balance:variance is 4077005.8126813094
INFO:cooler._balance:variance is 643763.2133406902
INFO:cooler._balance:variance is 144421.11883921537
INFO:cooler._balance:variance is 38027.51167153819
INFO:cooler._balance:variance is 11816.157078745659
INFO:cooler._balance:variance is 3928.2480402555766
INFO:cooler._balance:variance is 1364.899876555806
INFO:cooler._balance:variance is 481.69360312703793
INFO:cooler._balance:variance is 171.53314329772275
INFO:cooler._balance:variance is 61.26802791025334
INFO:cooler._balance:variance is 21.922327396711225
INFO:cooler._balance:variance is 7.8483245662062
INFO:cooler._balance:variance is 2.810745336750153
INFO:cooler._balance:variance is 1.0067137236910155
INFO:cooler._balance:variance is 0.360597825424354
INFO:cooler._balance:variance is 0.12916528651873588
INFO:cooler._balance:variance is 0.046267491070030364
INFO:cooler._balance:variance is 0.0165732016524827
INFO:cooler._balance:variance is 0.005936612994332567
INFO:cooler._balance:variance is 0.002126526783556391
INFO:cooler._balance:variance is 0.0007617342616867718
INFO:cooler._balance:variance is 0.00027285755779976145
INFO:cooler._balance:variance is 9.77391687142266e-05
INFO:cooler._balance:variance is 3.50107354701374e-05
INFO:cooler._balance:variance is 1.2541049374052412e-05
INFO:cooler._balance:variance is 4.492276672795603e-06
INFO:cooler._balance:chrY
INFO:cooler._balance:chr19
INFO:cooler._balance:variance is 285471810.9436632
INFO:cooler._balance:variance is 46965153.8213806
INFO:cooler._balance:variance is 7348639.22676003
INFO:cooler._balance:variance is 1676155.009242485
INFO:cooler._balance:variance is 361801.3959978627
INFO:cooler._balance:variance is 91235.48037657262
INFO:cooler._balance:variance is 23227.34607501331
INFO:cooler._balance:variance is 6227.840497955891
INFO:cooler._balance:variance is 1686.3220797463916
INFO:cooler._balance:variance is 463.8903001775186
INFO:cooler._balance:variance is 128.15349613994795
INFO:cooler._balance:variance is 35.572449264290604
INFO:cooler._balance:variance is 9.889107231024889
INFO:cooler._balance:variance is 2.7531313425491404
INFO:cooler._balance:variance is 0.7668654814860866
INFO:cooler._balance:variance is 0.213699192999294
INFO:cooler._balance:variance is 0.05956068171201438
INFO:cooler._balance:variance is 0.016602569684499593
INFO:cooler._balance:variance is 0.0046282274322296665
INFO:cooler._balance:variance is 0.0012902452239636696
INFO:cooler._balance:variance is 0.0003596975505057128
INFO:cooler._balance:variance is 0.00010027861724239861
INFO:cooler._balance:variance is 2.795642606364711e-05
INFO:cooler._balance:variance is 7.793933846860304e-06
INFO:cooler._balance:chr22
INFO:cooler._balance:variance is 55813534.205839105
INFO:cooler._balance:variance is 2099828.50263753
INFO:cooler._balance:variance is 226453.1034621829
INFO:cooler._balance:variance is 49512.33074590783
INFO:cooler._balance:variance is 12651.23185398596
INFO:cooler._balance:variance is 3445.5916448565963
INFO:cooler._balance:variance is 941.2995749135398
INFO:cooler._balance:variance is 259.3294674028785
INFO:cooler._balance:variance is 71.39447576014655
INFO:cooler._balance:variance is 19.68941281235212
INFO:cooler._balance:variance is 5.428202496477909
INFO:cooler._balance:variance is 1.4971182403927574
INFO:cooler._balance:variance is 0.41286361459796644
INFO:cooler._balance:variance is 0.11386777796011005
INFO:cooler._balance:variance is 0.03140361744459277
INFO:cooler._balance:variance is 0.008661033554215339
INFO:cooler._balance:variance is 0.002388664756255096
INFO:cooler._balance:variance is 0.000658784888223535
INFO:cooler._balance:variance is 0.0001816898810155682
INFO:cooler._balance:variance is 5.0109335064236045e-05
INFO:cooler._balance:variance is 1.381994028260929e-05
INFO:cooler._balance:variance is 3.8114822887686896e-06
INFO:cooler._balance:chr21
INFO:cooler._balance:variance is 56614048.1919192
INFO:cooler._balance:variance is 23309327.155969568
INFO:cooler._balance:variance is 9442405.633334365
INFO:cooler._balance:variance is 5578994.794621348
INFO:cooler._balance:variance is 2584929.7883992684
INFO:cooler._balance:variance is 1419964.2311893199
INFO:cooler._balance:variance is 692205.9906068438
INFO:cooler._balance:variance is 366350.0142226216
INFO:cooler._balance:variance is 182885.13548867754
INFO:cooler._balance:variance is 95107.11276014659
INFO:cooler._balance:variance is 48037.36281014018
INFO:cooler._balance:variance is 24768.548553412606
INFO:cooler._balance:variance is 12584.116009727057
INFO:cooler._balance:variance is 6460.912136557835
INFO:cooler._balance:variance is 3292.4021548514547
INFO:cooler._balance:variance is 1686.7484105206981
INFO:cooler._balance:variance is 860.8551822521597
INFO:cooler._balance:variance is 440.54808628498745
INFO:cooler._balance:variance is 225.01443123666348
INFO:cooler._balance:variance is 115.08850902311401
INFO:cooler._balance:variance is 58.80595522084796
INFO:cooler._balance:variance is 30.069041305813073
INFO:cooler._balance:variance is 15.367278923041818
INFO:cooler._balance:variance is 7.856556879820364
INFO:cooler._balance:variance is 4.015638910312202
INFO:cooler._balance:variance is 2.0528525367508164
INFO:cooler._balance:variance is 1.0493084045284038
INFO:cooler._balance:variance is 0.5364012759494804
INFO:cooler._balance:variance is 0.2741870622132914
INFO:cooler._balance:variance is 0.14016035913939276
INFO:cooler._balance:variance is 0.07164540932830177
INFO:cooler._balance:variance is 0.03662370811192505
INFO:cooler._balance:variance is 0.01872097886937353
INFO:cooler._balance:variance is 0.009569743603736622
INFO:cooler._balance:variance is 0.004891793456141356
INFO:cooler._balance:variance is 0.002500568395743037
INFO:cooler._balance:variance is 0.0012782251262917284
INFO:cooler._balance:variance is 0.0006533974007250245
INFO:cooler._balance:variance is 0.00033399996805623156
INFO:cooler._balance:variance is 0.000170732493821934
INFO:cooler._balance:variance is 8.727410754569714e-05
INFO:cooler._balance:variance is 4.461234223313534e-05
INFO:cooler._balance:variance is 2.2804700082793078e-05
INFO:cooler._balance:variance is 1.1657190580873596e-05
INFO:cooler._balance:variance is 5.958861492920793e-06
INFO:cooler._balance:chrM
