INFO:cooler.cli.balance:Balancing "analysis_other/porec/T2T02.hp2/cooler/T2T02.hp2_40000_balanced.cool"
INFO:cooler._balance:chr1
INFO:cooler._balance:variance is 4725693.197357325
INFO:cooler._balance:variance is 29494.33041646778
INFO:cooler._balance:variance is 8015.556054141639
INFO:cooler._balance:variance is 2793.459726525032
INFO:cooler._balance:variance is 984.1801358671853
INFO:cooler._balance:variance is 365.0722482775629
INFO:cooler._balance:variance is 134.46307998281253
INFO:cooler._balance:variance is 50.306655543483416
INFO:cooler._balance:variance is 18.7316714823375
INFO:cooler._balance:variance is 7.012039374629375
INFO:cooler._balance:variance is 2.619207150441641
INFO:cooler._balance:variance is 0.9802271465366238
INFO:cooler._balance:variance is 0.3665241314952179
INFO:cooler._balance:variance is 0.13714651142654619
INFO:cooler._balance:variance is 0.05130034044290188
INFO:cooler._balance:variance is 0.01919420986769787
INFO:cooler._balance:variance is 0.007180671519825413
INFO:cooler._balance:variance is 0.002686600163024428
INFO:cooler._balance:variance is 0.0010051260582113948
INFO:cooler._balance:variance is 0.00037605760475665335
INFO:cooler._balance:variance is 0.00014069565261910205
INFO:cooler._balance:variance is 5.263967468355247e-05
INFO:cooler._balance:variance is 1.9694409172071023e-05
INFO:cooler._balance:variance is 7.368432122447719e-06
INFO:cooler._balance:chr2
INFO:cooler._balance:variance is 374296.49910625274
INFO:cooler._balance:variance is 27822.337904087253
INFO:cooler._balance:variance is 4590.348443361784
INFO:cooler._balance:variance is 862.5413491947394
INFO:cooler._balance:variance is 159.8258188856088
INFO:cooler._balance:variance is 30.63398971470173
INFO:cooler._balance:variance is 5.948978742769394
INFO:cooler._balance:variance is 1.186089904331945
INFO:cooler._balance:variance is 0.24301452545795368
INFO:cooler._balance:variance is 0.051489050362612
INFO:cooler._balance:variance is 0.011312564844284818
INFO:cooler._balance:variance is 0.0025807675202394707
INFO:cooler._balance:variance is 0.00061033053096738
INFO:cooler._balance:variance is 0.0001490599806817694
INFO:cooler._balance:variance is 3.7400998481019004e-05
INFO:cooler._balance:variance is 9.588067515139415e-06
INFO:cooler._balance:chr3
INFO:cooler._balance:variance is 181651.50367574074
INFO:cooler._balance:variance is 24882.259836672914
INFO:cooler._balance:variance is 4450.62122169629
INFO:cooler._balance:variance is 1076.200464423647
INFO:cooler._balance:variance is 236.14964936419383
INFO:cooler._balance:variance is 55.980593108079006
INFO:cooler._balance:variance is 13.221061712272396
INFO:cooler._balance:variance is 3.2292532825484423
INFO:cooler._balance:variance is 0.801733468536901
INFO:cooler._balance:variance is 0.20364652037265768
INFO:cooler._balance:variance is 0.052648331539347226
INFO:cooler._balance:variance is 0.01384393584732488
INFO:cooler._balance:variance is 0.003691144084652928
INFO:cooler._balance:variance is 0.0009958366982747535
INFO:cooler._balance:variance is 0.0002712225396390097
INFO:cooler._balance:variance is 7.443240061909003e-05
INFO:cooler._balance:variance is 2.0548339711087288e-05
INFO:cooler._balance:variance is 5.698963992222427e-06
INFO:cooler._balance:chr4
INFO:cooler._balance:variance is 151902.01987687618
INFO:cooler._balance:variance is 19529.51468919404
INFO:cooler._balance:variance is 3729.517365851351
INFO:cooler._balance:variance is 987.7191914241716
INFO:cooler._balance:variance is 252.6230434763493
INFO:cooler._balance:variance is 70.53327493095952
INFO:cooler._balance:variance is 19.819752177883913
INFO:cooler._balance:variance is 5.732589412068803
INFO:cooler._balance:variance is 1.6713439737040228
INFO:cooler._balance:variance is 0.49258966151734956
INFO:cooler._balance:variance is 0.14583660405943719
INFO:cooler._balance:variance is 0.04336318014315498
INFO:cooler._balance:variance is 0.012921746192820844
INFO:cooler._balance:variance is 0.0038573759058322873
INFO:cooler._balance:variance is 0.0011526409021168414
INFO:cooler._balance:variance is 0.00034468303340113904
INFO:cooler._balance:variance is 0.00010311893177348659
INFO:cooler._balance:variance is 3.0859932507587604e-05
INFO:cooler._balance:variance is 9.237125285454323e-06
INFO:cooler._balance:chr5
INFO:cooler._balance:variance is 167917.2141240178
INFO:cooler._balance:variance is 18151.275961120868
INFO:cooler._balance:variance is 2933.2845028434494
INFO:cooler._balance:variance is 553.0990289415663
INFO:cooler._balance:variance is 101.42323445145703
INFO:cooler._balance:variance is 19.25576956344717
INFO:cooler._balance:variance is 3.676197048070535
INFO:cooler._balance:variance is 0.7135683366689137
INFO:cooler._balance:variance is 0.1402200658475005
INFO:cooler._balance:variance is 0.027973802098498486
INFO:cooler._balance:variance is 0.005669113018465165
INFO:cooler._balance:variance is 0.0011695986529122549
INFO:cooler._balance:variance is 0.00024611599042605664
INFO:cooler._balance:variance is 5.293483256170526e-05
INFO:cooler._balance:variance is 1.1656603432581731e-05
INFO:cooler._balance:variance is 2.630845378824683e-06
INFO:cooler._balance:chr6
INFO:cooler._balance:variance is 193454.576369957
INFO:cooler._balance:variance is 42439.19742320622
INFO:cooler._balance:variance is 13109.180170417372
INFO:cooler._balance:variance is 5559.97416120844
INFO:cooler._balance:variance is 1961.3911583050951
INFO:cooler._balance:variance is 787.8973603621976
INFO:cooler._balance:variance is 292.0318406716079
INFO:cooler._balance:variance is 114.11288109901903
INFO:cooler._balance:variance is 43.15870862443608
INFO:cooler._balance:variance is 16.66936734996851
INFO:cooler._balance:variance is 6.355783816114699
INFO:cooler._balance:variance is 2.4433884075048966
INFO:cooler._balance:variance is 0.9346113422122453
INFO:cooler._balance:variance is 0.3586402619737424
INFO:cooler._balance:variance is 0.13735390185271681
INFO:cooler._balance:variance is 0.05266967886526027
INFO:cooler._balance:variance is 0.020181534319362163
INFO:cooler._balance:variance is 0.00773668988023978
INFO:cooler._balance:variance is 0.00296504171401598
INFO:cooler._balance:variance is 0.0011365442798980424
INFO:cooler._balance:variance is 0.00043560594318034696
INFO:cooler._balance:variance is 0.00016696751907556033
INFO:cooler._balance:variance is 6.39958409780209e-05
INFO:cooler._balance:variance is 2.4529197435790022e-05
INFO:cooler._balance:variance is 9.401731968870097e-06
INFO:cooler._balance:chr7
INFO:cooler._balance:variance is 183330.00173518006
INFO:cooler._balance:variance is 20650.700491832118
INFO:cooler._balance:variance is 3761.2820478008393
INFO:cooler._balance:variance is 852.9322773701887
INFO:cooler._balance:variance is 181.2102287054803
INFO:cooler._balance:variance is 40.31245946215534
INFO:cooler._balance:variance is 8.834144242940786
INFO:cooler._balance:variance is 1.9566392814914257
INFO:cooler._balance:variance is 0.4321780136811652
INFO:cooler._balance:variance is 0.09574268839792799
INFO:cooler._balance:variance is 0.021212786996008745
INFO:cooler._balance:variance is 0.004706845498292929
INFO:cooler._balance:variance is 0.0010454067427870769
INFO:cooler._balance:variance is 0.00023251913173102197
INFO:cooler._balance:variance is 5.17938374005493e-05
INFO:cooler._balance:variance is 1.15577208814781e-05
INFO:cooler._balance:variance is 2.584307733730001e-06
INFO:cooler._balance:chrX
INFO:cooler._balance:chr9
INFO:cooler._balance:variance is 80673.9698128845
INFO:cooler._balance:variance is 6916.698397631658
INFO:cooler._balance:variance is 1962.4029634850626
INFO:cooler._balance:variance is 766.2127480053324
INFO:cooler._balance:variance is 301.1645980067803
INFO:cooler._balance:variance is 132.9798756084763
INFO:cooler._balance:variance is 57.63706140706123
INFO:cooler._balance:variance is 26.42148389113118
INFO:cooler._balance:variance is 11.972748637152746
INFO:cooler._balance:variance is 5.568273834690695
INFO:cooler._balance:variance is 2.5750864881206006
INFO:cooler._balance:variance is 1.2049880931850045
INFO:cooler._balance:variance is 0.5623805805229397
INFO:cooler._balance:variance is 0.2638673175882314
INFO:cooler._balance:variance is 0.12365393928271573
INFO:cooler._balance:variance is 0.05808608773236053
INFO:cooler._balance:variance is 0.027269971093675793
INFO:cooler._balance:variance is 0.012816500885556125
INFO:cooler._balance:variance is 0.00602190655601659
INFO:cooler._balance:variance is 0.0028308284925356313
INFO:cooler._balance:variance is 0.0013305621075159228
INFO:cooler._balance:variance is 0.0006255399009706822
INFO:cooler._balance:variance is 0.00029406736091149564
INFO:cooler._balance:variance is 0.00013825590647703072
INFO:cooler._balance:variance is 6.499904154884328e-05
INFO:cooler._balance:variance is 3.055982964330112e-05
INFO:cooler._balance:variance is 1.4367734737629382e-05
INFO:cooler._balance:variance is 6.7551534406499155e-06
INFO:cooler._balance:chr8
INFO:cooler._balance:variance is 128160.65810676116
INFO:cooler._balance:variance is 12975.170037374965
INFO:cooler._balance:variance is 2017.3864140955156
INFO:cooler._balance:variance is 423.02305355916513
INFO:cooler._balance:variance is 80.93364413738125
INFO:cooler._balance:variance is 16.41561571269109
INFO:cooler._balance:variance is 3.2640671819550975
INFO:cooler._balance:variance is 0.6569719349426179
INFO:cooler._balance:variance is 0.13181750611127158
INFO:cooler._balance:variance is 0.026538719487303734
INFO:cooler._balance:variance is 0.005346536812373067
INFO:cooler._balance:variance is 0.0010795177360496187
INFO:cooler._balance:variance is 0.00021841294741376796
INFO:cooler._balance:variance is 4.431408520951265e-05
INFO:cooler._balance:variance is 9.0206744336462e-06
INFO:cooler._balance:chr11
INFO:cooler._balance:variance is 166324.7346734375
INFO:cooler._balance:variance is 46211.156124571375
INFO:cooler._balance:variance is 13358.71968199234
INFO:cooler._balance:variance is 6194.702671664584
INFO:cooler._balance:variance is 2157.457927476475
INFO:cooler._balance:variance is 911.3839753516129
INFO:cooler._balance:variance is 340.8369307151066
INFO:cooler._balance:variance is 137.9124530153457
INFO:cooler._balance:variance is 53.10383699490326
INFO:cooler._balance:variance is 21.10456433796135
INFO:cooler._balance:variance is 8.222588698311078
INFO:cooler._balance:variance is 3.2441202870172585
INFO:cooler._balance:variance is 1.2698881052325788
INFO:cooler._balance:variance is 0.49956373107816276
INFO:cooler._balance:variance is 0.19591403008507954
INFO:cooler._balance:variance is 0.07698219255719004
INFO:cooler._balance:variance is 0.03021223296312016
INFO:cooler._balance:variance is 0.011866150389936138
INFO:cooler._balance:variance is 0.004658300502348972
INFO:cooler._balance:variance is 0.0018292650174293818
INFO:cooler._balance:variance is 0.0007181967817853774
INFO:cooler._balance:variance is 0.0002820083278533719
INFO:cooler._balance:variance is 0.00011072560822174271
INFO:cooler._balance:variance is 4.347649281157941e-05
INFO:cooler._balance:variance is 1.7070578097280913e-05
INFO:cooler._balance:variance is 6.702702157911387e-06
INFO:cooler._balance:chr10
INFO:cooler._balance:variance is 116624.90408936971
INFO:cooler._balance:variance is 6347.442618110034
INFO:cooler._balance:variance is 1269.4628367546359
INFO:cooler._balance:variance is 292.57939085170597
INFO:cooler._balance:variance is 69.36443431067785
INFO:cooler._balance:variance is 17.142331052369304
INFO:cooler._balance:variance is 4.326431148265467
INFO:cooler._balance:variance is 1.1189836782951228
INFO:cooler._balance:variance is 0.2945541490653489
INFO:cooler._balance:variance is 0.07890664009737931
INFO:cooler._balance:variance is 0.021436397713724596
INFO:cooler._balance:variance is 0.0058979921103031975
INFO:cooler._balance:variance is 0.0016396576022942647
INFO:cooler._balance:variance is 0.0004598700142030345
INFO:cooler._balance:variance is 0.00012990187265497297
INFO:cooler._balance:variance is 3.690934201744822e-05
INFO:cooler._balance:variance is 1.0536180103330821e-05
INFO:cooler._balance:variance is 3.018917305302879e-06
INFO:cooler._balance:chr12
INFO:cooler._balance:variance is 110631.5195021018
INFO:cooler._balance:variance is 17912.242276420828
INFO:cooler._balance:variance is 4922.0130745243905
INFO:cooler._balance:variance is 1647.14920797188
INFO:cooler._balance:variance is 507.20547780982236
INFO:cooler._balance:variance is 166.24177026527698
INFO:cooler._balance:variance is 52.919114770056495
INFO:cooler._balance:variance is 17.218722191888556
INFO:cooler._balance:variance is 5.548686187312714
INFO:cooler._balance:variance is 1.8018310488017057
INFO:cooler._balance:variance is 0.5833092853931365
INFO:cooler._balance:variance is 0.18934348817243293
INFO:cooler._balance:variance is 0.06140334653193394
INFO:cooler._balance:variance is 0.019931686990741784
INFO:cooler._balance:variance is 0.006468110387519617
INFO:cooler._balance:variance is 0.002099698248030103
INFO:cooler._balance:variance is 0.000681561457416519
INFO:cooler._balance:variance is 0.00022126163432568952
INFO:cooler._balance:variance is 7.182910297990095e-05
INFO:cooler._balance:variance is 2.3319240367676668e-05
INFO:cooler._balance:variance is 7.5705552146405004e-06
INFO:cooler._balance:chr13
INFO:cooler._balance:variance is 96581.99931405495
INFO:cooler._balance:variance is 4394.132822697922
INFO:cooler._balance:variance is 648.599201244345
INFO:cooler._balance:variance is 116.69981451163879
INFO:cooler._balance:variance is 22.574199717738942
INFO:cooler._balance:variance is 4.678716770405112
INFO:cooler._balance:variance is 1.017411584501962
INFO:cooler._balance:variance is 0.23096582913616048
INFO:cooler._balance:variance is 0.05416560457155195
INFO:cooler._balance:variance is 0.01303799973773519
INFO:cooler._balance:variance is 0.003198694182720539
INFO:cooler._balance:variance is 0.0007958387792597959
INFO:cooler._balance:variance is 0.00019996958431033052
INFO:cooler._balance:variance is 5.059541519808581e-05
INFO:cooler._balance:variance is 1.2862504939906607e-05
INFO:cooler._balance:variance is 3.280625290309635e-06
INFO:cooler._balance:chr14
INFO:cooler._balance:variance is 100369.00734528522
INFO:cooler._balance:variance is 10590.930090017548
INFO:cooler._balance:variance is 2478.5223855862796
INFO:cooler._balance:variance is 749.0687871021725
INFO:cooler._balance:variance is 234.75517985127962
INFO:cooler._balance:variance is 78.90993758537684
INFO:cooler._balance:variance is 26.9046773496437
INFO:cooler._balance:variance is 9.369747597531317
INFO:cooler._balance:variance is 3.2776061641976555
INFO:cooler._balance:variance is 1.1542953280134023
INFO:cooler._balance:variance is 0.4070106336452469
INFO:cooler._balance:variance is 0.14382844843353454
INFO:cooler._balance:variance is 0.050841420735101846
INFO:cooler._balance:variance is 0.017984610434442404
INFO:cooler._balance:variance is 0.006362318436053651
INFO:cooler._balance:variance is 0.0022512918476932783
INFO:cooler._balance:variance is 0.00079662564272915
INFO:cooler._balance:variance is 0.00028190999261137135
INFO:cooler._balance:variance is 9.97625070219607e-05
INFO:cooler._balance:variance is 3.53049360125856e-05
INFO:cooler._balance:variance is 1.2494052082567872e-05
INFO:cooler._balance:variance is 4.421553949570707e-06
INFO:cooler._balance:chr15
INFO:cooler._balance:variance is 80366.31572104708
INFO:cooler._balance:variance is 6055.805426030866
INFO:cooler._balance:variance is 1374.5038840987527
INFO:cooler._balance:variance is 374.27803324409405
INFO:cooler._balance:variance is 104.80265329392036
INFO:cooler._balance:variance is 30.201865809112352
INFO:cooler._balance:variance is 8.816525597838703
INFO:cooler._balance:variance is 2.5896042977904985
INFO:cooler._balance:variance is 0.7643973093076858
INFO:cooler._balance:variance is 0.2260154795126437
INFO:cooler._balance:variance is 0.06694753795635311
INFO:cooler._balance:variance is 0.019841559314704545
INFO:cooler._balance:variance is 0.005884274291034487
INFO:cooler._balance:variance is 0.001745422517277318
INFO:cooler._balance:variance is 0.0005178522006169961
INFO:cooler._balance:variance is 0.00015365471337267246
INFO:cooler._balance:variance is 4.559535014609975e-05
INFO:cooler._balance:variance is 1.3530340153636277e-05
INFO:cooler._balance:variance is 4.015218755637956e-06
INFO:cooler._balance:chr16
INFO:cooler._balance:variance is 660498.785387057
INFO:cooler._balance:variance is 2429.0284327971635
INFO:cooler._balance:variance is 454.3950577025862
INFO:cooler._balance:variance is 139.33058887062077
INFO:cooler._balance:variance is 49.019927607160966
INFO:cooler._balance:variance is 19.92335508335073
INFO:cooler._balance:variance is 8.245105580212453
INFO:cooler._balance:variance is 3.564288271094038
INFO:cooler._balance:variance is 1.5417246788305536
INFO:cooler._balance:variance is 0.6763852546684536
INFO:cooler._balance:variance is 0.29635847004278465
INFO:cooler._balance:variance is 0.13050043459217603
INFO:cooler._balance:variance is 0.05740886061948137
INFO:cooler._balance:variance is 0.02530237225113576
INFO:cooler._balance:variance is 0.011145578517353222
INFO:cooler._balance:variance is 0.004913197598603397
INFO:cooler._balance:variance is 0.0021652283281107035
INFO:cooler._balance:variance is 0.0009544938750328803
INFO:cooler._balance:variance is 0.00042071097670926737
INFO:cooler._balance:variance is 0.00018545928037734874
INFO:cooler._balance:variance is 8.174964680049288e-05
INFO:cooler._balance:variance is 3.603678593097171e-05
INFO:cooler._balance:variance is 1.5885235669963146e-05
INFO:cooler._balance:variance is 7.002466796835566e-06
INFO:cooler._balance:chr17
INFO:cooler._balance:variance is 74915.46390243848
INFO:cooler._balance:variance is 14698.203575124891
INFO:cooler._balance:variance is 4626.209184032347
INFO:cooler._balance:variance is 1716.7870689786905
INFO:cooler._balance:variance is 620.3413796780434
INFO:cooler._balance:variance is 229.83832210510275
INFO:cooler._balance:variance is 84.85715006350654
INFO:cooler._balance:variance is 31.453664227783218
INFO:cooler._balance:variance is 11.660361787808224
INFO:cooler._balance:variance is 4.324664401888063
INFO:cooler._balance:variance is 1.6045109614103206
INFO:cooler._balance:variance is 0.5952765868021913
INFO:cooler._balance:variance is 0.22089147101494702
INFO:cooler._balance:variance is 0.08196259284763226
INFO:cooler._balance:variance is 0.03041519874134912
INFO:cooler._balance:variance is 0.011286345876095805
INFO:cooler._balance:variance is 0.0041882465386027115
INFO:cooler._balance:variance is 0.0015541966935877095
INFO:cooler._balance:variance is 0.0005767483810394969
INFO:cooler._balance:variance is 0.0002140251747681108
INFO:cooler._balance:variance is 7.942295696885045e-05
INFO:cooler._balance:variance is 2.947315184576513e-05
INFO:cooler._balance:variance is 1.0937252013746038e-05
INFO:cooler._balance:variance is 4.05872523457576e-06
INFO:cooler._balance:chr18
INFO:cooler._balance:variance is 53972.17355691481
INFO:cooler._balance:variance is 4577.394634274554
INFO:cooler._balance:variance is 830.3303360990146
INFO:cooler._balance:variance is 166.88068373808966
INFO:cooler._balance:variance is 33.318585735886565
INFO:cooler._balance:variance is 6.792296603813215
INFO:cooler._balance:variance is 1.382708806051642
INFO:cooler._balance:variance is 0.28296034017614435
INFO:cooler._balance:variance is 0.057913086678907995
INFO:cooler._balance:variance is 0.011869924878864256
INFO:cooler._balance:variance is 0.002433452028524676
INFO:cooler._balance:variance is 0.0004991015318467784
INFO:cooler._balance:variance is 0.0001023809184894163
INFO:cooler._balance:variance is 2.1004762561151882e-05
INFO:cooler._balance:variance is 4.309728651854766e-06
INFO:cooler._balance:chr20
INFO:cooler._balance:variance is 57206.85647355971
INFO:cooler._balance:variance is 3279.066090018812
INFO:cooler._balance:variance is 679.7787622185253
INFO:cooler._balance:variance is 155.4927782851002
INFO:cooler._balance:variance is 38.245281734337226
INFO:cooler._balance:variance is 9.800665499549314
INFO:cooler._balance:variance is 2.667055716574074
INFO:cooler._balance:variance is 0.7745255985466896
INFO:cooler._balance:variance is 0.2416140716975754
INFO:cooler._balance:variance is 0.08063622929259874
INFO:cooler._balance:variance is 0.028466933666013907
INFO:cooler._balance:variance is 0.010483454440477224
INFO:cooler._balance:variance is 0.003974222359355689
INFO:cooler._balance:variance is 0.00153530446427921
INFO:cooler._balance:variance is 0.0006001347028837424
INFO:cooler._balance:variance is 0.0002362750090784709
INFO:cooler._balance:variance is 9.342476754239796e-05
INFO:cooler._balance:variance is 3.703549083800105e-05
INFO:cooler._balance:variance is 1.4704036652156076e-05
INFO:cooler._balance:variance is 5.843099348296674e-06
INFO:cooler._balance:chrY
INFO:cooler._balance:chr19
INFO:cooler._balance:variance is 165055.25602929023
INFO:cooler._balance:variance is 36685.86158307208
INFO:cooler._balance:variance is 8050.188347127131
INFO:cooler._balance:variance is 2597.049775109914
INFO:cooler._balance:variance is 767.0341990706421
INFO:cooler._balance:variance is 253.4147810375469
INFO:cooler._balance:variance is 83.55021265716452
INFO:cooler._balance:variance is 28.48447164454744
INFO:cooler._balance:variance is 9.769830390269602
INFO:cooler._balance:variance is 3.3865251013849917
INFO:cooler._balance:variance is 1.1781328397129875
INFO:cooler._balance:variance is 0.4113145668337408
INFO:cooler._balance:variance is 0.14383674523275997
INFO:cooler._balance:variance is 0.050362991354342614
INFO:cooler._balance:variance is 0.017646271015309873
INFO:cooler._balance:variance is 0.006185806504491454
INFO:cooler._balance:variance is 0.002169009055174008
INFO:cooler._balance:variance is 0.0007606824841984967
INFO:cooler._balance:variance is 0.0002668051731875829
INFO:cooler._balance:variance is 9.358689811932356e-05
INFO:cooler._balance:variance is 3.282882514150888e-05
INFO:cooler._balance:variance is 1.1516153697801097e-05
INFO:cooler._balance:variance is 4.039869524926739e-06
INFO:cooler._balance:chr22
INFO:cooler._balance:variance is 65768.81690416964
INFO:cooler._balance:variance is 7035.809462001745
INFO:cooler._balance:variance is 1599.5876895815672
INFO:cooler._balance:variance is 493.77406243967573
INFO:cooler._balance:variance is 178.58104503429274
INFO:cooler._balance:variance is 66.60010046054542
INFO:cooler._balance:variance is 26.30411050330623
INFO:cooler._balance:variance is 10.284392605314038
INFO:cooler._balance:variance is 4.102622107798941
INFO:cooler._balance:variance is 1.6241399246444737
INFO:cooler._balance:variance is 0.6477954121706238
INFO:cooler._balance:variance is 0.2574373542041952
INFO:cooler._balance:variance is 0.10260202202059394
INFO:cooler._balance:variance is 0.040828517686287584
INFO:cooler._balance:variance is 0.016265185192898077
INFO:cooler._balance:variance is 0.006475530220621415
INFO:cooler._balance:variance is 0.002579189334597723
INFO:cooler._balance:variance is 0.001027017464936286
INFO:cooler._balance:variance is 0.00040902326202174713
INFO:cooler._balance:variance is 0.00016288179932576598
INFO:cooler._balance:variance is 6.486747723678664e-05
INFO:cooler._balance:variance is 2.583230485553694e-05
INFO:cooler._balance:variance is 1.0287531046856227e-05
INFO:cooler._balance:variance is 4.096866748414603e-06
INFO:cooler._balance:chr21
INFO:cooler._balance:variance is 40048.92247018306
INFO:cooler._balance:variance is 3899.833702211409
INFO:cooler._balance:variance is 832.8717254924625
INFO:cooler._balance:variance is 271.72160735248457
INFO:cooler._balance:variance is 111.54641007908296
INFO:cooler._balance:variance is 52.794722165937806
INFO:cooler._balance:variance is 26.888077680387543
INFO:cooler._balance:variance is 14.348969695788302
INFO:cooler._balance:variance is 7.8248393488910954
INFO:cooler._balance:variance is 4.358130189160834
INFO:cooler._balance:variance is 2.4422997302172673
INFO:cooler._balance:variance is 1.3834960068044708
INFO:cooler._balance:variance is 0.7845024975342584
INFO:cooler._balance:variance is 0.4473586587879901
INFO:cooler._balance:variance is 0.25498155273051715
INFO:cooler._balance:variance is 0.14576516342992682
INFO:cooler._balance:variance is 0.08327064394215156
INFO:cooler._balance:variance is 0.047645454763396586
INFO:cooler._balance:variance is 0.02724585874047862
INFO:cooler._balance:variance is 0.015593881169321092
INFO:cooler._balance:variance is 0.008921438528012684
INFO:cooler._balance:variance is 0.00510647246222965
INFO:cooler._balance:variance is 0.002922108616160505
INFO:cooler._balance:variance is 0.0016725745001764083
INFO:cooler._balance:variance is 0.0009572085975026437
INFO:cooler._balance:variance is 0.0005478872652982254
INFO:cooler._balance:variance is 0.0003135704176963534
INFO:cooler._balance:variance is 0.0001794794086134747
INFO:cooler._balance:variance is 0.00010272357871442996
INFO:cooler._balance:variance is 5.879572975891582e-05
INFO:cooler._balance:variance is 3.36517294836758e-05
INFO:cooler._balance:variance is 1.926106955143932e-05
INFO:cooler._balance:variance is 1.1024153748743188e-05
INFO:cooler._balance:variance is 6.309814674723208e-06
INFO:cooler._balance:chrM
