INFO:cooler.cli.balance:Balancing "analysis_other/porec/T2T05.hp1/cooler/T2T05.hp1_10000_balanced.cool"
INFO:cooler._balance:chr1
INFO:cooler._balance:variance is 2940579.7721158084
INFO:cooler._balance:variance is 20371.840492329145
INFO:cooler._balance:variance is 6719.101422414858
INFO:cooler._balance:variance is 3221.5881658928606
INFO:cooler._balance:variance is 1450.2517563664583
INFO:cooler._balance:variance is 727.5767504346965
INFO:cooler._balance:variance is 353.2272789680807
INFO:cooler._balance:variance is 179.22577829693316
INFO:cooler._balance:variance is 89.2196320842696
INFO:cooler._balance:variance is 45.32935159058928
INFO:cooler._balance:variance is 22.78184566129995
INFO:cooler._balance:variance is 11.563738551682924
INFO:cooler._balance:variance is 5.835003353305918
INFO:cooler._balance:variance is 2.95878606847673
INFO:cooler._balance:variance is 1.4956431694811239
INFO:cooler._balance:variance is 0.7578916739775248
INFO:cooler._balance:variance is 0.3834250639645247
INFO:cooler._balance:variance is 0.19421772353527847
INFO:cooler._balance:variance is 0.09829565503443362
INFO:cooler._balance:variance is 0.049779370636126544
INFO:cooler._balance:variance is 0.02519875424144358
INFO:cooler._balance:variance is 0.01275982938228527
INFO:cooler._balance:variance is 0.00645975868730618
INFO:cooler._balance:variance is 0.0032708191503644474
INFO:cooler._balance:variance is 0.0016559562103453786
INFO:cooler._balance:variance is 0.0008384476924145753
INFO:cooler._balance:variance is 0.0004245010795793396
INFO:cooler._balance:variance is 0.00021493109069087416
INFO:cooler._balance:variance is 0.00010881966238925653
INFO:cooler._balance:variance is 5.509655264665923e-05
INFO:cooler._balance:variance is 2.789557024173492e-05
INFO:cooler._balance:variance is 1.4123768120757372e-05
INFO:cooler._balance:variance is 7.150933808136798e-06
INFO:cooler._balance:chr2
INFO:cooler._balance:variance is 129332.79856748132
INFO:cooler._balance:variance is 9938.785255065139
INFO:cooler._balance:variance is 2228.91312206397
INFO:cooler._balance:variance is 668.7418563789591
INFO:cooler._balance:variance is 193.2797929068375
INFO:cooler._balance:variance is 60.178696802486684
INFO:cooler._balance:variance is 18.782401425112543
INFO:cooler._balance:variance is 6.0563960992608035
INFO:cooler._balance:variance is 1.9837818298339145
INFO:cooler._balance:variance is 0.665033547924524
INFO:cooler._balance:variance is 0.2272016589267055
INFO:cooler._balance:variance is 0.0791709065007164
INFO:cooler._balance:variance is 0.028077781293934328
INFO:cooler._balance:variance is 0.010120187782577403
INFO:cooler._balance:variance is 0.003699271258273206
INFO:cooler._balance:variance is 0.0013685805783295133
INFO:cooler._balance:variance is 0.0005114228124962178
INFO:cooler._balance:variance is 0.00019268727918437983
INFO:cooler._balance:variance is 7.307979136094017e-05
INFO:cooler._balance:variance is 2.786260471253094e-05
INFO:cooler._balance:variance is 1.0666978062970426e-05
INFO:cooler._balance:variance is 4.096948287648679e-06
INFO:cooler._balance:chr3
INFO:cooler._balance:variance is 87615.57606858182
INFO:cooler._balance:variance is 14295.409602839225
INFO:cooler._balance:variance is 3667.9639941741098
INFO:cooler._balance:variance is 1714.4522387197535
INFO:cooler._balance:variance is 578.0288867156655
INFO:cooler._balance:variance is 243.48307762586754
INFO:cooler._balance:variance is 90.11284770182901
INFO:cooler._balance:variance is 36.42165863621206
INFO:cooler._balance:variance is 14.023258043327283
INFO:cooler._balance:variance is 5.598136424069256
INFO:cooler._balance:variance is 2.1972241139196034
INFO:cooler._balance:variance is 0.8761528281209757
INFO:cooler._balance:variance is 0.34767793388504903
INFO:cooler._balance:variance is 0.13903714863580885
INFO:cooler._balance:variance is 0.055580225283362525
INFO:cooler._balance:variance is 0.022315628269594177
INFO:cooler._balance:variance is 0.008969980158010024
INFO:cooler._balance:variance is 0.0036159174430616774
INFO:cooler._balance:variance is 0.0014598372856445786
INFO:cooler._balance:variance is 0.0005906061085304422
INFO:cooler._balance:variance is 0.00023929526394186274
INFO:cooler._balance:variance is 9.711195498516376e-05
INFO:cooler._balance:variance is 3.94618728330618e-05
INFO:cooler._balance:variance is 1.6056138334279924e-05
INFO:cooler._balance:variance is 6.540059352959816e-06
INFO:cooler._balance:chr4
INFO:cooler._balance:variance is 76007.93514851539
INFO:cooler._balance:variance is 11210.409638225146
INFO:cooler._balance:variance is 2739.9818435156617
INFO:cooler._balance:variance is 1239.9045836720568
INFO:cooler._balance:variance is 416.7632664129971
INFO:cooler._balance:variance is 175.9196390290857
INFO:cooler._balance:variance is 67.21185411984605
INFO:cooler._balance:variance is 28.043003932552196
INFO:cooler._balance:variance is 11.382827206396747
INFO:cooler._balance:variance is 4.7894281257552
INFO:cooler._balance:variance is 2.0049862160469516
INFO:cooler._balance:variance is 0.8526782846465709
INFO:cooler._balance:variance is 0.3628833759380818
INFO:cooler._balance:variance is 0.15558444842237049
INFO:cooler._balance:variance is 0.06681239026482515
INFO:cooler._balance:variance is 0.028796754823336837
INFO:cooler._balance:variance is 0.012427749951540525
INFO:cooler._balance:variance is 0.005373577331831851
INFO:cooler._balance:variance is 0.0023254634773636164
INFO:cooler._balance:variance is 0.001007372187614326
INFO:cooler._balance:variance is 0.00043661793262978653
INFO:cooler._balance:variance is 0.00018934188767440259
INFO:cooler._balance:variance is 8.213513796314797e-05
INFO:cooler._balance:variance is 3.5640047466855036e-05
INFO:cooler._balance:variance is 1.546775388702374e-05
INFO:cooler._balance:variance is 6.714069830981413e-06
INFO:cooler._balance:chr5
INFO:cooler._balance:variance is 109490.50561275141
INFO:cooler._balance:variance is 12813.145734931702
INFO:cooler._balance:variance is 2975.289593900876
INFO:cooler._balance:variance is 878.3078836391854
INFO:cooler._balance:variance is 249.40290716708137
INFO:cooler._balance:variance is 76.1066341038699
INFO:cooler._balance:variance is 23.530528860391062
INFO:cooler._balance:variance is 7.573537257265416
INFO:cooler._balance:variance is 2.496245852664519
INFO:cooler._balance:variance is 0.8481826789328767
INFO:cooler._balance:variance is 0.295017758947511
INFO:cooler._balance:variance is 0.1050913953599404
INFO:cooler._balance:variance is 0.03816809821896596
INFO:cooler._balance:variance is 0.014110026118620144
INFO:cooler._balance:variance is 0.005291855267918356
INFO:cooler._balance:variance is 0.0020092790207166763
INFO:cooler._balance:variance is 0.0007704933446416606
INFO:cooler._balance:variance is 0.00029786916483902576
INFO:cooler._balance:variance is 0.00011589866198013298
INFO:cooler._balance:variance is 4.532828431517654e-05
INFO:cooler._balance:variance is 1.779985997004913e-05
INFO:cooler._balance:variance is 7.012099201413255e-06
INFO:cooler._balance:chr6
INFO:cooler._balance:variance is 106104.71273424709
INFO:cooler._balance:variance is 12824.621571815469
INFO:cooler._balance:variance is 4803.722771237115
INFO:cooler._balance:variance is 2959.1453676550454
INFO:cooler._balance:variance is 1333.1614196955954
INFO:cooler._balance:variance is 770.0831616997955
INFO:cooler._balance:variance is 372.2401903611499
INFO:cooler._balance:variance is 205.8055188791973
INFO:cooler._balance:variance is 103.2150111879829
INFO:cooler._balance:variance is 55.65133015937854
INFO:cooler._balance:variance is 28.46998745895988
INFO:cooler._balance:variance is 15.139641907118117
INFO:cooler._balance:variance is 7.828236081036353
INFO:cooler._balance:variance is 4.131882699558688
INFO:cooler._balance:variance is 2.1486808269838495
INFO:cooler._balance:variance is 1.1295938938620533
INFO:cooler._balance:variance is 0.5891969973062048
INFO:cooler._balance:variance is 0.30909417309195647
INFO:cooler._balance:variance is 0.16148187307158138
INFO:cooler._balance:variance is 0.0846189887802576
INFO:cooler._balance:variance is 0.04424528213274536
INFO:cooler._balance:variance is 0.023171535288939785
INFO:cooler._balance:variance is 0.012121225515931177
INFO:cooler._balance:variance is 0.006345993633548649
INFO:cooler._balance:variance is 0.00332041592421751
INFO:cooler._balance:variance is 0.0017381002598923503
INFO:cooler._balance:variance is 0.0009095377628537687
INFO:cooler._balance:variance is 0.0004760646584331587
INFO:cooler._balance:variance is 0.0002491378224160506
INFO:cooler._balance:variance is 0.00013039634015607498
INFO:cooler._balance:variance is 6.824230629961011e-05
INFO:cooler._balance:variance is 3.571652762975797e-05
INFO:cooler._balance:variance is 1.8692403836179784e-05
INFO:cooler._balance:variance is 9.783074109321525e-06
INFO:cooler._balance:chr7
INFO:cooler._balance:variance is 76387.20586969485
INFO:cooler._balance:variance is 8684.227701777316
INFO:cooler._balance:variance is 2237.8425963847462
INFO:cooler._balance:variance is 813.0830321737884
INFO:cooler._balance:variance is 255.67883798649862
INFO:cooler._balance:variance is 89.2715738644796
INFO:cooler._balance:variance is 29.538252034173414
INFO:cooler._balance:variance is 10.136837102506151
INFO:cooler._balance:variance is 3.413567439381159
INFO:cooler._balance:variance is 1.1645325331276541
INFO:cooler._balance:variance is 0.3947015994618269
INFO:cooler._balance:variance is 0.1344015710151684
INFO:cooler._balance:variance is 0.04566558375728722
INFO:cooler._balance:variance is 0.015541803948522734
INFO:cooler._balance:variance is 0.005285710139986588
INFO:cooler._balance:variance is 0.001798750999926231
INFO:cooler._balance:variance is 0.0006119866798599918
INFO:cooler._balance:variance is 0.00020826296234941356
INFO:cooler._balance:variance is 7.08687008504453e-05
INFO:cooler._balance:variance is 2.4117657263649942e-05
INFO:cooler._balance:variance is 8.207472465347615e-06
INFO:cooler._balance:chrX
INFO:cooler._balance:chr9
INFO:cooler._balance:variance is 59228.078246610086
INFO:cooler._balance:variance is 9412.413799176338
INFO:cooler._balance:variance is 3743.3191756931737
INFO:cooler._balance:variance is 2144.839109274872
INFO:cooler._balance:variance is 1063.5925804439325
INFO:cooler._balance:variance is 652.8632009697383
INFO:cooler._balance:variance is 351.48296032995285
INFO:cooler._balance:variance is 219.3779232083242
INFO:cooler._balance:variance is 125.0086248091944
INFO:cooler._balance:variance is 78.37783161914335
INFO:cooler._balance:variance is 46.33864015252039
INFO:cooler._balance:variance is 29.063107150360583
INFO:cooler._balance:variance is 17.570534858803864
INFO:cooler._balance:variance is 11.009070442619363
INFO:cooler._balance:variance is 6.742876241876863
INFO:cooler._balance:variance is 4.219630168973942
INFO:cooler._balance:variance is 2.6038216377262033
INFO:cooler._balance:variance is 1.627671619568799
INFO:cooler._balance:variance is 1.0086894780161544
INFO:cooler._balance:variance is 0.6300049059731284
INFO:cooler._balance:variance is 0.3913797532274972
INFO:cooler._balance:variance is 0.24429534919947993
INFO:cooler._balance:variance is 0.15197921101519987
INFO:cooler._balance:variance is 0.09482258482205744
INFO:cooler._balance:variance is 0.05903896860305753
INFO:cooler._balance:variance is 0.03682451580712482
INFO:cooler._balance:variance is 0.022938990830535893
INFO:cooler._balance:variance is 0.014304935444229479
INFO:cooler._balance:variance is 0.0089134881639934
INFO:cooler._balance:variance is 0.005557788394494277
INFO:cooler._balance:variance is 0.0034636825651096176
INFO:cooler._balance:variance is 0.00215950876182724
INFO:cooler._balance:variance is 0.0013459708480223472
INFO:cooler._balance:variance is 0.000839128160614471
INFO:cooler._balance:variance is 0.0005230412244310081
INFO:cooler._balance:variance is 0.0003260715939164817
INFO:cooler._balance:variance is 0.00020325298975923874
INFO:cooler._balance:variance is 0.00012670799330958624
INFO:cooler._balance:variance is 7.898378777614674e-05
INFO:cooler._balance:variance is 4.9237803985584586e-05
INFO:cooler._balance:variance is 3.069295605184177e-05
INFO:cooler._balance:variance is 1.9133543387909997e-05
INFO:cooler._balance:variance is 1.1927218914973181e-05
INFO:cooler._balance:variance is 7.435211546889352e-06
INFO:cooler._balance:chr8
INFO:cooler._balance:variance is 64649.478988890165
INFO:cooler._balance:variance is 4823.479412809332
INFO:cooler._balance:variance is 789.2098184095408
INFO:cooler._balance:variance is 219.2315408884438
INFO:cooler._balance:variance is 52.85112842633539
INFO:cooler._balance:variance is 14.363090946178334
INFO:cooler._balance:variance is 3.7941998482830552
INFO:cooler._balance:variance is 1.0346277617555135
INFO:cooler._balance:variance is 0.2818348546686422
INFO:cooler._balance:variance is 0.07770478616948605
INFO:cooler._balance:variance is 0.021528218958461253
INFO:cooler._balance:variance is 0.006012581738294292
INFO:cooler._balance:variance is 0.0016909448372512215
INFO:cooler._balance:variance is 0.0004795763506721886
INFO:cooler._balance:variance is 0.00013726899239236226
INFO:cooler._balance:variance is 3.971392958713561e-05
INFO:cooler._balance:variance is 1.1631300877003582e-05
INFO:cooler._balance:variance is 3.4545142871423193e-06
INFO:cooler._balance:chr11
INFO:cooler._balance:variance is 73232.03412779699
INFO:cooler._balance:variance is 25220.271244300937
INFO:cooler._balance:variance is 8787.033099603266
INFO:cooler._balance:variance is 6209.108512360015
INFO:cooler._balance:variance is 2625.595791017808
INFO:cooler._balance:variance is 1670.2715054633761
INFO:cooler._balance:variance is 781.119367502172
INFO:cooler._balance:variance is 463.06167961736355
INFO:cooler._balance:variance is 229.89957942040627
INFO:cooler._balance:variance is 130.59455960704267
INFO:cooler._balance:variance is 67.1293255064557
INFO:cooler._balance:variance is 37.19781941497238
INFO:cooler._balance:variance is 19.500669976430064
INFO:cooler._balance:variance is 10.654742158071722
INFO:cooler._balance:variance is 5.647103220931981
INFO:cooler._balance:variance is 3.061364070527584
INFO:cooler._balance:variance is 1.632325085635403
INFO:cooler._balance:variance is 0.8810938330877622
INFO:cooler._balance:variance is 0.47134075603950826
INFO:cooler._balance:variance is 0.2538208391614554
INFO:cooler._balance:variance is 0.13602232991710542
INFO:cooler._balance:variance is 0.07315544947705635
INFO:cooler._balance:variance is 0.03924149157554846
INFO:cooler._balance:variance is 0.021090221730947753
INFO:cooler._balance:variance is 0.011318896228102858
INFO:cooler._balance:variance is 0.00608103189851723
INFO:cooler._balance:variance is 0.003264531102500125
INFO:cooler._balance:variance is 0.0017535027456653984
INFO:cooler._balance:variance is 0.0009414880607446721
INFO:cooler._balance:variance is 0.0005056538368043854
INFO:cooler._balance:variance is 0.0002715166795463239
INFO:cooler._balance:variance is 0.00014581749566866398
INFO:cooler._balance:variance is 7.830176599739782e-05
INFO:cooler._balance:variance is 4.2050487622270875e-05
INFO:cooler._balance:variance is 2.258099160214661e-05
INFO:cooler._balance:variance is 1.212649117374543e-05
INFO:cooler._balance:variance is 6.511972012120024e-06
INFO:cooler._balance:chr10
INFO:cooler._balance:variance is 65177.85313827299
INFO:cooler._balance:variance is 4810.946047568574
INFO:cooler._balance:variance is 1207.46991963071
INFO:cooler._balance:variance is 387.75242283403213
INFO:cooler._balance:variance is 120.12738545819604
INFO:cooler._balance:variance is 39.492220388974445
INFO:cooler._balance:variance is 12.987953404289348
INFO:cooler._balance:variance is 4.389824946226351
INFO:cooler._balance:variance is 1.5018427749633128
INFO:cooler._balance:variance is 0.5242110625858573
INFO:cooler._balance:variance is 0.18576881977262522
INFO:cooler._balance:variance is 0.06697934042952113
INFO:cooler._balance:variance is 0.024507671215966212
INFO:cooler._balance:variance is 0.00909878682706201
INFO:cooler._balance:variance is 0.0034204885943349183
INFO:cooler._balance:variance is 0.001300583058742807
INFO:cooler._balance:variance is 0.0004992836195981485
INFO:cooler._balance:variance is 0.00019326407673203746
INFO:cooler._balance:variance is 7.532026834161502e-05
INFO:cooler._balance:variance is 2.9521399029460496e-05
INFO:cooler._balance:variance is 1.1623943124210092e-05
INFO:cooler._balance:variance is 4.593992696008427e-06
INFO:cooler._balance:chr12
INFO:cooler._balance:variance is 73309.419677195
INFO:cooler._balance:variance is 12953.116318252292
INFO:cooler._balance:variance is 4022.6847835311073
INFO:cooler._balance:variance is 1758.6088434186697
INFO:cooler._balance:variance is 664.3767818869152
INFO:cooler._balance:variance is 285.05774001547155
INFO:cooler._balance:variance is 115.13404150716156
INFO:cooler._balance:variance is 49.18898217654958
INFO:cooler._balance:variance is 20.50028065393175
INFO:cooler._balance:variance is 8.77010868914432
INFO:cooler._balance:variance is 3.714563570437494
INFO:cooler._balance:variance is 1.5929575913783351
INFO:cooler._balance:variance is 0.6804988031563981
INFO:cooler._balance:variance is 0.2924430131861368
INFO:cooler._balance:variance is 0.12550555476969805
INFO:cooler._balance:variance is 0.054018444804892436
INFO:cooler._balance:variance is 0.023240547060779927
INFO:cooler._balance:variance is 0.010013101599884621
INFO:cooler._balance:variance is 0.004313839987851487
INFO:cooler._balance:variance is 0.0018598064716210852
INFO:cooler._balance:variance is 0.0008018416009922508
INFO:cooler._balance:variance is 0.00034583250569739164
INFO:cooler._balance:variance is 0.00014916508625111832
INFO:cooler._balance:variance is 6.435010810586628e-05
INFO:cooler._balance:variance is 2.7762049575573264e-05
INFO:cooler._balance:variance is 1.1978326719012702e-05
INFO:cooler._balance:variance is 5.168387919778048e-06
INFO:cooler._balance:chr13
INFO:cooler._balance:variance is 52898.766233363865
INFO:cooler._balance:variance is 6102.442284059653
INFO:cooler._balance:variance is 1236.5212407465006
INFO:cooler._balance:variance is 377.9577305409043
INFO:cooler._balance:variance is 104.97408436257298
INFO:cooler._balance:variance is 32.053415037088165
INFO:cooler._balance:variance is 9.818152880115655
INFO:cooler._balance:variance is 3.121508024530474
INFO:cooler._balance:variance is 1.0093079277594412
INFO:cooler._balance:variance is 0.3335783602169406
INFO:cooler._balance:variance is 0.11189286536309527
INFO:cooler._balance:variance is 0.038076176989262425
INFO:cooler._balance:variance is 0.013096762906933408
INFO:cooler._balance:variance is 0.00454740909849592
INFO:cooler._balance:variance is 0.0015904061731280787
INFO:cooler._balance:variance is 0.0005596035069473616
INFO:cooler._balance:variance is 0.00019783313365192968
INFO:cooler._balance:variance is 7.020771698180414e-05
INFO:cooler._balance:variance is 2.49906525198147e-05
INFO:cooler._balance:variance is 8.91704516535474e-06
INFO:cooler._balance:chr14
INFO:cooler._balance:variance is 57335.1729257104
INFO:cooler._balance:variance is 7813.0882317624155
INFO:cooler._balance:variance is 1892.4267787854903
INFO:cooler._balance:variance is 672.1716841358208
INFO:cooler._balance:variance is 214.3161291831753
INFO:cooler._balance:variance is 78.7653464695901
INFO:cooler._balance:variance is 28.62128716997811
INFO:cooler._balance:variance is 11.108561072188607
INFO:cooler._balance:variance is 4.398776056118547
INFO:cooler._balance:variance is 1.8088478332553048
INFO:cooler._balance:variance is 0.7597044445261977
INFO:cooler._balance:variance is 0.3262909328854884
INFO:cooler._balance:variance is 0.1421483548390032
INFO:cooler._balance:variance is 0.06270310825410935
INFO:cooler._balance:variance is 0.02788236402146343
INFO:cooler._balance:variance is 0.01247964607687173
INFO:cooler._balance:variance is 0.005609134245580873
INFO:cooler._balance:variance is 0.0025293889218636467
INFO:cooler._balance:variance is 0.001143006755997966
INFO:cooler._balance:variance is 0.000517351227929721
INFO:cooler._balance:variance is 0.00023440798042407147
INFO:cooler._balance:variance is 0.00010629254867357456
INFO:cooler._balance:variance is 4.822291617808766e-05
INFO:cooler._balance:variance is 2.1886236785513875e-05
INFO:cooler._balance:variance is 9.935645866648013e-06
INFO:cooler._balance:chr15
INFO:cooler._balance:variance is 56425.49958096308
INFO:cooler._balance:variance is 5085.994540576793
INFO:cooler._balance:variance is 1111.4844445206413
INFO:cooler._balance:variance is 308.1040953877245
INFO:cooler._balance:variance is 83.11603465479837
INFO:cooler._balance:variance is 23.710350666305654
INFO:cooler._balance:variance is 6.7456028702339275
INFO:cooler._balance:variance is 1.9597601283957578
INFO:cooler._balance:variance is 0.5738073009735957
INFO:cooler._balance:variance is 0.17058142678528826
INFO:cooler._balance:variance is 0.05145094011722618
INFO:cooler._balance:variance is 0.01581837815924407
INFO:cooler._balance:variance is 0.004972696149197677
INFO:cooler._balance:variance is 0.001605085320831168
INFO:cooler._balance:variance is 0.0005336256993380992
INFO:cooler._balance:variance is 0.0001831043450369483
INFO:cooler._balance:variance is 6.48564915507618e-05
INFO:cooler._balance:variance is 2.3674541159831838e-05
INFO:cooler._balance:variance is 8.877549532689783e-06
INFO:cooler._balance:chr16
INFO:cooler._balance:variance is 1062697.6777543372
INFO:cooler._balance:variance is 15905.289183635376
INFO:cooler._balance:variance is 5771.543794898342
INFO:cooler._balance:variance is 3836.8644428768926
INFO:cooler._balance:variance is 1784.0966524718147
INFO:cooler._balance:variance is 1143.074152927399
INFO:cooler._balance:variance is 583.950377282027
INFO:cooler._balance:variance is 358.1279671415613
INFO:cooler._balance:variance is 191.9799933313941
INFO:cooler._balance:variance is 114.35217620239906
INFO:cooler._balance:variance is 62.95905270916959
INFO:cooler._balance:variance is 36.837634637394046
INFO:cooler._balance:variance is 20.592063372214973
INFO:cooler._balance:variance is 11.92133943500835
INFO:cooler._balance:variance is 6.722141561087775
INFO:cooler._balance:variance is 3.8675245068090307
INFO:cooler._balance:variance is 2.191681344729267
INFO:cooler._balance:variance is 1.2564189264442849
INFO:cooler._balance:variance is 0.7140288955096403
INFO:cooler._balance:variance is 0.40847615980141555
INFO:cooler._balance:variance is 0.23251721933195707
INFO:cooler._balance:variance is 0.13285700610642862
INFO:cooler._balance:variance is 0.07569666106222524
INFO:cooler._balance:variance is 0.043222173297532356
INFO:cooler._balance:variance is 0.024639358283276853
INFO:cooler._balance:variance is 0.014063313077158765
INFO:cooler._balance:variance is 0.00801940192834092
INFO:cooler._balance:variance is 0.004576168421211186
INFO:cooler._balance:variance is 0.002609945136519573
INFO:cooler._balance:variance is 0.0014891389476985697
INFO:cooler._balance:variance is 0.0008493905127176616
INFO:cooler._balance:variance is 0.00048459524400688587
INFO:cooler._balance:variance is 0.0002764239989378758
INFO:cooler._balance:variance is 0.00015769907639809165
INFO:cooler._balance:variance is 8.995797544850759e-05
INFO:cooler._balance:variance is 5.131952242763343e-05
INFO:cooler._balance:variance is 2.9275280944829365e-05
INFO:cooler._balance:variance is 1.6700828925044388e-05
INFO:cooler._balance:variance is 9.527106555821311e-06
INFO:cooler._balance:chr17
INFO:cooler._balance:variance is 42918.81933450651
INFO:cooler._balance:variance is 5364.560677697007
INFO:cooler._balance:variance is 1976.9221152818293
INFO:cooler._balance:variance is 946.7823787461292
INFO:cooler._balance:variance is 444.9735796568202
INFO:cooler._balance:variance is 221.41225141452253
INFO:cooler._balance:variance is 109.18640461235874
INFO:cooler._balance:variance is 54.7504582622203
INFO:cooler._balance:variance is 27.381705561728644
INFO:cooler._balance:variance is 13.764677061029468
INFO:cooler._balance:variance is 6.915370825339217
INFO:cooler._balance:variance is 3.479814864393241
INFO:cooler._balance:variance is 1.7509579689522998
INFO:cooler._balance:variance is 0.8814673085831289
INFO:cooler._balance:variance is 0.443773314099233
INFO:cooler._balance:variance is 0.22344875424759258
INFO:cooler._balance:variance is 0.11251707545953929
INFO:cooler._balance:variance is 0.05665984336738194
INFO:cooler._balance:variance is 0.028533037129688466
INFO:cooler._balance:variance is 0.014368914837660956
INFO:cooler._balance:variance is 0.007236175393003642
INFO:cooler._balance:variance is 0.003644132741793341
INFO:cooler._balance:variance is 0.001835203854382349
INFO:cooler._balance:variance is 0.0009242167691658253
INFO:cooler._balance:variance is 0.00046544250990247744
INFO:cooler._balance:variance is 0.00023440007308178306
INFO:cooler._balance:variance is 0.00011804587989538645
INFO:cooler._balance:variance is 5.944886914948141e-05
INFO:cooler._balance:variance is 2.9938985623450034e-05
INFO:cooler._balance:variance is 1.5077536053005283e-05
INFO:cooler._balance:variance is 7.593186008666789e-06
INFO:cooler._balance:chr18
INFO:cooler._balance:variance is 39676.04578669364
INFO:cooler._balance:variance is 3076.0547947989417
INFO:cooler._balance:variance is 686.8258680586631
INFO:cooler._balance:variance is 188.82196194096616
INFO:cooler._balance:variance is 53.16705917197751
INFO:cooler._balance:variance is 15.84156818676087
INFO:cooler._balance:variance is 4.761840031148684
INFO:cooler._balance:variance is 1.4594902969713468
INFO:cooler._balance:variance is 0.44880313546048956
INFO:cooler._balance:variance is 0.13894876567548406
INFO:cooler._balance:variance is 0.043078050239472934
INFO:cooler._balance:variance is 0.013387801293829956
INFO:cooler._balance:variance is 0.004163304893469252
INFO:cooler._balance:variance is 0.0012958634277945057
INFO:cooler._balance:variance is 0.0004034702457188171
INFO:cooler._balance:variance is 0.00012566607169557073
INFO:cooler._balance:variance is 3.914610582566719e-05
INFO:cooler._balance:variance is 1.2196173040707871e-05
INFO:cooler._balance:variance is 3.8000599987455226e-06
INFO:cooler._balance:chr20
INFO:cooler._balance:variance is 46010.12847043883
INFO:cooler._balance:variance is 1422.6238881568663
INFO:cooler._balance:variance is 280.30829989405623
INFO:cooler._balance:variance is 79.16599011866359
INFO:cooler._balance:variance is 25.227529710398894
INFO:cooler._balance:variance is 8.708502512520264
INFO:cooler._balance:variance is 3.0964576447729124
INFO:cooler._balance:variance is 1.1424214910746213
INFO:cooler._balance:variance is 0.4323040186480207
INFO:cooler._balance:variance is 0.16968102366582333
INFO:cooler._balance:variance is 0.06900030410716981
INFO:cooler._balance:variance is 0.029272423955854367
INFO:cooler._balance:variance is 0.012929567587918626
INFO:cooler._balance:variance is 0.005942263867668011
INFO:cooler._balance:variance is 0.0028244923116110482
INFO:cooler._balance:variance is 0.0013810924033819817
INFO:cooler._balance:variance is 0.0006900190432474285
INFO:cooler._balance:variance is 0.0003504173543373146
INFO:cooler._balance:variance is 0.00018002781428885136
INFO:cooler._balance:variance is 9.325834173081181e-05
INFO:cooler._balance:variance is 4.8584039832151006e-05
INFO:cooler._balance:variance is 2.541011119733603e-05
INFO:cooler._balance:variance is 1.3324966921520309e-05
INFO:cooler._balance:variance is 7.0002261366451836e-06
INFO:cooler._balance:chrY
INFO:cooler._balance:chr19
INFO:cooler._balance:variance is 56091.15301160393
INFO:cooler._balance:variance is 14952.684493789562
INFO:cooler._balance:variance is 4610.468206693167
INFO:cooler._balance:variance is 2368.3816432033377
INFO:cooler._balance:variance is 917.7199591847284
INFO:cooler._balance:variance is 464.2578499179786
INFO:cooler._balance:variance is 205.92812903629164
INFO:cooler._balance:variance is 103.42282209983077
INFO:cooler._balance:variance is 49.18215954630507
INFO:cooler._balance:variance is 24.732706197499372
INFO:cooler._balance:variance is 12.168698229610287
INFO:cooler._balance:variance is 6.139719680897832
INFO:cooler._balance:variance is 3.0708686879854956
INFO:cooler._balance:variance is 1.5537053682616577
INFO:cooler._balance:variance is 0.7833167626117153
INFO:cooler._balance:variance is 0.39703654980618824
INFO:cooler._balance:variance is 0.20094788315612075
INFO:cooler._balance:variance is 0.1019618525465124
INFO:cooler._balance:variance is 0.051703252619644556
INFO:cooler._balance:variance is 0.026249933984246323
INFO:cooler._balance:variance is 0.013323478730632037
INFO:cooler._balance:variance is 0.006766524617521061
INFO:cooler._balance:variance is 0.0034360449462113307
INFO:cooler._balance:variance is 0.0017453376783409952
INFO:cooler._balance:variance is 0.0008864915021313846
INFO:cooler._balance:variance is 0.00045033220772894327
INFO:cooler._balance:variance is 0.00022875959677967872
INFO:cooler._balance:variance is 0.00011621368731906965
INFO:cooler._balance:variance is 5.903769397687508e-05
INFO:cooler._balance:variance is 2.9992825139650255e-05
INFO:cooler._balance:variance is 1.5237106376040822e-05
INFO:cooler._balance:variance is 7.740974269653072e-06
INFO:cooler._balance:chr22
INFO:cooler._balance:variance is 30252.33332564087
INFO:cooler._balance:variance is 2750.728977263306
INFO:cooler._balance:variance is 598.3426209854929
INFO:cooler._balance:variance is 170.7310223909625
INFO:cooler._balance:variance is 52.40863548105227
INFO:cooler._balance:variance is 18.88404606956157
INFO:cooler._balance:variance is 7.6345132764496615
INFO:cooler._balance:variance is 3.4174822117466683
INFO:cooler._balance:variance is 1.6450730842351051
INFO:cooler._balance:variance is 0.8212747263222229
INFO:cooler._balance:variance is 0.4216036029648099
INFO:cooler._balance:variance is 0.2182712020201246
INFO:cooler._balance:variance is 0.11409846111364604
INFO:cooler._balance:variance is 0.059707592832029775
INFO:cooler._balance:variance is 0.031356680091881826
INFO:cooler._balance:variance is 0.01646193846453918
INFO:cooler._balance:variance is 0.00865506522454312
INFO:cooler._balance:variance is 0.004548594187601224
INFO:cooler._balance:variance is 0.0023920604139420457
INFO:cooler._balance:variance is 0.0012576023420581852
INFO:cooler._balance:variance is 0.0006613827624421068
INFO:cooler._balance:variance is 0.0003477680132410019
INFO:cooler._balance:variance is 0.00018289226827014079
INFO:cooler._balance:variance is 9.617463684937444e-05
INFO:cooler._balance:variance is 5.0577908036802136e-05
INFO:cooler._balance:variance is 2.6597399823139464e-05
INFO:cooler._balance:variance is 1.3987354481462896e-05
INFO:cooler._balance:variance is 7.355635355319864e-06
INFO:cooler._balance:chr21
INFO:cooler._balance:variance is 32230.522214861776
INFO:cooler._balance:variance is 3413.877433589451
INFO:cooler._balance:variance is 1021.9304051190411
INFO:cooler._balance:variance is 436.6196229616697
INFO:cooler._balance:variance is 210.63995430032875
INFO:cooler._balance:variance is 115.33586782983944
INFO:cooler._balance:variance is 66.72179517938645
INFO:cooler._balance:variance is 40.614631546948445
INFO:cooler._balance:variance is 25.211080352686928
INFO:cooler._balance:variance is 16.07590262647285
INFO:cooler._balance:variance is 10.29755973812424
INFO:cooler._balance:variance is 6.710919490308852
INFO:cooler._balance:variance is 4.368242075420487
INFO:cooler._balance:variance is 2.8769222846788747
INFO:cooler._balance:variance is 1.889126420893196
INFO:cooler._balance:variance is 1.2504730992192132
INFO:cooler._balance:variance is 0.8251796127194914
INFO:cooler._balance:variance is 0.5474932417397476
INFO:cooler._balance:variance is 0.36230423109009774
INFO:cooler._balance:variance is 0.24063004314511388
INFO:cooler._balance:variance is 0.15949522962278043
INFO:cooler._balance:variance is 0.10597448212159995
INFO:cooler._balance:variance is 0.07030867256429751
INFO:cooler._balance:variance is 0.046721692093501195
INFO:cooler._balance:variance is 0.031014719527551454
INFO:cooler._balance:variance is 0.020610238924184975
INFO:cooler._balance:variance is 0.013686006713172591
INFO:cooler._balance:variance is 0.009094509114296805
INFO:cooler._balance:variance is 0.0060403265902853245
INFO:cooler._balance:variance is 0.004013711500547484
INFO:cooler._balance:variance is 0.002666127538181982
INFO:cooler._balance:variance is 0.0017715409852913544
INFO:cooler._balance:variance is 0.0011768449186260028
INFO:cooler._balance:variance is 0.0007819465168175813
INFO:cooler._balance:variance is 0.0005194765506809428
INFO:cooler._balance:variance is 0.00034515513756665066
INFO:cooler._balance:variance is 0.0002293065489972643
INFO:cooler._balance:variance is 0.00015235545625431833
INFO:cooler._balance:variance is 0.00010122052181029062
INFO:cooler._balance:variance is 6.725201195720377e-05
INFO:cooler._balance:variance is 4.468083436292297e-05
INFO:cooler._balance:variance is 2.968620018952745e-05
INFO:cooler._balance:variance is 1.972305211381505e-05
INFO:cooler._balance:variance is 1.3104037878192269e-05
INFO:cooler._balance:variance is 8.706165910116049e-06
INFO:cooler._balance:chrM
