INFO:cooler.cli.balance:Balancing "analysis_other/porec/T2T00_1.hp2/cooler/T2T00_1.hp2_5000_balanced.cool"
INFO:cooler._balance:chr1
INFO:cooler._balance:variance is 1300168.221694179
INFO:cooler._balance:variance is 4658.462690938298
INFO:cooler._balance:variance is 1289.8894034072782
INFO:cooler._balance:variance is 505.2663930927032
INFO:cooler._balance:variance is 198.85044624596054
INFO:cooler._balance:variance is 84.89003452620742
INFO:cooler._balance:variance is 35.96270304850958
INFO:cooler._balance:variance is 15.635810492447446
INFO:cooler._balance:variance is 6.749481355748611
INFO:cooler._balance:variance is 2.941700533538215
INFO:cooler._balance:variance is 1.2768474107645202
INFO:cooler._balance:variance is 0.5563582121302089
INFO:cooler._balance:variance is 0.24193133223971594
INFO:cooler._balance:variance is 0.10537278225345979
INFO:cooler._balance:variance is 0.04585217590790221
INFO:cooler._balance:variance is 0.0199658991131537
INFO:cooler._balance:variance is 0.008690332216069763
INFO:cooler._balance:variance is 0.003783657371679457
INFO:cooler._balance:variance is 0.0016470509675914305
INFO:cooler._balance:variance is 0.0007170634455250529
INFO:cooler._balance:variance is 0.00031215689202685463
INFO:cooler._balance:variance is 0.00013589774592482923
INFO:cooler._balance:variance is 5.9161091804793746e-05
INFO:cooler._balance:variance is 2.5755531707850214e-05
INFO:cooler._balance:variance is 1.1212388474229961e-05
INFO:cooler._balance:variance is 4.881241306156376e-06
INFO:cooler._balance:chr2
INFO:cooler._balance:variance is 51789.40588237958
INFO:cooler._balance:variance is 3717.4018642149663
INFO:cooler._balance:variance is 761.933475774307
INFO:cooler._balance:variance is 192.46586192206465
INFO:cooler._balance:variance is 46.08152739329153
INFO:cooler._balance:variance is 11.60444032300013
INFO:cooler._balance:variance is 2.901446399078541
INFO:cooler._balance:variance is 0.7402021044449297
INFO:cooler._balance:variance is 0.19036003380127564
INFO:cooler._balance:variance is 0.0497500116993427
INFO:cooler._balance:variance is 0.013200001444547
INFO:cooler._balance:variance is 0.0035675104982648615
INFO:cooler._balance:variance is 0.0009831008347654993
INFO:cooler._balance:variance is 0.00027658774250844504
INFO:cooler._balance:variance is 7.945504407857754e-05
INFO:cooler._balance:variance is 2.329298937454064e-05
INFO:cooler._balance:variance is 6.959074421468957e-06
INFO:cooler._balance:chr3
INFO:cooler._balance:variance is 41201.40798933634
INFO:cooler._balance:variance is 5625.882622866565
INFO:cooler._balance:variance is 1232.1253033041255
INFO:cooler._balance:variance is 452.3519606238638
INFO:cooler._balance:variance is 128.54137886293313
INFO:cooler._balance:variance is 43.39666332782851
INFO:cooler._balance:variance is 13.478070402353488
INFO:cooler._balance:variance is 4.443956084585992
INFO:cooler._balance:variance is 1.4313943300123764
INFO:cooler._balance:variance is 0.47153667286362994
INFO:cooler._balance:variance is 0.15469303922029534
INFO:cooler._balance:variance is 0.05126097928431263
INFO:cooler._balance:variance is 0.01701087497933931
INFO:cooler._balance:variance is 0.0056766630095101845
INFO:cooler._balance:variance is 0.0018993820289049813
INFO:cooler._balance:variance is 0.000637876468786732
INFO:cooler._balance:variance is 0.0002147689904166165
INFO:cooler._balance:variance is 7.250473841527498e-05
INFO:cooler._balance:variance is 2.45292894595759e-05
INFO:cooler._balance:variance is 8.315118797641011e-06
INFO:cooler._balance:chr4
INFO:cooler._balance:variance is 36023.28470596922
INFO:cooler._balance:variance is 4829.365832882344
INFO:cooler._balance:variance is 1122.8295794583055
INFO:cooler._balance:variance is 433.60915344952605
INFO:cooler._balance:variance is 136.57805475263237
INFO:cooler._balance:variance is 50.62200235991742
INFO:cooler._balance:variance is 17.822353422948908
INFO:cooler._balance:variance is 6.630744491775157
INFO:cooler._balance:variance is 2.44509262069235
INFO:cooler._balance:variance is 0.9202219091012
INFO:cooler._balance:variance is 0.346462826947021
INFO:cooler._balance:variance is 0.13152221651641197
INFO:cooler._balance:variance is 0.050004138187584445
INFO:cooler._balance:variance is 0.0190791367207048
INFO:cooler._balance:variance is 0.007287955818970472
INFO:cooler._balance:variance is 0.002788381747405328
INFO:cooler._balance:variance is 0.0010675603941237202
INFO:cooler._balance:variance is 0.00040903350014222077
INFO:cooler._balance:variance is 0.0001567783551639264
INFO:cooler._balance:variance is 6.011301252281495e-05
INFO:cooler._balance:variance is 2.3053433639177644e-05
INFO:cooler._balance:variance is 8.842550266545933e-06
INFO:cooler._balance:chr5
INFO:cooler._balance:variance is 46997.11344453187
INFO:cooler._balance:variance is 3522.328118660567
INFO:cooler._balance:variance is 778.8547683942475
INFO:cooler._balance:variance is 207.64312054384715
INFO:cooler._balance:variance is 55.69404108532577
INFO:cooler._balance:variance is 16.07775068908745
INFO:cooler._balance:variance is 4.787832921692871
INFO:cooler._balance:variance is 1.4910044753794114
INFO:cooler._balance:variance is 0.4771897110055438
INFO:cooler._balance:variance is 0.15692158721534552
INFO:cooler._balance:variance is 0.052537889019006793
INFO:cooler._balance:variance is 0.017859023590244556
INFO:cooler._balance:variance is 0.00613393317309742
INFO:cooler._balance:variance is 0.002123862346340219
INFO:cooler._balance:variance is 0.0007395169569427684
INFO:cooler._balance:variance is 0.0002585777479824789
INFO:cooler._balance:variance is 9.068074792143963e-05
INFO:cooler._balance:variance is 3.186969087159389e-05
INFO:cooler._balance:variance is 1.1217772309389351e-05
INFO:cooler._balance:variance is 3.952926493486002e-06
INFO:cooler._balance:chr6
INFO:cooler._balance:variance is 29844.58291374283
INFO:cooler._balance:variance is 6258.394927272231
INFO:cooler._balance:variance is 2129.751382971922
INFO:cooler._balance:variance is 1149.3825659705828
INFO:cooler._balance:variance is 456.14380782668917
INFO:cooler._balance:variance is 227.05568627015154
INFO:cooler._balance:variance is 96.66087521075559
INFO:cooler._balance:variance is 45.986303359499125
INFO:cooler._balance:variance is 20.280929887845343
INFO:cooler._balance:variance is 9.433240846951135
INFO:cooler._balance:variance is 4.232708974062707
INFO:cooler._balance:variance is 1.9474569030820896
INFO:cooler._balance:variance is 0.8810664238954635
INFO:cooler._balance:variance is 0.40329956658938104
INFO:cooler._balance:variance is 0.1831708161144209
INFO:cooler._balance:variance is 0.08364422735639758
INFO:cooler._balance:variance is 0.03805853131450315
INFO:cooler._balance:variance is 0.017360073164276315
INFO:cooler._balance:variance is 0.007905564049526075
INFO:cooler._balance:variance is 0.0036042250500068216
INFO:cooler._balance:variance is 0.0016419576736970735
INFO:cooler._balance:variance is 0.0007484110297817196
INFO:cooler._balance:variance is 0.00034101069431108756
INFO:cooler._balance:variance is 0.00015541762320317787
INFO:cooler._balance:variance is 7.082129451017374e-05
INFO:cooler._balance:variance is 3.227566679487999e-05
INFO:cooler._balance:variance is 1.4708055727608231e-05
INFO:cooler._balance:variance is 6.702813570694118e-06
INFO:cooler._balance:chr7
INFO:cooler._balance:variance is 21904.486128948174
INFO:cooler._balance:variance is 1679.4949287313
INFO:cooler._balance:variance is 393.9552319568781
INFO:cooler._balance:variance is 126.39148459175857
INFO:cooler._balance:variance is 35.98877245325699
INFO:cooler._balance:variance is 11.245602344196445
INFO:cooler._balance:variance is 3.3628409038998375
INFO:cooler._balance:variance is 1.037306298233202
INFO:cooler._balance:variance is 0.31541360700185883
INFO:cooler._balance:variance is 0.09691465066548313
INFO:cooler._balance:variance is 0.02964861174367919
INFO:cooler._balance:variance is 0.009103076089729163
INFO:cooler._balance:variance is 0.0027917048570573005
INFO:cooler._balance:variance is 0.0008573221434136924
INFO:cooler._balance:variance is 0.00026323926333078574
INFO:cooler._balance:variance is 8.087837946532168e-05
INFO:cooler._balance:variance is 2.485308443667846e-05
INFO:cooler._balance:variance is 7.640145109358565e-06
INFO:cooler._balance:chrX
INFO:cooler._balance:chr9
INFO:cooler._balance:variance is 20400.588654544867
INFO:cooler._balance:variance is 2196.768573675604
INFO:cooler._balance:variance is 746.0879255643558
INFO:cooler._balance:variance is 375.83788443191764
INFO:cooler._balance:variance is 168.82002052305134
INFO:cooler._balance:variance is 91.54108151474392
INFO:cooler._balance:variance is 45.20374562531295
INFO:cooler._balance:variance is 24.81050161360193
INFO:cooler._balance:variance is 12.874557546884509
INFO:cooler._balance:variance is 7.068912238319649
INFO:cooler._balance:variance is 3.7618635464089016
INFO:cooler._balance:variance is 2.0619655879666023
INFO:cooler._balance:variance is 1.111133880613634
INFO:cooler._balance:variance is 0.6080590534953579
INFO:cooler._balance:variance is 0.3296953273540614
INFO:cooler._balance:variance is 0.18021525581364572
INFO:cooler._balance:variance is 0.09801428664404815
INFO:cooler._balance:variance is 0.053535594923235945
INFO:cooler._balance:variance is 0.029161334963970668
INFO:cooler._balance:variance is 0.015920591493150754
INFO:cooler._balance:variance is 0.008678846454059362
INFO:cooler._balance:variance is 0.004736885696113346
INFO:cooler._balance:variance is 0.002583264921728666
INFO:cooler._balance:variance is 0.001409706902646341
INFO:cooler._balance:variance is 0.0007689437017146147
INFO:cooler._balance:variance is 0.0004195786240752941
INFO:cooler._balance:variance is 0.0002288895181821027
INFO:cooler._balance:variance is 0.00012488815485955495
INFO:cooler._balance:variance is 6.813314614679553e-05
INFO:cooler._balance:variance is 3.717410353000238e-05
INFO:cooler._balance:variance is 2.028106464917917e-05
INFO:cooler._balance:variance is 1.1065354836032474e-05
INFO:cooler._balance:variance is 6.03701894978461e-06
INFO:cooler._balance:chr8
INFO:cooler._balance:variance is 35301.47758132189
INFO:cooler._balance:variance is 3669.794872785716
INFO:cooler._balance:variance is 644.6658170962427
INFO:cooler._balance:variance is 189.27666242078104
INFO:cooler._balance:variance is 44.0895420143083
INFO:cooler._balance:variance is 11.866420274143163
INFO:cooler._balance:variance is 2.9842223088348065
INFO:cooler._balance:variance is 0.7815289132145264
INFO:cooler._balance:variance is 0.20112614226721828
INFO:cooler._balance:variance is 0.05238009513736437
INFO:cooler._balance:variance is 0.013596199959692308
INFO:cooler._balance:variance is 0.0035449533217769666
INFO:cooler._balance:variance is 0.0009249196222080572
INFO:cooler._balance:variance is 0.00024201438505441867
INFO:cooler._balance:variance is 6.346012200378882e-05
INFO:cooler._balance:variance is 1.6688772764200713e-05
INFO:cooler._balance:variance is 4.402000979473098e-06
INFO:cooler._balance:chr11
INFO:cooler._balance:variance is 28566.519280387467
INFO:cooler._balance:variance is 5926.578675101105
INFO:cooler._balance:variance is 2076.78764971429
INFO:cooler._balance:variance is 1195.9229355805994
INFO:cooler._balance:variance is 492.3968188811154
INFO:cooler._balance:variance is 263.2655515814022
INFO:cooler._balance:variance is 116.98116503508327
INFO:cooler._balance:variance is 59.635388672642556
INFO:cooler._balance:variance is 27.604044925419508
INFO:cooler._balance:variance is 13.704503634197154
INFO:cooler._balance:variance is 6.479164440668768
INFO:cooler._balance:variance is 3.1722318003687335
INFO:cooler._balance:variance is 1.5158224625938888
INFO:cooler._balance:variance is 0.7369150776006987
INFO:cooler._balance:variance is 0.3539906020208314
INFO:cooler._balance:variance is 0.17148461253202543
INFO:cooler._balance:variance is 0.08258886372990049
INFO:cooler._balance:variance is 0.03993904153292265
INFO:cooler._balance:variance is 0.01925928005767307
INFO:cooler._balance:variance is 0.009305625314975727
INFO:cooler._balance:variance is 0.004490066153449172
INFO:cooler._balance:variance is 0.0021685912929026454
INFO:cooler._balance:variance is 0.0010466777283994093
INFO:cooler._balance:variance is 0.0005054174952575708
INFO:cooler._balance:variance is 0.00024397618856417507
INFO:cooler._balance:variance is 0.00011779916972707108
INFO:cooler._balance:variance is 5.686817496087272e-05
INFO:cooler._balance:variance is 2.7456394303454765e-05
INFO:cooler._balance:variance is 1.325516058659807e-05
INFO:cooler._balance:variance is 6.39954730724309e-06
INFO:cooler._balance:chr10
INFO:cooler._balance:variance is 41842.34660483941
INFO:cooler._balance:variance is 1644.074366333732
INFO:cooler._balance:variance is 381.55435209539905
INFO:cooler._balance:variance is 105.00598578819442
INFO:cooler._balance:variance is 29.101587354277054
INFO:cooler._balance:variance is 8.415770111137016
INFO:cooler._balance:variance is 2.4645564805604683
INFO:cooler._balance:variance is 0.7398093359343243
INFO:cooler._balance:variance is 0.2255560158349135
INFO:cooler._balance:variance is 0.07006018262754002
INFO:cooler._balance:variance is 0.022075097531309387
INFO:cooler._balance:variance is 0.007054199203031307
INFO:cooler._balance:variance is 0.002279749686354364
INFO:cooler._balance:variance is 0.0007441811264672384
INFO:cooler._balance:variance is 0.000244876936245255
INFO:cooler._balance:variance is 8.112081842707205e-05
INFO:cooler._balance:variance is 2.701606837933426e-05
INFO:cooler._balance:variance is 9.03601556821418e-06
INFO:cooler._balance:chr12
INFO:cooler._balance:variance is 31536.019455687514
INFO:cooler._balance:variance is 4669.1936945251855
INFO:cooler._balance:variance is 1361.1176190291308
INFO:cooler._balance:variance is 512.5993988083096
INFO:cooler._balance:variance is 170.73072518182536
INFO:cooler._balance:variance is 62.111744788794816
INFO:cooler._balance:variance is 21.58413006850329
INFO:cooler._balance:variance is 7.75263570358048
INFO:cooler._balance:variance is 2.739158344638603
INFO:cooler._balance:variance is 0.9798488293007775
INFO:cooler._balance:variance is 0.348488582641032
INFO:cooler._balance:variance is 0.12451811663053453
INFO:cooler._balance:variance is 0.04440309301664184
INFO:cooler._balance:variance is 0.015861851831256244
INFO:cooler._balance:variance is 0.005662481170034277
INFO:cooler._balance:variance is 0.002022785216535173
INFO:cooler._balance:variance is 0.0007224391224394973
INFO:cooler._balance:variance is 0.00025808658152128705
INFO:cooler._balance:variance is 9.219404513633496e-05
INFO:cooler._balance:variance is 3.2937079594375314e-05
INFO:cooler._balance:variance is 1.1766867795424997e-05
INFO:cooler._balance:variance is 4.203924892694837e-06
INFO:cooler._balance:chr13
INFO:cooler._balance:variance is 21113.058000270223
INFO:cooler._balance:variance is 1229.7227692896747
INFO:cooler._balance:variance is 211.04117633946456
INFO:cooler._balance:variance is 51.76162698296253
INFO:cooler._balance:variance is 11.410532068560677
INFO:cooler._balance:variance is 2.7134122376009766
INFO:cooler._balance:variance is 0.6343101440996278
INFO:cooler._balance:variance is 0.15164652836093895
INFO:cooler._balance:variance is 0.03640698868556279
INFO:cooler._balance:variance is 0.008852638902397968
INFO:cooler._balance:variance is 0.002174012423115894
INFO:cooler._balance:variance is 0.000540458284716042
INFO:cooler._balance:variance is 0.000136015162164519
INFO:cooler._balance:variance is 3.468092427542856e-05
INFO:cooler._balance:variance is 8.960536227237313e-06
INFO:cooler._balance:chr14
INFO:cooler._balance:variance is 17246.322529502893
INFO:cooler._balance:variance is 1569.5873931472897
INFO:cooler._balance:variance is 376.9505758975991
INFO:cooler._balance:variance is 127.15251492329647
INFO:cooler._balance:variance is 39.719595649411794
INFO:cooler._balance:variance is 13.824678488675358
INFO:cooler._balance:variance is 4.783283897120784
INFO:cooler._balance:variance is 1.728999038045814
INFO:cooler._balance:variance is 0.6325199132581548
INFO:cooler._balance:variance is 0.23658249906872925
INFO:cooler._balance:variance is 0.08951545719060729
INFO:cooler._balance:variance is 0.03429083071019945
INFO:cooler._balance:variance is 0.013237648079222692
INFO:cooler._balance:variance is 0.005145598389405031
INFO:cooler._balance:variance is 0.0020092965238222983
INFO:cooler._balance:variance is 0.000787565106922573
INFO:cooler._balance:variance is 0.0003094840200819287
INFO:cooler._balance:variance is 0.0001218616088802819
INFO:cooler._balance:variance is 4.80506490839443e-05
INFO:cooler._balance:variance is 1.8966929298931387e-05
INFO:cooler._balance:variance is 7.49235961554869e-06
INFO:cooler._balance:chr15
INFO:cooler._balance:variance is 20685.546723543142
INFO:cooler._balance:variance is 831.3886023199332
INFO:cooler._balance:variance is 165.97399335057005
INFO:cooler._balance:variance is 40.612542608333825
INFO:cooler._balance:variance is 10.420091474173642
INFO:cooler._balance:variance is 2.8681179311925478
INFO:cooler._balance:variance is 0.8275149951491428
INFO:cooler._balance:variance is 0.25094217907560334
INFO:cooler._balance:variance is 0.07901304546919291
INFO:cooler._balance:variance is 0.025668990683053818
INFO:cooler._balance:variance is 0.008528954362544788
INFO:cooler._balance:variance is 0.0028807895809681585
INFO:cooler._balance:variance is 0.0009840648750482435
INFO:cooler._balance:variance is 0.0003387464155681188
INFO:cooler._balance:variance is 0.00011720929175500978
INFO:cooler._balance:variance is 4.0693726260317156e-05
INFO:cooler._balance:variance is 1.4160271224574333e-05
INFO:cooler._balance:variance is 4.93462162768244e-06
INFO:cooler._balance:chr16
INFO:cooler._balance:variance is 599502.6405189481
INFO:cooler._balance:variance is 2043.3101362977875
INFO:cooler._balance:variance is 681.9369691160578
INFO:cooler._balance:variance is 360.4095878174088
INFO:cooler._balance:variance is 159.25587941578138
INFO:cooler._balance:variance is 83.0812059569544
INFO:cooler._balance:variance is 39.42622403055104
INFO:cooler._balance:variance is 20.254424391747715
INFO:cooler._balance:variance is 9.898561259460454
INFO:cooler._balance:variance is 5.034037617112613
INFO:cooler._balance:variance is 2.4938677200487525
INFO:cooler._balance:variance is 1.2606563895759468
INFO:cooler._balance:variance is 0.6286477379802848
INFO:cooler._balance:variance is 0.3167081611597534
INFO:cooler._balance:variance is 0.15844289831325614
INFO:cooler._balance:variance is 0.07967654383027825
INFO:cooler._balance:variance is 0.03992443002767255
INFO:cooler._balance:variance is 0.02005756859166874
INFO:cooler._balance:variance is 0.010058467159937424
INFO:cooler._balance:variance is 0.005050735898972818
INFO:cooler._balance:variance is 0.0025338456675985245
INFO:cooler._balance:variance is 0.001272013892142008
INFO:cooler._balance:variance is 0.000638268113502721
INFO:cooler._balance:variance is 0.0003203746930172307
INFO:cooler._balance:variance is 0.00016077271504277873
INFO:cooler._balance:variance is 8.06935216399202e-05
INFO:cooler._balance:variance is 4.049619619266536e-05
INFO:cooler._balance:variance is 2.032478806438249e-05
INFO:cooler._balance:variance is 1.0200284928895023e-05
INFO:cooler._balance:variance is 5.119372893856516e-06
INFO:cooler._balance:chr17
INFO:cooler._balance:variance is 21767.912311115975
INFO:cooler._balance:variance is 2251.8895615913516
INFO:cooler._balance:variance is 785.3285441747362
INFO:cooler._balance:variance is 335.5139071741145
INFO:cooler._balance:variance is 137.39088916287565
INFO:cooler._balance:variance is 58.82970844246333
INFO:cooler._balance:variance is 24.836979561464833
INFO:cooler._balance:variance is 10.626372500493153
INFO:cooler._balance:variance is 4.526860210395484
INFO:cooler._balance:variance is 1.93680947435281
INFO:cooler._balance:variance is 0.8275531645196931
INFO:cooler._balance:variance is 0.3541216383160007
INFO:cooler._balance:variance is 0.15146932258571255
INFO:cooler._balance:variance is 0.06482349235831363
INFO:cooler._balance:variance is 0.027738343245825112
INFO:cooler._balance:variance is 0.011871850710659156
INFO:cooler._balance:variance is 0.005080855856343633
INFO:cooler._balance:variance is 0.0021746581614125685
INFO:cooler._balance:variance is 0.0009307624155141616
INFO:cooler._balance:variance is 0.0003983834995239622
INFO:cooler._balance:variance is 0.0001705147293382525
INFO:cooler._balance:variance is 7.298416756012076e-05
INFO:cooler._balance:variance is 3.123883858325245e-05
INFO:cooler._balance:variance is 1.3370996758428693e-05
INFO:cooler._balance:variance is 5.723116457580759e-06
INFO:cooler._balance:chr18
INFO:cooler._balance:variance is 12818.832302632973
INFO:cooler._balance:variance is 758.8230196863044
INFO:cooler._balance:variance is 150.16183079801908
INFO:cooler._balance:variance is 35.04702152742235
INFO:cooler._balance:variance is 8.142091798368178
INFO:cooler._balance:variance is 1.9624157008038365
INFO:cooler._balance:variance is 0.47340071694536706
INFO:cooler._balance:variance is 0.11554947682442825
INFO:cooler._balance:variance is 0.028259394011589112
INFO:cooler._balance:variance is 0.006940557199542223
INFO:cooler._balance:variance is 0.001707047956424782
INFO:cooler._balance:variance is 0.00042057375849811483
INFO:cooler._balance:variance is 0.00010370534582710011
INFO:cooler._balance:variance is 2.5591357613602542e-05
INFO:cooler._balance:variance is 6.3180436655370915e-06
INFO:cooler._balance:chr20
INFO:cooler._balance:variance is 16656.003835326035
INFO:cooler._balance:variance is 472.3743038649943
INFO:cooler._balance:variance is 97.6503190651201
INFO:cooler._balance:variance is 25.90747664968507
INFO:cooler._balance:variance is 6.933495481993932
INFO:cooler._balance:variance is 1.945696953596983
INFO:cooler._balance:variance is 0.5480924350602209
INFO:cooler._balance:variance is 0.1593342038305267
INFO:cooler._balance:variance is 0.04742339187489868
INFO:cooler._balance:variance is 0.01473161477157733
INFO:cooler._balance:variance is 0.004796145853015639
INFO:cooler._balance:variance is 0.0016548842326698345
INFO:cooler._balance:variance is 0.0006051543092302181
INFO:cooler._balance:variance is 0.000233849089056085
INFO:cooler._balance:variance is 9.457838152907973e-05
INFO:cooler._balance:variance is 3.9624563996468064e-05
INFO:cooler._balance:variance is 1.7022349970009367e-05
INFO:cooler._balance:variance is 7.439253990658179e-06
INFO:cooler._balance:chrY
INFO:cooler._balance:chr19
INFO:cooler._balance:variance is 24303.239599730685
INFO:cooler._balance:variance is 5473.018398348385
INFO:cooler._balance:variance is 1510.831618875699
INFO:cooler._balance:variance is 709.163458031277
INFO:cooler._balance:variance is 256.5797899178583
INFO:cooler._balance:variance is 113.04666236323776
INFO:cooler._balance:variance is 45.54738227154026
INFO:cooler._balance:variance is 19.763229676495577
INFO:cooler._balance:variance is 8.326434130722589
INFO:cooler._balance:variance is 3.608967834537602
INFO:cooler._balance:variance is 1.5494612121342644
INFO:cooler._balance:variance is 0.6727142038328817
INFO:cooler._balance:variance is 0.2911888706176454
INFO:cooler._balance:variance is 0.1266165536550514
INFO:cooler._balance:variance is 0.055005431312696446
INFO:cooler._balance:variance is 0.02394120683169268
INFO:cooler._balance:variance is 0.010417685404352455
INFO:cooler._balance:variance is 0.004536814652910387
INFO:cooler._balance:variance is 0.0019756157191561444
INFO:cooler._balance:variance is 0.0008606161608066068
INFO:cooler._balance:variance is 0.00037489759799000036
INFO:cooler._balance:variance is 0.00016333724439085044
INFO:cooler._balance:variance is 7.116387480725345e-05
INFO:cooler._balance:variance is 3.1007396798839374e-05
INFO:cooler._balance:variance is 1.3510558496862142e-05
INFO:cooler._balance:variance is 5.887021249184075e-06
INFO:cooler._balance:chr22
INFO:cooler._balance:variance is 10294.57782679794
INFO:cooler._balance:variance is 854.6905820804003
INFO:cooler._balance:variance is 139.11964749227172
INFO:cooler._balance:variance is 32.32334062170717
INFO:cooler._balance:variance is 7.8251257469943045
INFO:cooler._balance:variance is 2.2494398641364386
INFO:cooler._balance:variance is 0.7412753913506327
INFO:cooler._balance:variance is 0.27759131388050956
INFO:cooler._balance:variance is 0.11352653978162351
INFO:cooler._balance:variance is 0.04877899938461001
INFO:cooler._balance:variance is 0.021599302337396528
INFO:cooler._balance:variance is 0.009688240906497893
INFO:cooler._balance:variance is 0.00438378019813364
INFO:cooler._balance:variance is 0.0019894267158984055
INFO:cooler._balance:variance is 0.0009052130598982281
INFO:cooler._balance:variance is 0.000412132033208666
INFO:cooler._balance:variance is 0.00018780052846614962
INFO:cooler._balance:variance is 8.558507663383358e-05
INFO:cooler._balance:variance is 3.901511011412057e-05
INFO:cooler._balance:variance is 1.778548851889889e-05
INFO:cooler._balance:variance is 8.108669986426318e-06
INFO:cooler._balance:chr21
INFO:cooler._balance:variance is 9138.936434639894
INFO:cooler._balance:variance is 817.4282692219928
INFO:cooler._balance:variance is 230.1771575895728
INFO:cooler._balance:variance is 99.37064199954916
INFO:cooler._balance:variance is 49.05630144669008
INFO:cooler._balance:variance is 28.468132381857266
INFO:cooler._balance:variance is 16.396138431752245
INFO:cooler._balance:variance is 10.062212250918265
INFO:cooler._balance:variance is 5.999590986964143
INFO:cooler._balance:variance is 3.697576810469355
INFO:cooler._balance:variance is 2.2282439193028614
INFO:cooler._balance:variance is 1.3693596160445591
INFO:cooler._balance:variance is 0.8292191727174969
INFO:cooler._balance:variance is 0.5081837114269925
INFO:cooler._balance:variance is 0.30856906593271105
INFO:cooler._balance:variance is 0.18874520291679717
INFO:cooler._balance:variance is 0.11479269098096245
INFO:cooler._balance:variance is 0.07013100013523417
INFO:cooler._balance:variance is 0.04269518882764542
INFO:cooler._balance:variance is 0.02606431619555689
INFO:cooler._balance:variance is 0.015877365998475453
INFO:cooler._balance:variance is 0.009688206722338916
INFO:cooler._balance:variance is 0.0059038646571279475
INFO:cooler._balance:variance is 0.0036014472453290286
INFO:cooler._balance:variance is 0.002195170767990776
INFO:cooler._balance:variance is 0.001338852907698642
INFO:cooler._balance:variance is 0.0008161765163691175
INFO:cooler._balance:variance is 0.0004977394971793785
INFO:cooler._balance:variance is 0.0003034519454454455
INFO:cooler._balance:variance is 0.0001850459126243151
INFO:cooler._balance:variance is 0.00011282092032271088
INFO:cooler._balance:variance is 6.879578692233678e-05
INFO:cooler._balance:variance is 4.194552129641271e-05
INFO:cooler._balance:variance is 2.5576858517331865e-05
INFO:cooler._balance:variance is 1.559478009371239e-05
INFO:cooler._balance:variance is 9.508990033610668e-06
INFO:cooler._balance:chrM
