INFO:cooler.cli.balance:Balancing "analysis_other/porec/T2T15.hp1/cooler/T2T15.hp1_40000_balanced.cool"
INFO:cooler._balance:chr1
INFO:cooler._balance:variance is 47581335.85137165
INFO:cooler._balance:variance is 896045.6082532261
INFO:cooler._balance:variance is 281804.2982376388
INFO:cooler._balance:variance is 122914.86081020933
INFO:cooler._balance:variance is 51033.845903727975
INFO:cooler._balance:variance is 22963.443221463487
INFO:cooler._balance:variance is 10017.50085760481
INFO:cooler._balance:variance is 4497.96128334735
INFO:cooler._balance:variance is 1988.0301567885626
INFO:cooler._balance:variance is 889.2331477335254
INFO:cooler._balance:variance is 394.8149471032897
INFO:cooler._balance:variance is 176.20711946836565
INFO:cooler._balance:variance is 78.37752120301771
INFO:cooler._balance:variance is 34.9424898766659
INFO:cooler._balance:variance is 15.554628828000657
INFO:cooler._balance:variance is 6.931176537018967
INFO:cooler._balance:variance is 3.0864614022846126
INFO:cooler._balance:variance is 1.3750268814577622
INFO:cooler._balance:variance is 0.6123936034823501
INFO:cooler._balance:variance is 0.27279573410882524
INFO:cooler._balance:variance is 0.12150276745783532
INFO:cooler._balance:variance is 0.0541219857468483
INFO:cooler._balance:variance is 0.02410656242166196
INFO:cooler._balance:variance is 0.010737772508419743
INFO:cooler._balance:variance is 0.00478279244317574
INFO:cooler._balance:variance is 0.0021303776579747803
INFO:cooler._balance:variance is 0.0009489132387064525
INFO:cooler._balance:variance is 0.00042266847328434776
INFO:cooler._balance:variance is 0.0001882655715849648
INFO:cooler._balance:variance is 8.385780541448815e-05
INFO:cooler._balance:variance is 3.735210266830971e-05
INFO:cooler._balance:variance is 1.6637470551064534e-05
INFO:cooler._balance:variance is 7.410697550916431e-06
INFO:cooler._balance:chr2
INFO:cooler._balance:variance is 2677534.4004634693
INFO:cooler._balance:variance is 458464.2117744022
INFO:cooler._balance:variance is 103460.08648769507
INFO:cooler._balance:variance is 27811.161409308002
INFO:cooler._balance:variance is 7129.520661469564
INFO:cooler._balance:variance is 1918.7606184237404
INFO:cooler._balance:variance is 515.0819671424794
INFO:cooler._balance:variance is 141.62736762227593
INFO:cooler._balance:variance is 39.411413081331126
INFO:cooler._balance:variance is 11.177479615379797
INFO:cooler._balance:variance is 3.2211476738393485
INFO:cooler._balance:variance is 0.9442778536209863
INFO:cooler._balance:variance is 0.28112837187384154
INFO:cooler._balance:variance is 0.08491768593578713
INFO:cooler._balance:variance is 0.02597953035571415
INFO:cooler._balance:variance is 0.008037095486756815
INFO:cooler._balance:variance is 0.0025099251973535065
INFO:cooler._balance:variance is 0.0007900182693279776
INFO:cooler._balance:variance is 0.00025027193681192056
INFO:cooler._balance:variance is 7.969901805597976e-05
INFO:cooler._balance:variance is 2.5486406016282545e-05
INFO:cooler._balance:variance is 8.177217229249452e-06
INFO:cooler._balance:chr3
INFO:cooler._balance:variance is 2059386.7865036454
INFO:cooler._balance:variance is 521682.4316383497
INFO:cooler._balance:variance is 93507.62180232981
INFO:cooler._balance:variance is 27634.633962041094
INFO:cooler._balance:variance is 6665.412747325767
INFO:cooler._balance:variance is 1831.877272166383
INFO:cooler._balance:variance is 485.06426587469605
INFO:cooler._balance:variance is 134.4132368344725
INFO:cooler._balance:variance is 37.44637797528569
INFO:cooler._balance:variance is 10.693476111104303
INFO:cooler._balance:variance is 3.097806263451661
INFO:cooler._balance:variance is 0.9133302497278256
INFO:cooler._balance:variance is 0.27298088412853533
INFO:cooler._balance:variance is 0.08264413096008148
INFO:cooler._balance:variance is 0.025282267411034877
INFO:cooler._balance:variance is 0.007803145171307696
INFO:cooler._balance:variance is 0.0024255815812796845
INFO:cooler._balance:variance is 0.0007583499272311737
INFO:cooler._balance:variance is 0.00023817950732681805
INFO:cooler._balance:variance is 7.507644854065339e-05
INFO:cooler._balance:variance is 2.3731371182609965e-05
INFO:cooler._balance:variance is 7.517804031395403e-06
INFO:cooler._balance:chr4
INFO:cooler._balance:variance is 1888114.33668038
INFO:cooler._balance:variance is 346762.86152265134
INFO:cooler._balance:variance is 77477.52237999828
INFO:cooler._balance:variance is 23585.586975263865
INFO:cooler._balance:variance is 6788.694372829133
INFO:cooler._balance:variance is 2131.6028120250962
INFO:cooler._balance:variance is 664.3256557811322
INFO:cooler._balance:variance is 212.84348573108775
INFO:cooler._balance:variance is 68.25501248847465
INFO:cooler._balance:variance is 22.099546972644593
INFO:cooler._balance:variance is 7.165582744477989
INFO:cooler._balance:variance is 2.3317023023412045
INFO:cooler._balance:variance is 0.7594351434596722
INFO:cooler._balance:variance is 0.24769584929821564
INFO:cooler._balance:variance is 0.0808276966132082
INFO:cooler._balance:variance is 0.026390794303945635
INFO:cooler._balance:variance is 0.008618914588543247
INFO:cooler._balance:variance is 0.002815525110923045
INFO:cooler._balance:variance is 0.0009198543983138476
INFO:cooler._balance:variance is 0.0003005560069028339
INFO:cooler._balance:variance is 9.821033829462247e-05
INFO:cooler._balance:variance is 3.209296116963069e-05
INFO:cooler._balance:variance is 1.0487561639827634e-05
INFO:cooler._balance:variance is 3.4272726932769236e-06
INFO:cooler._balance:chr5
INFO:cooler._balance:variance is 2193544.747313427
INFO:cooler._balance:variance is 289639.1134992846
INFO:cooler._balance:variance is 49735.50836510804
INFO:cooler._balance:variance is 9552.835384443193
INFO:cooler._balance:variance is 1864.4570527787698
INFO:cooler._balance:variance is 377.6956350753797
INFO:cooler._balance:variance is 78.5641827342273
INFO:cooler._balance:variance is 16.85234696236574
INFO:cooler._balance:variance is 3.721933889173693
INFO:cooler._balance:variance is 0.847642924129374
INFO:cooler._balance:variance is 0.1989479927879059
INFO:cooler._balance:variance is 0.048119776314819604
INFO:cooler._balance:variance is 0.011979383696979007
INFO:cooler._balance:variance is 0.003065002286841498
INFO:cooler._balance:variance is 0.0008042010374120571
INFO:cooler._balance:variance is 0.0002158524534841652
INFO:cooler._balance:variance is 5.910262059675333e-05
INFO:cooler._balance:variance is 1.6462628344558353e-05
INFO:cooler._balance:variance is 4.652186278574038e-06
INFO:cooler._balance:chr6
INFO:cooler._balance:variance is 2350537.8261928046
INFO:cooler._balance:variance is 1022364.3974454266
INFO:cooler._balance:variance is 309946.7727462612
INFO:cooler._balance:variance is 164284.34141678887
INFO:cooler._balance:variance is 61063.086895624874
INFO:cooler._balance:variance is 28734.78637730624
INFO:cooler._balance:variance is 11590.847081191207
INFO:cooler._balance:variance is 5171.593836599593
INFO:cooler._balance:variance is 2160.0118486162314
INFO:cooler._balance:variance is 941.9958078040312
INFO:cooler._balance:variance is 399.35291595822235
INFO:cooler._balance:variance is 172.4666685487777
INFO:cooler._balance:variance is 73.58488104004807
INFO:cooler._balance:variance is 31.645996311383417
INFO:cooler._balance:variance is 13.53916977528702
INFO:cooler._balance:variance is 5.8122328568250525
INFO:cooler._balance:variance is 2.4895817543334897
INFO:cooler._balance:variance is 1.0679313348281492
INFO:cooler._balance:variance is 0.4576626086472515
INFO:cooler._balance:variance is 0.19625429084684112
INFO:cooler._balance:variance is 0.08412305499126121
INFO:cooler._balance:variance is 0.03606844066097931
INFO:cooler._balance:variance is 0.01546192087592804
INFO:cooler._balance:variance is 0.006629021903180028
INFO:cooler._balance:variance is 0.0028418605970517486
INFO:cooler._balance:variance is 0.0012183652183155981
INFO:cooler._balance:variance is 0.0005223218560221598
INFO:cooler._balance:variance is 0.00022392783551793865
INFO:cooler._balance:variance is 9.600016002071746e-05
INFO:cooler._balance:variance is 4.115662616034761e-05
INFO:cooler._balance:variance is 1.764432298408017e-05
INFO:cooler._balance:variance is 7.564355285520625e-06
INFO:cooler._balance:chr7
INFO:cooler._balance:variance is 1545063.2155043578
INFO:cooler._balance:variance is 314539.8783685792
INFO:cooler._balance:variance is 79017.93248094838
INFO:cooler._balance:variance is 26506.91135340775
INFO:cooler._balance:variance is 7715.864601939161
INFO:cooler._balance:variance is 2460.81272642919
INFO:cooler._balance:variance is 747.807444633564
INFO:cooler._balance:variance is 234.16816923166198
INFO:cooler._balance:variance is 72.18971976894714
INFO:cooler._balance:variance is 22.474282798707975
INFO:cooler._balance:variance is 6.962727353762092
INFO:cooler._balance:variance is 2.1641379558600295
INFO:cooler._balance:variance is 0.6716945654278593
INFO:cooler._balance:variance is 0.20871445659909804
INFO:cooler._balance:variance is 0.06483133565383226
INFO:cooler._balance:variance is 0.020147269274827725
INFO:cooler._balance:variance is 0.006260995871055149
INFO:cooler._balance:variance is 0.0019461376008893625
INFO:cooler._balance:variance is 0.0006049813465480087
INFO:cooler._balance:variance is 0.00018809654213256227
INFO:cooler._balance:variance is 5.848827334454041e-05
INFO:cooler._balance:variance is 1.8189252475680995e-05
INFO:cooler._balance:variance is 5.657327867987329e-06
INFO:cooler._balance:chrX
INFO:cooler._balance:variance is 1203280.0819624187
INFO:cooler._balance:variance is 29029.073090561607
INFO:cooler._balance:variance is 2961.5887603059414
INFO:cooler._balance:variance is 434.0342001050443
INFO:cooler._balance:variance is 83.52301037736713
INFO:cooler._balance:variance is 18.977679396671757
INFO:cooler._balance:variance is 4.638891221843539
INFO:cooler._balance:variance is 1.165138007272445
INFO:cooler._balance:variance is 0.2955869734766128
INFO:cooler._balance:variance is 0.07523526336364857
INFO:cooler._balance:variance is 0.019173740906794242
INFO:cooler._balance:variance is 0.004888311080672227
INFO:cooler._balance:variance is 0.001246474862906041
INFO:cooler._balance:variance is 0.00031785361956932726
INFO:cooler._balance:variance is 8.10552632822401e-05
INFO:cooler._balance:variance is 2.066984627064488e-05
INFO:cooler._balance:variance is 5.271023138280806e-06
INFO:cooler._balance:chr9
INFO:cooler._balance:variance is 1152029.092273596
INFO:cooler._balance:variance is 264295.1443157279
INFO:cooler._balance:variance is 99061.61507124052
INFO:cooler._balance:variance is 51109.653014859374
INFO:cooler._balance:variance is 23328.51531771999
INFO:cooler._balance:variance is 12808.76621106311
INFO:cooler._balance:variance is 6422.068870315046
INFO:cooler._balance:variance is 3605.21637012065
INFO:cooler._balance:variance is 1913.8170288354652
INFO:cooler._balance:variance is 1083.3498498364927
INFO:cooler._balance:variance is 593.9670597376526
INFO:cooler._balance:variance is 337.2726178456122
INFO:cooler._balance:variance is 188.13569759277945
INFO:cooler._balance:variance is 106.94293271036787
INFO:cooler._balance:variance is 60.192253452399505
INFO:cooler._balance:variance is 34.22424816324202
INFO:cooler._balance:variance is 19.352226604389532
INFO:cooler._balance:variance is 11.002976811619597
INFO:cooler._balance:variance is 6.236523299024555
INFO:cooler._balance:variance is 3.5454631922161615
INFO:cooler._balance:variance is 2.012064245103952
INFO:cooler._balance:variance is 1.1437293957325263
INFO:cooler._balance:variance is 0.6494896361585496
INFO:cooler._balance:variance is 0.36916021540811617
INFO:cooler._balance:variance is 0.20970617788098453
INFO:cooler._balance:variance is 0.1191862865056416
INFO:cooler._balance:variance is 0.06771748334208146
INFO:cooler._balance:variance is 0.03848552183957447
INFO:cooler._balance:variance is 0.021868232981120585
INFO:cooler._balance:variance is 0.012427917071590671
INFO:cooler._balance:variance is 0.007062153528978065
INFO:cooler._balance:variance is 0.004013417483656899
INFO:cooler._balance:variance is 0.002280685143013368
INFO:cooler._balance:variance is 0.001296098252321132
INFO:cooler._balance:variance is 0.0007365386833749322
INFO:cooler._balance:variance is 0.00041856737298937263
INFO:cooler._balance:variance is 0.00023786286536640162
INFO:cooler._balance:variance is 0.00013517450676486838
INFO:cooler._balance:variance is 7.681712859530296e-05
INFO:cooler._balance:variance is 4.365411919766579e-05
INFO:cooler._balance:variance is 2.4807877686826817e-05
INFO:cooler._balance:variance is 1.4097957330417988e-05
INFO:cooler._balance:variance is 8.011635595148861e-06
INFO:cooler._balance:chr8
INFO:cooler._balance:variance is 1170446.0817245927
INFO:cooler._balance:variance is 150916.53372912656
INFO:cooler._balance:variance is 29964.902433926767
INFO:cooler._balance:variance is 7244.17997451621
INFO:cooler._balance:variance is 1743.5428962825806
INFO:cooler._balance:variance is 438.016484631641
INFO:cooler._balance:variance is 110.7124305550215
INFO:cooler._balance:variance is 28.45995262164345
INFO:cooler._balance:variance is 7.376581347676854
INFO:cooler._balance:variance is 1.9328476377865227
INFO:cooler._balance:variance is 0.5108209926599526
INFO:cooler._balance:variance is 0.13622753254102576
INFO:cooler._balance:variance is 0.036627898477351324
INFO:cooler._balance:variance is 0.009926654563936514
INFO:cooler._balance:variance is 0.002709976168815987
INFO:cooler._balance:variance is 0.0007448638918409324
INFO:cooler._balance:variance is 0.00020599995943492908
INFO:cooler._balance:variance is 5.7289814659946896e-05
INFO:cooler._balance:variance is 1.601194893319316e-05
INFO:cooler._balance:variance is 4.494871968422262e-06
INFO:cooler._balance:chr11
INFO:cooler._balance:variance is 1581253.3888945703
INFO:cooler._balance:variance is 673024.964524768
INFO:cooler._balance:variance is 216847.90512989816
INFO:cooler._balance:variance is 121501.02333472179
INFO:cooler._balance:variance is 48335.44779202338
INFO:cooler._balance:variance is 24140.332598046574
INFO:cooler._balance:variance is 10372.939895555575
INFO:cooler._balance:variance is 4926.735853339947
INFO:cooler._balance:variance is 2188.1605540643604
INFO:cooler._balance:variance is 1016.5712975251126
INFO:cooler._balance:variance is 458.19544896340483
INFO:cooler._balance:variance is 210.77171530993013
INFO:cooler._balance:variance is 95.63327708321621
INFO:cooler._balance:variance is 43.795369103661734
INFO:cooler._balance:variance is 19.93119036720793
INFO:cooler._balance:variance is 9.108988542926305
INFO:cooler._balance:variance is 4.151169080221247
INFO:cooler._balance:variance is 1.8954210632755284
INFO:cooler._balance:variance is 0.8643251241286439
INFO:cooler._balance:variance is 0.39448397374669264
INFO:cooler._balance:variance is 0.1799386359055162
INFO:cooler._balance:variance is 0.08210945636754527
INFO:cooler._balance:variance is 0.03745800274788677
INFO:cooler._balance:variance is 0.01709130777255861
INFO:cooler._balance:variance is 0.007797447394799171
INFO:cooler._balance:variance is 0.0035576708185441007
INFO:cooler._balance:variance is 0.0016231350378623955
INFO:cooler._balance:variance is 0.0007405596346574412
INFO:cooler._balance:variance is 0.00033787361644579305
INFO:cooler._balance:variance is 0.0001541544438172303
INFO:cooler._balance:variance is 7.033196228770597e-05
INFO:cooler._balance:variance is 3.208875396956222e-05
INFO:cooler._balance:variance is 1.4640322835292792e-05
INFO:cooler._balance:variance is 6.679593291211851e-06
INFO:cooler._balance:chr10
INFO:cooler._balance:variance is 1873022.7631277964
INFO:cooler._balance:variance is 179055.18535984168
INFO:cooler._balance:variance is 43086.862542411334
INFO:cooler._balance:variance is 12116.67441523739
INFO:cooler._balance:variance is 3294.743092217968
INFO:cooler._balance:variance is 927.4599776618525
INFO:cooler._balance:variance is 259.28597122267985
INFO:cooler._balance:variance is 73.35931107521466
INFO:cooler._balance:variance is 20.79012557084858
INFO:cooler._balance:variance is 5.932258127812302
INFO:cooler._balance:variance is 1.700069091989914
INFO:cooler._balance:variance is 0.49009083071720777
INFO:cooler._balance:variance is 0.1420469738242343
INFO:cooler._balance:variance is 0.041416800772133264
INFO:cooler._balance:variance is 0.01214743367169339
INFO:cooler._balance:variance is 0.003584587013332538
INFO:cooler._balance:variance is 0.001064196320521901
INFO:cooler._balance:variance is 0.0003178509621807728
INFO:cooler._balance:variance is 9.549561260379723e-05
INFO:cooler._balance:variance is 2.8855263338394663e-05
INFO:cooler._balance:variance is 8.766788902743164e-06
INFO:cooler._balance:chr12
INFO:cooler._balance:variance is 1747803.8170257176
INFO:cooler._balance:variance is 604657.1718849576
INFO:cooler._balance:variance is 190843.76063222933
INFO:cooler._balance:variance is 81614.15042648044
INFO:cooler._balance:variance is 29417.529717420082
INFO:cooler._balance:variance is 11904.130361216481
INFO:cooler._balance:variance is 4495.9173033831285
INFO:cooler._balance:variance is 1777.4468496730788
INFO:cooler._balance:variance is 683.659075589194
INFO:cooler._balance:variance is 267.7319359465742
INFO:cooler._balance:variance is 103.71598309499414
INFO:cooler._balance:variance is 40.46269359760249
INFO:cooler._balance:variance is 15.718500898720487
INFO:cooler._balance:variance is 6.123002254870014
INFO:cooler._balance:variance is 2.38117983757153
INFO:cooler._balance:variance is 0.9270150613425264
INFO:cooler._balance:variance is 0.3606599407087448
INFO:cooler._balance:variance is 0.14037536270184636
INFO:cooler._balance:variance is 0.05462271322525719
INFO:cooler._balance:variance is 0.021258198462418908
INFO:cooler._balance:variance is 0.008272495255788147
INFO:cooler._balance:variance is 0.0032193942027761747
INFO:cooler._balance:variance is 0.0012528382042150217
INFO:cooler._balance:variance is 0.00048755828921696876
INFO:cooler._balance:variance is 0.00018973679361966055
INFO:cooler._balance:variance is 7.383813914023856e-05
INFO:cooler._balance:variance is 2.873474722526743e-05
INFO:cooler._balance:variance is 1.1182415956487852e-05
INFO:cooler._balance:variance is 4.351739723551659e-06
INFO:cooler._balance:chr13
INFO:cooler._balance:variance is 796700.9040991174
INFO:cooler._balance:variance is 66916.15232539074
INFO:cooler._balance:variance is 12030.691809960288
INFO:cooler._balance:variance is 2784.1434518702986
INFO:cooler._balance:variance is 691.735031585356
INFO:cooler._balance:variance is 185.76638831855007
INFO:cooler._balance:variance is 51.69668252973487
INFO:cooler._balance:variance is 14.863284804537903
INFO:cooler._balance:variance is 4.353922263264616
INFO:cooler._balance:variance is 1.2960068832398768
INFO:cooler._balance:variance is 0.38981471125640016
INFO:cooler._balance:variance is 0.11823241712767862
INFO:cooler._balance:variance is 0.0360666057822979
INFO:cooler._balance:variance is 0.01105032010368006
INFO:cooler._balance:variance is 0.0033960849370815284
INFO:cooler._balance:variance is 0.0010460948443605379
INFO:cooler._balance:variance is 0.0003227483746243542
INFO:cooler._balance:variance is 9.969374071929994e-05
INFO:cooler._balance:variance is 3.082018005799018e-05
INFO:cooler._balance:variance is 9.533781446858337e-06
INFO:cooler._balance:chr14
INFO:cooler._balance:variance is 773913.0080286795
INFO:cooler._balance:variance is 149545.7504295642
INFO:cooler._balance:variance is 34371.897549377536
INFO:cooler._balance:variance is 11808.997746585275
INFO:cooler._balance:variance is 4016.0079610007797
INFO:cooler._balance:variance is 1568.532542451198
INFO:cooler._balance:variance is 627.2660543832351
INFO:cooler._balance:variance is 262.64744982797407
INFO:cooler._balance:variance is 111.28651617444847
INFO:cooler._balance:variance is 47.86991256341432
INFO:cooler._balance:variance is 20.669839295921435
INFO:cooler._balance:variance is 8.970274691792426
INFO:cooler._balance:variance is 3.896784766281779
INFO:cooler._balance:variance is 1.6957686431219738
INFO:cooler._balance:variance is 0.7380980354584104
INFO:cooler._balance:variance is 0.32146486102981825
INFO:cooler._balance:variance is 0.1400098130545917
INFO:cooler._balance:variance is 0.060993564452292474
INFO:cooler._balance:variance is 0.02657062127583622
INFO:cooler._balance:variance is 0.011575977516375362
INFO:cooler._balance:variance is 0.005043209460944076
INFO:cooler._balance:variance is 0.0021972085297745298
INFO:cooler._balance:variance is 0.0009572638175997283
INFO:cooler._balance:variance is 0.00041705945568702463
INFO:cooler._balance:variance is 0.0001817030762618606
INFO:cooler._balance:variance is 7.916423344555701e-05
INFO:cooler._balance:variance is 3.4490124318093624e-05
INFO:cooler._balance:variance is 1.502662708172644e-05
INFO:cooler._balance:variance is 6.5467807567524005e-06
INFO:cooler._balance:chr15
INFO:cooler._balance:variance is 777077.9412230981
INFO:cooler._balance:variance is 86437.21923927925
INFO:cooler._balance:variance is 15420.47896984888
INFO:cooler._balance:variance is 3284.9604936011433
INFO:cooler._balance:variance is 705.4917572212411
INFO:cooler._balance:variance is 163.35508590138883
INFO:cooler._balance:variance is 39.911737913757584
INFO:cooler._balance:variance is 10.494894216857626
INFO:cooler._balance:variance is 2.9581741774971277
INFO:cooler._balance:variance is 0.889719942479669
INFO:cooler._balance:variance is 0.281809681088926
INFO:cooler._balance:variance is 0.09274064135459872
INFO:cooler._balance:variance is 0.03132505155922846
INFO:cooler._balance:variance is 0.01076114148314148
INFO:cooler._balance:variance is 0.0037362659183182516
INFO:cooler._balance:variance is 0.0013057149574604255
INFO:cooler._balance:variance is 0.0004581219107816613
INFO:cooler._balance:variance is 0.00016111934831512825
INFO:cooler._balance:variance is 5.6746127759013155e-05
INFO:cooler._balance:variance is 2.0002999782726736e-05
INFO:cooler._balance:variance is 7.054658608518722e-06
INFO:cooler._balance:chr16
INFO:cooler._balance:variance is 11324140.02220199
INFO:cooler._balance:variance is 134986.80124503787
INFO:cooler._balance:variance is 48838.9848896453
INFO:cooler._balance:variance is 27966.923906467295
INFO:cooler._balance:variance is 12977.647263746403
INFO:cooler._balance:variance is 7230.720980208795
INFO:cooler._balance:variance is 3583.964610898314
INFO:cooler._balance:variance is 1943.2680435973305
INFO:cooler._balance:variance is 990.0992415665548
INFO:cooler._balance:variance is 528.2565818081789
INFO:cooler._balance:variance is 272.74266545130683
INFO:cooler._balance:variance is 144.23921661345946
INFO:cooler._balance:variance is 74.97510175105816
INFO:cooler._balance:variance is 39.46391265269001
INFO:cooler._balance:variance is 20.584898349684785
INFO:cooler._balance:variance is 10.808128086261373
INFO:cooler._balance:variance is 5.647929530325426
INFO:cooler._balance:variance is 2.9615729447711447
INFO:cooler._balance:variance is 1.5490824009310462
INFO:cooler._balance:variance is 0.8117257439264547
INFO:cooler._balance:variance is 0.42479341371293694
INFO:cooler._balance:variance is 0.22251339839765705
INFO:cooler._balance:variance is 0.11647639611573106
INFO:cooler._balance:variance is 0.06100063659889437
INFO:cooler._balance:variance is 0.031935627975093465
INFO:cooler._balance:variance is 0.016723569427251134
INFO:cooler._balance:variance is 0.008755907053118255
INFO:cooler._balance:variance is 0.004584924394916823
INFO:cooler._balance:variance is 0.0024006044945992814
INFO:cooler._balance:variance is 0.0012570133144067896
INFO:cooler._balance:variance is 0.0006581681077408875
INFO:cooler._balance:variance is 0.0003446275021148545
INFO:cooler._balance:variance is 0.0001804476996707902
INFO:cooler._balance:variance is 9.448464157619867e-05
INFO:cooler._balance:variance is 4.9472627202801844e-05
INFO:cooler._balance:variance is 2.590437707879491e-05
INFO:cooler._balance:variance is 1.3563698588164273e-05
INFO:cooler._balance:variance is 7.102077787522046e-06
INFO:cooler._balance:chr17
INFO:cooler._balance:variance is 822488.5308456221
INFO:cooler._balance:variance is 200346.0412746787
INFO:cooler._balance:variance is 70913.4993488154
INFO:cooler._balance:variance is 32886.48679867895
INFO:cooler._balance:variance is 13985.812802545443
INFO:cooler._balance:variance is 6414.184509397809
INFO:cooler._balance:variance is 2849.2402788144022
INFO:cooler._balance:variance is 1297.4521715483957
INFO:cooler._balance:variance is 584.0758663237076
INFO:cooler._balance:variance is 265.2755123136769
INFO:cooler._balance:variance is 119.96408060261207
INFO:cooler._balance:variance is 54.434595412607024
INFO:cooler._balance:variance is 24.658242154990972
INFO:cooler._balance:variance is 11.185090969076947
INFO:cooler._balance:variance is 5.070099358943626
INFO:cooler._balance:variance is 2.299532433995913
INFO:cooler._balance:variance is 1.0426450730528087
INFO:cooler._balance:variance is 0.4728668229699209
INFO:cooler._balance:variance is 0.21443076776962874
INFO:cooler._balance:variance is 0.0972481477236488
INFO:cooler._balance:variance is 0.04410136196530737
INFO:cooler._balance:variance is 0.02000059824923513
INFO:cooler._balance:variance is 0.009070340249493299
INFO:cooler._balance:variance is 0.004113516381009836
INFO:cooler._balance:variance is 0.0018655129365338298
INFO:cooler._balance:variance is 0.0008460331154572046
INFO:cooler._balance:variance is 0.000383684624398721
INFO:cooler._balance:variance is 0.0001740056135470182
INFO:cooler._balance:variance is 7.8913480094909e-05
INFO:cooler._balance:variance is 3.578820857539286e-05
INFO:cooler._balance:variance is 1.6230365742122198e-05
INFO:cooler._balance:variance is 7.360664570799693e-06
INFO:cooler._balance:chr18
INFO:cooler._balance:variance is 793472.2318598356
INFO:cooler._balance:variance is 104411.3438239954
INFO:cooler._balance:variance is 20679.861086499022
INFO:cooler._balance:variance is 4690.884260431939
INFO:cooler._balance:variance is 1058.5533905717807
INFO:cooler._balance:variance is 246.97101556181065
INFO:cooler._balance:variance is 57.54991361163283
INFO:cooler._balance:variance is 13.532111279210643
INFO:cooler._balance:variance is 3.1826970237067256
INFO:cooler._balance:variance is 0.750509579341305
INFO:cooler._balance:variance is 0.17704250560147228
INFO:cooler._balance:variance is 0.04179868053281787
INFO:cooler._balance:variance is 0.009870839244281969
INFO:cooler._balance:variance is 0.0023317410349769593
INFO:cooler._balance:variance is 0.0005508928807262876
INFO:cooler._balance:variance is 0.00013017017229416587
INFO:cooler._balance:variance is 3.076018400597476e-05
INFO:cooler._balance:variance is 7.2693191947528835e-06
INFO:cooler._balance:chr20
INFO:cooler._balance:variance is 660819.1824166967
INFO:cooler._balance:variance is 59327.889247662926
INFO:cooler._balance:variance is 14136.27058127919
INFO:cooler._balance:variance is 3700.5737824127796
INFO:cooler._balance:variance is 1003.7675705429662
INFO:cooler._balance:variance is 275.5637151505951
INFO:cooler._balance:variance is 76.13832278870649
INFO:cooler._balance:variance is 21.148201375982005
INFO:cooler._balance:variance is 5.900708570292461
INFO:cooler._balance:variance is 1.6563269424328906
INFO:cooler._balance:variance is 0.46820942894643236
INFO:cooler._balance:variance is 0.1337147699699364
INFO:cooler._balance:variance is 0.0387339367323502
INFO:cooler._balance:variance is 0.01145931592675266
INFO:cooler._balance:variance is 0.003494092851657588
INFO:cooler._balance:variance is 0.001111203413628214
INFO:cooler._balance:variance is 0.00037316085482359395
INFO:cooler._balance:variance is 0.00013361210858852586
INFO:cooler._balance:variance is 5.115684375254991e-05
INFO:cooler._balance:variance is 2.083831696535423e-05
INFO:cooler._balance:variance is 8.93162604432876e-06
INFO:cooler._balance:chrY
INFO:cooler._balance:chr19
INFO:cooler._balance:variance is 1200077.6184965447
INFO:cooler._balance:variance is 421820.1888610918
INFO:cooler._balance:variance is 92573.31115128816
INFO:cooler._balance:variance is 35489.32264204111
INFO:cooler._balance:variance is 10812.427584082472
INFO:cooler._balance:variance is 4020.6527310190245
INFO:cooler._balance:variance is 1417.6799671040646
INFO:cooler._balance:variance is 538.5820320867936
INFO:cooler._balance:variance is 203.27470743213442
INFO:cooler._balance:variance is 78.97576569537057
INFO:cooler._balance:variance is 30.75260784414092
INFO:cooler._balance:variance is 12.115528706991771
INFO:cooler._balance:variance is 4.785037227712305
INFO:cooler._balance:variance is 1.899096497404397
INFO:cooler._balance:variance is 0.7548915438209747
INFO:cooler._balance:variance is 0.30070070335059385
INFO:cooler._balance:variance is 0.11988049915842447
INFO:cooler._balance:variance is 0.047837148767935
INFO:cooler._balance:variance is 0.01909708832506811
INFO:cooler._balance:variance is 0.007626936641443098
INFO:cooler._balance:variance is 0.003046665013226977
INFO:cooler._balance:variance is 0.0012172559802181354
INFO:cooler._balance:variance is 0.00048638909422493145
INFO:cooler._balance:variance is 0.00019436759503694388
INFO:cooler._balance:variance is 7.767576805285911e-05
INFO:cooler._balance:variance is 3.1043092372799176e-05
INFO:cooler._balance:variance is 1.2406659281602883e-05
INFO:cooler._balance:variance is 4.958530929933251e-06
INFO:cooler._balance:chr22
INFO:cooler._balance:variance is 458643.7529405587
INFO:cooler._balance:variance is 40289.83049264902
INFO:cooler._balance:variance is 6976.181649546536
INFO:cooler._balance:variance is 1741.1010066565432
INFO:cooler._balance:variance is 553.7159963372741
INFO:cooler._balance:variance is 213.3318552809416
INFO:cooler._balance:variance is 91.59700437603209
INFO:cooler._balance:variance is 40.867315119973604
INFO:cooler._balance:variance is 18.754074105238768
INFO:cooler._balance:variance is 8.634493719877918
INFO:cooler._balance:variance is 4.009068484363964
INFO:cooler._balance:variance is 1.8593611242542536
INFO:cooler._balance:variance is 0.8650235786520163
INFO:cooler._balance:variance is 0.40201766968841957
INFO:cooler._balance:variance is 0.18707443295856763
INFO:cooler._balance:variance is 0.0870016604419082
INFO:cooler._balance:variance is 0.04048371651902339
INFO:cooler._balance:variance is 0.018832255314879035
INFO:cooler._balance:variance is 0.008762567515761117
INFO:cooler._balance:variance is 0.004076584991497549
INFO:cooler._balance:variance is 0.0018967505629608776
INFO:cooler._balance:variance is 0.0008824566583554103
INFO:cooler._balance:variance is 0.00041058096296890727
INFO:cooler._balance:variance is 0.00019102481590964037
INFO:cooler._balance:variance is 8.887733590044218e-05
INFO:cooler._balance:variance is 4.1350949165956704e-05
INFO:cooler._balance:variance is 1.9239096844887232e-05
INFO:cooler._balance:variance is 8.951188535611822e-06
INFO:cooler._balance:chr21
INFO:cooler._balance:variance is 463275.84901146754
INFO:cooler._balance:variance is 88640.09557223028
INFO:cooler._balance:variance is 29857.23856372905
INFO:cooler._balance:variance is 14779.744568284737
INFO:cooler._balance:variance is 8297.485862202666
INFO:cooler._balance:variance is 5126.987270239718
INFO:cooler._balance:variance is 3200.083244118431
INFO:cooler._balance:variance is 2094.476826420619
INFO:cooler._balance:variance is 1348.309709592511
INFO:cooler._balance:variance is 898.5315954976537
INFO:cooler._balance:variance is 586.9269388539666
INFO:cooler._balance:variance is 393.3862041411064
INFO:cooler._balance:variance is 259.12019952475043
INFO:cooler._balance:variance is 173.87811896576713
INFO:cooler._balance:variance is 115.11519895349433
INFO:cooler._balance:variance is 77.21149351906499
INFO:cooler._balance:variance is 51.27957647353592
INFO:cooler._balance:variance is 34.364891241336124
INFO:cooler._balance:variance is 22.869124261024943
INFO:cooler._balance:variance is 15.31269936928221
INFO:cooler._balance:variance is 10.2034501770514
INFO:cooler._balance:variance is 6.827316953453895
INFO:cooler._balance:variance is 4.553125705514673
INFO:cooler._balance:variance is 3.045007392096093
INFO:cooler._balance:variance is 2.031825600304808
INFO:cooler._balance:variance is 1.358326228846494
INFO:cooler._balance:variance is 0.9066907951222998
INFO:cooler._balance:variance is 0.605988162334264
INFO:cooler._balance:variance is 0.40459740787682247
INFO:cooler._balance:variance is 0.2703649396221448
INFO:cooler._balance:variance is 0.18054197461959534
INFO:cooler._balance:variance is 0.12062921715776197
INFO:cooler._balance:variance is 0.08056122988745637
INFO:cooler._balance:variance is 0.05382258351288251
INFO:cooler._balance:variance is 0.03594749048168164
INFO:cooler._balance:variance is 0.02401501393843892
INFO:cooler._balance:variance is 0.016040103805614044
INFO:cooler._balance:variance is 0.010715320848648905
INFO:cooler._balance:variance is 0.007157198188751064
INFO:cooler._balance:variance is 0.004781125448054026
INFO:cooler._balance:variance is 0.0031935743439215503
INFO:cooler._balance:variance is 0.002133323989081055
INFO:cooler._balance:variance is 0.0014249831663829505
INFO:cooler._balance:variance is 0.0009518853170822385
INFO:cooler._balance:variance is 0.0006358308081259588
INFO:cooler._balance:variance is 0.00042473024512902516
INFO:cooler._balance:variance is 0.00028370880418347825
INFO:cooler._balance:variance is 0.00018951441368696427
INFO:cooler._balance:variance is 0.00012659124310916863
INFO:cooler._balance:variance is 8.45612968793651e-05
INFO:cooler._balance:variance is 5.648514540595318e-05
INFO:cooler._balance:variance is 3.7731254407671004e-05
INFO:cooler._balance:variance is 2.5203720801556977e-05
INFO:cooler._balance:variance is 1.683569307658556e-05
INFO:cooler._balance:variance is 1.1245918973310619e-05
INFO:cooler._balance:variance is 7.5120912282152145e-06
INFO:cooler._balance:chrM
