INFO:cooler.cli.balance:Balancing "analysis_other/porec/T2T01.hp2/cooler/T2T01.hp2_5000_balanced.cool"
INFO:cooler._balance:chr1
INFO:cooler._balance:variance is 576710.678471704
INFO:cooler._balance:variance is 3363.171638365473
INFO:cooler._balance:variance is 773.4215674531329
INFO:cooler._balance:variance is 291.85198079617345
INFO:cooler._balance:variance is 110.24347630567523
INFO:cooler._balance:variance is 48.45161762827342
INFO:cooler._balance:variance is 21.542575665905236
INFO:cooler._balance:variance is 10.047036686870156
INFO:cooler._balance:variance is 4.697908589358373
INFO:cooler._balance:variance is 2.23149984298813
INFO:cooler._balance:variance is 1.0590751231933468
INFO:cooler._balance:variance is 0.5054909845551675
INFO:cooler._balance:variance is 0.2409976930128822
INFO:cooler._balance:variance is 0.11515367886309015
INFO:cooler._balance:variance is 0.05498135809067725
INFO:cooler._balance:variance is 0.026276001496363017
INFO:cooler._balance:variance is 0.012552186489715659
INFO:cooler._balance:variance is 0.005998720584130885
INFO:cooler._balance:variance is 0.0028661721162976032
INFO:cooler._balance:variance is 0.0013697060505582044
INFO:cooler._balance:variance is 0.000654492295167584
INFO:cooler._balance:variance is 0.00031276595349059307
INFO:cooler._balance:variance is 0.00014945513469725292
INFO:cooler._balance:variance is 7.142001269638954e-05
INFO:cooler._balance:variance is 3.412852769507151e-05
INFO:cooler._balance:variance is 1.630885794773201e-05
INFO:cooler._balance:variance is 7.79334705024898e-06
INFO:cooler._balance:chr2
INFO:cooler._balance:variance is 38995.49201230498
INFO:cooler._balance:variance is 1414.5321457881269
INFO:cooler._balance:variance is 258.30444722826184
INFO:cooler._balance:variance is 68.17456154675558
INFO:cooler._balance:variance is 18.266512394483915
INFO:cooler._balance:variance is 5.2771004789530345
INFO:cooler._balance:variance is 1.5284824719398478
INFO:cooler._balance:variance is 0.4511447674531557
INFO:cooler._balance:variance is 0.13324516784341972
INFO:cooler._balance:variance is 0.039562968526179805
INFO:cooler._balance:variance is 0.011752483426376123
INFO:cooler._balance:variance is 0.003497910796118493
INFO:cooler._balance:variance is 0.001041785176038542
INFO:cooler._balance:variance is 0.00031065609647915304
INFO:cooler._balance:variance is 9.272919265175363e-05
INFO:cooler._balance:variance is 2.7716152441840516e-05
INFO:cooler._balance:variance is 8.296340128180303e-06
INFO:cooler._balance:chr3
INFO:cooler._balance:variance is 25117.636340206063
INFO:cooler._balance:variance is 2929.2147525315004
INFO:cooler._balance:variance is 748.3363155502545
INFO:cooler._balance:variance is 382.826221117876
INFO:cooler._balance:variance is 133.0770655286191
INFO:cooler._balance:variance is 61.10125804410602
INFO:cooler._balance:variance is 23.811499221724937
INFO:cooler._balance:variance is 10.413748782263193
INFO:cooler._balance:variance is 4.263732345210848
INFO:cooler._balance:variance is 1.8332216256428582
INFO:cooler._balance:variance is 0.7683209912310935
INFO:cooler._balance:variance is 0.3290095034058043
INFO:cooler._balance:variance is 0.1395941469460644
INFO:cooler._balance:variance is 0.0598220692628804
INFO:cooler._balance:variance is 0.025565028575694378
INFO:cooler._balance:variance is 0.010980057240046595
INFO:cooler._balance:variance is 0.004714170292795588
INFO:cooler._balance:variance is 0.002029558683203092
INFO:cooler._balance:variance is 0.0008741655716707512
INFO:cooler._balance:variance is 0.000377144735928335
INFO:cooler._balance:variance is 0.0001628176226740769
INFO:cooler._balance:variance is 7.036659633541374e-05
INFO:cooler._balance:variance is 3.0429642600173623e-05
INFO:cooler._balance:variance is 1.3169005053055085e-05
INFO:cooler._balance:variance is 5.702058316405415e-06
INFO:cooler._balance:chr4
INFO:cooler._balance:variance is 27347.653437626723
INFO:cooler._balance:variance is 3446.686454617323
INFO:cooler._balance:variance is 791.1635155696114
INFO:cooler._balance:variance is 368.0499976755974
INFO:cooler._balance:variance is 117.58644790640109
INFO:cooler._balance:variance is 49.10695990641566
INFO:cooler._balance:variance is 17.761283313331944
INFO:cooler._balance:variance is 7.112668636730869
INFO:cooler._balance:variance is 2.7056764571438636
INFO:cooler._balance:variance is 1.0697361674106176
INFO:cooler._balance:variance is 0.4155588268417509
INFO:cooler._balance:variance is 0.16385500368502226
INFO:cooler._balance:variance is 0.06423844786585516
INFO:cooler._balance:variance is 0.025335233915354177
INFO:cooler._balance:variance is 0.009975150490447835
INFO:cooler._balance:variance is 0.003937413361318521
INFO:cooler._balance:variance is 0.0015536035838582532
INFO:cooler._balance:variance is 0.0006137119537975556
INFO:cooler._balance:variance is 0.00024243562546124214
INFO:cooler._balance:variance is 9.582269264463061e-05
INFO:cooler._balance:variance is 3.7877884709946365e-05
INFO:cooler._balance:variance is 1.4977104174199197e-05
INFO:cooler._balance:variance is 5.922621761331852e-06
INFO:cooler._balance:chr5
INFO:cooler._balance:variance is 33405.78711248328
INFO:cooler._balance:variance is 2641.9734207968554
INFO:cooler._balance:variance is 545.7497665980079
INFO:cooler._balance:variance is 156.71157812980974
INFO:cooler._balance:variance is 40.534417239595086
INFO:cooler._balance:variance is 11.49014838862994
INFO:cooler._balance:variance is 3.1932724415076117
INFO:cooler._balance:variance is 0.9223143490609026
INFO:cooler._balance:variance is 0.2685876278787969
INFO:cooler._balance:variance is 0.0802641697175814
INFO:cooler._balance:variance is 0.024407204487895923
INFO:cooler._balance:variance is 0.007589108039766344
INFO:cooler._balance:variance is 0.0024048659542339626
INFO:cooler._balance:variance is 0.0007767350245839913
INFO:cooler._balance:variance is 0.00025504196777945056
INFO:cooler._balance:variance is 8.499391298367361e-05
INFO:cooler._balance:variance is 2.86783205021842e-05
INFO:cooler._balance:variance is 9.778090203072158e-06
INFO:cooler._balance:chr6
INFO:cooler._balance:variance is 21870.64797090086
INFO:cooler._balance:variance is 2336.798438807752
INFO:cooler._balance:variance is 870.6513564068074
INFO:cooler._balance:variance is 538.4139965699039
INFO:cooler._balance:variance is 251.4966828135346
INFO:cooler._balance:variance is 150.42067511329785
INFO:cooler._balance:variance is 75.56548226818164
INFO:cooler._balance:variance is 43.50294543330768
INFO:cooler._balance:variance is 22.67723841254965
INFO:cooler._balance:variance is 12.747419687996816
INFO:cooler._balance:variance is 6.779381363250585
INFO:cooler._balance:variance is 3.758746644887391
INFO:cooler._balance:variance is 2.02106801374864
INFO:cooler._balance:variance is 1.111911888171876
INFO:cooler._balance:variance is 0.6014900514845588
INFO:cooler._balance:variance is 0.32949408062810187
INFO:cooler._balance:variance is 0.17883107790279856
INFO:cooler._balance:variance is 0.09773024723881378
INFO:cooler._balance:variance is 0.053138755263398944
INFO:cooler._balance:variance is 0.029002069824150666
INFO:cooler._balance:variance is 0.01578489229848355
INFO:cooler._balance:variance is 0.00860889489105284
INFO:cooler._balance:variance is 0.004688079505655051
INFO:cooler._balance:variance is 0.002555818399610492
INFO:cooler._balance:variance is 0.0013922131445575302
INFO:cooler._balance:variance is 0.000758835031144119
INFO:cooler._balance:variance is 0.0004134214426045461
INFO:cooler._balance:variance is 0.0002253116355248611
INFO:cooler._balance:variance is 0.00012276295686089464
INFO:cooler._balance:variance is 6.69006143878665e-05
INFO:cooler._balance:variance is 3.645310989420215e-05
INFO:cooler._balance:variance is 1.9864706329510392e-05
INFO:cooler._balance:variance is 1.0824253086360862e-05
INFO:cooler._balance:variance is 5.898440587901061e-06
INFO:cooler._balance:chr7
INFO:cooler._balance:variance is 19893.95100332806
INFO:cooler._balance:variance is 1160.644279631078
INFO:cooler._balance:variance is 284.31403778918354
INFO:cooler._balance:variance is 103.33450147680274
INFO:cooler._balance:variance is 34.656735678795485
INFO:cooler._balance:variance is 12.843315902355632
INFO:cooler._balance:variance is 4.582640855250863
INFO:cooler._balance:variance is 1.691261110443857
INFO:cooler._balance:variance is 0.6148762121540167
INFO:cooler._balance:variance is 0.22628125916440325
INFO:cooler._balance:variance is 0.08279643698268288
INFO:cooler._balance:variance is 0.03043143121331738
INFO:cooler._balance:variance is 0.011160756464921564
INFO:cooler._balance:variance is 0.0041000556257858225
INFO:cooler._balance:variance is 0.0015050046428689962
INFO:cooler._balance:variance is 0.0005527864239846381
INFO:cooler._balance:variance is 0.00020297839410013762
INFO:cooler._balance:variance is 7.454946499223944e-05
INFO:cooler._balance:variance is 2.7377486753596806e-05
INFO:cooler._balance:variance is 1.0054986225037343e-05
INFO:cooler._balance:variance is 3.692778981637463e-06
INFO:cooler._balance:chrX
INFO:cooler._balance:variance is 25124.485828586498
INFO:cooler._balance:variance is 423.1177845872026
INFO:cooler._balance:variance is 55.7511210998141
INFO:cooler._balance:variance is 12.175280173914174
INFO:cooler._balance:variance is 3.1432992410086107
INFO:cooler._balance:variance is 0.9026689261174745
INFO:cooler._balance:variance is 0.2718120602357317
INFO:cooler._balance:variance is 0.08440903101101785
INFO:cooler._balance:variance is 0.026569727281194003
INFO:cooler._balance:variance is 0.008437054538215822
INFO:cooler._balance:variance is 0.0026893376732501206
INFO:cooler._balance:variance is 0.0008593704495736807
INFO:cooler._balance:variance is 0.00027490367151959704
INFO:cooler._balance:variance is 8.800167272447579e-05
INFO:cooler._balance:variance is 2.817952606361783e-05
INFO:cooler._balance:variance is 9.025406631975502e-06
INFO:cooler._balance:chr9
INFO:cooler._balance:variance is 17637.867092056986
INFO:cooler._balance:variance is 1668.5382481149766
INFO:cooler._balance:variance is 519.6264952809516
INFO:cooler._balance:variance is 233.21319156607794
INFO:cooler._balance:variance is 104.46493845428202
INFO:cooler._balance:variance is 52.92548251166514
INFO:cooler._balance:variance is 25.993262239062194
INFO:cooler._balance:variance is 13.91310615908557
INFO:cooler._balance:variance is 7.3054821062461555
INFO:cooler._balance:variance is 4.07836551088611
INFO:cooler._balance:variance is 2.254196720088938
INFO:cooler._balance:variance is 1.2969833595430795
INFO:cooler._balance:variance is 0.7423806365152273
INFO:cooler._balance:variance is 0.4354399173646821
INFO:cooler._balance:variance is 0.25465561970175554
INFO:cooler._balance:variance is 0.15105500197576682
INFO:cooler._balance:variance is 0.08943784468462089
INFO:cooler._balance:variance is 0.05338192985702543
INFO:cooler._balance:variance is 0.03182318685334362
INFO:cooler._balance:variance is 0.019056764312659364
INFO:cooler._balance:variance is 0.011402602597656143
INFO:cooler._balance:variance is 0.0068399860603694795
INFO:cooler._balance:variance is 0.00410083222367775
INFO:cooler._balance:variance is 0.0024620985847964615
INFO:cooler._balance:variance is 0.0014776910259145148
INFO:cooler._balance:variance is 0.0008875861570553949
INFO:cooler._balance:variance is 0.0005330105505370024
INFO:cooler._balance:variance is 0.00032022810007522706
INFO:cooler._balance:variance is 0.00019236113658467694
INFO:cooler._balance:variance is 0.00011558160759565874
INFO:cooler._balance:variance is 6.944133012526414e-05
INFO:cooler._balance:variance is 4.1726565885079166e-05
INFO:cooler._balance:variance is 2.507151295659593e-05
INFO:cooler._balance:variance is 1.506559252511689e-05
INFO:cooler._balance:variance is 9.05263627653878e-06
INFO:cooler._balance:chr8
INFO:cooler._balance:variance is 17879.908405183316
INFO:cooler._balance:variance is 2183.2999279091255
INFO:cooler._balance:variance is 409.5770295073385
INFO:cooler._balance:variance is 296.0475088819767
INFO:cooler._balance:variance is 89.11407729757404
INFO:cooler._balance:variance is 52.069966726406385
INFO:cooler._balance:variance is 19.49613364879156
INFO:cooler._balance:variance is 9.988931468801368
INFO:cooler._balance:variance is 4.147864025185245
INFO:cooler._balance:variance is 1.9910099601500437
INFO:cooler._balance:variance is 0.8674448734879415
INFO:cooler._balance:variance is 0.4038368053965057
INFO:cooler._balance:variance is 0.1798708800218156
INFO:cooler._balance:variance is 0.08257178153250479
INFO:cooler._balance:variance is 0.037151284410936285
INFO:cooler._balance:variance is 0.016946475665266112
INFO:cooler._balance:variance is 0.0076599765577810225
INFO:cooler._balance:variance is 0.0034840583645552228
INFO:cooler._balance:variance is 0.001578160708283929
INFO:cooler._balance:variance is 0.0007168835781360033
INFO:cooler._balance:variance is 0.0003250387074543422
INFO:cooler._balance:variance is 0.00014756437593639368
INFO:cooler._balance:variance is 6.693623292692739e-05
INFO:cooler._balance:variance is 3.038056248229491e-05
INFO:cooler._balance:variance is 1.3783663532148392e-05
INFO:cooler._balance:variance is 6.255320391373635e-06
INFO:cooler._balance:chr11
INFO:cooler._balance:variance is 21991.369117860086
INFO:cooler._balance:variance is 4865.664038907533
INFO:cooler._balance:variance is 1684.1590035384559
INFO:cooler._balance:variance is 1225.6706017074778
INFO:cooler._balance:variance is 534.9731659532844
INFO:cooler._balance:variance is 353.63317718110113
INFO:cooler._balance:variance is 171.44947750489607
INFO:cooler._balance:variance is 105.4237649958656
INFO:cooler._balance:variance is 54.21593501899712
INFO:cooler._balance:variance is 31.91746492226378
INFO:cooler._balance:variance is 16.976450581405068
INFO:cooler._balance:variance is 9.746029807967883
INFO:cooler._balance:variance is 5.284021479379009
INFO:cooler._balance:variance is 2.990427824995455
INFO:cooler._balance:variance is 1.638958284435508
INFO:cooler._balance:variance is 0.9200945020580821
INFO:cooler._balance:variance is 0.5073481500269199
INFO:cooler._balance:variance is 0.2835332379196085
INFO:cooler._balance:variance is 0.156875366860407
INFO:cooler._balance:variance is 0.08744853656184652
INFO:cooler._balance:variance is 0.04847614310151613
INFO:cooler._balance:variance is 0.026984339825414656
INFO:cooler._balance:variance is 0.014974317419034685
INFO:cooler._balance:variance is 0.00832891666517678
INFO:cooler._balance:variance is 0.004624659214897933
INFO:cooler._balance:variance is 0.002571169085222881
INFO:cooler._balance:variance is 0.0014281186426680795
INFO:cooler._balance:variance is 0.0007937964254231591
INFO:cooler._balance:variance is 0.0004409831581761507
INFO:cooler._balance:variance is 0.0002450799967409232
INFO:cooler._balance:variance is 0.0001361647745928687
INFO:cooler._balance:variance is 7.566897196660886e-05
INFO:cooler._balance:variance is 4.204353460856201e-05
INFO:cooler._balance:variance is 2.336329257552385e-05
INFO:cooler._balance:variance is 1.2981624422863815e-05
INFO:cooler._balance:variance is 7.213627825289603e-06
INFO:cooler._balance:chr10
INFO:cooler._balance:variance is 22574.940358837543
INFO:cooler._balance:variance is 1098.0623285130484
INFO:cooler._balance:variance is 240.71955250442127
INFO:cooler._balance:variance is 71.62038765876775
INFO:cooler._balance:variance is 21.887075300867195
INFO:cooler._balance:variance is 7.187477644358156
INFO:cooler._balance:variance is 2.3798979984362263
INFO:cooler._balance:variance is 0.8075496999329405
INFO:cooler._balance:variance is 0.27568561870448693
INFO:cooler._balance:variance is 0.09512034134713844
INFO:cooler._balance:variance is 0.032981175401991275
INFO:cooler._balance:variance is 0.011506439753039192
INFO:cooler._balance:variance is 0.004031572523461039
INFO:cooler._balance:variance is 0.0014191452608164669
INFO:cooler._balance:variance is 0.0005015437096545516
INFO:cooler._balance:variance is 0.0001779780984988217
INFO:cooler._balance:variance is 6.339962320719724e-05
INFO:cooler._balance:variance is 2.2671027105503155e-05
INFO:cooler._balance:variance is 8.136893820140597e-06
INFO:cooler._balance:chr12
INFO:cooler._balance:variance is 21109.045248204908
INFO:cooler._balance:variance is 2297.6395042171325
INFO:cooler._balance:variance is 768.4400367820858
INFO:cooler._balance:variance is 369.3423112135756
INFO:cooler._balance:variance is 150.73371306706125
INFO:cooler._balance:variance is 70.2135629182052
INFO:cooler._balance:variance is 30.21126545139965
INFO:cooler._balance:variance is 13.773752976272549
INFO:cooler._balance:variance is 6.056004597315997
INFO:cooler._balance:variance is 2.733075458168
INFO:cooler._balance:variance is 1.2133186967914564
INFO:cooler._balance:variance is 0.5450539277787501
INFO:cooler._balance:variance is 0.24303928683201506
INFO:cooler._balance:variance is 0.10895504320121953
INFO:cooler._balance:variance is 0.04868155932605672
INFO:cooler._balance:variance is 0.021804198723754255
INFO:cooler._balance:variance is 0.009751314800947717
INFO:cooler._balance:variance is 0.004365820546920846
INFO:cooler._balance:variance is 0.001953334111365593
INFO:cooler._balance:variance is 0.0008743884927611786
INFO:cooler._balance:variance is 0.00039129295381971094
INFO:cooler._balance:variance is 0.00017514510856416537
INFO:cooler._balance:variance is 7.83855533755763e-05
INFO:cooler._balance:variance is 3.508476941928417e-05
INFO:cooler._balance:variance is 1.5702742584220243e-05
INFO:cooler._balance:variance is 7.0283376136211835e-06
INFO:cooler._balance:chr13
INFO:cooler._balance:variance is 16126.941827401633
INFO:cooler._balance:variance is 1109.6023634970247
INFO:cooler._balance:variance is 234.70233653986134
INFO:cooler._balance:variance is 110.68064259487912
INFO:cooler._balance:variance is 34.452873404187734
INFO:cooler._balance:variance is 15.184466542876153
INFO:cooler._balance:variance is 5.473406580168406
INFO:cooler._balance:variance is 2.2827494895367098
INFO:cooler._balance:variance is 0.8733864402831404
INFO:cooler._balance:variance is 0.3545136511300969
INFO:cooler._balance:variance is 0.1388897252192369
INFO:cooler._balance:variance is 0.055717929807384485
INFO:cooler._balance:variance is 0.02203494660405991
INFO:cooler._balance:variance is 0.008797108408175396
INFO:cooler._balance:variance is 0.0034921108373828073
INFO:cooler._balance:variance is 0.0013914968967451207
INFO:cooler._balance:variance is 0.0005532147291292121
INFO:cooler._balance:variance is 0.0002202767691706127
INFO:cooler._balance:variance is 8.763119473478325e-05
INFO:cooler._balance:variance is 3.48834847216669e-05
INFO:cooler._balance:variance is 1.3881414474318088e-05
INFO:cooler._balance:variance is 5.525370931640032e-06
INFO:cooler._balance:chr14
INFO:cooler._balance:variance is 17024.439571451312
INFO:cooler._balance:variance is 1606.21099147054
INFO:cooler._balance:variance is 360.61453119063185
INFO:cooler._balance:variance is 121.00403361687913
INFO:cooler._balance:variance is 34.99656287721037
INFO:cooler._balance:variance is 11.659578977874698
INFO:cooler._balance:variance is 3.6552387497542735
INFO:cooler._balance:variance is 1.2116400339870046
INFO:cooler._balance:variance is 0.3937658785594123
INFO:cooler._balance:variance is 0.13109606701254878
INFO:cooler._balance:variance is 0.04354729270850702
INFO:cooler._balance:variance is 0.014678907321842606
INFO:cooler._balance:variance is 0.004983457756507668
INFO:cooler._balance:variance is 0.00171789903953304
INFO:cooler._balance:variance is 0.0006014814409016696
INFO:cooler._balance:variance is 0.000215171720258283
INFO:cooler._balance:variance is 7.891668173740893e-05
INFO:cooler._balance:variance is 2.9814210832889378e-05
INFO:cooler._balance:variance is 1.1634661698414644e-05
INFO:cooler._balance:variance is 4.696841548625854e-06
INFO:cooler._balance:chr15
INFO:cooler._balance:variance is 20462.569654546976
INFO:cooler._balance:variance is 1145.6760838508328
INFO:cooler._balance:variance is 227.65121844491517
INFO:cooler._balance:variance is 60.26728557326522
INFO:cooler._balance:variance is 16.560551772572524
INFO:cooler._balance:variance is 5.015601601543804
INFO:cooler._balance:variance is 1.6055994474191329
INFO:cooler._balance:variance is 0.5488508110283099
INFO:cooler._balance:variance is 0.197343186727476
INFO:cooler._balance:variance is 0.07404724895341173
INFO:cooler._balance:variance is 0.028684578172980164
INFO:cooler._balance:variance is 0.011369570541750848
INFO:cooler._balance:variance is 0.004580295013015152
INFO:cooler._balance:variance is 0.001865250948299981
INFO:cooler._balance:variance is 0.0007652705758368371
INFO:cooler._balance:variance is 0.00031547951008073776
INFO:cooler._balance:variance is 0.00013048044367409427
INFO:cooler._balance:variance is 5.4077579672054786e-05
INFO:cooler._balance:variance is 2.2444010970169777e-05
INFO:cooler._balance:variance is 9.32326767416797e-06
INFO:cooler._balance:chr16
INFO:cooler._balance:variance is 282866.86531641654
INFO:cooler._balance:variance is 2939.9107113259215
INFO:cooler._balance:variance is 909.050622892706
INFO:cooler._balance:variance is 529.3117283963371
INFO:cooler._balance:variance is 238.58692994615083
INFO:cooler._balance:variance is 143.5820770974763
INFO:cooler._balance:variance is 74.45407713703035
INFO:cooler._balance:variance is 44.58228731130826
INFO:cooler._balance:variance is 24.45814368002067
INFO:cooler._balance:variance is 14.496576589999275
INFO:cooler._balance:variance is 8.157199510084881
INFO:cooler._balance:variance is 4.794255058904727
INFO:cooler._balance:variance is 2.732224799595823
INFO:cooler._balance:variance is 1.5965048441673415
INFO:cooler._balance:variance is 0.916054602027921
INFO:cooler._balance:variance is 0.5332805653756131
INFO:cooler._balance:variance is 0.30714724279417394
INFO:cooler._balance:variance is 0.17839446646532905
INFO:cooler._balance:variance is 0.10296711522939644
INFO:cooler._balance:variance is 0.059721346195195486
INFO:cooler._balance:variance is 0.03451238942363569
INFO:cooler._balance:variance is 0.02000075458012912
INFO:cooler._balance:variance is 0.011566305816600713
INFO:cooler._balance:variance is 0.0066996729072899735
INFO:cooler._balance:variance is 0.0038759309917167184
INFO:cooler._balance:variance is 0.0022444516299816616
INFO:cooler._balance:variance is 0.001298772282269935
INFO:cooler._balance:variance is 0.0007519592395665497
INFO:cooler._balance:variance is 0.0004351860131964595
INFO:cooler._balance:variance is 0.00025193800969076425
INFO:cooler._balance:variance is 0.00014581685562399638
INFO:cooler._balance:variance is 8.441152532489318e-05
INFO:cooler._balance:variance is 4.8857931842109257e-05
INFO:cooler._balance:variance is 2.8282299556263046e-05
INFO:cooler._balance:variance is 1.637039657180849e-05
INFO:cooler._balance:variance is 9.476118661251718e-06
INFO:cooler._balance:chr17
INFO:cooler._balance:variance is 14631.483740146328
INFO:cooler._balance:variance is 1491.8708149132726
INFO:cooler._balance:variance is 530.7110639806477
INFO:cooler._balance:variance is 248.38864323384465
INFO:cooler._balance:variance is 117.38269390298711
INFO:cooler._balance:variance is 58.16344118668103
INFO:cooler._balance:variance is 28.689001309298487
INFO:cooler._balance:variance is 14.32735205341597
INFO:cooler._balance:variance is 7.137466326432414
INFO:cooler._balance:variance is 3.569198240260014
INFO:cooler._balance:variance is 1.7829824964008902
INFO:cooler._balance:variance is 0.8918205249593931
INFO:cooler._balance:variance is 0.4458797662465807
INFO:cooler._balance:variance is 0.22302856033300972
INFO:cooler._balance:variance is 0.1115369391350131
INFO:cooler._balance:variance is 0.05579009880336282
INFO:cooler._balance:variance is 0.0279033390340497
INFO:cooler._balance:variance is 0.013956911033665698
INFO:cooler._balance:variance is 0.006980772761928474
INFO:cooler._balance:variance is 0.0034916686100136814
INFO:cooler._balance:variance is 0.0017464382925558369
INFO:cooler._balance:variance is 0.0008735356642787064
INFO:cooler._balance:variance is 0.0004369215168300544
INFO:cooler._balance:variance is 0.0002185393597990575
INFO:cooler._balance:variance is 0.00010930841756069876
INFO:cooler._balance:variance is 5.467379594230702e-05
INFO:cooler._balance:variance is 2.734662295690853e-05
INFO:cooler._balance:variance is 1.3678201777682235e-05
INFO:cooler._balance:variance is 6.841537894620367e-06
INFO:cooler._balance:chr18
INFO:cooler._balance:variance is 13616.327480394682
INFO:cooler._balance:variance is 649.1555747738767
INFO:cooler._balance:variance is 138.65173237148431
INFO:cooler._balance:variance is 37.20944171464028
INFO:cooler._balance:variance is 10.33138446207871
INFO:cooler._balance:variance is 3.02669338421221
INFO:cooler._balance:variance is 0.8988654232255905
INFO:cooler._balance:variance is 0.27224085445662416
INFO:cooler._balance:variance is 0.08292640443930908
INFO:cooler._balance:variance is 0.025445171124307
INFO:cooler._balance:variance is 0.007826581680721204
INFO:cooler._balance:variance is 0.0024140056024912703
INFO:cooler._balance:variance is 0.0007453604165463685
INFO:cooler._balance:variance is 0.00023039006657445826
INFO:cooler._balance:variance is 7.124761656797177e-05
INFO:cooler._balance:variance is 2.2042940509673936e-05
INFO:cooler._balance:variance is 6.821291869480403e-06
INFO:cooler._balance:chr20
INFO:cooler._balance:variance is 13043.448321832544
INFO:cooler._balance:variance is 1044.1562991017038
INFO:cooler._balance:variance is 271.8382416005791
INFO:cooler._balance:variance is 97.52433109885445
INFO:cooler._balance:variance is 33.05523867783238
INFO:cooler._balance:variance is 12.462528976667727
INFO:cooler._balance:variance is 4.583394264643078
INFO:cooler._balance:variance is 1.797691493098099
INFO:cooler._balance:variance is 0.7110355827382684
INFO:cooler._balance:variance is 0.296697193777071
INFO:cooler._balance:variance is 0.12730490194524824
INFO:cooler._balance:variance is 0.05721784897941724
INFO:cooler._balance:variance is 0.026529747075503252
INFO:cooler._balance:variance is 0.0127300460003309
INFO:cooler._balance:variance is 0.006252979263233596
INFO:cooler._balance:variance is 0.0031365382765074275
INFO:cooler._balance:variance is 0.0015954013534615692
INFO:cooler._balance:variance is 0.0008206384012376836
INFO:cooler._balance:variance is 0.0004252128940812954
INFO:cooler._balance:variance is 0.00022154806351552762
INFO:cooler._balance:variance is 0.00011584761246160157
INFO:cooler._balance:variance is 6.0737242468229486e-05
INFO:cooler._balance:variance is 3.189810865730281e-05
INFO:cooler._balance:variance is 1.6773159078568274e-05
INFO:cooler._balance:variance is 8.827009531861334e-06
INFO:cooler._balance:chrY
INFO:cooler._balance:chr19
INFO:cooler._balance:variance is 22979.225050990422
INFO:cooler._balance:variance is 6839.530763314532
INFO:cooler._balance:variance is 2133.086267677498
INFO:cooler._balance:variance is 1266.1058059205125
INFO:cooler._balance:variance is 499.53232827029717
INFO:cooler._balance:variance is 274.2988300969995
INFO:cooler._balance:variance is 123.02671385130846
INFO:cooler._balance:variance is 64.78288472494054
INFO:cooler._balance:variance is 31.02191127844078
INFO:cooler._balance:variance is 16.02709466279406
INFO:cooler._balance:variance is 7.9235775745893005
INFO:cooler._balance:variance is 4.060366184846525
INFO:cooler._balance:variance is 2.0384500994069006
INFO:cooler._balance:variance is 1.04100928207428
INFO:cooler._balance:variance is 0.5265082352659086
INFO:cooler._balance:variance is 0.26849196502220807
INFO:cooler._balance:variance is 0.13628401523311443
INFO:cooler._balance:variance is 0.06945474093236378
INFO:cooler._balance:variance is 0.03531688444846127
INFO:cooler._balance:variance is 0.017993749029045488
INFO:cooler._balance:variance is 0.00915759984797465
INFO:cooler._balance:variance is 0.004665178677806692
INFO:cooler._balance:variance is 0.0023752946323368014
INFO:cooler._balance:variance is 0.001209985100732698
INFO:cooler._balance:variance is 0.0006162034207928914
INFO:cooler._balance:variance is 0.00031388849724265733
INFO:cooler._balance:variance is 0.0001598701105164917
INFO:cooler._balance:variance is 8.143540020311806e-05
INFO:cooler._balance:variance is 4.1479094338958825e-05
INFO:cooler._balance:variance is 2.112869411432098e-05
INFO:cooler._balance:variance is 1.0762196724769361e-05
INFO:cooler._balance:variance is 5.4820509253988544e-06
INFO:cooler._balance:chr22
INFO:cooler._balance:variance is 11059.224206151901
INFO:cooler._balance:variance is 995.358227199244
INFO:cooler._balance:variance is 241.29225916868953
INFO:cooler._balance:variance is 86.08867599292095
INFO:cooler._balance:variance is 35.11566601387495
INFO:cooler._balance:variance is 16.107585058307333
INFO:cooler._balance:variance is 8.119048451745702
INFO:cooler._balance:variance is 4.153819657083945
INFO:cooler._balance:variance is 2.2172683800192385
INFO:cooler._balance:variance is 1.1736662821517512
INFO:cooler._balance:variance is 0.6335805117526888
INFO:cooler._balance:variance is 0.3390979808106978
INFO:cooler._balance:variance is 0.1832827359474356
INFO:cooler._balance:variance is 0.09850904546627187
INFO:cooler._balance:variance is 0.053218614355894034
INFO:cooler._balance:variance is 0.028656599029488812
INFO:cooler._balance:variance is 0.015472948555397733
INFO:cooler._balance:variance is 0.008339156847670514
INFO:cooler._balance:variance is 0.004500977711200178
INFO:cooler._balance:variance is 0.0024268979845836884
INFO:cooler._balance:variance is 0.001309596262958165
INFO:cooler._balance:variance is 0.0007062901282425797
INFO:cooler._balance:variance is 0.0003810766002532828
INFO:cooler._balance:variance is 0.0002055468868231018
INFO:cooler._balance:variance is 0.00011089404052029396
INFO:cooler._balance:variance is 5.981839562673363e-05
INFO:cooler._balance:variance is 3.2271149203860506e-05
INFO:cooler._balance:variance is 1.7408277790229374e-05
INFO:cooler._balance:variance is 9.391301616294181e-06
INFO:cooler._balance:chr21
INFO:cooler._balance:variance is 8417.65784627063
INFO:cooler._balance:variance is 730.4048110017869
INFO:cooler._balance:variance is 188.8522839924974
INFO:cooler._balance:variance is 64.29969672592209
INFO:cooler._balance:variance is 26.31134514035163
INFO:cooler._balance:variance is 12.230077810568224
INFO:cooler._balance:variance is 6.940158663563397
INFO:cooler._balance:variance is 4.170954982239435
INFO:cooler._balance:variance is 2.781193134177545
INFO:cooler._balance:variance is 1.861122291746179
INFO:cooler._balance:variance is 1.301491235767109
INFO:cooler._balance:variance is 0.9012381538123798
INFO:cooler._balance:variance is 0.6375629042874202
INFO:cooler._balance:variance is 0.4467336415388721
INFO:cooler._balance:variance is 0.3168603235253213
INFO:cooler._balance:variance is 0.22313990085662674
INFO:cooler._balance:variance is 0.15834350750648288
INFO:cooler._balance:variance is 0.11179651986273642
INFO:cooler._balance:variance is 0.0793283903072238
INFO:cooler._balance:variance is 0.05609154875150333
INFO:cooler._balance:variance is 0.039794665311895315
INFO:cooler._balance:variance is 0.028163263276184673
INFO:cooler._balance:variance is 0.019977194108291126
INFO:cooler._balance:variance is 0.014146109993628182
INFO:cooler._balance:variance is 0.01003281001077566
INFO:cooler._balance:variance is 0.007106927224818507
INFO:cooler._balance:variance is 0.005039808421774587
INFO:cooler._balance:variance is 0.0035708815507731846
INFO:cooler._balance:variance is 0.002532013298082376
INFO:cooler._balance:variance is 0.0017942991310233186
INFO:cooler._balance:variance is 0.00127219507949775
INFO:cooler._balance:variance is 0.000901628499008752
INFO:cooler._balance:variance is 0.000639238304136045
INFO:cooler._balance:variance is 0.0004530718780620151
INFO:cooler._balance:variance is 0.0003212068063027129
INFO:cooler._balance:variance is 0.00022767206125523385
INFO:cooler._balance:variance is 0.00016140408778117624
INFO:cooler._balance:variance is 0.00011440729256853273
INFO:cooler._balance:variance is 8.110528477601937e-05
INFO:cooler._balance:variance is 5.7490768094107076e-05
INFO:cooler._balance:variance is 4.075555326510401e-05
INFO:cooler._balance:variance is 2.8889666600474307e-05
INFO:cooler._balance:variance is 2.0479829559272412e-05
INFO:cooler._balance:variance is 1.451733152047791e-05
INFO:cooler._balance:variance is 1.0291225666571882e-05
INFO:cooler._balance:variance is 7.29509338415299e-06
INFO:cooler._balance:chrM
