INFO:cooler.cli.balance:Balancing "analysis_other/porec/T2T18/cooler/T2T18_100000_balanced.cool"
INFO:cooler._balance:chr1
INFO:cooler._balance:variance is 70227302.04250477
INFO:cooler._balance:variance is 7515558.732936425
INFO:cooler._balance:variance is 1483284.7299345527
INFO:cooler._balance:variance is 425993.9643509343
INFO:cooler._balance:variance is 137278.06722961736
INFO:cooler._balance:variance is 53075.732594552646
INFO:cooler._balance:variance is 22346.755727555894
INFO:cooler._balance:variance is 10030.532517409802
INFO:cooler._balance:variance is 4613.144292532089
INFO:cooler._balance:variance is 2157.903605247941
INFO:cooler._balance:variance is 1014.121774337718
INFO:cooler._balance:variance is 478.80521180047737
INFO:cooler._balance:variance is 226.19032984689582
INFO:cooler._balance:variance is 107.01084930163357
INFO:cooler._balance:variance is 50.62269382246208
INFO:cooler._balance:variance is 23.960713064025743
INFO:cooler._balance:variance is 11.339767243905829
INFO:cooler._balance:variance is 5.3679289077990955
INFO:cooler._balance:variance is 2.5408457396047046
INFO:cooler._balance:variance is 1.202799197927058
INFO:cooler._balance:variance is 0.5693659225082982
INFO:cooler._balance:variance is 0.2695314739993662
INFO:cooler._balance:variance is 0.12759075647403062
INFO:cooler._balance:variance is 0.06040014943754766
INFO:cooler._balance:variance is 0.02859254012010614
INFO:cooler._balance:variance is 0.013535418250244551
INFO:cooler._balance:variance is 0.00640750036201787
INFO:cooler._balance:variance is 0.0030332455097585587
INFO:cooler._balance:variance is 0.0014359044082896157
INFO:cooler._balance:variance is 0.0006797424805906259
INFO:cooler._balance:variance is 0.0003217828052287297
INFO:cooler._balance:variance is 0.00015232868196507363
INFO:cooler._balance:variance is 7.211079985407937e-05
INFO:cooler._balance:variance is 3.413651183569527e-05
INFO:cooler._balance:variance is 1.6159870037640666e-05
INFO:cooler._balance:variance is 7.649916263032197e-06
INFO:cooler._balance:chr2
INFO:cooler._balance:variance is 113050569.60354257
INFO:cooler._balance:variance is 21145851.912641026
INFO:cooler._balance:variance is 4691160.178157102
INFO:cooler._balance:variance is 1214807.2687351424
INFO:cooler._balance:variance is 305931.2546611566
INFO:cooler._balance:variance is 80914.52564106649
INFO:cooler._balance:variance is 21685.522748225805
INFO:cooler._balance:variance is 5993.575304510154
INFO:cooler._balance:variance is 1695.2420362735622
INFO:cooler._balance:variance is 491.69820810233006
INFO:cooler._balance:variance is 145.72732094461185
INFO:cooler._balance:variance is 44.031803117185234
INFO:cooler._balance:variance is 13.519339538752467
INFO:cooler._balance:variance is 4.20558713182175
INFO:cooler._balance:variance is 1.321891200226229
INFO:cooler._balance:variance is 0.41884297864134684
INFO:cooler._balance:variance is 0.13352755690199136
INFO:cooler._balance:variance is 0.04276575214595735
INFO:cooler._balance:variance is 0.013744240657052108
INFO:cooler._balance:variance is 0.004428493443284956
INFO:cooler._balance:variance is 0.0014295891101945072
INFO:cooler._balance:variance is 0.00046213462230175153
INFO:cooler._balance:variance is 0.00014954337573019425
INFO:cooler._balance:variance is 4.842709702320941e-05
INFO:cooler._balance:variance is 1.5690807491813978e-05
INFO:cooler._balance:variance is 5.08597139000826e-06
INFO:cooler._balance:chr3
INFO:cooler._balance:variance is 86629910.21948834
INFO:cooler._balance:variance is 26012319.41074068
INFO:cooler._balance:variance is 6133007.509741009
INFO:cooler._balance:variance is 2323879.5159133603
INFO:cooler._balance:variance is 698094.3474424543
INFO:cooler._balance:variance is 245536.39231232903
INFO:cooler._balance:variance is 80345.0348239619
INFO:cooler._balance:variance is 27778.733925542336
INFO:cooler._balance:variance is 9426.04147910636
INFO:cooler._balance:variance is 3266.152468156537
INFO:cooler._balance:variance is 1128.5166163404417
INFO:cooler._balance:variance is 393.48357353422864
INFO:cooler._balance:variance is 137.35889337771758
INFO:cooler._balance:variance is 48.16884231453621
INFO:cooler._balance:variance is 16.921274061116925
INFO:cooler._balance:variance is 5.9595200911522905
INFO:cooler._balance:variance is 2.101933878633045
INFO:cooler._balance:variance is 0.7424987707926817
INFO:cooler._balance:variance is 0.26255810354174103
INFO:cooler._balance:variance is 0.09293355809515849
INFO:cooler._balance:variance is 0.03291755408771361
INFO:cooler._balance:variance is 0.01166668697916679
INFO:cooler._balance:variance is 0.004136864066221837
INFO:cooler._balance:variance is 0.0014674538123359117
INFO:cooler._balance:variance is 0.0005207036625529962
INFO:cooler._balance:variance is 0.00018481003894240037
INFO:cooler._balance:variance is 6.560647384677098e-05
INFO:cooler._balance:variance is 2.329365683413467e-05
INFO:cooler._balance:variance is 8.27150071466817e-06
INFO:cooler._balance:chr4
INFO:cooler._balance:variance is 102527447.29575485
INFO:cooler._balance:variance is 20763215.790219527
INFO:cooler._balance:variance is 4786688.2412055405
INFO:cooler._balance:variance is 1478616.1559306474
INFO:cooler._balance:variance is 449263.65765326365
INFO:cooler._balance:variance is 148678.9851082769
INFO:cooler._balance:variance is 49266.3463751722
INFO:cooler._balance:variance is 16791.352452167113
INFO:cooler._balance:variance is 5737.010009155718
INFO:cooler._balance:variance is 1979.5159349989383
INFO:cooler._balance:variance is 684.0688835535946
INFO:cooler._balance:variance is 237.24235491356558
INFO:cooler._balance:variance is 82.34283269793133
INFO:cooler._balance:variance is 28.61799638012215
INFO:cooler._balance:variance is 9.949763163287912
INFO:cooler._balance:variance is 3.4610474378175273
INFO:cooler._balance:variance is 1.2041322202573612
INFO:cooler._balance:variance is 0.4190120479767021
INFO:cooler._balance:variance is 0.14581769045007792
INFO:cooler._balance:variance is 0.0507489967013431
INFO:cooler._balance:variance is 0.017662744208731592
INFO:cooler._balance:variance is 0.00614755073577608
INFO:cooler._balance:variance is 0.002139694565470763
INFO:cooler._balance:variance is 0.0007447434416932331
INFO:cooler._balance:variance is 0.00025921731000162204
INFO:cooler._balance:variance is 9.022427449456969e-05
INFO:cooler._balance:variance is 3.140391586280479e-05
INFO:cooler._balance:variance is 1.0930626270898849e-05
INFO:cooler._balance:variance is 3.804579857691483e-06
INFO:cooler._balance:chr5
INFO:cooler._balance:variance is 114217372.73468097
INFO:cooler._balance:variance is 17041703.36112749
INFO:cooler._balance:variance is 2978297.0843475615
INFO:cooler._balance:variance is 577766.0973581352
INFO:cooler._balance:variance is 115222.31094133599
INFO:cooler._balance:variance is 24136.769738334217
INFO:cooler._balance:variance is 5287.975550118907
INFO:cooler._balance:variance is 1219.2232819058402
INFO:cooler._balance:variance is 295.38636993284626
INFO:cooler._balance:variance is 75.13686268817081
INFO:cooler._balance:variance is 19.957973694578296
INFO:cooler._balance:variance is 5.503780314995744
INFO:cooler._balance:variance is 1.5646030833777043
INFO:cooler._balance:variance is 0.4555816340630226
INFO:cooler._balance:variance is 0.13509885053737927
INFO:cooler._balance:variance is 0.040612665169492836
INFO:cooler._balance:variance is 0.012331627227985914
INFO:cooler._balance:variance is 0.003771760424332963
INFO:cooler._balance:variance is 0.0011597176606648006
INFO:cooler._balance:variance is 0.00035793392521463814
INFO:cooler._balance:variance is 0.00011077212293961076
INFO:cooler._balance:variance is 3.434790086394014e-05
INFO:cooler._balance:variance is 1.0665267188752404e-05
INFO:cooler._balance:variance is 3.3149204439938627e-06
INFO:cooler._balance:chr6
INFO:cooler._balance:variance is 180766206.49196804
INFO:cooler._balance:variance is 41629168.212591276
INFO:cooler._balance:variance is 14373424.139784953
INFO:cooler._balance:variance is 7748528.619080856
INFO:cooler._balance:variance is 3117206.486892762
INFO:cooler._balance:variance is 1540454.785660163
INFO:cooler._balance:variance is 661708.461355289
INFO:cooler._balance:variance is 312800.64581128524
INFO:cooler._balance:variance is 138561.51122646287
INFO:cooler._balance:variance is 64151.19181433601
INFO:cooler._balance:variance is 28826.069888530346
INFO:cooler._balance:variance is 13218.130195406877
INFO:cooler._balance:variance is 5978.735088816245
INFO:cooler._balance:variance is 2729.4468523348123
INFO:cooler._balance:variance is 1238.294589938167
INFO:cooler._balance:variance is 564.1708589070784
INFO:cooler._balance:variance is 256.30586028887416
INFO:cooler._balance:variance is 116.66587672470392
INFO:cooler._balance:variance is 53.03526069975336
INFO:cooler._balance:variance is 24.130534782456845
INFO:cooler._balance:variance is 10.972665916140718
INFO:cooler._balance:variance is 4.9914987563148125
INFO:cooler._balance:variance is 2.2700362110977563
INFO:cooler._balance:variance is 1.0325559653940724
INFO:cooler._balance:variance is 0.4696141528773697
INFO:cooler._balance:variance is 0.21360169490039627
INFO:cooler._balance:variance is 0.09715026502348076
INFO:cooler._balance:variance is 0.04418752070474361
INFO:cooler._balance:variance is 0.02009760286328648
INFO:cooler._balance:variance is 0.009141055014440054
INFO:cooler._balance:variance is 0.004157606401243083
INFO:cooler._balance:variance is 0.0018910099109543152
INFO:cooler._balance:variance is 0.0008600861562892248
INFO:cooler._balance:variance is 0.00039119351659813956
INFO:cooler._balance:variance is 0.0001779263632968437
INFO:cooler._balance:variance is 8.092629458952399e-05
INFO:cooler._balance:variance is 3.6807687864010836e-05
INFO:cooler._balance:variance is 1.674124441350257e-05
INFO:cooler._balance:variance is 7.614418137015252e-06
INFO:cooler._balance:chr7
INFO:cooler._balance:variance is 99034467.38926898
INFO:cooler._balance:variance is 21788269.99921107
INFO:cooler._balance:variance is 5132959.302160561
INFO:cooler._balance:variance is 1558268.0625409824
INFO:cooler._balance:variance is 420081.38185310946
INFO:cooler._balance:variance is 121724.31618892748
INFO:cooler._balance:variance is 33999.38693573453
INFO:cooler._balance:variance is 9701.844296206067
INFO:cooler._balance:variance is 2738.924699982996
INFO:cooler._balance:variance is 778.162380075932
INFO:cooler._balance:variance is 220.4243872136604
INFO:cooler._balance:variance is 62.56050737192643
INFO:cooler._balance:variance is 17.74267095827956
INFO:cooler._balance:variance is 5.035416192497641
INFO:cooler._balance:variance is 1.4289406856510782
INFO:cooler._balance:variance is 0.4056338196488362
INFO:cooler._balance:variance is 0.11515990563282057
INFO:cooler._balance:variance is 0.03270156009502455
INFO:cooler._balance:variance is 0.00928776033746398
INFO:cooler._balance:variance is 0.0026384330750923906
INFO:cooler._balance:variance is 0.0007496680041816235
INFO:cooler._balance:variance is 0.00021305263171316857
INFO:cooler._balance:variance is 6.056210050399613e-05
INFO:cooler._balance:variance is 1.7219303221793488e-05
INFO:cooler._balance:variance is 4.897040164073012e-06
INFO:cooler._balance:chrX
INFO:cooler._balance:variance is 20535375.074344136
INFO:cooler._balance:variance is 2252106.8092515105
INFO:cooler._balance:variance is 444079.2299792129
INFO:cooler._balance:variance is 104881.23620128189
INFO:cooler._balance:variance is 27361.914168930947
INFO:cooler._balance:variance is 8120.313057593616
INFO:cooler._balance:variance is 2671.7372686726094
INFO:cooler._balance:variance is 954.0497063447278
INFO:cooler._balance:variance is 358.93858520888864
INFO:cooler._balance:variance is 139.23487117596557
INFO:cooler._balance:variance is 54.95317664538193
INFO:cooler._balance:variance is 21.881116604022548
INFO:cooler._balance:variance is 8.755720991227005
INFO:cooler._balance:variance is 3.511770797046254
INFO:cooler._balance:variance is 1.4104270213508654
INFO:cooler._balance:variance is 0.566804117822467
INFO:cooler._balance:variance is 0.22786502791881402
INFO:cooler._balance:variance is 0.09161915991855095
INFO:cooler._balance:variance is 0.03684174504910571
INFO:cooler._balance:variance is 0.014815261324522242
INFO:cooler._balance:variance is 0.005957874500826814
INFO:cooler._balance:variance is 0.002395944523658415
INFO:cooler._balance:variance is 0.0009635316012598894
INFO:cooler._balance:variance is 0.00038748580795585724
INFO:cooler._balance:variance is 0.00015582846705163725
INFO:cooler._balance:variance is 6.266684932547903e-05
INFO:cooler._balance:variance is 2.5201668367413587e-05
INFO:cooler._balance:variance is 1.0134928758582977e-05
INFO:cooler._balance:variance is 4.075794048616348e-06
INFO:cooler._balance:chr9
INFO:cooler._balance:variance is 64489536.64613753
INFO:cooler._balance:variance is 11795116.33320524
INFO:cooler._balance:variance is 3871040.8845373034
INFO:cooler._balance:variance is 1671007.9639183262
INFO:cooler._balance:variance is 715278.5167629627
INFO:cooler._balance:variance is 351066.43551973096
INFO:cooler._balance:variance is 168883.1442210121
INFO:cooler._balance:variance is 88770.68824595727
INFO:cooler._balance:variance is 45962.917572482016
INFO:cooler._balance:variance is 25024.543650966923
INFO:cooler._balance:variance is 13485.5650989126
INFO:cooler._balance:variance is 7459.976876650604
INFO:cooler._balance:variance is 4099.265358299455
INFO:cooler._balance:variance is 2282.5448330302047
INFO:cooler._balance:variance is 1265.651293286602
INFO:cooler._balance:variance is 706.5003767996694
INFO:cooler._balance:variance is 393.37131341403364
INFO:cooler._balance:variance is 219.77525706499412
INFO:cooler._balance:variance is 122.60099403377478
INFO:cooler._balance:variance is 68.51435372119234
INFO:cooler._balance:variance is 38.25437006184929
INFO:cooler._balance:variance is 21.379037618378874
INFO:cooler._balance:variance is 11.941806250301967
INFO:cooler._balance:variance is 6.673747922110779
INFO:cooler._balance:variance is 3.7285504003062853
INFO:cooler._balance:variance is 2.0836653133198095
INFO:cooler._balance:variance is 1.1642383008373707
INFO:cooler._balance:variance is 0.6506087952986741
INFO:cooler._balance:variance is 0.3635430973271841
INFO:cooler._balance:variance is 0.2031547727287496
INFO:cooler._balance:variance is 0.11352051085420953
INFO:cooler._balance:variance is 0.06343676209620289
INFO:cooler._balance:variance is 0.03544820391689682
INFO:cooler._balance:variance is 0.019808800034918327
INFO:cooler._balance:variance is 0.011069156581818264
INFO:cooler._balance:variance is 0.006185528728023994
INFO:cooler._balance:variance is 0.0034564865489382143
INFO:cooler._balance:variance is 0.001931506661822378
INFO:cooler._balance:variance is 0.0010793322696887513
INFO:cooler._balance:variance is 0.0006031369658734968
INFO:cooler._balance:variance is 0.0003370353026959371
INFO:cooler._balance:variance is 0.00018833709231455377
INFO:cooler._balance:variance is 0.00010524357179928882
INFO:cooler._balance:variance is 5.881063463011334e-05
INFO:cooler._balance:variance is 3.28636451715425e-05
INFO:cooler._balance:variance is 1.8364365065828515e-05
INFO:cooler._balance:variance is 1.0262091132741383e-05
INFO:cooler._balance:variance is 5.734505763348365e-06
INFO:cooler._balance:chr8
INFO:cooler._balance:variance is 67861142.94892791
INFO:cooler._balance:variance is 10354895.499270612
INFO:cooler._balance:variance is 1980643.4754036888
INFO:cooler._balance:variance is 445246.3521246187
INFO:cooler._balance:variance is 100654.31346313565
INFO:cooler._balance:variance is 23685.003377297908
INFO:cooler._balance:variance is 5648.952415568001
INFO:cooler._balance:variance is 1375.5349889700851
INFO:cooler._balance:variance is 339.92090637731326
INFO:cooler._balance:variance is 85.35450957825944
INFO:cooler._balance:variance is 21.73188745202776
INFO:cooler._balance:variance is 5.606934747847687
INFO:cooler._balance:variance is 1.4636602940891168
INFO:cooler._balance:variance is 0.38610405499238515
INFO:cooler._balance:variance is 0.1027762222395523
INFO:cooler._balance:variance is 0.027570247797720028
INFO:cooler._balance:variance is 0.007444025385812917
INFO:cooler._balance:variance is 0.002020773028315218
INFO:cooler._balance:variance is 0.0005509979184257809
INFO:cooler._balance:variance is 0.00015078151654429183
INFO:cooler._balance:variance is 4.138200101039071e-05
INFO:cooler._balance:variance is 1.1383913391491232e-05
INFO:cooler._balance:variance is 3.137507232940478e-06
INFO:cooler._balance:chr11
INFO:cooler._balance:variance is 88566312.6194109
INFO:cooler._balance:variance is 34065092.25211847
INFO:cooler._balance:variance is 12923086.118832858
INFO:cooler._balance:variance is 7403502.703505543
INFO:cooler._balance:variance is 3197798.609894452
INFO:cooler._balance:variance is 1717098.8065753754
INFO:cooler._balance:variance is 789379.2525980147
INFO:cooler._balance:variance is 406591.9154162639
INFO:cooler._balance:variance is 193205.344915075
INFO:cooler._balance:variance is 97276.06256971406
INFO:cooler._balance:variance is 47018.51903998517
INFO:cooler._balance:variance is 23394.853377527284
INFO:cooler._balance:variance is 11405.594834870783
INFO:cooler._balance:variance is 5641.160756335976
INFO:cooler._balance:variance is 2762.0273498587617
INFO:cooler._balance:variance is 1362.005568203188
INFO:cooler._balance:variance is 668.2832812379585
INFO:cooler._balance:variance is 329.0537141485685
INFO:cooler._balance:variance is 161.62320023110777
INFO:cooler._balance:variance is 79.52274342034889
INFO:cooler._balance:variance is 39.079816726226
INFO:cooler._balance:variance is 19.221316132444937
INFO:cooler._balance:variance is 9.448321532581797
INFO:cooler._balance:variance is 4.646307339173292
INFO:cooler._balance:variance is 2.28419815190202
INFO:cooler._balance:variance is 1.123179039929171
INFO:cooler._balance:variance is 0.5522065294145241
INFO:cooler._balance:variance is 0.27151762902943605
INFO:cooler._balance:variance is 0.13349460413592962
INFO:cooler._balance:variance is 0.06563734422950541
INFO:cooler._balance:variance is 0.03227179610555214
INFO:cooler._balance:variance is 0.01586740470094988
INFO:cooler._balance:variance is 0.007801555635285287
INFO:cooler._balance:variance is 0.003835851145233179
INFO:cooler._balance:variance is 0.0018859866655041272
INFO:cooler._balance:variance is 0.0009272953004552126
INFO:cooler._balance:variance is 0.00045592740601542816
INFO:cooler._balance:variance is 0.00022416850816589403
INFO:cooler._balance:variance is 0.00011021802363604098
INFO:cooler._balance:variance is 5.4191510672209804e-05
INFO:cooler._balance:variance is 2.6644615711199864e-05
INFO:cooler._balance:variance is 1.310050295251637e-05
INFO:cooler._balance:variance is 6.44119227668721e-06
INFO:cooler._balance:chr10
INFO:cooler._balance:variance is 77958241.29166429
INFO:cooler._balance:variance is 11770472.78193169
INFO:cooler._balance:variance is 2856378.0146647464
INFO:cooler._balance:variance is 784347.4605673368
INFO:cooler._balance:variance is 218315.6732310017
INFO:cooler._balance:variance is 63084.49853990303
INFO:cooler._balance:variance is 18430.611725489216
INFO:cooler._balance:variance is 5496.324793809961
INFO:cooler._balance:variance is 1656.5205454047393
INFO:cooler._balance:variance is 505.92521181180916
INFO:cooler._balance:variance is 155.88074553591304
INFO:cooler._balance:variance is 48.45809088553068
INFO:cooler._balance:variance is 15.163277874454838
INFO:cooler._balance:variance is 4.773080170764152
INFO:cooler._balance:variance is 1.5093576646411593
INFO:cooler._balance:variance is 0.4791532829498623
INFO:cooler._balance:variance is 0.15257383816167705
INFO:cooler._balance:variance is 0.04870485036242214
INFO:cooler._balance:variance is 0.015578300496095059
INFO:cooler._balance:variance is 0.0049906516304973544
INFO:cooler._balance:variance is 0.0016008026025574966
INFO:cooler._balance:variance is 0.000513985991531392
INFO:cooler._balance:variance is 0.0001651603856517532
INFO:cooler._balance:variance is 5.3104415181176194e-05
INFO:cooler._balance:variance is 1.70831523117804e-05
INFO:cooler._balance:variance is 5.497600719355824e-06
INFO:cooler._balance:chr12
INFO:cooler._balance:variance is 84624043.2495379
INFO:cooler._balance:variance is 25699200.42035582
INFO:cooler._balance:variance is 8026728.100786466
INFO:cooler._balance:variance is 3129294.2859284403
INFO:cooler._balance:variance is 1112461.2706903946
INFO:cooler._balance:variance is 430579.63051997736
INFO:cooler._balance:variance is 160362.50809652195
INFO:cooler._balance:variance is 61774.558215723344
INFO:cooler._balance:variance is 23429.121394071055
INFO:cooler._balance:variance is 9004.419571035121
INFO:cooler._balance:variance is 3439.3604112526004
INFO:cooler._balance:variance is 1320.5038536458615
INFO:cooler._balance:variance is 505.7731056565322
INFO:cooler._balance:variance is 194.10653902174445
INFO:cooler._balance:variance is 74.42517058356968
INFO:cooler._balance:variance is 28.558504376256234
INFO:cooler._balance:variance is 10.954572163754642
INFO:cooler._balance:variance is 4.203250215794551
INFO:cooler._balance:variance is 1.6125584500077215
INFO:cooler._balance:variance is 0.61872245497014
INFO:cooler._balance:variance is 0.23738514641789746
INFO:cooler._balance:variance is 0.0910815906694673
INFO:cooler._balance:variance is 0.03494612369958334
INFO:cooler._balance:variance is 0.013408336995440362
INFO:cooler._balance:variance is 0.005144551646020577
INFO:cooler._balance:variance is 0.0019738904666199066
INFO:cooler._balance:variance is 0.0007573512011825039
INFO:cooler._balance:variance is 0.00029058467838617057
INFO:cooler._balance:variance is 0.00011149300769834771
INFO:cooler._balance:variance is 4.277824725910674e-05
INFO:cooler._balance:variance is 1.6413385213777838e-05
INFO:cooler._balance:variance is 6.297577296408526e-06
INFO:cooler._balance:chr13
INFO:cooler._balance:variance is 49271848.64052914
INFO:cooler._balance:variance is 6475844.203713606
INFO:cooler._balance:variance is 1109129.2410103695
INFO:cooler._balance:variance is 230920.83585021805
INFO:cooler._balance:variance is 51432.039276370575
INFO:cooler._balance:variance is 12273.320470355444
INFO:cooler._balance:variance is 3050.4242868110186
INFO:cooler._balance:variance is 784.7572887877978
INFO:cooler._balance:variance is 206.53597684832462
INFO:cooler._balance:variance is 55.33081359869562
INFO:cooler._balance:variance is 15.002905118393782
INFO:cooler._balance:variance is 4.104230630101676
INFO:cooler._balance:variance is 1.1295815185501108
INFO:cooler._balance:variance is 0.31222611564225605
INFO:cooler._balance:variance is 0.0865559843305098
INFO:cooler._balance:variance is 0.024044428921608227
INFO:cooler._balance:variance is 0.006688680837478567
INFO:cooler._balance:variance is 0.001862460331161013
INFO:cooler._balance:variance is 0.0005189451881795482
INFO:cooler._balance:variance is 0.00014466187240060562
INFO:cooler._balance:variance is 4.033874523433516e-05
INFO:cooler._balance:variance is 1.1250813292062211e-05
INFO:cooler._balance:variance is 3.1384075364894628e-06
INFO:cooler._balance:chr14
INFO:cooler._balance:variance is 57043878.44116278
INFO:cooler._balance:variance is 12849429.744130427
INFO:cooler._balance:variance is 2830023.6480318303
INFO:cooler._balance:variance is 876833.3516125267
INFO:cooler._balance:variance is 276279.08160998713
INFO:cooler._balance:variance is 99514.28394753629
INFO:cooler._balance:variance is 37533.24113676376
INFO:cooler._balance:variance is 14895.960261764301
INFO:cooler._balance:variance is 6031.501694242651
INFO:cooler._balance:variance is 2484.1927382270555
INFO:cooler._balance:variance is 1029.388810004088
INFO:cooler._balance:variance is 428.8785603989129
INFO:cooler._balance:variance is 178.96744012012377
INFO:cooler._balance:variance is 74.81179332395885
INFO:cooler._balance:variance is 31.28395360802047
INFO:cooler._balance:variance is 13.08945530618599
INFO:cooler._balance:variance is 5.477067582441466
INFO:cooler._balance:variance is 2.292233233057577
INFO:cooler._balance:variance is 0.9593332488213594
INFO:cooler._balance:variance is 0.4015223191343714
INFO:cooler._balance:variance is 0.16805315260522657
INFO:cooler._balance:variance is 0.07033869728234837
INFO:cooler._balance:variance is 0.02944012832107466
INFO:cooler._balance:variance is 0.012322222979465681
INFO:cooler._balance:variance is 0.005157475868770073
INFO:cooler._balance:variance is 0.0021586730663153363
INFO:cooler._balance:variance is 0.0009035162140416442
INFO:cooler._balance:variance is 0.00037816873962140895
INFO:cooler._balance:variance is 0.0001582832764532262
INFO:cooler._balance:variance is 6.624981579739145e-05
INFO:cooler._balance:variance is 2.7728999429552392e-05
INFO:cooler._balance:variance is 1.1606033454076313e-05
INFO:cooler._balance:variance is 4.85773014388642e-06
INFO:cooler._balance:chr15
INFO:cooler._balance:variance is 40891867.15809332
INFO:cooler._balance:variance is 4504297.8785636015
INFO:cooler._balance:variance is 886876.9775061399
INFO:cooler._balance:variance is 212781.74127131546
INFO:cooler._balance:variance is 55025.0467944805
INFO:cooler._balance:variance is 15582.845557466155
INFO:cooler._balance:variance is 4651.518372713478
INFO:cooler._balance:variance is 1448.7015079756497
INFO:cooler._balance:variance is 462.99380007887606
INFO:cooler._balance:variance is 150.52462674563466
INFO:cooler._balance:variance is 49.44996666950109
INFO:cooler._balance:variance is 16.34846637423098
INFO:cooler._balance:variance is 5.425898941329944
INFO:cooler._balance:variance is 1.8048966558881314
INFO:cooler._balance:variance is 0.6012291221237599
INFO:cooler._balance:variance is 0.20043677535417403
INFO:cooler._balance:variance is 0.06685457467176713
INFO:cooler._balance:variance is 0.02230533067000654
INFO:cooler._balance:variance is 0.007443256051509893
INFO:cooler._balance:variance is 0.002484054353224443
INFO:cooler._balance:variance is 0.0008290608764621746
INFO:cooler._balance:variance is 0.00027671154641848876
INFO:cooler._balance:variance is 9.235869099466817e-05
INFO:cooler._balance:variance is 3.082717747694466e-05
INFO:cooler._balance:variance is 1.0289473781174194e-05
INFO:cooler._balance:variance is 3.4344288153929713e-06
INFO:cooler._balance:chr16
INFO:cooler._balance:variance is 44993438.86545591
INFO:cooler._balance:variance is 7052038.303362615
INFO:cooler._balance:variance is 1920747.3540730895
INFO:cooler._balance:variance is 818640.2020914021
INFO:cooler._balance:variance is 333859.634659299
INFO:cooler._balance:variance is 160882.06239945028
INFO:cooler._balance:variance is 74512.22926198874
INFO:cooler._balance:variance is 36830.53817813229
INFO:cooler._balance:variance is 17828.463510780508
INFO:cooler._balance:variance is 8856.504057351658
INFO:cooler._balance:variance is 4353.733917644511
INFO:cooler._balance:variance is 2163.550649384635
INFO:cooler._balance:variance is 1069.5399987456974
INFO:cooler._balance:variance is 531.2532508917634
INFO:cooler._balance:variance is 263.18843777339777
INFO:cooler._balance:variance is 130.67264236708567
INFO:cooler._balance:variance is 64.79360476861986
INFO:cooler._balance:variance is 32.16100585256861
INFO:cooler._balance:variance is 15.95298334192956
INFO:cooler._balance:variance is 7.917183826329762
INFO:cooler._balance:variance is 3.927870619749923
INFO:cooler._balance:variance is 1.9491668783243374
INFO:cooler._balance:variance is 0.9670966969790107
INFO:cooler._balance:variance is 0.479890837155366
INFO:cooler._balance:variance is 0.23811112039754387
INFO:cooler._balance:variance is 0.11815234677368855
INFO:cooler._balance:variance is 0.05862561986662086
INFO:cooler._balance:variance is 0.02909009324446934
INFO:cooler._balance:variance is 0.014434243953123397
INFO:cooler._balance:variance is 0.007162245236208384
INFO:cooler._balance:variance is 0.0035538573551392783
INFO:cooler._balance:variance is 0.0017634123439411445
INFO:cooler._balance:variance is 0.0008749950674538624
INFO:cooler._balance:variance is 0.0004341690479016095
INFO:cooler._balance:variance is 0.0002154324115456819
INFO:cooler._balance:variance is 0.00010689662251714183
INFO:cooler._balance:variance is 5.3041572717339166e-05
INFO:cooler._balance:variance is 2.631898747018897e-05
INFO:cooler._balance:variance is 1.3059354106320553e-05
INFO:cooler._balance:variance is 6.479991020982359e-06
INFO:cooler._balance:chr17
INFO:cooler._balance:variance is 56632325.08956504
INFO:cooler._balance:variance is 17748763.28139887
INFO:cooler._balance:variance is 5761022.673206921
INFO:cooler._balance:variance is 2456795.1288848664
INFO:cooler._balance:variance is 965571.7517853491
INFO:cooler._balance:variance is 409628.6257117365
INFO:cooler._balance:variance is 169362.14774143175
INFO:cooler._balance:variance is 71687.74330105733
INFO:cooler._balance:variance is 30085.58451781024
INFO:cooler._balance:variance is 12725.097498286856
INFO:cooler._balance:variance is 5365.965985832511
INFO:cooler._balance:variance is 2269.0302860348247
INFO:cooler._balance:variance is 958.3874344716261
INFO:cooler._balance:variance is 405.2230354822152
INFO:cooler._balance:variance is 171.25996888181774
INFO:cooler._balance:variance is 72.40920827976119
INFO:cooler._balance:variance is 30.60941692948576
INFO:cooler._balance:variance is 12.941564953664354
INFO:cooler._balance:variance is 5.471257438940185
INFO:cooler._balance:variance is 2.313216035195507
INFO:cooler._balance:variance is 0.9779850366618641
INFO:cooler._balance:variance is 0.413485267040745
INFO:cooler._balance:variance is 0.1748164961231714
INFO:cooler._balance:variance is 0.07391110311161081
INFO:cooler._balance:variance is 0.031248894416864462
INFO:cooler._balance:variance is 0.013211790318471153
INFO:cooler._balance:variance is 0.005585830014765269
INFO:cooler._balance:variance is 0.002361644985081375
INFO:cooler._balance:variance is 0.0009984839715845284
INFO:cooler._balance:variance is 0.0004221511150002394
INFO:cooler._balance:variance is 0.00017848207591834487
INFO:cooler._balance:variance is 7.546080377699583e-05
INFO:cooler._balance:variance is 3.1904222904784974e-05
INFO:cooler._balance:variance is 1.3488851648240122e-05
INFO:cooler._balance:variance is 5.702978766415146e-06
INFO:cooler._balance:chr18
INFO:cooler._balance:variance is 57649198.56089117
INFO:cooler._balance:variance is 9138061.299921038
INFO:cooler._balance:variance is 1739862.4314796373
INFO:cooler._balance:variance is 376188.71602852433
INFO:cooler._balance:variance is 80489.91518833183
INFO:cooler._balance:variance is 17785.757024171024
INFO:cooler._balance:variance is 3931.3255066601623
INFO:cooler._balance:variance is 877.457474076791
INFO:cooler._balance:variance is 196.20463145942804
INFO:cooler._balance:variance is 44.021774859935135
INFO:cooler._balance:variance is 9.889665862622156
INFO:cooler._balance:variance is 2.2247602012562604
INFO:cooler._balance:variance is 0.5008300780864637
INFO:cooler._balance:variance is 0.11281164005809255
INFO:cooler._balance:variance is 0.025419858270220308
INFO:cooler._balance:variance is 0.005729414689215768
INFO:cooler._balance:variance is 0.0012915894349788339
INFO:cooler._balance:variance is 0.0002912020967221456
INFO:cooler._balance:variance is 6.56602088555544e-05
INFO:cooler._balance:variance is 1.4805967277048766e-05
INFO:cooler._balance:variance is 3.33879467671198e-06
INFO:cooler._balance:chr20
INFO:cooler._balance:variance is 44025057.88363886
INFO:cooler._balance:variance is 6225281.190667162
INFO:cooler._balance:variance is 1532184.901109237
INFO:cooler._balance:variance is 444659.1206573487
INFO:cooler._balance:variance is 145512.72482588026
INFO:cooler._balance:variance is 53014.42525980284
INFO:cooler._balance:variance is 20845.62465904203
INFO:cooler._balance:variance is 8717.062985579938
INFO:cooler._balance:variance is 3774.051900260839
INFO:cooler._balance:variance is 1672.210204155228
INFO:cooler._balance:variance is 750.0875599393717
INFO:cooler._balance:variance is 338.89358969139414
INFO:cooler._balance:variance is 153.73329480330372
INFO:cooler._balance:variance is 69.8853614244417
INFO:cooler._balance:variance is 31.811250646653058
INFO:cooler._balance:variance is 14.48885935410298
INFO:cooler._balance:variance is 6.602097207036535
INFO:cooler._balance:variance is 3.008850813368891
INFO:cooler._balance:variance is 1.3714723254298284
INFO:cooler._balance:variance is 0.6251607951939423
INFO:cooler._balance:variance is 0.2849842092151801
INFO:cooler._balance:variance is 0.129913390892728
INFO:cooler._balance:variance is 0.05922377971150975
INFO:cooler._balance:variance is 0.0269984513099495
INFO:cooler._balance:variance is 0.012307931663472065
INFO:cooler._balance:variance is 0.0056108818843954925
INFO:cooler._balance:variance is 0.002557870532889777
INFO:cooler._balance:variance is 0.0011660731089573873
INFO:cooler._balance:variance is 0.0005315860348295539
INFO:cooler._balance:variance is 0.0002423378259128123
INFO:cooler._balance:variance is 0.00011047629090350506
INFO:cooler._balance:variance is 5.03636138203879e-05
INFO:cooler._balance:variance is 2.2959624689405816e-05
INFO:cooler._balance:variance is 1.0466769119205889e-05
INFO:cooler._balance:variance is 4.771561730310045e-06
INFO:cooler._balance:chrY
INFO:cooler._balance:variance is 28564825.099565312
INFO:cooler._balance:variance is 25058965.380814184
INFO:cooler._balance:variance is 16187049.907726042
INFO:cooler._balance:variance is 12219194.198079845
INFO:cooler._balance:variance is 6311359.044063702
INFO:cooler._balance:variance is 4065443.5298215537
INFO:cooler._balance:variance is 2109231.3519276474
INFO:cooler._balance:variance is 1255649.2751562123
INFO:cooler._balance:variance is 668912.5976725443
INFO:cooler._balance:variance is 383701.34859870933
INFO:cooler._balance:variance is 208145.8667673334
INFO:cooler._balance:variance is 117356.0397241227
INFO:cooler._balance:variance is 64313.17823951614
INFO:cooler._balance:variance is 35964.43232321512
INFO:cooler._balance:variance is 19816.54960525233
INFO:cooler._balance:variance is 11036.661819456294
INFO:cooler._balance:variance is 6098.780564721209
INFO:cooler._balance:variance is 3389.595159315413
INFO:cooler._balance:variance is 1875.9413068757406
INFO:cooler._balance:variance is 1041.469391450206
INFO:cooler._balance:variance is 576.8673032603256
INFO:cooler._balance:variance is 320.0709159115898
INFO:cooler._balance:variance is 177.36569131344254
INFO:cooler._balance:variance is 98.37843265986133
INFO:cooler._balance:variance is 54.529199417532254
INFO:cooler._balance:variance is 30.240053014133068
INFO:cooler._balance:variance is 16.76369614305583
INFO:cooler._balance:variance is 9.295672785106216
INFO:cooler._balance:variance is 5.153472629396938
INFO:cooler._balance:variance is 2.8575089112748633
INFO:cooler._balance:variance is 1.5842522786074333
INFO:cooler._balance:variance is 0.8784134765432758
INFO:cooler._balance:variance is 0.4870185023914006
INFO:cooler._balance:variance is 0.2700305646058178
INFO:cooler._balance:variance is 0.14971481346595336
INFO:cooler._balance:variance is 0.083009587187314
INFO:cooler._balance:variance is 0.046023864267540286
INFO:cooler._balance:variance is 0.0255178660010362
INFO:cooler._balance:variance is 0.01414818817616246
INFO:cooler._balance:variance is 0.007844420671111648
INFO:cooler._balance:variance is 0.0043492889735748915
INFO:cooler._balance:variance is 0.002411446509859131
INFO:cooler._balance:variance is 0.0013370126846768914
INFO:cooler._balance:variance is 0.000741300887831034
INFO:cooler._balance:variance is 0.0004110102904744474
INFO:cooler._balance:variance is 0.0002278827645289839
INFO:cooler._balance:variance is 0.00012634841846532034
INFO:cooler._balance:variance is 7.005328063221185e-05
INFO:cooler._balance:variance is 3.8840686309191546e-05
INFO:cooler._balance:variance is 2.1535030894897344e-05
INFO:cooler._balance:variance is 1.1939990019092377e-05
INFO:cooler._balance:variance is 6.620069245438517e-06
INFO:cooler._balance:chr19
INFO:cooler._balance:variance is 207176131.50651482
INFO:cooler._balance:variance is 78586742.61172052
INFO:cooler._balance:variance is 16482913.078952061
INFO:cooler._balance:variance is 5764876.397214151
INFO:cooler._balance:variance is 1607705.5613925843
INFO:cooler._balance:variance is 545869.6040292836
INFO:cooler._balance:variance is 175649.6134349547
INFO:cooler._balance:variance is 61045.32686141039
INFO:cooler._balance:variance is 21092.931265484596
INFO:cooler._balance:variance is 7514.782592385632
INFO:cooler._balance:variance is 2685.4099218457436
INFO:cooler._balance:variance is 971.5918093202075
INFO:cooler._balance:variance is 352.54560902028004
INFO:cooler._balance:variance is 128.57732633940205
INFO:cooler._balance:variance is 46.973551494597324
INFO:cooler._balance:variance is 17.197791302233973
INFO:cooler._balance:variance is 6.301882991323396
INFO:cooler._balance:variance is 2.311340171014481
INFO:cooler._balance:variance is 0.8480858869285428
INFO:cooler._balance:variance is 0.3113050263049619
INFO:cooler._balance:variance is 0.11429253771268788
INFO:cooler._balance:variance is 0.0419685059400975
INFO:cooler._balance:variance is 0.015412338272529833
INFO:cooler._balance:variance is 0.005660382841837296
INFO:cooler._balance:variance is 0.0020789357530877984
INFO:cooler._balance:variance is 0.0007635728360730914
INFO:cooler._balance:variance is 0.0002804581325977427
INFO:cooler._balance:variance is 0.00010301295053728199
INFO:cooler._balance:variance is 3.7837227549537356e-05
INFO:cooler._balance:variance is 1.3897911167558041e-05
INFO:cooler._balance:variance is 5.10483160518946e-06
INFO:cooler._balance:chr22
INFO:cooler._balance:variance is 42543120.0543787
INFO:cooler._balance:variance is 4147924.402017571
INFO:cooler._balance:variance is 617637.3447063987
INFO:cooler._balance:variance is 140366.27591491005
INFO:cooler._balance:variance is 42197.432594466496
INFO:cooler._balance:variance is 15223.237630762176
INFO:cooler._balance:variance is 6042.303894658459
INFO:cooler._balance:variance is 2469.18700052441
INFO:cooler._balance:variance is 1030.9442163412127
INFO:cooler._balance:variance is 431.63842833196384
INFO:cooler._balance:variance is 181.79143303110325
INFO:cooler._balance:variance is 76.54029778805989
INFO:cooler._balance:variance is 32.28878689031942
INFO:cooler._balance:variance is 13.61554964888478
INFO:cooler._balance:variance is 5.745449577357844
INFO:cooler._balance:variance is 2.423877690616437
INFO:cooler._balance:variance is 1.022854223267691
INFO:cooler._balance:variance is 0.4315856194759401
INFO:cooler._balance:variance is 0.1821235157830945
INFO:cooler._balance:variance is 0.07684972333414174
INFO:cooler._balance:variance is 0.03242926148965636
INFO:cooler._balance:variance is 0.013684272930615212
INFO:cooler._balance:variance is 0.005774494230253651
INFO:cooler._balance:variance is 0.0024366984919367164
INFO:cooler._balance:variance is 0.0010282358944863868
INFO:cooler._balance:variance is 0.0004338921998523463
INFO:cooler._balance:variance is 0.00018309320424025004
INFO:cooler._balance:variance is 7.726126295223516e-05
INFO:cooler._balance:variance is 3.2602576672206044e-05
INFO:cooler._balance:variance is 1.3757569161104407e-05
INFO:cooler._balance:variance is 5.8053941691592065e-06
INFO:cooler._balance:chr21
INFO:cooler._balance:variance is 35556701.888883814
INFO:cooler._balance:variance is 6408803.889076642
INFO:cooler._balance:variance is 2123122.759165122
INFO:cooler._balance:variance is 1031388.9237459367
INFO:cooler._balance:variance is 576724.1986117524
INFO:cooler._balance:variance is 358906.9697203675
INFO:cooler._balance:variance is 218678.5026662333
INFO:cooler._balance:variance is 140082.63509856077
INFO:cooler._balance:variance is 86870.53023336324
INFO:cooler._balance:variance is 55634.685758917745
INFO:cooler._balance:variance is 34767.991763088714
INFO:cooler._balance:variance is 22196.90789011468
INFO:cooler._balance:variance is 13936.130717482756
INFO:cooler._balance:variance is 8873.057073299204
INFO:cooler._balance:variance is 5587.383799363121
INFO:cooler._balance:variance is 3550.4352673531153
INFO:cooler._balance:variance is 2239.955507012094
INFO:cooler._balance:variance is 1421.4328801475197
INFO:cooler._balance:variance is 897.8603318868661
INFO:cooler._balance:variance is 569.2553771452764
INFO:cooler._balance:variance is 359.8514258584453
INFO:cooler._balance:variance is 228.01757160788853
INFO:cooler._balance:variance is 144.21027496523442
INFO:cooler._balance:variance is 91.34356342127718
INFO:cooler._balance:variance is 57.788328412854185
INFO:cooler._balance:variance is 36.59461847221947
INFO:cooler._balance:variance is 23.156050871389134
INFO:cooler._balance:variance is 14.661378912443606
INFO:cooler._balance:variance is 9.278461703410523
INFO:cooler._balance:variance is 5.874133612552253
INFO:cooler._balance:variance is 3.717740776338408
INFO:cooler._balance:variance is 2.353531226191874
INFO:cooler._balance:variance is 1.489624654403298
INFO:cooler._balance:variance is 0.9429759035142428
INFO:cooler._balance:variance is 0.5968581895427817
INFO:cooler._balance:variance is 0.37781922290887987
INFO:cooler._balance:variance is 0.23914608156201358
INFO:cooler._balance:variance is 0.15138027431361498
INFO:cooler._balance:variance is 0.09581951899194228
INFO:cooler._balance:variance is 0.06065346981886893
INFO:cooler._balance:variance is 0.03839227235257674
INFO:cooler._balance:variance is 0.024302039632152675
INFO:cooler._balance:variance is 0.01538271831496258
INFO:cooler._balance:variance is 0.009737113863289371
INFO:cooler._balance:variance is 0.006163423372439471
INFO:cooler._balance:variance is 0.0039013782350479126
INFO:cooler._balance:variance is 0.0024695094296957485
INFO:cooler._balance:variance is 0.001563169400370346
INFO:cooler._balance:variance is 0.0009894622596826063
INFO:cooler._balance:variance is 0.0006263169240376397
INFO:cooler._balance:variance is 0.00039644933028556273
INFO:cooler._balance:variance is 0.00025094718098158845
INFO:cooler._balance:variance is 0.0001588459278605967
INFO:cooler._balance:variance is 0.0001005473296834426
INFO:cooler._balance:variance is 6.364502284764644e-05
INFO:cooler._balance:variance is 4.028643051746785e-05
INFO:cooler._balance:variance is 2.5500740073141438e-05
INFO:cooler._balance:variance is 1.6141617676794417e-05
INFO:cooler._balance:variance is 1.0217416761361301e-05
INFO:cooler._balance:variance is 6.467483588792999e-06
INFO:cooler._balance:chrM
