INFO:cooler.cli.balance:Balancing "analysis_other/porec/T2T17.hp1/cooler/T2T17.hp1_1000_balanced.cool"
INFO:cooler._balance:chr1
INFO:cooler._balance:variance is 141445.28516782858
INFO:cooler._balance:variance is 365.81201741898235
INFO:cooler._balance:variance is 80.0641631591739
INFO:cooler._balance:variance is 33.01121647344197
INFO:cooler._balance:variance is 13.623483619980831
INFO:cooler._balance:variance is 6.501774211195781
INFO:cooler._balance:variance is 3.1247274268268317
INFO:cooler._balance:variance is 1.586701920907373
INFO:cooler._balance:variance is 0.806955678463407
INFO:cooler._balance:variance is 0.42000351453928725
INFO:cooler._balance:variance is 0.2182462635175081
INFO:cooler._balance:variance is 0.11459764122360053
INFO:cooler._balance:variance is 0.06005332007306952
INFO:cooler._balance:variance is 0.03162637990508973
INFO:cooler._balance:variance is 0.016630948387707043
INFO:cooler._balance:variance is 0.008766796696889253
INFO:cooler._balance:variance is 0.004616986846822481
INFO:cooler._balance:variance is 0.002434489327567051
INFO:cooler._balance:variance is 0.0012829817215903707
INFO:cooler._balance:variance is 0.0006765581372123398
INFO:cooler._balance:variance is 0.0003566626554134118
INFO:cooler._balance:variance is 0.0001880836695636662
INFO:cooler._balance:variance is 9.916823326340307e-05
INFO:cooler._balance:variance is 5.229590592795782e-05
INFO:cooler._balance:variance is 2.7575551981983734e-05
INFO:cooler._balance:variance is 1.4541842398415364e-05
INFO:cooler._balance:variance is 7.668212947896546e-06
INFO:cooler._balance:chr2
INFO:cooler._balance:variance is 7954.864204753354
INFO:cooler._balance:variance is 247.9869010614975
INFO:cooler._balance:variance is 51.85769544633563
INFO:cooler._balance:variance is 17.5753625623953
INFO:cooler._balance:variance is 5.610895759590994
INFO:cooler._balance:variance is 1.9477735046073403
INFO:cooler._balance:variance is 0.6577495847657083
INFO:cooler._balance:variance is 0.22882550176795677
INFO:cooler._balance:variance is 0.07909565459869303
INFO:cooler._balance:variance is 0.0277060391922714
INFO:cooler._balance:variance is 0.009721935846176566
INFO:cooler._balance:variance is 0.003440383859913646
INFO:cooler._balance:variance is 0.0012236447599194723
INFO:cooler._balance:variance is 0.00043845085525725017
INFO:cooler._balance:variance is 0.00015813661486624884
INFO:cooler._balance:variance is 5.745907034808057e-05
INFO:cooler._balance:variance is 2.1029066635865935e-05
INFO:cooler._balance:variance is 7.753898305295841e-06
INFO:cooler._balance:chr3
INFO:cooler._balance:variance is 5155.160779884982
INFO:cooler._balance:variance is 219.42313980630647
INFO:cooler._balance:variance is 54.731010435137534
INFO:cooler._balance:variance is 29.42917824478615
INFO:cooler._balance:variance is 11.45505055451068
INFO:cooler._balance:variance is 5.7892596939085585
INFO:cooler._balance:variance is 2.4784307864032256
INFO:cooler._balance:variance is 1.1989953908113418
INFO:cooler._balance:variance is 0.5367261128471327
INFO:cooler._balance:variance is 0.25451325686732007
INFO:cooler._balance:variance is 0.11645834594922883
INFO:cooler._balance:variance is 0.05475706699787722
INFO:cooler._balance:variance is 0.0253323575604085
INFO:cooler._balance:variance is 0.011871606486411918
INFO:cooler._balance:variance is 0.005523256936338275
INFO:cooler._balance:variance is 0.002585583842592169
INFO:cooler._balance:variance is 0.0012065331698276381
INFO:cooler._balance:variance is 0.0005647004139754006
INFO:cooler._balance:variance is 0.00026394100033309094
INFO:cooler._balance:variance is 0.00012354833314306236
INFO:cooler._balance:variance is 5.77999121177934e-05
INFO:cooler._balance:variance is 2.7060879479840857e-05
INFO:cooler._balance:variance is 1.266683364251314e-05
INFO:cooler._balance:variance is 5.931481415978218e-06
INFO:cooler._balance:chr4
INFO:cooler._balance:variance is 4461.086680969499
INFO:cooler._balance:variance is 275.97927764258066
INFO:cooler._balance:variance is 70.899733120549
INFO:cooler._balance:variance is 43.957379402416386
INFO:cooler._balance:variance is 16.726448324261337
INFO:cooler._balance:variance is 9.466541419937071
INFO:cooler._balance:variance is 4.088211915202032
INFO:cooler._balance:variance is 2.1562441120334364
INFO:cooler._balance:variance is 0.9919387715905662
INFO:cooler._balance:variance is 0.5036340531474138
INFO:cooler._balance:variance is 0.2390083473088238
INFO:cooler._balance:variance is 0.11903003102883387
INFO:cooler._balance:variance is 0.057350739824566094
INFO:cooler._balance:variance is 0.02828941393512173
INFO:cooler._balance:variance is 0.013731022298141701
INFO:cooler._balance:variance is 0.00674133426597779
INFO:cooler._balance:variance is 0.0032837913721337976
INFO:cooler._balance:variance is 0.0016084985729295695
INFO:cooler._balance:variance is 0.0007848804635202582
INFO:cooler._balance:variance is 0.00038402750277637414
INFO:cooler._balance:variance is 0.0001875476492661614
INFO:cooler._balance:variance is 9.17136342829167e-05
INFO:cooler._balance:variance is 4.4808657721551724e-05
INFO:cooler._balance:variance is 2.1906318290935563e-05
INFO:cooler._balance:variance is 1.070495496759483e-05
INFO:cooler._balance:variance is 5.232830824552811e-06
INFO:cooler._balance:chr5
INFO:cooler._balance:variance is 4397.1150616347995
INFO:cooler._balance:variance is 231.7137074159683
INFO:cooler._balance:variance is 52.098795512673135
INFO:cooler._balance:variance is 18.345327619812256
INFO:cooler._balance:variance is 5.716978370118856
INFO:cooler._balance:variance is 1.9667591377618405
INFO:cooler._balance:variance is 0.643512097379974
INFO:cooler._balance:variance is 0.21789660580991851
INFO:cooler._balance:variance is 0.07254456032665736
INFO:cooler._balance:variance is 0.024451861259034723
INFO:cooler._balance:variance is 0.008198663940119399
INFO:cooler._balance:variance is 0.002761826761931603
INFO:cooler._balance:variance is 0.0009290936465461389
INFO:cooler._balance:variance is 0.00031315749621040853
INFO:cooler._balance:variance is 0.00010553732498380572
INFO:cooler._balance:variance is 3.560034969303607e-05
INFO:cooler._balance:variance is 1.2011336629155468e-05
INFO:cooler._balance:variance is 4.054733542357365e-06
INFO:cooler._balance:chr6
INFO:cooler._balance:variance is 5150.101076503365
INFO:cooler._balance:variance is 197.2111503312784
INFO:cooler._balance:variance is 69.23575926573525
INFO:cooler._balance:variance is 42.3137394369792
INFO:cooler._balance:variance is 20.839192821140937
INFO:cooler._balance:variance is 12.828739498610014
INFO:cooler._balance:variance is 6.690740061798797
INFO:cooler._balance:variance is 4.023880737620713
INFO:cooler._balance:variance is 2.1747957083541927
INFO:cooler._balance:variance is 1.2840117193210372
INFO:cooler._balance:variance is 0.7097236520920378
INFO:cooler._balance:variance is 0.4138013173820414
INFO:cooler._balance:variance is 0.23187813838371282
INFO:cooler._balance:variance is 0.1341164356713513
INFO:cooler._balance:variance is 0.07576955205880134
INFO:cooler._balance:variance is 0.04360840487081157
INFO:cooler._balance:variance is 0.02475498377620121
INFO:cooler._balance:variance is 0.014205064620971677
INFO:cooler._balance:variance is 0.008086177858795637
INFO:cooler._balance:variance is 0.004631847401832652
INFO:cooler._balance:variance is 0.0026408929395398345
INFO:cooler._balance:variance is 0.0015111548019565103
INFO:cooler._balance:variance is 0.0008623933356457882
INFO:cooler._balance:variance is 0.0004931727179523648
INFO:cooler._balance:variance is 0.0002815946516608006
INFO:cooler._balance:variance is 0.0001609771816796657
INFO:cooler._balance:variance is 9.194338355122283e-05
INFO:cooler._balance:variance is 5.254983756635135e-05
INFO:cooler._balance:variance is 3.001941271089785e-05
INFO:cooler._balance:variance is 1.7155432815577338e-05
INFO:cooler._balance:variance is 9.801105573968414e-06
INFO:cooler._balance:chr7
INFO:cooler._balance:variance is 3291.2145419799385
INFO:cooler._balance:variance is 110.97608788634581
INFO:cooler._balance:variance is 23.77339234920118
INFO:cooler._balance:variance is 9.969268544104825
INFO:cooler._balance:variance is 3.7493969060975028
INFO:cooler._balance:variance is 1.6410345960151091
INFO:cooler._balance:variance is 0.6649917162720396
INFO:cooler._balance:variance is 0.28669200529057265
INFO:cooler._balance:variance is 0.11934262233034822
INFO:cooler._balance:variance is 0.05101343787447134
INFO:cooler._balance:variance is 0.02147556370218814
INFO:cooler._balance:variance is 0.009144635190018615
INFO:cooler._balance:variance is 0.003868510560269221
INFO:cooler._balance:variance is 0.0016446309806385478
INFO:cooler._balance:variance is 0.0006972465512266882
INFO:cooler._balance:variance is 0.0002962362707798316
INFO:cooler._balance:variance is 0.00012571448548416702
INFO:cooler._balance:variance is 5.340016454187981e-05
INFO:cooler._balance:variance is 2.2672203458226855e-05
INFO:cooler._balance:variance is 9.630050441889412e-06
INFO:cooler._balance:chrX
INFO:cooler._balance:chr9
INFO:cooler._balance:variance is 2381.6956417183505
INFO:cooler._balance:variance is 188.25835722201546
INFO:cooler._balance:variance is 39.805115270924205
INFO:cooler._balance:variance is 15.00807105660746
INFO:cooler._balance:variance is 6.216111939443661
INFO:cooler._balance:variance is 3.152710677556431
INFO:cooler._balance:variance is 1.6247847924679073
INFO:cooler._balance:variance is 0.9415114223925415
INFO:cooler._balance:variance is 0.5367726890444156
INFO:cooler._balance:variance is 0.3303582980430807
INFO:cooler._balance:variance is 0.19953940612163026
INFO:cooler._balance:variance is 0.12658122098763894
INFO:cooler._balance:variance is 0.07909320002378507
INFO:cooler._balance:variance is 0.050939510612626075
INFO:cooler._balance:variance is 0.03244405341383054
INFO:cooler._balance:variance is 0.02104618365617415
INFO:cooler._balance:variance is 0.013545577792274706
INFO:cooler._balance:variance is 0.00881509704535564
INFO:cooler._balance:variance is 0.0057056375193854205
INFO:cooler._balance:variance is 0.003717945274950328
INFO:cooler._balance:variance is 0.002413826604026914
INFO:cooler._balance:variance is 0.001573636539759747
INFO:cooler._balance:variance is 0.0010233677116145107
INFO:cooler._balance:variance is 0.0006672281423819259
INFO:cooler._balance:variance is 0.0004343134920527585
INFO:cooler._balance:variance is 0.00028316020469438136
INFO:cooler._balance:variance is 0.00018441153162740377
INFO:cooler._balance:variance is 0.00012022281741912088
INFO:cooler._balance:variance is 7.832013147443516e-05
INFO:cooler._balance:variance is 5.105545954334573e-05
INFO:cooler._balance:variance is 3.326636665132449e-05
INFO:cooler._balance:variance is 2.1684499452994222e-05
INFO:cooler._balance:variance is 1.4130527991921951e-05
INFO:cooler._balance:variance is 9.210511184757362e-06
INFO:cooler._balance:chr8
INFO:cooler._balance:variance is 3854.8321117321816
INFO:cooler._balance:variance is 221.6691195869309
INFO:cooler._balance:variance is 46.71863473452669
INFO:cooler._balance:variance is 34.840096212442546
INFO:cooler._balance:variance is 11.992850582085154
INFO:cooler._balance:variance is 7.851270688587432
INFO:cooler._balance:variance is 3.242333201763713
INFO:cooler._balance:variance is 1.89949399138703
INFO:cooler._balance:variance is 0.8671869520740215
INFO:cooler._balance:variance is 0.4763181217315836
INFO:cooler._balance:variance is 0.22946912747006565
INFO:cooler._balance:variance is 0.12171895168705742
INFO:cooler._balance:variance is 0.060318641975749605
INFO:cooler._balance:variance is 0.031414144933187275
INFO:cooler._balance:variance is 0.015797520963761046
INFO:cooler._balance:variance is 0.008149703195101046
INFO:cooler._balance:variance is 0.004129470213213151
INFO:cooler._balance:variance is 0.0021199776045142888
INFO:cooler._balance:variance is 0.0010783924791034234
INFO:cooler._balance:variance is 0.0005522460045175862
INFO:cooler._balance:variance is 0.00028148070541339807
INFO:cooler._balance:variance is 0.00014396390119144855
INFO:cooler._balance:variance is 7.345427535385085e-05
INFO:cooler._balance:variance is 3.754413705988598e-05
INFO:cooler._balance:variance is 1.9166183102889238e-05
INFO:cooler._balance:variance is 9.793065397748488e-06
INFO:cooler._balance:chr11
INFO:cooler._balance:variance is 4012.942605893413
INFO:cooler._balance:variance is 290.39917946609523
INFO:cooler._balance:variance is 103.70381621865442
INFO:cooler._balance:variance is 71.84621868652145
INFO:cooler._balance:variance is 35.005068396160596
INFO:cooler._balance:variance is 23.32378234777403
INFO:cooler._balance:variance is 12.220740543905988
INFO:cooler._balance:variance is 7.78923613276161
INFO:cooler._balance:variance is 4.264077630696766
INFO:cooler._balance:variance is 2.6364812987771735
INFO:cooler._balance:variance is 1.4835284361761578
INFO:cooler._balance:variance is 0.8993650196386878
INFO:cooler._balance:variance is 0.5147662980717354
INFO:cooler._balance:variance is 0.3082220116544595
INFO:cooler._balance:variance is 0.17826185389546062
INFO:cooler._balance:variance is 0.10592327736007366
INFO:cooler._balance:variance is 0.06164724906072441
INFO:cooler._balance:variance is 0.03646103174013636
INFO:cooler._balance:variance is 0.021300149698127435
INFO:cooler._balance:variance is 0.012562730312566368
INFO:cooler._balance:variance is 0.007355422967320033
INFO:cooler._balance:variance is 0.004330956739365162
INFO:cooler._balance:variance is 0.0025391111811796266
INFO:cooler._balance:variance is 0.0014935741298065697
INFO:cooler._balance:variance is 0.0008763219831312463
INFO:cooler._balance:variance is 0.0005151732897108934
INFO:cooler._balance:variance is 0.0003024057667320798
INFO:cooler._balance:variance is 0.00017771689969640442
INFO:cooler._balance:variance is 0.00010434774323847594
INFO:cooler._balance:variance is 6.13101872194568e-05
INFO:cooler._balance:variance is 3.600444627437511e-05
INFO:cooler._balance:variance is 2.1152086937806374e-05
INFO:cooler._balance:variance is 1.2422739220145864e-05
INFO:cooler._balance:variance is 7.297658671357844e-06
INFO:cooler._balance:chr10
INFO:cooler._balance:variance is 3365.3448189497662
INFO:cooler._balance:variance is 115.654967766145
INFO:cooler._balance:variance is 22.18494009738636
INFO:cooler._balance:variance is 7.036281971735136
INFO:cooler._balance:variance is 2.428187489030381
INFO:cooler._balance:variance is 0.8988859166857384
INFO:cooler._balance:variance is 0.3389920563803428
INFO:cooler._balance:variance is 0.13133582878848843
INFO:cooler._balance:variance is 0.05131832108551392
INFO:cooler._balance:variance is 0.02031757355985471
INFO:cooler._balance:variance is 0.008087561500313494
INFO:cooler._balance:variance is 0.003244067781625743
INFO:cooler._balance:variance is 0.001306734895170674
INFO:cooler._balance:variance is 0.0005291115581944092
INFO:cooler._balance:variance is 0.00021501325761311897
INFO:cooler._balance:variance is 8.772181560206906e-05
INFO:cooler._balance:variance is 3.590225702502214e-05
INFO:cooler._balance:variance is 1.4741563344288109e-05
INFO:cooler._balance:variance is 6.069828085028568e-06
INFO:cooler._balance:chr12
INFO:cooler._balance:variance is 3268.242575151433
INFO:cooler._balance:variance is 164.9383682617523
INFO:cooler._balance:variance is 49.724698512226205
INFO:cooler._balance:variance is 25.04993828897461
INFO:cooler._balance:variance is 11.042682448792403
INFO:cooler._balance:variance is 5.589782696269505
INFO:cooler._balance:variance is 2.5969769520502815
INFO:cooler._balance:variance is 1.2923105544805324
INFO:cooler._balance:variance is 0.6149212981847377
INFO:cooler._balance:variance is 0.3028933447512051
INFO:cooler._balance:variance is 0.14584646241909505
INFO:cooler._balance:variance is 0.07145077936533814
INFO:cooler._balance:variance is 0.034608803813222434
INFO:cooler._balance:variance is 0.01690797687633678
INFO:cooler._balance:variance is 0.008213979915252745
INFO:cooler._balance:variance is 0.004007342809777793
INFO:cooler._balance:variance is 0.001949649678753174
INFO:cooler._balance:variance is 0.0009505253720111205
INFO:cooler._balance:variance is 0.0004627872607879134
INFO:cooler._balance:variance is 0.00022555127359713447
INFO:cooler._balance:variance is 0.00010985537994631563
INFO:cooler._balance:variance is 5.353240150638982e-05
INFO:cooler._balance:variance is 2.607786229275828e-05
INFO:cooler._balance:variance is 1.2706767274277405e-05
INFO:cooler._balance:variance is 6.190562707055582e-06
INFO:cooler._balance:chr13
INFO:cooler._balance:variance is 2865.1544000564204
INFO:cooler._balance:variance is 148.12581771609172
INFO:cooler._balance:variance is 28.258615327628217
INFO:cooler._balance:variance is 12.35527905020425
INFO:cooler._balance:variance is 4.059052977212994
INFO:cooler._balance:variance is 1.7449844560573193
INFO:cooler._balance:variance is 0.643194819680764
INFO:cooler._balance:variance is 0.26466576950875725
INFO:cooler._balance:variance is 0.1018786976202612
INFO:cooler._balance:variance is 0.041033489637550886
INFO:cooler._balance:variance is 0.016075257540434755
INFO:cooler._balance:variance is 0.0064158156859584325
INFO:cooler._balance:variance is 0.0025319055333480993
INFO:cooler._balance:variance is 0.001006856862481305
INFO:cooler._balance:variance is 0.0003985971290673245
INFO:cooler._balance:variance is 0.00015830331950063923
INFO:cooler._balance:variance is 6.276170938182115e-05
INFO:cooler._balance:variance is 2.4917437037806385e-05
INFO:cooler._balance:variance is 9.886657774449875e-06
INFO:cooler._balance:chr14
INFO:cooler._balance:variance is 2272.1765339219037
INFO:cooler._balance:variance is 133.99661388248953
INFO:cooler._balance:variance is 24.314368616902765
INFO:cooler._balance:variance is 8.259071479753745
INFO:cooler._balance:variance is 2.5960688834191568
INFO:cooler._balance:variance is 0.9837825460758333
INFO:cooler._balance:variance is 0.356574994743679
INFO:cooler._balance:variance is 0.14079381778821262
INFO:cooler._balance:variance is 0.05453414540680965
INFO:cooler._balance:variance is 0.022025641884828837
INFO:cooler._balance:variance is 0.008857836252125382
INFO:cooler._balance:variance is 0.003646247586278375
INFO:cooler._balance:variance is 0.0015077656757117378
INFO:cooler._balance:variance is 0.0006341154772572581
INFO:cooler._balance:variance is 0.0002694287206004097
INFO:cooler._balance:variance is 0.00011632596985305303
INFO:cooler._balance:variance is 5.0940897662991035e-05
INFO:cooler._balance:variance is 2.268792160227071e-05
INFO:cooler._balance:variance is 1.0272071469307554e-05
INFO:cooler._balance:variance is 4.73171854726957e-06
INFO:cooler._balance:chr15
INFO:cooler._balance:variance is 2231.7589180010555
INFO:cooler._balance:variance is 124.58714825550567
INFO:cooler._balance:variance is 26.349066476668163
INFO:cooler._balance:variance is 10.140579483346933
INFO:cooler._balance:variance is 3.8532781655038177
INFO:cooler._balance:variance is 1.66546613943988
INFO:cooler._balance:variance is 0.7193258809680647
INFO:cooler._balance:variance is 0.32429703329559517
INFO:cooler._balance:variance is 0.14721225026570456
INFO:cooler._balance:variance is 0.06788583890687815
INFO:cooler._balance:variance is 0.03149970123978581
INFO:cooler._balance:variance is 0.014706626016223596
INFO:cooler._balance:variance is 0.006894252377087447
INFO:cooler._balance:variance is 0.003240347565353198
INFO:cooler._balance:variance is 0.0015266137201520803
INFO:cooler._balance:variance is 0.0007200800491813103
INFO:cooler._balance:variance is 0.0003400986179535556
INFO:cooler._balance:variance is 0.00016072334120665336
INFO:cooler._balance:variance is 7.60084597283196e-05
INFO:cooler._balance:variance is 3.5956133749443046e-05
INFO:cooler._balance:variance is 1.7015649082394006e-05
INFO:cooler._balance:variance is 8.053637281247668e-06
INFO:cooler._balance:chr16
INFO:cooler._balance:variance is 10168.676768221772
INFO:cooler._balance:variance is 112.11395025843426
INFO:cooler._balance:variance is 22.478437750718108
INFO:cooler._balance:variance is 10.115481759304425
INFO:cooler._balance:variance is 4.0779222242703455
INFO:cooler._balance:variance is 2.2033311156783455
INFO:cooler._balance:variance is 1.0917985816924676
INFO:cooler._balance:variance is 0.6300055920856631
INFO:cooler._balance:variance is 0.34821727410683484
INFO:cooler._balance:variance is 0.2084718499933959
INFO:cooler._balance:variance is 0.1219308698169621
INFO:cooler._balance:variance is 0.07437899116630127
INFO:cooler._balance:variance is 0.0447327687327982
INFO:cooler._balance:variance is 0.027518163892912482
INFO:cooler._balance:variance is 0.01677512496974982
INFO:cooler._balance:variance is 0.01035462427176765
INFO:cooler._balance:variance is 0.006354024753042743
INFO:cooler._balance:variance is 0.003926792518097713
INFO:cooler._balance:variance is 0.0024175914683899537
INFO:cooler._balance:variance is 0.0014945474942479886
INFO:cooler._balance:variance is 0.000921693977752881
INFO:cooler._balance:variance is 0.000569788997451244
INFO:cooler._balance:variance is 0.00035170298842544123
INFO:cooler._balance:variance is 0.000217402717329694
INFO:cooler._balance:variance is 0.00013425632705015882
INFO:cooler._balance:variance is 8.298167979178986e-05
INFO:cooler._balance:variance is 5.1258616502827876e-05
INFO:cooler._balance:variance is 3.1679665450081316e-05
INFO:cooler._balance:variance is 1.9571769158566878e-05
INFO:cooler._balance:variance is 1.2095370523575892e-05
INFO:cooler._balance:variance is 7.473188515838145e-06
INFO:cooler._balance:chr17
INFO:cooler._balance:variance is 2364.88607160552
INFO:cooler._balance:variance is 221.3021949364631
INFO:cooler._balance:variance is 82.46264539280347
INFO:cooler._balance:variance is 47.28086234361631
INFO:cooler._balance:variance is 24.458388656109125
INFO:cooler._balance:variance is 13.94459945665545
INFO:cooler._balance:variance is 7.581639547941542
INFO:cooler._balance:variance is 4.273855850616681
INFO:cooler._balance:variance is 2.3630784636862323
INFO:cooler._balance:variance is 1.3256320990315011
INFO:cooler._balance:variance is 0.7377133849510717
INFO:cooler._balance:variance is 0.4130242119598191
INFO:cooler._balance:variance is 0.23045090560784606
INFO:cooler._balance:variance is 0.1289188345021614
INFO:cooler._balance:variance is 0.07201119380571241
INFO:cooler._balance:variance is 0.040270990333628215
INFO:cooler._balance:variance is 0.022505407226115548
INFO:cooler._balance:variance is 0.012583957286456662
INFO:cooler._balance:variance is 0.00703409018656667
INFO:cooler._balance:variance is 0.003932886963717693
INFO:cooler._balance:variance is 0.0021986072060954293
INFO:cooler._balance:variance is 0.001229247719200645
INFO:cooler._balance:variance is 0.0006872233369760031
INFO:cooler._balance:variance is 0.0003842239869125521
INFO:cooler._balance:variance is 0.00021480988514454864
INFO:cooler._balance:variance is 0.00012009877009524779
INFO:cooler._balance:variance is 6.714508694029399e-05
INFO:cooler._balance:variance is 3.754028404298367e-05
INFO:cooler._balance:variance is 2.098825740842892e-05
INFO:cooler._balance:variance is 1.1734356731390905e-05
INFO:cooler._balance:variance is 6.560543646348846e-06
INFO:cooler._balance:chr18
INFO:cooler._balance:variance is 1897.980499883845
INFO:cooler._balance:variance is 64.23139403857635
INFO:cooler._balance:variance is 11.116302162384871
INFO:cooler._balance:variance is 3.3393929974861316
INFO:cooler._balance:variance is 1.0739898662962557
INFO:cooler._balance:variance is 0.36564367193237624
INFO:cooler._balance:variance is 0.12448603217077839
INFO:cooler._balance:variance is 0.04312390307400021
INFO:cooler._balance:variance is 0.014932903986312397
INFO:cooler._balance:variance is 0.005205931751360058
INFO:cooler._balance:variance is 0.0018151834150899775
INFO:cooler._balance:variance is 0.0006346403519196483
INFO:cooler._balance:variance is 0.00022194484277967443
INFO:cooler._balance:variance is 7.770573073407003e-05
INFO:cooler._balance:variance is 2.7211140902687366e-05
INFO:cooler._balance:variance is 9.53341818878784e-06
INFO:cooler._balance:chr20
INFO:cooler._balance:variance is 1911.3725477240544
INFO:cooler._balance:variance is 56.300008101862936
INFO:cooler._balance:variance is 11.250199944575256
INFO:cooler._balance:variance is 3.732233707546052
INFO:cooler._balance:variance is 1.4453776130570677
INFO:cooler._balance:variance is 0.5981445164156771
INFO:cooler._balance:variance is 0.2613233477049256
INFO:cooler._balance:variance is 0.11707503848789136
INFO:cooler._balance:variance is 0.054153003271503394
INFO:cooler._balance:variance is 0.025663783739328948
INFO:cooler._balance:variance is 0.012502661913039123
INFO:cooler._balance:variance is 0.006260023479307725
INFO:cooler._balance:variance is 0.003220454885025267
INFO:cooler._balance:variance is 0.0017022585682614345
INFO:cooler._balance:variance is 0.000921830916033667
INFO:cooler._balance:variance is 0.0005105079465153715
INFO:cooler._balance:variance is 0.0002880098556442389
INFO:cooler._balance:variance is 0.00016506954244272786
INFO:cooler._balance:variance is 9.57904902663785e-05
INFO:cooler._balance:variance is 5.614136688312979e-05
INFO:cooler._balance:variance is 3.3154531161963535e-05
INFO:cooler._balance:variance is 1.969326845138088e-05
INFO:cooler._balance:variance is 1.174907026683698e-05
INFO:cooler._balance:variance is 7.032341870619076e-06
INFO:cooler._balance:chrY
INFO:cooler._balance:chr19
INFO:cooler._balance:variance is 2644.3856679569258
INFO:cooler._balance:variance is 327.05787066508213
INFO:cooler._balance:variance is 110.68025805648894
INFO:cooler._balance:variance is 76.48534937433512
INFO:cooler._balance:variance is 35.153935481115305
INFO:cooler._balance:variance is 22.357113263989287
INFO:cooler._balance:variance is 11.47463728970358
INFO:cooler._balance:variance is 6.942966547915425
INFO:cooler._balance:variance is 3.769788175154745
INFO:cooler._balance:variance is 2.225859929802465
INFO:cooler._balance:variance is 1.2438130214580472
INFO:cooler._balance:variance is 0.7257639151281906
INFO:cooler._balance:variance is 0.41160540918595495
INFO:cooler._balance:variance is 0.23878663736983252
INFO:cooler._balance:variance is 0.1364734712623816
INFO:cooler._balance:variance is 0.0789453710173767
INFO:cooler._balance:variance is 0.045304086160148443
INFO:cooler._balance:variance is 0.026168484659265887
INFO:cooler._balance:variance is 0.015050076243472895
INFO:cooler._balance:variance is 0.008686549447514439
INFO:cooler._balance:variance is 0.00500175002791044
INFO:cooler._balance:variance is 0.002885711827732026
INFO:cooler._balance:variance is 0.0016626827310785401
INFO:cooler._balance:variance is 0.0009590550784556191
INFO:cooler._balance:variance is 0.0005527841395862454
INFO:cooler._balance:variance is 0.00031881301736524237
INFO:cooler._balance:variance is 0.00018379539166157025
INFO:cooler._balance:variance is 0.00010599488093568013
INFO:cooler._balance:variance is 6.11127580953335e-05
INFO:cooler._balance:variance is 3.524236013436668e-05
INFO:cooler._balance:variance is 2.032072480216437e-05
INFO:cooler._balance:variance is 1.171824159056291e-05
INFO:cooler._balance:variance is 6.7569703296126e-06
INFO:cooler._balance:chr22
INFO:cooler._balance:variance is 1807.8494840225678
INFO:cooler._balance:variance is 485.8755229890377
INFO:cooler._balance:variance is 83.63067070423864
INFO:cooler._balance:variance is 61.862715317017205
INFO:cooler._balance:variance is 20.770449278058734
INFO:cooler._balance:variance is 12.504221123771812
INFO:cooler._balance:variance is 5.631788710265056
INFO:cooler._balance:variance is 3.177108907611437
INFO:cooler._balance:variance is 1.6513206025435998
INFO:cooler._balance:variance is 0.9275652341919698
INFO:cooler._balance:variance is 0.5163047481487002
INFO:cooler._balance:variance is 0.29366720900674365
INFO:cooler._balance:variance is 0.16879283724922706
INFO:cooler._balance:variance is 0.09728399329142434
INFO:cooler._balance:variance is 0.056760055345545374
INFO:cooler._balance:variance is 0.03303709583474861
INFO:cooler._balance:variance is 0.01941222514325915
INFO:cooler._balance:variance is 0.011372133576204653
INFO:cooler._balance:variance is 0.00670499671080756
INFO:cooler._balance:variance is 0.003943740714925118
INFO:cooler._balance:variance is 0.002329161438755018
INFO:cooler._balance:variance is 0.001373288403750542
INFO:cooler._balance:variance is 0.000811757819267412
INFO:cooler._balance:variance is 0.0004793086169277967
INFO:cooler._balance:variance is 0.00028344882087647167
INFO:cooler._balance:variance is 0.00016750742967819283
INFO:cooler._balance:variance is 9.908259129534279e-05
INFO:cooler._balance:variance is 5.85835228261112e-05
INFO:cooler._balance:variance is 3.465735038701436e-05
INFO:cooler._balance:variance is 2.049757463860847e-05
INFO:cooler._balance:variance is 1.2127011207442947e-05
INFO:cooler._balance:variance is 7.173597912406062e-06
INFO:cooler._balance:chr21
INFO:cooler._balance:variance is 1687.1041163172968
INFO:cooler._balance:variance is 164.85131612240937
INFO:cooler._balance:variance is 31.822162518060168
INFO:cooler._balance:variance is 10.773548668935769
INFO:cooler._balance:variance is 3.654406707722563
INFO:cooler._balance:variance is 1.5067792001133584
INFO:cooler._balance:variance is 0.7251422624719067
INFO:cooler._balance:variance is 0.3951933521130378
INFO:cooler._balance:variance is 0.2473683348393832
INFO:cooler._balance:variance is 0.1617889564678756
INFO:cooler._balance:variance is 0.11287511140268602
INFO:cooler._balance:variance is 0.07885931518765231
INFO:cooler._balance:variance is 0.056676503194342136
INFO:cooler._balance:variance is 0.040384608574279134
INFO:cooler._balance:variance is 0.02921082462164917
INFO:cooler._balance:variance is 0.020945099614624388
INFO:cooler._balance:variance is 0.015160201221676158
INFO:cooler._balance:variance is 0.010897127498303157
INFO:cooler._balance:variance is 0.007883323307478114
INFO:cooler._balance:variance is 0.005673559639456043
INFO:cooler._balance:variance is 0.004101821885688056
INFO:cooler._balance:variance is 0.0029542829237438634
INFO:cooler._balance:variance is 0.002134733924512218
INFO:cooler._balance:variance is 0.001538299222618498
INFO:cooler._balance:variance is 0.0011111136720495108
INFO:cooler._balance:variance is 0.0008009613693724956
INFO:cooler._balance:variance is 0.0005783639361843067
INFO:cooler._balance:variance is 0.0004170286124315161
INFO:cooler._balance:variance is 0.0003010663973804072
INFO:cooler._balance:variance is 0.00021712368944489576
INFO:cooler._balance:variance is 0.00015672420929140337
INFO:cooler._balance:variance is 0.00011304175631891067
INFO:cooler._balance:variance is 8.158661188252829e-05
INFO:cooler._balance:variance is 5.8852304825809524e-05
INFO:cooler._balance:variance is 4.2472531643772763e-05
INFO:cooler._balance:variance is 3.0639584453921446e-05
INFO:cooler._balance:variance is 2.2110675972637562e-05
INFO:cooler._balance:variance is 1.5951388718245093e-05
INFO:cooler._balance:variance is 1.1510633176663808e-05
INFO:cooler._balance:variance is 8.304459916548066e-06
INFO:cooler._balance:chrM
