INFO:cooler.cli.balance:Balancing "analysis_other/porec/T2T08.hp1/cooler/T2T08.hp1_100000_balanced.cool"
INFO:cooler._balance:chr1
INFO:cooler._balance:variance is 23862172.459393688
INFO:cooler._balance:variance is 264692.31150880095
INFO:cooler._balance:variance is 66316.95011407258
INFO:cooler._balance:variance is 23330.895162564702
INFO:cooler._balance:variance is 8534.83180791636
INFO:cooler._balance:variance is 3324.143157409083
INFO:cooler._balance:variance is 1292.5018700111177
INFO:cooler._balance:variance is 510.1390761347304
INFO:cooler._balance:variance is 200.54096158355304
INFO:cooler._balance:variance is 79.19996808090892
INFO:cooler._balance:variance is 31.212693341019495
INFO:cooler._balance:variance is 12.321165320326537
INFO:cooler._balance:variance is 4.859327136364934
INFO:cooler._balance:variance is 1.9176576601348614
INFO:cooler._balance:variance is 0.7564919852027073
INFO:cooler._balance:variance is 0.29849886390707986
INFO:cooler._balance:variance is 0.11776504474741778
INFO:cooler._balance:variance is 0.04646557735927767
INFO:cooler._balance:variance is 0.01833245554894169
INFO:cooler._balance:variance is 0.007233128280237407
INFO:cooler._balance:variance is 0.0028537870222596073
INFO:cooler._balance:variance is 0.001125960991740267
INFO:cooler._balance:variance is 0.00044424354735001306
INFO:cooler._balance:variance is 0.00017527558847040702
INFO:cooler._balance:variance is 6.915445441207967e-05
INFO:cooler._balance:variance is 2.728474376849452e-05
INFO:cooler._balance:variance is 1.0765122506519622e-05
INFO:cooler._balance:variance is 4.2473540651053e-06
INFO:cooler._balance:chr2
INFO:cooler._balance:variance is 2143367.966599287
INFO:cooler._balance:variance is 262590.3029541314
INFO:cooler._balance:variance is 45856.43453209657
INFO:cooler._balance:variance is 9296.9705860611
INFO:cooler._balance:variance is 1879.7717560932097
INFO:cooler._balance:variance is 398.94000591395826
INFO:cooler._balance:variance is 87.21236357834822
INFO:cooler._balance:variance is 19.854265505615206
INFO:cooler._balance:variance is 4.691862054195007
INFO:cooler._balance:variance is 1.1495926517441661
INFO:cooler._balance:variance is 0.29061913804814
INFO:cooler._balance:variance is 0.0753936664442329
INFO:cooler._balance:variance is 0.01995817137580604
INFO:cooler._balance:variance is 0.005364123299951516
INFO:cooler._balance:variance is 0.0014577447887755464
INFO:cooler._balance:variance is 0.00039928655114345856
INFO:cooler._balance:variance is 0.00010997311316801202
INFO:cooler._balance:variance is 3.0405331998778693e-05
INFO:cooler._balance:variance is 8.428604735070901e-06
INFO:cooler._balance:chr3
INFO:cooler._balance:variance is 1558451.886273125
INFO:cooler._balance:variance is 195305.92812477637
INFO:cooler._balance:variance is 30228.34009410229
INFO:cooler._balance:variance is 6134.176057989638
INFO:cooler._balance:variance is 1282.424759360711
INFO:cooler._balance:variance is 299.71790209979207
INFO:cooler._balance:variance is 75.30365847945195
INFO:cooler._balance:variance is 20.227079161439626
INFO:cooler._balance:variance is 5.677701242918163
INFO:cooler._balance:variance is 1.6415620691983415
INFO:cooler._balance:variance is 0.4830623209855624
INFO:cooler._balance:variance is 0.14365746550650846
INFO:cooler._balance:variance is 0.042979176345291574
INFO:cooler._balance:variance is 0.012902804423981347
INFO:cooler._balance:variance is 0.0038810337924705257
INFO:cooler._balance:variance is 0.0011686527114418753
INFO:cooler._balance:variance is 0.0003521177313724178
INFO:cooler._balance:variance is 0.00010613034932080735
INFO:cooler._balance:variance is 3.199442579421571e-05
INFO:cooler._balance:variance is 9.646191039559596e-06
INFO:cooler._balance:chr4
INFO:cooler._balance:variance is 1631774.511095015
INFO:cooler._balance:variance is 211069.15348063706
INFO:cooler._balance:variance is 39918.415880408
INFO:cooler._balance:variance is 9679.02772377881
INFO:cooler._balance:variance is 2439.924638790525
INFO:cooler._balance:variance is 658.8718255687179
INFO:cooler._balance:variance is 181.17208403636715
INFO:cooler._balance:variance is 50.95721411344842
INFO:cooler._balance:variance is 14.448531383147882
INFO:cooler._balance:variance is 4.129488624166935
INFO:cooler._balance:variance is 1.1842940522849263
INFO:cooler._balance:variance is 0.34062539796514507
INFO:cooler._balance:variance is 0.09810767879146409
INFO:cooler._balance:variance is 0.028287352016038866
INFO:cooler._balance:variance is 0.008160627303786397
INFO:cooler._balance:variance is 0.002355199723297994
INFO:cooler._balance:variance is 0.0006798712947287393
INFO:cooler._balance:variance is 0.00019628660316037792
INFO:cooler._balance:variance is 5.66749842565392e-05
INFO:cooler._balance:variance is 1.6365025610647392e-05
INFO:cooler._balance:variance is 4.725591552295141e-06
INFO:cooler._balance:chr5
INFO:cooler._balance:variance is 1609680.9307122033
INFO:cooler._balance:variance is 177894.26864334237
INFO:cooler._balance:variance is 26270.890864977457
INFO:cooler._balance:variance is 4272.831325998378
INFO:cooler._balance:variance is 703.4634748178337
INFO:cooler._balance:variance is 119.56094785704325
INFO:cooler._balance:variance is 20.85426378977154
INFO:cooler._balance:variance is 3.758136011570518
INFO:cooler._balance:variance is 0.7027196312424643
INFO:cooler._balance:variance is 0.13726034687640246
INFO:cooler._balance:variance is 0.02814486124209867
INFO:cooler._balance:variance is 0.006074396135196653
INFO:cooler._balance:variance is 0.00137789429824807
INFO:cooler._balance:variance is 0.0003268184554071992
INFO:cooler._balance:variance is 8.043926113664832e-05
INFO:cooler._balance:variance is 2.0375994806723344e-05
INFO:cooler._balance:variance is 5.272076161618883e-06
INFO:cooler._balance:chr6
INFO:cooler._balance:variance is 1926368.2891096429
INFO:cooler._balance:variance is 572484.9633664396
INFO:cooler._balance:variance is 187112.81568839948
INFO:cooler._balance:variance is 86342.85246456014
INFO:cooler._balance:variance is 31813.44755787461
INFO:cooler._balance:variance is 13670.214859652518
INFO:cooler._balance:variance is 5314.894551931068
INFO:cooler._balance:variance is 2208.6257818225436
INFO:cooler._balance:variance is 879.4939685622238
INFO:cooler._balance:variance is 360.1954837832988
INFO:cooler._balance:variance is 144.91161881524656
INFO:cooler._balance:variance is 58.984042078152214
INFO:cooler._balance:variance is 23.832372189826707
INFO:cooler._balance:variance is 9.675771076312426
INFO:cooler._balance:variance is 3.916440987381229
INFO:cooler._balance:variance is 1.5883683974492144
INFO:cooler._balance:variance is 0.6433908773748506
INFO:cooler._balance:variance is 0.2608235027938391
INFO:cooler._balance:variance is 0.1056818134792501
INFO:cooler._balance:variance is 0.042834674450354056
INFO:cooler._balance:variance is 0.01735809030728142
INFO:cooler._balance:variance is 0.007035030555757941
INFO:cooler._balance:variance is 0.0028509788749542637
INFO:cooler._balance:variance is 0.0011554346397458376
INFO:cooler._balance:variance is 0.00046825470203984025
INFO:cooler._balance:variance is 0.0001897703655229329
INFO:cooler._balance:variance is 7.690750309387881e-05
INFO:cooler._balance:variance is 3.11682827928312e-05
INFO:cooler._balance:variance is 1.263149154216716e-05
INFO:cooler._balance:variance is 5.119151177605326e-06
INFO:cooler._balance:chr7
INFO:cooler._balance:variance is 1272640.6419986058
INFO:cooler._balance:variance is 169562.36692780338
INFO:cooler._balance:variance is 33688.64799478869
INFO:cooler._balance:variance is 7903.831530111476
INFO:cooler._balance:variance is 1749.8212357717143
INFO:cooler._balance:variance is 401.0221218467664
INFO:cooler._balance:variance is 90.69110362472304
INFO:cooler._balance:variance is 20.68911361831365
INFO:cooler._balance:variance is 4.710105608612749
INFO:cooler._balance:variance is 1.0755952546845862
INFO:cooler._balance:variance is 0.24580314308312912
INFO:cooler._balance:variance is 0.05628425585010403
INFO:cooler._balance:variance is 0.012908214483196222
INFO:cooler._balance:variance is 0.002966131002038005
INFO:cooler._balance:variance is 0.0006829121507998565
INFO:cooler._balance:variance is 0.0001575693923238132
INFO:cooler._balance:variance is 3.64382754138398e-05
INFO:cooler._balance:variance is 8.446656146087287e-06
INFO:cooler._balance:chrX
INFO:cooler._balance:variance is 1687011.6214832275
INFO:cooler._balance:variance is 78167.18014712808
INFO:cooler._balance:variance is 8481.117242696506
INFO:cooler._balance:variance is 1210.4503179597368
INFO:cooler._balance:variance is 218.1465842460393
INFO:cooler._balance:variance is 47.09145948774241
INFO:cooler._balance:variance is 11.212036370073353
INFO:cooler._balance:variance is 2.7897509934265243
INFO:cooler._balance:variance is 0.7072040234117837
INFO:cooler._balance:variance is 0.1805688721204853
INFO:cooler._balance:variance is 0.04624391611080172
INFO:cooler._balance:variance is 0.01185641613308714
INFO:cooler._balance:variance is 0.003041378418885882
INFO:cooler._balance:variance is 0.0007803086917377725
INFO:cooler._balance:variance is 0.00020021701570021295
INFO:cooler._balance:variance is 5.1374667608246605e-05
INFO:cooler._balance:variance is 1.3182699480713502e-05
INFO:cooler._balance:variance is 3.3826893455343927e-06
INFO:cooler._balance:chr9
INFO:cooler._balance:variance is 732017.4338775951
INFO:cooler._balance:variance is 113932.34654646547
INFO:cooler._balance:variance is 35920.89227084983
INFO:cooler._balance:variance is 13799.440853376771
INFO:cooler._balance:variance is 5302.357180758217
INFO:cooler._balance:variance is 2260.347770293822
INFO:cooler._balance:variance is 961.004501808272
INFO:cooler._balance:variance is 436.67416379826665
INFO:cooler._balance:variance is 198.95896644581745
INFO:cooler._balance:variance is 94.11496283077416
INFO:cooler._balance:variance is 44.66308119047766
INFO:cooler._balance:variance is 21.602900207304387
INFO:cooler._balance:variance is 10.470199270257282
INFO:cooler._balance:variance is 5.121097523984293
INFO:cooler._balance:variance is 2.507329663575674
INFO:cooler._balance:variance is 1.2328555075377448
INFO:cooler._balance:variance is 0.6064675181869077
INFO:cooler._balance:variance is 0.29892414297243325
INFO:cooler._balance:variance is 0.1473645112959381
INFO:cooler._balance:variance is 0.07271468159899402
INFO:cooler._balance:variance is 0.03588227694019319
INFO:cooler._balance:variance is 0.017714230772174027
INFO:cooler._balance:variance is 0.008745277939247662
INFO:cooler._balance:variance is 0.004318280509179115
INFO:cooler._balance:variance is 0.002132308439895667
INFO:cooler._balance:variance is 0.001053002437500091
INFO:cooler._balance:variance is 0.000520006171583862
INFO:cooler._balance:variance is 0.00025680677210020424
INFO:cooler._balance:variance is 0.00012682468124110266
INFO:cooler._balance:variance is 6.263397325717863e-05
INFO:cooler._balance:variance is 3.0932538438813956e-05
INFO:cooler._balance:variance is 1.527655229644434e-05
INFO:cooler._balance:variance is 7.5445742264891565e-06
INFO:cooler._balance:chr8
INFO:cooler._balance:variance is 1131422.4546438856
INFO:cooler._balance:variance is 98954.20839408148
INFO:cooler._balance:variance is 14379.328003607088
INFO:cooler._balance:variance is 2445.9302437625265
INFO:cooler._balance:variance is 437.7402400316535
INFO:cooler._balance:variance is 82.89490366642103
INFO:cooler._balance:variance is 16.340781063327807
INFO:cooler._balance:variance is 3.346675387234547
INFO:cooler._balance:variance is 0.7072305309073385
INFO:cooler._balance:variance is 0.15346356973613812
INFO:cooler._balance:variance is 0.03400137230118725
INFO:cooler._balance:variance is 0.007655626510438188
INFO:cooler._balance:variance is 0.0017445069712203635
INFO:cooler._balance:variance is 0.0004010272626115316
INFO:cooler._balance:variance is 9.277032552829981e-05
INFO:cooler._balance:variance is 2.1556811799488897e-05
INFO:cooler._balance:variance is 5.024863825013733e-06
INFO:cooler._balance:chr11
INFO:cooler._balance:variance is 1454484.8541360283
INFO:cooler._balance:variance is 435303.51052386133
INFO:cooler._balance:variance is 137241.61402727608
INFO:cooler._balance:variance is 66222.76407049221
INFO:cooler._balance:variance is 24604.076974024774
INFO:cooler._balance:variance is 10893.337105703187
INFO:cooler._balance:variance is 4306.109615079749
INFO:cooler._balance:variance is 1832.6072523132857
INFO:cooler._balance:variance is 743.6219772378461
INFO:cooler._balance:variance is 311.1874580957257
INFO:cooler._balance:variance is 127.66287713945452
INFO:cooler._balance:variance is 53.0481121973252
INFO:cooler._balance:variance is 21.862226258511225
INFO:cooler._balance:variance is 9.057837630305581
INFO:cooler._balance:variance is 3.7399976440309013
INFO:cooler._balance:variance is 1.5476494527925273
INFO:cooler._balance:variance is 0.6395286306807254
INFO:cooler._balance:variance is 0.26451009632549227
INFO:cooler._balance:variance is 0.10933786437026963
INFO:cooler._balance:variance is 0.0452128858249439
INFO:cooler._balance:variance is 0.018691702350121246
INFO:cooler._balance:variance is 0.0077286388791357775
INFO:cooler._balance:variance is 0.0031953155382011397
INFO:cooler._balance:variance is 0.0013211508536413385
INFO:cooler._balance:variance is 0.0005462269374209045
INFO:cooler._balance:variance is 0.0002258423388880634
INFO:cooler._balance:variance is 9.337490831949085e-05
INFO:cooler._balance:variance is 3.860644278826092e-05
INFO:cooler._balance:variance is 1.596196363556547e-05
INFO:cooler._balance:variance is 6.599557549073063e-06
INFO:cooler._balance:chr10
INFO:cooler._balance:variance is 805648.651860587
INFO:cooler._balance:variance is 81361.20152156698
INFO:cooler._balance:variance is 15508.268424380143
INFO:cooler._balance:variance is 3430.68151382526
INFO:cooler._balance:variance is 789.8194268070691
INFO:cooler._balance:variance is 189.80123982356616
INFO:cooler._balance:variance is 46.706664219774986
INFO:cooler._balance:variance is 11.77385337780573
INFO:cooler._balance:variance is 3.0164426718882287
INFO:cooler._balance:variance is 0.7842352049474318
INFO:cooler._balance:variance is 0.20605940108337478
INFO:cooler._balance:variance is 0.054620494190766075
INFO:cooler._balance:variance is 0.014572463607064521
INFO:cooler._balance:variance is 0.003907747230212828
INFO:cooler._balance:variance is 0.0010518701777723278
INFO:cooler._balance:variance is 0.0002839568391808543
INFO:cooler._balance:variance is 7.681956182374479e-05
INFO:cooler._balance:variance is 2.0815627071853525e-05
INFO:cooler._balance:variance is 5.647075664480667e-06
INFO:cooler._balance:chr12
INFO:cooler._balance:variance is 971256.2700961063
INFO:cooler._balance:variance is 227704.49167317536
INFO:cooler._balance:variance is 62576.74550554154
INFO:cooler._balance:variance is 21006.32489453471
INFO:cooler._balance:variance is 6544.734053704716
INFO:cooler._balance:variance is 2168.479725806956
INFO:cooler._balance:variance is 699.4468710881683
INFO:cooler._balance:variance is 230.2058165313343
INFO:cooler._balance:variance is 75.07011448689919
INFO:cooler._balance:variance is 24.64320676715291
INFO:cooler._balance:variance is 8.064479560156865
INFO:cooler._balance:variance is 2.6448445948177435
INFO:cooler._balance:variance is 0.8665107447995357
INFO:cooler._balance:variance is 0.2840908998996473
INFO:cooler._balance:variance is 0.09310901275814767
INFO:cooler._balance:variance is 0.030523020266682417
INFO:cooler._balance:variance is 0.010004932120778113
INFO:cooler._balance:variance is 0.0032796989452238056
INFO:cooler._balance:variance is 0.0010750722092042976
INFO:cooler._balance:variance is 0.00035241319123665167
INFO:cooler._balance:variance is 0.00011552111095502195
INFO:cooler._balance:variance is 3.7868152213513994e-05
INFO:cooler._balance:variance is 1.2413239168482383e-05
INFO:cooler._balance:variance is 4.069090006085964e-06
INFO:cooler._balance:chr13
INFO:cooler._balance:variance is 653240.1030757414
INFO:cooler._balance:variance is 36916.1861677904
INFO:cooler._balance:variance is 5125.975046927652
INFO:cooler._balance:variance is 943.0999069442774
INFO:cooler._balance:variance is 194.7152433551386
INFO:cooler._balance:variance is 42.975848850666594
INFO:cooler._balance:variance is 9.7801487773719
INFO:cooler._balance:variance is 2.267246348717358
INFO:cooler._balance:variance is 0.5307993134984273
INFO:cooler._balance:variance is 0.12502861813060576
INFO:cooler._balance:variance is 0.029553251500470706
INFO:cooler._balance:variance is 0.007000528720256192
INFO:cooler._balance:variance is 0.001660364091319503
INFO:cooler._balance:variance is 0.0003941012140124194
INFO:cooler._balance:variance is 9.358569346404127e-05
INFO:cooler._balance:variance is 2.2229525922845028e-05
INFO:cooler._balance:variance is 5.281070799320303e-06
INFO:cooler._balance:chr14
INFO:cooler._balance:variance is 574903.0001027583
INFO:cooler._balance:variance is 76939.32843705389
INFO:cooler._balance:variance is 11388.4294057261
INFO:cooler._balance:variance is 2187.6106971659674
INFO:cooler._balance:variance is 416.10707401040275
INFO:cooler._balance:variance is 90.25608246770005
INFO:cooler._balance:variance is 21.68634470648494
INFO:cooler._balance:variance is 5.904060031837716
INFO:cooler._balance:variance is 1.7714978966813781
INFO:cooler._balance:variance is 0.5696060048922482
INFO:cooler._balance:variance is 0.19081260507286216
INFO:cooler._balance:variance is 0.0654130813773366
INFO:cooler._balance:variance is 0.022696347824983806
INFO:cooler._balance:variance is 0.00792489618275352
INFO:cooler._balance:variance is 0.0027759268187959097
INFO:cooler._balance:variance is 0.0009739487146416626
INFO:cooler._balance:variance is 0.000341992531742621
INFO:cooler._balance:variance is 0.00012013812693544358
INFO:cooler._balance:variance is 4.221189592917393e-05
INFO:cooler._balance:variance is 1.4833246829789914e-05
INFO:cooler._balance:variance is 5.212672518174441e-06
INFO:cooler._balance:chr15
INFO:cooler._balance:variance is 500792.48733366915
INFO:cooler._balance:variance is 38612.33682119003
INFO:cooler._balance:variance is 5695.042296560462
INFO:cooler._balance:variance is 1081.9581820984067
INFO:cooler._balance:variance is 231.23894342887266
INFO:cooler._balance:variance is 55.012683998260535
INFO:cooler._balance:variance is 13.9953713372744
INFO:cooler._balance:variance is 3.7233503472144567
INFO:cooler._balance:variance is 1.0176193770466155
INFO:cooler._balance:variance is 0.28254543292461454
INFO:cooler._balance:variance is 0.07917744533746547
INFO:cooler._balance:variance is 0.02230248056450517
INFO:cooler._balance:variance is 0.006300925900271229
INFO:cooler._balance:variance is 0.0017830770932230676
INFO:cooler._balance:variance is 0.0005050681734320455
INFO:cooler._balance:variance is 0.00014313863451817567
INFO:cooler._balance:variance is 4.057842511573828e-05
INFO:cooler._balance:variance is 1.1505503279493419e-05
INFO:cooler._balance:variance is 3.2625544216475487e-06
INFO:cooler._balance:chr16
INFO:cooler._balance:variance is 3584996.946088603
INFO:cooler._balance:variance is 49379.27510450803
INFO:cooler._balance:variance is 14412.394695299785
INFO:cooler._balance:variance is 6324.991486870797
INFO:cooler._balance:variance is 2561.560486900839
INFO:cooler._balance:variance is 1154.1775658776503
INFO:cooler._balance:variance is 495.77072870206473
INFO:cooler._balance:variance is 221.29603069616698
INFO:cooler._balance:variance is 96.6662097922428
INFO:cooler._balance:variance is 42.883012671211794
INFO:cooler._balance:variance is 18.843687163870545
INFO:cooler._balance:variance is 8.334497647343094
INFO:cooler._balance:variance is 3.670965369431415
INFO:cooler._balance:variance is 1.6214532830283594
INFO:cooler._balance:variance is 0.7148775715631555
INFO:cooler._balance:variance is 0.31556789005766234
INFO:cooler._balance:variance is 0.13918839862687418
INFO:cooler._balance:variance is 0.06142533233470468
INFO:cooler._balance:variance is 0.02709800558992054
INFO:cooler._balance:variance is 0.011957219055087598
INFO:cooler._balance:variance is 0.00527539321055255
INFO:cooler._balance:variance is 0.002327688591372863
INFO:cooler._balance:variance is 0.001026986729916588
INFO:cooler._balance:variance is 0.0004531320652440861
INFO:cooler._balance:variance is 0.00019992701628869798
INFO:cooler._balance:variance is 8.821186373091441e-05
INFO:cooler._balance:variance is 3.8920342583224545e-05
INFO:cooler._balance:variance is 1.7172368645650696e-05
INFO:cooler._balance:variance is 7.57671877030307e-06
INFO:cooler._balance:chr17
INFO:cooler._balance:variance is 869771.3218317267
INFO:cooler._balance:variance is 175560.14296626928
INFO:cooler._balance:variance is 52435.48658453723
INFO:cooler._balance:variance is 19079.779057073716
INFO:cooler._balance:variance is 6728.247841216315
INFO:cooler._balance:variance is 2448.6600474523348
INFO:cooler._balance:variance is 884.3815384726133
INFO:cooler._balance:variance is 321.49528469258667
INFO:cooler._balance:variance is 116.63719599782475
INFO:cooler._balance:variance is 42.38370465025051
INFO:cooler._balance:variance is 15.392433847581279
INFO:cooler._balance:variance is 5.592615867718956
INFO:cooler._balance:variance is 2.0316261178545054
INFO:cooler._balance:variance is 0.7381338810530742
INFO:cooler._balance:variance is 0.268164176578245
INFO:cooler._balance:variance is 0.09742877799887655
INFO:cooler._balance:variance is 0.0353968885094941
INFO:cooler._balance:variance is 0.012860271905283951
INFO:cooler._balance:variance is 0.004672316306376667
INFO:cooler._balance:variance is 0.0016975277515918082
INFO:cooler._balance:variance is 0.0006167376929124555
INFO:cooler._balance:variance is 0.0002240706743567214
INFO:cooler._balance:variance is 8.14083936885602e-05
INFO:cooler._balance:variance is 2.9576970179414527e-05
INFO:cooler._balance:variance is 1.0745782658942458e-05
INFO:cooler._balance:variance is 3.90411447062764e-06
INFO:cooler._balance:chr18
INFO:cooler._balance:variance is 652542.4171079017
INFO:cooler._balance:variance is 64627.014776471064
INFO:cooler._balance:variance is 9536.757458311997
INFO:cooler._balance:variance is 1569.415776053745
INFO:cooler._balance:variance is 260.0150970041815
INFO:cooler._balance:variance is 44.016086023678426
INFO:cooler._balance:variance is 7.4777438530038545
INFO:cooler._balance:variance is 1.2775700128459448
INFO:cooler._balance:variance is 0.2186906675326969
INFO:cooler._balance:variance is 0.03750357564459568
INFO:cooler._balance:variance is 0.0064373879076602735
INFO:cooler._balance:variance is 0.001105735175454837
INFO:cooler._balance:variance is 0.00019000873743345577
INFO:cooler._balance:variance is 3.2660639731120836e-05
INFO:cooler._balance:variance is 5.615116695462829e-06
INFO:cooler._balance:chr20
INFO:cooler._balance:variance is 694671.7786006777
INFO:cooler._balance:variance is 55510.69846310688
INFO:cooler._balance:variance is 11965.38984159686
INFO:cooler._balance:variance is 2987.7980947777764
INFO:cooler._balance:variance is 836.0112452794058
INFO:cooler._balance:variance is 261.4466752367476
INFO:cooler._balance:variance is 88.31093414107494
INFO:cooler._balance:variance is 31.69574251165861
INFO:cooler._balance:variance is 11.775939157269173
INFO:cooler._balance:variance is 4.470309934917814
INFO:cooler._balance:variance is 1.7167879718069587
INFO:cooler._balance:variance is 0.6635233166045136
INFO:cooler._balance:variance is 0.25734932479545136
INFO:cooler._balance:variance is 0.09998995099031688
INFO:cooler._balance:variance is 0.03889024878018217
INFO:cooler._balance:variance is 0.015133277864355412
INFO:cooler._balance:variance is 0.005890582528344036
INFO:cooler._balance:variance is 0.0022931843892666265
INFO:cooler._balance:variance is 0.0008928102713814127
INFO:cooler._balance:variance is 0.00034761129607420156
INFO:cooler._balance:variance is 0.0001353444465843148
INFO:cooler._balance:variance is 5.269757884656095e-05
INFO:cooler._balance:variance is 2.0518447693470944e-05
INFO:cooler._balance:variance is 7.989124901446429e-06
INFO:cooler._balance:chrY
INFO:cooler._balance:chr19
INFO:cooler._balance:variance is 873694.1302848165
INFO:cooler._balance:variance is 123307.90114791553
INFO:cooler._balance:variance is 15769.142745613131
INFO:cooler._balance:variance is 2697.948825288428
INFO:cooler._balance:variance is 449.954333686826
INFO:cooler._balance:variance is 83.38383308289838
INFO:cooler._balance:variance is 16.58576454981223
INFO:cooler._balance:variance is 3.6161223634672646
INFO:cooler._balance:variance is 0.8518062995303033
INFO:cooler._balance:variance is 0.21372545491723788
INFO:cooler._balance:variance is 0.056067970807818536
INFO:cooler._balance:variance is 0.015149908677539039
INFO:cooler._balance:variance is 0.004170682367403397
INFO:cooler._balance:variance is 0.0011614138355298068
INFO:cooler._balance:variance is 0.0003256930411133092
INFO:cooler._balance:variance is 9.172270226880519e-05
INFO:cooler._balance:variance is 2.5898552109316993e-05
INFO:cooler._balance:variance is 7.324329202617791e-06
INFO:cooler._balance:chr22
INFO:cooler._balance:variance is 668754.1152067124
INFO:cooler._balance:variance is 53646.132805727626
INFO:cooler._balance:variance is 6194.241592637968
INFO:cooler._balance:variance is 959.7681087383999
INFO:cooler._balance:variance is 189.25143429042132
INFO:cooler._balance:variance is 48.963024575735886
INFO:cooler._balance:variance is 15.105843532581662
INFO:cooler._balance:variance is 5.107198864704496
INFO:cooler._balance:variance is 1.8046131851782559
INFO:cooler._balance:variance is 0.6488191835022661
INFO:cooler._balance:variance is 0.2354090971569184
INFO:cooler._balance:variance is 0.08567177061724625
INFO:cooler._balance:variance is 0.031240965302129334
INFO:cooler._balance:variance is 0.011397991922630935
INFO:cooler._balance:variance is 0.004160456516158909
INFO:cooler._balance:variance is 0.0015187347034818187
INFO:cooler._balance:variance is 0.000554468546903302
INFO:cooler._balance:variance is 0.00020242859453559872
INFO:cooler._balance:variance is 7.390637999977944e-05
INFO:cooler._balance:variance is 2.6982973971307326e-05
INFO:cooler._balance:variance is 9.851497327269655e-06
INFO:cooler._balance:chr21
INFO:cooler._balance:variance is 415961.093228951
INFO:cooler._balance:variance is 36625.59220209298
INFO:cooler._balance:variance is 7673.951544842826
INFO:cooler._balance:variance is 2391.66893511523
INFO:cooler._balance:variance is 957.71734034306
INFO:cooler._balance:variance is 443.3882724686496
INFO:cooler._balance:variance is 223.0397686910955
INFO:cooler._balance:variance is 118.98901076387659
INFO:cooler._balance:variance is 65.1897145281969
INFO:cooler._balance:variance is 36.652721038270734
INFO:cooler._balance:variance is 20.74481637162569
INFO:cooler._balance:variance is 11.881423753196826
INFO:cooler._balance:variance is 6.8076134858802835
INFO:cooler._balance:variance is 3.9227436080666673
INFO:cooler._balance:variance is 2.258068070886026
INFO:cooler._balance:variance is 1.3035449627999527
INFO:cooler._balance:variance is 0.7517359180504164
INFO:cooler._balance:variance is 0.43416727102580877
INFO:cooler._balance:variance is 0.2505666144949049
INFO:cooler._balance:variance is 0.14472502363961107
INFO:cooler._balance:variance is 0.08355132530521946
INFO:cooler._balance:variance is 0.048256949743067115
INFO:cooler._balance:variance is 0.02786358209464091
INFO:cooler._balance:variance is 0.01609255457115327
INFO:cooler._balance:variance is 0.009292565326537354
INFO:cooler._balance:variance is 0.0053667257771105575
INFO:cooler._balance:variance is 0.003099114147711667
INFO:cooler._balance:variance is 0.001789789219780191
INFO:cooler._balance:variance is 0.0010335691778909886
INFO:cooler._balance:variance is 0.000596895047763175
INFO:cooler._balance:variance is 0.0003446996978442441
INFO:cooler._balance:variance is 0.00019906540083372635
INFO:cooler._balance:variance is 0.00011495865542572992
INFO:cooler._balance:variance is 6.638874487153986e-05
INFO:cooler._balance:variance is 3.833911097132266e-05
INFO:cooler._balance:variance is 2.2140814436465166e-05
INFO:cooler._balance:variance is 1.2786218963821995e-05
INFO:cooler._balance:variance is 7.384021904723989e-06
INFO:cooler._balance:chrM
