INFO:cooler.cli.balance:Balancing "analysis_other/porec/T2T11/cooler/T2T11_1000_balanced.cool"
INFO:cooler._balance:chr1
INFO:cooler._balance:variance is 1652.2837159140731
INFO:cooler._balance:variance is 56.22382814314753
INFO:cooler._balance:variance is 10.922738367595082
INFO:cooler._balance:variance is 4.545420171045338
INFO:cooler._balance:variance is 2.0094600287684714
INFO:cooler._balance:variance is 1.0494407846662626
INFO:cooler._balance:variance is 0.5542435106185877
INFO:cooler._balance:variance is 0.3126981641062837
INFO:cooler._balance:variance is 0.17716568715068245
INFO:cooler._balance:variance is 0.10337873059488648
INFO:cooler._balance:variance is 0.0603711991144112
INFO:cooler._balance:variance is 0.035763639118604855
INFO:cooler._balance:variance is 0.021176718178434594
INFO:cooler._balance:variance is 0.012632867978878658
INFO:cooler._balance:variance is 0.007530555360455757
INFO:cooler._balance:variance is 0.004507198670446898
INFO:cooler._balance:variance is 0.0026958582118234904
INFO:cooler._balance:variance is 0.001616106971886959
INFO:cooler._balance:variance is 0.0009683262024669854
INFO:cooler._balance:variance is 0.0005809433040248167
INFO:cooler._balance:variance is 0.0003484091755494669
INFO:cooler._balance:variance is 0.00020910709283077276
INFO:cooler._balance:variance is 0.0001254708215213688
INFO:cooler._balance:variance is 7.531901955794608e-05
INFO:cooler._balance:variance is 4.520617654327773e-05
INFO:cooler._balance:variance is 2.7139428411122013e-05
INFO:cooler._balance:variance is 1.6291441060976997e-05
INFO:cooler._balance:variance is 9.780987404475676e-06
INFO:cooler._balance:chr2
INFO:cooler._balance:variance is 1594.2613859821736
INFO:cooler._balance:variance is 82.73240547263114
INFO:cooler._balance:variance is 23.172412964805034
INFO:cooler._balance:variance is 11.433258025280784
INFO:cooler._balance:variance is 4.788163268317121
INFO:cooler._balance:variance is 2.3811235788491882
INFO:cooler._balance:variance is 1.0562891734639368
INFO:cooler._balance:variance is 0.5187291097657426
INFO:cooler._balance:variance is 0.2377983183029018
INFO:cooler._balance:variance is 0.11646938613534867
INFO:cooler._balance:variance is 0.054734218897983924
INFO:cooler._balance:variance is 0.026936046239966493
INFO:cooler._balance:variance is 0.012941122226000442
INFO:cooler._balance:variance is 0.006432163305782352
INFO:cooler._balance:variance is 0.00315685821436405
INFO:cooler._balance:variance is 0.001590154604294415
INFO:cooler._balance:variance is 0.0007969268913420629
INFO:cooler._balance:variance is 0.00040758447513924306
INFO:cooler._balance:variance is 0.00020839511619883492
INFO:cooler._balance:variance is 0.00010826263882807048
INFO:cooler._balance:variance is 5.637792323644986e-05
INFO:cooler._balance:variance is 2.9724994612909515e-05
INFO:cooler._balance:variance is 1.5728558402775868e-05
INFO:cooler._balance:variance is 8.401779384691528e-06
INFO:cooler._balance:chr3
INFO:cooler._balance:variance is 1393.74392769908
INFO:cooler._balance:variance is 70.91999836173078
INFO:cooler._balance:variance is 25.713930796950397
INFO:cooler._balance:variance is 13.554771441942806
INFO:cooler._balance:variance is 7.8087597097443435
INFO:cooler._balance:variance is 4.073696191009386
INFO:cooler._balance:variance is 2.5633787735646343
INFO:cooler._balance:variance is 1.2962218418156237
INFO:cooler._balance:variance is 0.8694570788454552
INFO:cooler._balance:variance is 0.432834118287074
INFO:cooler._balance:variance is 0.3060289630983842
INFO:cooler._balance:variance is 0.15277365354618236
INFO:cooler._balance:variance is 0.1128151574828099
INFO:cooler._balance:variance is 0.05758180912928844
INFO:cooler._balance:variance is 0.043937795307195444
INFO:cooler._balance:variance is 0.02332943799135973
INFO:cooler._balance:variance is 0.018161956418688154
INFO:cooler._balance:variance is 0.010144380274538112
INFO:cooler._balance:variance is 0.007955225383368781
INFO:cooler._balance:variance is 0.004687499400039356
INFO:cooler._balance:variance is 0.003665790182097675
INFO:cooler._balance:variance is 0.0022689175923402195
INFO:cooler._balance:variance is 0.0017588517283920854
INFO:cooler._balance:variance is 0.0011342129877328284
INFO:cooler._balance:variance is 0.0008694741832422954
INFO:cooler._balance:variance is 0.0005789262248004818
INFO:cooler._balance:variance is 0.00043888629387722305
INFO:cooler._balance:variance is 0.00029930583719785096
INFO:cooler._balance:variance is 0.0002246763853624516
INFO:cooler._balance:variance is 0.00015591941925962232
INFO:cooler._balance:variance is 0.00011608750772486045
INFO:cooler._balance:variance is 8.157852627549777e-05
INFO:cooler._balance:variance is 6.0343123026861195e-05
INFO:cooler._balance:variance is 4.278638006121005e-05
INFO:cooler._balance:variance is 3.1489022606994655e-05
INFO:cooler._balance:variance is 2.2470002581010865e-05
INFO:cooler._balance:variance is 1.6473313129162827e-05
INFO:cooler._balance:variance is 1.1808440512981848e-05
INFO:cooler._balance:variance is 8.631938074870742e-06
INFO:cooler._balance:chr4
INFO:cooler._balance:variance is 1549.8346673598858
INFO:cooler._balance:variance is 131.0939455357563
INFO:cooler._balance:variance is 41.75929451302868
INFO:cooler._balance:variance is 30.403016327199243
INFO:cooler._balance:variance is 13.410993670836689
INFO:cooler._balance:variance is 9.94816022939324
INFO:cooler._balance:variance is 4.9338023378681966
INFO:cooler._balance:variance is 3.5139221759576404
INFO:cooler._balance:variance is 1.8848399665632596
INFO:cooler._balance:variance is 1.287777964358671
INFO:cooler._balance:variance is 0.7276488693795102
INFO:cooler._balance:variance is 0.4814172835845034
INFO:cooler._balance:variance is 0.28141286120185
INFO:cooler._balance:variance is 0.1820290388949267
INFO:cooler._balance:variance is 0.10875381645011388
INFO:cooler._balance:variance is 0.06929114728542445
INFO:cooler._balance:variance is 0.04197747901515438
INFO:cooler._balance:variance is 0.026483122507372562
INFO:cooler._balance:variance is 0.016185255583172457
INFO:cooler._balance:variance is 0.010146703404292308
INFO:cooler._balance:variance is 0.006235478609548319
INFO:cooler._balance:variance is 0.00389340442627915
INFO:cooler._balance:variance is 0.002400891648174864
INFO:cooler._balance:variance is 0.0014953075298782513
INFO:cooler._balance:variance is 0.0009240774010889079
INFO:cooler._balance:variance is 0.0005746112292769498
INFO:cooler._balance:variance is 0.0003555772773116602
INFO:cooler._balance:variance is 0.00022088501542394574
INFO:cooler._balance:variance is 0.00013680061541544388
INFO:cooler._balance:variance is 8.492771249390698e-05
INFO:cooler._balance:variance is 5.262547252869425e-05
INFO:cooler._balance:variance is 3.265791084448217e-05
INFO:cooler._balance:variance is 2.0242982329561617e-05
INFO:cooler._balance:variance is 1.2559188940383168e-05
INFO:cooler._balance:variance is 7.786355658504114e-06
INFO:cooler._balance:chr5
INFO:cooler._balance:variance is 3726.82784805259
INFO:cooler._balance:variance is 99.66411088744988
INFO:cooler._balance:variance is 27.983709098964997
INFO:cooler._balance:variance is 14.151314127888538
INFO:cooler._balance:variance is 5.790121206434783
INFO:cooler._balance:variance is 3.0065016132834597
INFO:cooler._balance:variance is 1.3517295775525477
INFO:cooler._balance:variance is 0.6939815862322055
INFO:cooler._balance:variance is 0.32932481344430964
INFO:cooler._balance:variance is 0.16775884381059833
INFO:cooler._balance:variance is 0.0820833411786405
INFO:cooler._balance:variance is 0.04166897542813274
INFO:cooler._balance:variance is 0.0207379072755829
INFO:cooler._balance:variance is 0.010517899970143086
INFO:cooler._balance:variance is 0.005284233336874407
INFO:cooler._balance:variance is 0.002680770046434039
INFO:cooler._balance:variance is 0.0013540388531744808
INFO:cooler._balance:variance is 0.0006873868335317591
INFO:cooler._balance:variance is 0.00034827638449378247
INFO:cooler._balance:variance is 0.00017693522362141059
INFO:cooler._balance:variance is 8.981632352908846e-05
INFO:cooler._balance:variance is 4.5659799621450316e-05
INFO:cooler._balance:variance is 2.320552408159135e-05
INFO:cooler._balance:variance is 1.180347446357431e-05
INFO:cooler._balance:variance is 6.003531081736283e-06
INFO:cooler._balance:chr6
INFO:cooler._balance:variance is 1374.618804517944
INFO:cooler._balance:variance is 70.14598795618328
INFO:cooler._balance:variance is 25.429066768683587
INFO:cooler._balance:variance is 17.35925657873021
INFO:cooler._balance:variance is 9.523268609326847
INFO:cooler._balance:variance is 6.68536407766626
INFO:cooler._balance:variance is 3.8783920102735774
INFO:cooler._balance:variance is 2.6604782861214664
INFO:cooler._balance:variance is 1.5961661879514082
INFO:cooler._balance:variance is 1.072135360748798
INFO:cooler._balance:variance is 0.6577877631078946
INFO:cooler._balance:variance is 0.435042006503407
INFO:cooler._balance:variance is 0.2709286519362954
INFO:cooler._balance:variance is 0.17726980882324347
INFO:cooler._balance:variance is 0.11149368358638478
INFO:cooler._balance:variance is 0.07242344760505785
INFO:cooler._balance:variance is 0.04584677167003897
INFO:cooler._balance:variance is 0.029637542812221633
INFO:cooler._balance:variance is 0.01884101549768964
INFO:cooler._balance:variance is 0.012141101370493615
INFO:cooler._balance:variance is 0.007739405271172179
INFO:cooler._balance:variance is 0.004976904981682244
INFO:cooler._balance:variance is 0.003178157784927927
INFO:cooler._balance:variance is 0.0020409879301529054
INFO:cooler._balance:variance is 0.0013048188157012456
INFO:cooler._balance:variance is 0.0008372109250974592
INFO:cooler._balance:variance is 0.0005356264278034919
INFO:cooler._balance:variance is 0.0003434795308881697
INFO:cooler._balance:variance is 0.00021985264790126344
INFO:cooler._balance:variance is 0.00014093277641397293
INFO:cooler._balance:variance is 9.02346892997276e-05
INFO:cooler._balance:variance is 5.782980363161583e-05
INFO:cooler._balance:variance is 3.7033691989685106e-05
INFO:cooler._balance:variance is 2.373064324643022e-05
INFO:cooler._balance:variance is 1.5198771455228067e-05
INFO:cooler._balance:variance is 9.738201692886158e-06
INFO:cooler._balance:chr7
INFO:cooler._balance:variance is 1347.6925334248508
INFO:cooler._balance:variance is 67.35904041288099
INFO:cooler._balance:variance is 20.388853957806923
INFO:cooler._balance:variance is 10.789347527427314
INFO:cooler._balance:variance is 5.100816174494383
INFO:cooler._balance:variance is 2.8128894318761
INFO:cooler._balance:variance is 1.4087080019183214
INFO:cooler._balance:variance is 0.7694347669202195
INFO:cooler._balance:variance is 0.3964036497484138
INFO:cooler._balance:variance is 0.2146552544955428
INFO:cooler._balance:variance is 0.11234742991172593
INFO:cooler._balance:variance is 0.060519966744846415
INFO:cooler._balance:variance is 0.03196679145400579
INFO:cooler._balance:variance is 0.0171757558483917
INFO:cooler._balance:variance is 0.009123995997780167
INFO:cooler._balance:variance is 0.004898545395722473
INFO:cooler._balance:variance is 0.002612594711129044
INFO:cooler._balance:variance is 0.0014033831226248836
INFO:cooler._balance:variance is 0.0007510050914597905
INFO:cooler._balance:variance is 0.0004040388675081933
INFO:cooler._balance:variance is 0.0002169545789141928
INFO:cooler._balance:variance is 0.00011702082468488
INFO:cooler._balance:variance is 6.308286141172672e-05
INFO:cooler._balance:variance is 3.415065532185636e-05
INFO:cooler._balance:variance is 1.849854970348889e-05
INFO:cooler._balance:variance is 1.0064057976220808e-05
INFO:cooler._balance:variance is 5.484410263588983e-06
INFO:cooler._balance:chrX
INFO:cooler._balance:variance is 384.82659821784875
INFO:cooler._balance:variance is 23.51523991419824
INFO:cooler._balance:variance is 5.412181775042505
INFO:cooler._balance:variance is 2.6923316424437
INFO:cooler._balance:variance is 1.1465598062849853
INFO:cooler._balance:variance is 0.6258405672969101
INFO:cooler._balance:variance is 0.29481101478305805
INFO:cooler._balance:variance is 0.16093495528933757
INFO:cooler._balance:variance is 0.07988341700308008
INFO:cooler._balance:variance is 0.04344216160517703
INFO:cooler._balance:variance is 0.022277478474143037
INFO:cooler._balance:variance is 0.012073288524954422
INFO:cooler._balance:variance is 0.0063181252513032325
INFO:cooler._balance:variance is 0.0034160069296072073
INFO:cooler._balance:variance is 0.0018098913823626855
INFO:cooler._balance:variance is 0.0009771965371799282
INFO:cooler._balance:variance is 0.0005215941788519029
INFO:cooler._balance:variance is 0.00028142161097131777
INFO:cooler._balance:variance is 0.00015087352938439628
INFO:cooler._balance:variance is 8.137841772602823e-05
INFO:cooler._balance:variance is 4.3740799701221894e-05
INFO:cooler._balance:variance is 2.3591081489332716e-05
INFO:cooler._balance:variance is 1.2699491074885962e-05
INFO:cooler._balance:variance is 6.849463569994816e-06
INFO:cooler._balance:chr9
INFO:cooler._balance:variance is 931.7369144822628
INFO:cooler._balance:variance is 147.08646077974132
INFO:cooler._balance:variance is 32.16712206650681
INFO:cooler._balance:variance is 27.805073556958792
INFO:cooler._balance:variance is 10.065709917006307
INFO:cooler._balance:variance is 8.156773728095004
INFO:cooler._balance:variance is 3.620473906161481
INFO:cooler._balance:variance is 2.668804761653157
INFO:cooler._balance:variance is 1.3350065682359287
INFO:cooler._balance:variance is 0.9185268532806441
INFO:cooler._balance:variance is 0.49473620386996486
INFO:cooler._balance:variance is 0.32550438970389
INFO:cooler._balance:variance is 0.18375469790892002
INFO:cooler._balance:variance is 0.11763622946921916
INFO:cooler._balance:variance is 0.06848435619175892
INFO:cooler._balance:variance is 0.043164258763260646
INFO:cooler._balance:variance is 0.02566756064294611
INFO:cooler._balance:variance is 0.016055592140969265
INFO:cooler._balance:variance is 0.009699578485972254
INFO:cooler._balance:variance is 0.006055754422725663
INFO:cooler._balance:variance is 0.0037067057711167367
INFO:cooler._balance:variance is 0.0023197337963018066
INFO:cooler._balance:variance is 0.0014372739505754313
INFO:cooler._balance:variance is 0.0009047407381579375
INFO:cooler._balance:variance is 0.0005675092962158055
INFO:cooler._balance:variance is 0.00036036758434787174
INFO:cooler._balance:variance is 0.0002290142350125566
INFO:cooler._balance:variance is 0.00014704458530879924
INFO:cooler._balance:variance is 9.475742917812587e-05
INFO:cooler._balance:variance is 6.162649256460578e-05
INFO:cooler._balance:variance is 4.0294625005695484e-05
INFO:cooler._balance:variance is 2.6569743052386086e-05
INFO:cooler._balance:variance is 1.7628422782995246e-05
INFO:cooler._balance:variance is 1.178652039250902e-05
INFO:cooler._balance:variance is 7.930439446270744e-06
INFO:cooler._balance:chr8
INFO:cooler._balance:variance is 1088.6156106277351
INFO:cooler._balance:variance is 72.2732345825242
INFO:cooler._balance:variance is 21.44821207907025
INFO:cooler._balance:variance is 14.856105770053693
INFO:cooler._balance:variance is 6.814111503763975
INFO:cooler._balance:variance is 5.128620914194119
INFO:cooler._balance:variance is 2.6313639181048503
INFO:cooler._balance:variance is 1.959626565886502
INFO:cooler._balance:variance is 1.0875661249659192
INFO:cooler._balance:variance is 0.7868100167196794
INFO:cooler._balance:variance is 0.46127501196397597
INFO:cooler._balance:variance is 0.3243242539548378
INFO:cooler._balance:variance is 0.19731114733349753
INFO:cooler._balance:variance is 0.13561716497833884
INFO:cooler._balance:variance is 0.08455502710972365
INFO:cooler._balance:variance is 0.057165097525514665
INFO:cooler._balance:variance is 0.03621965188239974
INFO:cooler._balance:variance is 0.024207183426458678
INFO:cooler._balance:variance is 0.015499692220374606
INFO:cooler._balance:variance is 0.010278567289950122
INFO:cooler._balance:variance is 0.0066265763545261805
INFO:cooler._balance:variance is 0.004371478970432055
INFO:cooler._balance:variance is 0.0028309127714331497
INFO:cooler._balance:variance is 0.0018610526367248384
INFO:cooler._balance:variance is 0.0012087115001141752
INFO:cooler._balance:variance is 0.0007927933321858089
INFO:cooler._balance:variance is 0.0005158810796418745
INFO:cooler._balance:variance is 0.0003378567139745878
INFO:cooler._balance:variance is 0.0002201206416648721
INFO:cooler._balance:variance is 0.00014401717817752585
INFO:cooler._balance:variance is 9.390613539575115e-05
INFO:cooler._balance:variance is 6.139968351153337e-05
INFO:cooler._balance:variance is 4.005670130181668e-05
INFO:cooler._balance:variance is 2.617961108104307e-05
INFO:cooler._balance:variance is 1.7085274792246737e-05
INFO:cooler._balance:variance is 1.1163221182849327e-05
INFO:cooler._balance:variance is 7.286954451916064e-06
INFO:cooler._balance:chr11
INFO:cooler._balance:variance is 1056.1321048062298
INFO:cooler._balance:variance is 68.61146627631071
INFO:cooler._balance:variance is 27.05516166483614
INFO:cooler._balance:variance is 18.044754443828257
INFO:cooler._balance:variance is 10.670270220000885
INFO:cooler._balance:variance is 7.565879701010604
INFO:cooler._balance:variance is 4.6743330308390485
INFO:cooler._balance:variance is 3.3053213817747964
INFO:cooler._balance:variance is 2.09478991142759
INFO:cooler._balance:variance is 1.4684374276522019
INFO:cooler._balance:variance is 0.9478851450149122
INFO:cooler._balance:variance is 0.6587440820043671
INFO:cooler._balance:variance is 0.43098188337750915
INFO:cooler._balance:variance is 0.29734182157130956
INFO:cooler._balance:variance is 0.19643835937934465
INFO:cooler._balance:variance is 0.13475274062164175
INFO:cooler._balance:variance is 0.08964416715118316
INFO:cooler._balance:variance is 0.061229376541028536
INFO:cooler._balance:variance is 0.04093221530706158
INFO:cooler._balance:variance is 0.02786951917885206
INFO:cooler._balance:variance is 0.0186944213207395
INFO:cooler._balance:variance is 0.012699561160730979
INFO:cooler._balance:variance is 0.008538701385809772
INFO:cooler._balance:variance is 0.005791200156212381
INFO:cooler._balance:variance is 0.0039000711416360043
INFO:cooler._balance:variance is 0.002642155790385342
INFO:cooler._balance:variance is 0.0017813180073896688
INFO:cooler._balance:variance is 0.0012058293921054825
INFO:cooler._balance:variance is 0.0008135706478679541
INFO:cooler._balance:variance is 0.0005504318537255371
INFO:cooler._balance:variance is 0.0003715649431923436
INFO:cooler._balance:variance is 0.00025129307474875903
INFO:cooler._balance:variance is 0.00016969228562107523
INFO:cooler._balance:variance is 0.00011473514355085005
INFO:cooler._balance:variance is 7.749611104947698e-05
INFO:cooler._balance:variance is 5.238875628164753e-05
INFO:cooler._balance:variance is 3.5390806318142454e-05
INFO:cooler._balance:variance is 2.392195469230369e-05
INFO:cooler._balance:variance is 1.616201975637394e-05
INFO:cooler._balance:variance is 1.0923616543044744e-05
INFO:cooler._balance:variance is 7.38068904887242e-06
INFO:cooler._balance:chr10
INFO:cooler._balance:variance is 1559.4380343363068
INFO:cooler._balance:variance is 49.389903770369415
INFO:cooler._balance:variance is 12.023588774442851
INFO:cooler._balance:variance is 5.215716249642735
INFO:cooler._balance:variance is 2.3016767084550565
INFO:cooler._balance:variance is 1.104232722541694
INFO:cooler._balance:variance is 0.5190360758555043
INFO:cooler._balance:variance is 0.25252880829952284
INFO:cooler._balance:variance is 0.12154661099082802
INFO:cooler._balance:variance is 0.05948370056784786
INFO:cooler._balance:variance is 0.028965498706104743
INFO:cooler._balance:variance is 0.014223261211989061
INFO:cooler._balance:variance is 0.006969239739836172
INFO:cooler._balance:variance is 0.003429692035067315
INFO:cooler._balance:variance is 0.0016864464275377726
INFO:cooler._balance:variance is 0.0008311850199268352
INFO:cooler._balance:variance is 0.0004095720992523016
INFO:cooler._balance:variance is 0.0002020810250421542
INFO:cooler._balance:variance is 9.971008277133729e-05
INFO:cooler._balance:variance is 4.923630809111744e-05
INFO:cooler._balance:variance is 2.4316116016127293e-05
INFO:cooler._balance:variance is 1.2014776482974143e-05
INFO:cooler._balance:variance is 5.937651200321459e-06
INFO:cooler._balance:chr12
INFO:cooler._balance:variance is 1376.8730133929007
INFO:cooler._balance:variance is 67.76013776002642
INFO:cooler._balance:variance is 24.708925125116764
INFO:cooler._balance:variance is 14.522327381604564
INFO:cooler._balance:variance is 7.808400826794947
INFO:cooler._balance:variance is 4.742464479314137
INFO:cooler._balance:variance is 2.6532043236933163
INFO:cooler._balance:variance is 1.5985190865788708
INFO:cooler._balance:variance is 0.9125881338483521
INFO:cooler._balance:variance is 0.5455147000479847
INFO:cooler._balance:variance is 0.31520174589672056
INFO:cooler._balance:variance is 0.1873490000421671
INFO:cooler._balance:variance is 0.10904273220392655
INFO:cooler._balance:variance is 0.064568061336789
INFO:cooler._balance:variance is 0.03774650031926952
INFO:cooler._balance:variance is 0.022297181153094165
INFO:cooler._balance:variance is 0.013069583527735719
INFO:cooler._balance:variance is 0.007708729886876405
INFO:cooler._balance:variance is 0.004525704897182336
INFO:cooler._balance:variance is 0.002666908276208212
INFO:cooler._balance:variance is 0.0015672020103589842
INFO:cooler._balance:variance is 0.0009230076975084749
INFO:cooler._balance:variance is 0.0005427112279077009
INFO:cooler._balance:variance is 0.000319524621768725
INFO:cooler._balance:variance is 0.000187937996338379
INFO:cooler._balance:variance is 0.000110627690813966
INFO:cooler._balance:variance is 6.508207282395934e-05
INFO:cooler._balance:variance is 3.830535642153623e-05
INFO:cooler._balance:variance is 2.253766313606355e-05
INFO:cooler._balance:variance is 1.326407117084279e-05
INFO:cooler._balance:variance is 7.804714329463392e-06
INFO:cooler._balance:chr13
INFO:cooler._balance:variance is 990.7389228129326
INFO:cooler._balance:variance is 95.65886176318514
INFO:cooler._balance:variance is 24.728029144894897
INFO:cooler._balance:variance is 17.265509733228665
INFO:cooler._balance:variance is 6.935636501279461
INFO:cooler._balance:variance is 4.908559580473638
INFO:cooler._balance:variance is 2.2686780495352616
INFO:cooler._balance:variance is 1.5519582851200273
INFO:cooler._balance:variance is 0.7843799235483753
INFO:cooler._balance:variance is 0.5194302493515979
INFO:cooler._balance:variance is 0.2789793817906408
INFO:cooler._balance:variance is 0.18021180077080268
INFO:cooler._balance:variance is 0.1009103211547718
INFO:cooler._balance:variance is 0.06407179937468403
INFO:cooler._balance:variance is 0.03692564827136535
INFO:cooler._balance:variance is 0.023185862122000668
INFO:cooler._balance:variance is 0.013635116808717533
INFO:cooler._balance:variance is 0.008504739567581075
INFO:cooler._balance:variance is 0.005074740594853318
INFO:cooler._balance:variance is 0.0031542911809059352
INFO:cooler._balance:variance is 0.0019027170684523572
INFO:cooler._balance:variance is 0.00118117804703924
INFO:cooler._balance:variance is 0.000718588824921144
INFO:cooler._balance:variance is 0.0004462282501968651
INFO:cooler._balance:variance is 0.00027337791666852873
INFO:cooler._balance:variance is 0.00017000608355168152
INFO:cooler._balance:variance is 0.00010478673705803941
INFO:cooler._balance:variance is 6.531157995956134e-05
INFO:cooler._balance:variance is 4.047818267572366e-05
INFO:cooler._balance:variance is 2.5302083361004005e-05
INFO:cooler._balance:variance is 1.576271582331475e-05
INFO:cooler._balance:variance is 9.886027736073066e-06
INFO:cooler._balance:chr14
INFO:cooler._balance:variance is 1100.1186658362662
INFO:cooler._balance:variance is 186.87518086414326
INFO:cooler._balance:variance is 39.17238127846902
INFO:cooler._balance:variance is 38.32811311230169
INFO:cooler._balance:variance is 12.337293864491334
INFO:cooler._balance:variance is 11.303584608641767
INFO:cooler._balance:variance is 4.304697539275124
INFO:cooler._balance:variance is 3.894012806304321
INFO:cooler._balance:variance is 1.6316840583804377
INFO:cooler._balance:variance is 1.5330259135573066
INFO:cooler._balance:variance is 0.6888143159627192
INFO:cooler._balance:variance is 0.6809716978758961
INFO:cooler._balance:variance is 0.3276476136227351
INFO:cooler._balance:variance is 0.3345314692908097
INFO:cooler._balance:variance is 0.17314595657093435
INFO:cooler._balance:variance is 0.17726481935801244
INFO:cooler._balance:variance is 0.09864731409192379
INFO:cooler._balance:variance is 0.09898546445558859
INFO:cooler._balance:variance is 0.05883684875967508
INFO:cooler._balance:variance is 0.057219606503785755
INFO:cooler._balance:variance is 0.03597868790909695
INFO:cooler._balance:variance is 0.03382817133850051
INFO:cooler._balance:variance is 0.022277680475421825
INFO:cooler._balance:variance is 0.020295497100379256
INFO:cooler._balance:variance is 0.013873810271717234
INFO:cooler._balance:variance is 0.01229680554396973
INFO:cooler._balance:variance is 0.008660185825761831
INFO:cooler._balance:variance is 0.007501061151518186
INFO:cooler._balance:variance is 0.005409253779933998
INFO:cooler._balance:variance is 0.00459762248910818
INFO:cooler._balance:variance is 0.003378277423506427
INFO:cooler._balance:variance is 0.0028278527517608242
INFO:cooler._balance:variance is 0.0021089615054644744
INFO:cooler._balance:variance is 0.0017438374024056611
INFO:cooler._balance:variance is 0.0013158948659634014
INFO:cooler._balance:variance is 0.0010774785184700702
INFO:cooler._balance:variance is 0.0008206555040682005
INFO:cooler._balance:variance is 0.000666757690974182
INFO:cooler._balance:variance is 0.0005115801688777259
INFO:cooler._balance:variance is 0.0004130845798260503
INFO:cooler._balance:variance is 0.0003187944935387779
INFO:cooler._balance:variance is 0.0002561605437365523
INFO:cooler._balance:variance is 0.00019860154691643295
INFO:cooler._balance:variance is 0.00015896607761600533
INFO:cooler._balance:variance is 0.00012369617574755138
INFO:cooler._balance:variance is 9.870777172415043e-05
INFO:cooler._balance:variance is 7.702909472774878e-05
INFO:cooler._balance:variance is 6.13200979494136e-05
INFO:cooler._balance:variance is 4.7961988176019314e-05
INFO:cooler._balance:variance is 3.8108307849641736e-05
INFO:cooler._balance:variance is 2.9860614401957783e-05
INFO:cooler._balance:variance is 2.369031478160336e-05
INFO:cooler._balance:variance is 1.8589667857836204e-05
INFO:cooler._balance:variance is 1.4730983687937133e-05
INFO:cooler._balance:variance is 1.1572451193222195e-05
INFO:cooler._balance:variance is 9.161842256576789e-06
INFO:cooler._balance:chr15
INFO:cooler._balance:variance is 833.5475650988404
INFO:cooler._balance:variance is 113.57238261747749
INFO:cooler._balance:variance is 25.675301124173867
INFO:cooler._balance:variance is 24.82921812584333
INFO:cooler._balance:variance is 9.183319915676643
INFO:cooler._balance:variance is 8.295481075848919
INFO:cooler._balance:variance is 3.7213503318833188
INFO:cooler._balance:variance is 3.0671734235789456
INFO:cooler._balance:variance is 1.550427710724685
INFO:cooler._balance:variance is 1.1955298019306893
INFO:cooler._balance:variance is 0.6537317128920987
INFO:cooler._balance:variance is 0.48218828468803127
INFO:cooler._balance:variance is 0.27815147093690107
INFO:cooler._balance:variance is 0.19955376777142428
INFO:cooler._balance:variance is 0.11956509388115158
INFO:cooler._balance:variance is 0.0844710243251548
INFO:cooler._balance:variance is 0.052089288143841485
INFO:cooler._balance:variance is 0.036587038682884626
INFO:cooler._balance:variance is 0.023115330204773923
INFO:cooler._balance:variance is 0.016274631874555058
INFO:cooler._balance:variance is 0.010527543328162236
INFO:cooler._balance:variance is 0.0074897597676397976
INFO:cooler._balance:variance is 0.004974937755535521
INFO:cooler._balance:variance is 0.0036082901725669244
INFO:cooler._balance:variance is 0.002476258403441969
INFO:cooler._balance:variance is 0.0018490889641730687
INFO:cooler._balance:variance is 0.0013218523956597876
INFO:cooler._balance:variance is 0.0010260036508432226
INFO:cooler._balance:variance is 0.0007696836725510393
INFO:cooler._balance:variance is 0.0006249746622489948
INFO:cooler._balance:variance is 0.0004933968080116399
INFO:cooler._balance:variance is 0.0004192935737223143
INFO:cooler._balance:variance is 0.0003470802278343866
INFO:cooler._balance:variance is 0.00030696276353707534
INFO:cooler._balance:variance is 0.0002641601123889437
INFO:cooler._balance:variance is 0.00024100430867913513
INFO:cooler._balance:variance is 0.00021349748361991546
INFO:cooler._balance:variance is 0.00019917188991693793
INFO:cooler._balance:variance is 0.00018008548531488907
INFO:cooler._balance:variance is 0.00017058076286753044
INFO:cooler._balance:variance is 0.00015643294423578453
INFO:cooler._balance:variance is 0.00014970000867329698
INFO:cooler._balance:variance is 0.00013864687867550275
INFO:cooler._balance:variance is 0.00013359673933754782
INFO:cooler._balance:variance is 0.0001246119059660199
INFO:cooler._balance:variance is 0.00012064139828683784
INFO:cooler._balance:variance is 0.00011312216405938471
INFO:cooler._balance:variance is 0.00010988263247607076
INFO:cooler._balance:variance is 0.00010345515142059039
INFO:cooler._balance:variance is 0.00010073610193384886
INFO:cooler._balance:variance is 9.515569576594533e-05
INFO:cooler._balance:variance is 9.282436072167901e-05
INFO:cooler._balance:variance is 8.792264783715925e-05
INFO:cooler._balance:variance is 8.58915599448361e-05
INFO:cooler._balance:variance is 8.154733461229113e-05
INFO:cooler._balance:variance is 7.975637007545157e-05
INFO:cooler._balance:variance is 7.587893199119396e-05
INFO:cooler._balance:variance is 7.428505979057098e-05
INFO:cooler._balance:variance is 7.080429428104552e-05
INFO:cooler._balance:variance is 6.937555150665788e-05
INFO:cooler._balance:variance is 6.623579620994574e-05
INFO:cooler._balance:variance is 6.494764526154884e-05
INFO:cooler._balance:variance is 6.210375304965124e-05
INFO:cooler._balance:variance is 6.0936815875335086e-05
INFO:cooler._balance:variance is 5.835153419073493e-05
INFO:cooler._balance:variance is 5.729014189349768e-05
INFO:cooler._balance:variance is 5.493230694400809e-05
INFO:cooler._balance:variance is 5.396354344971479e-05
INFO:cooler._balance:variance is 5.180679498979835e-05
INFO:cooler._balance:variance is 5.0919847065906924e-05
INFO:cooler._balance:variance is 4.8941686241328334e-05
INFO:cooler._balance:variance is 4.812738803967797e-05
INFO:cooler._balance:variance is 4.630846825619641e-05
INFO:cooler._balance:variance is 4.555897249128629e-05
INFO:cooler._balance:variance is 4.3882553244637823e-05
INFO:cooler._balance:variance is 4.319108700253109e-05
INFO:cooler._balance:variance is 4.164260485214255e-05
INFO:cooler._balance:variance is 4.100328351837957e-05
INFO:cooler._balance:variance is 3.957000943388687e-05
INFO:cooler._balance:variance is 3.8977691648149394e-05
INFO:cooler._balance:variance is 3.764845351288061e-05
INFO:cooler._balance:variance is 3.709862587637238e-05
INFO:cooler._balance:variance is 3.5863581142203186e-05
INFO:cooler._balance:variance is 3.5352265058721014e-05
INFO:cooler._balance:variance is 3.420271267961482e-05
INFO:cooler._balance:variance is 3.372638804970896e-05
INFO:cooler._balance:variance is 3.2654611637708196e-05
INFO:cooler._balance:variance is 3.221015365196697e-05
INFO:cooler._balance:variance is 3.1209289764720064e-05
INFO:cooler._balance:variance is 3.0793916060482605e-05
INFO:cooler._balance:variance is 2.9857842932432343e-05
INFO:cooler._balance:variance is 2.9469069073597575e-05
INFO:cooler._balance:variance is 2.8592312126565727e-05
INFO:cooler._balance:variance is 2.822791385225288e-05
INFO:cooler._balance:variance is 2.740556508295577e-05
INFO:cooler._balance:variance is 2.706354611872426e-05
INFO:cooler._balance:variance is 2.6291195038070044e-05
INFO:cooler._balance:variance is 2.5969759518374356e-05
INFO:cooler._balance:variance is 2.5243433761814294e-05
INFO:cooler._balance:variance is 2.494096250310453e-05
INFO:cooler._balance:variance is 2.4257076578285093e-05
INFO:cooler._balance:variance is 2.397210658756598e-05
INFO:cooler._balance:variance is 2.3327417499585144e-05
INFO:cooler._balance:variance is 2.3058624216088525e-05
INFO:cooler._balance:variance is 2.245019292942796e-05
INFO:cooler._balance:variance is 2.2196374785885177e-05
INFO:cooler._balance:variance is 2.1621532658153874e-05
INFO:cooler._balance:variance is 2.1381597618892897e-05
INFO:cooler._balance:variance is 2.0837917084421713e-05
INFO:cooler._balance:variance is 2.061087087447897e-05
INFO:cooler._balance:variance is 2.0096139772403323e-05
INFO:cooler._balance:variance is 1.988107555809813e-05
INFO:cooler._balance:variance is 1.939327459539288e-05
INFO:cooler._balance:variance is 1.918936391478104e-05
INFO:cooler._balance:variance is 1.872664683375788e-05
INFO:cooler._balance:variance is 1.8533131606464506e-05
INFO:cooler._balance:variance is 1.809380769178654e-05
INFO:cooler._balance:variance is 1.790999316369338e-05
INFO:cooler._balance:variance is 1.749251177858995e-05
INFO:cooler._balance:variance is 1.7317760278246704e-05
INFO:cooler._balance:variance is 1.6920697165177277e-05
INFO:cooler._balance:variance is 1.6754422566888198e-05
INFO:cooler._balance:variance is 1.637646768622307e-05
INFO:cooler._balance:variance is 1.6218130489782557e-05
INFO:cooler._balance:variance is 1.5858077202231434e-05
INFO:cooler._balance:variance is 1.570718015204632e-05
INFO:cooler._balance:variance is 1.536391557778102e-05
INFO:cooler._balance:variance is 1.5219999754792781e-05
INFO:cooler._balance:variance is 1.4892496165206872e-05
INFO:cooler._balance:variance is 1.4755137494226906e-05
INFO:cooler._balance:variance is 1.444244461182719e-05
INFO:cooler._balance:variance is 1.4311250734527757e-05
INFO:cooler._balance:variance is 1.401248883309875e-05
INFO:cooler._balance:variance is 1.3887096303562204e-05
INFO:cooler._balance:variance is 1.3601450014932417e-05
INFO:cooler._balance:variance is 1.3481521780310126e-05
INFO:cooler._balance:variance is 1.3208234526226931e-05
INFO:cooler._balance:variance is 1.3093457659811796e-05
INFO:cooler._balance:variance is 1.2831826637827411e-05
INFO:cooler._balance:variance is 1.2721910296093457e-05
INFO:cooler._balance:variance is 1.2471281957366241e-05
INFO:cooler._balance:variance is 1.2365955536000955e-05
INFO:cooler._balance:variance is 1.2125721500610804e-05
INFO:cooler._balance:variance is 1.2024732967716654e-05
INFO:cooler._balance:variance is 1.1794326329784939e-05
INFO:cooler._balance:variance is 1.1697440717046933e-05
INFO:cooler._balance:variance is 1.1476332697721403e-05
INFO:cooler._balance:variance is 1.1383330732673791e-05
INFO:cooler._balance:variance is 1.1171027644037464e-05
INFO:cooler._balance:variance is 1.10817045085349e-05
INFO:cooler._balance:variance is 1.0877744995887097e-05
INFO:cooler._balance:variance is 1.0791909197644654e-05
INFO:cooler._balance:variance is 1.0595861731328018e-05
INFO:cooler._balance:variance is 1.0513334076939253e-05
INFO:cooler._balance:variance is 1.0324794668264121e-05
INFO:cooler._balance:variance is 1.0245407327365398e-05
INFO:cooler._balance:variance is 1.0063997446027994e-05
INFO:cooler._balance:variance is 9.9875930974906e-06
INFO:cooler._balance:chr16
INFO:cooler._balance:variance is 745.0808855709726
INFO:cooler._balance:variance is 69.81636437083264
INFO:cooler._balance:variance is 17.38235319297482
INFO:cooler._balance:variance is 10.128783891659221
INFO:cooler._balance:variance is 4.744265696391142
INFO:cooler._balance:variance is 2.950495862063246
INFO:cooler._balance:variance is 1.6643331086112965
INFO:cooler._balance:variance is 1.0642535371314303
INFO:cooler._balance:variance is 0.6612660274681296
INFO:cooler._balance:variance is 0.4348848764847998
INFO:cooler._balance:variance is 0.28567297145753323
INFO:cooler._balance:variance is 0.1923335756818962
INFO:cooler._balance:variance is 0.13058038828770505
INFO:cooler._balance:variance is 0.08947704258121028
INFO:cooler._balance:variance is 0.061957761514636576
INFO:cooler._balance:variance is 0.04298927923226268
INFO:cooler._balance:variance is 0.03011976966405407
INFO:cooler._balance:variance is 0.021079433963567647
INFO:cooler._balance:variance is 0.014872452092570968
INFO:cooler._balance:variance is 0.010469562856215116
INFO:cooler._balance:variance is 0.007417234560076102
INFO:cooler._balance:variance is 0.005241991032603901
INFO:cooler._balance:variance is 0.0037227150606433915
INFO:cooler._balance:variance is 0.002637909399274986
INFO:cooler._balance:variance is 0.0018760102844826054
INFO:cooler._balance:variance is 0.0013316910278857428
INFO:cooler._balance:variance is 0.0009478340161442923
INFO:cooler._balance:variance is 0.000673621770141028
INFO:cooler._balance:variance is 0.00047967479643037616
INFO:cooler._balance:variance is 0.0003411751725239605
INFO:cooler._balance:variance is 0.0002430087182758317
INFO:cooler._balance:variance is 0.00017293626332744597
INFO:cooler._balance:variance is 0.000123194996948184
INFO:cooler._balance:variance is 8.770315575556725e-05
INFO:cooler._balance:variance is 6.248209035707493e-05
INFO:cooler._balance:variance is 4.449228534488999e-05
INFO:cooler._balance:variance is 3.169873189746241e-05
INFO:cooler._balance:variance is 2.2575831395379774e-05
INFO:cooler._balance:variance is 1.6084541085781954e-05
INFO:cooler._balance:variance is 1.145671355433364e-05
INFO:cooler._balance:variance is 8.162587698399212e-06
INFO:cooler._balance:chr17
INFO:cooler._balance:variance is 847.6667676859897
INFO:cooler._balance:variance is 94.70583481203789
INFO:cooler._balance:variance is 38.78091893656849
INFO:cooler._balance:variance is 27.59831485979559
INFO:cooler._balance:variance is 16.106057341201346
INFO:cooler._balance:variance is 11.466953086311431
INFO:cooler._balance:variance is 7.100206124780529
INFO:cooler._balance:variance is 4.941313597662808
INFO:cooler._balance:variance is 3.1476549087221573
INFO:cooler._balance:variance is 2.1556831488407666
INFO:cooler._balance:variance is 1.3956660725483103
INFO:cooler._balance:variance is 0.945932736875594
INFO:cooler._balance:variance is 0.6184599234460412
INFO:cooler._balance:variance is 0.41639343216524854
INFO:cooler._balance:variance is 0.27389964677620937
INFO:cooler._balance:variance is 0.18362726743039384
INFO:cooler._balance:variance is 0.12125212645486567
INFO:cooler._balance:variance is 0.0810673938514141
INFO:cooler._balance:variance is 0.05366188566904561
INFO:cooler._balance:variance is 0.035813936068768454
INFO:cooler._balance:variance is 0.023744650822899407
INFO:cooler._balance:variance is 0.015828848798246763
INFO:cooler._balance:variance is 0.010505576432367339
INFO:cooler._balance:variance is 0.006998008199129783
INFO:cooler._balance:variance is 0.00464781967816501
INFO:cooler._balance:variance is 0.003094483997458248
INFO:cooler._balance:variance is 0.0020562132350622295
INFO:cooler._balance:variance is 0.0013685673636985854
INFO:cooler._balance:variance is 0.0009096746771021859
INFO:cooler._balance:variance is 0.000605330639828688
INFO:cooler._balance:variance is 0.00040244782489945794
INFO:cooler._balance:variance is 0.0002677673457523351
INFO:cooler._balance:variance is 0.00017805038656583204
INFO:cooler._balance:variance is 0.00011845529468951569
INFO:cooler._balance:variance is 7.877510922324781e-05
INFO:cooler._balance:variance is 5.240574517632902e-05
INFO:cooler._balance:variance is 3.485377230886829e-05
INFO:cooler._balance:variance is 2.318611404535341e-05
INFO:cooler._balance:variance is 1.5421496202256774e-05
INFO:cooler._balance:variance is 1.0258873931005802e-05
INFO:cooler._balance:variance is 6.823701014912589e-06
INFO:cooler._balance:chr18
INFO:cooler._balance:variance is 835.4867000469983
INFO:cooler._balance:variance is 55.573620520720915
INFO:cooler._balance:variance is 14.26512474009644
INFO:cooler._balance:variance is 6.152338642980864
INFO:cooler._balance:variance is 2.528306599793949
INFO:cooler._balance:variance is 1.1477415500395833
INFO:cooler._balance:variance is 0.5057089804692113
INFO:cooler._balance:variance is 0.23196842890280084
INFO:cooler._balance:variance is 0.1050659530807866
INFO:cooler._balance:variance is 0.04848838624529192
INFO:cooler._balance:variance is 0.022255074445961597
INFO:cooler._balance:variance is 0.010308724828806
INFO:cooler._balance:variance is 0.0047639736461239845
INFO:cooler._balance:variance is 0.0022117543789312655
INFO:cooler._balance:variance is 0.0010259059107958369
INFO:cooler._balance:variance is 0.000476987871003182
INFO:cooler._balance:variance is 0.00022170617283231138
INFO:cooler._balance:variance is 0.00010317844191190467
INFO:cooler._balance:variance is 4.801532716750753e-05
INFO:cooler._balance:variance is 2.235950569923912e-05
INFO:cooler._balance:variance is 1.0412695833814216e-05
INFO:cooler._balance:variance is 4.850938484032057e-06
INFO:cooler._balance:chr20
INFO:cooler._balance:variance is 875.5837063814415
INFO:cooler._balance:variance is 49.57773104574504
INFO:cooler._balance:variance is 14.331237382757955
INFO:cooler._balance:variance is 7.491728962873893
INFO:cooler._balance:variance is 3.755851275611978
INFO:cooler._balance:variance is 2.1982402071610356
INFO:cooler._balance:variance is 1.2356474776554378
INFO:cooler._balance:variance is 0.7532229957166567
INFO:cooler._balance:variance is 0.4527782336245805
INFO:cooler._balance:variance is 0.28487574420767087
INFO:cooler._balance:variance is 0.17913913646250756
INFO:cooler._balance:variance is 0.1155173641865488
INFO:cooler._balance:variance is 0.07482289032691287
INFO:cooler._balance:variance is 0.04911113995948055
INFO:cooler._balance:variance is 0.03240681197117088
INFO:cooler._balance:variance is 0.021525698589918738
INFO:cooler._balance:variance is 0.014364508064012701
INFO:cooler._balance:variance is 0.009614850642251612
INFO:cooler._balance:variance is 0.006458741128683375
INFO:cooler._balance:variance is 0.004343967330903657
INFO:cooler._balance:variance is 0.0029292446245235016
INFO:cooler._balance:variance is 0.001975982432115326
INFO:cooler._balance:variance is 0.0013353863267501263
INFO:cooler._balance:variance is 0.0009024539585483993
INFO:cooler._balance:variance is 0.0006106520706793304
INFO:cooler._balance:variance is 0.0004131390356636259
INFO:cooler._balance:variance is 0.0002797531887247403
INFO:cooler._balance:variance is 0.00018939755429146172
INFO:cooler._balance:variance is 0.00012830074597740192
INFO:cooler._balance:variance is 8.689825594379724e-05
INFO:cooler._balance:variance is 5.8879699181064414e-05
INFO:cooler._balance:variance is 3.9889640057912437e-05
INFO:cooler._balance:variance is 2.7031552302370602e-05
INFO:cooler._balance:variance is 1.8316198160428573e-05
INFO:cooler._balance:variance is 1.2413033786640924e-05
INFO:cooler._balance:variance is 8.411738060393746e-06
INFO:cooler._balance:chrY
INFO:cooler._balance:variance is 154.32400340405843
INFO:cooler._balance:variance is 77.67517103532256
INFO:cooler._balance:variance is 24.656491142654506
INFO:cooler._balance:variance is 32.10153677990745
INFO:cooler._balance:variance is 14.596319306052846
INFO:cooler._balance:variance is 17.63062266835562
INFO:cooler._balance:variance is 9.269995852052343
INFO:cooler._balance:variance is 10.232287024827583
INFO:cooler._balance:variance is 5.901512376796874
INFO:cooler._balance:variance is 6.044496071690583
INFO:cooler._balance:variance is 3.7341034346551405
INFO:cooler._balance:variance is 3.602969891174849
INFO:cooler._balance:variance is 2.3470169807698147
INFO:cooler._balance:variance is 2.1609575005726858
INFO:cooler._balance:variance is 1.4669308433130372
INFO:cooler._balance:variance is 1.302297783017257
INFO:cooler._balance:variance is 0.912846405074801
INFO:cooler._balance:variance is 0.7878370570636388
INFO:cooler._balance:variance is 0.5661551335607833
INFO:cooler._balance:variance is 0.47807310285104554
INFO:cooler._balance:variance is 0.35025069804063713
INFO:cooler._balance:variance is 0.2908123842527551
INFO:cooler._balance:variance is 0.21627078092384527
INFO:cooler._balance:variance is 0.17724345853351736
INFO:cooler._balance:variance is 0.13335011206809358
INFO:cooler._balance:variance is 0.1081898972137563
INFO:cooler._balance:variance is 0.08213265419865676
INFO:cooler._balance:variance is 0.06611786619929669
INFO:cooler._balance:variance is 0.05054493328982896
INFO:cooler._balance:variance is 0.0404438917711726
INFO:cooler._balance:variance is 0.031085877920764504
INFO:cooler._balance:variance is 0.024757098121341567
INFO:cooler._balance:variance is 0.019108922805163835
INFO:cooler._balance:variance is 0.01516314974156863
INFO:cooler._balance:variance is 0.011742088310090798
INFO:cooler._balance:variance is 0.009291110826821769
INFO:cooler._balance:variance is 0.007213193953648547
INFO:cooler._balance:variance is 0.005694979447141703
INFO:cooler._balance:variance is 0.00443007889286352
INFO:cooler._balance:variance is 0.0034916461883740466
INFO:cooler._balance:variance is 0.002720312644319205
INFO:cooler._balance:variance is 0.002141196164737588
INFO:cooler._balance:variance is 0.0016701929370914618
INFO:cooler._balance:variance is 0.001313261359289422
INFO:cooler._balance:variance is 0.0010253404045665944
INFO:cooler._balance:variance is 0.0008055622511321419
INFO:cooler._balance:variance is 0.0006294095339345482
INFO:cooler._balance:variance is 0.0004941837425485454
INFO:cooler._balance:variance is 0.00038634057789890456
INFO:cooler._balance:variance is 0.0003031866208419934
INFO:cooler._balance:variance is 0.00023712933667611197
INFO:cooler._balance:variance is 0.0001860187488153402
INFO:cooler._balance:variance is 0.0001455402207249317
INFO:cooler._balance:variance is 0.00011413608658037146
INFO:cooler._balance:variance is 8.932382694694735e-05
INFO:cooler._balance:variance is 7.003328603671295e-05
INFO:cooler._balance:variance is 5.4820261825985026e-05
INFO:cooler._balance:variance is 4.2973225169775264e-05
INFO:cooler._balance:variance is 3.364392678188078e-05
INFO:cooler._balance:variance is 2.636942757239923e-05
INFO:cooler._balance:variance is 2.064742219142232e-05
INFO:cooler._balance:variance is 1.6181200164049455e-05
INFO:cooler._balance:variance is 1.2671265344895527e-05
INFO:cooler._balance:variance is 9.929478653448993e-06
INFO:cooler._balance:chr19
INFO:cooler._balance:variance is 1245.2019130167757
INFO:cooler._balance:variance is 230.69774089585206
INFO:cooler._balance:variance is 90.90957100075875
INFO:cooler._balance:variance is 69.6823811514595
INFO:cooler._balance:variance is 34.98317254011978
INFO:cooler._balance:variance is 25.876965969022265
INFO:cooler._balance:variance is 14.38405868148817
INFO:cooler._balance:variance is 10.226182299926432
INFO:cooler._balance:variance is 6.073207162315028
INFO:cooler._balance:variance is 4.201484563223439
INFO:cooler._balance:variance is 2.600269783572484
INFO:cooler._balance:variance is 1.767831454332863
INFO:cooler._balance:variance is 1.1218564410196452
INFO:cooler._balance:variance is 0.7544406377892203
INFO:cooler._balance:variance is 0.48604831252517855
INFO:cooler._balance:variance is 0.3246383677334182
INFO:cooler._balance:variance is 0.2110643800971457
INFO:cooler._balance:variance is 0.1403651493639461
INFO:cooler._balance:variance is 0.0917663263425702
INFO:cooler._balance:variance is 0.06085956652254092
INFO:cooler._balance:variance is 0.039923754852133134
INFO:cooler._balance:variance is 0.02643036089034397
INFO:cooler._balance:variance is 0.017374874499802268
INFO:cooler._balance:variance is 0.011489199174432245
INFO:cooler._balance:variance is 0.007562773842417015
INFO:cooler._balance:variance is 0.004997114363582399
INFO:cooler._balance:variance is 0.0032920903667361732
INFO:cooler._balance:variance is 0.002174166506505049
INFO:cooler._balance:variance is 0.001433093685303261
INFO:cooler._balance:variance is 0.0009461331873454124
INFO:cooler._balance:variance is 0.0006238506149401442
INFO:cooler._balance:variance is 0.00041177828951979785
INFO:cooler._balance:variance is 0.0002715725874959155
INFO:cooler._balance:variance is 0.0001792280269255588
INFO:cooler._balance:variance is 0.00011821951436845641
INFO:cooler._balance:variance is 7.801309367788924e-05
INFO:cooler._balance:variance is 5.146240844828013e-05
INFO:cooler._balance:variance is 3.3957898621041166e-05
INFO:cooler._balance:variance is 2.240211328611248e-05
INFO:cooler._balance:variance is 1.478159731055421e-05
INFO:cooler._balance:variance is 9.75183195758657e-06
INFO:cooler._balance:chr22
INFO:cooler._balance:variance is 1829.5977048039222
INFO:cooler._balance:variance is 407.0771983121986
INFO:cooler._balance:variance is 151.15515044996386
INFO:cooler._balance:variance is 217.4118899067596
INFO:cooler._balance:variance is 110.1901533937743
INFO:cooler._balance:variance is 149.3198671678014
INFO:cooler._balance:variance is 82.80131544735279
INFO:cooler._balance:variance is 104.84326953930407
INFO:cooler._balance:variance is 61.77111811375549
INFO:cooler._balance:variance is 73.5306501070254
INFO:cooler._balance:variance is 45.58253603481528
INFO:cooler._balance:variance is 51.394171162144566
INFO:cooler._balance:variance is 33.303207164279016
INFO:cooler._balance:variance is 35.83202588209635
INFO:cooler._balance:variance is 24.132218049345006
INFO:cooler._balance:variance is 24.948128198874738
INFO:cooler._balance:variance is 17.371871008658353
INFO:cooler._balance:variance is 17.361660485915507
INFO:cooler._balance:variance is 12.440338923583784
INFO:cooler._balance:variance is 12.083126582315584
INFO:cooler._balance:variance is 8.872222026729744
INFO:cooler._balance:variance is 8.412991456425313
INFO:cooler._balance:variance is 6.3069998455897816
INFO:cooler._balance:variance is 5.861161716548401
INFO:cooler._balance:variance is 4.471946039605248
INFO:cooler._balance:variance is 4.086135599978172
INFO:cooler._balance:variance is 3.16433195293199
INFO:cooler._balance:variance is 2.8506432143378824
INFO:cooler._balance:variance is 2.2354124736325764
INFO:cooler._balance:variance is 1.9900419007992436
INFO:cooler._balance:variance is 1.577114803486203
INFO:cooler._balance:variance is 1.3901118831831765
INFO:cooler._balance:variance is 1.1114990716178463
INFO:cooler._balance:variance is 0.9715831456175875
INFO:cooler._balance:variance is 0.7826764577863322
INFO:cooler._balance:variance is 0.679400800261054
INFO:cooler._balance:variance is 0.5507471147236003
INFO:cooler._balance:variance is 0.4752933467619124
INFO:cooler._balance:variance is 0.3873241184262885
INFO:cooler._balance:variance is 0.3326307241550959
INFO:cooler._balance:variance is 0.27226630166916693
INFO:cooler._balance:variance is 0.23286565058308056
INFO:cooler._balance:variance is 0.1913138476613038
INFO:cooler._balance:variance is 0.16306877418229693
INFO:cooler._balance:variance is 0.13438828480298
INFO:cooler._balance:variance is 0.11421962105046363
INFO:cooler._balance:variance is 0.09437627128524749
INFO:cooler._balance:variance is 0.08002020162321238
INFO:cooler._balance:variance is 0.06626286028926479
INFO:cooler._balance:variance is 0.05607046391172839
INFO:cooler._balance:variance is 0.046515699827848
INFO:cooler._balance:variance is 0.039294582341110586
INFO:cooler._balance:variance is 0.032648570801988845
INFO:cooler._balance:variance is 0.02754135638379127
INFO:cooler._balance:variance is 0.02291262952416025
INFO:cooler._balance:variance is 0.01930561544779947
INFO:cooler._balance:variance is 0.01607832696134022
INFO:cooler._balance:variance is 0.013533822595889087
INFO:cooler._balance:variance is 0.01128156679982551
INFO:cooler._balance:variance is 0.00948832879257016
INFO:cooler._balance:variance is 0.007915289927261536
INFO:cooler._balance:variance is 0.006652520822440419
INFO:cooler._balance:variance is 0.005553135060330102
INFO:cooler._balance:variance is 0.00466450629154802
INFO:cooler._balance:variance is 0.003895721815686432
INFO:cooler._balance:variance is 0.0032707276422889917
INFO:cooler._balance:variance is 0.00273287334232232
INFO:cooler._balance:variance is 0.002293502664294273
INFO:cooler._balance:variance is 0.0019170609315275501
INFO:cooler._balance:variance is 0.0016083023157966384
INFO:cooler._balance:variance is 0.0013447441379605882
INFO:cooler._balance:variance is 0.0011278400466177736
INFO:cooler._balance:variance is 0.0009432630201751006
INFO:cooler._balance:variance is 0.0007909278798887135
INFO:cooler._balance:variance is 0.0006616329054062507
INFO:cooler._balance:variance is 0.0005546694739800751
INFO:cooler._balance:variance is 0.00046408119442655003
INFO:cooler._balance:variance is 0.0003889899304524006
INFO:cooler._balance:variance is 0.00032551022947134616
INFO:cooler._balance:variance is 0.00027280233289930306
INFO:cooler._balance:variance is 0.0002283127268892148
INFO:cooler._balance:variance is 0.0001913209446415819
INFO:cooler._balance:variance is 0.00016013684074686897
INFO:cooler._balance:variance is 0.0001341778735574337
INFO:cooler._balance:variance is 0.00011231784305472968
INFO:cooler._balance:variance is 9.410281270037244e-05
INFO:cooler._balance:variance is 7.877768399622542e-05
INFO:cooler._balance:variance is 6.599743825476393e-05
INFO:cooler._balance:variance is 5.525290468165358e-05
INFO:cooler._balance:variance is 4.628645032977263e-05
INFO:cooler._balance:variance is 3.875296050033825e-05
INFO:cooler._balance:variance is 3.24625492387397e-05
INFO:cooler._balance:variance is 2.718021393279158e-05
INFO:cooler._balance:variance is 2.2767376912932445e-05
INFO:cooler._balance:variance is 1.906335607178625e-05
INFO:cooler._balance:variance is 1.596778731942844e-05
INFO:cooler._balance:variance is 1.3370406043001892e-05
INFO:cooler._balance:variance is 1.1198958258390508e-05
INFO:cooler._balance:variance is 9.377536954249283e-06
INFO:cooler._balance:chr21
INFO:cooler._balance:variance is 765.9311931861145
INFO:cooler._balance:variance is 372.45570753226986
INFO:cooler._balance:variance is 84.24268733063322
INFO:cooler._balance:variance is 148.96768158984221
INFO:cooler._balance:variance is 46.22521244869778
INFO:cooler._balance:variance is 81.48896528293716
INFO:cooler._balance:variance is 29.634391063505735
INFO:cooler._balance:variance is 48.77441530299444
INFO:cooler._balance:variance is 20.154969076371216
INFO:cooler._balance:variance is 30.404575086531484
INFO:cooler._balance:variance is 14.01479517203242
INFO:cooler._balance:variance is 19.380830949232262
INFO:cooler._balance:variance is 9.809761305464738
INFO:cooler._balance:variance is 12.531644953519926
INFO:cooler._balance:variance is 6.8689539783041464
INFO:cooler._balance:variance is 8.186791840001566
INFO:cooler._balance:variance is 4.800477209023584
INFO:cooler._balance:variance is 5.391340527373191
INFO:cooler._balance:variance is 3.3461990516713045
INFO:cooler._balance:variance is 3.5735886562740315
INFO:cooler._balance:variance is 2.32645437651818
INFO:cooler._balance:variance is 2.381551463185306
INFO:cooler._balance:variance is 1.6137088758015559
INFO:cooler._balance:variance is 1.5943718962539317
INFO:cooler._balance:variance is 1.117093866049052
INFO:cooler._balance:variance is 1.0714952304527243
INFO:cooler._balance:variance is 0.7720306769569865
INFO:cooler._balance:variance is 0.7224548238921359
INFO:cooler._balance:variance is 0.5328363740072067
INFO:cooler._balance:variance is 0.4884736815675307
INFO:cooler._balance:variance is 0.36735390414974245
INFO:cooler._balance:variance is 0.3310591311093162
INFO:cooler._balance:variance is 0.253050190614273
INFO:cooler._balance:variance is 0.22483078346685692
INFO:cooler._balance:variance is 0.1741981429737453
INFO:cooler._balance:variance is 0.1529561683562131
INFO:cooler._balance:variance is 0.11985733206436842
INFO:cooler._balance:variance is 0.10421590042614078
INFO:cooler._balance:variance is 0.08243792255749582
INFO:cooler._balance:variance is 0.07109971261253822
INFO:cooler._balance:variance is 0.05668622140710664
INFO:cooler._balance:variance is 0.04856164346439736
INFO:cooler._balance:variance is 0.03897211172419638
INFO:cooler._balance:variance is 0.03320067019888269
INFO:cooler._balance:variance is 0.026790876754854944
INFO:cooler._balance:variance is 0.022718212377457962
INFO:cooler._balance:variance is 0.018416240346003577
INFO:cooler._balance:variance is 0.015557121207660864
INFO:cooler._balance:variance is 0.012659470279996659
INFO:cooler._balance:variance is 0.010660382771100898
INFO:cooler._balance:variance is 0.008702537095151081
INFO:cooler._balance:variance is 0.007309223331854986
INFO:cooler._balance:variance is 0.005982791458947316
INFO:cooler._balance:variance is 0.005014131242687247
INFO:cooler._balance:variance is 0.004113376851080438
INFO:cooler._balance:variance is 0.003441290845573362
INFO:cooler._balance:variance is 0.002828371810133758
INFO:cooler._balance:variance is 0.002362799415015769
INFO:cooler._balance:variance is 0.0019450138531553998
INFO:cooler._balance:variance is 0.0016229067537956437
INFO:cooler._balance:variance is 0.0013377051652585866
INFO:cooler._balance:variance is 0.001115078364695593
INFO:cooler._balance:variance is 0.0009201353023856905
INFO:cooler._balance:variance is 0.0007663872163468877
INFO:cooler._balance:variance is 0.0006329911810382252
INFO:cooler._balance:variance is 0.0005268777254955185
INFO:cooler._balance:variance is 0.0004355104803899793
INFO:cooler._balance:variance is 0.0003623091708061413
INFO:cooler._balance:variance is 0.00029967756995694523
INFO:cooler._balance:variance is 0.00024919950339807927
INFO:cooler._balance:variance is 0.00020623565670585192
INFO:cooler._balance:variance is 0.00017143714474385786
INFO:cooler._balance:variance is 0.00014194692874213233
INFO:cooler._balance:variance is 0.00011796280099874156
INFO:cooler._balance:variance is 9.771011951903835e-05
INFO:cooler._balance:variance is 8.118222128976296e-05
INFO:cooler._balance:variance is 6.726710734620802e-05
INFO:cooler._balance:variance is 5.587872573573965e-05
INFO:cooler._balance:variance is 4.631416609106386e-05
INFO:cooler._balance:variance is 3.8467714520505686e-05
INFO:cooler._balance:variance is 3.1891207780144724e-05
INFO:cooler._balance:variance is 2.6485352089580755e-05
INFO:cooler._balance:variance is 2.1962015213805395e-05
INFO:cooler._balance:variance is 1.823770585024442e-05
INFO:cooler._balance:variance is 1.5125703086296145e-05
INFO:cooler._balance:variance is 1.2559888233114967e-05
INFO:cooler._balance:variance is 1.041835565022031e-05
INFO:cooler._balance:variance is 8.650651887611801e-06
INFO:cooler._balance:chrM
INFO:cooler._balance:variance is 29666.830449826994
INFO:cooler._balance:variance is 1919.366884014508
INFO:cooler._balance:variance is 166.90236280160684
INFO:cooler._balance:variance is 20.682530649460126
INFO:cooler._balance:variance is 3.276019604184424
INFO:cooler._balance:variance is 0.5552255975118924
INFO:cooler._balance:variance is 0.09818396740910451
INFO:cooler._balance:variance is 0.017642259665430544
INFO:cooler._balance:variance is 0.0032143036277877354
INFO:cooler._balance:variance is 0.0005907490315996713
INFO:cooler._balance:variance is 0.00010944711109708098
INFO:cooler._balance:variance is 2.0414064048862058e-05
INFO:cooler._balance:variance is 3.8328708929119115e-06
