INFO:cooler.cli.balance:Balancing "analysis_other/porec/T2T12/cooler/T2T12_500000_balanced.cool"
INFO:cooler._balance:chr1
INFO:cooler._balance:variance is 343992978.51649266
INFO:cooler._balance:variance is 68929007.69700357
INFO:cooler._balance:variance is 20643402.88912913
INFO:cooler._balance:variance is 8452955.035497421
INFO:cooler._balance:variance is 3404304.935652189
INFO:cooler._balance:variance is 1453615.2580590665
INFO:cooler._balance:variance is 605435.7887399371
INFO:cooler._balance:variance is 257549.60690162066
INFO:cooler._balance:variance is 108178.81041917033
INFO:cooler._balance:variance is 45843.017123101235
INFO:cooler._balance:variance is 19317.700289674394
INFO:cooler._balance:variance is 8170.986441372784
INFO:cooler._balance:variance is 3447.792053009297
INFO:cooler._balance:variance is 1457.1419033697905
INFO:cooler._balance:variance is 615.1978445294844
INFO:cooler._balance:variance is 259.9091122777549
INFO:cooler._balance:variance is 109.75855157122612
INFO:cooler._balance:variance is 46.36383755925034
INFO:cooler._balance:variance is 19.58123316814836
INFO:cooler._balance:variance is 8.270907137093987
INFO:cooler._balance:variance is 3.493270965838267
INFO:cooler._balance:variance is 1.4754807652225468
INFO:cooler._balance:variance is 0.62318999008753
INFO:cooler._balance:variance is 0.2632186995467783
INFO:cooler._balance:variance is 0.11117494943201615
INFO:cooler._balance:variance is 0.04695708102235323
INFO:cooler._balance:variance is 0.019833194900048007
INFO:cooler._balance:variance is 0.008376950234398379
INFO:cooler._balance:variance is 0.0035381652104528954
INFO:cooler._balance:variance is 0.0014944141975536671
INFO:cooler._balance:variance is 0.0006311947881137164
INFO:cooler._balance:variance is 0.00026659752973856577
INFO:cooler._balance:variance is 0.00011260265848902775
INFO:cooler._balance:variance is 4.75599394182569e-05
INFO:cooler._balance:variance is 2.008786866927634e-05
INFO:cooler._balance:variance is 8.484504438666643e-06
INFO:cooler._balance:chr2
INFO:cooler._balance:variance is 494570560.47532696
INFO:cooler._balance:variance is 90084802.5103879
INFO:cooler._balance:variance is 17466774.283649843
INFO:cooler._balance:variance is 3908762.118000974
INFO:cooler._balance:variance is 858683.9583921934
INFO:cooler._balance:variance is 196541.702350728
INFO:cooler._balance:variance is 45787.79679857244
INFO:cooler._balance:variance is 11006.290139943327
INFO:cooler._balance:variance is 2719.7682171852266
INFO:cooler._balance:variance is 692.0141906562383
INFO:cooler._balance:variance is 180.81402338411783
INFO:cooler._balance:variance is 48.379061561897814
INFO:cooler._balance:variance is 13.205934309322974
INFO:cooler._balance:variance is 3.663773193713317
INFO:cooler._balance:variance is 1.0295134160922403
INFO:cooler._balance:variance is 0.29212837972528505
INFO:cooler._balance:variance is 0.08350285186683122
INFO:cooler._balance:variance is 0.023998381723258053
INFO:cooler._balance:variance is 0.006924449668958119
INFO:cooler._balance:variance is 0.002003721166780925
INFO:cooler._balance:variance is 0.0005810191261973399
INFO:cooler._balance:variance is 0.00016872924842719508
INFO:cooler._balance:variance is 4.905164230801434e-05
INFO:cooler._balance:variance is 1.427077489193819e-05
INFO:cooler._balance:variance is 4.154105938813148e-06
INFO:cooler._balance:chr3
INFO:cooler._balance:variance is 313786081.1393599
INFO:cooler._balance:variance is 45274734.66261359
INFO:cooler._balance:variance is 6980314.878512414
INFO:cooler._balance:variance is 1351005.4636478066
INFO:cooler._balance:variance is 266392.06008561834
INFO:cooler._balance:variance is 57000.181527219574
INFO:cooler._balance:variance is 13031.366292850757
INFO:cooler._balance:variance is 3226.5125445258413
INFO:cooler._balance:variance is 855.7116444170665
INFO:cooler._balance:variance is 240.13657632129375
INFO:cooler._balance:variance is 70.1301106923702
INFO:cooler._balance:variance is 21.032576304562667
INFO:cooler._balance:variance is 6.41291482242013
INFO:cooler._balance:variance is 1.9750243508202492
INFO:cooler._balance:variance is 0.6118643466470228
INFO:cooler._balance:variance is 0.19021330889845858
INFO:cooler._balance:variance is 0.05925098106832191
INFO:cooler._balance:variance is 0.018477917533629946
INFO:cooler._balance:variance is 0.00576632773812929
INFO:cooler._balance:variance is 0.001800163971936429
INFO:cooler._balance:variance is 0.0005621085822897091
INFO:cooler._balance:variance is 0.0001755429003256601
INFO:cooler._balance:variance is 5.482489075614221e-05
INFO:cooler._balance:variance is 1.7123414503321114e-05
INFO:cooler._balance:variance is 5.348270013814139e-06
INFO:cooler._balance:chr4
INFO:cooler._balance:variance is 319409631.9902469
INFO:cooler._balance:variance is 38425493.612196945
INFO:cooler._balance:variance is 6235350.778593729
INFO:cooler._balance:variance is 1358393.0543081122
INFO:cooler._balance:variance is 327830.253421897
INFO:cooler._balance:variance is 87177.40816793681
INFO:cooler._balance:variance is 24011.373285947688
INFO:cooler._balance:variance is 6813.236829034527
INFO:cooler._balance:variance is 1956.3242477963142
INFO:cooler._balance:variance is 567.2064977829988
INFO:cooler._balance:variance is 165.18765888886492
INFO:cooler._balance:variance is 48.27290918526193
INFO:cooler._balance:variance is 14.131533880977265
INFO:cooler._balance:variance is 4.142154551999505
INFO:cooler._balance:variance is 1.2149642163753709
INFO:cooler._balance:variance is 0.3565406215845379
INFO:cooler._balance:variance is 0.10465807162098856
INFO:cooler._balance:variance is 0.03072670477004278
INFO:cooler._balance:variance is 0.009022057198299856
INFO:cooler._balance:variance is 0.0026492667856996247
INFO:cooler._balance:variance is 0.0007779719087123943
INFO:cooler._balance:variance is 0.00022846195479869723
INFO:cooler._balance:variance is 6.709202786714148e-05
INFO:cooler._balance:variance is 1.970300563620717e-05
INFO:cooler._balance:variance is 5.786244599689319e-06
INFO:cooler._balance:chr5
INFO:cooler._balance:variance is 381183738.2148012
INFO:cooler._balance:variance is 45037849.05413216
INFO:cooler._balance:variance is 6495097.94363573
INFO:cooler._balance:variance is 1022064.1971869674
INFO:cooler._balance:variance is 168477.62543896172
INFO:cooler._balance:variance is 29121.11108767527
INFO:cooler._balance:variance is 5291.548827672247
INFO:cooler._balance:variance is 1014.9503402658494
INFO:cooler._balance:variance is 206.03338284515482
INFO:cooler._balance:variance is 44.32909877806303
INFO:cooler._balance:variance is 10.083941426550401
INFO:cooler._balance:variance is 2.4131189342171333
INFO:cooler._balance:variance is 0.6028453021596154
INFO:cooler._balance:variance is 0.15591356075161403
INFO:cooler._balance:variance is 0.041408804949189394
INFO:cooler._balance:variance is 0.011215803558890272
INFO:cooler._balance:variance is 0.0030810388314711024
INFO:cooler._balance:variance is 0.0008548427485662185
INFO:cooler._balance:variance is 0.00023882538748431998
INFO:cooler._balance:variance is 6.704181148552995e-05
INFO:cooler._balance:variance is 1.888117848921069e-05
INFO:cooler._balance:variance is 5.329417422808044e-06
INFO:cooler._balance:chr6
INFO:cooler._balance:variance is 394872939.71589875
INFO:cooler._balance:variance is 106782134.74559622
INFO:cooler._balance:variance is 26252892.008701295
INFO:cooler._balance:variance is 8771078.390422689
INFO:cooler._balance:variance is 2653590.7845227215
INFO:cooler._balance:variance is 865074.5161323261
INFO:cooler._balance:variance is 274617.72592326545
INFO:cooler._balance:variance is 89159.73634794907
INFO:cooler._balance:variance is 28753.21504150389
INFO:cooler._balance:variance is 9340.652633509662
INFO:cooler._balance:variance is 3029.529381373348
INFO:cooler._balance:variance is 985.0481642771791
INFO:cooler._balance:variance is 320.18646007362804
INFO:cooler._balance:variance is 104.16806488975776
INFO:cooler._balance:variance is 33.88872928831507
INFO:cooler._balance:variance is 11.02854995796285
INFO:cooler._balance:variance is 3.589149556656506
INFO:cooler._balance:variance is 1.1682044827495657
INFO:cooler._balance:variance is 0.38023766866417674
INFO:cooler._balance:variance is 0.12376919323591898
INFO:cooler._balance:variance is 0.04028796573564195
INFO:cooler._balance:variance is 0.013114343782578723
INFO:cooler._balance:variance is 0.004268945305013356
INFO:cooler._balance:variance is 0.0013896263928088119
INFO:cooler._balance:variance is 0.0004523523899631199
INFO:cooler._balance:variance is 0.00014725062427552329
INFO:cooler._balance:variance is 4.7933379272785355e-05
INFO:cooler._balance:variance is 1.5603410904863306e-05
INFO:cooler._balance:variance is 5.079270520721578e-06
INFO:cooler._balance:chr7
INFO:cooler._balance:variance is 368638766.91469127
INFO:cooler._balance:variance is 59440386.93025224
INFO:cooler._balance:variance is 10133987.911924923
INFO:cooler._balance:variance is 2046555.3417658762
INFO:cooler._balance:variance is 402320.5136391178
INFO:cooler._balance:variance is 81306.26402188101
INFO:cooler._balance:variance is 16420.37090457351
INFO:cooler._balance:variance is 3352.633478868685
INFO:cooler._balance:variance is 688.7258263074269
INFO:cooler._balance:variance is 142.80720102904786
INFO:cooler._balance:variance is 29.878325045047966
INFO:cooler._balance:variance is 6.315675180898788
INFO:cooler._balance:variance is 1.3492967270541898
INFO:cooler._balance:variance is 0.2915122381262825
INFO:cooler._balance:variance is 0.06369922844710266
INFO:cooler._balance:variance is 0.014077592932836768
INFO:cooler._balance:variance is 0.0031456140516135348
INFO:cooler._balance:variance is 0.0007102975792560957
INFO:cooler._balance:variance is 0.0001619669311522794
INFO:cooler._balance:variance is 3.726506953645383e-05
INFO:cooler._balance:variance is 8.64316422728758e-06
INFO:cooler._balance:chrX
INFO:cooler._balance:variance is 218567427.68452743
INFO:cooler._balance:variance is 7663077.499791947
INFO:cooler._balance:variance is 611479.8431204226
INFO:cooler._balance:variance is 57391.240662267955
INFO:cooler._balance:variance is 6722.992859421552
INFO:cooler._balance:variance is 1095.3141435705468
INFO:cooler._balance:variance is 236.32518337260106
INFO:cooler._balance:variance is 58.91640807776589
INFO:cooler._balance:variance is 15.50949255302078
INFO:cooler._balance:variance is 4.156049402257613
INFO:cooler._balance:variance is 1.1199672177727358
INFO:cooler._balance:variance is 0.3023212538762894
INFO:cooler._balance:variance is 0.08165188979327574
INFO:cooler._balance:variance is 0.02205624367872803
INFO:cooler._balance:variance is 0.005958263601642332
INFO:cooler._balance:variance is 0.0016095844668543486
INFO:cooler._balance:variance is 0.00043482070010263666
INFO:cooler._balance:variance is 0.00011746462040756321
INFO:cooler._balance:variance is 3.173249613958234e-05
INFO:cooler._balance:variance is 8.572379698957948e-06
INFO:cooler._balance:chr9
INFO:cooler._balance:variance is 300796722.42461526
INFO:cooler._balance:variance is 83482408.58981228
INFO:cooler._balance:variance is 23634030.376826227
INFO:cooler._balance:variance is 11468892.390319036
INFO:cooler._balance:variance is 4289234.322307652
INFO:cooler._balance:variance is 2021484.3726784417
INFO:cooler._balance:variance is 848020.0914157934
INFO:cooler._balance:variance is 391984.6969477926
INFO:cooler._balance:variance is 172484.7751142644
INFO:cooler._balance:variance is 79004.29883843492
INFO:cooler._balance:variance is 35432.14739478062
INFO:cooler._balance:variance is 16159.90911506572
INFO:cooler._balance:variance is 7302.594586285215
INFO:cooler._balance:variance is 3323.768229282919
INFO:cooler._balance:variance is 1506.616781380021
INFO:cooler._balance:variance is 685.0600841186474
INFO:cooler._balance:variance is 310.9228884925718
INFO:cooler._balance:variance is 141.309994279159
INFO:cooler._balance:variance is 64.16966680234901
INFO:cooler._balance:variance is 29.157594490770492
INFO:cooler._balance:variance is 13.243672882273067
INFO:cooler._balance:variance is 6.0170520005055605
INFO:cooler._balance:variance is 2.7332784952179843
INFO:cooler._balance:variance is 1.2417589224325722
INFO:cooler._balance:variance is 0.5641004353766075
INFO:cooler._balance:variance is 0.25627108108785124
INFO:cooler._balance:variance is 0.11641988330195213
INFO:cooler._balance:variance is 0.05288902603038396
INFO:cooler._balance:variance is 0.024026851860883144
INFO:cooler._balance:variance is 0.01091523477400075
INFO:cooler._balance:variance is 0.00495867968831088
INFO:cooler._balance:variance is 0.002252689075898771
INFO:cooler._balance:variance is 0.001023375410302496
INFO:cooler._balance:variance is 0.0004649108799823368
INFO:cooler._balance:variance is 0.0002112047940215821
INFO:cooler._balance:variance is 9.594852239631673e-05
INFO:cooler._balance:variance is 4.358855836732559e-05
INFO:cooler._balance:variance is 1.9801902933276246e-05
INFO:cooler._balance:variance is 8.99582938159241e-06
INFO:cooler._balance:chr8
INFO:cooler._balance:variance is 297114534.71970177
INFO:cooler._balance:variance is 41236082.64868777
INFO:cooler._balance:variance is 7265295.229844946
INFO:cooler._balance:variance is 1401695.2372071638
INFO:cooler._balance:variance is 267184.37639785535
INFO:cooler._balance:variance is 51614.36092895096
INFO:cooler._balance:variance is 9952.801185335744
INFO:cooler._balance:variance is 1926.1149272268985
INFO:cooler._balance:variance is 373.07099557701105
INFO:cooler._balance:variance is 72.41141207051191
INFO:cooler._balance:variance is 14.080188103768652
INFO:cooler._balance:variance is 2.744287398895808
INFO:cooler._balance:variance is 0.536292739078738
INFO:cooler._balance:variance is 0.10513558403132019
INFO:cooler._balance:variance is 0.020687177131319366
INFO:cooler._balance:variance is 0.004088140864115612
INFO:cooler._balance:variance is 0.000811921352715257
INFO:cooler._balance:variance is 0.0001621734137020356
INFO:cooler._balance:variance is 3.260238438745974e-05
INFO:cooler._balance:variance is 6.6016504246152386e-06
INFO:cooler._balance:chr11
INFO:cooler._balance:variance is 391440321.5597957
INFO:cooler._balance:variance is 136320509.3424161
INFO:cooler._balance:variance is 34889704.79974374
INFO:cooler._balance:variance is 12299096.161814835
INFO:cooler._balance:variance is 3679568.626618822
INFO:cooler._balance:variance is 1203939.7308027383
INFO:cooler._balance:variance is 375109.7584652715
INFO:cooler._balance:variance is 120093.66712274072
INFO:cooler._balance:variance is 37871.95291313244
INFO:cooler._balance:variance is 12044.68019873439
INFO:cooler._balance:variance is 3812.5251542197175
INFO:cooler._balance:variance is 1210.0094281457896
INFO:cooler._balance:variance is 383.45476015342626
INFO:cooler._balance:variance is 121.62022246214175
INFO:cooler._balance:variance is 38.555954202302004
INFO:cooler._balance:variance is 12.226245536160944
INFO:cooler._balance:variance is 3.876408093707772
INFO:cooler._balance:variance is 1.2291436166331733
INFO:cooler._balance:variance is 0.389722136314987
INFO:cooler._balance:variance is 0.12357174287892429
INFO:cooler._balance:variance is 0.03918110759256172
INFO:cooler._balance:variance is 0.012423327664179085
INFO:cooler._balance:variance is 0.003939100767298504
INFO:cooler._balance:variance is 0.0012489855476637284
INFO:cooler._balance:variance is 0.0003960199601827962
INFO:cooler._balance:variance is 0.00012556746010777904
INFO:cooler._balance:variance is 3.981410290888148e-05
INFO:cooler._balance:variance is 1.2623996846653116e-05
INFO:cooler._balance:variance is 4.002734217480732e-06
INFO:cooler._balance:chr10
INFO:cooler._balance:variance is 282393492.7366864
INFO:cooler._balance:variance is 37685346.121679224
INFO:cooler._balance:variance is 7133936.075711091
INFO:cooler._balance:variance is 1513894.9290309052
INFO:cooler._balance:variance is 329686.1102018973
INFO:cooler._balance:variance is 73954.95910258594
INFO:cooler._balance:variance is 16874.129690960974
INFO:cooler._balance:variance is 3921.958941508019
INFO:cooler._balance:variance is 923.9451109181149
INFO:cooler._balance:variance is 220.48662227632587
INFO:cooler._balance:variance is 53.14481153963087
INFO:cooler._balance:variance is 12.92108985596093
INFO:cooler._balance:variance is 3.1628911094067673
INFO:cooler._balance:variance is 0.7785362353386016
INFO:cooler._balance:variance is 0.19246526624538574
INFO:cooler._balance:variance is 0.04774346978911583
INFO:cooler._balance:variance is 0.01187483560590289
INFO:cooler._balance:variance is 0.0029596315959936888
INFO:cooler._balance:variance is 0.0007388181579826078
INFO:cooler._balance:variance is 0.00018465839651483855
INFO:cooler._balance:variance is 4.619638163436388e-05
INFO:cooler._balance:variance is 1.1565358563435626e-05
INFO:cooler._balance:variance is 2.8970026519813643e-06
INFO:cooler._balance:chr12
INFO:cooler._balance:variance is 409721197.1801614
INFO:cooler._balance:variance is 123758279.95542149
INFO:cooler._balance:variance is 31017218.203636657
INFO:cooler._balance:variance is 9983363.844062252
INFO:cooler._balance:variance is 2884272.4059249843
INFO:cooler._balance:variance is 891005.4008558977
INFO:cooler._balance:variance is 266863.4978105462
INFO:cooler._balance:variance is 81511.65110572764
INFO:cooler._balance:variance is 24669.127150369524
INFO:cooler._balance:variance is 7509.78398065202
INFO:cooler._balance:variance is 2279.791449621749
INFO:cooler._balance:variance is 693.3057101164692
INFO:cooler._balance:variance is 210.6630484089666
INFO:cooler._balance:variance is 64.04444249116956
INFO:cooler._balance:variance is 19.465390310948536
INFO:cooler._balance:variance is 5.917170262752084
INFO:cooler._balance:variance is 1.7985853878583296
INFO:cooler._balance:variance is 0.5467250862100471
INFO:cooler._balance:variance is 0.1661868244083837
INFO:cooler._balance:variance is 0.05051618152497679
INFO:cooler._balance:variance is 0.015355405286555811
INFO:cooler._balance:variance is 0.004667603655866371
INFO:cooler._balance:variance is 0.0014188147543593675
INFO:cooler._balance:variance is 0.00043127869239512463
INFO:cooler._balance:variance is 0.00013109617319581325
INFO:cooler._balance:variance is 3.984943821248206e-05
INFO:cooler._balance:variance is 1.2113072093949058e-05
INFO:cooler._balance:variance is 3.6820226270707494e-06
INFO:cooler._balance:chr13
INFO:cooler._balance:variance is 153796310.27492923
INFO:cooler._balance:variance is 13329388.189868672
INFO:cooler._balance:variance is 2404931.2144596833
INFO:cooler._balance:variance is 528215.3264456082
INFO:cooler._balance:variance is 121503.331613102
INFO:cooler._balance:variance is 29219.435997836277
INFO:cooler._balance:variance is 7176.345415123624
INFO:cooler._balance:variance is 1795.8067454873549
INFO:cooler._balance:variance is 454.06353405439063
INFO:cooler._balance:variance is 115.69817615092927
INFO:cooler._balance:variance is 29.61447676094405
INFO:cooler._balance:variance is 7.603740987434516
INFO:cooler._balance:variance is 1.9559774611064873
INFO:cooler._balance:variance is 0.5037727426890872
INFO:cooler._balance:variance is 0.12984752652500592
INFO:cooler._balance:variance is 0.03348452316480903
INFO:cooler._balance:variance is 0.00863745203094228
INFO:cooler._balance:variance is 0.0022284904739330426
INFO:cooler._balance:variance is 0.0005750267424978405
INFO:cooler._balance:variance is 0.00014838785844305158
INFO:cooler._balance:variance is 3.829388038271893e-05
INFO:cooler._balance:variance is 9.882651147380321e-06
INFO:cooler._balance:chr14
INFO:cooler._balance:variance is 251486234.84680912
INFO:cooler._balance:variance is 54343124.21940231
INFO:cooler._balance:variance is 16341337.780789059
INFO:cooler._balance:variance is 6156330.278468919
INFO:cooler._balance:variance is 2326182.652470112
INFO:cooler._balance:variance is 906637.3551962523
INFO:cooler._balance:variance is 349467.73741141014
INFO:cooler._balance:variance is 135884.09452384722
INFO:cooler._balance:variance is 52571.253885960665
INFO:cooler._balance:variance is 20404.278141997685
INFO:cooler._balance:variance is 7903.7317626094755
INFO:cooler._balance:variance is 3065.3510373321988
INFO:cooler._balance:variance is 1187.9370175916704
INFO:cooler._balance:variance is 460.5903902412216
INFO:cooler._balance:variance is 178.52807474622603
INFO:cooler._balance:variance is 69.21160890194318
INFO:cooler._balance:variance is 26.82878779627777
INFO:cooler._balance:variance is 10.400506195297485
INFO:cooler._balance:variance is 4.031701759720326
INFO:cooler._balance:variance is 1.5629117731029856
INFO:cooler._balance:variance is 0.6058609560078825
INFO:cooler._balance:variance is 0.23486385043105892
INFO:cooler._balance:variance is 0.09104507461919419
INFO:cooler._balance:variance is 0.035293811411109204
INFO:cooler._balance:variance is 0.013681683167260213
INFO:cooler._balance:variance is 0.005303727529465435
INFO:cooler._balance:variance is 0.002055996827211554
INFO:cooler._balance:variance is 0.0007970103288154063
INFO:cooler._balance:variance is 0.000308962156906792
INFO:cooler._balance:variance is 0.00011976963700920478
INFO:cooler._balance:variance is 4.642886985341394e-05
INFO:cooler._balance:variance is 1.7998219053307116e-05
INFO:cooler._balance:variance is 6.977035410928712e-06
INFO:cooler._balance:chr15
INFO:cooler._balance:variance is 154996189.94527456
INFO:cooler._balance:variance is 12776769.119425688
INFO:cooler._balance:variance is 1475195.4413057887
INFO:cooler._balance:variance is 206898.35172499562
INFO:cooler._balance:variance is 33537.440111096745
INFO:cooler._balance:variance is 6641.957965017842
INFO:cooler._balance:variance is 1557.922837797698
INFO:cooler._balance:variance is 409.2333237208734
INFO:cooler._balance:variance is 113.91489954266609
INFO:cooler._balance:variance is 32.58174805352291
INFO:cooler._balance:variance is 9.427855167701935
INFO:cooler._balance:variance is 2.7415795451182112
INFO:cooler._balance:variance is 0.7988768719853008
INFO:cooler._balance:variance is 0.2329861179200012
INFO:cooler._balance:variance is 0.06797264590621485
INFO:cooler._balance:variance is 0.01983361006523049
INFO:cooler._balance:variance is 0.005787565097862241
INFO:cooler._balance:variance is 0.0016888879011437163
INFO:cooler._balance:variance is 0.000492844980475831
INFO:cooler._balance:variance is 0.00014382079616558893
INFO:cooler._balance:variance is 4.196950361352097e-05
INFO:cooler._balance:variance is 1.2247467279383286e-05
INFO:cooler._balance:variance is 3.574035670256615e-06
INFO:cooler._balance:chr16
INFO:cooler._balance:variance is 242156412.13848886
INFO:cooler._balance:variance is 54439371.60100239
INFO:cooler._balance:variance is 11036361.526278224
INFO:cooler._balance:variance is 3664228.9729682095
INFO:cooler._balance:variance is 1125012.4391607896
INFO:cooler._balance:variance is 377679.0438006377
INFO:cooler._balance:variance is 125731.55126924455
INFO:cooler._balance:variance is 42492.732621340416
INFO:cooler._balance:variance is 14346.372067811077
INFO:cooler._balance:variance is 4856.517062322054
INFO:cooler._balance:variance is 1643.6936204652777
INFO:cooler._balance:variance is 556.59709589221
INFO:cooler._balance:variance is 188.46603573024706
INFO:cooler._balance:variance is 63.8225927343666
INFO:cooler._balance:variance is 21.612513724963144
INFO:cooler._balance:variance is 7.318944088623779
INFO:cooler._balance:variance is 2.478492672762568
INFO:cooler._balance:variance is 0.8393252664142078
INFO:cooler._balance:variance is 0.28423105407063914
INFO:cooler._balance:variance is 0.09625289502724613
INFO:cooler._balance:variance is 0.03259534414804473
INFO:cooler._balance:variance is 0.011038185149919505
INFO:cooler._balance:variance is 0.003738002630398059
INFO:cooler._balance:variance is 0.0012658482345628257
INFO:cooler._balance:variance is 0.00042867051972896465
INFO:cooler._balance:variance is 0.00014516624101129652
INFO:cooler._balance:variance is 4.915951894650375e-05
INFO:cooler._balance:variance is 1.6647523260952588e-05
INFO:cooler._balance:variance is 5.6375658634670256e-06
INFO:cooler._balance:chr17
INFO:cooler._balance:variance is 85005284.18110268
INFO:cooler._balance:variance is 5162643.906083745
INFO:cooler._balance:variance is 612239.7035983091
INFO:cooler._balance:variance is 82315.0338060894
INFO:cooler._balance:variance is 11488.328652241384
INFO:cooler._balance:variance is 1706.261363481756
INFO:cooler._balance:variance is 282.57888175598333
INFO:cooler._balance:variance is 56.501761073126
INFO:cooler._balance:variance is 14.2244559995927
INFO:cooler._balance:variance is 4.327686700547028
INFO:cooler._balance:variance is 1.4677952619466141
INFO:cooler._balance:variance is 0.5233565708149758
INFO:cooler._balance:variance is 0.19045588595216253
INFO:cooler._balance:variance is 0.06986679858734322
INFO:cooler._balance:variance is 0.02570805384604881
INFO:cooler._balance:variance is 0.009470573302751596
INFO:cooler._balance:variance is 0.0034903800968523295
INFO:cooler._balance:variance is 0.0012865984116709774
INFO:cooler._balance:variance is 0.0004742856934698627
INFO:cooler._balance:variance is 0.0001748428607605392
INFO:cooler._balance:variance is 6.445542110490747e-05
INFO:cooler._balance:variance is 2.376143452147908e-05
INFO:cooler._balance:variance is 8.759641392066854e-06
INFO:cooler._balance:chr18
INFO:cooler._balance:variance is 200028108.69869035
INFO:cooler._balance:variance is 21139429.924881335
INFO:cooler._balance:variance is 2889672.6194943455
INFO:cooler._balance:variance is 434797.11787427386
INFO:cooler._balance:variance is 66227.44177559085
INFO:cooler._balance:variance is 10268.927928997988
INFO:cooler._balance:variance is 1599.5980481551278
INFO:cooler._balance:variance is 250.26948208830694
INFO:cooler._balance:variance is 39.22579469827367
INFO:cooler._balance:variance is 6.156255247952194
INFO:cooler._balance:variance is 0.9668618025697583
INFO:cooler._balance:variance is 0.15192204771948492
INFO:cooler._balance:variance is 0.023878204743316613
INFO:cooler._balance:variance is 0.003753754346728102
INFO:cooler._balance:variance is 0.000590178125996556
INFO:cooler._balance:variance is 9.279740452401731e-05
INFO:cooler._balance:variance is 1.4591901966691516e-05
INFO:cooler._balance:variance is 2.294582465853935e-06
INFO:cooler._balance:chr20
INFO:cooler._balance:variance is 103242414.22607747
INFO:cooler._balance:variance is 12242097.95278377
INFO:cooler._balance:variance is 2759499.950259678
INFO:cooler._balance:variance is 923604.6817893283
INFO:cooler._balance:variance is 320430.39874954266
INFO:cooler._balance:variance is 120374.62197768573
INFO:cooler._balance:variance is 45459.70224971944
INFO:cooler._balance:variance is 17425.3216146528
INFO:cooler._balance:variance is 6682.116662681224
INFO:cooler._balance:variance is 2570.0206906527137
INFO:cooler._balance:variance is 988.3074016457915
INFO:cooler._balance:variance is 380.312561344053
INFO:cooler._balance:variance is 146.3311455976332
INFO:cooler._balance:variance is 56.31329024463697
INFO:cooler._balance:variance is 21.670034414594408
INFO:cooler._balance:variance is 8.339351898722967
INFO:cooler._balance:variance is 3.209180917789092
INFO:cooler._balance:variance is 1.2349924115771787
INFO:cooler._balance:variance is 0.4752586472876008
INFO:cooler._balance:variance is 0.18289369471204112
INFO:cooler._balance:variance is 0.07038266847348577
INFO:cooler._balance:variance is 0.027085311433088507
INFO:cooler._balance:variance is 0.010423204854729032
INFO:cooler._balance:variance is 0.004011152138852484
INFO:cooler._balance:variance is 0.0015436069972760776
INFO:cooler._balance:variance is 0.0005940247000792072
INFO:cooler._balance:variance is 0.00022859786476038936
INFO:cooler._balance:variance is 8.797107464454379e-05
INFO:cooler._balance:variance is 3.385381269340878e-05
INFO:cooler._balance:variance is 1.3027926516605317e-05
INFO:cooler._balance:variance is 5.013522853045755e-06
INFO:cooler._balance:chrY
INFO:cooler._balance:chr19
INFO:cooler._balance:variance is 398213961.1224489
INFO:cooler._balance:variance is 49547737.92174761
INFO:cooler._balance:variance is 8439739.74999087
INFO:cooler._balance:variance is 1788333.5798344184
INFO:cooler._balance:variance is 401819.9312464516
INFO:cooler._balance:variance is 107646.47514207405
INFO:cooler._balance:variance is 30722.931017538027
INFO:cooler._balance:variance is 9469.085746340035
INFO:cooler._balance:variance is 2994.725616510714
INFO:cooler._balance:variance is 968.9763657012065
INFO:cooler._balance:variance is 315.74231046170945
INFO:cooler._balance:variance is 103.5021777889701
INFO:cooler._balance:variance is 33.98541181117813
INFO:cooler._balance:variance is 11.176468314038077
INFO:cooler._balance:variance is 3.6768522702110755
INFO:cooler._balance:variance is 1.2101025818668691
INFO:cooler._balance:variance is 0.3982908768076564
INFO:cooler._balance:variance is 0.131106708296854
INFO:cooler._balance:variance is 0.04315737227371319
INFO:cooler._balance:variance is 0.014206846549013401
INFO:cooler._balance:variance is 0.004676715567219205
INFO:cooler._balance:variance is 0.001539528518132208
INFO:cooler._balance:variance is 0.0005067974275537756
INFO:cooler._balance:variance is 0.000166833041334255
INFO:cooler._balance:variance is 5.491988497475995e-05
INFO:cooler._balance:variance is 1.8079127317234864e-05
INFO:cooler._balance:variance is 5.951483744522804e-06
INFO:cooler._balance:chr22
INFO:cooler._balance:variance is 75128555.5899654
INFO:cooler._balance:variance is 5000990.640774641
INFO:cooler._balance:variance is 1080464.0438486564
INFO:cooler._balance:variance is 312500.5157213962
INFO:cooler._balance:variance is 86519.39930428403
INFO:cooler._balance:variance is 24835.637746023862
INFO:cooler._balance:variance is 7010.816351863774
INFO:cooler._balance:variance is 1997.2234461317082
INFO:cooler._balance:variance is 566.2475429343431
INFO:cooler._balance:variance is 160.95138307269787
INFO:cooler._balance:variance is 45.68710639438976
INFO:cooler._balance:variance is 12.977967314892716
INFO:cooler._balance:variance is 3.6851265452349256
INFO:cooler._balance:variance is 1.0466157938193685
INFO:cooler._balance:variance is 0.29721769550427724
INFO:cooler._balance:variance is 0.0844087276850756
INFO:cooler._balance:variance is 0.02397102236472026
INFO:cooler._balance:variance is 0.0068075830514957554
INFO:cooler._balance:variance is 0.0019332833431045854
INFO:cooler._balance:variance is 0.0005490351017460482
INFO:cooler._balance:variance is 0.00015592064604930058
INFO:cooler._balance:variance is 4.428001096925567e-05
INFO:cooler._balance:variance is 1.257510167591127e-05
INFO:cooler._balance:variance is 3.5712105410559374e-06
INFO:cooler._balance:chr21
INFO:cooler._balance:variance is 123473255.63360882
INFO:cooler._balance:variance is 67638066.85736886
INFO:cooler._balance:variance is 28790437.90245525
INFO:cooler._balance:variance is 18953550.709333044
INFO:cooler._balance:variance is 9213974.114503141
INFO:cooler._balance:variance is 5519737.7172845965
INFO:cooler._balance:variance is 2839828.4834142365
INFO:cooler._balance:variance is 1624402.7388644475
INFO:cooler._balance:variance is 859357.3292033422
INFO:cooler._balance:variance is 480696.6240597954
INFO:cooler._balance:variance is 258023.3468850114
INFO:cooler._balance:variance is 142703.3646456707
INFO:cooler._balance:variance is 77196.7042100064
INFO:cooler._balance:variance is 42441.78012270257
INFO:cooler._balance:variance is 23056.16242119841
INFO:cooler._balance:variance is 12635.814993899985
INFO:cooler._balance:variance is 6880.059439836588
INFO:cooler._balance:variance is 3764.127233178407
INFO:cooler._balance:variance is 2052.0889845355987
INFO:cooler._balance:variance is 1121.6682748563455
INFO:cooler._balance:variance is 611.9172570957716
INFO:cooler._balance:variance is 334.30366500635046
INFO:cooler._balance:variance is 182.4446852689833
INFO:cooler._balance:variance is 99.6459921478387
INFO:cooler._balance:variance is 54.39240590079693
INFO:cooler._balance:variance is 29.70308275159457
INFO:cooler._balance:variance is 16.215420027253415
INFO:cooler._balance:variance is 8.854331696907787
INFO:cooler._balance:variance is 4.834024052844292
INFO:cooler._balance:variance is 2.6394711534071287
INFO:cooler._balance:variance is 1.4410674969499446
INFO:cooler._balance:variance is 0.7868316226271571
INFO:cooler._balance:variance is 0.42959286722384676
INFO:cooler._balance:variance is 0.23455718527669508
INFO:cooler._balance:variance is 0.12806436055344472
INFO:cooler._balance:variance is 0.0699224756352153
INFO:cooler._balance:variance is 0.0381767260359686
INFO:cooler._balance:variance is 0.020844211077160214
INFO:cooler._balance:variance is 0.011380690838922245
INFO:cooler._balance:variance is 0.006213759815346199
INFO:cooler._balance:variance is 0.0033926442589738634
INFO:cooler._balance:variance is 0.0018523525354081677
INFO:cooler._balance:variance is 0.0010113649216557203
INFO:cooler._balance:variance is 0.0005521955794670003
INFO:cooler._balance:variance is 0.0003014930990700779
INFO:cooler._balance:variance is 0.0001646122917470977
INFO:cooler._balance:variance is 8.987663933541353e-05
INFO:cooler._balance:variance is 4.907175905905623e-05
INFO:cooler._balance:variance is 2.679268583685644e-05
INFO:cooler._balance:variance is 1.4628540800092363e-05
INFO:cooler._balance:variance is 7.987036466780025e-06
INFO:cooler._balance:chrM
