INFO:cooler.cli.balance:Balancing "analysis_other/porec/T2T17.hp2/cooler/T2T17.hp2_5000_balanced.cool"
INFO:cooler._balance:chr1
INFO:cooler._balance:variance is 1643089.8614393293
INFO:cooler._balance:variance is 4410.707222591735
INFO:cooler._balance:variance is 1215.6502869212613
INFO:cooler._balance:variance is 508.94547055570797
INFO:cooler._balance:variance is 215.74500612679387
INFO:cooler._balance:variance is 102.05026082799202
INFO:cooler._balance:variance is 48.350998638227225
INFO:cooler._balance:variance is 23.808942533462258
INFO:cooler._balance:variance is 11.678960954934325
INFO:cooler._balance:variance is 5.817101345063508
INFO:cooler._balance:variance is 2.886096084004424
INFO:cooler._balance:variance is 1.4413722744508868
INFO:cooler._balance:variance is 0.7179733361021974
INFO:cooler._balance:variance is 0.35870953440824327
INFO:cooler._balance:variance is 0.17894689054610213
INFO:cooler._balance:variance is 0.08939625472279362
INFO:cooler._balance:variance is 0.044623332614952535
INFO:cooler._balance:variance is 0.022289510195450866
INFO:cooler._balance:variance is 0.011128976775889844
INFO:cooler._balance:variance is 0.005558460233928374
INFO:cooler._balance:variance is 0.0027756179041980903
INFO:cooler._balance:variance is 0.0013862325905642137
INFO:cooler._balance:variance is 0.0006922530406482304
INFO:cooler._balance:variance is 0.00034572353496741415
INFO:cooler._balance:variance is 0.0001726509714225187
INFO:cooler._balance:variance is 8.622370134058473e-05
INFO:cooler._balance:variance is 4.3059825331199775e-05
INFO:cooler._balance:variance is 2.1504364477080603e-05
INFO:cooler._balance:variance is 1.0739274371043644e-05
INFO:cooler._balance:variance is 5.363244890976939e-06
INFO:cooler._balance:chr2
INFO:cooler._balance:variance is 53744.36724453779
INFO:cooler._balance:variance is 3358.0474743885347
INFO:cooler._balance:variance is 791.2272654679681
INFO:cooler._balance:variance is 238.22490352844025
INFO:cooler._balance:variance is 68.14831687080562
INFO:cooler._balance:variance is 20.636131741364732
INFO:cooler._balance:variance is 6.178549156778625
INFO:cooler._balance:variance is 1.889926065576685
INFO:cooler._balance:variance is 0.5802077602658718
INFO:cooler._balance:variance is 0.18061007272310525
INFO:cooler._balance:variance is 0.05677513582958467
INFO:cooler._balance:variance is 0.01808727677439126
INFO:cooler._balance:variance is 0.005836292097993608
INFO:cooler._balance:variance is 0.0019097255737309238
INFO:cooler._balance:variance is 0.000633570862982101
INFO:cooler._balance:variance is 0.00021310614765737191
INFO:cooler._balance:variance is 7.262630046368089e-05
INFO:cooler._balance:variance is 2.505723889645729e-05
INFO:cooler._balance:variance is 8.742533417191546e-06
INFO:cooler._balance:chr3
INFO:cooler._balance:variance is 35179.40835534884
INFO:cooler._balance:variance is 4031.5800236063146
INFO:cooler._balance:variance is 1133.6137423989705
INFO:cooler._balance:variance is 567.606538298658
INFO:cooler._balance:variance is 206.16906889122498
INFO:cooler._balance:variance is 94.96695279027428
INFO:cooler._balance:variance is 37.89959608930863
INFO:cooler._balance:variance is 16.772306365294853
INFO:cooler._balance:variance is 6.981831902023431
INFO:cooler._balance:variance is 3.0400355422551346
INFO:cooler._balance:variance is 1.2903201958019466
INFO:cooler._balance:variance is 0.5585281306448563
INFO:cooler._balance:variance is 0.2392568903914049
INFO:cooler._balance:variance is 0.10338321164067045
INFO:cooler._balance:variance is 0.04448748973745371
INFO:cooler._balance:variance is 0.019218578843902333
INFO:cooler._balance:variance is 0.008289390177309255
INFO:cooler._balance:variance is 0.003581857805283244
INFO:cooler._balance:variance is 0.0015468808919554898
INFO:cooler._balance:variance is 0.0006686229318756746
INFO:cooler._balance:variance is 0.0002889607380846907
INFO:cooler._balance:variance is 0.00012493498909739786
INFO:cooler._balance:variance is 5.401607250705918e-05
INFO:cooler._balance:variance is 2.3359306021582055e-05
INFO:cooler._balance:variance is 1.010202783991772e-05
INFO:cooler._balance:variance is 4.369288512987341e-06
INFO:cooler._balance:chr4
INFO:cooler._balance:variance is 29530.213590268
INFO:cooler._balance:variance is 4832.834822066569
INFO:cooler._balance:variance is 1220.0145776619331
INFO:cooler._balance:variance is 615.6603615614328
INFO:cooler._balance:variance is 209.90378877359709
INFO:cooler._balance:variance is 96.0596561568264
INFO:cooler._balance:variance is 37.064288635887735
INFO:cooler._balance:variance is 16.14348203198696
INFO:cooler._balance:variance is 6.563261297896078
INFO:cooler._balance:variance is 2.8027800302368595
INFO:cooler._balance:variance is 1.1648959678506583
INFO:cooler._balance:variance is 0.49393953226355
INFO:cooler._balance:variance is 0.20724635589041204
INFO:cooler._balance:variance is 0.08767699516551149
INFO:cooler._balance:variance is 0.03694282561467775
INFO:cooler._balance:variance is 0.015620171958869163
INFO:cooler._balance:variance is 0.006594528661699232
INFO:cooler._balance:variance is 0.002788279844174715
INFO:cooler._balance:variance is 0.0011782934200238785
INFO:cooler._balance:variance is 0.0004982689915753822
INFO:cooler._balance:variance is 0.0002106677443935674
INFO:cooler._balance:variance is 8.909821277283896e-05
INFO:cooler._balance:variance is 3.768090194304126e-05
INFO:cooler._balance:variance is 1.593823666569071e-05
INFO:cooler._balance:variance is 6.741547095425205e-06
INFO:cooler._balance:chr5
INFO:cooler._balance:variance is 32403.517162306423
INFO:cooler._balance:variance is 3175.4869855250854
INFO:cooler._balance:variance is 700.3013771304509
INFO:cooler._balance:variance is 211.2117784682832
INFO:cooler._balance:variance is 55.67060801511716
INFO:cooler._balance:variance is 16.115203153733063
INFO:cooler._balance:variance is 4.494649894089736
INFO:cooler._balance:variance is 1.2992036328770882
INFO:cooler._balance:variance is 0.3745201943670103
INFO:cooler._balance:variance is 0.1102470482869751
INFO:cooler._balance:variance is 0.03280524008322942
INFO:cooler._balance:variance is 0.00995163372105524
INFO:cooler._balance:variance is 0.0030715609644630247
INFO:cooler._balance:variance is 0.0009676453487989394
INFO:cooler._balance:variance is 0.0003109792467116058
INFO:cooler._balance:variance is 0.00010199543964530008
INFO:cooler._balance:variance is 3.409775822930388e-05
INFO:cooler._balance:variance is 1.1603367044691602e-05
INFO:cooler._balance:variance is 4.011187827120312e-06
INFO:cooler._balance:chr6
INFO:cooler._balance:variance is 36869.14911530158
INFO:cooler._balance:variance is 3516.7421764974106
INFO:cooler._balance:variance is 1438.5279501394932
INFO:cooler._balance:variance is 863.6858002858044
INFO:cooler._balance:variance is 407.5570244216053
INFO:cooler._balance:variance is 239.30008503261527
INFO:cooler._balance:variance is 119.70835371152779
INFO:cooler._balance:variance is 68.2881490661966
INFO:cooler._balance:variance is 35.383853676402914
INFO:cooler._balance:variance is 19.78806947274664
INFO:cooler._balance:variance is 10.467726808588212
INFO:cooler._balance:variance is 5.782307576718172
INFO:cooler._balance:variance is 3.09514936333007
INFO:cooler._balance:variance is 1.6973274343224871
INFO:cooler._balance:variance is 0.9145716126724349
INFO:cooler._balance:variance is 0.49943710213827475
INFO:cooler._balance:variance is 0.27009716524999033
INFO:cooler._balance:variance is 0.1471477559955166
INFO:cooler._balance:variance is 0.07973761787478444
INFO:cooler._balance:variance is 0.043383195942227136
INFO:cooler._balance:variance is 0.02353456464695628
INFO:cooler._balance:variance is 0.012795151074126146
INFO:cooler._balance:variance is 0.006945259992812581
INFO:cooler._balance:variance is 0.0037744336303763286
INFO:cooler._balance:variance is 0.0020494402692475713
INFO:cooler._balance:variance is 0.0011135298532971372
INFO:cooler._balance:variance is 0.0006047299884717738
INFO:cooler._balance:variance is 0.0003285300682418635
INFO:cooler._balance:variance is 0.00017843336675234386
INFO:cooler._balance:variance is 9.693055805316537e-05
INFO:cooler._balance:variance is 5.264826369698392e-05
INFO:cooler._balance:variance is 2.8599133366085867e-05
INFO:cooler._balance:variance is 1.5534180719365427e-05
INFO:cooler._balance:variance is 8.438175267862336e-06
INFO:cooler._balance:chr7
INFO:cooler._balance:variance is 20539.026330490615
INFO:cooler._balance:variance is 1363.6540226489544
INFO:cooler._balance:variance is 362.44715023836403
INFO:cooler._balance:variance is 137.12080102858718
INFO:cooler._balance:variance is 46.753534842373504
INFO:cooler._balance:variance is 17.71223156400685
INFO:cooler._balance:variance is 6.383361079475864
INFO:cooler._balance:variance is 2.3933847966419406
INFO:cooler._balance:variance is 0.87947152475795
INFO:cooler._balance:variance is 0.3281548356511752
INFO:cooler._balance:variance is 0.1214934326605377
INFO:cooler._balance:variance is 0.04525076531327417
INFO:cooler._balance:variance is 0.01680488147522085
INFO:cooler._balance:variance is 0.006255738835242106
INFO:cooler._balance:variance is 0.002326349995009375
INFO:cooler._balance:variance is 0.0008659633674884264
INFO:cooler._balance:variance is 0.0003222455184472086
INFO:cooler._balance:variance is 0.00011996872323196827
INFO:cooler._balance:variance is 4.466094146573503e-05
INFO:cooler._balance:variance is 1.6629950796699002e-05
INFO:cooler._balance:variance is 6.192637769959308e-06
INFO:cooler._balance:chrX
INFO:cooler._balance:chr9
INFO:cooler._balance:variance is 16401.925741352235
INFO:cooler._balance:variance is 1430.7518126658506
INFO:cooler._balance:variance is 486.64467443355784
INFO:cooler._balance:variance is 227.4177560193696
INFO:cooler._balance:variance is 107.1637144565249
INFO:cooler._balance:variance is 56.1906739868655
INFO:cooler._balance:variance is 28.818904228886055
INFO:cooler._balance:variance is 16.002063742398448
INFO:cooler._balance:variance is 8.735954002477746
INFO:cooler._balance:variance is 5.059554585866127
INFO:cooler._balance:variance is 2.899145179682782
INFO:cooler._balance:variance is 1.7291790545155248
INFO:cooler._balance:variance is 1.024507274099749
INFO:cooler._balance:variance is 0.6224880960978356
INFO:cooler._balance:variance is 0.37658780694730126
INFO:cooler._balance:variance is 0.23129082152492117
INFO:cooler._balance:variance is 0.1416403093447655
INFO:cooler._balance:variance is 0.08750902186748254
INFO:cooler._balance:variance is 0.05395845295171045
INFO:cooler._balance:variance is 0.03344205475352043
INFO:cooler._balance:variance is 0.020698712801204017
INFO:cooler._balance:variance is 0.012849490513692757
INFO:cooler._balance:variance is 0.007969591327205334
INFO:cooler._balance:variance is 0.004951528731809388
INFO:cooler._balance:variance is 0.003074546158114396
INFO:cooler._balance:variance is 0.001911016326984873
INFO:cooler._balance:variance is 0.0011873400758730772
INFO:cooler._balance:variance is 0.0007381534092392667
INFO:cooler._balance:variance is 0.000458780698401404
INFO:cooler._balance:variance is 0.00028524539008285973
INFO:cooler._balance:variance is 0.00017732041330816448
INFO:cooler._balance:variance is 0.0001102532789029522
INFO:cooler._balance:variance is 6.854518120951425e-05
INFO:cooler._balance:variance is 4.2620453584012244e-05
INFO:cooler._balance:variance is 2.6498958816144976e-05
INFO:cooler._balance:variance is 1.6476813247237676e-05
INFO:cooler._balance:variance is 1.0244675698359143e-05
INFO:cooler._balance:variance is 6.370061664344767e-06
INFO:cooler._balance:chr8
INFO:cooler._balance:variance is 26110.303339720627
INFO:cooler._balance:variance is 2907.6996726071516
INFO:cooler._balance:variance is 557.8919924880014
INFO:cooler._balance:variance is 237.24367312746492
INFO:cooler._balance:variance is 66.42258327890741
INFO:cooler._balance:variance is 24.57676968297183
INFO:cooler._balance:variance is 7.7711694748323294
INFO:cooler._balance:variance is 2.7086738720318477
INFO:cooler._balance:variance is 0.8930773028938802
INFO:cooler._balance:variance is 0.3046162436337404
INFO:cooler._balance:variance is 0.10193101112398417
INFO:cooler._balance:variance is 0.03451674402125823
INFO:cooler._balance:variance is 0.011613997728993148
INFO:cooler._balance:variance is 0.003924709320704199
INFO:cooler._balance:variance is 0.0013236719172999057
INFO:cooler._balance:variance is 0.0004471937262210421
INFO:cooler._balance:variance is 0.00015101498534592295
INFO:cooler._balance:variance is 5.1038805524401124e-05
INFO:cooler._balance:variance is 1.7251166112469484e-05
INFO:cooler._balance:variance is 5.833935800266782e-06
INFO:cooler._balance:chr11
INFO:cooler._balance:variance is 31427.747984314457
INFO:cooler._balance:variance is 4966.738447263307
INFO:cooler._balance:variance is 1916.5833921395122
INFO:cooler._balance:variance is 1248.6908876996545
INFO:cooler._balance:variance is 583.9308074397064
INFO:cooler._balance:variance is 360.13929382695227
INFO:cooler._balance:variance is 180.71513632095036
INFO:cooler._balance:variance is 106.4117051308557
INFO:cooler._balance:variance is 55.57568056810022
INFO:cooler._balance:variance is 31.801123819946568
INFO:cooler._balance:variance is 16.99584138277189
INFO:cooler._balance:variance is 9.563473731149342
INFO:cooler._balance:variance is 5.178552079199242
INFO:cooler._balance:variance is 2.88612596137556
INFO:cooler._balance:variance is 1.57438561672559
INFO:cooler._balance:variance is 0.8727056940512832
INFO:cooler._balance:variance is 0.47802657914312935
INFO:cooler._balance:variance is 0.2641764288475098
INFO:cooler._balance:variance is 0.1450346184826761
INFO:cooler._balance:variance is 0.08001700104176197
INFO:cooler._balance:variance is 0.043985529723539085
INFO:cooler._balance:variance is 0.02424459418163519
INFO:cooler._balance:variance is 0.013336635677494466
INFO:cooler._balance:variance is 0.007347288452156218
INFO:cooler._balance:variance is 0.004043207908095376
INFO:cooler._balance:variance is 0.0022268092043787897
INFO:cooler._balance:variance is 0.001225672349304718
INFO:cooler._balance:variance is 0.0006749366041291397
INFO:cooler._balance:variance is 0.0003715397380151152
INFO:cooler._balance:variance is 0.0002045767076266595
INFO:cooler._balance:variance is 0.00011262284987229657
INFO:cooler._balance:variance is 6.200927627802037e-05
INFO:cooler._balance:variance is 3.413834250417976e-05
INFO:cooler._balance:variance is 1.8795814119115433e-05
INFO:cooler._balance:variance is 1.034797598453719e-05
INFO:cooler._balance:variance is 5.697283374258803e-06
INFO:cooler._balance:chr10
INFO:cooler._balance:variance is 25674.173633320486
INFO:cooler._balance:variance is 1384.1574693016712
INFO:cooler._balance:variance is 354.3159241578972
INFO:cooler._balance:variance is 112.90031615826912
INFO:cooler._balance:variance is 36.4697589903345
INFO:cooler._balance:variance is 12.346709345392549
INFO:cooler._balance:variance is 4.201252758899145
INFO:cooler._balance:variance is 1.455639186976269
INFO:cooler._balance:variance is 0.5069273652430883
INFO:cooler._balance:variance is 0.17825589791772709
INFO:cooler._balance:variance is 0.06300368155605002
INFO:cooler._balance:variance is 0.022420236770180735
INFO:cooler._balance:variance is 0.008018697321365648
INFO:cooler._balance:variance is 0.002884109134184487
INFO:cooler._balance:variance is 0.0010423925258558299
INFO:cooler._balance:variance is 0.0003786319322428892
INFO:cooler._balance:variance is 0.0001381606773525799
INFO:cooler._balance:variance is 5.063993884226672e-05
INFO:cooler._balance:variance is 1.863818662750633e-05
INFO:cooler._balance:variance is 6.886996813705731e-06
INFO:cooler._balance:chr12
INFO:cooler._balance:variance is 24585.869261693086
INFO:cooler._balance:variance is 2429.2598188582715
INFO:cooler._balance:variance is 837.6052438952765
INFO:cooler._balance:variance is 379.2522978124361
INFO:cooler._balance:variance is 153.43030837033461
INFO:cooler._balance:variance is 69.09362796647758
INFO:cooler._balance:variance is 29.417635215067676
INFO:cooler._balance:variance is 13.16281100001383
INFO:cooler._balance:variance is 5.735353041474166
INFO:cooler._balance:variance is 2.557400865332845
INFO:cooler._balance:variance is 1.1264205395828777
INFO:cooler._balance:variance is 0.5014551272610305
INFO:cooler._balance:variance is 0.22199014381277124
INFO:cooler._balance:variance is 0.09875543780253107
INFO:cooler._balance:variance is 0.04382244000580524
INFO:cooler._balance:variance is 0.019489687305037074
INFO:cooler._balance:variance is 0.00865820992161987
INFO:cooler._balance:variance is 0.003850312219761279
INFO:cooler._balance:variance is 0.0017113957910817315
INFO:cooler._balance:variance is 0.0007610413148584522
INFO:cooler._balance:variance is 0.0003383554152855384
INFO:cooler._balance:variance is 0.00015046348194805616
INFO:cooler._balance:variance is 6.690353671450537e-05
INFO:cooler._balance:variance is 2.9751562725810668e-05
INFO:cooler._balance:variance is 1.3229805612575661e-05
INFO:cooler._balance:variance is 5.883243685209061e-06
INFO:cooler._balance:chr13
INFO:cooler._balance:variance is 19193.358368351408
INFO:cooler._balance:variance is 1384.974898263821
INFO:cooler._balance:variance is 274.7071458173446
INFO:cooler._balance:variance is 97.57128660408544
INFO:cooler._balance:variance is 26.798511615434627
INFO:cooler._balance:variance is 8.628464589996234
INFO:cooler._balance:variance is 2.578735482721263
INFO:cooler._balance:variance is 0.8077957035119898
INFO:cooler._balance:variance is 0.24822641188946673
INFO:cooler._balance:variance is 0.07744615161457026
INFO:cooler._balance:variance is 0.024081907583936992
INFO:cooler._balance:variance is 0.007536632175752171
INFO:cooler._balance:variance is 0.0023619692243431263
INFO:cooler._balance:variance is 0.0007434676600909223
INFO:cooler._balance:variance is 0.00023476621672339194
INFO:cooler._balance:variance is 7.444981955904638e-05
INFO:cooler._balance:variance is 2.3709654770379574e-05
INFO:cooler._balance:variance is 7.587000593760315e-06
INFO:cooler._balance:chr14
INFO:cooler._balance:variance is 18171.802283366913
INFO:cooler._balance:variance is 1344.565207180312
INFO:cooler._balance:variance is 309.0953910028961
INFO:cooler._balance:variance is 109.02071349363858
INFO:cooler._balance:variance is 36.13874616428255
INFO:cooler._balance:variance is 14.089795802219806
INFO:cooler._balance:variance is 5.3946216129883835
INFO:cooler._balance:variance is 2.221505757158047
INFO:cooler._balance:variance is 0.9261700338854012
INFO:cooler._balance:variance is 0.40157068611510294
INFO:cooler._balance:variance is 0.17734236514376436
INFO:cooler._balance:variance is 0.08016387512507234
INFO:cooler._balance:variance is 0.03676264851269473
INFO:cooler._balance:variance is 0.017091339436267113
INFO:cooler._balance:variance is 0.008018721475253506
INFO:cooler._balance:variance is 0.0037911734590541637
INFO:cooler._balance:variance is 0.0018017855900965018
INFO:cooler._balance:variance is 0.0008598879907153749
INFO:cooler._balance:variance is 0.00041153562518761466
INFO:cooler._balance:variance is 0.0001973925160662444
INFO:cooler._balance:variance is 9.482064067905938e-05
INFO:cooler._balance:variance is 4.560110482846656e-05
INFO:cooler._balance:variance is 2.1947592547908416e-05
INFO:cooler._balance:variance is 1.0569584597858373e-05
INFO:cooler._balance:variance is 5.09219501325874e-06
INFO:cooler._balance:chr15
INFO:cooler._balance:variance is 18487.782247599993
INFO:cooler._balance:variance is 738.8689654827475
INFO:cooler._balance:variance is 163.78332597544403
INFO:cooler._balance:variance is 48.06801886944701
INFO:cooler._balance:variance is 15.034644267925891
INFO:cooler._balance:variance is 5.128997995311606
INFO:cooler._balance:variance is 1.83308476786095
INFO:cooler._balance:variance is 0.6879866502799312
INFO:cooler._balance:variance is 0.26695401148119374
INFO:cooler._balance:variance is 0.10649649289635382
INFO:cooler._balance:variance is 0.04333893534775665
INFO:cooler._balance:variance is 0.017897082966072654
INFO:cooler._balance:variance is 0.007469294803870356
INFO:cooler._balance:variance is 0.0031401600067303527
INFO:cooler._balance:variance is 0.0013271351844982215
INFO:cooler._balance:variance is 0.0005628778035475504
INFO:cooler._balance:variance is 0.00023934314245076108
INFO:cooler._balance:variance is 0.00010194358357571723
INFO:cooler._balance:variance is 4.347372542969612e-05
INFO:cooler._balance:variance is 1.855413990387792e-05
INFO:cooler._balance:variance is 7.923278187577251e-06
INFO:cooler._balance:chr16
INFO:cooler._balance:variance is 268282.6890750914
INFO:cooler._balance:variance is 976.7648959175255
INFO:cooler._balance:variance is 289.32634196476727
INFO:cooler._balance:variance is 146.1165090405897
INFO:cooler._balance:variance is 71.09746861573578
INFO:cooler._balance:variance is 42.33084056872401
INFO:cooler._balance:variance is 23.254619889277336
INFO:cooler._balance:variance is 14.114392419324844
INFO:cooler._balance:variance is 8.099471066950937
INFO:cooler._balance:variance is 4.900277636827698
INFO:cooler._balance:variance is 2.864311216979404
INFO:cooler._balance:variance is 1.7242294478992803
INFO:cooler._balance:variance is 1.0167711445875536
INFO:cooler._balance:variance is 0.6097584169917929
INFO:cooler._balance:variance is 0.36122224490445637
INFO:cooler._balance:variance is 0.21609155910045247
INFO:cooler._balance:variance is 0.12833405347131396
INFO:cooler._balance:variance is 0.07665450911953013
INFO:cooler._balance:variance is 0.04558852843739613
INFO:cooler._balance:variance is 0.027204687429448038
INFO:cooler._balance:variance is 0.016192534185519487
INFO:cooler._balance:variance is 0.00965731786296475
INFO:cooler._balance:variance is 0.005750867454954784
INFO:cooler._balance:variance is 0.0034286791253073925
INFO:cooler._balance:variance is 0.002042323090993863
INFO:cooler._balance:variance is 0.0012173881679403557
INFO:cooler._balance:variance is 0.0007252670092948178
INFO:cooler._balance:variance is 0.000432264316205142
INFO:cooler._balance:variance is 0.0002575493113704771
INFO:cooler._balance:variance is 0.00015348999931547144
INFO:cooler._balance:variance is 9.145681984959961e-05
INFO:cooler._balance:variance is 5.450254929399247e-05
INFO:cooler._balance:variance is 3.247638483656386e-05
INFO:cooler._balance:variance is 1.935339134282893e-05
INFO:cooler._balance:variance is 1.1532322271219314e-05
INFO:cooler._balance:variance is 6.872257383285785e-06
INFO:cooler._balance:chr17
INFO:cooler._balance:variance is 19005.11925481993
INFO:cooler._balance:variance is 3736.1976898413095
INFO:cooler._balance:variance is 1498.3902880742294
INFO:cooler._balance:variance is 769.1611820337195
INFO:cooler._balance:variance is 370.2393988142185
INFO:cooler._balance:variance is 189.31298040796207
INFO:cooler._balance:variance is 94.68802006668763
INFO:cooler._balance:variance is 48.21740985336863
INFO:cooler._balance:variance is 24.383359654412313
INFO:cooler._balance:variance is 12.398803796750908
INFO:cooler._balance:variance is 6.291275496272109
INFO:cooler._balance:variance is 3.1977215567784265
INFO:cooler._balance:variance is 1.624298935060079
INFO:cooler._balance:variance is 0.8255060298517897
INFO:cooler._balance:variance is 0.41946640272573005
INFO:cooler._balance:variance is 0.2131782535406331
INFO:cooler._balance:variance is 0.10833539269888695
INFO:cooler._balance:variance is 0.055057596236814416
INFO:cooler._balance:variance is 0.02798092569859587
INFO:cooler._balance:variance is 0.014220393775135691
INFO:cooler._balance:variance is 0.0072270769839453955
INFO:cooler._balance:variance is 0.003672944790507245
INFO:cooler._balance:variance is 0.001866671184503409
INFO:cooler._balance:variance is 0.0009486827333808779
INFO:cooler._balance:variance is 0.00048214246853857927
INFO:cooler._balance:variance is 0.00024503575129960803
INFO:cooler._balance:variance is 0.0001245329501056886
INFO:cooler._balance:variance is 6.329054994109602e-05
INFO:cooler._balance:variance is 3.216576628725806e-05
INFO:cooler._balance:variance is 1.634740407934203e-05
INFO:cooler._balance:variance is 8.308142562880206e-06
INFO:cooler._balance:chr18
INFO:cooler._balance:variance is 13832.074769562452
INFO:cooler._balance:variance is 1013.6246134569852
INFO:cooler._balance:variance is 245.7855264201016
INFO:cooler._balance:variance is 71.27260303871402
INFO:cooler._balance:variance is 20.695536104503415
INFO:cooler._balance:variance is 6.319763798679235
INFO:cooler._balance:variance is 1.9298571090442145
INFO:cooler._balance:variance is 0.6001204031772086
INFO:cooler._balance:variance is 0.18665735271470135
INFO:cooler._balance:variance is 0.058434255007598565
INFO:cooler._balance:variance is 0.0182977619654539
INFO:cooler._balance:variance is 0.00574283592198837
INFO:cooler._balance:variance is 0.0018027346736803301
INFO:cooler._balance:variance is 0.0005663587232767288
INFO:cooler._balance:variance is 0.0001779489753509226
INFO:cooler._balance:variance is 5.592760382655342e-05
INFO:cooler._balance:variance is 1.7578402215351462e-05
INFO:cooler._balance:variance is 5.525587841728444e-06
INFO:cooler._balance:chr20
INFO:cooler._balance:variance is 13570.761124710278
INFO:cooler._balance:variance is 507.4384627129215
INFO:cooler._balance:variance is 130.796108474783
INFO:cooler._balance:variance is 42.429337518311875
INFO:cooler._balance:variance is 14.428238484881389
INFO:cooler._balance:variance is 5.11985330260305
INFO:cooler._balance:variance is 1.8335040843561619
INFO:cooler._balance:variance is 0.6718636118058406
INFO:cooler._balance:variance is 0.249174717453569
INFO:cooler._balance:variance is 0.0947808472888765
INFO:cooler._balance:variance is 0.036915894430346465
INFO:cooler._balance:variance is 0.014894223518682817
INFO:cooler._balance:variance is 0.006233840602912831
INFO:cooler._balance:variance is 0.0027244720964618
INFO:cooler._balance:variance is 0.001241115362169027
INFO:cooler._balance:variance is 0.0005885548846217305
INFO:cooler._balance:variance is 0.00028867539757729846
INFO:cooler._balance:variance is 0.00014560652004708404
INFO:cooler._balance:variance is 7.500501482595002e-05
INFO:cooler._balance:variance is 3.9251007084858146e-05
INFO:cooler._balance:variance is 2.0769633377457443e-05
INFO:cooler._balance:variance is 1.1077125352157747e-05
INFO:cooler._balance:variance is 5.939492413670292e-06
INFO:cooler._balance:chrY
INFO:cooler._balance:chr19
INFO:cooler._balance:variance is 24881.333809320135
INFO:cooler._balance:variance is 8812.039194775207
INFO:cooler._balance:variance is 2637.68532889757
INFO:cooler._balance:variance is 1624.186576415078
INFO:cooler._balance:variance is 644.6960030486939
INFO:cooler._balance:variance is 351.87095674084355
INFO:cooler._balance:variance is 158.1297388519256
INFO:cooler._balance:variance is 81.82603284099864
INFO:cooler._balance:variance is 38.90898758484336
INFO:cooler._balance:variance is 19.698305701662434
INFO:cooler._balance:variance is 9.613310369912172
INFO:cooler._balance:variance is 4.825664782759035
INFO:cooler._balance:variance is 2.3839302107737357
INFO:cooler._balance:variance is 1.1929521227970405
INFO:cooler._balance:variance is 0.5927863924132267
INFO:cooler._balance:variance is 0.2963297793759543
INFO:cooler._balance:variance is 0.1476717394272796
INFO:cooler._balance:variance is 0.073799227828569
INFO:cooler._balance:variance is 0.03682986434586355
INFO:cooler._balance:variance is 0.018405266886163896
INFO:cooler._balance:variance is 0.009192026848200767
INFO:cooler._balance:variance is 0.004593787856352373
INFO:cooler._balance:variance is 0.0022951304373912814
INFO:cooler._balance:variance is 0.0011470646706347107
INFO:cooler._balance:variance is 0.0005732087554947199
INFO:cooler._balance:variance is 0.00028649039601397083
INFO:cooler._balance:variance is 0.00014317999342357702
INFO:cooler._balance:variance is 7.156345646604166e-05
INFO:cooler._balance:variance is 3.5767548799274564e-05
INFO:cooler._balance:variance is 1.7877460962516098e-05
INFO:cooler._balance:variance is 8.93547526671657e-06
INFO:cooler._balance:chr22
INFO:cooler._balance:variance is 14776.443954842422
INFO:cooler._balance:variance is 1538.2481249729105
INFO:cooler._balance:variance is 377.0203463766357
INFO:cooler._balance:variance is 138.23904063541525
INFO:cooler._balance:variance is 56.132873459158674
INFO:cooler._balance:variance is 25.721931938078146
INFO:cooler._balance:variance is 12.910835971664447
INFO:cooler._balance:variance is 6.582081349602919
INFO:cooler._balance:variance is 3.5071373544262507
INFO:cooler._balance:variance is 1.8524163425510274
INFO:cooler._balance:variance is 0.9991142380313895
INFO:cooler._balance:variance is 0.5339845790652801
INFO:cooler._balance:variance is 0.28840820448198373
INFO:cooler._balance:variance is 0.15483656508865093
INFO:cooler._balance:variance is 0.08358301818443659
INFO:cooler._balance:variance is 0.04496039430784415
INFO:cooler._balance:variance is 0.024255096441477598
INFO:cooler._balance:variance is 0.013059179437167643
INFO:cooler._balance:variance is 0.007042101861982777
INFO:cooler._balance:variance is 0.00379328421267389
INFO:cooler._balance:variance is 0.0020449824519527316
INFO:cooler._balance:variance is 0.0011018075124365266
INFO:cooler._balance:variance is 0.0005939034724711724
INFO:cooler._balance:variance is 0.0003200265421800168
INFO:cooler._balance:variance is 0.0001724886250260065
INFO:cooler._balance:variance is 9.295209310176579e-05
INFO:cooler._balance:variance is 5.0097266724361176e-05
INFO:cooler._balance:variance is 2.6997774732557942e-05
INFO:cooler._balance:variance is 1.455030628966972e-05
INFO:cooler._balance:variance is 7.84141096804599e-06
INFO:cooler._balance:chr21
INFO:cooler._balance:variance is 12281.440304848327
INFO:cooler._balance:variance is 1109.2696139439306
INFO:cooler._balance:variance is 260.9826250668298
INFO:cooler._balance:variance is 77.50621515385987
INFO:cooler._balance:variance is 23.829800736206845
INFO:cooler._balance:variance is 8.088188629949752
INFO:cooler._balance:variance is 3.0322511450213123
INFO:cooler._balance:variance is 1.3040161349398336
INFO:cooler._balance:variance is 0.660021221292264
INFO:cooler._balance:variance is 0.3784904240385788
INFO:cooler._balance:variance is 0.23954120555626776
INFO:cooler._balance:variance is 0.1585668979695425
INFO:cooler._balance:variance is 0.1084508470446069
INFO:cooler._balance:variance is 0.07483724702730254
INFO:cooler._balance:variance is 0.05218052120052118
INFO:cooler._balance:variance is 0.036396155441678124
INFO:cooler._balance:variance is 0.025492819626504324
INFO:cooler._balance:variance is 0.01783705946162052
INFO:cooler._balance:variance is 0.012507569550232231
INFO:cooler._balance:variance is 0.008761483640274771
INFO:cooler._balance:variance is 0.006145461670867018
INFO:cooler._balance:variance is 0.004307154577244244
INFO:cooler._balance:variance is 0.0030213285731525217
INFO:cooler._balance:variance is 0.002118159762947659
INFO:cooler._balance:variance is 0.0014858268055419083
INFO:cooler._balance:variance is 0.001041842520540121
INFO:cooler._balance:variance is 0.0007308107743240782
INFO:cooler._balance:variance is 0.0005124878588289225
INFO:cooler._balance:variance is 0.0003594827083021017
INFO:cooler._balance:variance is 0.00025210691595925467
INFO:cooler._balance:variance is 0.0001768362539038825
INFO:cooler._balance:variance is 0.0001240212390437553
INFO:cooler._balance:variance is 8.699134417817073e-05
INFO:cooler._balance:variance is 6.101161375562097e-05
INFO:cooler._balance:variance is 4.279443647059297e-05
INFO:cooler._balance:variance is 3.001452683010641e-05
INFO:cooler._balance:variance is 2.1052436244004673e-05
INFO:cooler._balance:variance is 1.476562027669419e-05
INFO:cooler._balance:variance is 1.0356657694278146e-05
INFO:cooler._balance:variance is 7.263942877737888e-06
INFO:cooler._balance:chrM
