INFO:cooler.cli.balance:Balancing "analysis_other/porec/T2T15/cooler/T2T15_40000_balanced.cool"
INFO:cooler._balance:chr1
INFO:cooler._balance:variance is 193578.45747816286
INFO:cooler._balance:variance is 37201.54688947736
INFO:cooler._balance:variance is 12011.838982879211
INFO:cooler._balance:variance is 5558.458042731147
INFO:cooler._balance:variance is 2487.9127063615815
INFO:cooler._balance:variance is 1234.0617425523524
INFO:cooler._balance:variance is 603.9348696233752
INFO:cooler._balance:variance is 306.9443289500087
INFO:cooler._balance:variance is 155.00239671913164
INFO:cooler._balance:variance is 79.51029773190305
INFO:cooler._balance:variance is 40.62769887967969
INFO:cooler._balance:variance is 20.905480700272683
INFO:cooler._balance:variance is 10.731829085455272
INFO:cooler._balance:variance is 5.527262076341974
INFO:cooler._balance:variance is 2.8428316358430044
INFO:cooler._balance:variance is 1.4644643796115382
INFO:cooler._balance:variance is 0.7538302113095239
INFO:cooler._balance:variance is 0.3883347789172238
INFO:cooler._balance:variance is 0.19996668606439716
INFO:cooler._balance:variance is 0.10300959280804155
INFO:cooler._balance:variance is 0.05305185754264455
INFO:cooler._balance:variance is 0.027328037454468837
INFO:cooler._balance:variance is 0.014075535320470057
INFO:cooler._balance:variance is 0.00725044111238678
INFO:cooler._balance:variance is 0.0037345387437465387
INFO:cooler._balance:variance is 0.0019236737065902619
INFO:cooler._balance:variance is 0.0009908587883234587
INFO:cooler._balance:variance is 0.0005103913455327305
INFO:cooler._balance:variance is 0.00026289813810020777
INFO:cooler._balance:variance is 0.0001354183251173505
INFO:cooler._balance:variance is 6.975310794498201e-05
INFO:cooler._balance:variance is 3.592961950233869e-05
INFO:cooler._balance:variance is 1.8507156734171127e-05
INFO:cooler._balance:variance is 9.532971416115614e-06
INFO:cooler._balance:chr2
INFO:cooler._balance:variance is 282526.55481140316
INFO:cooler._balance:variance is 67789.23088247786
INFO:cooler._balance:variance is 19999.09011420242
INFO:cooler._balance:variance is 7100.664580508918
INFO:cooler._balance:variance is 2381.6001595616895
INFO:cooler._balance:variance is 841.2057067051718
INFO:cooler._balance:variance is 292.60445148824004
INFO:cooler._balance:variance is 103.77272668720366
INFO:cooler._balance:variance is 36.75116862240575
INFO:cooler._balance:variance is 13.1396267737478
INFO:cooler._balance:variance is 4.710616377173467
INFO:cooler._balance:variance is 1.6989023099775773
INFO:cooler._balance:variance is 0.614931238096006
INFO:cooler._balance:variance is 0.2235611472806046
INFO:cooler._balance:variance is 0.08155592074561485
INFO:cooler._balance:variance is 0.029854744349309438
INFO:cooler._balance:variance is 0.010960899722904848
INFO:cooler._balance:variance is 0.00403523438195241
INFO:cooler._balance:variance is 0.0014891246486692245
INFO:cooler._balance:variance is 0.000550721052479068
INFO:cooler._balance:variance is 0.00020405945704072618
INFO:cooler._balance:variance is 7.573792947992605e-05
INFO:cooler._balance:variance is 2.8152168821833538e-05
INFO:cooler._balance:variance is 1.047790298562149e-05
INFO:cooler._balance:variance is 3.904180726764944e-06
INFO:cooler._balance:chr3
INFO:cooler._balance:variance is 250632.6284906578
INFO:cooler._balance:variance is 108685.05782575156
INFO:cooler._balance:variance is 29396.160599311508
INFO:cooler._balance:variance is 14638.811410717448
INFO:cooler._balance:variance is 5159.866683070046
INFO:cooler._balance:variance is 2302.530087178386
INFO:cooler._balance:variance is 893.8529456770001
INFO:cooler._balance:variance is 381.3446412349394
INFO:cooler._balance:variance is 153.9777382977542
INFO:cooler._balance:variance is 64.61301469918864
INFO:cooler._balance:variance is 26.53932689192292
INFO:cooler._balance:variance is 11.077331610000078
INFO:cooler._balance:variance is 4.586410887155621
INFO:cooler._balance:variance is 1.912119447986455
INFO:cooler._balance:variance is 0.7948946437124929
INFO:cooler._balance:variance is 0.33148142224255084
INFO:cooler._balance:variance is 0.13810962798463014
INFO:cooler._balance:variance is 0.05762875071023207
INFO:cooler._balance:variance is 0.0240427269026089
INFO:cooler._balance:variance is 0.010038409551772102
INFO:cooler._balance:variance is 0.004191583304769838
INFO:cooler._balance:variance is 0.0017509748806607988
INFO:cooler._balance:variance is 0.0007315398607128326
INFO:cooler._balance:variance is 0.000305710007498885
INFO:cooler._balance:variance is 0.00012777180254458186
INFO:cooler._balance:variance is 5.3411259071607877e-05
INFO:cooler._balance:variance is 2.2329264495704756e-05
INFO:cooler._balance:variance is 9.336070659418954e-06
INFO:cooler._balance:chr4
INFO:cooler._balance:variance is 291357.307477318
INFO:cooler._balance:variance is 74672.06599788564
INFO:cooler._balance:variance is 18082.70787698528
INFO:cooler._balance:variance is 6143.365939971933
INFO:cooler._balance:variance is 1901.202421624217
INFO:cooler._balance:variance is 656.4712959751199
INFO:cooler._balance:variance is 223.085143672601
INFO:cooler._balance:variance is 78.99766196841489
INFO:cooler._balance:variance is 28.02162076543365
INFO:cooler._balance:variance is 10.112988569471355
INFO:cooler._balance:variance is 3.663417448188479
INFO:cooler._balance:variance is 1.337428246987371
INFO:cooler._balance:variance is 0.489613972461782
INFO:cooler._balance:variance is 0.17989791263595725
INFO:cooler._balance:variance is 0.06621082802582305
INFO:cooler._balance:variance is 0.024412018935138415
INFO:cooler._balance:variance is 0.009009334148243203
INFO:cooler._balance:variance is 0.003327864698410157
INFO:cooler._balance:variance is 0.0012298901477905192
INFO:cooler._balance:variance is 0.0004547383923393041
INFO:cooler._balance:variance is 0.0001681822900774884
INFO:cooler._balance:variance is 6.221556287424874e-05
INFO:cooler._balance:variance is 2.3018880577860994e-05
INFO:cooler._balance:variance is 8.517683331056199e-06
INFO:cooler._balance:chr5
INFO:cooler._balance:variance is 326939.03033233125
INFO:cooler._balance:variance is 68325.32857261415
INFO:cooler._balance:variance is 15589.392617512636
INFO:cooler._balance:variance is 4168.721604713772
INFO:cooler._balance:variance is 1073.848618826541
INFO:cooler._balance:variance is 290.01548850346416
INFO:cooler._balance:variance is 78.56866149294436
INFO:cooler._balance:variance is 21.910175520982495
INFO:cooler._balance:variance is 6.2260908753634405
INFO:cooler._balance:variance is 1.8209924616677244
INFO:cooler._balance:variance is 0.5471154808433459
INFO:cooler._balance:variance is 0.16945092208079657
INFO:cooler._balance:variance is 0.05400763314106064
INFO:cooler._balance:variance is 0.017698171169109343
INFO:cooler._balance:variance is 0.005943349410063488
INFO:cooler._balance:variance is 0.002038856315118417
INFO:cooler._balance:variance is 0.0007117832317351565
INFO:cooler._balance:variance is 0.0002520374464309651
INFO:cooler._balance:variance is 9.024051661061176e-05
INFO:cooler._balance:variance is 3.258924570724918e-05
INFO:cooler._balance:variance is 1.1846573398947879e-05
INFO:cooler._balance:variance is 4.327831518494516e-06
INFO:cooler._balance:chr6
INFO:cooler._balance:variance is 295223.93931194657
INFO:cooler._balance:variance is 145060.20989081927
INFO:cooler._balance:variance is 51398.33595028673
INFO:cooler._balance:variance is 32374.781039102494
INFO:cooler._balance:variance is 13996.968162630075
INFO:cooler._balance:variance is 8008.999875996901
INFO:cooler._balance:variance is 3767.6970016728
INFO:cooler._balance:variance is 2041.1451333055097
INFO:cooler._balance:variance is 1000.5616648545603
INFO:cooler._balance:variance is 526.9498424049675
INFO:cooler._balance:variance is 263.70847489911614
INFO:cooler._balance:variance is 136.88932313161004
INFO:cooler._balance:variance is 69.22848579560973
INFO:cooler._balance:variance is 35.67121720291995
INFO:cooler._balance:variance is 18.136645238425196
INFO:cooler._balance:variance is 9.309921978430776
INFO:cooler._balance:variance is 4.7464763586191525
INFO:cooler._balance:variance is 2.431749670873434
INFO:cooler._balance:variance is 1.2415101047964774
INFO:cooler._balance:variance is 0.6354290181534744
INFO:cooler._balance:variance is 0.32464465988336166
INFO:cooler._balance:variance is 0.1660751247765144
INFO:cooler._balance:variance is 0.08487977353642798
INFO:cooler._balance:variance is 0.043409793925001945
INFO:cooler._balance:variance is 0.022190564109878335
INFO:cooler._balance:variance is 0.011347341820750772
INFO:cooler._balance:variance is 0.005801177705647772
INFO:cooler._balance:variance is 0.0029662820177383574
INFO:cooler._balance:variance is 0.0015165462021442069
INFO:cooler._balance:variance is 0.0007754196702849793
INFO:cooler._balance:variance is 0.0003964522137932779
INFO:cooler._balance:variance is 0.00020270492072638286
INFO:cooler._balance:variance is 0.00010363915436299099
INFO:cooler._balance:variance is 5.2989931109683134e-05
INFO:cooler._balance:variance is 2.709291624758196e-05
INFO:cooler._balance:variance is 1.3852342746035042e-05
INFO:cooler._balance:variance is 7.082508025303832e-06
INFO:cooler._balance:chr7
INFO:cooler._balance:variance is 250011.3400908725
INFO:cooler._balance:variance is 76211.40328658115
INFO:cooler._balance:variance is 23404.67982436099
INFO:cooler._balance:variance is 9902.518685952295
INFO:cooler._balance:variance is 3566.5260936823024
INFO:cooler._balance:variance is 1445.4521982333174
INFO:cooler._balance:variance is 548.4391821491456
INFO:cooler._balance:variance is 217.8706095059254
INFO:cooler._balance:variance is 84.36187815900742
INFO:cooler._balance:variance is 33.266865265590546
INFO:cooler._balance:variance is 12.992056811968348
INFO:cooler._balance:variance is 5.11175506269385
INFO:cooler._balance:variance is 2.004246669014615
INFO:cooler._balance:variance is 0.7883263594105159
INFO:cooler._balance:variance is 0.3097247667499571
INFO:cooler._balance:variance is 0.12186382880166204
INFO:cooler._balance:variance is 0.04793668666414495
INFO:cooler._balance:variance is 0.01887038934099813
INFO:cooler._balance:variance is 0.007428801374380955
INFO:cooler._balance:variance is 0.0029257707509739235
INFO:cooler._balance:variance is 0.0011524552612013966
INFO:cooler._balance:variance is 0.00045407353602609416
INFO:cooler._balance:variance is 0.0001789344996585824
INFO:cooler._balance:variance is 7.052531867368195e-05
INFO:cooler._balance:variance is 2.7800620565263494e-05
INFO:cooler._balance:variance is 1.0960377263541448e-05
INFO:cooler._balance:variance is 4.32160660930908e-06
INFO:cooler._balance:chrX
INFO:cooler._balance:variance is 156221.462466358
INFO:cooler._balance:variance is 9958.173057255977
INFO:cooler._balance:variance is 1418.6126869404684
INFO:cooler._balance:variance is 244.2067831723689
INFO:cooler._balance:variance is 45.988811534012946
INFO:cooler._balance:variance is 9.856883182903834
INFO:cooler._balance:variance is 2.4002853943954534
INFO:cooler._balance:variance is 0.6572803455669065
INFO:cooler._balance:variance is 0.1958658098890805
INFO:cooler._balance:variance is 0.06154263635608953
INFO:cooler._balance:variance is 0.019924752673390576
INFO:cooler._balance:variance is 0.0065540792687721885
INFO:cooler._balance:variance is 0.0021738628120266954
INFO:cooler._balance:variance is 0.0007240707774315212
INFO:cooler._balance:variance is 0.00024169841840281542
INFO:cooler._balance:variance is 8.076865932889821e-05
INFO:cooler._balance:variance is 2.700598650690689e-05
INFO:cooler._balance:variance is 9.03239415604994e-06
INFO:cooler._balance:chr9
INFO:cooler._balance:variance is 208239.21367946718
INFO:cooler._balance:variance is 47776.636557979786
INFO:cooler._balance:variance is 17500.467833389826
INFO:cooler._balance:variance is 8770.95716080689
INFO:cooler._balance:variance is 4252.88517145032
INFO:cooler._balance:variance is 2392.063914310416
INFO:cooler._balance:variance is 1281.7888303588136
INFO:cooler._balance:variance is 761.4601063890607
INFO:cooler._balance:variance is 435.8970986076459
INFO:cooler._balance:variance is 267.17675272480926
INFO:cooler._balance:variance is 159.56204284475047
INFO:cooler._balance:variance is 99.42327789234835
INFO:cooler._balance:variance is 60.87860249972064
INFO:cooler._balance:variance is 38.23654192785557
INFO:cooler._balance:variance is 23.742167436853627
INFO:cooler._balance:variance is 14.96548574502482
INFO:cooler._balance:variance is 9.363601230782084
INFO:cooler._balance:variance is 5.910982276318418
INFO:cooler._balance:variance is 3.7137036006268622
INFO:cooler._balance:variance is 2.3456225318134454
INFO:cooler._balance:variance is 1.4770099465848336
INFO:cooler._balance:variance is 0.9330257335078727
INFO:cooler._balance:variance is 0.5882424998983808
INFO:cooler._balance:variance is 0.37158590367692357
INFO:cooler._balance:variance is 0.2344342971105369
INFO:cooler._balance:variance is 0.14808008530371458
INFO:cooler._balance:variance is 0.0934603374530459
INFO:cooler._balance:variance is 0.0590301835127063
INFO:cooler._balance:variance is 0.037265020995814184
INFO:cooler._balance:variance is 0.023535543098947675
INFO:cooler._balance:variance is 0.01485961104523743
INFO:cooler._balance:variance is 0.009384523992119444
INFO:cooler._balance:variance is 0.005925545496806955
INFO:cooler._balance:variance is 0.003742142014168257
INFO:cooler._balance:variance is 0.002362957317846432
INFO:cooler._balance:variance is 0.0014922408427861286
INFO:cooler._balance:variance is 0.0009422936189880567
INFO:cooler._balance:variance is 0.0005950634940661518
INFO:cooler._balance:variance is 0.00037576621348041464
INFO:cooler._balance:variance is 0.00023729621670044674
INFO:cooler._balance:variance is 0.00014984752065729862
INFO:cooler._balance:variance is 9.462808308262997e-05
INFO:cooler._balance:variance is 5.9755990091380883e-05
INFO:cooler._balance:variance is 3.7735510880553794e-05
INFO:cooler._balance:variance is 2.382940935833695e-05
INFO:cooler._balance:variance is 1.5048075847906095e-05
INFO:cooler._balance:variance is 9.502656530613423e-06
INFO:cooler._balance:chr8
INFO:cooler._balance:variance is 199099.52547407735
INFO:cooler._balance:variance is 42841.9475635754
INFO:cooler._balance:variance is 11024.369552442524
INFO:cooler._balance:variance is 3492.5000911060474
INFO:cooler._balance:variance is 1074.5775266213232
INFO:cooler._balance:variance is 348.88258289614515
INFO:cooler._balance:variance is 112.41640010133527
INFO:cooler._balance:variance is 36.906849433105414
INFO:cooler._balance:variance is 12.103212652458305
INFO:cooler._balance:variance is 4.000285849730892
INFO:cooler._balance:variance is 1.323699845635614
INFO:cooler._balance:variance is 0.4398829267442837
INFO:cooler._balance:variance is 0.1464827117202079
INFO:cooler._balance:variance is 0.0489338852386234
INFO:cooler._balance:variance is 0.01638754222079016
INFO:cooler._balance:variance is 0.00550393370686448
INFO:cooler._balance:variance is 0.0018535605185301608
INFO:cooler._balance:variance is 0.0006260116028457036
INFO:cooler._balance:variance is 0.00021202177446387124
INFO:cooler._balance:variance is 7.201529579099983e-05
INFO:cooler._balance:variance is 2.453048672110836e-05
INFO:cooler._balance:variance is 8.379624743210903e-06
INFO:cooler._balance:chr11
INFO:cooler._balance:variance is 253337.19569837648
INFO:cooler._balance:variance is 132847.2814394743
INFO:cooler._balance:variance is 53987.57437086936
INFO:cooler._balance:variance is 37243.92188890709
INFO:cooler._balance:variance is 17489.222671900538
INFO:cooler._balance:variance is 11039.643677816204
INFO:cooler._balance:variance is 5578.381116310693
INFO:cooler._balance:variance is 3333.243203821953
INFO:cooler._balance:variance is 1755.952248544707
INFO:cooler._balance:variance is 1016.7437217120495
INFO:cooler._balance:variance is 548.4420694812572
INFO:cooler._balance:variance is 311.9615614428121
INFO:cooler._balance:variance is 170.53769586120313
INFO:cooler._balance:variance is 96.03805099431258
INFO:cooler._balance:variance is 52.89585434380827
INFO:cooler._balance:variance is 29.62155414734507
INFO:cooler._balance:variance is 16.383668405013044
INFO:cooler._balance:variance is 9.146077112494355
INFO:cooler._balance:variance is 5.070581694178
INFO:cooler._balance:variance is 2.8256667900618693
INFO:cooler._balance:variance is 1.568601501691779
INFO:cooler._balance:variance is 0.8732764597960891
INFO:cooler._balance:variance is 0.4851324812636615
INFO:cooler._balance:variance is 0.26993752169518864
INFO:cooler._balance:variance is 0.15001971110459306
INFO:cooler._balance:variance is 0.0834487252200136
INFO:cooler._balance:variance is 0.04638771607985591
INFO:cooler._balance:variance is 0.025798899139977606
INFO:cooler._balance:variance is 0.014342970441233479
INFO:cooler._balance:variance is 0.007976209658295083
INFO:cooler._balance:variance is 0.00443470654543181
INFO:cooler._balance:variance is 0.002466037570504016
INFO:cooler._balance:variance is 0.0013711498517225093
INFO:cooler._balance:variance is 0.0007624425437248987
INFO:cooler._balance:variance is 0.00042393742344633707
INFO:cooler._balance:variance is 0.00023573113547902734
INFO:cooler._balance:variance is 0.00013107407786892535
INFO:cooler._balance:variance is 7.28833129681768e-05
INFO:cooler._balance:variance is 4.052573273988399e-05
INFO:cooler._balance:variance is 2.2534088888959715e-05
INFO:cooler._balance:variance is 1.252980725264793e-05
INFO:cooler._balance:variance is 6.967104298632302e-06
INFO:cooler._balance:chr10
INFO:cooler._balance:variance is 1183100.2122773367
INFO:cooler._balance:variance is 38144.449345612964
INFO:cooler._balance:variance is 11289.023134395531
INFO:cooler._balance:variance is 4105.0818319721675
INFO:cooler._balance:variance is 1415.2516881935192
INFO:cooler._balance:variance is 514.447967251092
INFO:cooler._balance:variance is 183.32772585115842
INFO:cooler._balance:variance is 66.46968340844221
INFO:cooler._balance:variance is 23.943034066502484
INFO:cooler._balance:variance is 8.678489338193058
INFO:cooler._balance:variance is 3.1395622787349713
INFO:cooler._balance:variance is 1.1386232897182966
INFO:cooler._balance:variance is 0.41279982866546033
INFO:cooler._balance:variance is 0.14983847948628368
INFO:cooler._balance:variance is 0.05440024962036434
INFO:cooler._balance:variance is 0.01976580922950614
INFO:cooler._balance:variance is 0.007184870451094842
INFO:cooler._balance:variance is 0.0026134017617257454
INFO:cooler._balance:variance is 0.000951113851272061
INFO:cooler._balance:variance is 0.0003463685357751471
INFO:cooler._balance:variance is 0.0001262167056677044
INFO:cooler._balance:variance is 4.6024667825393285e-05
INFO:cooler._balance:variance is 1.6794466775583526e-05
INFO:cooler._balance:variance is 6.132825652695106e-06
INFO:cooler._balance:chr12
INFO:cooler._balance:variance is 231765.0024875612
INFO:cooler._balance:variance is 85011.23675350216
INFO:cooler._balance:variance is 34235.02717013662
INFO:cooler._balance:variance is 17932.90019349403
INFO:cooler._balance:variance is 8081.771103198965
INFO:cooler._balance:variance is 4113.61096650829
INFO:cooler._balance:variance is 1933.6452944107068
INFO:cooler._balance:variance is 965.4590951765307
INFO:cooler._balance:variance is 462.8871283839395
INFO:cooler._balance:variance is 228.69511439316966
INFO:cooler._balance:variance is 110.70957747101352
INFO:cooler._balance:variance is 54.39742843661557
INFO:cooler._balance:variance is 26.45825837926808
INFO:cooler._balance:variance is 12.963891920759451
INFO:cooler._balance:variance is 6.320129241820141
INFO:cooler._balance:variance is 3.0923348766966776
INFO:cooler._balance:variance is 1.5092822990148098
INFO:cooler._balance:variance is 0.7379466680182808
INFO:cooler._balance:variance is 0.36037128719414757
INFO:cooler._balance:variance is 0.17613795032729473
INFO:cooler._balance:variance is 0.08603912403702745
INFO:cooler._balance:variance is 0.042045915835117506
INFO:cooler._balance:variance is 0.020541132362675962
INFO:cooler._balance:variance is 0.010037263598908143
INFO:cooler._balance:variance is 0.004903926634940054
INFO:cooler._balance:variance is 0.002396165362969958
INFO:cooler._balance:variance is 0.0011707363854545736
INFO:cooler._balance:variance is 0.0005720355796579683
INFO:cooler._balance:variance is 0.0002794937197065699
INFO:cooler._balance:variance is 0.0001365625501242169
INFO:cooler._balance:variance is 6.67242789682342e-05
INFO:cooler._balance:variance is 3.260178033011388e-05
INFO:cooler._balance:variance is 1.5929244509812275e-05
INFO:cooler._balance:variance is 7.78308116455996e-06
INFO:cooler._balance:chr13
INFO:cooler._balance:variance is 122729.24742619412
INFO:cooler._balance:variance is 18944.07668329625
INFO:cooler._balance:variance is 4260.705988483162
INFO:cooler._balance:variance is 1255.737475996475
INFO:cooler._balance:variance is 396.19326785259426
INFO:cooler._balance:variance is 136.03769369994282
INFO:cooler._balance:variance is 48.546315133516195
INFO:cooler._balance:variance is 17.93584619232108
INFO:cooler._balance:variance is 6.746160674930738
INFO:cooler._balance:variance is 2.579495191499535
INFO:cooler._balance:variance is 0.99539584676228
INFO:cooler._balance:variance is 0.3873854447210366
INFO:cooler._balance:variance is 0.15153286755521989
INFO:cooler._balance:variance is 0.05954617094681846
INFO:cooler._balance:variance is 0.0234677503565918
INFO:cooler._balance:variance is 0.009272121723892536
INFO:cooler._balance:variance is 0.003669612596427206
INFO:cooler._balance:variance is 0.001454347827176837
INFO:cooler._balance:variance is 0.0005769522134713468
INFO:cooler._balance:variance is 0.00022906180841053415
INFO:cooler._balance:variance is 9.099341513776888e-05
INFO:cooler._balance:variance is 3.616268149893755e-05
INFO:cooler._balance:variance is 1.4376474752373674e-05
INFO:cooler._balance:variance is 5.716818995640287e-06
INFO:cooler._balance:chr14
INFO:cooler._balance:variance is 175221.6756378583
INFO:cooler._balance:variance is 44691.143679767316
INFO:cooler._balance:variance is 12137.591252655331
INFO:cooler._balance:variance is 4915.652829519162
INFO:cooler._balance:variance is 1811.1113799128832
INFO:cooler._balance:variance is 796.2012384929752
INFO:cooler._balance:variance is 345.5028611950972
INFO:cooler._balance:variance is 162.33682518393846
INFO:cooler._balance:variance is 77.21304843775278
INFO:cooler._balance:variance is 38.0708384292893
INFO:cooler._balance:variance is 18.989475475149526
INFO:cooler._balance:variance is 9.627195885689787
INFO:cooler._balance:variance is 4.913497736743307
INFO:cooler._balance:variance is 2.5262737595780136
INFO:cooler._balance:variance is 1.3031853922053473
INFO:cooler._balance:variance is 0.674511582731687
INFO:cooler._balance:variance is 0.3496547178886393
INFO:cooler._balance:variance is 0.18153466436495705
INFO:cooler._balance:variance is 0.09431506970886966
INFO:cooler._balance:variance is 0.0490358506072894
INFO:cooler._balance:variance is 0.025502390720441668
INFO:cooler._balance:variance is 0.013267641094316003
INFO:cooler._balance:variance is 0.006903450961680285
INFO:cooler._balance:variance is 0.003592588291472705
INFO:cooler._balance:variance is 0.0018697133792810409
INFO:cooler._balance:variance is 0.0009731397404112864
INFO:cooler._balance:variance is 0.0005065087857724029
INFO:cooler._balance:variance is 0.0002636418213144337
INFO:cooler._balance:variance is 0.0001372292522967261
INFO:cooler._balance:variance is 7.143096908462782e-05
INFO:cooler._balance:variance is 3.718164403182686e-05
INFO:cooler._balance:variance is 1.9354155316470834e-05
INFO:cooler._balance:variance is 1.0074437346194921e-05
INFO:cooler._balance:variance is 5.244077625714979e-06
INFO:cooler._balance:chr15
INFO:cooler._balance:variance is 145600.37214042293
INFO:cooler._balance:variance is 41117.002324354034
INFO:cooler._balance:variance is 8729.245135169165
INFO:cooler._balance:variance is 3888.3035952553355
INFO:cooler._balance:variance is 1200.8041285066474
INFO:cooler._balance:variance is 524.9607468155428
INFO:cooler._balance:variance is 194.93762455364342
INFO:cooler._balance:variance is 84.10100669994038
INFO:cooler._balance:variance is 34.12479258878578
INFO:cooler._balance:variance is 14.719553226705035
INFO:cooler._balance:variance is 6.224712639863358
INFO:cooler._balance:variance is 2.698667938228225
INFO:cooler._balance:variance is 1.1642262253142117
INFO:cooler._balance:variance is 0.5076298802185242
INFO:cooler._balance:variance is 0.22129430205992273
INFO:cooler._balance:variance is 0.09695512751438513
INFO:cooler._balance:variance is 0.042522586451486565
INFO:cooler._balance:variance is 0.01869956995811114
INFO:cooler._balance:variance is 0.008232818387777115
INFO:cooler._balance:variance is 0.0036305118932924516
INFO:cooler._balance:variance is 0.0016025839895948406
INFO:cooler._balance:variance is 0.0007081740024833937
INFO:cooler._balance:variance is 0.0003131862137160956
INFO:cooler._balance:variance is 0.00013860984183986246
INFO:cooler._balance:variance is 6.138323491689142e-05
INFO:cooler._balance:variance is 2.7198528519882518e-05
INFO:cooler._balance:variance is 1.205708091218422e-05
INFO:cooler._balance:variance is 5.3470868853226465e-06
INFO:cooler._balance:chr16
INFO:cooler._balance:variance is 145106.42638132567
INFO:cooler._balance:variance is 29962.5151665651
INFO:cooler._balance:variance is 9348.79280040802
INFO:cooler._balance:variance is 4256.191816688099
INFO:cooler._balance:variance is 1862.5648972214917
INFO:cooler._balance:variance is 979.9579332649777
INFO:cooler._balance:variance is 495.1828494333339
INFO:cooler._balance:variance is 280.1108205299224
INFO:cooler._balance:variance is 154.40600775564283
INFO:cooler._balance:variance is 90.75291269229741
INFO:cooler._balance:variance is 52.492332638661544
INFO:cooler._balance:variance is 31.421549832655383
INFO:cooler._balance:variance is 18.621143435986237
INFO:cooler._balance:variance is 11.236144798329086
INFO:cooler._balance:variance is 6.737560625455155
INFO:cooler._balance:variance is 4.078949036762837
INFO:cooler._balance:variance is 2.4597562558777435
INFO:cooler._balance:variance is 1.4910489676680527
INFO:cooler._balance:variance is 0.9016396929301677
INFO:cooler._balance:variance is 0.5467957169635482
INFO:cooler._balance:variance is 0.3311012639445219
INFO:cooler._balance:variance is 0.20081872387442526
INFO:cooler._balance:variance is 0.12168638097974019
INFO:cooler._balance:variance is 0.07380514873318945
INFO:cooler._balance:variance is 0.044738501759471326
INFO:cooler._balance:variance is 0.02713396418487281
INFO:cooler._balance:variance is 0.01645096863136534
INFO:cooler._balance:variance is 0.009977210993263097
INFO:cooler._balance:variance is 0.006049683642836994
INFO:cooler._balance:variance is 0.0036689250267242313
INFO:cooler._balance:variance is 0.0022247815616516977
INFO:cooler._balance:variance is 0.0013492275287865043
INFO:cooler._balance:variance is 0.0008181780012565332
INFO:cooler._balance:variance is 0.0004961807397229275
INFO:cooler._balance:variance is 0.0003008919174189073
INFO:cooler._balance:variance is 0.00018247310269593086
INFO:cooler._balance:variance is 0.00011065577855999843
INFO:cooler._balance:variance is 6.710579151781704e-05
INFO:cooler._balance:variance is 4.069470797852722e-05
INFO:cooler._balance:variance is 2.4678701202231018e-05
INFO:cooler._balance:variance is 1.4965864648060639e-05
INFO:cooler._balance:variance is 9.075806108103444e-06
INFO:cooler._balance:chr17
INFO:cooler._balance:variance is 191400.50789136358
INFO:cooler._balance:variance is 77717.57889488264
INFO:cooler._balance:variance is 30407.687410424674
INFO:cooler._balance:variance is 16771.049824020167
INFO:cooler._balance:variance is 7923.699003424578
INFO:cooler._balance:variance is 4301.119235739685
INFO:cooler._balance:variance is 2185.3978455875517
INFO:cooler._balance:variance is 1178.2748184850147
INFO:cooler._balance:variance is 617.6958526965003
INFO:cooler._balance:variance is 332.30234620566597
INFO:cooler._balance:variance is 176.6166883173695
INFO:cooler._balance:variance is 94.96160553252757
INFO:cooler._balance:variance is 50.78603479164988
INFO:cooler._balance:variance is 27.305220232036508
INFO:cooler._balance:variance is 14.645359629036298
INFO:cooler._balance:variance is 7.874857262488876
INFO:cooler._balance:variance is 4.229624598045644
INFO:cooler._balance:variance is 2.2745101111056454
INFO:cooler._balance:variance is 1.2224907565717218
INFO:cooler._balance:variance is 0.6574521018450528
INFO:cooler._balance:variance is 0.35348625461606864
INFO:cooler._balance:variance is 0.19011329434581012
INFO:cooler._balance:variance is 0.10223469570737694
INFO:cooler._balance:variance is 0.054985920385900805
INFO:cooler._balance:variance is 0.029571790718329577
INFO:cooler._balance:variance is 0.015905183254248594
INFO:cooler._balance:variance is 0.0085543300674589
INFO:cooler._balance:variance is 0.004600993431080096
INFO:cooler._balance:variance is 0.0024746294517507144
INFO:cooler._balance:variance is 0.0013310010050648102
INFO:cooler._balance:variance is 0.0007158844650635317
INFO:cooler._balance:variance is 0.0003850459913008117
INFO:cooler._balance:variance is 0.00020710012820408227
INFO:cooler._balance:variance is 0.00011139119227973146
INFO:cooler._balance:variance is 5.9912899171544396e-05
INFO:cooler._balance:variance is 3.222487738789196e-05
INFO:cooler._balance:variance is 1.7332518924504705e-05
INFO:cooler._balance:variance is 9.322510297466362e-06
INFO:cooler._balance:chr18
INFO:cooler._balance:variance is 148953.4119890424
INFO:cooler._balance:variance is 31107.86289394911
INFO:cooler._balance:variance is 8033.752705466745
INFO:cooler._balance:variance is 2472.4373390157994
INFO:cooler._balance:variance is 750.5349002494619
INFO:cooler._balance:variance is 239.205473783795
INFO:cooler._balance:variance is 75.76608826635207
INFO:cooler._balance:variance is 24.379186506000575
INFO:cooler._balance:variance is 7.828203777702409
INFO:cooler._balance:variance is 2.5269874309727802
INFO:cooler._balance:variance is 0.8152808550006073
INFO:cooler._balance:variance is 0.26351525864207787
INFO:cooler._balance:variance is 0.08516566255055091
INFO:cooler._balance:variance is 0.02754267482378726
INFO:cooler._balance:variance is 0.00890745051247639
INFO:cooler._balance:variance is 0.0028814066389589847
INFO:cooler._balance:variance is 0.0009321079642054045
INFO:cooler._balance:variance is 0.00030155546878246826
INFO:cooler._balance:variance is 9.756085055131877e-05
INFO:cooler._balance:variance is 3.1564528739222766e-05
INFO:cooler._balance:variance is 1.0212386486271011e-05
INFO:cooler._balance:variance is 3.304162225104358e-06
INFO:cooler._balance:chr20
INFO:cooler._balance:variance is 131951.65950381206
INFO:cooler._balance:variance is 25709.894896843693
INFO:cooler._balance:variance is 7944.978812145056
INFO:cooler._balance:variance is 2908.5832506307756
INFO:cooler._balance:variance is 1173.1698601911362
INFO:cooler._balance:variance is 508.1856566989949
INFO:cooler._balance:variance is 233.68271371918843
INFO:cooler._balance:variance is 113.46495368873764
INFO:cooler._balance:variance is 57.49510813534529
INFO:cooler._balance:variance is 30.11718766732359
INFO:cooler._balance:variance is 16.17006677068635
INFO:cooler._balance:variance is 8.819043528561863
INFO:cooler._balance:variance is 4.868812401184068
INFO:cooler._balance:variance is 2.704903233168472
INFO:cooler._balance:variance is 1.5112237545084264
INFO:cooler._balance:variance is 0.8462063411891955
INFO:cooler._balance:variance is 0.4750540226704052
INFO:cooler._balance:variance is 0.26687720174111107
INFO:cooler._balance:variance is 0.15010600270875105
INFO:cooler._balance:variance is 0.08444128803884152
INFO:cooler._balance:variance is 0.047528816035431944
INFO:cooler._balance:variance is 0.02675216619320079
INFO:cooler._balance:variance is 0.015061914387376002
INFO:cooler._balance:variance is 0.008479799501618616
INFO:cooler._balance:variance is 0.004774748393216094
INFO:cooler._balance:variance is 0.0026884396632023137
INFO:cooler._balance:variance is 0.001513841827166205
INFO:cooler._balance:variance is 0.0008524123846758628
INFO:cooler._balance:variance is 0.00047999295940421774
INFO:cooler._balance:variance is 0.00027027933617394454
INFO:cooler._balance:variance is 0.00015219460091191306
INFO:cooler._balance:variance is 8.57000831510656e-05
INFO:cooler._balance:variance is 4.825782891970043e-05
INFO:cooler._balance:variance is 2.7173881788788392e-05
INFO:cooler._balance:variance is 1.5301642698537688e-05
INFO:cooler._balance:variance is 8.616341184765284e-06
INFO:cooler._balance:chrY
INFO:cooler._balance:variance is 1678.9082840236683
INFO:cooler._balance:variance is 83.95992127721374
INFO:cooler._balance:variance is 14.44228514586261
INFO:cooler._balance:variance is 3.146442311024987
INFO:cooler._balance:variance is 0.8879053975315403
INFO:cooler._balance:variance is 0.2736504023858219
INFO:cooler._balance:variance is 0.08768680984083285
INFO:cooler._balance:variance is 0.028724340983304595
INFO:cooler._balance:variance is 0.00947503787712833
INFO:cooler._balance:variance is 0.0031436397646225347
INFO:cooler._balance:variance is 0.0010447079017518498
INFO:cooler._balance:variance is 0.0003477578486895616
INFO:cooler._balance:variance is 0.00011581214901386251
INFO:cooler._balance:variance is 3.858757918543991e-05
INFO:cooler._balance:variance is 1.285872903812541e-05
INFO:cooler._balance:variance is 4.285636887357802e-06
INFO:cooler._balance:chr19
INFO:cooler._balance:variance is 562187.9716511592
INFO:cooler._balance:variance is 258943.622468076
INFO:cooler._balance:variance is 65994.48640232389
INFO:cooler._balance:variance is 28415.704074390047
INFO:cooler._balance:variance is 9144.552287842582
INFO:cooler._balance:variance is 3707.05788871256
INFO:cooler._balance:variance is 1356.5258687407272
INFO:cooler._balance:variance is 556.0468672849734
INFO:cooler._balance:variance is 222.90740858053178
INFO:cooler._balance:variance is 95.0528088471249
INFO:cooler._balance:variance is 40.78175867977559
INFO:cooler._balance:variance is 18.123998140349457
INFO:cooler._balance:variance is 8.146321431973162
INFO:cooler._balance:variance is 3.734428908637676
INFO:cooler._balance:variance is 1.7272189610485338
INFO:cooler._balance:variance is 0.8073719304713741
INFO:cooler._balance:variance is 0.3794952618115116
INFO:cooler._balance:variance is 0.17936490563735666
INFO:cooler._balance:variance is 0.0850400214393984
INFO:cooler._balance:variance is 0.0404329032005224
INFO:cooler._balance:variance is 0.019256253575444512
INFO:cooler._balance:variance is 0.009183935786556319
INFO:cooler._balance:variance is 0.004383936709424577
INFO:cooler._balance:variance is 0.002094170883094167
INFO:cooler._balance:variance is 0.0010008170396842606
INFO:cooler._balance:variance is 0.00047846963135455384
INFO:cooler._balance:variance is 0.00022879869482660706
INFO:cooler._balance:variance is 0.00010942881508612958
INFO:cooler._balance:variance is 5.234322292998701e-05
INFO:cooler._balance:variance is 2.5039689796318168e-05
INFO:cooler._balance:variance is 1.197907037845172e-05
INFO:cooler._balance:variance is 5.731090558619449e-06
INFO:cooler._balance:chr22
INFO:cooler._balance:variance is 129984.35880309952
INFO:cooler._balance:variance is 34459.386964532125
INFO:cooler._balance:variance is 10691.693403940077
INFO:cooler._balance:variance is 4586.904158306206
INFO:cooler._balance:variance is 2144.6245123522694
INFO:cooler._balance:variance is 1075.2594283115354
INFO:cooler._balance:variance is 581.6155175775825
INFO:cooler._balance:variance is 312.86338809504815
INFO:cooler._balance:variance is 175.88005577396967
INFO:cooler._balance:variance is 97.24321697831589
INFO:cooler._balance:variance is 55.11087365529826
INFO:cooler._balance:variance is 30.824520443436
INFO:cooler._balance:variance is 17.481803580750952
INFO:cooler._balance:variance is 9.830155082365648
INFO:cooler._balance:variance is 5.5709232383752925
INFO:cooler._balance:variance is 3.14080574236722
INFO:cooler._balance:variance is 1.7785432344618297
INFO:cooler._balance:variance is 1.0040687221102442
INFO:cooler._balance:variance is 0.5682476415022222
INFO:cooler._balance:variance is 0.32102999248489505
INFO:cooler._balance:variance is 0.1816182111853207
INFO:cooler._balance:variance is 0.10264404629032084
INFO:cooler._balance:variance is 0.058056348769105266
INFO:cooler._balance:variance is 0.0328182181791906
INFO:cooler._balance:variance is 0.018559787514248426
INFO:cooler._balance:variance is 0.010492728946837103
INFO:cooler._balance:variance is 0.005933523980848666
INFO:cooler._balance:variance is 0.0033547182597507604
INFO:cooler._balance:variance is 0.0018969716671881508
INFO:cooler._balance:variance is 0.0010725555264412027
INFO:cooler._balance:variance is 0.0006064757440534312
INFO:cooler._balance:variance is 0.00034291076619505714
INFO:cooler._balance:variance is 0.00019389580782558317
INFO:cooler._balance:variance is 0.00010963292995898593
INFO:cooler._balance:variance is 6.199043840936069e-05
INFO:cooler._balance:variance is 3.505097303732372e-05
INFO:cooler._balance:variance is 1.981899900420595e-05
INFO:cooler._balance:variance is 1.1206207213199797e-05
INFO:cooler._balance:variance is 6.336349497041129e-06
INFO:cooler._balance:chr21
INFO:cooler._balance:variance is 155984.857628188
INFO:cooler._balance:variance is 46633.29993531562
INFO:cooler._balance:variance is 12733.535299939229
INFO:cooler._balance:variance is 5805.025885047013
INFO:cooler._balance:variance is 2842.911720725529
INFO:cooler._balance:variance is 1795.433816764307
INFO:cooler._balance:variance is 1186.5871747864735
INFO:cooler._balance:variance is 864.7525753768496
INFO:cooler._balance:variance is 623.3959444590116
INFO:cooler._balance:variance is 471.4294807252463
INFO:cooler._balance:variance is 347.5645069273123
INFO:cooler._balance:variance is 264.8119715913989
INFO:cooler._balance:variance is 196.8043156070069
INFO:cooler._balance:variance is 150.02138640261865
INFO:cooler._balance:variance is 111.98068373077885
INFO:cooler._balance:variance is 85.26656048647737
INFO:cooler._balance:variance is 63.83619363122725
INFO:cooler._balance:variance is 48.54023091385532
INFO:cooler._balance:variance is 36.42093279555705
INFO:cooler._balance:variance is 27.658302729795853
INFO:cooler._balance:variance is 20.787395498861855
INFO:cooler._balance:variance is 15.768717588666679
INFO:cooler._balance:variance is 11.866441935755327
INFO:cooler._balance:variance is 8.993433855657532
INFO:cooler._balance:variance is 6.774327223255726
INFO:cooler._balance:variance is 5.130488210631856
INFO:cooler._balance:variance is 3.867361259157556
INFO:cooler._balance:variance is 2.9272616747982654
INFO:cooler._balance:variance is 2.2077827435146737
INFO:cooler._balance:variance is 1.6703673499242018
INFO:cooler._balance:variance is 1.2603390461643367
INFO:cooler._balance:variance is 0.9532251260022113
INFO:cooler._balance:variance is 0.7194613472537965
INFO:cooler._balance:variance is 0.5440042066000291
INFO:cooler._balance:variance is 0.41069319676325966
INFO:cooler._balance:variance is 0.31047430456844277
INFO:cooler._balance:variance is 0.2344331223781961
INFO:cooler._balance:variance is 0.1771989217244336
INFO:cooler._balance:variance is 0.13381764397745752
INFO:cooler._balance:variance is 0.10113587534154354
INFO:cooler._balance:variance is 0.0763839522465728
INFO:cooler._balance:variance is 0.057723921517697806
INFO:cooler._balance:variance is 0.04359999158773789
INFO:cooler._balance:variance is 0.032946642757110296
INFO:cooler._balance:variance is 0.02488669361702004
INFO:cooler._balance:variance is 0.018804856912564186
INFO:cooler._balance:variance is 0.014205132921944228
INFO:cooler._balance:variance is 0.010733257016835028
INFO:cooler._balance:variance is 0.00810814170960099
INFO:cooler._balance:variance is 0.006126253888272399
INFO:cooler._balance:variance is 0.004628025813729162
INFO:cooler._balance:variance is 0.003496712508958726
INFO:cooler._balance:variance is 0.002641611851847467
INFO:cooler._balance:variance is 0.0019958411377315826
INFO:cooler._balance:variance is 0.0015077915838615265
INFO:cooler._balance:variance is 0.0011391812940842478
INFO:cooler._balance:variance is 0.0008606229542075835
INFO:cooler._balance:variance is 0.000650220034324068
INFO:cooler._balance:variance is 0.0004912290076237655
INFO:cooler._balance:variance is 0.0003711319302861554
INFO:cooler._balance:variance is 0.000280384938678619
INFO:cooler._balance:variance is 0.00021183447954907836
INFO:cooler._balance:variance is 0.00016003871396444314
INFO:cooler._balance:variance is 0.00012091084276098008
INFO:cooler._balance:variance is 9.134719032162991e-05
INFO:cooler._balance:variance is 6.90134993505854e-05
INFO:cooler._balance:variance is 5.213929565963751e-05
INFO:cooler._balance:variance is 3.939154389110451e-05
INFO:cooler._balance:variance is 2.9760141671148052e-05
INFO:cooler._balance:variance is 2.2483922090792947e-05
INFO:cooler._balance:variance is 1.698653227710416e-05
INFO:cooler._balance:variance is 1.2833385140174031e-05
INFO:cooler._balance:variance is 9.695593247923637e-06
INFO:cooler._balance:chrM
