INFO:cooler.cli.balance:Balancing "analysis_other/porec/T2T16.hp1/cooler/T2T16.hp1_100000_balanced.cool"
INFO:cooler._balance:chr1
INFO:cooler._balance:variance is 183882862.8873003
INFO:cooler._balance:variance is 6462114.287805588
INFO:cooler._balance:variance is 2025243.4072729258
INFO:cooler._balance:variance is 894870.0689712983
INFO:cooler._balance:variance is 381643.02224223374
INFO:cooler._balance:variance is 176371.116923444
INFO:cooler._balance:variance is 78881.01059455214
INFO:cooler._balance:variance is 36334.05552284803
INFO:cooler._balance:variance is 16444.25186679627
INFO:cooler._balance:variance is 7538.2619932168045
INFO:cooler._balance:variance is 3426.7500191198164
INFO:cooler._balance:variance is 1566.7702465262605
INFO:cooler._balance:variance is 713.580165124521
INFO:cooler._balance:variance is 325.8552859205818
INFO:cooler._balance:variance is 148.53702778859687
INFO:cooler._balance:variance is 67.7902019656634
INFO:cooler._balance:variance is 30.913378063216935
INFO:cooler._balance:variance is 14.104714554965394
INFO:cooler._balance:variance is 6.433113128700953
INFO:cooler._balance:variance is 2.934856016052393
INFO:cooler._balance:variance is 1.3386867892225747
INFO:cooler._balance:variance is 0.6106899269022945
INFO:cooler._balance:variance is 0.2785665946907227
INFO:cooler._balance:variance is 0.12707494821243298
INFO:cooler._balance:variance is 0.05796629801713463
INFO:cooler._balance:variance is 0.02644243901231938
INFO:cooler._balance:variance is 0.012062032270143155
INFO:cooler._balance:variance is 0.005502298781062151
INFO:cooler._balance:variance is 0.00250994770270984
INFO:cooler._balance:variance is 0.0011449521153678562
INFO:cooler._balance:variance is 0.0005222861680498771
INFO:cooler._balance:variance is 0.00023824879058768
INFO:cooler._balance:variance is 0.00010868064901325663
INFO:cooler._balance:variance is 4.957630883741645e-05
INFO:cooler._balance:variance is 2.261496146626076e-05
INFO:cooler._balance:variance is 1.03161516859206e-05
INFO:cooler._balance:variance is 4.705864830811694e-06
INFO:cooler._balance:chr2
INFO:cooler._balance:variance is 24021992.134396553
INFO:cooler._balance:variance is 4428101.092324319
INFO:cooler._balance:variance is 952689.9491267472
INFO:cooler._balance:variance is 246615.93130109413
INFO:cooler._balance:variance is 61590.61755373555
INFO:cooler._balance:variance is 16230.98013038429
INFO:cooler._balance:variance is 4328.467500397109
INFO:cooler._balance:variance is 1195.7020198151936
INFO:cooler._balance:variance is 339.37305771672214
INFO:cooler._balance:variance is 99.42426689524004
INFO:cooler._balance:variance is 29.95880807492651
INFO:cooler._balance:variance is 9.264925262705892
INFO:cooler._balance:variance is 2.928558943574273
INFO:cooler._balance:variance is 0.9424364786613642
INFO:cooler._balance:variance is 0.3075890804403386
INFO:cooler._balance:variance is 0.10147783165888301
INFO:cooler._balance:variance is 0.03375047390426966
INFO:cooler._balance:variance is 0.011291941296990496
INFO:cooler._balance:variance is 0.00379434676963574
INFO:cooler._balance:variance is 0.001278966178885829
INFO:cooler._balance:variance is 0.00043206804459728823
INFO:cooler._balance:variance is 0.00014619653423682692
INFO:cooler._balance:variance is 4.952383615483098e-05
INFO:cooler._balance:variance is 1.6789599709486702e-05
INFO:cooler._balance:variance is 5.695260398375318e-06
INFO:cooler._balance:chr3
INFO:cooler._balance:variance is 16871411.210261732
INFO:cooler._balance:variance is 2389472.4988972833
INFO:cooler._balance:variance is 383764.0187324189
INFO:cooler._balance:variance is 77767.06562018236
INFO:cooler._balance:variance is 15122.461711266735
INFO:cooler._balance:variance is 3105.3474857351785
INFO:cooler._balance:variance is 649.8170405545817
INFO:cooler._balance:variance is 143.01644406388553
INFO:cooler._balance:variance is 33.361232567385784
INFO:cooler._balance:variance is 8.39172001714532
INFO:cooler._balance:variance is 2.2840863277586583
INFO:cooler._balance:variance is 0.6688722872799768
INFO:cooler._balance:variance is 0.2076213139469278
INFO:cooler._balance:variance is 0.06718637741786877
INFO:cooler._balance:variance is 0.02234266324275301
INFO:cooler._balance:variance is 0.007556874946119791
INFO:cooler._balance:variance is 0.0025819638893680497
INFO:cooler._balance:variance is 0.0008874413882093709
INFO:cooler._balance:variance is 0.00030607178941232163
INFO:cooler._balance:variance is 0.00010577093904613572
INFO:cooler._balance:variance is 3.659327638673529e-05
INFO:cooler._balance:variance is 1.2668271851308369e-05
INFO:cooler._balance:variance is 4.387264213468537e-06
INFO:cooler._balance:chr4
INFO:cooler._balance:variance is 15432799.349144755
INFO:cooler._balance:variance is 2737291.5201589237
INFO:cooler._balance:variance is 625577.9636794573
INFO:cooler._balance:variance is 187248.66742068974
INFO:cooler._balance:variance is 56281.677632545216
INFO:cooler._balance:variance is 18584.26810217818
INFO:cooler._balance:variance is 6236.389933363722
INFO:cooler._balance:variance is 2172.5132853632003
INFO:cooler._balance:variance is 764.4336602519862
INFO:cooler._balance:variance is 272.9800658582952
INFO:cooler._balance:variance is 97.96205150699686
INFO:cooler._balance:variance is 35.35888523777078
INFO:cooler._balance:variance is 12.790925762046719
INFO:cooler._balance:variance is 4.637600458678326
INFO:cooler._balance:variance is 1.6830677195757453
INFO:cooler._balance:variance is 0.611365043936874
INFO:cooler._balance:variance is 0.22216540997967107
INFO:cooler._balance:variance is 0.0807621340076367
INFO:cooler._balance:variance is 0.029363867727156413
INFO:cooler._balance:variance is 0.010677778726187784
INFO:cooler._balance:variance is 0.003883107689581188
INFO:cooler._balance:variance is 0.0014122217906912433
INFO:cooler._balance:variance is 0.0005136167420633274
INFO:cooler._balance:variance is 0.00018680370077041943
INFO:cooler._balance:variance is 6.794180244735046e-05
INFO:cooler._balance:variance is 2.4711135384274756e-05
INFO:cooler._balance:variance is 8.987740287790538e-06
INFO:cooler._balance:chr5
INFO:cooler._balance:variance is 17474827.81512944
INFO:cooler._balance:variance is 2184915.2503967145
INFO:cooler._balance:variance is 362957.1784085987
INFO:cooler._balance:variance is 67798.93176642524
INFO:cooler._balance:variance is 13378.943034241971
INFO:cooler._balance:variance is 2813.358647311922
INFO:cooler._balance:variance is 626.9438031344301
INFO:cooler._balance:variance is 148.26602526209922
INFO:cooler._balance:variance is 36.93761120621879
INFO:cooler._balance:variance is 9.638331041108266
INFO:cooler._balance:variance is 2.609848156659752
INFO:cooler._balance:variance is 0.7278372705833734
INFO:cooler._balance:variance is 0.20754263474714524
INFO:cooler._balance:variance is 0.0601785544854688
INFO:cooler._balance:variance is 0.017665185982194107
INFO:cooler._balance:variance is 0.005232739100044688
INFO:cooler._balance:variance is 0.0015603366001617342
INFO:cooler._balance:variance is 0.00046753893174070443
INFO:cooler._balance:variance is 0.00014059276096849765
INFO:cooler._balance:variance is 4.238794850181722e-05
INFO:cooler._balance:variance is 1.2804266953323968e-05
INFO:cooler._balance:variance is 3.873284512691269e-06
INFO:cooler._balance:chr6
INFO:cooler._balance:variance is 22058713.690383676
INFO:cooler._balance:variance is 11883998.744468985
INFO:cooler._balance:variance is 3213760.6224152856
INFO:cooler._balance:variance is 1602212.649817848
INFO:cooler._balance:variance is 558540.2275618803
INFO:cooler._balance:variance is 243316.57774009721
INFO:cooler._balance:variance is 92713.76319066857
INFO:cooler._balance:variance is 38412.47286264773
INFO:cooler._balance:variance is 15129.882718856157
INFO:cooler._balance:variance is 6153.544037965913
INFO:cooler._balance:variance is 2454.6605195437533
INFO:cooler._balance:variance is 991.4546709673543
INFO:cooler._balance:variance is 397.4523177409874
INFO:cooler._balance:variance is 160.11313016084605
INFO:cooler._balance:variance is 64.31159565777061
INFO:cooler._balance:variance is 25.881914167177495
INFO:cooler._balance:variance is 10.403988068355263
INFO:cooler._balance:variance is 4.185434683729164
INFO:cooler._balance:variance is 1.6829931870167756
INFO:cooler._balance:variance is 0.6769545194999009
INFO:cooler._balance:variance is 0.2722437442375704
INFO:cooler._balance:variance is 0.10949918058085048
INFO:cooler._balance:variance is 0.04403851517111363
INFO:cooler._balance:variance is 0.017712363965182387
INFO:cooler._balance:variance is 0.007123740008612644
INFO:cooler._balance:variance is 0.0028651578164847185
INFO:cooler._balance:variance is 0.0011523493692235619
INFO:cooler._balance:variance is 0.0004634719289792514
INFO:cooler._balance:variance is 0.00018640638577584998
INFO:cooler._balance:variance is 7.497209164872596e-05
INFO:cooler._balance:variance is 3.0153499184602143e-05
INFO:cooler._balance:variance is 1.2127643417470225e-05
INFO:cooler._balance:variance is 4.877697107214435e-06
INFO:cooler._balance:chr7
INFO:cooler._balance:variance is 19899467.22578068
INFO:cooler._balance:variance is 4362073.587977344
INFO:cooler._balance:variance is 949696.9685041384
INFO:cooler._balance:variance is 269056.96627827303
INFO:cooler._balance:variance is 67652.91488641592
INFO:cooler._balance:variance is 18196.390449467806
INFO:cooler._balance:variance is 4733.584424999753
INFO:cooler._balance:variance is 1253.9082296126346
INFO:cooler._balance:variance is 329.1536558287937
INFO:cooler._balance:variance is 86.82412169610582
INFO:cooler._balance:variance is 22.846809624439594
INFO:cooler._balance:variance is 6.019669766939559
INFO:cooler._balance:variance is 1.5850373176480597
INFO:cooler._balance:variance is 0.4174994596078138
INFO:cooler._balance:variance is 0.10995091372160962
INFO:cooler._balance:variance is 0.02895889767570808
INFO:cooler._balance:variance is 0.007626873691161651
INFO:cooler._balance:variance is 0.002008734357963447
INFO:cooler._balance:variance is 0.0005290471778088509
INFO:cooler._balance:variance is 0.00013933821291666382
INFO:cooler._balance:variance is 3.6698304772423946e-05
INFO:cooler._balance:variance is 9.665490404332543e-06
INFO:cooler._balance:chrX
INFO:cooler._balance:variance is 12874454.521896247
INFO:cooler._balance:variance is 662492.2046373229
INFO:cooler._balance:variance is 79889.21162961838
INFO:cooler._balance:variance is 11718.698985112214
INFO:cooler._balance:variance is 2054.232409519417
INFO:cooler._balance:variance is 432.81287757181497
INFO:cooler._balance:variance is 104.05721521825058
INFO:cooler._balance:variance is 27.007073234599762
INFO:cooler._balance:variance is 7.27986392575695
INFO:cooler._balance:variance is 1.9959166668798043
INFO:cooler._balance:variance is 0.5514002931906428
INFO:cooler._balance:variance is 0.15281879306370927
INFO:cooler._balance:variance is 0.04241402831452772
INFO:cooler._balance:variance is 0.011778704173810292
INFO:cooler._balance:variance is 0.0032719312042082606
INFO:cooler._balance:variance is 0.0009089890594682965
INFO:cooler._balance:variance is 0.0002525436863568544
INFO:cooler._balance:variance is 7.016550199903018e-05
INFO:cooler._balance:variance is 1.9494655968753135e-05
INFO:cooler._balance:variance is 5.4163832682819995e-06
INFO:cooler._balance:chr9
INFO:cooler._balance:variance is 10325064.331215778
INFO:cooler._balance:variance is 4012973.707966136
INFO:cooler._balance:variance is 1479398.075785698
INFO:cooler._balance:variance is 869384.7512866745
INFO:cooler._balance:variance is 384432.1980575123
INFO:cooler._balance:variance is 223640.64428678234
INFO:cooler._balance:variance is 109798.94881051844
INFO:cooler._balance:variance is 62876.056925574914
INFO:cooler._balance:variance is 32777.2897635718
INFO:cooler._balance:variance is 18552.848464496816
INFO:cooler._balance:variance is 9982.297124489776
INFO:cooler._balance:variance is 5609.005426454157
INFO:cooler._balance:variance is 3066.818710093117
INFO:cooler._balance:variance is 1715.671502259706
INFO:cooler._balance:variance is 945.7155000795971
INFO:cooler._balance:variance is 527.6914673414551
INFO:cooler._balance:variance is 292.0763200156816
INFO:cooler._balance:variance is 162.72583776404593
INFO:cooler._balance:variance is 90.25939439782273
INFO:cooler._balance:variance is 50.24222531436047
INFO:cooler._balance:variance is 27.898652994913103
INFO:cooler._balance:variance is 15.521641689398816
INFO:cooler._balance:variance is 8.623904046350756
INFO:cooler._balance:variance is 4.796567566901692
INFO:cooler._balance:variance is 2.6658199308011645
INFO:cooler._balance:variance is 1.482464561967456
INFO:cooler._balance:variance is 0.8240554716701244
INFO:cooler._balance:variance is 0.4582139265969667
INFO:cooler._balance:variance is 0.2547295051693329
INFO:cooler._balance:variance is 0.14163397510194006
INFO:cooler._balance:variance is 0.07874074487465875
INFO:cooler._balance:variance is 0.04377985740697698
INFO:cooler._balance:variance is 0.024339852430585035
INFO:cooler._balance:variance is 0.013532724148109432
INFO:cooler._balance:variance is 0.007523763608065015
INFO:cooler._balance:variance is 0.004183099484327267
INFO:cooler._balance:variance is 0.002325688665073563
INFO:cooler._balance:variance is 0.0012930408647775782
INFO:cooler._balance:variance is 0.000718898446263234
INFO:cooler._balance:variance is 0.00039969331770819445
INFO:cooler._balance:variance is 0.0002222200480830574
INFO:cooler._balance:variance is 0.00012354973976965125
INFO:cooler._balance:variance is 6.869083059242534e-05
INFO:cooler._balance:variance is 3.81906411524227e-05
INFO:cooler._balance:variance is 2.123313910423275e-05
INFO:cooler._balance:variance is 1.1805167519248952e-05
INFO:cooler._balance:variance is 6.5634108161437576e-06
INFO:cooler._balance:chr8
INFO:cooler._balance:variance is 9605508.159394823
INFO:cooler._balance:variance is 1300308.444516629
INFO:cooler._balance:variance is 243535.40300780197
INFO:cooler._balance:variance is 53237.53145683836
INFO:cooler._balance:variance is 11656.700328894145
INFO:cooler._balance:variance is 2634.119402439663
INFO:cooler._balance:variance is 599.4116623523381
INFO:cooler._balance:variance is 138.42614325300835
INFO:cooler._balance:variance is 32.31545530159169
INFO:cooler._balance:variance is 7.64998869862887
INFO:cooler._balance:variance is 1.837257803145161
INFO:cooler._balance:variance is 0.4485079945170354
INFO:cooler._balance:variance is 0.11139732251973482
INFO:cooler._balance:variance is 0.028174168892387684
INFO:cooler._balance:variance is 0.007256617084197166
INFO:cooler._balance:variance is 0.0019024959927958149
INFO:cooler._balance:variance is 0.0005071679595798841
INFO:cooler._balance:variance is 0.00013726756559767796
INFO:cooler._balance:variance is 3.7652945550680564e-05
INFO:cooler._balance:variance is 1.0447909306739829e-05
INFO:cooler._balance:variance is 2.9272489325007275e-06
INFO:cooler._balance:chr11
INFO:cooler._balance:variance is 20586633.667092834
INFO:cooler._balance:variance is 8314412.205414449
INFO:cooler._balance:variance is 2456797.8947884454
INFO:cooler._balance:variance is 1131256.5906380196
INFO:cooler._balance:variance is 401043.7559672989
INFO:cooler._balance:variance is 167260.15414533642
INFO:cooler._balance:variance is 63071.52989174152
INFO:cooler._balance:variance is 25320.02099120796
INFO:cooler._balance:variance is 9775.102736390994
INFO:cooler._balance:variance is 3866.970746186098
INFO:cooler._balance:variance is 1506.5967718460495
INFO:cooler._balance:variance is 592.6042003033053
INFO:cooler._balance:variance is 231.70804652301356
INFO:cooler._balance:variance is 90.93667078009537
INFO:cooler._balance:variance is 35.605913611476716
INFO:cooler._balance:variance is 13.961769003434954
INFO:cooler._balance:variance is 5.469670286943396
INFO:cooler._balance:variance is 2.1440294763035155
INFO:cooler._balance:variance is 0.8401262349829247
INFO:cooler._balance:variance is 0.32927281782920775
INFO:cooler._balance:variance is 0.12903459254259567
INFO:cooler._balance:variance is 0.050570197908161
INFO:cooler._balance:variance is 0.019817972580796504
INFO:cooler._balance:variance is 0.007766740106313751
INFO:cooler._balance:variance is 0.0030437497649132292
INFO:cooler._balance:variance is 0.0011928476730547102
INFO:cooler._balance:variance is 0.0004674738859890439
INFO:cooler._balance:variance is 0.0001832027648304989
INFO:cooler._balance:variance is 7.179682703983217e-05
INFO:cooler._balance:variance is 2.8137103043979648e-05
INFO:cooler._balance:variance is 1.1026887556206884e-05
INFO:cooler._balance:variance is 4.321423848340859e-06
INFO:cooler._balance:chr10
INFO:cooler._balance:variance is 15190084.471865233
INFO:cooler._balance:variance is 2739036.0854951623
INFO:cooler._balance:variance is 631440.4973146114
INFO:cooler._balance:variance is 169107.19328276164
INFO:cooler._balance:variance is 44508.48272964176
INFO:cooler._balance:variance is 12177.243408471706
INFO:cooler._balance:variance is 3353.3100045463725
INFO:cooler._balance:variance is 942.3901766987213
INFO:cooler._balance:variance is 267.91695351407367
INFO:cooler._balance:variance is 77.31611903737787
INFO:cooler._balance:variance is 22.56983860471932
INFO:cooler._balance:variance is 6.6662811654854055
INFO:cooler._balance:variance is 1.9881380615762445
INFO:cooler._balance:variance is 0.5982425449673342
INFO:cooler._balance:variance is 0.1813541551710542
INFO:cooler._balance:variance is 0.0553312194409627
INFO:cooler._balance:variance is 0.01697137145735805
INFO:cooler._balance:variance is 0.005228700063456817
INFO:cooler._balance:variance is 0.0016167586710874454
INFO:cooler._balance:variance is 0.0005014040022833418
INFO:cooler._balance:variance is 0.00015587407293213637
INFO:cooler._balance:variance is 4.855167559802527e-05
INFO:cooler._balance:variance is 1.5146495562771539e-05
INFO:cooler._balance:variance is 4.731118191295918e-06
INFO:cooler._balance:chr12
INFO:cooler._balance:variance is 15432325.215342399
INFO:cooler._balance:variance is 5271598.812832002
INFO:cooler._balance:variance is 1479396.4258509497
INFO:cooler._balance:variance is 584989.3069352616
INFO:cooler._balance:variance is 196729.88265359466
INFO:cooler._balance:variance is 74897.90782325904
INFO:cooler._balance:variance is 26733.436974867367
INFO:cooler._balance:variance is 10004.224040605981
INFO:cooler._balance:variance is 3650.223582522591
INFO:cooler._balance:variance is 1355.8300084983396
INFO:cooler._balance:variance is 498.7302255321622
INFO:cooler._balance:variance is 184.67930668391358
INFO:cooler._balance:variance is 68.13490543793351
INFO:cooler._balance:variance is 25.199587036841777
INFO:cooler._balance:variance is 9.307128845413269
INFO:cooler._balance:variance is 3.4406007125328664
INFO:cooler._balance:variance is 1.2712414986728549
INFO:cooler._balance:variance is 0.46985951106572676
INFO:cooler._balance:variance is 0.17362979800807493
INFO:cooler._balance:variance is 0.06417034628770571
INFO:cooler._balance:variance is 0.02371446778480788
INFO:cooler._balance:variance is 0.00876419924612015
INFO:cooler._balance:variance is 0.0032389149775763166
INFO:cooler._balance:variance is 0.0011970000645466735
INFO:cooler._balance:variance is 0.00044236882596608573
INFO:cooler._balance:variance is 0.00016348486524606266
INFO:cooler._balance:variance is 6.0418370009328843e-05
INFO:cooler._balance:variance is 2.2328597783124057e-05
INFO:cooler._balance:variance is 8.251887685405987e-06
INFO:cooler._balance:chr13
INFO:cooler._balance:variance is 5320428.985925757
INFO:cooler._balance:variance is 497214.86975750275
INFO:cooler._balance:variance is 82699.52558387029
INFO:cooler._balance:variance is 18629.625921202074
INFO:cooler._balance:variance is 4612.131161733729
INFO:cooler._balance:variance is 1237.979848335614
INFO:cooler._balance:variance is 343.2585203029515
INFO:cooler._balance:variance is 97.6568825032548
INFO:cooler._balance:variance is 28.147954197402555
INFO:cooler._balance:variance is 8.193195684481116
INFO:cooler._balance:variance is 2.3984961054062524
INFO:cooler._balance:variance is 0.7049954474569546
INFO:cooler._balance:variance is 0.2077410922462551
INFO:cooler._balance:variance is 0.0613201687471128
INFO:cooler._balance:variance is 0.018119949068456084
INFO:cooler._balance:variance is 0.005358302463652321
INFO:cooler._balance:variance is 0.0015852615810803099
INFO:cooler._balance:variance is 0.00046914749582648425
INFO:cooler._balance:variance is 0.00013886890821105703
INFO:cooler._balance:variance is 4.111099777286183e-05
INFO:cooler._balance:variance is 1.2171616291383829e-05
INFO:cooler._balance:variance is 3.6038186220194374e-06
INFO:cooler._balance:chr14
INFO:cooler._balance:variance is 8314432.74642686
INFO:cooler._balance:variance is 2013015.5353828422
INFO:cooler._balance:variance is 531294.1209016134
INFO:cooler._balance:variance is 190827.4086904391
INFO:cooler._balance:variance is 68498.18151971405
INFO:cooler._balance:variance is 26675.75588345444
INFO:cooler._balance:variance is 10410.553950248757
INFO:cooler._balance:variance is 4161.634889039844
INFO:cooler._balance:variance is 1660.964250079066
INFO:cooler._balance:variance is 668.1088533335957
INFO:cooler._balance:variance is 268.3227503061828
INFO:cooler._balance:variance is 108.05603765463718
INFO:cooler._balance:variance is 43.476979667411605
INFO:cooler._balance:variance is 17.51061405299747
INFO:cooler._balance:variance is 7.04956247653622
INFO:cooler._balance:variance is 2.839134291455488
INFO:cooler._balance:variance is 1.143219944203101
INFO:cooler._balance:variance is 0.46040131412084273
INFO:cooler._balance:variance is 0.18539986062547323
INFO:cooler._balance:variance is 0.07466324986326069
INFO:cooler._balance:variance is 0.0300670129789292
INFO:cooler._balance:variance is 0.012108307002187554
INFO:cooler._balance:variance is 0.0048760795148712986
INFO:cooler._balance:variance is 0.001963640640505841
INFO:cooler._balance:variance is 0.0007907712804479051
INFO:cooler._balance:variance is 0.0003184500443296729
INFO:cooler._balance:variance is 0.0001282421478686346
INFO:cooler._balance:variance is 5.164411904418641e-05
INFO:cooler._balance:variance is 2.0797473375474704e-05
INFO:cooler._balance:variance is 8.375303037544709e-06
INFO:cooler._balance:chr15
INFO:cooler._balance:variance is 5092324.682812122
INFO:cooler._balance:variance is 426331.79296601197
INFO:cooler._balance:variance is 63121.90077010323
INFO:cooler._balance:variance is 11353.234218581178
INFO:cooler._balance:variance is 2125.45206874254
INFO:cooler._balance:variance is 438.25676283884684
INFO:cooler._balance:variance is 97.47206481352913
INFO:cooler._balance:variance is 23.999879151637643
INFO:cooler._balance:variance is 6.5049969500437745
INFO:cooler._balance:variance is 1.924443551110812
INFO:cooler._balance:variance is 0.6075124582436311
INFO:cooler._balance:variance is 0.2004503636391522
INFO:cooler._balance:variance is 0.06795341766060249
INFO:cooler._balance:variance is 0.023407399965279314
INFO:cooler._balance:variance is 0.008135960959225927
INFO:cooler._balance:variance is 0.002842229523631189
INFO:cooler._balance:variance is 0.0009956686858932375
INFO:cooler._balance:variance is 0.00034933003589209227
INFO:cooler._balance:variance is 0.00012266468770171933
INFO:cooler._balance:variance is 4.309257788371026e-05
INFO:cooler._balance:variance is 1.5142364953920412e-05
INFO:cooler._balance:variance is 5.321627191131603e-06
INFO:cooler._balance:chr16
INFO:cooler._balance:variance is 45629256.70373789
INFO:cooler._balance:variance is 3437748.494820371
INFO:cooler._balance:variance is 1229577.861257248
INFO:cooler._balance:variance is 739309.4728261782
INFO:cooler._balance:variance is 318234.086183282
INFO:cooler._balance:variance is 174036.80459168894
INFO:cooler._balance:variance is 80485.88370908462
INFO:cooler._balance:variance is 41904.72385042967
INFO:cooler._balance:variance is 20066.00478313843
INFO:cooler._balance:variance is 10192.533472344723
INFO:cooler._balance:variance is 4966.009553567921
INFO:cooler._balance:variance is 2491.615618173015
INFO:cooler._balance:variance is 1224.5053345124277
INFO:cooler._balance:variance is 610.625079062459
INFO:cooler._balance:variance is 301.3862434247074
INFO:cooler._balance:variance is 149.83615478518823
INFO:cooler._balance:variance is 74.11301111190178
INFO:cooler._balance:variance is 36.790208490671624
INFO:cooler._balance:variance is 18.216768571134907
INFO:cooler._balance:variance is 9.036162764866521
INFO:cooler._balance:variance is 4.476638023261367
INFO:cooler._balance:variance is 2.2197470143474067
INFO:cooler._balance:variance is 1.0999802921920452
INFO:cooler._balance:variance is 0.5453263485587373
INFO:cooler._balance:variance is 0.27026771854244347
INFO:cooler._balance:variance is 0.13397572987432996
INFO:cooler._balance:variance is 0.06640361471650982
INFO:cooler._balance:variance is 0.032915771292926096
INFO:cooler._balance:variance is 0.016314863848810708
INFO:cooler._balance:variance is 0.008086973739240007
INFO:cooler._balance:variance is 0.004008411553929865
INFO:cooler._balance:variance is 0.001986872771931624
INFO:cooler._balance:variance is 0.0009848265050799666
INFO:cooler._balance:variance is 0.0004881520182754847
INFO:cooler._balance:variance is 0.00024196159775410406
INFO:cooler._balance:variance is 0.00011993353062467981
INFO:cooler._balance:variance is 5.9447392181737926e-05
INFO:cooler._balance:variance is 2.946635353451813e-05
INFO:cooler._balance:variance is 1.4605586400725317e-05
INFO:cooler._balance:variance is 7.239562039905445e-06
INFO:cooler._balance:chr17
INFO:cooler._balance:variance is 3507552.3994079116
INFO:cooler._balance:variance is 490561.4944506174
INFO:cooler._balance:variance is 136655.67840487277
INFO:cooler._balance:variance is 54598.61450073317
INFO:cooler._balance:variance is 21537.473426783166
INFO:cooler._balance:variance is 9246.559469332411
INFO:cooler._balance:variance is 3922.4785054688236
INFO:cooler._balance:variance is 1702.803433035728
INFO:cooler._balance:variance is 735.1121938945035
INFO:cooler._balance:variance is 319.6548593290575
INFO:cooler._balance:variance is 138.66738389069155
INFO:cooler._balance:variance is 60.307801533301266
INFO:cooler._balance:variance is 26.20197744565697
INFO:cooler._balance:variance is 11.395078896777688
INFO:cooler._balance:variance is 4.95351600615609
INFO:cooler._balance:variance is 2.1541675683345822
INFO:cooler._balance:variance is 0.9366232429318466
INFO:cooler._balance:variance is 0.40730568698344927
INFO:cooler._balance:variance is 0.1771092083957623
INFO:cooler._balance:variance is 0.07701782605504111
INFO:cooler._balance:variance is 0.03349085051228897
INFO:cooler._balance:variance is 0.014563762637439635
INFO:cooler._balance:variance is 0.006333071166454283
INFO:cooler._balance:variance is 0.002753978081400432
INFO:cooler._balance:variance is 0.0011975776562960913
INFO:cooler._balance:variance is 0.0005207738599998519
INFO:cooler._balance:variance is 0.00022646098732154892
INFO:cooler._balance:variance is 9.84778592567789e-05
INFO:cooler._balance:variance is 4.2823606966073884e-05
INFO:cooler._balance:variance is 1.862208537217985e-05
INFO:cooler._balance:variance is 8.097913586062748e-06
INFO:cooler._balance:chr18
INFO:cooler._balance:variance is 8966734.698171286
INFO:cooler._balance:variance is 1223779.6653611301
INFO:cooler._balance:variance is 216361.82883727422
INFO:cooler._balance:variance is 44368.82231570266
INFO:cooler._balance:variance is 9115.168112039808
INFO:cooler._balance:variance is 1942.3043567323516
INFO:cooler._balance:variance is 415.4363541517852
INFO:cooler._balance:variance is 89.75460104346374
INFO:cooler._balance:variance is 19.436128021178497
INFO:cooler._balance:variance is 4.221835931198859
INFO:cooler._balance:variance is 0.9180900078412638
INFO:cooler._balance:variance is 0.1998646849917918
INFO:cooler._balance:variance is 0.043532723127594805
INFO:cooler._balance:variance is 0.009485896540430094
INFO:cooler._balance:variance is 0.0020675054777957863
INFO:cooler._balance:variance is 0.0004507053580068627
INFO:cooler._balance:variance is 9.826252618175984e-05
INFO:cooler._balance:variance is 2.142485905308752e-05
INFO:cooler._balance:variance is 4.671658215374792e-06
INFO:cooler._balance:chr20
INFO:cooler._balance:variance is 5192028.245701943
INFO:cooler._balance:variance is 843394.5153024396
INFO:cooler._balance:variance is 234647.39892836538
INFO:cooler._balance:variance is 91800.45868793827
INFO:cooler._balance:variance is 35307.239537509195
INFO:cooler._balance:variance is 15405.67493297786
INFO:cooler._balance:variance is 6698.824225760899
INFO:cooler._balance:variance is 3036.3932074932927
INFO:cooler._balance:variance is 1372.967343554366
INFO:cooler._balance:variance is 629.0305409275813
INFO:cooler._balance:variance is 287.7119198995952
INFO:cooler._balance:variance is 132.17190088641172
INFO:cooler._balance:variance is 60.660267687082786
INFO:cooler._balance:variance is 27.883467849568444
INFO:cooler._balance:variance is 12.810671827725068
INFO:cooler._balance:variance is 5.889209402053248
INFO:cooler._balance:variance is 2.7066620764879494
INFO:cooler._balance:variance is 1.244276302661925
INFO:cooler._balance:variance is 0.5719359637160527
INFO:cooler._balance:variance is 0.26291953827459486
INFO:cooler._balance:variance is 0.12085747438216532
INFO:cooler._balance:variance is 0.05555763763098415
INFO:cooler._balance:variance is 0.025538911088217306
INFO:cooler._balance:variance is 0.011740043515977443
INFO:cooler._balance:variance is 0.005396741336792771
INFO:cooler._balance:variance is 0.0024808324254165307
INFO:cooler._balance:variance is 0.0011404092566780072
INFO:cooler._balance:variance is 0.0005242347693800252
INFO:cooler._balance:variance is 0.00024098485105783734
INFO:cooler._balance:variance is 0.00011077824401638415
INFO:cooler._balance:variance is 5.092355003171249e-05
INFO:cooler._balance:variance is 2.3409020357340843e-05
INFO:cooler._balance:variance is 1.0760874297726066e-05
INFO:cooler._balance:variance is 4.946659846521826e-06
INFO:cooler._balance:chrY
INFO:cooler._balance:chr19
INFO:cooler._balance:variance is 7373315.813904642
INFO:cooler._balance:variance is 1370942.7730651882
INFO:cooler._balance:variance is 313342.758228019
INFO:cooler._balance:variance is 93158.25971166021
INFO:cooler._balance:variance is 26617.826648094077
INFO:cooler._balance:variance is 8759.660455413801
INFO:cooler._balance:variance is 2926.5151421588744
INFO:cooler._balance:variance is 1054.178449462957
INFO:cooler._balance:variance is 388.5690442460108
INFO:cooler._balance:variance is 148.38626796930157
INFO:cooler._balance:variance is 57.46670136698886
INFO:cooler._balance:variance is 22.587560141035407
INFO:cooler._balance:variance is 8.936318743673771
INFO:cooler._balance:variance is 3.5561394668792916
INFO:cooler._balance:variance is 1.4189999664799307
INFO:cooler._balance:variance is 0.5674914514657282
INFO:cooler._balance:variance is 0.22719976124392555
INFO:cooler._balance:variance is 0.09103922085606671
INFO:cooler._balance:variance is 0.03649499566997315
INFO:cooler._balance:variance is 0.014634584027743818
INFO:cooler._balance:variance is 0.005869466595319278
INFO:cooler._balance:variance is 0.002354351959980225
INFO:cooler._balance:variance is 0.0009444338070663777
INFO:cooler._balance:variance is 0.00037887205737804225
INFO:cooler._balance:variance is 0.00015199319120866206
INFO:cooler._balance:variance is 6.097667355367654e-05
INFO:cooler._balance:variance is 2.4462866620455228e-05
INFO:cooler._balance:variance is 9.814180903752942e-06
INFO:cooler._balance:chr22
INFO:cooler._balance:variance is 2770507.3788590482
INFO:cooler._balance:variance is 222298.96736379058
INFO:cooler._balance:variance is 30668.50846437909
INFO:cooler._balance:variance is 6240.177839267967
INFO:cooler._balance:variance is 1767.2029470434993
INFO:cooler._balance:variance is 651.5558544342132
INFO:cooler._balance:variance is 264.07866718510235
INFO:cooler._balance:variance is 112.61271935135383
INFO:cooler._balance:variance is 48.38934168948309
INFO:cooler._balance:variance is 20.9890309829172
INFO:cooler._balance:variance is 9.096059886047499
INFO:cooler._balance:variance is 3.9521115012322094
INFO:cooler._balance:variance is 1.715642687411364
INFO:cooler._balance:variance is 0.7454550517510047
INFO:cooler._balance:variance is 0.32375905182512243
INFO:cooler._balance:variance is 0.14066323646368722
INFO:cooler._balance:variance is 0.0611011971892772
INFO:cooler._balance:variance is 0.026545126494742777
INFO:cooler._balance:variance is 0.01153134275667445
INFO:cooler._balance:variance is 0.005009599536928596
INFO:cooler._balance:variance is 0.002176248640466313
INFO:cooler._balance:variance is 0.0009454227654472892
INFO:cooler._balance:variance is 0.000410710570358874
INFO:cooler._balance:variance is 0.00017842302582278023
INFO:cooler._balance:variance is 7.751085929221087e-05
INFO:cooler._balance:variance is 3.3672584465927125e-05
INFO:cooler._balance:variance is 1.462813242209898e-05
INFO:cooler._balance:variance is 6.354805894751079e-06
INFO:cooler._balance:chr21
INFO:cooler._balance:variance is 3799685.154328994
INFO:cooler._balance:variance is 869178.8378753659
INFO:cooler._balance:variance is 378554.56645179354
INFO:cooler._balance:variance is 235098.81572448814
INFO:cooler._balance:variance is 130240.69616162495
INFO:cooler._balance:variance is 87120.79780502991
INFO:cooler._balance:variance is 50685.27758178155
INFO:cooler._balance:variance is 33349.393627006626
INFO:cooler._balance:variance is 19896.499987644227
INFO:cooler._balance:variance is 12858.471913328007
INFO:cooler._balance:variance is 7796.493025052737
INFO:cooler._balance:variance is 4975.487145328629
INFO:cooler._balance:variance is 3048.565707386585
INFO:cooler._balance:variance is 1929.4860966033993
INFO:cooler._balance:variance is 1190.1827569020088
INFO:cooler._balance:variance is 749.3058989452813
INFO:cooler._balance:variance is 464.16996052797765
INFO:cooler._balance:variance is 291.24890136178493
INFO:cooler._balance:variance is 180.9027480659433
INFO:cooler._balance:variance is 113.26970580199263
INFO:cooler._balance:variance is 70.47330798234199
INFO:cooler._balance:variance is 44.06732109346503
INFO:cooler._balance:variance is 27.446358021326272
INFO:cooler._balance:variance is 17.148084104479157
INFO:cooler._balance:variance is 10.687339323594811
INFO:cooler._balance:variance is 6.673822401598288
INFO:cooler._balance:variance is 4.161091746121486
INFO:cooler._balance:variance is 2.597593737809632
INFO:cooler._balance:variance is 1.6200015937508163
INFO:cooler._balance:variance is 1.011093355466198
INFO:cooler._balance:variance is 0.6306742775909788
INFO:cooler._balance:variance is 0.3935735640242296
INFO:cooler._balance:variance is 0.24551795188802422
INFO:cooler._balance:variance is 0.15320386340160974
INFO:cooler._balance:variance is 0.09557717255082507
INFO:cooler._balance:variance is 0.05963747055923674
INFO:cooler._balance:variance is 0.03720665309675877
INFO:cooler._balance:variance is 0.023215191482596008
INFO:cooler._balance:variance is 0.014483856820078534
INFO:cooler._balance:variance is 0.009037067883642282
INFO:cooler._balance:variance is 0.005638272844045367
INFO:cooler._balance:variance is 0.0035179057821755977
INFO:cooler._balance:variance is 0.002194860181380042
INFO:cooler._balance:variance is 0.0013694359579461747
INFO:cooler._balance:variance is 0.0008544112317786924
INFO:cooler._balance:variance is 0.0005330890839340378
INFO:cooler._balance:variance is 0.0003326033445989353
INFO:cooler._balance:variance is 0.00020751915406942869
INFO:cooler._balance:variance is 0.00012947502684691872
INFO:cooler._balance:variance is 8.078240845195764e-05
INFO:cooler._balance:variance is 5.040170657821084e-05
INFO:cooler._balance:variance is 3.144673325586608e-05
INFO:cooler._balance:variance is 1.96202424688918e-05
INFO:cooler._balance:variance is 1.2241492139649078e-05
INFO:cooler._balance:variance is 7.637714741383214e-06
INFO:cooler._balance:chrM
