INFO:cooler.cli.balance:Balancing "analysis_other/porec/T2T04/cooler/T2T04_10000_balanced.cool"
INFO:cooler._balance:chr1
INFO:cooler._balance:variance is 56551.757859479876
INFO:cooler._balance:variance is 3337.697827142594
INFO:cooler._balance:variance is 722.053971257618
INFO:cooler._balance:variance is 231.41457617417558
INFO:cooler._balance:variance is 76.43114491396541
INFO:cooler._balance:variance is 29.167156524323676
INFO:cooler._balance:variance is 11.366085585974714
INFO:cooler._balance:variance is 4.803187388177396
INFO:cooler._balance:variance is 2.101304448919322
INFO:cooler._balance:variance is 0.9716381741097755
INFO:cooler._balance:variance is 0.4649814747058564
INFO:cooler._balance:variance is 0.23070975176822825
INFO:cooler._balance:variance is 0.11723950320193793
INFO:cooler._balance:variance is 0.06081670394161472
INFO:cooler._balance:variance is 0.031974740902530704
INFO:cooler._balance:variance is 0.016989209178665643
INFO:cooler._balance:variance is 0.009088068088630477
INFO:cooler._balance:variance is 0.004886421967484263
INFO:cooler._balance:variance is 0.0026357889622757235
INFO:cooler._balance:variance is 0.0014252276484956821
INFO:cooler._balance:variance is 0.000771817867238226
INFO:cooler._balance:variance is 0.0004184509238255163
INFO:cooler._balance:variance is 0.00022702956654331932
INFO:cooler._balance:variance is 0.00012324196203933018
INFO:cooler._balance:variance is 6.692381650833765e-05
INFO:cooler._balance:variance is 3.635114749353704e-05
INFO:cooler._balance:variance is 1.9748115686815408e-05
INFO:cooler._balance:variance is 1.0729758652449119e-05
INFO:cooler._balance:variance is 5.8302684948608575e-06
INFO:cooler._balance:chr2
INFO:cooler._balance:variance is 49191.409690196946
INFO:cooler._balance:variance is 6301.167618179995
INFO:cooler._balance:variance is 1872.7756200221852
INFO:cooler._balance:variance is 699.6647554404477
INFO:cooler._balance:variance is 249.84275570427192
INFO:cooler._balance:variance is 94.43915939323917
INFO:cooler._balance:variance is 35.25396549258417
INFO:cooler._balance:variance is 13.437434312420143
INFO:cooler._balance:variance is 5.11784282756587
INFO:cooler._balance:variance is 1.9694762204594662
INFO:cooler._balance:variance is 0.7602572212219336
INFO:cooler._balance:variance is 0.29546792809450145
INFO:cooler._balance:variance is 0.1153111390862906
INFO:cooler._balance:variance is 0.04523907665002445
INFO:cooler._balance:variance is 0.0178227143749934
INFO:cooler._balance:variance is 0.007052221087684977
INFO:cooler._balance:variance is 0.0028010827758875316
INFO:cooler._balance:variance is 0.001116634533222582
INFO:cooler._balance:variance is 0.00044659474638034016
INFO:cooler._balance:variance is 0.0001791551375316777
INFO:cooler._balance:variance is 7.20648269126811e-05
INFO:cooler._balance:variance is 2.9059409669311435e-05
INFO:cooler._balance:variance is 1.1743732069725333e-05
INFO:cooler._balance:variance is 4.755342302181057e-06
INFO:cooler._balance:chr3
INFO:cooler._balance:variance is 42413.432924362896
INFO:cooler._balance:variance is 7666.5139811685285
INFO:cooler._balance:variance is 2609.489196159687
INFO:cooler._balance:variance is 1397.6965481091922
INFO:cooler._balance:variance is 588.8565629084811
INFO:cooler._balance:variance is 302.13113079827576
INFO:cooler._balance:variance is 137.29509057076925
INFO:cooler._balance:variance is 68.58196487847782
INFO:cooler._balance:variance is 32.27721483908182
INFO:cooler._balance:variance is 15.9108817949067
INFO:cooler._balance:variance is 7.618814938449851
INFO:cooler._balance:variance is 3.732253120436995
INFO:cooler._balance:variance is 1.8028624483492808
INFO:cooler._balance:variance is 0.8807065781807769
INFO:cooler._balance:variance is 0.4273502046978821
INFO:cooler._balance:variance is 0.20852202178738638
INFO:cooler._balance:variance is 0.10142397600600386
INFO:cooler._balance:variance is 0.04946911432739199
INFO:cooler._balance:variance is 0.024092698103092145
INFO:cooler._balance:variance is 0.011750173019583397
INFO:cooler._balance:variance is 0.00572678626951725
INFO:cooler._balance:variance is 0.0027931141389180474
INFO:cooler._balance:variance is 0.0013618787027092297
INFO:cooler._balance:variance is 0.0006642790454779939
INFO:cooler._balance:variance is 0.0003239740737959919
INFO:cooler._balance:variance is 0.00015803630089683505
INFO:cooler._balance:variance is 7.708764839056323e-05
INFO:cooler._balance:variance is 3.760630020052202e-05
INFO:cooler._balance:variance is 1.8345608385987047e-05
INFO:cooler._balance:variance is 8.95016134512948e-06
INFO:cooler._balance:chr4
INFO:cooler._balance:variance is 65572.84459267031
INFO:cooler._balance:variance is 20126.899965651093
INFO:cooler._balance:variance is 5465.164604916452
INFO:cooler._balance:variance is 3044.4693421665843
INFO:cooler._balance:variance is 1093.0808503980768
INFO:cooler._balance:variance is 550.2187133356991
INFO:cooler._balance:variance is 224.74052480788203
INFO:cooler._balance:variance is 106.90078951340733
INFO:cooler._balance:variance is 46.352421529788096
INFO:cooler._balance:variance is 21.498667186987504
INFO:cooler._balance:variance is 9.581946975267758
INFO:cooler._balance:variance is 4.399420859694718
INFO:cooler._balance:variance is 1.9862011402605066
INFO:cooler._balance:variance is 0.908632892564219
INFO:cooler._balance:variance is 0.41277397004178823
INFO:cooler._balance:variance is 0.18863954434207283
INFO:cooler._balance:variance is 0.08596484779873764
INFO:cooler._balance:variance is 0.03928398587959535
INFO:cooler._balance:variance is 0.017932270644856915
INFO:cooler._balance:variance is 0.008196648224301786
INFO:cooler._balance:variance is 0.003745187516073402
INFO:cooler._balance:variance is 0.001712396036643398
INFO:cooler._balance:variance is 0.000782878490297926
INFO:cooler._balance:variance is 0.00035804777113056246
INFO:cooler._balance:variance is 0.00016375411876930413
INFO:cooler._balance:variance is 7.49086657625854e-05
INFO:cooler._balance:variance is 3.426810481047256e-05
INFO:cooler._balance:variance is 1.5678382121277167e-05
INFO:cooler._balance:variance is 7.173515955832839e-06
INFO:cooler._balance:chr5
INFO:cooler._balance:variance is 136815.5218888112
INFO:cooler._balance:variance is 11326.876389605242
INFO:cooler._balance:variance is 2983.181452056518
INFO:cooler._balance:variance is 1042.216378726382
INFO:cooler._balance:variance is 328.6411138267883
INFO:cooler._balance:variance is 112.85469887070107
INFO:cooler._balance:variance is 37.3553306498264
INFO:cooler._balance:variance is 12.755829448941377
INFO:cooler._balance:variance is 4.3095211749085625
INFO:cooler._balance:variance is 1.475771488366926
INFO:cooler._balance:variance is 0.5048523887725928
INFO:cooler._balance:variance is 0.17407741177487707
INFO:cooler._balance:variance is 0.06020656993286569
INFO:cooler._balance:variance is 0.02096321375165665
INFO:cooler._balance:variance is 0.007338924686562875
INFO:cooler._balance:variance is 0.0025881458771047153
INFO:cooler._balance:variance is 0.000919556045464171
INFO:cooler._balance:variance is 0.0003295831207910816
INFO:cooler._balance:variance is 0.00011923869875625518
INFO:cooler._balance:variance is 4.358811055069109e-05
INFO:cooler._balance:variance is 1.610991757078708e-05
INFO:cooler._balance:variance is 6.023769891951085e-06
INFO:cooler._balance:chr6
INFO:cooler._balance:variance is 48754.23627625941
INFO:cooler._balance:variance is 8380.761713135775
INFO:cooler._balance:variance is 3697.791652077817
INFO:cooler._balance:variance is 2272.5714748039
INFO:cooler._balance:variance is 1161.2129906439595
INFO:cooler._balance:variance is 712.5698511326922
INFO:cooler._balance:variance is 383.4008861588701
INFO:cooler._balance:variance is 230.43877013558358
INFO:cooler._balance:variance is 127.59300247721858
INFO:cooler._balance:variance is 75.4953734620243
INFO:cooler._balance:variance is 42.51312452171271
INFO:cooler._balance:variance is 24.900821906394903
INFO:cooler._balance:variance is 14.162446181583702
INFO:cooler._balance:variance is 8.243504815970724
INFO:cooler._balance:variance is 4.715949556804864
INFO:cooler._balance:variance is 2.734654758083198
INFO:cooler._balance:variance is 1.569770258498505
INFO:cooler._balance:variance is 0.9082218475764106
INFO:cooler._balance:variance is 0.5223754229079812
INFO:cooler._balance:variance is 0.30182900342601937
INFO:cooler._balance:variance is 0.17379931888999883
INFO:cooler._balance:variance is 0.10034297990023931
INFO:cooler._balance:variance is 0.05781770912412921
INFO:cooler._balance:variance is 0.03336578310266991
INFO:cooler._balance:variance is 0.019232719330831993
INFO:cooler._balance:variance is 0.011095973008808295
INFO:cooler._balance:variance is 0.006397350790809138
INFO:cooler._balance:variance is 0.0036902647235595915
INFO:cooler._balance:variance is 0.002127880628539569
INFO:cooler._balance:variance is 0.0012273417425141858
INFO:cooler._balance:variance is 0.0007077614442443199
INFO:cooler._balance:variance is 0.0004082088895318979
INFO:cooler._balance:variance is 0.00023540846818589714
INFO:cooler._balance:variance is 0.00013577021112986336
INFO:cooler._balance:variance is 7.829871079804223e-05
INFO:cooler._balance:variance is 4.515745026315225e-05
INFO:cooler._balance:variance is 2.6042673884926105e-05
INFO:cooler._balance:variance is 1.5019517095035673e-05
INFO:cooler._balance:variance is 8.661948730148515e-06
INFO:cooler._balance:chr7
INFO:cooler._balance:variance is 41784.19045541174
INFO:cooler._balance:variance is 6130.514455704842
INFO:cooler._balance:variance is 2026.2590859812428
INFO:cooler._balance:variance is 892.0703760431259
INFO:cooler._balance:variance is 353.7548107765057
INFO:cooler._balance:variance is 154.96088962455238
INFO:cooler._balance:variance is 64.35116443843013
INFO:cooler._balance:variance is 27.860540852750084
INFO:cooler._balance:variance is 11.77737699517031
INFO:cooler._balance:variance is 5.069309577211974
INFO:cooler._balance:variance is 2.159697924732114
INFO:cooler._balance:variance is 0.9274653381596837
INFO:cooler._balance:variance is 0.39660258048204666
INFO:cooler._balance:variance is 0.1702088127399487
INFO:cooler._balance:variance is 0.07292702200873147
INFO:cooler._balance:variance is 0.031299723671088124
INFO:cooler._balance:variance is 0.013426118310258774
INFO:cooler._balance:variance is 0.0057642611505998136
INFO:cooler._balance:variance is 0.0024745281187569033
INFO:cooler._balance:variance is 0.0010628234071713963
INFO:cooler._balance:variance is 0.0004565234116670257
INFO:cooler._balance:variance is 0.00019615899158243412
INFO:cooler._balance:variance is 8.429728378195136e-05
INFO:cooler._balance:variance is 3.623459024913399e-05
INFO:cooler._balance:variance is 1.55775557586605e-05
INFO:cooler._balance:variance is 6.698196100372932e-06
INFO:cooler._balance:chrX
INFO:cooler._balance:variance is 10688.161693092943
INFO:cooler._balance:variance is 1290.1005169189352
INFO:cooler._balance:variance is 381.84375878002214
INFO:cooler._balance:variance is 176.27420409718744
INFO:cooler._balance:variance is 65.27620466258685
INFO:cooler._balance:variance is 30.20579963291015
INFO:cooler._balance:variance is 12.21492104417901
INFO:cooler._balance:variance is 5.575493451843132
INFO:cooler._balance:variance is 2.373867485273835
INFO:cooler._balance:variance is 1.0768208503340735
INFO:cooler._balance:variance is 0.47253400885135616
INFO:cooler._balance:variance is 0.21416437063266766
INFO:cooler._balance:variance is 0.09564072191742218
INFO:cooler._balance:variance is 0.04341465731417179
INFO:cooler._balance:variance is 0.01958827341072742
INFO:cooler._balance:variance is 0.008912529948248508
INFO:cooler._balance:variance is 0.004046594167399753
INFO:cooler._balance:variance is 0.0018455730029334856
INFO:cooler._balance:variance is 0.0008414114923817731
INFO:cooler._balance:variance is 0.00038460696496328014
INFO:cooler._balance:variance is 0.00017586557682261643
INFO:cooler._balance:variance is 8.055278446958892e-05
INFO:cooler._balance:variance is 3.692060394584286e-05
INFO:cooler._balance:variance is 1.6943608897015047e-05
INFO:cooler._balance:variance is 7.781964111200682e-06
INFO:cooler._balance:chr9
INFO:cooler._balance:variance is 39664.088504934945
INFO:cooler._balance:variance is 6637.990287956504
INFO:cooler._balance:variance is 1932.4593693917511
INFO:cooler._balance:variance is 771.929320426339
INFO:cooler._balance:variance is 337.00995763485645
INFO:cooler._balance:variance is 157.48400703489597
INFO:cooler._balance:variance is 75.56561369995006
INFO:cooler._balance:variance is 37.71977960146244
INFO:cooler._balance:variance is 19.215563603665803
INFO:cooler._balance:variance is 10.188315575467898
INFO:cooler._balance:variance is 5.530003052913951
INFO:cooler._balance:variance is 3.1235453640427107
INFO:cooler._balance:variance is 1.8051849178239967
INFO:cooler._balance:variance is 1.0786739422965572
INFO:cooler._balance:variance is 0.6560144848916555
INFO:cooler._balance:variance is 0.4084408305519202
INFO:cooler._balance:variance is 0.2571350429634429
INFO:cooler._balance:variance is 0.16425008461597626
INFO:cooler._balance:variance is 0.10555399392635782
INFO:cooler._balance:variance is 0.06840272364101571
INFO:cooler._balance:variance is 0.04445936818309535
INFO:cooler._balance:variance is 0.02903144664077749
INFO:cooler._balance:variance is 0.01898260989832433
INFO:cooler._balance:variance is 0.012443735502316823
INFO:cooler._balance:variance is 0.008161709158092985
INFO:cooler._balance:variance is 0.00536071142347598
INFO:cooler._balance:variance is 0.003521612342951771
INFO:cooler._balance:variance is 0.002315269982581575
INFO:cooler._balance:variance is 0.0015222061390794013
INFO:cooler._balance:variance is 0.0010012410311401791
INFO:cooler._balance:variance is 0.0006585542586382757
INFO:cooler._balance:variance is 0.0004332674766330512
INFO:cooler._balance:variance is 0.0002850378311961741
INFO:cooler._balance:variance is 0.00018754890393845913
INFO:cooler._balance:variance is 0.00012339841627369297
INFO:cooler._balance:variance is 8.119773236045946e-05
INFO:cooler._balance:variance is 5.342745812998252e-05
INFO:cooler._balance:variance is 3.515677285158123e-05
INFO:cooler._balance:variance is 2.313359902647595e-05
INFO:cooler._balance:variance is 1.522271584497292e-05
INFO:cooler._balance:variance is 1.0016907609570477e-05
INFO:cooler._balance:variance is 6.591502253104637e-06
INFO:cooler._balance:chr8
INFO:cooler._balance:variance is 41059.52117958681
INFO:cooler._balance:variance is 15346.833344942135
INFO:cooler._balance:variance is 3144.269097687537
INFO:cooler._balance:variance is 2156.4574021167546
INFO:cooler._balance:variance is 647.9139528949746
INFO:cooler._balance:variance is 377.8504712215422
INFO:cooler._balance:variance is 139.8623792434187
INFO:cooler._balance:variance is 72.93004693144596
INFO:cooler._balance:variance is 30.16051667175484
INFO:cooler._balance:variance is 14.792120982552524
INFO:cooler._balance:variance is 6.475637169041064
INFO:cooler._balance:variance is 3.0804867737981656
INFO:cooler._balance:variance is 1.3878621588219844
INFO:cooler._balance:variance is 0.6508125699270578
INFO:cooler._balance:variance is 0.2974792968355843
INFO:cooler._balance:variance is 0.13860864132335143
INFO:cooler._balance:variance is 0.06382218264692863
INFO:cooler._balance:variance is 0.029658498217191107
INFO:cooler._balance:variance is 0.013707974167722518
INFO:cooler._balance:variance is 0.006363918820267457
INFO:cooler._balance:variance is 0.002947285374646295
INFO:cooler._balance:variance is 0.001367917594130686
INFO:cooler._balance:variance is 0.0006342199990010064
INFO:cooler._balance:variance is 0.0002943656912145995
INFO:cooler._balance:variance is 0.00013656702303106692
INFO:cooler._balance:variance is 6.339325674679289e-05
INFO:cooler._balance:variance is 2.942188155261269e-05
INFO:cooler._balance:variance is 1.3659163539580757e-05
INFO:cooler._balance:variance is 6.341008937534144e-06
INFO:cooler._balance:chr11
INFO:cooler._balance:variance is 36341.12508849045
INFO:cooler._balance:variance is 7732.891482184262
INFO:cooler._balance:variance is 3331.4983013775136
INFO:cooler._balance:variance is 2084.9014997220306
INFO:cooler._balance:variance is 1118.4683267361802
INFO:cooler._balance:variance is 713.1729918812015
INFO:cooler._balance:variance is 405.50066745797625
INFO:cooler._balance:variance is 256.24456672364255
INFO:cooler._balance:variance is 149.80209469694893
INFO:cooler._balance:variance is 93.70489663603465
INFO:cooler._balance:variance is 55.68239974635077
INFO:cooler._balance:variance is 34.55286619978508
INFO:cooler._balance:variance is 20.741720712582552
INFO:cooler._balance:variance is 12.797823433409228
INFO:cooler._balance:variance is 7.73137091796599
INFO:cooler._balance:variance is 4.751959468844878
INFO:cooler._balance:variance is 2.8821443972092795
INFO:cooler._balance:variance is 1.7669816727230943
INFO:cooler._balance:variance is 1.0743456288086506
INFO:cooler._balance:variance is 0.6575859305721946
INFO:cooler._balance:variance is 0.4004278978662955
INFO:cooler._balance:variance is 0.24484070327925328
INFO:cooler._balance:variance is 0.14923168575221685
INFO:cooler._balance:variance is 0.09118807738063896
INFO:cooler._balance:variance is 0.055611430623002306
INFO:cooler._balance:variance is 0.033967607296825124
INFO:cooler._balance:variance is 0.020722540019466315
INFO:cooler._balance:variance is 0.012654195840827174
INFO:cooler._balance:variance is 0.007721566583488615
INFO:cooler._balance:variance is 0.00471443211322801
INFO:cooler._balance:variance is 0.0028771128612435836
INFO:cooler._balance:variance is 0.001756463725043285
INFO:cooler._balance:variance is 0.0010720159245242913
INFO:cooler._balance:variance is 0.0006544219855627692
INFO:cooler._balance:variance is 0.00039943028291359494
INFO:cooler._balance:variance is 0.00024382704901236828
INFO:cooler._balance:variance is 0.0001488256617832939
INFO:cooler._balance:variance is 9.084667890586389e-05
INFO:cooler._balance:variance is 5.5451438497279673e-05
INFO:cooler._balance:variance is 3.384839877472678e-05
INFO:cooler._balance:variance is 2.0660777360965446e-05
INFO:cooler._balance:variance is 1.2611546453184687e-05
INFO:cooler._balance:variance is 7.698033184219251e-06
INFO:cooler._balance:chr10
INFO:cooler._balance:variance is 331102.4098724127
INFO:cooler._balance:variance is 4283.532554019538
INFO:cooler._balance:variance is 1301.7979150608494
INFO:cooler._balance:variance is 504.72107916112435
INFO:cooler._balance:variance is 192.83616430667269
INFO:cooler._balance:variance is 77.68866673294892
INFO:cooler._balance:variance is 30.868874478877846
INFO:cooler._balance:variance is 12.499363841489293
INFO:cooler._balance:variance is 5.0307051841676
INFO:cooler._balance:variance is 2.0399471071698425
INFO:cooler._balance:variance is 0.8253461224980158
INFO:cooler._balance:variance is 0.33498499484322536
INFO:cooler._balance:variance is 0.13586376683629298
INFO:cooler._balance:variance is 0.05518178146841747
INFO:cooler._balance:variance is 0.02240894906264334
INFO:cooler._balance:variance is 0.00910633089900465
INFO:cooler._balance:variance is 0.003700704613862018
INFO:cooler._balance:variance is 0.0015044790685795008
INFO:cooler._balance:variance is 0.000611695768736169
INFO:cooler._balance:variance is 0.00024876436071282653
INFO:cooler._balance:variance is 0.00010118091769242062
INFO:cooler._balance:variance is 4.116135374691613e-05
INFO:cooler._balance:variance is 1.6747266447576006e-05
INFO:cooler._balance:variance is 6.815096205098405e-06
INFO:cooler._balance:chr12
INFO:cooler._balance:variance is 39612.26458146889
INFO:cooler._balance:variance is 6095.194700113512
INFO:cooler._balance:variance is 2427.4278546952623
INFO:cooler._balance:variance is 1215.4828285852243
INFO:cooler._balance:variance is 572.7714690725876
INFO:cooler._balance:variance is 296.16266387408103
INFO:cooler._balance:variance is 146.8342249558534
INFO:cooler._balance:variance is 76.2926477133494
INFO:cooler._balance:variance is 38.68294996201954
INFO:cooler._balance:variance is 20.104206537123744
INFO:cooler._balance:variance is 10.307757921969804
INFO:cooler._balance:variance is 5.354923691210939
INFO:cooler._balance:variance is 2.7615114897783446
INFO:cooler._balance:variance is 1.434107098412438
INFO:cooler._balance:variance is 0.7418338454119409
INFO:cooler._balance:variance is 0.3851653953335858
INFO:cooler._balance:variance is 0.1995641050705768
INFO:cooler._balance:variance is 0.10360332424533918
INFO:cooler._balance:variance is 0.05372658617065175
INFO:cooler._balance:variance is 0.0278905791383115
INFO:cooler._balance:variance is 0.014470299748161091
INFO:cooler._balance:variance is 0.007511671865672456
INFO:cooler._balance:variance is 0.0038982242156040976
INFO:cooler._balance:variance is 0.0020235930706331427
INFO:cooler._balance:variance is 0.0010502990851692737
INFO:cooler._balance:variance is 0.0005452169494408015
INFO:cooler._balance:variance is 0.0002830032880900725
INFO:cooler._balance:variance is 0.0001469091124195151
INFO:cooler._balance:variance is 7.625853581901851e-05
INFO:cooler._balance:variance is 3.958646603527941e-05
INFO:cooler._balance:variance is 2.0549254363206217e-05
INFO:cooler._balance:variance is 1.0667317024587403e-05
INFO:cooler._balance:variance is 5.537449776046361e-06
INFO:cooler._balance:chr13
INFO:cooler._balance:variance is 47274.806570301815
INFO:cooler._balance:variance is 9011.64181044476
INFO:cooler._balance:variance is 1898.3553795682972
INFO:cooler._balance:variance is 954.4934398738274
INFO:cooler._balance:variance is 287.67780515670665
INFO:cooler._balance:variance is 127.55268984851045
INFO:cooler._balance:variance is 44.85063186343004
INFO:cooler._balance:variance is 18.686056426762427
INFO:cooler._balance:variance is 7.044220505040715
INFO:cooler._balance:variance is 2.8558125271545043
INFO:cooler._balance:variance is 1.1107806343283722
INFO:cooler._balance:variance is 0.44554408102733833
INFO:cooler._balance:variance is 0.17579730364184049
INFO:cooler._balance:variance is 0.0702809587013793
INFO:cooler._balance:variance is 0.02792771520929694
INFO:cooler._balance:variance is 0.011163342813077869
INFO:cooler._balance:variance is 0.004454301310946202
INFO:cooler._balance:variance is 0.0017826799817040838
INFO:cooler._balance:variance is 0.0007134516830897199
INFO:cooler._balance:variance is 0.0002860832122456419
INFO:cooler._balance:variance is 0.00011480415695832215
INFO:cooler._balance:variance is 4.614328550936569e-05
INFO:cooler._balance:variance is 1.8568190615732135e-05
INFO:cooler._balance:variance is 7.483368967393705e-06
INFO:cooler._balance:chr14
INFO:cooler._balance:variance is 34334.2429837976
INFO:cooler._balance:variance is 8104.656811773394
INFO:cooler._balance:variance is 2277.184500761726
INFO:cooler._balance:variance is 1080.7734004570339
INFO:cooler._balance:variance is 383.74513424171766
INFO:cooler._balance:variance is 213.42776977529425
INFO:cooler._balance:variance is 86.38787618726563
INFO:cooler._balance:variance is 54.16397068722304
INFO:cooler._balance:variance is 24.900137050454667
INFO:cooler._balance:variance is 16.720863878333393
INFO:cooler._balance:variance is 8.608856949968995
INFO:cooler._balance:variance is 5.896421503955103
INFO:cooler._balance:variance is 3.2980210421795144
INFO:cooler._balance:variance is 2.2448402276898682
INFO:cooler._balance:variance is 1.3245691124511296
INFO:cooler._balance:variance is 0.8893221058577009
INFO:cooler._balance:variance is 0.5422293848871907
INFO:cooler._balance:variance is 0.35936545064739367
INFO:cooler._balance:variance is 0.22350614125988547
INFO:cooler._balance:variance is 0.14665236772407841
INFO:cooler._balance:variance is 0.09232183102444586
INFO:cooler._balance:variance is 0.06014646009080557
INFO:cooler._balance:variance is 0.03814775863195501
INFO:cooler._balance:variance is 0.024732378374654647
INFO:cooler._balance:variance is 0.015759603928319127
INFO:cooler._balance:variance is 0.01018444224146375
INFO:cooler._balance:variance is 0.006508577718903914
INFO:cooler._balance:variance is 0.004197149766324086
INFO:cooler._balance:variance is 0.00268723776955199
INFO:cooler._balance:variance is 0.001730502483265325
INFO:cooler._balance:variance is 0.0011092615095995913
INFO:cooler._balance:variance is 0.0007136896268402414
INFO:cooler._balance:variance is 0.00045782162426162603
INFO:cooler._balance:variance is 0.0002943873401299841
INFO:cooler._balance:variance is 0.0001889356282373329
INFO:cooler._balance:variance is 0.00012144334228479504
INFO:cooler._balance:variance is 7.796531922863119e-05
INFO:cooler._balance:variance is 5.0102144333872235e-05
INFO:cooler._balance:variance is 3.217135119993519e-05
INFO:cooler._balance:variance is 2.0670766307349204e-05
INFO:cooler._balance:variance is 1.327468509349892e-05
INFO:cooler._balance:variance is 8.528409362511493e-06
INFO:cooler._balance:chr15
INFO:cooler._balance:variance is 45890.25749800904
INFO:cooler._balance:variance is 6064.348375778062
INFO:cooler._balance:variance is 1926.0693216184193
INFO:cooler._balance:variance is 910.8670899398729
INFO:cooler._balance:variance is 373.39501333545525
INFO:cooler._balance:variance is 197.93043872864286
INFO:cooler._balance:variance is 89.04151081869301
INFO:cooler._balance:variance is 50.424984801393734
INFO:cooler._balance:variance is 24.203200878684388
INFO:cooler._balance:variance is 14.271312507299731
INFO:cooler._balance:variance is 7.259952031725437
INFO:cooler._balance:variance is 4.382352460050361
INFO:cooler._balance:variance is 2.3488187723205396
INFO:cooler._balance:variance is 1.4366585500211904
INFO:cooler._balance:variance is 0.8043177493340957
INFO:cooler._balance:variance is 0.4955621118815999
INFO:cooler._balance:variance is 0.2869180215371726
INFO:cooler._balance:variance is 0.17748256001593718
INFO:cooler._balance:variance is 0.10527342419026078
INFO:cooler._balance:variance is 0.06526037034654826
INFO:cooler._balance:variance is 0.039355348365334844
INFO:cooler._balance:variance is 0.024424962419940868
INFO:cooler._balance:variance is 0.0148915748288785
INFO:cooler._balance:variance is 0.009247739620728451
INFO:cooler._balance:variance is 0.00567818420730546
INFO:cooler._balance:variance is 0.0035273074807119008
INFO:cooler._balance:variance is 0.00217553549565023
INFO:cooler._balance:variance is 0.0013516733589946201
INFO:cooler._balance:variance is 0.0008360277842793622
INFO:cooler._balance:variance is 0.0005194724929758884
INFO:cooler._balance:variance is 0.00032186810263876
INFO:cooler._balance:variance is 0.00020000346945375392
INFO:cooler._balance:variance is 0.0001240595080685592
INFO:cooler._balance:variance is 7.708997150353793e-05
INFO:cooler._balance:variance is 4.785052282862252e-05
INFO:cooler._balance:variance is 2.9734319549716325e-05
INFO:cooler._balance:variance is 1.846419907584575e-05
INFO:cooler._balance:variance is 1.1473686811464313e-05
INFO:cooler._balance:variance is 7.126711844192947e-06
INFO:cooler._balance:chr16
INFO:cooler._balance:variance is 31352.121852130887
INFO:cooler._balance:variance is 6373.547381260797
INFO:cooler._balance:variance is 2123.5990783666275
INFO:cooler._balance:variance is 937.6631206366218
INFO:cooler._balance:variance is 408.09541425020336
INFO:cooler._balance:variance is 194.80968777056563
INFO:cooler._balance:variance is 93.8217690231407
INFO:cooler._balance:variance is 47.59355019726727
INFO:cooler._balance:variance is 24.707505085564364
INFO:cooler._balance:variance is 13.326495354657306
INFO:cooler._balance:variance is 7.393807885252209
INFO:cooler._balance:variance is 4.223420615852296
INFO:cooler._balance:variance is 2.474605362257551
INFO:cooler._balance:variance is 1.4793050643714143
INFO:cooler._balance:variance is 0.9011647866743903
INFO:cooler._balance:variance is 0.5557225004769784
INFO:cooler._balance:variance is 0.34697355134053437
INFO:cooler._balance:variance is 0.21810301736445536
INFO:cooler._balance:variance is 0.13814440469752648
INFO:cooler._balance:variance is 0.08780209569062403
INFO:cooler._balance:variance is 0.05605852520872647
INFO:cooler._balance:variance is 0.03585117551062417
INFO:cooler._balance:variance is 0.022988955684488947
INFO:cooler._balance:variance is 0.014752490596233318
INFO:cooler._balance:variance is 0.00948174901160331
INFO:cooler._balance:variance is 0.006096075916252176
INFO:cooler._balance:variance is 0.003922934719339766
INFO:cooler._balance:variance is 0.002524771395766214
INFO:cooler._balance:variance is 0.00162580894132964
INFO:cooler._balance:variance is 0.0010469568340591875
INFO:cooler._balance:variance is 0.0006744182172629464
INFO:cooler._balance:variance is 0.00043443683794506827
INFO:cooler._balance:variance is 0.0002799039298530997
INFO:cooler._balance:variance is 0.00018033650238015388
INFO:cooler._balance:variance is 0.00011620098396282672
INFO:cooler._balance:variance is 7.487347921452582e-05
INFO:cooler._balance:variance is 4.8247815376694596e-05
INFO:cooler._balance:variance is 3.108998999154304e-05
INFO:cooler._balance:variance is 2.0034698122647583e-05
INFO:cooler._balance:variance is 1.2910404648830753e-05
INFO:cooler._balance:variance is 8.319721958254052e-06
INFO:cooler._balance:chr17
INFO:cooler._balance:variance is 49693.47061094365
INFO:cooler._balance:variance is 21840.068360227393
INFO:cooler._balance:variance is 9581.705270159187
INFO:cooler._balance:variance is 5805.878342474669
INFO:cooler._balance:variance is 2950.8541898318695
INFO:cooler._balance:variance is 1718.9966520449561
INFO:cooler._balance:variance is 926.6842365441307
INFO:cooler._balance:variance is 530.5668552124467
INFO:cooler._balance:variance is 293.6330594056028
INFO:cooler._balance:variance is 166.95800608212537
INFO:cooler._balance:variance is 93.51980284067643
INFO:cooler._balance:variance is 53.03464227033254
INFO:cooler._balance:variance is 29.87543242907286
INFO:cooler._balance:variance is 16.92632560733398
INFO:cooler._balance:variance is 9.56100732989849
INFO:cooler._balance:variance is 5.415375237653341
INFO:cooler._balance:variance is 3.0630835310267495
INFO:cooler._balance:variance is 1.7348545337116805
INFO:cooler._balance:variance is 0.9819624975050206
INFO:cooler._balance:variance is 0.5561744275438003
INFO:cooler._balance:variance is 0.314921077723757
INFO:cooler._balance:variance is 0.1783759669936121
INFO:cooler._balance:variance is 0.1010213347201628
INFO:cooler._balance:variance is 0.057222165228994204
INFO:cooler._balance:variance is 0.03241073181051417
INFO:cooler._balance:variance is 0.01835915490611076
INFO:cooler._balance:variance is 0.010399306189982128
INFO:cooler._balance:variance is 0.005890839725175055
INFO:cooler._balance:variance is 0.0033369106411837283
INFO:cooler._balance:variance is 0.0018902687293209596
INFO:cooler._balance:variance is 0.0010707797173438722
INFO:cooler._balance:variance is 0.0006065731584680227
INFO:cooler._balance:variance is 0.000343609574174411
INFO:cooler._balance:variance is 0.00019464846328066246
INFO:cooler._balance:variance is 0.00011026465941910638
INFO:cooler._balance:variance is 6.246313731151702e-05
INFO:cooler._balance:variance is 3.538434401266937e-05
INFO:cooler._balance:variance is 2.004470708518488e-05
INFO:cooler._balance:variance is 1.1355029959645457e-05
INFO:cooler._balance:variance is 6.43246691928444e-06
INFO:cooler._balance:chr18
INFO:cooler._balance:variance is 28408.253311977314
INFO:cooler._balance:variance is 4335.568867846757
INFO:cooler._balance:variance is 1226.0253914143796
INFO:cooler._balance:variance is 415.35172788269756
INFO:cooler._balance:variance is 140.691677546888
INFO:cooler._balance:variance is 50.561044667775754
INFO:cooler._balance:variance is 18.12782184681233
INFO:cooler._balance:variance is 6.653375452623905
INFO:cooler._balance:variance is 2.4391548021390843
INFO:cooler._balance:variance is 0.9027468891197584
INFO:cooler._balance:variance is 0.3340294364191106
INFO:cooler._balance:variance is 0.12408064445769793
INFO:cooler._balance:variance is 0.0460957561061658
INFO:cooler._balance:variance is 0.01715266201295671
INFO:cooler._balance:variance is 0.006383599106061127
INFO:cooler._balance:variance is 0.002377424611316768
INFO:cooler._balance:variance is 0.0008855227014844815
INFO:cooler._balance:variance is 0.00032993529431169535
INFO:cooler._balance:variance is 0.00012293985276212553
INFO:cooler._balance:variance is 4.581619660592484e-05
INFO:cooler._balance:variance is 1.707524509981675e-05
INFO:cooler._balance:variance is 6.364211107205634e-06
INFO:cooler._balance:chr20
INFO:cooler._balance:variance is 31680.25634723177
INFO:cooler._balance:variance is 6603.655881719726
INFO:cooler._balance:variance is 2633.4029550371806
INFO:cooler._balance:variance is 1226.5203478549067
INFO:cooler._balance:variance is 619.774360048302
INFO:cooler._balance:variance is 328.8129996917997
INFO:cooler._balance:variance is 180.34360913149567
INFO:cooler._balance:variance is 101.29021645452903
INFO:cooler._balance:variance is 57.98218157439099
INFO:cooler._balance:variance is 33.53292607710048
INFO:cooler._balance:variance is 19.633376802361877
INFO:cooler._balance:variance is 11.53308842526325
INFO:cooler._balance:variance is 6.828567172080726
INFO:cooler._balance:variance is 4.044470223523795
INFO:cooler._balance:variance is 2.4073313233506077
INFO:cooler._balance:variance is 1.4319964240095187
INFO:cooler._balance:variance is 0.8543866530687642
INFO:cooler._balance:variance is 0.5093739747982384
INFO:cooler._balance:variance is 0.3042314496315592
INFO:cooler._balance:variance is 0.18159144457300175
INFO:cooler._balance:variance is 0.10850611740629117
INFO:cooler._balance:variance is 0.06480552828752739
INFO:cooler._balance:variance is 0.03872995352472814
INFO:cooler._balance:variance is 0.023139041177786215
INFO:cooler._balance:variance is 0.013829534173333487
INFO:cooler._balance:variance is 0.0082638165875986
INFO:cooler._balance:variance is 0.004939131033346013
INFO:cooler._balance:variance is 0.0029516426591051016
INFO:cooler._balance:variance is 0.0017641445718331711
INFO:cooler._balance:variance is 0.0010543119968483858
INFO:cooler._balance:variance is 0.0006301412631031214
INFO:cooler._balance:variance is 0.000376603891427647
INFO:cooler._balance:variance is 0.0002250876605265094
INFO:cooler._balance:variance is 0.00013452566852398972
INFO:cooler._balance:variance is 8.04026716538505e-05
INFO:cooler._balance:variance is 4.805378834068e-05
INFO:cooler._balance:variance is 2.87204877233987e-05
INFO:cooler._balance:variance is 1.7165285692815863e-05
INFO:cooler._balance:variance is 1.0259222167092594e-05
INFO:cooler._balance:variance is 6.131614450772453e-06
INFO:cooler._balance:chrY
INFO:cooler._balance:variance is 29841.129410914786
INFO:cooler._balance:variance is 40854.12873122163
INFO:cooler._balance:variance is 34496.980185864086
INFO:cooler._balance:variance is 43132.57653452081
INFO:cooler._balance:variance is 30452.94267334248
INFO:cooler._balance:variance is 32137.161116363743
INFO:cooler._balance:variance is 21124.356771343915
INFO:cooler._balance:variance is 19927.62264957711
INFO:cooler._balance:variance is 12998.552206831986
INFO:cooler._balance:variance is 11364.925843485396
INFO:cooler._balance:variance is 7529.758125911463
INFO:cooler._balance:variance is 6245.507407598361
INFO:cooler._balance:variance is 4226.289926073726
INFO:cooler._balance:variance is 3378.9345712520485
INFO:cooler._balance:variance is 2332.0336681055446
INFO:cooler._balance:variance is 1817.3566624435236
INFO:cooler._balance:variance is 1274.7257266112902
INFO:cooler._balance:variance is 975.9035442982586
INFO:cooler._balance:variance is 693.0970873923575
INFO:cooler._balance:variance is 524.1235483997798
INFO:cooler._balance:variance is 375.70986241296066
INFO:cooler._balance:variance is 281.69266840144746
INFO:cooler._balance:variance is 203.30258864264576
INFO:cooler._balance:variance is 151.52166955662537
INFO:cooler._balance:variance is 109.89457875687856
INFO:cooler._balance:variance is 81.56290843092236
INFO:cooler._balance:variance is 59.36507844590566
INFO:cooler._balance:variance is 43.93072709098643
INFO:cooler._balance:variance is 32.05613895784298
INFO:cooler._balance:variance is 23.67239153133652
INFO:cooler._balance:variance is 17.305281865462614
INFO:cooler._balance:variance is 12.760382885175906
INFO:cooler._balance:variance is 9.340524531041641
INFO:cooler._balance:variance is 6.880083437086739
INFO:cooler._balance:variance is 5.0409543340775125
INFO:cooler._balance:variance is 3.710243445664957
INFO:cooler._balance:variance is 2.72031123118625
INFO:cooler._balance:variance is 2.0010958365105744
INFO:cooler._balance:variance is 1.4679087622557896
INFO:cooler._balance:variance is 1.0793795987239667
INFO:cooler._balance:variance is 0.7920657598303209
INFO:cooler._balance:variance is 0.5822504777054056
INFO:cooler._balance:variance is 0.4273759608631847
INFO:cooler._balance:variance is 0.31409901304330523
INFO:cooler._balance:variance is 0.23059461712824564
INFO:cooler._balance:variance is 0.16944877737719366
INFO:cooler._balance:variance is 0.12441737594307324
INFO:cooler._balance:variance is 0.09141578997530606
INFO:cooler._balance:variance is 0.06712860001690771
INFO:cooler._balance:variance is 0.04931872761806196
INFO:cooler._balance:variance is 0.03621847905167264
INFO:cooler._balance:variance is 0.026607752970186745
INFO:cooler._balance:variance is 0.019541140996071165
INFO:cooler._balance:variance is 0.014355180492989443
INFO:cooler._balance:variance is 0.010543079408581693
INFO:cooler._balance:variance is 0.007744833879126713
INFO:cooler._balance:variance is 0.005688312519252692
INFO:cooler._balance:variance is 0.004178474276755201
INFO:cooler._balance:variance is 0.003069009612566231
INFO:cooler._balance:variance is 0.0022543686975102137
INFO:cooler._balance:variance is 0.0016558164236502911
INFO:cooler._balance:variance is 0.0012162793036389217
INFO:cooler._balance:variance is 0.0008933579133563814
INFO:cooler._balance:variance is 0.0006562095338864368
INFO:cooler._balance:variance is 0.0004819903305075371
INFO:cooler._balance:variance is 0.00035404003598207227
INFO:cooler._balance:variance is 0.00026004638517145804
INFO:cooler._balance:variance is 0.00019101288878900884
INFO:cooler._balance:variance is 0.0001403017430975638
INFO:cooler._balance:variance is 0.00010305600538638116
INFO:cooler._balance:variance is 7.569638327112063e-05
INFO:cooler._balance:variance is 5.560120236399376e-05
INFO:cooler._balance:variance is 4.084012469700479e-05
INFO:cooler._balance:variance is 2.9998203291305268e-05
INFO:cooler._balance:variance is 2.2034281438622176e-05
INFO:cooler._balance:variance is 1.6184766531113044e-05
INFO:cooler._balance:variance is 1.1888050865216656e-05
INFO:cooler._balance:variance is 8.732080552170984e-06
INFO:cooler._balance:chr19
INFO:cooler._balance:variance is 100695.86519564781
INFO:cooler._balance:variance is 58939.72809605466
INFO:cooler._balance:variance is 16549.634173568735
INFO:cooler._balance:variance is 9837.659333849715
INFO:cooler._balance:variance is 3614.130823676236
INFO:cooler._balance:variance is 1912.2851117558578
INFO:cooler._balance:variance is 813.086480789056
INFO:cooler._balance:variance is 412.20218637252776
INFO:cooler._balance:variance is 190.47712524148542
INFO:cooler._balance:variance is 95.78125578256181
INFO:cooler._balance:variance is 46.4636124081534
INFO:cooler._balance:variance is 23.48602887427064
INFO:cooler._balance:variance is 11.728364220528197
INFO:cooler._balance:variance is 5.978519614963633
INFO:cooler._balance:variance is 3.0385275944772276
INFO:cooler._balance:variance is 1.5608134634651423
INFO:cooler._balance:variance is 0.8018652064998221
INFO:cooler._balance:variance is 0.41431250906836237
INFO:cooler._balance:variance is 0.21426934193864974
INFO:cooler._balance:variance is 0.11116406188994854
INFO:cooler._balance:variance is 0.05772646871465176
INFO:cooler._balance:variance is 0.03003084955503359
INFO:cooler._balance:variance is 0.01563427164207507
INFO:cooler._balance:variance is 0.008147855094035388
INFO:cooler._balance:variance is 0.004248481304076019
INFO:cooler._balance:variance is 0.0022166344987630624
INFO:cooler._balance:variance is 0.0011569269526496906
INFO:cooler._balance:variance is 0.0006040595966050866
INFO:cooler._balance:variance is 0.00031546624973210764
INFO:cooler._balance:variance is 0.00016478745389268942
INFO:cooler._balance:variance is 8.609131681981895e-05
INFO:cooler._balance:variance is 4.498362038727834e-05
INFO:cooler._balance:variance is 2.350662328581471e-05
INFO:cooler._balance:variance is 1.2284649693373635e-05
INFO:cooler._balance:variance is 6.420385953223788e-06
INFO:cooler._balance:chr22
INFO:cooler._balance:variance is 42712.06038114279
INFO:cooler._balance:variance is 24927.596021675727
INFO:cooler._balance:variance is 8469.579643054165
INFO:cooler._balance:variance is 7117.063591473284
INFO:cooler._balance:variance is 3136.2095792876257
INFO:cooler._balance:variance is 2397.390193797483
INFO:cooler._balance:variance is 1220.8129947293316
INFO:cooler._balance:variance is 860.5666557279818
INFO:cooler._balance:variance is 477.50629679159596
INFO:cooler._balance:variance is 319.43804982856494
INFO:cooler._balance:variance is 186.29527692675052
INFO:cooler._balance:variance is 120.84232749647812
INFO:cooler._balance:variance is 72.52711323748893
INFO:cooler._balance:variance is 46.23395319887004
INFO:cooler._balance:variance is 28.21354344697141
INFO:cooler._balance:variance is 17.814671644024333
INFO:cooler._balance:variance is 10.977205577418014
INFO:cooler._balance:variance is 6.896223030953811
INFO:cooler._balance:variance is 4.27393747126689
INFO:cooler._balance:variance is 2.678100681955613
INFO:cooler._balance:variance is 1.6655609302203116
INFO:cooler._balance:variance is 1.0423871459015293
INFO:cooler._balance:variance is 0.6496908666748038
INFO:cooler._balance:variance is 0.4064068247622654
INFO:cooler._balance:variance is 0.2536562452467859
INFO:cooler._balance:variance is 0.15865328343757953
INFO:cooler._balance:variance is 0.09911470160374952
INFO:cooler._balance:variance is 0.06199704010324865
INFO:cooler._balance:variance is 0.038756085319282985
INFO:cooler._balance:variance is 0.02424584320803556
INFO:cooler._balance:variance is 0.015163771471261796
INFO:cooler._balance:variance is 0.009488130876742537
INFO:cooler._balance:variance is 0.005936080315018743
INFO:cooler._balance:variance is 0.003714915315148852
INFO:cooler._balance:variance is 0.0023247799841620265
INFO:cooler._balance:variance is 0.001455126938092038
INFO:cooler._balance:variance is 0.0009107992430612064
INFO:cooler._balance:variance is 0.0005701689811562256
INFO:cooler._balance:variance is 0.0003569405529798182
INFO:cooler._balance:variance is 0.00022347572517288756
INFO:cooler._balance:variance is 0.00013991985769300634
INFO:cooler._balance:variance is 8.761116046466343e-05
INFO:cooler._balance:variance is 5.485982548709235e-05
INFO:cooler._balance:variance is 3.4353658436850305e-05
INFO:cooler._balance:variance is 2.1513225336108868e-05
INFO:cooler._balance:variance is 1.3472753920917147e-05
INFO:cooler._balance:variance is 8.437614814749168e-06
INFO:cooler._balance:chr21
INFO:cooler._balance:variance is 27610.127285666025
INFO:cooler._balance:variance is 7775.120546731167
INFO:cooler._balance:variance is 2320.7768102751043
INFO:cooler._balance:variance is 907.3255150031666
INFO:cooler._balance:variance is 348.6797493316369
INFO:cooler._balance:variance is 149.93429569445692
INFO:cooler._balance:variance is 70.40027806822229
INFO:cooler._balance:variance is 36.146615164322185
INFO:cooler._balance:variance is 21.00553886346682
INFO:cooler._balance:variance is 13.050460975657527
INFO:cooler._balance:variance is 8.836541175225182
INFO:cooler._balance:variance is 6.142570571356692
INFO:cooler._balance:variance is 4.449075832552365
INFO:cooler._balance:variance is 3.234013827787818
INFO:cooler._balance:variance is 2.395429879432377
INFO:cooler._balance:variance is 1.7683107022816784
INFO:cooler._balance:variance is 1.3182349106177904
INFO:cooler._balance:variance is 0.9783951059171684
INFO:cooler._balance:variance is 0.7304915254759532
INFO:cooler._balance:variance is 0.5433125531505759
INFO:cooler._balance:variance is 0.40570815774475094
INFO:cooler._balance:variance is 0.30204218130493043
INFO:cooler._balance:variance is 0.225499586118426
INFO:cooler._balance:variance is 0.16796901360661806
INFO:cooler._balance:variance is 0.12537250083273072
INFO:cooler._balance:variance is 0.09341782282516618
INFO:cooler._balance:variance is 0.06971267516045528
INFO:cooler._balance:variance is 0.051956199130857486
INFO:cooler._balance:variance is 0.03876568041809159
INFO:cooler._balance:variance is 0.028896346123425124
INFO:cooler._balance:variance is 0.021557481269098618
INFO:cooler._balance:variance is 0.016071054926546414
INFO:cooler._balance:variance is 0.01198831311206353
INFO:cooler._balance:variance is 0.008938030483239049
INFO:cooler._balance:variance is 0.006666908818273662
INFO:cooler._balance:variance is 0.0049709100687883945
INFO:cooler._balance:variance is 0.003707621718266521
INFO:cooler._balance:variance is 0.0027645681310011676
INFO:cooler._balance:variance is 0.0020619090699013935
INFO:cooler._balance:variance is 0.0015375052403863226
INFO:cooler._balance:variance is 0.001146689687955294
INFO:cooler._balance:variance is 0.0008550752076199548
INFO:cooler._balance:variance is 0.0006377111132324809
INFO:cooler._balance:variance is 0.00047554411180223506
INFO:cooler._balance:variance is 0.0003546527195254372
INFO:cooler._balance:variance is 0.0002644699796931511
INFO:cooler._balance:variance is 0.00019723478360026935
INFO:cooler._balance:variance is 0.00014708258702697443
INFO:cooler._balance:variance is 0.00010968933109210326
INFO:cooler._balance:variance is 8.179855179474024e-05
INFO:cooler._balance:variance is 6.1002236915233196e-05
INFO:cooler._balance:variance is 4.5491428654418075e-05
INFO:cooler._balance:variance is 3.392559689810978e-05
INFO:cooler._balance:variance is 2.5299575952531276e-05
INFO:cooler._balance:variance is 1.8867289112462673e-05
INFO:cooler._balance:variance is 1.407008388336292e-05
INFO:cooler._balance:variance is 1.0492807649046609e-05
INFO:cooler._balance:variance is 7.824921069418828e-06
INFO:cooler._balance:chrM
