INFO:cooler.cli.balance:Balancing "analysis_other/porec/T2T04/cooler/T2T04_5000_balanced.cool"
INFO:cooler._balance:chr1
INFO:cooler._balance:variance is 24129.585345650958
INFO:cooler._balance:variance is 980.4726083565822
INFO:cooler._balance:variance is 201.45755270983344
INFO:cooler._balance:variance is 62.13752378997491
INFO:cooler._balance:variance is 19.870330117671628
INFO:cooler._balance:variance is 7.215576715957707
INFO:cooler._balance:variance is 2.6544781463429516
INFO:cooler._balance:variance is 1.0430871071246057
INFO:cooler._balance:variance is 0.41983288024564636
INFO:cooler._balance:variance is 0.17772630013484225
INFO:cooler._balance:variance is 0.07796954430030294
INFO:cooler._balance:variance is 0.03579204378342861
INFO:cooler._balance:variance is 0.01705062877005866
INFO:cooler._balance:variance is 0.008421632024189286
INFO:cooler._balance:variance is 0.004279306461452933
INFO:cooler._balance:variance is 0.0022264846591385024
INFO:cooler._balance:variance is 0.0011787221949093644
INFO:cooler._balance:variance is 0.0006323394610204969
INFO:cooler._balance:variance is 0.0003423896642832285
INFO:cooler._balance:variance is 0.0001866488146854654
INFO:cooler._balance:variance is 0.00010221985582030268
INFO:cooler._balance:variance is 5.616644875000574e-05
INFO:cooler._balance:variance is 3.0930289097935414e-05
INFO:cooler._balance:variance is 1.7059901322732535e-05
INFO:cooler._balance:variance is 9.419501839704125e-06
INFO:cooler._balance:chr2
INFO:cooler._balance:variance is 19213.95026815515
INFO:cooler._balance:variance is 1620.2680683582719
INFO:cooler._balance:variance is 489.75115906611296
INFO:cooler._balance:variance is 190.42267186075927
INFO:cooler._balance:variance is 70.03638829411449
INFO:cooler._balance:variance is 27.42030739895245
INFO:cooler._balance:variance is 10.539987562655533
INFO:cooler._balance:variance is 4.14391438615094
INFO:cooler._balance:variance is 1.623195270769442
INFO:cooler._balance:variance is 0.6424742969422733
INFO:cooler._balance:variance is 0.25464874890682965
INFO:cooler._balance:variance is 0.10156819950691753
INFO:cooler._balance:variance is 0.040634776224352305
INFO:cooler._balance:variance is 0.016333329930972466
INFO:cooler._balance:variance is 0.0065878791377798835
INFO:cooler._balance:variance is 0.0026675403427652623
INFO:cooler._balance:variance is 0.0010837372894420404
INFO:cooler._balance:variance is 0.0004417710680966473
INFO:cooler._balance:variance is 0.00018062788410983942
INFO:cooler._balance:variance is 7.406811906351677e-05
INFO:cooler._balance:variance is 3.0452785128689448e-05
INFO:cooler._balance:variance is 1.2551485516417584e-05
INFO:cooler._balance:variance is 5.184922304718455e-06
INFO:cooler._balance:chr3
INFO:cooler._balance:variance is 15661.712254308188
INFO:cooler._balance:variance is 1815.5225773609973
INFO:cooler._balance:variance is 633.5957365935789
INFO:cooler._balance:variance is 344.5624703888639
INFO:cooler._balance:variance is 149.83441001926386
INFO:cooler._balance:variance is 78.92779240766276
INFO:cooler._balance:variance is 36.92489556848709
INFO:cooler._balance:variance is 18.994481794656554
INFO:cooler._balance:variance is 9.197825287755059
INFO:cooler._balance:variance is 4.673088786268744
INFO:cooler._balance:variance is 2.3027358095461032
INFO:cooler._balance:variance is 1.1627567672058745
INFO:cooler._balance:variance is 0.5781822784974731
INFO:cooler._balance:variance is 0.2910962240678088
INFO:cooler._balance:variance is 0.14544083701598398
INFO:cooler._balance:variance is 0.07312839248674718
INFO:cooler._balance:variance is 0.036630746100326815
INFO:cooler._balance:variance is 0.018408223389842063
INFO:cooler._balance:variance is 0.009233727724700524
INFO:cooler._balance:variance is 0.004639443719367386
INFO:cooler._balance:variance is 0.002328997599272619
INFO:cooler._balance:variance is 0.001170167157422222
INFO:cooler._balance:variance is 0.0005876851201988091
INFO:cooler._balance:variance is 0.0002952833671507619
INFO:cooler._balance:variance is 0.0001483371534963157
INFO:cooler._balance:variance is 7.453604965401386e-05
INFO:cooler._balance:variance is 3.744954838296503e-05
INFO:cooler._balance:variance is 1.8818466938009754e-05
INFO:cooler._balance:variance is 9.456003507069298e-06
INFO:cooler._balance:chr4
INFO:cooler._balance:variance is 22148.542046634193
INFO:cooler._balance:variance is 4540.804795019593
INFO:cooler._balance:variance is 1458.2116689458007
INFO:cooler._balance:variance is 877.2625808775812
INFO:cooler._balance:variance is 351.8301253801919
INFO:cooler._balance:variance is 200.7018977105309
INFO:cooler._balance:variance is 90.00698743402793
INFO:cooler._balance:variance is 48.79144811766251
INFO:cooler._balance:variance is 23.215506245252385
INFO:cooler._balance:variance is 12.193941416948169
INFO:cooler._balance:variance is 5.982386352023787
INFO:cooler._balance:variance is 3.0877649776092944
INFO:cooler._balance:variance is 1.538674564428423
INFO:cooler._balance:variance is 0.7868244956216882
INFO:cooler._balance:variance is 0.39518823895900496
INFO:cooler._balance:variance is 0.20110792619224832
INFO:cooler._balance:variance is 0.10140991289575912
INFO:cooler._balance:variance is 0.051477646469013025
INFO:cooler._balance:variance is 0.02600986719167294
INFO:cooler._balance:variance is 0.0131861729966426
INFO:cooler._balance:variance is 0.006669221703207424
INFO:cooler._balance:variance is 0.003378864378409809
INFO:cooler._balance:variance is 0.001709807125704078
INFO:cooler._balance:variance is 0.000865959152705996
INFO:cooler._balance:variance is 0.00043831324113679707
INFO:cooler._balance:variance is 0.00022195294778222722
INFO:cooler._balance:variance is 0.00011235799336368757
INFO:cooler._balance:variance is 5.689088831149765e-05
INFO:cooler._balance:variance is 2.8801424303475832e-05
INFO:cooler._balance:variance is 1.4582555104688395e-05
INFO:cooler._balance:variance is 7.382766191313836e-06
INFO:cooler._balance:chr5
INFO:cooler._balance:variance is 62673.19031990476
INFO:cooler._balance:variance is 3105.8974816828104
INFO:cooler._balance:variance is 864.3780912335095
INFO:cooler._balance:variance is 329.70170807244875
INFO:cooler._balance:variance is 110.81012321128173
INFO:cooler._balance:variance is 41.54039154639423
INFO:cooler._balance:variance is 14.743003721852281
INFO:cooler._balance:variance is 5.468804505750543
INFO:cooler._balance:variance is 1.9895701998515278
INFO:cooler._balance:variance is 0.7384298563344874
INFO:cooler._balance:variance is 0.2728403660432455
INFO:cooler._balance:variance is 0.10195402539696345
INFO:cooler._balance:variance is 0.03817752742824006
INFO:cooler._balance:variance is 0.01441991865165627
INFO:cooler._balance:variance is 0.005476135857035706
INFO:cooler._balance:variance is 0.00209709281261316
INFO:cooler._balance:variance is 0.0008090704862643923
INFO:cooler._balance:variance is 0.0003149198476862727
INFO:cooler._balance:variance is 0.00012364565693352123
INFO:cooler._balance:variance is 4.90012981933325e-05
INFO:cooler._balance:variance is 1.959959204448503e-05
INFO:cooler._balance:variance is 7.91326958272588e-06
INFO:cooler._balance:chr6
INFO:cooler._balance:variance is 20174.694262865683
INFO:cooler._balance:variance is 1955.0296699630198
INFO:cooler._balance:variance is 873.6180966906992
INFO:cooler._balance:variance is 535.1745844464849
INFO:cooler._balance:variance is 280.2982774615235
INFO:cooler._balance:variance is 174.25018605715172
INFO:cooler._balance:variance is 95.96376984937805
INFO:cooler._balance:variance is 58.80691570808883
INFO:cooler._balance:variance is 33.29810076536981
INFO:cooler._balance:variance is 20.141309100274977
INFO:cooler._balance:variance is 11.596342749591853
INFO:cooler._balance:variance is 6.951069650317193
INFO:cooler._balance:variance is 4.042551746773284
INFO:cooler._balance:variance is 2.4089718087779155
INFO:cooler._balance:variance is 1.4094770529678569
INFO:cooler._balance:variance is 0.8368138194127713
INFO:cooler._balance:variance is 0.4913824796516227
INFO:cooler._balance:variance is 0.2910715653202478
INFO:cooler._balance:variance is 0.17128528641980534
INFO:cooler._balance:variance is 0.10132014697574808
INFO:cooler._balance:variance is 0.05969893381952085
INFO:cooler._balance:variance is 0.035283900016639495
INFO:cooler._balance:variance is 0.02080523808092888
INFO:cooler._balance:variance is 0.01229030360892982
INFO:cooler._balance:variance is 0.007250212230100688
INFO:cooler._balance:variance is 0.0042816262424649814
INFO:cooler._balance:variance is 0.002526446238583362
INFO:cooler._balance:variance is 0.0014917268444375024
INFO:cooler._balance:variance is 0.0008803539388155118
INFO:cooler._balance:variance is 0.0005197441337574519
INFO:cooler._balance:variance is 0.00030675870014093684
INFO:cooler._balance:variance is 0.00018109282151263856
INFO:cooler._balance:variance is 0.00010688866761303932
INFO:cooler._balance:variance is 6.309855469242852e-05
INFO:cooler._balance:variance is 3.724461281407913e-05
INFO:cooler._balance:variance is 2.19857538463997e-05
INFO:cooler._balance:variance is 1.2977571687174094e-05
INFO:cooler._balance:variance is 7.660647748841208e-06
INFO:cooler._balance:chr7
INFO:cooler._balance:variance is 16244.860308562773
INFO:cooler._balance:variance is 1471.6941925461638
INFO:cooler._balance:variance is 490.32234582839317
INFO:cooler._balance:variance is 219.93644534249268
INFO:cooler._balance:variance is 90.14054626537448
INFO:cooler._balance:variance is 40.8425285818547
INFO:cooler._balance:variance is 17.568780171168353
INFO:cooler._balance:variance is 7.893671905403327
INFO:cooler._balance:variance is 3.4600453296857148
INFO:cooler._balance:variance is 1.5466706851507506
INFO:cooler._balance:variance is 0.6836918511464531
INFO:cooler._balance:variance is 0.3049424896716562
INFO:cooler._balance:variance is 0.1353497037009862
INFO:cooler._balance:variance is 0.060327551976565766
INFO:cooler._balance:variance is 0.026834516586158774
INFO:cooler._balance:variance is 0.01196056770663726
INFO:cooler._balance:variance is 0.005326950156429056
INFO:cooler._balance:variance is 0.0023749614058652876
INFO:cooler._balance:variance is 0.0010586226180354574
INFO:cooler._balance:variance is 0.0004721472861896444
INFO:cooler._balance:variance is 0.0002105811375458646
INFO:cooler._balance:variance is 9.395446641401332e-05
INFO:cooler._balance:variance is 4.192362318110688e-05
INFO:cooler._balance:variance is 1.871145923003325e-05
INFO:cooler._balance:variance is 8.352399690250297e-06
INFO:cooler._balance:chrX
INFO:cooler._balance:variance is 4188.092741862606
INFO:cooler._balance:variance is 336.7009611947721
INFO:cooler._balance:variance is 98.86522390389892
INFO:cooler._balance:variance is 45.46867192139557
INFO:cooler._balance:variance is 17.690899682668146
INFO:cooler._balance:variance is 8.482881805359787
INFO:cooler._balance:variance is 3.6087879127955174
INFO:cooler._balance:variance is 1.7308193435827446
INFO:cooler._balance:variance is 0.7753602779990842
INFO:cooler._balance:variance is 0.3711766309049502
INFO:cooler._balance:variance is 0.1715259278154344
INFO:cooler._balance:variance is 0.082122469719404
INFO:cooler._balance:variance is 0.0386496638471916
INFO:cooler._balance:variance is 0.018530065276602118
INFO:cooler._balance:variance is 0.00881418730127864
INFO:cooler._balance:variance is 0.0042333674928793
INFO:cooler._balance:variance is 0.00202639541381529
INFO:cooler._balance:variance is 0.0009749611171994174
INFO:cooler._balance:variance is 0.0004684994459869629
INFO:cooler._balance:variance is 0.0002257646737186719
INFO:cooler._balance:variance is 0.00010876399098273736
INFO:cooler._balance:variance is 5.248500068892445e-05
INFO:cooler._balance:variance is 2.5331225227826148e-05
INFO:cooler._balance:variance is 1.2238937412243644e-05
INFO:cooler._balance:variance is 5.915390110725787e-06
INFO:cooler._balance:chr9
INFO:cooler._balance:variance is 13949.291224298036
INFO:cooler._balance:variance is 2217.4551594609406
INFO:cooler._balance:variance is 582.0503417620365
INFO:cooler._balance:variance is 224.57975627220193
INFO:cooler._balance:variance is 91.13407104250184
INFO:cooler._balance:variance is 40.439609990289426
INFO:cooler._balance:variance is 18.425667566974536
INFO:cooler._balance:variance is 8.636298620932761
INFO:cooler._balance:variance is 4.103072048368173
INFO:cooler._balance:variance is 1.982392319844404
INFO:cooler._balance:variance is 0.9702549803282952
INFO:cooler._balance:variance is 0.4835960517941948
INFO:cooler._balance:variance is 0.24535887946230067
INFO:cooler._balance:variance is 0.12751183430481935
INFO:cooler._balance:variance is 0.06790170280927445
INFO:cooler._balance:variance is 0.0372440199481809
INFO:cooler._balance:variance is 0.021015124947338235
INFO:cooler._balance:variance is 0.012223329315248953
INFO:cooler._balance:variance is 0.0072999196003676065
INFO:cooler._balance:variance is 0.004470926934784182
INFO:cooler._balance:variance is 0.0027933870761705933
INFO:cooler._balance:variance is 0.0017759794282181725
INFO:cooler._balance:variance is 0.0011436218198856145
INFO:cooler._balance:variance is 0.0007442636792343997
INFO:cooler._balance:variance is 0.00048791991092233606
INFO:cooler._balance:variance is 0.0003217747018352412
INFO:cooler._balance:variance is 0.00021304076726384554
INFO:cooler._balance:variance is 0.0001415016769008351
INFO:cooler._balance:variance is 9.417677476085256e-05
INFO:cooler._balance:variance is 6.278516016207004e-05
INFO:cooler._balance:variance is 4.190026645667948e-05
INFO:cooler._balance:variance is 2.7987135279051187e-05
INFO:cooler._balance:variance is 1.8703472690225636e-05
INFO:cooler._balance:variance is 1.2505050735157298e-05
INFO:cooler._balance:variance is 8.362912991972174e-06
INFO:cooler._balance:chr8
INFO:cooler._balance:variance is 14871.32084853865
INFO:cooler._balance:variance is 3556.4756040334496
INFO:cooler._balance:variance is 1000.7781504105093
INFO:cooler._balance:variance is 746.1052098554633
INFO:cooler._balance:variance is 276.39346615866367
INFO:cooler._balance:variance is 191.63435281096585
INFO:cooler._balance:variance is 83.52807909340005
INFO:cooler._balance:variance is 53.30041610427457
INFO:cooler._balance:variance is 25.69368374148244
INFO:cooler._balance:variance is 15.457102508315218
INFO:cooler._balance:variance is 7.906587120462002
INFO:cooler._balance:variance is 4.585844886137104
INFO:cooler._balance:variance is 2.426532488242174
INFO:cooler._balance:variance is 1.377571563726559
INFO:cooler._balance:variance is 0.7429053704568057
INFO:cooler._balance:variance is 0.4166334296759211
INFO:cooler._balance:variance is 0.22707230431847045
INFO:cooler._balance:variance is 0.12647314345164018
INFO:cooler._balance:variance is 0.06933470854907794
INFO:cooler._balance:variance is 0.0384695421568479
INFO:cooler._balance:variance is 0.021157980665933072
INFO:cooler._balance:variance is 0.011714212976110057
INFO:cooler._balance:variance is 0.006454249812690937
INFO:cooler._balance:variance is 0.0035691948694963446
INFO:cooler._balance:variance is 0.0019684789894793683
INFO:cooler._balance:variance is 0.0010878534270905961
INFO:cooler._balance:variance is 0.0006002980910056071
INFO:cooler._balance:variance is 0.0003316262793249367
INFO:cooler._balance:variance is 0.00018305253653237033
INFO:cooler._balance:variance is 0.0001011045196338276
INFO:cooler._balance:variance is 5.581735364241413e-05
INFO:cooler._balance:variance is 3.082590871067061e-05
INFO:cooler._balance:variance is 1.70197906717893e-05
INFO:cooler._balance:variance is 9.39883966787151e-06
INFO:cooler._balance:chr11
INFO:cooler._balance:variance is 12712.409262680267
INFO:cooler._balance:variance is 1734.7666210967282
INFO:cooler._balance:variance is 757.8715667465007
INFO:cooler._balance:variance is 474.77710286417084
INFO:cooler._balance:variance is 259.69656081093973
INFO:cooler._balance:variance is 167.4705991704547
INFO:cooler._balance:variance is 97.20473533115634
INFO:cooler._balance:variance is 62.38452481517677
INFO:cooler._balance:variance is 37.24208230865893
INFO:cooler._balance:variance is 23.726735367121684
INFO:cooler._balance:variance is 14.397268798452505
INFO:cooler._balance:variance is 9.114977733881322
INFO:cooler._balance:variance is 5.587299695429808
INFO:cooler._balance:variance is 3.520572998882552
INFO:cooler._balance:variance is 2.1719522705607406
INFO:cooler._balance:variance is 1.3639279605415087
INFO:cooler._balance:variance is 0.8448895139344718
INFO:cooler._balance:variance is 0.5293368309114762
INFO:cooler._balance:variance is 0.3287468456021431
INFO:cooler._balance:variance is 0.20564517349851733
INFO:cooler._balance:variance is 0.12792468264703835
INFO:cooler._balance:variance is 0.07994056553989541
INFO:cooler._balance:variance is 0.049779030963015045
INFO:cooler._balance:variance is 0.03108643751805874
INFO:cooler._balance:variance is 0.01936991338675395
INFO:cooler._balance:variance is 0.012091123980061095
INFO:cooler._balance:variance is 0.007536968358772382
INFO:cooler._balance:variance is 0.004703456584853103
INFO:cooler._balance:variance is 0.0029326160562045604
INFO:cooler._balance:variance is 0.0018297859633783738
INFO:cooler._balance:variance is 0.0011410525902215097
INFO:cooler._balance:variance is 0.0007118738185531812
INFO:cooler._balance:variance is 0.0004439665831200298
INFO:cooler._balance:variance is 0.000276960293545161
INFO:cooler._balance:variance is 0.0001727391743943732
INFO:cooler._balance:variance is 0.00010775541115853178
INFO:cooler._balance:variance is 6.720918579957435e-05
INFO:cooler._balance:variance is 4.192421595970542e-05
INFO:cooler._balance:variance is 2.6149571956463497e-05
INFO:cooler._balance:variance is 1.6311481462946077e-05
INFO:cooler._balance:variance is 1.0174177701421806e-05
INFO:cooler._balance:variance is 6.346341563551362e-06
INFO:cooler._balance:chr10
INFO:cooler._balance:variance is 174316.90083118886
INFO:cooler._balance:variance is 1088.1059253284202
INFO:cooler._balance:variance is 335.0811086399871
INFO:cooler._balance:variance is 132.72868690129317
INFO:cooler._balance:variance is 52.112545535885964
INFO:cooler._balance:variance is 21.641173718310732
INFO:cooler._balance:variance is 8.87090362287027
INFO:cooler._balance:variance is 3.7118068907330715
INFO:cooler._balance:variance is 1.5435036569094005
INFO:cooler._balance:variance is 0.6472435171160617
INFO:cooler._balance:variance is 0.27075033563593415
INFO:cooler._balance:variance is 0.11367062223813747
INFO:cooler._balance:variance is 0.04768336992671176
INFO:cooler._balance:variance is 0.020035771446978302
INFO:cooler._balance:variance is 0.008416941853520592
INFO:cooler._balance:variance is 0.0035387604963105913
INFO:cooler._balance:variance is 0.0014878312643416608
INFO:cooler._balance:variance is 0.0006258054889620769
INFO:cooler._balance:variance is 0.0002632463544813836
INFO:cooler._balance:variance is 0.00011076285651339102
INFO:cooler._balance:variance is 4.660931136655272e-05
INFO:cooler._balance:variance is 1.9616749574620455e-05
INFO:cooler._balance:variance is 8.257171987637084e-06
INFO:cooler._balance:chr12
INFO:cooler._balance:variance is 16433.347498279152
INFO:cooler._balance:variance is 1458.6346033893599
INFO:cooler._balance:variance is 579.2338995555426
INFO:cooler._balance:variance is 291.88299516930124
INFO:cooler._balance:variance is 140.09693645648204
INFO:cooler._balance:variance is 73.63954665354545
INFO:cooler._balance:variance is 37.29348626547126
INFO:cooler._balance:variance is 19.789226880925355
INFO:cooler._balance:variance is 10.264446655946413
INFO:cooler._balance:variance is 5.459804038213489
INFO:cooler._balance:variance is 2.866235849478356
INFO:cooler._balance:variance is 1.5255345403130747
INFO:cooler._balance:variance is 0.8059883576478079
INFO:cooler._balance:variance is 0.42904917729890124
INFO:cooler._balance:variance is 0.22746651913806623
INFO:cooler._balance:variance is 0.12109230129485367
INFO:cooler._balance:variance is 0.06432085158688025
INFO:cooler._balance:variance is 0.034242291333821694
INFO:cooler._balance:variance is 0.018207631504034986
INFO:cooler._balance:variance is 0.009693384023188076
INFO:cooler._balance:variance is 0.005157255405266898
INFO:cooler._balance:variance is 0.0027456855451208602
INFO:cooler._balance:variance is 0.0014612841904782664
INFO:cooler._balance:variance is 0.000777992824896067
INFO:cooler._balance:variance is 0.0004141313665493612
INFO:cooler._balance:variance is 0.00022048851870752042
INFO:cooler._balance:variance is 0.00011737960796442703
INFO:cooler._balance:variance is 6.249506310638316e-05
INFO:cooler._balance:variance is 3.327187362278233e-05
INFO:cooler._balance:variance is 1.7714709717749383e-05
INFO:cooler._balance:variance is 9.43147583004772e-06
INFO:cooler._balance:chr13
INFO:cooler._balance:variance is 21959.729533963953
INFO:cooler._balance:variance is 2228.8345088589094
INFO:cooler._balance:variance is 591.1580047612821
INFO:cooler._balance:variance is 343.7809528962939
INFO:cooler._balance:variance is 122.73291986294117
INFO:cooler._balance:variance is 65.95759707506832
INFO:cooler._balance:variance is 26.991167996685974
INFO:cooler._balance:variance is 13.699017437111458
INFO:cooler._balance:variance is 6.020379734956071
INFO:cooler._balance:variance is 2.954551471038301
INFO:cooler._balance:variance is 1.3471360685573035
INFO:cooler._balance:variance is 0.6491395729907296
INFO:cooler._balance:variance is 0.3015336939048639
INFO:cooler._balance:variance is 0.14393209767212106
INFO:cooler._balance:variance is 0.06747940807989689
INFO:cooler._balance:variance is 0.03205847324726387
INFO:cooler._balance:variance is 0.015098433504446509
INFO:cooler._balance:variance is 0.007156557479187348
INFO:cooler._balance:variance is 0.003377999565041324
INFO:cooler._balance:variance is 0.0015993894191754037
INFO:cooler._balance:variance is 0.0007557564703638819
INFO:cooler._balance:variance is 0.00035764522994784394
INFO:cooler._balance:variance is 0.000169087563998223
INFO:cooler._balance:variance is 7.999806363016762e-05
INFO:cooler._balance:variance is 3.783147865013545e-05
INFO:cooler._balance:variance is 1.7896808716875984e-05
INFO:cooler._balance:variance is 8.46461370073219e-06
INFO:cooler._balance:chr14
INFO:cooler._balance:variance is 11978.996917295144
INFO:cooler._balance:variance is 2094.527861545014
INFO:cooler._balance:variance is 600.4509784625996
INFO:cooler._balance:variance is 251.7040985740832
INFO:cooler._balance:variance is 94.37497313849927
INFO:cooler._balance:variance is 43.10123376530972
INFO:cooler._balance:variance is 18.043566962625967
INFO:cooler._balance:variance is 8.861869320389104
INFO:cooler._balance:variance is 4.039785926762012
INFO:cooler._balance:variance is 2.1478408975571495
INFO:cooler._balance:variance is 1.068704221730848
INFO:cooler._balance:variance is 0.6141337836167113
INFO:cooler._balance:variance is 0.33248145271804047
INFO:cooler._balance:variance is 0.20263754089607355
INFO:cooler._balance:variance is 0.11727832875437379
INFO:cooler._balance:variance is 0.0739701737835856
INFO:cooler._balance:variance is 0.044753194694407035
INFO:cooler._balance:variance is 0.028683943469023965
INFO:cooler._balance:variance is 0.017821261897417104
INFO:cooler._balance:variance is 0.011492526469742992
INFO:cooler._balance:variance is 0.0072495646610572445
INFO:cooler._balance:variance is 0.004682871531825822
INFO:cooler._balance:variance is 0.002979558672828663
INFO:cooler._balance:variance is 0.0019245805235892691
INFO:cooler._balance:variance is 0.0012306190449731234
INFO:cooler._balance:variance is 0.0007944640019234947
INFO:cooler._balance:variance is 0.0005094695330760919
INFO:cooler._balance:variance is 0.0003287137330632558
INFO:cooler._balance:variance is 0.0002111605334075394
INFO:cooler._balance:variance is 0.00013617786929953025
INFO:cooler._balance:variance is 8.757082784844999e-05
INFO:cooler._balance:variance is 5.6454933148774565e-05
INFO:cooler._balance:variance is 3.632781336710825e-05
INFO:cooler._balance:variance is 2.3414062534862247e-05
INFO:cooler._balance:variance is 1.5072784211288562e-05
INFO:cooler._balance:variance is 9.713167348525172e-06
INFO:cooler._balance:chr15
INFO:cooler._balance:variance is 17165.575396190296
INFO:cooler._balance:variance is 1903.8586950935849
INFO:cooler._balance:variance is 601.6475061428976
INFO:cooler._balance:variance is 274.38280934638215
INFO:cooler._balance:variance is 120.09474710579318
INFO:cooler._balance:variance is 58.84989392859094
INFO:cooler._balance:variance is 28.047365239647984
INFO:cooler._balance:variance is 14.337962192260743
INFO:cooler._balance:variance is 7.128065349465809
INFO:cooler._balance:variance is 3.7632229651357965
INFO:cooler._balance:variance is 1.9295701105810592
INFO:cooler._balance:variance is 1.0458907392299253
INFO:cooler._balance:variance is 0.5517118303064524
INFO:cooler._balance:variance is 0.3061158676972093
INFO:cooler._balance:variance is 0.16609012705424106
INFO:cooler._balance:variance is 0.0941714024767094
INFO:cooler._balance:variance is 0.05251688783717988
INFO:cooler._balance:variance is 0.03037330650026974
INFO:cooler._balance:variance is 0.017370839382800745
INFO:cooler._balance:variance is 0.010222619651021392
INFO:cooler._balance:variance is 0.005973940088516935
INFO:cooler._balance:variance is 0.003566502130049885
INFO:cooler._balance:variance is 0.002120520936467417
INFO:cooler._balance:variance is 0.0012802757266704929
INFO:cooler._balance:variance is 0.0007712247108552774
INFO:cooler._balance:variance is 0.00046955040013106104
INFO:cooler._balance:variance is 0.00028554320397490465
INFO:cooler._balance:variance is 0.0001749008317096037
INFO:cooler._balance:variance is 0.00010706922248306209
INFO:cooler._balance:variance is 6.585953869469609e-05
INFO:cooler._balance:variance is 4.050107723125771e-05
INFO:cooler._balance:variance is 2.498507821137346e-05
INFO:cooler._balance:variance is 1.541203853350846e-05
INFO:cooler._balance:variance is 9.526395387167991e-06
INFO:cooler._balance:chr16
INFO:cooler._balance:variance is 11648.01762588168
INFO:cooler._balance:variance is 2016.6067647957038
INFO:cooler._balance:variance is 693.2736714723671
INFO:cooler._balance:variance is 331.1186138039272
INFO:cooler._balance:variance is 154.90461046868035
INFO:cooler._balance:variance is 80.54711177911327
INFO:cooler._balance:variance is 42.26534696972809
INFO:cooler._balance:variance is 23.4221447869432
INFO:cooler._balance:variance is 13.277498659767888
INFO:cooler._balance:variance is 7.772061105148996
INFO:cooler._balance:variance is 4.662523941592982
INFO:cooler._balance:variance is 2.8488311638575463
INFO:cooler._balance:variance is 1.7764554590496184
INFO:cooler._balance:variance is 1.1182227015010138
INFO:cooler._balance:variance is 0.7143416531372918
INFO:cooler._balance:variance is 0.45822089295627777
INFO:cooler._balance:variance is 0.29687176947252086
INFO:cooler._balance:variance is 0.19259929653993424
INFO:cooler._balance:variance is 0.125766408783907
INFO:cooler._balance:variance is 0.08213318871033744
INFO:cooler._balance:variance is 0.05386291572628163
INFO:cooler._balance:variance is 0.03531003773583967
INFO:cooler._balance:variance is 0.023209706069582205
INFO:cooler._balance:variance is 0.015248616469871258
INFO:cooler._balance:variance is 0.010035412485392267
INFO:cooler._balance:variance is 0.0066015557690667715
INFO:cooler._balance:variance is 0.004347442718155333
INFO:cooler._balance:variance is 0.0028619679073985074
INFO:cooler._balance:variance is 0.0018853912439979305
INFO:cooler._balance:variance is 0.001241708389513723
INFO:cooler._balance:variance is 0.0008181529600921897
INFO:cooler._balance:variance is 0.0005389681543083815
INFO:cooler._balance:variance is 0.0003551555382611
INFO:cooler._balance:variance is 0.00023399839469033314
INFO:cooler._balance:variance is 0.00015420170500659084
INFO:cooler._balance:variance is 0.00010160681129530245
INFO:cooler._balance:variance is 6.695909652643286e-05
INFO:cooler._balance:variance is 4.412319889219016e-05
INFO:cooler._balance:variance is 2.907762047836799e-05
INFO:cooler._balance:variance is 1.916155335950163e-05
INFO:cooler._balance:variance is 1.2627720649046391e-05
INFO:cooler._balance:variance is 8.32157733270045e-06
INFO:cooler._balance:chr17
INFO:cooler._balance:variance is 16594.735454950278
INFO:cooler._balance:variance is 6430.890641941816
INFO:cooler._balance:variance is 2907.548640961311
INFO:cooler._balance:variance is 1844.0228167375858
INFO:cooler._balance:variance is 967.4812094860862
INFO:cooler._balance:variance is 587.5978870573213
INFO:cooler._balance:variance is 326.4525111129274
INFO:cooler._balance:variance is 194.17050621339968
INFO:cooler._balance:variance is 110.77749279634986
INFO:cooler._balance:variance is 65.28127830200474
INFO:cooler._balance:variance is 37.72108116720495
INFO:cooler._balance:variance is 22.13974644236775
INFO:cooler._balance:variance is 12.872847195392723
INFO:cooler._balance:variance is 7.542483782634362
INFO:cooler._balance:variance is 4.399168309984398
INFO:cooler._balance:variance is 2.575709939916561
INFO:cooler._balance:variance is 1.504688308826019
INFO:cooler._balance:variance is 0.8807394697838439
INFO:cooler._balance:variance is 0.5149447641561041
INFO:cooler._balance:variance is 0.3013809542048137
INFO:cooler._balance:variance is 0.17628859646504239
INFO:cooler._balance:variance is 0.10317303971271517
INFO:cooler._balance:variance is 0.06036453863630775
INFO:cooler._balance:variance is 0.035328331509451825
INFO:cooler._balance:variance is 0.020672783694073403
INFO:cooler._balance:variance is 0.012098830631159827
INFO:cooler._balance:variance is 0.007080332413720052
INFO:cooler._balance:variance is 0.004143830003009055
INFO:cooler._balance:variance is 0.002425114240228541
INFO:cooler._balance:variance is 0.0014193314939417907
INFO:cooler._balance:variance is 0.0008306650300245019
INFO:cooler._balance:variance is 0.0004861610513471923
INFO:cooler._balance:variance is 0.00028453081746882594
INFO:cooler._balance:variance is 0.0001665272992631098
INFO:cooler._balance:variance is 9.746279252969118e-05
INFO:cooler._balance:variance is 5.7042205400209394e-05
INFO:cooler._balance:variance is 3.338507188986148e-05
INFO:cooler._balance:variance is 1.953937586811e-05
INFO:cooler._balance:variance is 1.1435845686637448e-05
INFO:cooler._balance:variance is 6.693099424667766e-06
INFO:cooler._balance:chr18
INFO:cooler._balance:variance is 9948.664754539208
INFO:cooler._balance:variance is 1165.0079195198011
INFO:cooler._balance:variance is 339.5237514699953
INFO:cooler._balance:variance is 119.28711465932496
INFO:cooler._balance:variance is 41.84009839948057
INFO:cooler._balance:variance is 15.57874251492948
INFO:cooler._balance:variance is 5.786010826471736
INFO:cooler._balance:variance is 2.2025405411097068
INFO:cooler._balance:variance is 0.8375979410795501
INFO:cooler._balance:variance is 0.32191586827530555
INFO:cooler._balance:variance is 0.12371270282572339
INFO:cooler._balance:variance is 0.047763428831416425
INFO:cooler._balance:variance is 0.018444812520245584
INFO:cooler._balance:variance is 0.007137524192419911
INFO:cooler._balance:variance is 0.002762669989245849
INFO:cooler._balance:variance is 0.0010703301095672222
INFO:cooler._balance:variance is 0.00041475272604466027
INFO:cooler._balance:variance is 0.00016078710758415718
INFO:cooler._balance:variance is 6.234024695916573e-05
INFO:cooler._balance:variance is 2.4175619516095963e-05
INFO:cooler._balance:variance is 9.376081470060859e-06
INFO:cooler._balance:chr20
INFO:cooler._balance:variance is 11182.711868521961
INFO:cooler._balance:variance is 1904.2159958319226
INFO:cooler._balance:variance is 787.5690647826852
INFO:cooler._balance:variance is 382.4888944547291
INFO:cooler._balance:variance is 200.1354340786486
INFO:cooler._balance:variance is 109.7106012826647
INFO:cooler._balance:variance is 62.04568584294504
INFO:cooler._balance:variance is 35.83838728132101
INFO:cooler._balance:variance is 21.07649350728734
INFO:cooler._balance:variance is 12.499147903550911
INFO:cooler._balance:variance is 7.503125716675123
INFO:cooler._balance:variance is 4.513401040133071
INFO:cooler._balance:variance is 2.7375103975261843
INFO:cooler._balance:variance is 1.6595980316722023
INFO:cooler._balance:variance is 1.0116251712575997
INFO:cooler._balance:variance is 0.6159140310461988
INFO:cooler._balance:variance is 0.37630647470419787
INFO:cooler._balance:variance is 0.2296441125639258
INFO:cooler._balance:variance is 0.14045141242898074
INFO:cooler._balance:variance is 0.08582111554718547
INFO:cooler._balance:variance is 0.05251175637051342
INFO:cooler._balance:variance is 0.03210916596686355
INFO:cooler._balance:variance is 0.019650219804480125
INFO:cooler._balance:variance is 0.012020096243260144
INFO:cooler._balance:variance is 0.007356522182017027
INFO:cooler._balance:variance is 0.004500973507361302
INFO:cooler._balance:variance is 0.0027547179821259117
INFO:cooler._balance:variance is 0.001685634140238178
INFO:cooler._balance:variance is 0.001031651089171244
INFO:cooler._balance:variance is 0.000631318480745029
INFO:cooler._balance:variance is 0.000386380242736828
INFO:cooler._balance:variance is 0.0002364543686331705
INFO:cooler._balance:variance is 0.00014471403857938445
INFO:cooler._balance:variance is 8.856307928725971e-05
INFO:cooler._balance:variance is 5.420178119116455e-05
INFO:cooler._balance:variance is 3.3171198013536874e-05
INFO:cooler._balance:variance is 2.0301129787928344e-05
INFO:cooler._balance:variance is 1.2424274484614447e-05
INFO:cooler._balance:variance is 7.603767784126793e-06
INFO:cooler._balance:chrY
INFO:cooler._balance:variance is 8400.410072870029
INFO:cooler._balance:variance is 11349.462707860397
INFO:cooler._balance:variance is 7798.465480478055
INFO:cooler._balance:variance is 10257.74147089391
INFO:cooler._balance:variance is 6570.477125279524
INFO:cooler._balance:variance is 7171.679359085334
INFO:cooler._balance:variance is 4459.529665380029
INFO:cooler._balance:variance is 4307.912779788031
INFO:cooler._balance:variance is 2709.5260214438135
INFO:cooler._balance:variance is 2414.712073589073
INFO:cooler._balance:variance is 1558.4982406672332
INFO:cooler._balance:variance is 1314.464071196674
INFO:cooler._balance:variance is 872.3297490947011
INFO:cooler._balance:variance is 707.8467758923089
INFO:cooler._balance:variance is 481.57697691648934
INFO:cooler._balance:variance is 380.1984903553525
INFO:cooler._balance:variance is 263.98052158094515
INFO:cooler._balance:variance is 204.3765512081705
INFO:cooler._balance:variance is 144.17125743556772
INFO:cooler._balance:variance is 110.07685410756724
INFO:cooler._balance:variance is 78.5871547276135
INFO:cooler._balance:variance is 59.41163407865052
INFO:cooler._balance:variance is 42.79477603365753
INFO:cooler._balance:variance is 32.12592771374872
INFO:cooler._balance:variance is 23.291970605816413
INFO:cooler._balance:variance is 17.39796334125445
INFO:cooler._balance:variance is 12.673826464678546
INFO:cooler._balance:variance is 9.433058884649535
INFO:cooler._balance:variance is 6.895283729837562
INFO:cooler._balance:variance is 5.119087525214724
INFO:cooler._balance:variance is 3.7511835924748422
INFO:cooler._balance:variance is 2.7798312882400538
INFO:cooler._balance:variance is 2.040660159937611
INFO:cooler._balance:variance is 1.510266491937669
INFO:cooler._balance:variance is 1.1101104176731578
INFO:cooler._balance:variance is 0.8208063622642925
INFO:cooler._balance:variance is 0.6038902417528278
INFO:cooler._balance:variance is 0.4462083041402906
INFO:cooler._balance:variance is 0.32850925264770225
INFO:cooler._balance:variance is 0.2426127720844204
INFO:cooler._balance:variance is 0.1787045301058511
INFO:cooler._balance:variance is 0.13193089448266726
INFO:cooler._balance:variance is 0.09721250560607048
INFO:cooler._balance:variance is 0.07174971163398927
INFO:cooler._balance:variance is 0.052881950679979216
INFO:cooler._balance:variance is 0.03902321968011615
INFO:cooler._balance:variance is 0.02876680674809209
INFO:cooler._balance:variance is 0.021224968592533974
INFO:cooler._balance:variance is 0.015648575526806083
INFO:cooler._balance:variance is 0.011544791775819498
INFO:cooler._balance:variance is 0.008512498415807649
INFO:cooler._balance:variance is 0.006279658009724498
INFO:cooler._balance:variance is 0.0046306128748896
INFO:cooler._balance:variance is 0.0034158097487865993
INFO:cooler._balance:variance is 0.002518948095930117
INFO:cooler._balance:variance is 0.001858048134737735
INFO:cooler._balance:variance is 0.0013702486553289438
INFO:cooler._balance:variance is 0.001010704696820036
INFO:cooler._balance:variance is 0.0007453822922021432
INFO:cooler._balance:variance is 0.0005497870621424538
INFO:cooler._balance:variance is 0.00040546966239124753
INFO:cooler._balance:variance is 0.0002990658641659532
INFO:cooler._balance:variance is 0.0002205653777784607
INFO:cooler._balance:variance is 0.00016268244390816436
INFO:cooler._balance:variance is 0.00011998199087175994
INFO:cooler._balance:variance is 8.849436652743294e-05
INFO:cooler._balance:variance is 6.526714010506317e-05
INFO:cooler._balance:variance is 4.8138366837700494e-05
INFO:cooler._balance:variance is 3.5503644970054925e-05
INFO:cooler._balance:variance is 2.618590882693209e-05
INFO:cooler._balance:variance is 1.9313063805658446e-05
INFO:cooler._balance:variance is 1.4244406694955176e-05
INFO:cooler._balance:variance is 1.050580439202854e-05
INFO:cooler._balance:variance is 7.748566742004685e-06
INFO:cooler._balance:chr19
INFO:cooler._balance:variance is 30935.958925036317
INFO:cooler._balance:variance is 15845.31018149596
INFO:cooler._balance:variance is 5152.372517778578
INFO:cooler._balance:variance is 3423.756539314654
INFO:cooler._balance:variance is 1403.9610073453937
INFO:cooler._balance:variance is 845.2207910343097
INFO:cooler._balance:variance is 396.4435691810177
INFO:cooler._balance:variance is 227.24715847124088
INFO:cooler._balance:variance is 115.14434112041319
INFO:cooler._balance:variance is 64.64151000304311
INFO:cooler._balance:variance is 34.200690893102625
INFO:cooler._balance:variance is 19.06181959618324
INFO:cooler._balance:variance is 10.33058100470643
INFO:cooler._balance:variance is 5.749205268800075
INFO:cooler._balance:variance is 3.157869537842502
INFO:cooler._balance:variance is 1.7583965809195705
INFO:cooler._balance:variance is 0.9731720209056071
INFO:cooler._balance:variance is 0.5424568214838154
INFO:cooler._balance:variance is 0.30151973123273645
INFO:cooler._balance:variance is 0.16823423926778888
INFO:cooler._balance:variance is 0.09374579633884597
INFO:cooler._balance:variance is 0.05234545833740219
INFO:cooler._balance:variance is 0.029211439965191557
INFO:cooler._balance:variance is 0.016319800397194828
INFO:cooler._balance:variance is 0.009115184290129292
INFO:cooler._balance:variance is 0.005094334498388201
INFO:cooler._balance:variance is 0.0028468387060498444
INFO:cooler._balance:variance is 0.0015914432495562699
INFO:cooler._balance:variance is 0.0008896141281049977
INFO:cooler._balance:variance is 0.0004973925591550052
INFO:cooler._balance:variance is 0.0002780939061255817
INFO:cooler._balance:variance is 0.0001555012054235488
INFO:cooler._balance:variance is 8.695119335646787e-05
INFO:cooler._balance:variance is 4.862351967949394e-05
INFO:cooler._balance:variance is 2.7190576251877445e-05
INFO:cooler._balance:variance is 1.5205734637098129e-05
INFO:cooler._balance:variance is 8.503503778671406e-06
INFO:cooler._balance:chr22
INFO:cooler._balance:variance is 14840.87855878732
INFO:cooler._balance:variance is 8578.728894581234
INFO:cooler._balance:variance is 2791.8529094945516
INFO:cooler._balance:variance is 2466.108576597908
INFO:cooler._balance:variance is 1103.5322640199436
INFO:cooler._balance:variance is 894.9375586511859
INFO:cooler._balance:variance is 461.19079839816663
INFO:cooler._balance:variance is 347.5365474258632
INFO:cooler._balance:variance is 194.96066317163758
INFO:cooler._balance:variance is 139.4854619411083
INFO:cooler._balance:variance is 82.49207627230099
INFO:cooler._balance:variance is 57.04405752395066
INFO:cooler._balance:variance is 34.877943543823285
INFO:cooler._balance:variance is 23.59884290825555
INFO:cooler._balance:variance is 14.739081920485118
INFO:cooler._balance:variance is 9.835399169105298
INFO:cooler._balance:variance is 6.228207662998259
INFO:cooler._balance:variance is 4.119553206377714
INFO:cooler._balance:variance is 2.632456894224614
INFO:cooler._balance:variance is 1.7314062629154352
INFO:cooler._balance:variance is 1.113100971851147
INFO:cooler._balance:variance is 0.7294676607364434
INFO:cooler._balance:variance is 0.4708795465230164
INFO:cooler._balance:variance is 0.30787995120326567
INFO:cooler._balance:variance is 0.19929151221011662
INFO:cooler._balance:variance is 0.13011441619251107
INFO:cooler._balance:variance is 0.08438394977371151
INFO:cooler._balance:variance is 0.05504238693095742
INFO:cooler._balance:variance is 0.03574415949926854
INFO:cooler._balance:variance is 0.02330212920660774
INFO:cooler._balance:variance is 0.015146229709286016
INFO:cooler._balance:variance is 0.009870661994354312
INFO:cooler._balance:variance is 0.006420049754508816
INFO:cooler._balance:variance is 0.004183060811113805
INFO:cooler._balance:variance is 0.002722000504208243
INFO:cooler._balance:variance is 0.0017733638218916541
INFO:cooler._balance:variance is 0.0011543496827715759
INFO:cooler._balance:variance is 0.0007520136840953562
INFO:cooler._balance:variance is 0.0004896338252784331
INFO:cooler._balance:variance is 0.0003189727961256033
INFO:cooler._balance:variance is 0.0002077197139072537
INFO:cooler._balance:variance is 0.00013532024077352584
INFO:cooler._balance:variance is 8.813442312100599e-05
INFO:cooler._balance:variance is 5.7416722374730475e-05
INFO:cooler._balance:variance is 3.739950549628955e-05
INFO:cooler._balance:variance is 2.4365142914223453e-05
INFO:cooler._balance:variance is 1.5871972791270803e-05
INFO:cooler._balance:variance is 1.0340588315421967e-05
INFO:cooler._balance:variance is 6.736498936624814e-06
INFO:cooler._balance:chr21
INFO:cooler._balance:variance is 9305.265067072665
INFO:cooler._balance:variance is 2393.075644616255
INFO:cooler._balance:variance is 749.8930207013176
INFO:cooler._balance:variance is 320.97161368932075
INFO:cooler._balance:variance is 137.87853386340865
INFO:cooler._balance:variance is 65.98511030580121
INFO:cooler._balance:variance is 35.69793362216098
INFO:cooler._balance:variance is 20.496781757120004
INFO:cooler._balance:variance is 13.341778959314123
INFO:cooler._balance:variance is 8.887491835326918
INFO:cooler._balance:variance is 6.394473461841297
INFO:cooler._balance:variance is 4.590309246901102
INFO:cooler._balance:variance is 3.431537962432536
INFO:cooler._balance:variance is 2.537765730472894
INFO:cooler._balance:variance is 1.9197325528678957
INFO:cooler._balance:variance is 1.4359786717375915
INFO:cooler._balance:variance is 1.0894101050262617
INFO:cooler._balance:variance is 0.818728424636101
INFO:cooler._balance:variance is 0.621250479374557
INFO:cooler._balance:variance is 0.4679359275187014
INFO:cooler._balance:variance is 0.35489330027544064
INFO:cooler._balance:variance is 0.267644639087536
INFO:cooler._balance:variance is 0.2028699366584894
INFO:cooler._balance:variance is 0.15311615848640053
INFO:cooler._balance:variance is 0.11600077274836582
INFO:cooler._balance:variance is 0.08759909258369146
INFO:cooler._balance:variance is 0.06633834600081408
INFO:cooler._balance:variance is 0.050115560224840525
INFO:cooler._balance:variance is 0.03794046525216071
INFO:cooler._balance:variance is 0.028670490734064746
INFO:cooler._balance:variance is 0.02170012934612797
INFO:cooler._balance:variance is 0.01640164907427246
INFO:cooler._balance:variance is 0.01241185571967662
INFO:cooler._balance:variance is 0.009382776488696327
INFO:cooler._balance:variance is 0.007099398591552002
INFO:cooler._balance:variance is 0.005367455083742034
INFO:cooler._balance:variance is 0.0040608223159070206
INFO:cooler._balance:variance is 0.0030704367747929097
INFO:cooler._balance:variance is 0.0023228009512239307
INFO:cooler._balance:variance is 0.0017564177035786785
INFO:cooler._balance:variance is 0.0013286608593597244
INFO:cooler._balance:variance is 0.00100473681180994
INFO:cooler._balance:variance is 0.0007600101117277786
INFO:cooler._balance:variance is 0.0005747439716276526
INFO:cooler._balance:variance is 0.00043473729987152603
INFO:cooler._balance:variance is 0.00032877191157343224
INFO:cooler._balance:variance is 0.000248677311218899
INFO:cooler._balance:variance is 0.00018806743309785566
INFO:cooler._balance:variance is 0.00014224817975021028
INFO:cooler._balance:variance is 0.00010757997250170556
INFO:cooler._balance:variance is 8.13688627361682e-05
INFO:cooler._balance:variance is 6.15387197551723e-05
INFO:cooler._balance:variance is 4.654472908834303e-05
INFO:cooler._balance:variance is 3.5201800297709014e-05
INFO:cooler._balance:variance is 2.662461394511449e-05
INFO:cooler._balance:variance is 2.013635363686105e-05
INFO:cooler._balance:variance is 1.5229882311906226e-05
INFO:cooler._balance:variance is 1.1518513446879405e-05
INFO:cooler._balance:variance is 8.711843977864998e-06
INFO:cooler._balance:chrM
