INFO:cooler.cli.balance:Balancing "analysis_other/porec/T2T04_1.hp1/cooler/T2T04_1.hp1_40000_balanced.cool"
INFO:cooler._balance:chr1
INFO:cooler._balance:variance is 27266335.806163784
INFO:cooler._balance:variance is 695013.1904282378
INFO:cooler._balance:variance is 214315.49099719038
INFO:cooler._balance:variance is 99314.24879494643
INFO:cooler._balance:variance is 44594.964107026855
INFO:cooler._balance:variance is 22268.563487377633
INFO:cooler._balance:variance is 10915.496591024004
INFO:cooler._balance:variance is 5551.512286353253
INFO:cooler._balance:variance is 2784.8953756365145
INFO:cooler._balance:variance is 1419.3221315988933
INFO:cooler._balance:variance is 717.3012968634293
INFO:cooler._balance:variance is 365.25377831948254
INFO:cooler._balance:variance is 185.1255679247609
INFO:cooler._balance:variance is 94.18045891169605
INFO:cooler._balance:variance is 47.79524011159554
INFO:cooler._balance:variance is 24.30106708824682
INFO:cooler._balance:variance is 12.33986504614407
INFO:cooler._balance:variance is 6.272041130417975
INFO:cooler._balance:variance is 3.185823923467061
INFO:cooler._balance:variance is 1.6189904328325966
INFO:cooler._balance:variance is 0.8224711714110774
INFO:cooler._balance:variance is 0.41792992280452135
INFO:cooler._balance:variance is 0.21233016373862437
INFO:cooler._balance:variance is 0.10788819298407487
INFO:cooler._balance:variance is 0.05481484071927231
INFO:cooler._balance:variance is 0.027851577950623714
INFO:cooler._balance:variance is 0.014150836588326374
INFO:cooler._balance:variance is 0.007189990945481588
INFO:cooler._balance:variance is 0.00365312667158894
INFO:cooler._balance:variance is 0.0018561291290423658
INFO:cooler._balance:variance is 0.0009430758780558556
INFO:cooler._balance:variance is 0.00047916895808485844
INFO:cooler._balance:variance is 0.00024346030939161495
INFO:cooler._balance:variance is 0.00012369993920476838
INFO:cooler._balance:variance is 6.285061172798021e-05
INFO:cooler._balance:variance is 3.1933789451658336e-05
INFO:cooler._balance:variance is 1.622522576209652e-05
INFO:cooler._balance:variance is 8.24387711350888e-06
INFO:cooler._balance:chr2
INFO:cooler._balance:variance is 3664981.65977372
INFO:cooler._balance:variance is 656157.9639122741
INFO:cooler._balance:variance is 157871.80479662272
INFO:cooler._balance:variance is 48017.449727943196
INFO:cooler._balance:variance is 13678.405198142693
INFO:cooler._balance:variance is 4123.178921832124
INFO:cooler._balance:variance is 1228.2812308676519
INFO:cooler._balance:variance is 374.4152048614872
INFO:cooler._balance:variance is 114.79368077596035
INFO:cooler._balance:variance is 35.778807220849856
INFO:cooler._balance:variance is 11.29083334475807
INFO:cooler._balance:variance is 3.6196928811550984
INFO:cooler._balance:variance is 1.1776510463530823
INFO:cooler._balance:variance is 0.3890576350865261
INFO:cooler._balance:variance is 0.1303991474502536
INFO:cooler._balance:variance is 0.04430704748308704
INFO:cooler._balance:variance is 0.015242246043891664
INFO:cooler._balance:variance is 0.005301801048511268
INFO:cooler._balance:variance is 0.0018619377119198544
INFO:cooler._balance:variance is 0.0006592740556264326
INFO:cooler._balance:variance is 0.00023504635440866606
INFO:cooler._balance:variance is 8.427799786981531e-05
INFO:cooler._balance:variance is 3.0359819764424482e-05
INFO:cooler._balance:variance is 1.0978057695085194e-05
INFO:cooler._balance:variance is 3.981738115472064e-06
INFO:cooler._balance:chr3
INFO:cooler._balance:variance is 1873139.049957402
INFO:cooler._balance:variance is 454917.4663436207
INFO:cooler._balance:variance is 91287.10527468898
INFO:cooler._balance:variance is 29589.6015239752
INFO:cooler._balance:variance is 7915.286171965001
INFO:cooler._balance:variance is 2406.0162860507617
INFO:cooler._balance:variance is 699.6301172194131
INFO:cooler._balance:variance is 212.97831925618914
INFO:cooler._balance:variance is 64.90356958754714
INFO:cooler._balance:variance is 20.344916284543334
INFO:cooler._balance:variance is 6.489871787656893
INFO:cooler._balance:variance is 2.124490210143854
INFO:cooler._balance:variance is 0.7116207615653112
INFO:cooler._balance:variance is 0.24422864594790386
INFO:cooler._balance:variance is 0.0856698310792673
INFO:cooler._balance:variance is 0.030657953534884475
INFO:cooler._balance:variance is 0.011159343691815234
INFO:cooler._balance:variance is 0.004120242440337284
INFO:cooler._balance:variance is 0.001538820090926622
INFO:cooler._balance:variance is 0.0005799645549130621
INFO:cooler._balance:variance is 0.00022012652138048041
INFO:cooler._balance:variance is 8.400114842376594e-05
INFO:cooler._balance:variance is 3.2186083378462405e-05
INFO:cooler._balance:variance is 1.2370298044012996e-05
INFO:cooler._balance:variance is 4.765217419157931e-06
INFO:cooler._balance:chr4
INFO:cooler._balance:variance is 1069483.6290780914
INFO:cooler._balance:variance is 206487.73631373112
INFO:cooler._balance:variance is 49700.71609797562
INFO:cooler._balance:variance is 17546.98524032158
INFO:cooler._balance:variance is 5664.09872150214
INFO:cooler._balance:variance is 2093.4789734193996
INFO:cooler._balance:variance is 765.4264394585388
INFO:cooler._balance:variance is 295.25826129231314
INFO:cooler._balance:variance is 114.47755058421176
INFO:cooler._balance:variance is 45.38172977469647
INFO:cooler._balance:variance is 18.081223522894792
INFO:cooler._balance:variance is 7.27201222359768
INFO:cooler._balance:variance is 2.933439940597141
INFO:cooler._balance:variance is 1.1880944240506262
INFO:cooler._balance:variance is 0.4819412531022215
INFO:cooler._balance:variance is 0.19583878185828874
INFO:cooler._balance:variance is 0.07963993093496413
INFO:cooler._balance:variance is 0.03241141622399805
INFO:cooler._balance:variance is 0.013195369998514388
INFO:cooler._balance:variance is 0.005373953446843807
INFO:cooler._balance:variance is 0.002188971112831756
INFO:cooler._balance:variance is 0.0008917697345958262
INFO:cooler._balance:variance is 0.00036332896569545546
INFO:cooler._balance:variance is 0.0001480393860950569
INFO:cooler._balance:variance is 6.0321298806286864e-05
INFO:cooler._balance:variance is 2.4579759797638044e-05
INFO:cooler._balance:variance is 1.001594916165921e-05
INFO:cooler._balance:variance is 4.081433548514971e-06
INFO:cooler._balance:chr5
INFO:cooler._balance:variance is 1576981.9436448598
INFO:cooler._balance:variance is 256010.1543789156
INFO:cooler._balance:variance is 53225.20435242941
INFO:cooler._balance:variance is 13116.92155377832
INFO:cooler._balance:variance is 3299.440645521059
INFO:cooler._balance:variance is 879.5180931912837
INFO:cooler._balance:variance is 243.76219209826533
INFO:cooler._balance:variance is 70.88815769576705
INFO:cooler._balance:variance is 21.462312591514507
INFO:cooler._balance:variance is 6.770230520815165
INFO:cooler._balance:variance is 2.2084711260802794
INFO:cooler._balance:variance is 0.7422343306516936
INFO:cooler._balance:variance is 0.25532105963496304
INFO:cooler._balance:variance is 0.0895047735702231
INFO:cooler._balance:variance is 0.03182772080847511
INFO:cooler._balance:variance is 0.01144362019781606
INFO:cooler._balance:variance is 0.00414851657286485
INFO:cooler._balance:variance is 0.001513291186661827
INFO:cooler._balance:variance is 0.0005545682680809121
INFO:cooler._balance:variance is 0.00020393324353970219
INFO:cooler._balance:variance is 7.518570495250218e-05
INFO:cooler._balance:variance is 2.7772516117211558e-05
INFO:cooler._balance:variance is 1.027342117661445e-05
INFO:cooler._balance:variance is 3.804331241168527e-06
INFO:cooler._balance:chr6
INFO:cooler._balance:variance is 2613568.278932106
INFO:cooler._balance:variance is 1040529.407240225
INFO:cooler._balance:variance is 362026.45924011973
INFO:cooler._balance:variance is 235186.69715174657
INFO:cooler._balance:variance is 98785.32976427027
INFO:cooler._balance:variance is 57183.99867164776
INFO:cooler._balance:variance is 26298.9927763943
INFO:cooler._balance:variance is 14265.5067560757
INFO:cooler._balance:variance is 6874.904338118687
INFO:cooler._balance:variance is 3605.4140907617566
INFO:cooler._balance:variance is 1779.9184388358801
INFO:cooler._balance:variance is 917.4358519983024
INFO:cooler._balance:variance is 458.54709005636147
INFO:cooler._balance:variance is 234.27501943318657
INFO:cooler._balance:variance is 117.83434238826295
INFO:cooler._balance:variance is 59.9325036940746
INFO:cooler._balance:variance is 30.241410659458467
INFO:cooler._balance:variance is 15.346195397061795
INFO:cooler._balance:variance is 7.7561935455390225
INFO:cooler._balance:variance is 3.9313685459052676
INFO:cooler._balance:variance is 1.9886172486473557
INFO:cooler._balance:variance is 1.0073743211066677
INFO:cooler._balance:variance is 0.5097775104031499
INFO:cooler._balance:variance is 0.2581611197377881
INFO:cooler._balance:variance is 0.13066915127418768
INFO:cooler._balance:variance is 0.0661633673955835
INFO:cooler._balance:variance is 0.03349243135048097
INFO:cooler._balance:variance is 0.016957348816547736
INFO:cooler._balance:variance is 0.008584416062288632
INFO:cooler._balance:variance is 0.004346154823040482
INFO:cooler._balance:variance is 0.0022002398021214293
INFO:cooler._balance:variance is 0.0011139249232909245
INFO:cooler._balance:variance is 0.0005639321200078377
INFO:cooler._balance:variance is 0.0002855015143158839
INFO:cooler._balance:variance is 0.0001445381224045542
INFO:cooler._balance:variance is 7.317484414279382e-05
INFO:cooler._balance:variance is 3.704566195792128e-05
INFO:cooler._balance:variance is 1.8754938709761053e-05
INFO:cooler._balance:variance is 9.494934930214838e-06
INFO:cooler._balance:chr7
INFO:cooler._balance:variance is 1177766.2491619308
INFO:cooler._balance:variance is 272421.55681668525
INFO:cooler._balance:variance is 73745.20292842749
INFO:cooler._balance:variance is 28532.04883472936
INFO:cooler._balance:variance is 9250.625293381803
INFO:cooler._balance:variance is 3375.9629081504236
INFO:cooler._balance:variance is 1152.6766487887837
INFO:cooler._balance:variance is 410.98599340548606
INFO:cooler._balance:variance is 142.99256104494668
INFO:cooler._balance:variance is 50.55853238648037
INFO:cooler._balance:variance is 17.720142118690926
INFO:cooler._balance:variance is 6.248559096386889
INFO:cooler._balance:variance is 2.196824293225165
INFO:cooler._balance:variance is 0.7741933482530676
INFO:cooler._balance:variance is 0.2725937872142651
INFO:cooler._balance:variance is 0.0960801157751578
INFO:cooler._balance:variance is 0.033860006862677844
INFO:cooler._balance:variance is 0.011939184964177021
INFO:cooler._balance:variance is 0.004210270229444073
INFO:cooler._balance:variance is 0.0014852422080883672
INFO:cooler._balance:variance is 0.0005240444991976028
INFO:cooler._balance:variance is 0.00018495151559806092
INFO:cooler._balance:variance is 6.528904245599836e-05
INFO:cooler._balance:variance is 2.3052930637184187e-05
INFO:cooler._balance:variance is 8.141499693454399e-06
INFO:cooler._balance:chrX
INFO:cooler._balance:chr9
INFO:cooler._balance:variance is 874321.5269499536
INFO:cooler._balance:variance is 259173.7033542351
INFO:cooler._balance:variance is 104813.3380623265
INFO:cooler._balance:variance is 65089.32110623068
INFO:cooler._balance:variance is 31955.087182254094
INFO:cooler._balance:variance is 20551.7757237664
INFO:cooler._balance:variance is 11104.653841191383
INFO:cooler._balance:variance is 7116.689651846126
INFO:cooler._balance:variance is 4071.0998304194563
INFO:cooler._balance:variance is 2580.9051909129353
INFO:cooler._balance:variance is 1525.2669151829855
INFO:cooler._balance:variance is 957.8413650056771
INFO:cooler._balance:variance is 576.4400713686788
INFO:cooler._balance:variance is 359.57098924621636
INFO:cooler._balance:variance is 218.59499247171118
INFO:cooler._balance:variance is 135.75076900066605
INFO:cooler._balance:variance is 82.99893470976305
INFO:cooler._balance:variance is 51.396807930448084
INFO:cooler._balance:variance is 31.526813704970255
INFO:cooler._balance:variance is 19.487629533880387
INFO:cooler._balance:variance is 11.976298147901659
INFO:cooler._balance:variance is 7.3944859199346595
INFO:cooler._balance:variance is 4.54938980122719
INFO:cooler._balance:variance is 2.8069168856291
INFO:cooler._balance:variance is 1.7280680167110494
INFO:cooler._balance:variance is 1.0657232486944497
INFO:cooler._balance:variance is 0.656367744735743
INFO:cooler._balance:variance is 0.4046791672121361
INFO:cooler._balance:variance is 0.2492970664389865
INFO:cooler._balance:variance is 0.15367607423108975
INFO:cooler._balance:variance is 0.09468374003703177
INFO:cooler._balance:variance is 0.058360402743355654
INFO:cooler._balance:variance is 0.03596049866285155
INFO:cooler._balance:variance is 0.02216358259231541
INFO:cooler._balance:variance is 0.013657486483212153
INFO:cooler._balance:variance is 0.008417193908092868
INFO:cooler._balance:variance is 0.0051869549409693915
INFO:cooler._balance:variance is 0.003196672059954334
INFO:cooler._balance:variance is 0.0019699355455949858
INFO:cooler._balance:variance is 0.001214034049111787
INFO:cooler._balance:variance is 0.0007481526120103466
INFO:cooler._balance:variance is 0.0004610678860273859
INFO:cooler._balance:variance is 0.0002841368238915092
INFO:cooler._balance:variance is 0.00017510543413242773
INFO:cooler._balance:variance is 0.00010791065100842734
INFO:cooler._balance:variance is 6.650201833059153e-05
INFO:cooler._balance:variance is 4.098271926171789e-05
INFO:cooler._balance:variance is 2.5256333578358566e-05
INFO:cooler._balance:variance is 1.5564566276790273e-05
INFO:cooler._balance:variance is 9.591928941301443e-06
INFO:cooler._balance:chr8
INFO:cooler._balance:variance is 1144109.5506673846
INFO:cooler._balance:variance is 138536.38435605165
INFO:cooler._balance:variance is 28544.66649941067
INFO:cooler._balance:variance is 7384.010578449982
INFO:cooler._balance:variance is 1893.44768729607
INFO:cooler._balance:variance is 507.91604867116996
INFO:cooler._balance:variance is 136.78064449546275
INFO:cooler._balance:variance is 37.375708726854185
INFO:cooler._balance:variance is 10.267508734444922
INFO:cooler._balance:variance is 2.8427399477838113
INFO:cooler._balance:variance is 0.7916228044598833
INFO:cooler._balance:variance is 0.22195344043814222
INFO:cooler._balance:variance is 0.06265593964804593
INFO:cooler._balance:variance is 0.017823811537608578
INFO:cooler._balance:variance is 0.005112635782554448
INFO:cooler._balance:variance is 0.00148000002328787
INFO:cooler._balance:variance is 0.0004326694822314611
INFO:cooler._balance:variance is 0.0001278239765666158
INFO:cooler._balance:variance is 3.817942166693548e-05
INFO:cooler._balance:variance is 1.1532471310934972e-05
INFO:cooler._balance:variance is 3.522890798460321e-06
INFO:cooler._balance:chr11
INFO:cooler._balance:variance is 1645822.1443211513
INFO:cooler._balance:variance is 839664.1285994687
INFO:cooler._balance:variance is 269985.87065581005
INFO:cooler._balance:variance is 188019.43336808958
INFO:cooler._balance:variance is 76441.65707763885
INFO:cooler._balance:variance is 45931.69146054578
INFO:cooler._balance:variance is 20864.572260857258
INFO:cooler._balance:variance is 11579.06257445332
INFO:cooler._balance:variance is 5567.042649236351
INFO:cooler._balance:variance is 2965.712403660464
INFO:cooler._balance:variance is 1468.042262597539
INFO:cooler._balance:variance is 765.8572806446773
INFO:cooler._balance:variance is 384.81081089838
INFO:cooler._balance:variance is 198.61134986976137
INFO:cooler._balance:variance is 100.56014148375853
INFO:cooler._balance:variance is 51.618380185956305
INFO:cooler._balance:variance is 26.2376663624989
INFO:cooler._balance:variance is 13.430386955638317
INFO:cooler._balance:variance is 6.840338477223143
INFO:cooler._balance:variance is 3.496393017489966
INFO:cooler._balance:variance is 1.7825954385128182
INFO:cooler._balance:variance is 0.9104969714248266
INFO:cooler._balance:variance is 0.46444844005590535
INFO:cooler._balance:variance is 0.23713814051882837
INFO:cooler._balance:variance is 0.12099739719959945
INFO:cooler._balance:variance is 0.06176711616377293
INFO:cooler._balance:variance is 0.031520345014606536
INFO:cooler._balance:variance is 0.016089038592549707
INFO:cooler._balance:variance is 0.008210958495724433
INFO:cooler._balance:variance is 0.004190940209776194
INFO:cooler._balance:variance is 0.002138900615276716
INFO:cooler._balance:variance is 0.0010916847108402663
INFO:cooler._balance:variance is 0.0005571655000955408
INFO:cooler._balance:variance is 0.0002843709523873439
INFO:cooler._balance:variance is 0.0001451363601253222
INFO:cooler._balance:variance is 7.407546408048007e-05
INFO:cooler._balance:variance is 3.780658240243326e-05
INFO:cooler._balance:variance is 1.9295858841076904e-05
INFO:cooler._balance:variance is 9.848230303391678e-06
INFO:cooler._balance:chr10
INFO:cooler._balance:variance is 1129866.1397688033
INFO:cooler._balance:variance is 159668.42008065307
INFO:cooler._balance:variance is 36944.11592588477
INFO:cooler._balance:variance is 11582.82537866886
INFO:cooler._balance:variance is 3343.481153353787
INFO:cooler._balance:variance is 1034.3772796994224
INFO:cooler._balance:variance is 313.86435196371275
INFO:cooler._balance:variance is 97.20255936284397
INFO:cooler._balance:variance is 30.047889656426364
INFO:cooler._balance:variance is 9.369263168772678
INFO:cooler._balance:variance is 2.9300852510921667
INFO:cooler._balance:variance is 0.9218390427936627
INFO:cooler._balance:variance is 0.29138550857470824
INFO:cooler._balance:variance is 0.09264049580295929
INFO:cooler._balance:variance is 0.029621749266205272
INFO:cooler._balance:variance is 0.009531058862386628
INFO:cooler._balance:variance is 0.0030865067226523812
INFO:cooler._balance:variance is 0.0010062980379290842
INFO:cooler._balance:variance is 0.00033035352088403314
INFO:cooler._balance:variance is 0.00010921290295004969
INFO:cooler._balance:variance is 3.635852881704347e-05
INFO:cooler._balance:variance is 1.2188176785747568e-05
INFO:cooler._balance:variance is 4.113294489560572e-06
INFO:cooler._balance:chr12
INFO:cooler._balance:variance is 1266131.275975605
INFO:cooler._balance:variance is 495519.32747449767
INFO:cooler._balance:variance is 169020.4067577961
INFO:cooler._balance:variance is 83167.09200729195
INFO:cooler._balance:variance is 32910.95122834669
INFO:cooler._balance:variance is 15213.514815567914
INFO:cooler._balance:variance is 6378.465716572828
INFO:cooler._balance:variance is 2866.676480717901
INFO:cooler._balance:variance is 1233.1469220848992
INFO:cooler._balance:variance is 547.2246598949657
INFO:cooler._balance:variance is 238.1241392305113
INFO:cooler._balance:variance is 105.06740078468671
INFO:cooler._balance:variance is 45.95577177071667
INFO:cooler._balance:variance is 20.22497981392932
INFO:cooler._balance:variance is 8.866522368172488
INFO:cooler._balance:variance is 3.8976484173204735
INFO:cooler._balance:variance is 1.710439095305151
INFO:cooler._balance:variance is 0.7515108908103693
INFO:cooler._balance:variance is 0.3299395681422276
INFO:cooler._balance:variance is 0.1449318634521127
INFO:cooler._balance:variance is 0.06364269730714532
INFO:cooler._balance:variance is 0.02795340237363668
INFO:cooler._balance:variance is 0.012276004789235287
INFO:cooler._balance:variance is 0.005391678918100528
INFO:cooler._balance:variance is 0.002367897857430712
INFO:cooler._balance:variance is 0.0010399716836498314
INFO:cooler._balance:variance is 0.0004567386271231809
INFO:cooler._balance:variance is 0.0002005961468364008
INFO:cooler._balance:variance is 8.809921033921843e-05
INFO:cooler._balance:variance is 3.869236098364972e-05
INFO:cooler._balance:variance is 1.699323513444285e-05
INFO:cooler._balance:variance is 7.463259903666228e-06
INFO:cooler._balance:chr13
INFO:cooler._balance:variance is 869414.1748482297
INFO:cooler._balance:variance is 110416.82992858789
INFO:cooler._balance:variance is 25499.834497024684
INFO:cooler._balance:variance is 7818.00438072376
INFO:cooler._balance:variance is 2381.222920195281
INFO:cooler._balance:variance is 780.3322045829115
INFO:cooler._balance:variance is 259.6918219889508
INFO:cooler._balance:variance is 88.99311232490241
INFO:cooler._balance:variance is 30.830678472881743
INFO:cooler._balance:variance is 10.827644612651937
INFO:cooler._balance:variance is 3.8273890852147945
INFO:cooler._balance:variance is 1.3621213908363818
INFO:cooler._balance:variance is 0.486605422167958
INFO:cooler._balance:variance is 0.17445000124329305
INFO:cooler._balance:variance is 0.06267947098482538
INFO:cooler._balance:variance is 0.022563519604034903
INFO:cooler._balance:variance is 0.008132924122297781
INFO:cooler._balance:variance is 0.002934571874626575
INFO:cooler._balance:variance is 0.0010596612781181686
INFO:cooler._balance:variance is 0.00038286683339332336
INFO:cooler._balance:variance is 0.0001383938459983588
INFO:cooler._balance:variance is 5.004184240523361e-05
INFO:cooler._balance:variance is 1.809919644610909e-05
INFO:cooler._balance:variance is 6.547419544699287e-06
INFO:cooler._balance:chr14
INFO:cooler._balance:variance is 1049113.2065100353
INFO:cooler._balance:variance is 232240.31617427614
INFO:cooler._balance:variance is 58823.38853233857
INFO:cooler._balance:variance is 22434.427556883464
INFO:cooler._balance:variance is 7757.540251212035
INFO:cooler._balance:variance is 3136.7494962555957
INFO:cooler._balance:variance is 1261.4815134467608
INFO:cooler._balance:variance is 540.1673463933323
INFO:cooler._balance:variance is 234.88726294322728
INFO:cooler._balance:variance is 105.02947148807749
INFO:cooler._balance:variance is 47.53294121023885
INFO:cooler._balance:variance is 21.792567095411652
INFO:cooler._balance:variance is 10.056872848805853
INFO:cooler._balance:variance is 4.6690809998697285
INFO:cooler._balance:variance is 2.1745185312728927
INFO:cooler._balance:variance is 1.0155400164540693
INFO:cooler._balance:variance is 0.47495683487529833
INFO:cooler._balance:variance is 0.22241303714479263
INFO:cooler._balance:variance is 0.1042187277619313
INFO:cooler._balance:variance is 0.04886309336501119
INFO:cooler._balance:variance is 0.022916090836760907
INFO:cooler._balance:variance is 0.010750122281525705
INFO:cooler._balance:variance is 0.005043610188515592
INFO:cooler._balance:variance is 0.0023665788381782215
INFO:cooler._balance:variance is 0.0011105163559557148
INFO:cooler._balance:variance is 0.0005211373610394486
INFO:cooler._balance:variance is 0.0002445627695839458
INFO:cooler._balance:variance is 0.00011477281110221086
INFO:cooler._balance:variance is 5.3863246541667814e-05
INFO:cooler._balance:variance is 2.527847143007729e-05
INFO:cooler._balance:variance is 1.1863456371622525e-05
INFO:cooler._balance:variance is 5.567674396400859e-06
INFO:cooler._balance:chr15
INFO:cooler._balance:variance is 776464.4056241014
INFO:cooler._balance:variance is 78949.11021702876
INFO:cooler._balance:variance is 15612.584425142584
INFO:cooler._balance:variance is 3722.8579069643706
INFO:cooler._balance:variance is 867.1215181197823
INFO:cooler._balance:variance is 213.56250667906102
INFO:cooler._balance:variance is 52.77143732000844
INFO:cooler._balance:variance is 13.474647648772535
INFO:cooler._balance:variance is 3.5234932046532963
INFO:cooler._balance:variance is 0.9588775672969667
INFO:cooler._balance:variance is 0.2730412453218445
INFO:cooler._balance:variance is 0.08221651022695818
INFO:cooler._balance:variance is 0.026256351523749482
INFO:cooler._balance:variance is 0.008881052314053239
INFO:cooler._balance:variance is 0.003156924842969623
INFO:cooler._balance:variance is 0.0011673353261766575
INFO:cooler._balance:variance is 0.0004442829625216436
INFO:cooler._balance:variance is 0.00017251431756691056
INFO:cooler._balance:variance is 6.788570190915602e-05
INFO:cooler._balance:variance is 2.6945753322874733e-05
INFO:cooler._balance:variance is 1.075466290502321e-05
INFO:cooler._balance:variance is 4.3073988172128025e-06
INFO:cooler._balance:chr16
INFO:cooler._balance:variance is 5370568.024150566
INFO:cooler._balance:variance is 234873.60726033198
INFO:cooler._balance:variance is 84587.15817727812
INFO:cooler._balance:variance is 57068.69581626346
INFO:cooler._balance:variance is 26406.041560538702
INFO:cooler._balance:variance is 16602.905852242337
INFO:cooler._balance:variance is 8472.332250550993
INFO:cooler._balance:variance is 5066.197476044566
INFO:cooler._balance:variance is 2708.0004551919524
INFO:cooler._balance:variance is 1574.5004920038216
INFO:cooler._balance:variance is 861.4867167874986
INFO:cooler._balance:variance is 493.28750914637084
INFO:cooler._balance:variance is 273.2125990424278
INFO:cooler._balance:variance is 155.13802171103276
INFO:cooler._balance:variance is 86.48759253154783
INFO:cooler._balance:variance is 48.884165965333736
INFO:cooler._balance:variance is 27.34936205951771
INFO:cooler._balance:variance is 15.418790311299855
INFO:cooler._balance:variance is 8.643285429493346
INFO:cooler._balance:variance is 4.865893145362779
INFO:cooler._balance:variance is 2.7306253021191504
INFO:cooler._balance:variance is 1.5360294227519773
INFO:cooler._balance:variance is 0.8625045761594045
INFO:cooler._balance:variance is 0.48495880023688764
INFO:cooler._balance:variance is 0.27240387022789914
INFO:cooler._balance:variance is 0.1531256352826984
INFO:cooler._balance:variance is 0.08602771160779475
INFO:cooler._balance:variance is 0.04835171959552927
INFO:cooler._balance:variance is 0.02716741853284758
INFO:cooler._balance:variance is 0.015268192498621075
INFO:cooler._balance:variance is 0.008579260822007821
INFO:cooler._balance:variance is 0.0048213632851846575
INFO:cooler._balance:variance is 0.0027092343880293934
INFO:cooler._balance:variance is 0.0015224945224024732
INFO:cooler._balance:variance is 0.0008555405363825904
INFO:cooler._balance:variance is 0.0004807769832393023
INFO:cooler._balance:variance is 0.00027016748940196435
INFO:cooler._balance:variance is 0.00015182131373654774
INFO:cooler._balance:variance is 8.531486915803172e-05
INFO:cooler._balance:variance is 4.794269753192541e-05
INFO:cooler._balance:variance is 2.694113519511347e-05
INFO:cooler._balance:variance is 1.5139535443752843e-05
INFO:cooler._balance:variance is 8.507594535434544e-06
INFO:cooler._balance:chr17
INFO:cooler._balance:variance is 588925.6075485009
INFO:cooler._balance:variance is 119252.29702819623
INFO:cooler._balance:variance is 43448.137796518866
INFO:cooler._balance:variance is 22259.902393724493
INFO:cooler._balance:variance is 10271.909624594133
INFO:cooler._balance:variance is 5260.390298088138
INFO:cooler._balance:variance is 2563.844594085258
INFO:cooler._balance:variance is 1299.3011721327982
INFO:cooler._balance:variance is 644.2875223118298
INFO:cooler._balance:variance is 324.71751980215174
INFO:cooler._balance:variance is 162.04717641705818
INFO:cooler._balance:variance is 81.45568046846658
INFO:cooler._balance:variance is 40.755747104324286
INFO:cooler._balance:variance is 20.460653315738924
INFO:cooler._balance:variance is 10.249064197683916
INFO:cooler._balance:variance is 5.142197093495355
INFO:cooler._balance:variance is 2.5771668227233158
INFO:cooler._balance:variance is 1.2926376701363214
INFO:cooler._balance:variance is 0.6480066409050124
INFO:cooler._balance:variance is 0.32497468076669783
INFO:cooler._balance:variance is 0.16293143499998056
INFO:cooler._balance:variance is 0.08170396284935019
INFO:cooler._balance:variance is 0.04096607085912557
INFO:cooler._balance:variance is 0.020542188438191646
INFO:cooler._balance:variance is 0.010300081379606533
INFO:cooler._balance:variance is 0.005164819474030876
INFO:cooler._balance:variance is 0.0025897355741179443
INFO:cooler._balance:variance is 0.0012985717739087816
INFO:cooler._balance:variance is 0.000651132517578908
INFO:cooler._balance:variance is 0.00032649605686436723
INFO:cooler._balance:variance is 0.00016371291327205018
INFO:cooler._balance:variance is 8.209004624752745e-05
INFO:cooler._balance:variance is 4.116198220446391e-05
INFO:cooler._balance:variance is 2.0639698370032394e-05
INFO:cooler._balance:variance is 1.0349265254074517e-05
INFO:cooler._balance:variance is 5.189390279405601e-06
INFO:cooler._balance:chr18
INFO:cooler._balance:variance is 741719.8951174321
INFO:cooler._balance:variance is 104849.46193470694
INFO:cooler._balance:variance is 23646.77017748356
INFO:cooler._balance:variance is 6176.357187570632
INFO:cooler._balance:variance is 1595.5478102122847
INFO:cooler._balance:variance is 428.90932460154926
INFO:cooler._balance:variance is 115.01693232118582
INFO:cooler._balance:variance is 31.22190785930029
INFO:cooler._balance:variance is 8.477242064115222
INFO:cooler._balance:variance is 2.310870838753953
INFO:cooler._balance:variance is 0.6302609906842022
INFO:cooler._balance:variance is 0.17213328135154618
INFO:cooler._balance:variance is 0.047028362576523174
INFO:cooler._balance:variance is 0.012855151374496795
INFO:cooler._balance:variance is 0.003514600847845965
INFO:cooler._balance:variance is 0.0009610864883885625
INFO:cooler._balance:variance is 0.00026283895129824064
INFO:cooler._balance:variance is 7.188752546580635e-05
INFO:cooler._balance:variance is 1.966243180566192e-05
INFO:cooler._balance:variance is 5.378200178446117e-06
INFO:cooler._balance:chr20
INFO:cooler._balance:variance is 496389.5812998484
INFO:cooler._balance:variance is 89947.60978840357
INFO:cooler._balance:variance is 24713.651620073233
INFO:cooler._balance:variance is 9555.715518257311
INFO:cooler._balance:variance is 3377.952275825225
INFO:cooler._balance:variance is 1420.2490722409548
INFO:cooler._balance:variance is 595.4537255604977
INFO:cooler._balance:variance is 275.2750379973077
INFO:cooler._balance:variance is 129.89651549622292
INFO:cooler._balance:variance is 64.27986116232933
INFO:cooler._balance:variance is 32.27857021990121
INFO:cooler._balance:variance is 16.53241324070544
INFO:cooler._balance:variance is 8.526767946883552
INFO:cooler._balance:variance is 4.4311015125482225
INFO:cooler._balance:variance is 2.3093115166830493
INFO:cooler._balance:variance is 1.2068880677934708
INFO:cooler._balance:variance is 0.6314404847542733
INFO:cooler._balance:variance is 0.33070739039604713
INFO:cooler._balance:variance is 0.1732750178888235
INFO:cooler._balance:variance is 0.09082229975150748
INFO:cooler._balance:variance is 0.04761190126659913
INFO:cooler._balance:variance is 0.024963169262657472
INFO:cooler._balance:variance is 0.013089044814438797
INFO:cooler._balance:variance is 0.006863398273304253
INFO:cooler._balance:variance is 0.003598975934164624
INFO:cooler._balance:variance is 0.0018872414772068866
INFO:cooler._balance:variance is 0.0009896438000195653
INFO:cooler._balance:variance is 0.0005189598541299708
INFO:cooler._balance:variance is 0.00027213823201815973
INFO:cooler._balance:variance is 0.00014270747290489962
INFO:cooler._balance:variance is 7.483489401718574e-05
INFO:cooler._balance:variance is 3.924299418480829e-05
INFO:cooler._balance:variance is 2.0578806670444416e-05
INFO:cooler._balance:variance is 1.079141693485643e-05
INFO:cooler._balance:variance is 5.658961767315079e-06
INFO:cooler._balance:chrY
INFO:cooler._balance:chr19
INFO:cooler._balance:variance is 852548.7094367995
INFO:cooler._balance:variance is 324940.8930650053
INFO:cooler._balance:variance is 90862.75955776224
INFO:cooler._balance:variance is 46455.99439805031
INFO:cooler._balance:variance is 17086.653176825424
INFO:cooler._balance:variance is 8299.954729177749
INFO:cooler._balance:variance is 3466.469410296296
INFO:cooler._balance:variance is 1637.3908251838266
INFO:cooler._balance:variance is 725.3472257979726
INFO:cooler._balance:variance is 338.9719797093374
INFO:cooler._balance:variance is 154.2597142188587
INFO:cooler._balance:variance is 71.85532995698004
INFO:cooler._balance:variance is 33.10610831460501
INFO:cooler._balance:variance is 15.41059135309512
INFO:cooler._balance:variance is 7.140894616316998
INFO:cooler._balance:variance is 3.32417370182339
INFO:cooler._balance:variance is 1.5444864761046626
INFO:cooler._balance:variance is 0.7191047825222496
INFO:cooler._balance:variance is 0.33454007658917
INFO:cooler._balance:variance is 0.1557836373781862
INFO:cooler._balance:variance is 0.07251791607728734
INFO:cooler._balance:variance is 0.03377248995663945
INFO:cooler._balance:variance is 0.015725937896490957
INFO:cooler._balance:variance is 0.007324216665460922
INFO:cooler._balance:variance is 0.0034109731714813485
INFO:cooler._balance:variance is 0.00158868752582221
INFO:cooler._balance:variance is 0.0007399237160400449
INFO:cooler._balance:variance is 0.0003446322117276037
INFO:cooler._balance:variance is 0.0001605165565715725
INFO:cooler._balance:variance is 7.476417857496672e-05
INFO:cooler._balance:variance is 3.482292383056102e-05
INFO:cooler._balance:variance is 1.6219653727142357e-05
INFO:cooler._balance:variance is 7.554697508286258e-06
INFO:cooler._balance:chr22
INFO:cooler._balance:variance is 432936.4595790391
INFO:cooler._balance:variance is 63659.13730258291
INFO:cooler._balance:variance is 14387.218019851727
INFO:cooler._balance:variance is 4584.088656798479
INFO:cooler._balance:variance is 1586.636280209767
INFO:cooler._balance:variance is 641.2224458946569
INFO:cooler._balance:variance is 284.41977949858676
INFO:cooler._balance:variance is 132.5319585728875
INFO:cooler._balance:variance is 64.60204557199198
INFO:cooler._balance:variance is 31.80940031095435
INFO:cooler._balance:variance is 15.968279978303867
INFO:cooler._balance:variance is 8.022963932320852
INFO:cooler._balance:variance is 4.065799873057837
INFO:cooler._balance:variance is 2.0590291833512997
INFO:cooler._balance:variance is 1.0469042422071708
INFO:cooler._balance:variance is 0.5319403770805594
INFO:cooler._balance:variance is 0.27079286894368376
INFO:cooler._balance:variance is 0.1377905521638585
INFO:cooler._balance:variance is 0.07017693759837101
INFO:cooler._balance:variance is 0.035731813598015555
INFO:cooler._balance:variance is 0.01820144760404614
INFO:cooler._balance:variance is 0.009270263042407637
INFO:cooler._balance:variance is 0.0047224890019505385
INFO:cooler._balance:variance is 0.0024055489255108797
INFO:cooler._balance:variance is 0.0012254707182558296
INFO:cooler._balance:variance is 0.000624269891504682
INFO:cooler._balance:variance is 0.0003180272053111832
INFO:cooler._balance:variance is 0.00016201150136460832
INFO:cooler._balance:variance is 8.253507062324458e-05
INFO:cooler._balance:variance is 4.2046102943710885e-05
INFO:cooler._balance:variance is 2.1419951912800367e-05
INFO:cooler._balance:variance is 1.091210067199773e-05
INFO:cooler._balance:variance is 5.559055235197198e-06
INFO:cooler._balance:chr21
INFO:cooler._balance:variance is 632772.6989158888
INFO:cooler._balance:variance is 144839.84124624607
INFO:cooler._balance:variance is 55421.19279842254
INFO:cooler._balance:variance is 28989.351734958644
INFO:cooler._balance:variance is 17175.80495244426
INFO:cooler._balance:variance is 11518.055479943232
INFO:cooler._balance:variance is 7525.756143534936
INFO:cooler._balance:variance is 5334.01033959989
INFO:cooler._balance:variance is 3580.182478863185
INFO:cooler._balance:variance is 2559.097328403428
INFO:cooler._balance:variance is 1740.1181823967088
INFO:cooler._balance:variance is 1241.7977055247914
INFO:cooler._balance:variance is 851.6844273272799
INFO:cooler._balance:variance is 605.6219361744257
INFO:cooler._balance:variance is 417.93264195230114
INFO:cooler._balance:variance is 296.15334312126834
INFO:cooler._balance:variance is 205.28281380201415
INFO:cooler._balance:variance is 145.04597068246628
INFO:cooler._balance:variance is 100.8616740984067
INFO:cooler._balance:variance is 71.1052918169411
INFO:cooler._balance:variance is 49.557390186169485
INFO:cooler._balance:variance is 34.877984323839314
INFO:cooler._balance:variance is 24.347621218072074
INFO:cooler._balance:variance is 17.114410140330843
INFO:cooler._balance:variance is 11.960804924871471
INFO:cooler._balance:variance is 8.399956263706455
INFO:cooler._balance:variance is 5.875204438063759
INFO:cooler._balance:variance is 4.123453241524287
INFO:cooler._balance:variance is 2.8857014512834547
INFO:cooler._balance:variance is 2.0243763006346485
INFO:cooler._balance:variance is 1.4172720472981784
INFO:cooler._balance:variance is 0.9939226851207543
INFO:cooler._balance:variance is 0.6960413892264558
INFO:cooler._balance:variance is 0.48801732108714085
INFO:cooler._balance:variance is 0.341823741499568
INFO:cooler._balance:variance is 0.23962519594680293
INFO:cooler._balance:variance is 0.16786445468630581
INFO:cooler._balance:variance is 0.11766297131637013
INFO:cooler._balance:variance is 0.08243423908886686
INFO:cooler._balance:variance is 0.057776886012377474
INFO:cooler._balance:variance is 0.040480986374878764
INFO:cooler._balance:variance is 0.02837091277479122
INFO:cooler._balance:variance is 0.019878823756736344
INFO:cooler._balance:variance is 0.01393143552960336
INFO:cooler._balance:variance is 0.009761747181342864
INFO:cooler._balance:variance is 0.0068410189105584315
INFO:cooler._balance:variance is 0.004793607894911473
INFO:cooler._balance:variance is 0.0033592889476214373
INFO:cooler._balance:variance is 0.002353943887068565
INFO:cooler._balance:variance is 0.001649586462162674
INFO:cooler._balance:variance is 0.0011559225987396293
INFO:cooler._balance:variance is 0.0008100346800443996
INFO:cooler._balance:variance is 0.0005676239809610255
INFO:cooler._balance:variance is 0.00039777062338376635
INFO:cooler._balance:variance is 0.0002787354762594486
INFO:cooler._balance:variance is 0.00019532696147663012
INFO:cooler._balance:variance is 0.0001368747789180036
INFO:cooler._balance:variance is 9.591619878108717e-05
INFO:cooler._balance:variance is 6.721317073537069e-05
INFO:cooler._balance:variance is 4.710010959939256e-05
INFO:cooler._balance:variance is 3.300541322724274e-05
INFO:cooler._balance:variance is 2.312874202532164e-05
INFO:cooler._balance:variance is 1.620749335304944e-05
INFO:cooler._balance:variance is 1.135748577525042e-05
INFO:cooler._balance:variance is 7.95877909231328e-06
INFO:cooler._balance:chrM
