INFO:cooler.cli.balance:Balancing "analysis_other/porec/T2T00_1/cooler/T2T00_1_5000_balanced.cool"
INFO:cooler._balance:chr1
INFO:cooler._balance:variance is 4439.824165064851
INFO:cooler._balance:variance is 244.72106022042772
INFO:cooler._balance:variance is 55.54437237938011
INFO:cooler._balance:variance is 19.76949002758944
INFO:cooler._balance:variance is 7.602922921308494
INFO:cooler._balance:variance is 3.3538326334867783
INFO:cooler._balance:variance is 1.5271482371706688
INFO:cooler._balance:variance is 0.7339897350056125
INFO:cooler._balance:variance is 0.35845741922847624
INFO:cooler._balance:variance is 0.17914385704966843
INFO:cooler._balance:variance is 0.09019299207538846
INFO:cooler._balance:variance is 0.04587399535442834
INFO:cooler._balance:variance is 0.023405624135345447
INFO:cooler._balance:variance is 0.011996844209968532
INFO:cooler._balance:variance is 0.006156868889477994
INFO:cooler._balance:variance is 0.0031663998128264956
INFO:cooler._balance:variance is 0.0016292292047733246
INFO:cooler._balance:variance is 0.0008391174050292454
INFO:cooler._balance:variance is 0.0004322560970998702
INFO:cooler._balance:variance is 0.0002227711762638334
INFO:cooler._balance:variance is 0.00011481641859900303
INFO:cooler._balance:variance is 5.9189389150590135e-05
INFO:cooler._balance:variance is 3.0513514866953512e-05
INFO:cooler._balance:variance is 1.5732081433368974e-05
INFO:cooler._balance:variance is 8.1111462394864e-06
INFO:cooler._balance:chr2
INFO:cooler._balance:variance is 5577.640493094241
INFO:cooler._balance:variance is 559.4141057141857
INFO:cooler._balance:variance is 162.53181922302923
INFO:cooler._balance:variance is 59.00334950357891
INFO:cooler._balance:variance is 19.99716856968031
INFO:cooler._balance:variance is 7.195688843859895
INFO:cooler._balance:variance is 2.53264764430374
INFO:cooler._balance:variance is 0.9112184637163119
INFO:cooler._balance:variance is 0.32634795267415123
INFO:cooler._balance:variance is 0.11805585474533725
INFO:cooler._balance:variance is 0.042765121333337
INFO:cooler._balance:variance is 0.015586330069848133
INFO:cooler._balance:variance is 0.00569930456797093
INFO:cooler._balance:variance is 0.002093908515815511
INFO:cooler._balance:variance is 0.0007721927031387378
INFO:cooler._balance:variance is 0.00028594617897917884
INFO:cooler._balance:variance is 0.00010628005873505543
INFO:cooler._balance:variance is 3.964825216327174e-05
INFO:cooler._balance:variance is 1.484184532938918e-05
INFO:cooler._balance:variance is 5.574197036018751e-06
INFO:cooler._balance:chr3
INFO:cooler._balance:variance is 3962.357933135109
INFO:cooler._balance:variance is 561.8627823953277
INFO:cooler._balance:variance is 185.1530922480315
INFO:cooler._balance:variance is 94.78568173378247
INFO:cooler._balance:variance is 38.06914378143627
INFO:cooler._balance:variance is 18.526662030935398
INFO:cooler._balance:variance is 7.977275867946696
INFO:cooler._balance:variance is 3.7636992907601976
INFO:cooler._balance:variance is 1.6749727504355525
INFO:cooler._balance:variance is 0.7784398093417636
INFO:cooler._balance:variance is 0.35201780072045613
INFO:cooler._balance:variance is 0.1624682140535365
INFO:cooler._balance:variance is 0.07404286876398418
INFO:cooler._balance:variance is 0.034068703926176766
INFO:cooler._balance:variance is 0.015585483429269359
INFO:cooler._balance:variance is 0.007162005857844476
INFO:cooler._balance:variance is 0.003282592207970174
INFO:cooler._balance:variance is 0.0015077080360227407
INFO:cooler._balance:variance is 0.0006916940053342936
INFO:cooler._balance:variance is 0.0003176485534990731
INFO:cooler._balance:variance is 0.00014580103527788072
INFO:cooler._balance:variance is 6.695523530468975e-05
INFO:cooler._balance:variance is 3.074089154682792e-05
INFO:cooler._balance:variance is 1.4117308325171845e-05
INFO:cooler._balance:variance is 6.482629008457749e-06
INFO:cooler._balance:chr4
INFO:cooler._balance:variance is 5337.746801633675
INFO:cooler._balance:variance is 1048.5714573343716
INFO:cooler._balance:variance is 311.7628197568858
INFO:cooler._balance:variance is 169.6693018172899
INFO:cooler._balance:variance is 64.20823348866618
INFO:cooler._balance:variance is 32.81752329567205
INFO:cooler._balance:variance is 13.881824068504471
INFO:cooler._balance:variance is 6.775724429022264
INFO:cooler._balance:variance is 3.022518845102106
INFO:cooler._balance:variance is 1.4407289506730134
INFO:cooler._balance:variance is 0.6588927482840956
INFO:cooler._balance:variance is 0.310640759976715
INFO:cooler._balance:variance is 0.14373344734057633
INFO:cooler._balance:variance is 0.0674396753445826
INFO:cooler._balance:variance is 0.031377462757061644
INFO:cooler._balance:variance is 0.014693126005392725
INFO:cooler._balance:variance is 0.006854642019918044
INFO:cooler._balance:variance is 0.00320743602506539
INFO:cooler._balance:variance is 0.0014983654569922264
INFO:cooler._balance:variance is 0.0007009626429810291
INFO:cooler._balance:variance is 0.00032769229214710195
INFO:cooler._balance:variance is 0.00015329819124000718
INFO:cooler._balance:variance is 7.169395759662312e-05
INFO:cooler._balance:variance is 3.35411500716655e-05
INFO:cooler._balance:variance is 1.569013255902921e-05
INFO:cooler._balance:variance is 7.340968628160862e-06
INFO:cooler._balance:chr5
INFO:cooler._balance:variance is 18048.28545732797
INFO:cooler._balance:variance is 777.9066096833357
INFO:cooler._balance:variance is 212.1493130833499
INFO:cooler._balance:variance is 75.90550647466225
INFO:cooler._balance:variance is 24.46403868068071
INFO:cooler._balance:variance is 8.620320815801595
INFO:cooler._balance:variance is 2.909431966657615
INFO:cooler._balance:variance is 1.0151833654159308
INFO:cooler._balance:variance is 0.34906396475547447
INFO:cooler._balance:variance is 0.1215994255724302
INFO:cooler._balance:variance is 0.042202085914530126
INFO:cooler._balance:variance is 0.014736001576907765
INFO:cooler._balance:variance is 0.00514808028899193
INFO:cooler._balance:variance is 0.0018059194288935875
INFO:cooler._balance:variance is 0.0006351194583454771
INFO:cooler._balance:variance is 0.0002242895473965291
INFO:cooler._balance:variance is 7.952880243069723e-05
INFO:cooler._balance:variance is 2.8343533957107167e-05
INFO:cooler._balance:variance is 1.015856760404273e-05
INFO:cooler._balance:variance is 3.6650070613399988e-06
INFO:cooler._balance:chr6
INFO:cooler._balance:variance is 5628.0371452083
INFO:cooler._balance:variance is 721.1101974859104
INFO:cooler._balance:variance is 302.63386811478983
INFO:cooler._balance:variance is 178.61325644559432
INFO:cooler._balance:variance is 85.87971624271512
INFO:cooler._balance:variance is 50.05519757252876
INFO:cooler._balance:variance is 25.397944691133915
INFO:cooler._balance:variance is 14.454584417570025
INFO:cooler._balance:variance is 7.567107324463627
INFO:cooler._balance:variance is 4.2353507189332955
INFO:cooler._balance:variance is 2.25838949512434
INFO:cooler._balance:variance is 1.2511116694136755
INFO:cooler._balance:variance is 0.6742436838754866
INFO:cooler._balance:variance is 0.3712685185389015
INFO:cooler._balance:variance is 0.2012925060412568
INFO:cooler._balance:variance is 0.11045599655578124
INFO:cooler._balance:variance is 0.06008940192229032
INFO:cooler._balance:variance is 0.032908214601795334
INFO:cooler._balance:variance is 0.017936186643454127
INFO:cooler._balance:variance is 0.009811980543007137
INFO:cooler._balance:variance is 0.005353457650390273
INFO:cooler._balance:variance is 0.002926802950164252
INFO:cooler._balance:variance is 0.0015977912155013126
INFO:cooler._balance:variance is 0.0008732343042184839
INFO:cooler._balance:variance is 0.00047686337490517386
INFO:cooler._balance:variance is 0.00026056898162250515
INFO:cooler._balance:variance is 0.00014231830400281666
INFO:cooler._balance:variance is 7.775785673895885e-05
INFO:cooler._balance:variance is 4.247401183127772e-05
INFO:cooler._balance:variance is 2.320501803308396e-05
INFO:cooler._balance:variance is 1.267603112612735e-05
INFO:cooler._balance:variance is 6.925134895214241e-06
INFO:cooler._balance:chr7
INFO:cooler._balance:variance is 4638.920746705865
INFO:cooler._balance:variance is 478.447260319635
INFO:cooler._balance:variance is 153.2632792502795
INFO:cooler._balance:variance is 65.46454671095945
INFO:cooler._balance:variance is 24.92646712612093
INFO:cooler._balance:variance is 10.546699133445127
INFO:cooler._balance:variance is 4.206204322926864
INFO:cooler._balance:variance is 1.7577733832368503
INFO:cooler._balance:variance is 0.7150115266831663
INFO:cooler._balance:variance is 0.29695547883320267
INFO:cooler._balance:variance is 0.12188501738058984
INFO:cooler._balance:variance is 0.05048994143095802
INFO:cooler._balance:variance is 0.020810850076039087
INFO:cooler._balance:variance is 0.008612700873521359
INFO:cooler._balance:variance is 0.0035570858894618555
INFO:cooler._balance:variance is 0.0014717392733098163
INFO:cooler._balance:variance is 0.0006084292709423768
INFO:cooler._balance:variance is 0.00025173206119676153
INFO:cooler._balance:variance is 0.00010411912572523076
INFO:cooler._balance:variance is 4.308052823016488e-05
INFO:cooler._balance:variance is 1.7823101232605423e-05
INFO:cooler._balance:variance is 7.374952775085135e-06
INFO:cooler._balance:chrX
INFO:cooler._balance:variance is 1196.3054437206288
INFO:cooler._balance:variance is 93.42462003830842
INFO:cooler._balance:variance is 26.706274721028723
INFO:cooler._balance:variance is 10.875038841594153
INFO:cooler._balance:variance is 3.945231082329638
INFO:cooler._balance:variance is 1.6360495202064655
INFO:cooler._balance:variance is 0.6350492770874405
INFO:cooler._balance:variance is 0.26371225976152635
INFO:cooler._balance:variance is 0.10646961377780158
INFO:cooler._balance:variance is 0.044495222825420976
INFO:cooler._balance:variance is 0.018442358292954514
INFO:cooler._balance:variance is 0.007790261673026571
INFO:cooler._balance:variance is 0.0032940591889146927
INFO:cooler._balance:variance is 0.0014099672769990472
INFO:cooler._balance:variance is 0.0006066367349259528
INFO:cooler._balance:variance is 0.0002635177790281778
INFO:cooler._balance:variance is 0.00011527743568633192
INFO:cooler._balance:variance is 5.087070446229345e-05
INFO:cooler._balance:variance is 2.2625910100472836e-05
INFO:cooler._balance:variance is 1.0148747781815119e-05
INFO:cooler._balance:variance is 4.589214619881112e-06
INFO:cooler._balance:chr9
INFO:cooler._balance:variance is 3840.1780751238744
INFO:cooler._balance:variance is 509.39369025370024
INFO:cooler._balance:variance is 148.2345386421031
INFO:cooler._balance:variance is 60.2678409164657
INFO:cooler._balance:variance is 25.2527649488841
INFO:cooler._balance:variance is 11.939399264900937
INFO:cooler._balance:variance is 5.783312179307862
INFO:cooler._balance:variance is 3.0388960017261466
INFO:cooler._balance:variance is 1.6218958413829487
INFO:cooler._balance:variance is 0.9197843321417333
INFO:cooler._balance:variance is 0.5259798130897188
INFO:cooler._balance:variance is 0.31336412816407366
INFO:cooler._balance:variance is 0.1872981320566896
INFO:cooler._balance:variance is 0.11479677666348226
INFO:cooler._balance:variance is 0.07039170096717587
INFO:cooler._balance:variance is 0.04379725221068903
INFO:cooler._balance:variance is 0.027231556021353125
INFO:cooler._balance:variance is 0.017072406454020923
INFO:cooler._balance:variance is 0.01069292528199104
INFO:cooler._balance:variance is 0.006728766244917203
INFO:cooler._balance:variance is 0.004230470544931029
INFO:cooler._balance:variance is 0.00266688247926565
INFO:cooler._balance:variance is 0.0016800193216172808
INFO:cooler._balance:variance is 0.0010599733279391674
INFO:cooler._balance:variance is 0.0006684240623884205
INFO:cooler._balance:variance is 0.00042189140872030026
INFO:cooler._balance:variance is 0.0002661904225596969
INFO:cooler._balance:variance is 0.0001680411321241973
INFO:cooler._balance:variance is 0.00010605515063807284
INFO:cooler._balance:variance is 6.695550284874052e-05
INFO:cooler._balance:variance is 4.2263863063802695e-05
INFO:cooler._balance:variance is 2.668305900785844e-05
INFO:cooler._balance:variance is 1.6844370910698307e-05
INFO:cooler._balance:variance is 1.0634689396313043e-05
INFO:cooler._balance:variance is 6.71373137479414e-06
INFO:cooler._balance:chr8
INFO:cooler._balance:variance is 3783.1277037291648
INFO:cooler._balance:variance is 834.724711388477
INFO:cooler._balance:variance is 224.837447701254
INFO:cooler._balance:variance is 142.0103260128691
INFO:cooler._balance:variance is 50.192491587137276
INFO:cooler._balance:variance is 29.63508170790956
INFO:cooler._balance:variance is 12.229258952747246
INFO:cooler._balance:variance is 6.7469040622473795
INFO:cooler._balance:variance is 3.047298442557736
INFO:cooler._balance:variance is 1.6084411096856455
INFO:cooler._balance:variance is 0.7633732979290111
INFO:cooler._balance:variance is 0.39292703026158615
INFO:cooler._balance:variance is 0.1914332849888289
INFO:cooler._balance:variance is 0.09722451705184555
INFO:cooler._balance:variance is 0.048014736606318845
INFO:cooler._balance:variance is 0.02421807514166165
INFO:cooler._balance:variance is 0.012043825493512
INFO:cooler._balance:variance is 0.006053722991526837
INFO:cooler._balance:variance is 0.003021320984844569
INFO:cooler._balance:variance is 0.0015160318825438862
INFO:cooler._balance:variance is 0.0007580132106021887
INFO:cooler._balance:variance is 0.0003800348637638008
INFO:cooler._balance:variance is 0.00019019547385330034
INFO:cooler._balance:variance is 9.53171605800587e-05
INFO:cooler._balance:variance is 4.772641056973888e-05
INFO:cooler._balance:variance is 2.39136787915609e-05
INFO:cooler._balance:variance is 1.1976880023117224e-05
INFO:cooler._balance:variance is 6.0005718853205395e-06
INFO:cooler._balance:chr11
INFO:cooler._balance:variance is 3073.27266433455
INFO:cooler._balance:variance is 478.18021512407086
INFO:cooler._balance:variance is 207.15198457649555
INFO:cooler._balance:variance is 123.28971721987944
INFO:cooler._balance:variance is 64.00597585158292
INFO:cooler._balance:variance is 38.942454351559135
INFO:cooler._balance:variance is 21.325142057375633
INFO:cooler._balance:variance is 12.905801466145158
INFO:cooler._balance:variance is 7.2734415627729945
INFO:cooler._balance:variance is 4.368838786091417
INFO:cooler._balance:variance is 2.5052213237491845
INFO:cooler._balance:variance is 1.4953568254767176
INFO:cooler._balance:variance is 0.8666701574779277
INFO:cooler._balance:variance is 0.5149522641391298
INFO:cooler._balance:variance is 0.3004097644741645
INFO:cooler._balance:variance is 0.17794124485160667
INFO:cooler._balance:variance is 0.10421931494995422
INFO:cooler._balance:variance is 0.06160690148518515
INFO:cooler._balance:variance is 0.036169241002208904
INFO:cooler._balance:variance is 0.02135309117021646
INFO:cooler._balance:variance is 0.01255426805510725
INFO:cooler._balance:variance is 0.0074056612251401305
INFO:cooler._balance:variance is 0.004357759349986911
INFO:cooler._balance:variance is 0.0025693370503981345
INFO:cooler._balance:variance is 0.0015126507172195343
INFO:cooler._balance:variance is 0.0008915911608421036
INFO:cooler._balance:variance is 0.000525063733073416
INFO:cooler._balance:variance is 0.0003094282993119821
INFO:cooler._balance:variance is 0.000182256087884247
INFO:cooler._balance:variance is 0.00010739460369098627
INFO:cooler._balance:variance is 6.326288502158105e-05
INFO:cooler._balance:variance is 3.727527729118581e-05
INFO:cooler._balance:variance is 2.195905062138059e-05
INFO:cooler._balance:variance is 1.2938037414996664e-05
INFO:cooler._balance:variance is 7.622131259234335e-06
INFO:cooler._balance:chr10
INFO:cooler._balance:variance is 6010.276555092586
INFO:cooler._balance:variance is 293.66613711651155
INFO:cooler._balance:variance is 87.02874742596792
INFO:cooler._balance:variance is 32.232321442013976
INFO:cooler._balance:variance is 11.934929830850326
INFO:cooler._balance:variance is 4.630830794370437
INFO:cooler._balance:variance is 1.781568385912522
INFO:cooler._balance:variance is 0.6971448102314065
INFO:cooler._balance:variance is 0.2719949600265524
INFO:cooler._balance:variance is 0.10692080605704962
INFO:cooler._balance:variance is 0.042033453268233364
INFO:cooler._balance:variance is 0.01659398392111486
INFO:cooler._balance:variance is 0.006560145728444923
INFO:cooler._balance:variance is 0.0026013450177855804
INFO:cooler._balance:variance is 0.0010335985200254968
INFO:cooler._balance:variance is 0.0004117886007517144
INFO:cooler._balance:variance is 0.0001644390777710612
INFO:cooler._balance:variance is 6.583845550961832e-05
INFO:cooler._balance:variance is 2.6427021228923702e-05
INFO:cooler._balance:variance is 1.0635977452060791e-05
INFO:cooler._balance:variance is 4.291957666734962e-06
INFO:cooler._balance:chr12
INFO:cooler._balance:variance is 3332.522101756515
INFO:cooler._balance:variance is 463.7731913320317
INFO:cooler._balance:variance is 180.07848410780358
INFO:cooler._balance:variance is 86.57888805857881
INFO:cooler._balance:variance is 39.21695606148368
INFO:cooler._balance:variance is 19.382656336177874
INFO:cooler._balance:variance is 9.190062523177014
INFO:cooler._balance:variance is 4.560260142633151
INFO:cooler._balance:variance is 2.210704946693084
INFO:cooler._balance:variance is 1.0979096800545327
INFO:cooler._balance:variance is 0.5385249185764528
INFO:cooler._balance:variance is 0.2675439958977475
INFO:cooler._balance:variance is 0.13206477908941455
INFO:cooler._balance:variance is 0.06562885293198402
INFO:cooler._balance:variance is 0.03250730615358492
INFO:cooler._balance:variance is 0.016158127167377575
INFO:cooler._balance:variance is 0.008018457684895832
INFO:cooler._balance:variance is 0.003986432616349326
INFO:cooler._balance:variance is 0.001980290329342698
INFO:cooler._balance:variance is 0.0009846599814454858
INFO:cooler._balance:variance is 0.0004894123291526914
INFO:cooler._balance:variance is 0.00024337645169200846
INFO:cooler._balance:variance is 0.00012100466736876867
INFO:cooler._balance:variance is 6.017802509756886e-05
INFO:cooler._balance:variance is 2.9925170095085022e-05
INFO:cooler._balance:variance is 1.4883125690255455e-05
INFO:cooler._balance:variance is 7.401760128723924e-06
INFO:cooler._balance:chr13
INFO:cooler._balance:variance is 2636.3394158853266
INFO:cooler._balance:variance is 431.9198940481718
INFO:cooler._balance:variance is 116.19876017112662
INFO:cooler._balance:variance is 55.929425458281784
INFO:cooler._balance:variance is 19.349553819023388
INFO:cooler._balance:variance is 8.932945486459536
INFO:cooler._balance:variance is 3.4599985317720177
INFO:cooler._balance:variance is 1.5747391393547174
INFO:cooler._balance:variance is 0.6540359787490454
INFO:cooler._balance:variance is 0.3043791329047655
INFO:cooler._balance:variance is 0.13498822172811614
INFO:cooler._balance:variance is 0.0665733453523426
INFO:cooler._balance:variance is 0.03201678446351522
INFO:cooler._balance:variance is 0.017124414331148467
INFO:cooler._balance:variance is 0.009017621419896
INFO:cooler._balance:variance is 0.005209693243160128
INFO:cooler._balance:variance is 0.002964745702846901
INFO:cooler._balance:variance is 0.0018048610514199894
INFO:cooler._balance:variance is 0.001081358799453322
INFO:cooler._balance:variance is 0.0006766224368254059
INFO:cooler._balance:variance is 0.00041728745640726465
INFO:cooler._balance:variance is 0.00026425216534964747
INFO:cooler._balance:variance is 0.00016543585517642435
INFO:cooler._balance:variance is 0.00010523493131883415
INFO:cooler._balance:variance is 6.638676877579038e-05
INFO:cooler._balance:variance is 4.228527377283055e-05
INFO:cooler._balance:variance is 2.677974309111871e-05
INFO:cooler._balance:variance is 1.7060121023675516e-05
INFO:cooler._balance:variance is 1.0826542342541612e-05
INFO:cooler._balance:variance is 6.895679297592155e-06
INFO:cooler._balance:chr14
INFO:cooler._balance:variance is 2912.8400746893767
INFO:cooler._balance:variance is 390.86296015380196
INFO:cooler._balance:variance is 104.01907514473933
INFO:cooler._balance:variance is 44.23401038633864
INFO:cooler._balance:variance is 15.850452896113065
INFO:cooler._balance:variance is 6.974814096755509
INFO:cooler._balance:variance is 2.8158352114984333
INFO:cooler._balance:variance is 1.2507899446226713
INFO:cooler._balance:variance is 0.5382841705641382
INFO:cooler._balance:variance is 0.2426108070899203
INFO:cooler._balance:variance is 0.10879038674101539
INFO:cooler._balance:variance is 0.05004435724553269
INFO:cooler._balance:variance is 0.023152111092212876
INFO:cooler._balance:variance is 0.010891252344604868
INFO:cooler._balance:variance is 0.005169269138347149
INFO:cooler._balance:variance is 0.0024836191152960213
INFO:cooler._balance:variance is 0.0012037561572894023
INFO:cooler._balance:variance is 0.000588838122990913
INFO:cooler._balance:variance is 0.0002901547022120019
INFO:cooler._balance:variance is 0.00014396041840610905
INFO:cooler._balance:variance is 7.182806795132725e-05
INFO:cooler._balance:variance is 3.601651800487373e-05
INFO:cooler._balance:variance is 1.8133552983948502e-05
INFO:cooler._balance:variance is 9.161849025103936e-06
INFO:cooler._balance:chr15
INFO:cooler._balance:variance is 2786.80995290273
INFO:cooler._balance:variance is 248.82259054469247
INFO:cooler._balance:variance is 67.43230706995428
INFO:cooler._balance:variance is 25.11225466465342
INFO:cooler._balance:variance is 10.144562619547129
INFO:cooler._balance:variance is 4.3357539911300345
INFO:cooler._balance:variance is 1.905320002257382
INFO:cooler._balance:variance is 0.8566098232471018
INFO:cooler._balance:variance is 0.39081703457371125
INFO:cooler._balance:variance is 0.18058236731638588
INFO:cooler._balance:variance is 0.08419208895010269
INFO:cooler._balance:variance is 0.039565087378434685
INFO:cooler._balance:variance is 0.018700670553686693
INFO:cooler._balance:variance is 0.008887526543679575
INFO:cooler._balance:variance is 0.004240883471520323
INFO:cooler._balance:variance is 0.0020322829031371326
INFO:cooler._balance:variance is 0.000977072854161221
INFO:cooler._balance:variance is 0.00047153130154132297
INFO:cooler._balance:variance is 0.0002282640565225703
INFO:cooler._balance:variance is 0.00011091361792727968
INFO:cooler._balance:variance is 5.4071225325615884e-05
INFO:cooler._balance:variance is 2.6464502242778023e-05
INFO:cooler._balance:variance is 1.3000986330800306e-05
INFO:cooler._balance:variance is 6.4145204073333254e-06
INFO:cooler._balance:chr16
INFO:cooler._balance:variance is 2332.5109186480036
INFO:cooler._balance:variance is 363.5436467617661
INFO:cooler._balance:variance is 101.1076304649283
INFO:cooler._balance:variance is 41.69970760220012
INFO:cooler._balance:variance is 16.445997660717282
INFO:cooler._balance:variance is 7.4069255982284545
INFO:cooler._balance:variance is 3.3999852536913067
INFO:cooler._balance:variance is 1.6694512181045225
INFO:cooler._balance:variance is 0.8469693346120551
INFO:cooler._balance:variance is 0.4484701766976752
INFO:cooler._balance:variance is 0.24506157121801767
INFO:cooler._balance:variance is 0.13775654212890215
INFO:cooler._balance:variance is 0.07935332209973889
INFO:cooler._balance:variance is 0.04651922909150123
INFO:cooler._balance:variance is 0.027724732229598845
INFO:cooler._balance:variance is 0.01668912898941845
INFO:cooler._balance:variance is 0.010149468330177311
INFO:cooler._balance:variance is 0.006205221769823157
INFO:cooler._balance:variance is 0.0038168324816778895
INFO:cooler._balance:variance is 0.00235406910925358
INFO:cooler._balance:variance is 0.0014570093815407727
INFO:cooler._balance:variance is 0.0009029844200271661
INFO:cooler._balance:variance is 0.000560761696042434
INFO:cooler._balance:variance is 0.00034845821202931793
INFO:cooler._balance:variance is 0.00021678572285608878
INFO:cooler._balance:variance is 0.00013490793186783968
INFO:cooler._balance:variance is 8.40113962184792e-05
INFO:cooler._balance:variance is 5.232329919944999e-05
INFO:cooler._balance:variance is 3.260041573799778e-05
INFO:cooler._balance:variance is 2.0313015621716492e-05
INFO:cooler._balance:variance is 1.2659771276850167e-05
INFO:cooler._balance:variance is 7.890158519942882e-06
INFO:cooler._balance:chr17
INFO:cooler._balance:variance is 16803.911736907958
INFO:cooler._balance:variance is 877.5088400932851
INFO:cooler._balance:variance is 359.19253043753974
INFO:cooler._balance:variance is 199.38731589501288
INFO:cooler._balance:variance is 101.68575632212868
INFO:cooler._balance:variance is 57.368115201737865
INFO:cooler._balance:variance is 30.79390042491046
INFO:cooler._balance:variance is 17.264466505565608
INFO:cooler._balance:variance is 9.446020390782264
INFO:cooler._balance:variance is 5.274875442324416
INFO:cooler._balance:variance is 2.9116621085810217
INFO:cooler._balance:variance is 1.623037939222307
INFO:cooler._balance:variance is 0.8997586469298327
INFO:cooler._balance:variance is 0.501189415670121
INFO:cooler._balance:variance is 0.27844021505938765
INFO:cooler._balance:variance is 0.15505777487871777
INFO:cooler._balance:variance is 0.0862379688198734
INFO:cooler._balance:variance is 0.048020247177281324
INFO:cooler._balance:variance is 0.02672243294236692
INFO:cooler._balance:variance is 0.014879734642208375
INFO:cooler._balance:variance is 0.008282804096051572
INFO:cooler._balance:variance is 0.004612106023738396
INFO:cooler._balance:variance is 0.002567745188278451
INFO:cooler._balance:variance is 0.001429810779882742
INFO:cooler._balance:variance is 0.0007961040723626021
INFO:cooler._balance:variance is 0.00044330317608224447
INFO:cooler._balance:variance is 0.00024683891962241054
INFO:cooler._balance:variance is 0.00013745102912320523
INFO:cooler._balance:variance is 7.653726381386868e-05
INFO:cooler._balance:variance is 4.2619631950671154e-05
INFO:cooler._balance:variance is 2.3732394805217204e-05
INFO:cooler._balance:variance is 1.3215389767083517e-05
INFO:cooler._balance:variance is 7.358949885221502e-06
INFO:cooler._balance:chr18
INFO:cooler._balance:variance is 2400.6144876103954
INFO:cooler._balance:variance is 282.1234463608305
INFO:cooler._balance:variance is 78.18451400541551
INFO:cooler._balance:variance is 26.234230226249366
INFO:cooler._balance:variance is 8.746288484277589
INFO:cooler._balance:variance is 3.080868031249791
INFO:cooler._balance:variance is 1.080340984049199
INFO:cooler._balance:variance is 0.38710340728862963
INFO:cooler._balance:variance is 0.13848942987328317
INFO:cooler._balance:variance is 0.049991192817887956
INFO:cooler._balance:variance is 0.018042273659247182
INFO:cooler._balance:variance is 0.006536578124909419
INFO:cooler._balance:variance is 0.0023686879844114434
INFO:cooler._balance:variance is 0.000859797457028221
INFO:cooler._balance:variance is 0.0003121747027164762
INFO:cooler._balance:variance is 0.0001134307920366345
INFO:cooler._balance:variance is 4.122394764101818e-05
INFO:cooler._balance:variance is 1.498731200576211e-05
INFO:cooler._balance:variance is 5.449460743828583e-06
INFO:cooler._balance:chr20
INFO:cooler._balance:variance is 2768.4306031061074
INFO:cooler._balance:variance is 271.21984168330596
INFO:cooler._balance:variance is 95.51101081710743
INFO:cooler._balance:variance is 41.147331607362695
INFO:cooler._balance:variance is 19.834919461838012
INFO:cooler._balance:variance is 10.030279705461185
INFO:cooler._balance:variance is 5.29335108001469
INFO:cooler._balance:variance is 2.861977406976575
INFO:cooler._balance:variance is 1.5782662329925072
INFO:cooler._balance:variance is 0.8816798245874344
INFO:cooler._balance:variance is 0.49781495095673917
INFO:cooler._balance:variance is 0.28286062659675876
INFO:cooler._balance:variance is 0.16169834513134504
INFO:cooler._balance:variance is 0.09269650898856945
INFO:cooler._balance:variance is 0.053323890960259086
INFO:cooler._balance:variance is 0.03070984470885213
INFO:cooler._balance:variance is 0.017720835820197726
INFO:cooler._balance:variance is 0.010229843017971658
INFO:cooler._balance:variance is 0.005911974444766285
INFO:cooler._balance:variance is 0.0034170030226837846
INFO:cooler._balance:variance is 0.001976178752078302
INFO:cooler._balance:variance is 0.0011429040158802025
INFO:cooler._balance:variance is 0.0006612152921638816
INFO:cooler._balance:variance is 0.00038252984103002015
INFO:cooler._balance:variance is 0.0002213457228056822
INFO:cooler._balance:variance is 0.00012807517746084814
INFO:cooler._balance:variance is 7.41148576548899e-05
INFO:cooler._balance:variance is 4.2888011979967555e-05
INFO:cooler._balance:variance is 2.481946920638209e-05
INFO:cooler._balance:variance is 1.436290080798802e-05
INFO:cooler._balance:variance is 8.31201525615516e-06
INFO:cooler._balance:chrY
INFO:cooler._balance:variance is 623.7227004352666
INFO:cooler._balance:variance is 700.8514929565821
INFO:cooler._balance:variance is 306.5052482530793
INFO:cooler._balance:variance is 391.00580808571203
INFO:cooler._balance:variance is 193.6349449588119
INFO:cooler._balance:variance is 203.03903175979278
INFO:cooler._balance:variance is 108.21290337631915
INFO:cooler._balance:variance is 99.51436386751664
INFO:cooler._balance:variance is 56.697310886969476
INFO:cooler._balance:variance is 47.81004124559634
INFO:cooler._balance:variance is 28.78157735774346
INFO:cooler._balance:variance is 22.904794760869116
INFO:cooler._balance:variance is 14.389833553509693
INFO:cooler._balance:variance is 11.012463241299857
INFO:cooler._balance:variance is 7.142928820413613
INFO:cooler._balance:variance is 5.322815477632761
INFO:cooler._balance:variance is 3.534109877013372
INFO:cooler._balance:variance is 2.5860484110765167
INFO:cooler._balance:variance is 1.7462090789779794
INFO:cooler._balance:variance is 1.2619295235704915
INFO:cooler._balance:variance is 0.8624306002944846
INFO:cooler._balance:variance is 0.6179473481115924
INFO:cooler._balance:variance is 0.4259414251275089
INFO:cooler._balance:variance is 0.3034145802329671
INFO:cooler._balance:variance is 0.2104036869761377
INFO:cooler._balance:variance is 0.14928025870666592
INFO:cooler._balance:variance is 0.1039589712677269
INFO:cooler._balance:variance is 0.07355698323109758
INFO:cooler._balance:variance is 0.05137808454162632
INFO:cooler._balance:variance is 0.03628519520466853
INFO:cooler._balance:variance is 0.0253975592990255
INFO:cooler._balance:variance is 0.017913921658896534
INFO:cooler._balance:variance is 0.012557142443713806
INFO:cooler._balance:variance is 0.008849373078903612
INFO:cooler._balance:variance is 0.006209553624061725
INFO:cooler._balance:variance is 0.004373459232655432
INFO:cooler._balance:variance is 0.0030710551427804004
INFO:cooler._balance:variance is 0.0021621071056704636
INFO:cooler._balance:variance is 0.0015190117072704705
INFO:cooler._balance:variance is 0.0010691322567533477
INFO:cooler._balance:variance is 0.0007514002154538703
INFO:cooler._balance:variance is 0.0005287622210694843
INFO:cooler._balance:variance is 0.0003717152102294018
INFO:cooler._balance:variance is 0.00026154364904472117
INFO:cooler._balance:variance is 0.00018389580899851716
INFO:cooler._balance:variance is 0.00012938028696323132
INFO:cooler._balance:variance is 9.098101277257681e-05
INFO:cooler._balance:variance is 6.400612420051905e-05
INFO:cooler._balance:variance is 4.501353922101129e-05
INFO:cooler._balance:variance is 3.166624863228206e-05
INFO:cooler._balance:variance is 2.2271317213161934e-05
INFO:cooler._balance:variance is 1.566706483878454e-05
INFO:cooler._balance:variance is 1.1019365229427257e-05
INFO:cooler._balance:variance is 7.75158288562314e-06
INFO:cooler._balance:chr19
INFO:cooler._balance:variance is 5888.229737082927
INFO:cooler._balance:variance is 2737.9934329600064
INFO:cooler._balance:variance is 890.0495867732901
INFO:cooler._balance:variance is 554.0091323894369
INFO:cooler._balance:variance is 225.84879758145595
INFO:cooler._balance:variance is 128.76272017522652
INFO:cooler._balance:variance is 59.64938601255687
INFO:cooler._balance:variance is 32.65363622781745
INFO:cooler._balance:variance is 16.222583031194798
INFO:cooler._balance:variance is 8.743037066948485
INFO:cooler._balance:variance is 4.508164634407899
INFO:cooler._balance:variance is 2.418483215912227
INFO:cooler._balance:variance is 1.2718614012721043
INFO:cooler._balance:variance is 0.6820104483425543
INFO:cooler._balance:variance is 0.3624693311606203
INFO:cooler._balance:variance is 0.19452323558255516
INFO:cooler._balance:variance is 0.10397884483024913
INFO:cooler._balance:variance is 0.05585519594452833
INFO:cooler._balance:variance is 0.029951322487842984
INFO:cooler._balance:variance is 0.016101978558019127
INFO:cooler._balance:variance is 0.008649800094655366
INFO:cooler._balance:variance is 0.00465284244616986
INFO:cooler._balance:variance is 0.002501991720757116
INFO:cooler._balance:variance is 0.001346377736769797
INFO:cooler._balance:variance is 0.00072441594092752
INFO:cooler._balance:variance is 0.00038992346588105175
INFO:cooler._balance:variance is 0.00020986868283184696
INFO:cooler._balance:variance is 0.00011298207329460894
INFO:cooler._balance:variance is 6.082244280612882e-05
INFO:cooler._balance:variance is 3.274690129979171e-05
INFO:cooler._balance:variance is 1.7630926250464124e-05
INFO:cooler._balance:variance is 9.493125536423545e-06
INFO:cooler._balance:chr22
INFO:cooler._balance:variance is 3830.7191741281663
INFO:cooler._balance:variance is 5303.790105715827
INFO:cooler._balance:variance is 1195.6551192775917
INFO:cooler._balance:variance is 1865.0722572767054
INFO:cooler._balance:variance is 639.3729675033156
INFO:cooler._balance:variance is 812.4427076647028
INFO:cooler._balance:variance is 344.8626873451558
INFO:cooler._balance:variance is 378.447016299196
INFO:cooler._balance:variance is 184.5856334131884
INFO:cooler._balance:variance is 181.4053519912215
INFO:cooler._balance:variance is 97.81832160635693
INFO:cooler._balance:variance is 88.40664770906152
INFO:cooler._balance:variance is 51.36286910436608
INFO:cooler._balance:variance is 43.579185860252444
INFO:cooler._balance:variance is 26.763821527502763
INFO:cooler._balance:variance is 21.663074488693248
INFO:cooler._balance:variance is 13.861368596985958
INFO:cooler._balance:variance is 10.836197925337958
INFO:cooler._balance:variance is 7.145517695927344
INFO:cooler._balance:variance is 5.445632232181337
INFO:cooler._balance:variance is 3.670558079693345
INFO:cooler._balance:variance is 2.7460131474380596
INFO:cooler._balance:variance is 1.8805942163038014
INFO:cooler._balance:variance is 1.388163298150268
INFO:cooler._balance:variance is 0.9616642788283587
INFO:cooler._balance:variance is 0.7030167009975837
INFO:cooler._balance:variance is 0.4910692740856909
INFO:cooler._balance:variance is 0.3565002545791174
INFO:cooler._balance:variance is 0.25050696437866454
INFO:cooler._balance:variance is 0.18095229089560894
INFO:cooler._balance:variance is 0.1276959122311122
INFO:cooler._balance:variance is 0.09191004402303228
INFO:cooler._balance:variance is 0.06505841896218485
INFO:cooler._balance:variance is 0.04670605339178168
INFO:cooler._balance:variance is 0.03313324729381196
INFO:cooler._balance:variance is 0.023742950430029247
INFO:cooler._balance:variance is 0.016869616923096468
INFO:cooler._balance:variance is 0.012072700758204494
INFO:cooler._balance:variance is 0.008587383299927467
INFO:cooler._balance:variance is 0.006139762065156574
INFO:cooler._balance:variance is 0.004370741464589063
INFO:cooler._balance:variance is 0.0031228699276151703
INFO:cooler._balance:variance is 0.002224361847627841
INFO:cooler._balance:variance is 0.0015885309889307358
INFO:cooler._balance:variance is 0.0011319423125399704
INFO:cooler._balance:variance is 0.0008081009801610472
INFO:cooler._balance:variance is 0.0005759975552199349
INFO:cooler._balance:variance is 0.0004111077422034302
INFO:cooler._balance:variance is 0.00029308992229260536
INFO:cooler._balance:variance is 0.00020915102650185237
INFO:cooler._balance:variance is 0.00014913158047158298
INFO:cooler._balance:variance is 0.00010640806830872433
INFO:cooler._balance:variance is 7.588049014591291e-05
INFO:cooler._balance:variance is 5.41372762079686e-05
INFO:cooler._balance:variance is 3.860866234579841e-05
INFO:cooler._balance:variance is 2.754377339656361e-05
INFO:cooler._balance:variance is 1.9644237765936853e-05
INFO:cooler._balance:variance is 1.4013743834675474e-05
INFO:cooler._balance:variance is 9.994995620995654e-06
INFO:cooler._balance:chr21
INFO:cooler._balance:variance is 2224.5592539099416
INFO:cooler._balance:variance is 629.281495005708
INFO:cooler._balance:variance is 168.00351051853139
INFO:cooler._balance:variance is 85.07304717417425
INFO:cooler._balance:variance is 30.7345004827845
INFO:cooler._balance:variance is 17.194292497918042
INFO:cooler._balance:variance is 7.310381896080717
INFO:cooler._balance:variance is 4.455306236114775
INFO:cooler._balance:variance is 2.15018205092369
INFO:cooler._balance:variance is 1.3719493985800408
INFO:cooler._balance:variance is 0.7296520210364311
INFO:cooler._balance:variance is 0.4725527980950509
INFO:cooler._balance:variance is 0.2689544341998592
INFO:cooler._balance:variance is 0.17432535198149055
INFO:cooler._balance:variance is 0.10379451793261757
INFO:cooler._balance:variance is 0.06713030970030125
INFO:cooler._balance:variance is 0.04120481238635558
INFO:cooler._balance:variance is 0.02664290058476692
INFO:cooler._balance:variance is 0.016718023711264025
INFO:cooler._balance:variance is 0.010843694052259172
INFO:cooler._balance:variance is 0.006926345395498835
INFO:cooler._balance:variance is 0.00452227170696691
INFO:cooler._balance:variance is 0.0029350661191114894
INFO:cooler._balance:variance is 0.0019347547180646834
INFO:cooler._balance:variance is 0.0012751957656554802
INFO:cooler._balance:variance is 0.000850582849438007
INFO:cooler._balance:variance is 0.0005692365320919848
INFO:cooler._balance:variance is 0.00038472664418311977
INFO:cooler._balance:variance is 0.0002613516563356813
INFO:cooler._balance:variance is 0.0001790507287389591
INFO:cooler._balance:variance is 0.0001233737332677636
INFO:cooler._balance:variance is 8.563447637285872e-05
INFO:cooler._balance:variance is 5.9775663952913085e-05
INFO:cooler._balance:variance is 4.1986235901581026e-05
INFO:cooler._balance:variance is 2.9641361655514143e-05
INFO:cooler._balance:variance is 2.103465887447455e-05
INFO:cooler._balance:variance is 1.4991622539738477e-05
INFO:cooler._balance:variance is 1.0729371362664361e-05
INFO:cooler._balance:variance is 7.705914505547834e-06
INFO:cooler._balance:chrM
