INFO:cooler.cli.balance:Balancing "analysis_other/porec/T2T12.hp2/cooler/T2T12.hp2_10000_balanced.cool"
INFO:cooler._balance:chr1
INFO:cooler._balance:variance is 26501607.613314338
INFO:cooler._balance:variance is 454377.67639004823
INFO:cooler._balance:variance is 164947.77869764622
INFO:cooler._balance:variance is 79911.21513496217
INFO:cooler._balance:variance is 35946.62713431234
INFO:cooler._balance:variance is 17645.271787052352
INFO:cooler._balance:variance is 8314.011790521861
INFO:cooler._balance:variance is 4063.519492860459
INFO:cooler._balance:variance is 1943.8183795435684
INFO:cooler._balance:variance is 945.7500884611962
INFO:cooler._balance:variance is 455.1561013797087
INFO:cooler._balance:variance is 220.83045776877097
INFO:cooler._balance:variance is 106.56300168979665
INFO:cooler._balance:variance is 51.623341225275254
INFO:cooler._balance:variance is 24.94207509978137
INFO:cooler._balance:variance is 12.073584971473728
INFO:cooler._balance:variance is 5.836841019786833
INFO:cooler._balance:variance is 2.824324004581261
INFO:cooler._balance:variance is 1.3657719039342986
INFO:cooler._balance:variance is 0.6607434350723101
INFO:cooler._balance:variance is 0.3195620380130757
INFO:cooler._balance:variance is 0.15458590508839676
INFO:cooler._balance:variance is 0.0747688149994859
INFO:cooler._balance:variance is 0.036167274694689125
INFO:cooler._balance:variance is 0.01749363414937869
INFO:cooler._balance:variance is 0.008461861371729216
INFO:cooler._balance:variance is 0.00409295298103804
INFO:cooler._balance:variance is 0.001979785129613428
INFO:cooler._balance:variance is 0.0009576175453470116
INFO:cooler._balance:variance is 0.0004632028118057092
INFO:cooler._balance:variance is 0.00022405093703921724
INFO:cooler._balance:variance is 0.00010837392125042531
INFO:cooler._balance:variance is 5.242049410257659e-05
INFO:cooler._balance:variance is 2.5355875789201695e-05
INFO:cooler._balance:variance is 1.2264653937963284e-05
INFO:cooler._balance:variance is 5.932429060073132e-06
INFO:cooler._balance:chr2
INFO:cooler._balance:variance is 1994114.8817769785
INFO:cooler._balance:variance is 299095.21081777225
INFO:cooler._balance:variance is 73697.23656611475
INFO:cooler._balance:variance is 22439.3846562673
INFO:cooler._balance:variance is 6337.916712825778
INFO:cooler._balance:variance is 1898.6680884154796
INFO:cooler._balance:variance is 558.528506712838
INFO:cooler._balance:variance is 168.08966184895954
INFO:cooler._balance:variance is 50.65071947578651
INFO:cooler._balance:variance is 15.475576997332215
INFO:cooler._balance:variance is 4.767581005381469
INFO:cooler._balance:variance is 1.4867914232997244
INFO:cooler._balance:variance is 0.46873128844845097
INFO:cooler._balance:variance is 0.14954987361762587
INFO:cooler._balance:variance is 0.04826092009695331
INFO:cooler._balance:variance is 0.015750802686811616
INFO:cooler._balance:variance is 0.005195250387892307
INFO:cooler._balance:variance is 0.0017306254442866235
INFO:cooler._balance:variance is 0.00058169846918991
INFO:cooler._balance:variance is 0.0001970992716916024
INFO:cooler._balance:variance is 6.725799966769595e-05
INFO:cooler._balance:variance is 2.3092445740649332e-05
INFO:cooler._balance:variance is 7.970433811056107e-06
INFO:cooler._balance:chr3
INFO:cooler._balance:variance is 1449472.9536838022
INFO:cooler._balance:variance is 367591.35009780165
INFO:cooler._balance:variance is 79210.11776009451
INFO:cooler._balance:variance is 29262.743570430375
INFO:cooler._balance:variance is 8273.722339107224
INFO:cooler._balance:variance is 2757.563082282226
INFO:cooler._balance:variance is 849.7111607335128
INFO:cooler._balance:variance is 276.938026752197
INFO:cooler._balance:variance is 88.6513253414591
INFO:cooler._balance:variance is 29.063551298803965
INFO:cooler._balance:variance is 9.541481018925802
INFO:cooler._balance:variance is 3.177535835457009
INFO:cooler._balance:variance is 1.0660854229366195
INFO:cooler._balance:variance is 0.3616910391878117
INFO:cooler._balance:variance is 0.12379357387864659
INFO:cooler._balance:variance is 0.04277361842626358
INFO:cooler._balance:variance is 0.01490218983391562
INFO:cooler._balance:variance is 0.005233285021307793
INFO:cooler._balance:variance is 0.0018507623853574121
INFO:cooler._balance:variance is 0.0006587107171572464
INFO:cooler._balance:variance is 0.00023575400555565285
INFO:cooler._balance:variance is 8.47904751276167e-05
INFO:cooler._balance:variance is 3.062411230284974e-05
INFO:cooler._balance:variance is 1.1100691042576722e-05
INFO:cooler._balance:variance is 4.036175400273756e-06
INFO:cooler._balance:chr4
INFO:cooler._balance:variance is 1101584.6138263189
INFO:cooler._balance:variance is 213577.71619236114
INFO:cooler._balance:variance is 45684.67316986854
INFO:cooler._balance:variance is 16084.309602332602
INFO:cooler._balance:variance is 4870.168383192794
INFO:cooler._balance:variance is 1725.993364738249
INFO:cooler._balance:variance is 594.5447075545585
INFO:cooler._balance:variance is 216.4922414484151
INFO:cooler._balance:variance is 78.83650322858051
INFO:cooler._balance:variance is 29.33523540080283
INFO:cooler._balance:variance is 10.95682949003747
INFO:cooler._balance:variance is 4.129406422733383
INFO:cooler._balance:variance is 1.5606188935560201
INFO:cooler._balance:variance is 0.5921149274293002
INFO:cooler._balance:variance is 0.22501182003641781
INFO:cooler._balance:variance is 0.08565738325723116
INFO:cooler._balance:variance is 0.032635161889060155
INFO:cooler._balance:variance is 0.01244379996821205
INFO:cooler._balance:variance is 0.004746816341792981
INFO:cooler._balance:variance is 0.0018113887556524579
INFO:cooler._balance:variance is 0.0006913706748316271
INFO:cooler._balance:variance is 0.0002639275469656787
INFO:cooler._balance:variance is 0.00010076333840424993
INFO:cooler._balance:variance is 3.8472935713503426e-05
INFO:cooler._balance:variance is 1.4690261844902467e-05
INFO:cooler._balance:variance is 5.609449427477374e-06
INFO:cooler._balance:chr5
INFO:cooler._balance:variance is 1570573.5101490112
INFO:cooler._balance:variance is 205598.4133265287
INFO:cooler._balance:variance is 44139.115684862816
INFO:cooler._balance:variance is 11352.151379172004
INFO:cooler._balance:variance is 2804.586629713799
INFO:cooler._balance:variance is 726.9834598882078
INFO:cooler._balance:variance is 189.6218840851942
INFO:cooler._balance:variance is 50.736138079341984
INFO:cooler._balance:variance is 13.812063020907805
INFO:cooler._balance:variance is 3.8466403475940467
INFO:cooler._balance:variance is 1.0946193863407234
INFO:cooler._balance:variance is 0.3189951001333592
INFO:cooler._balance:variance is 0.09519126130080614
INFO:cooler._balance:variance is 0.029102174303191855
INFO:cooler._balance:variance is 0.009107330361270777
INFO:cooler._balance:variance is 0.002914044176948824
INFO:cooler._balance:variance is 0.000951426715055976
INFO:cooler._balance:variance is 0.00031626466418071186
INFO:cooler._balance:variance is 0.00010676410696854143
INFO:cooler._balance:variance is 3.651146157313908e-05
INFO:cooler._balance:variance is 1.261980323829296e-05
INFO:cooler._balance:variance is 4.399505952513493e-06
INFO:cooler._balance:chr6
INFO:cooler._balance:variance is 1452459.4220863013
INFO:cooler._balance:variance is 480967.6295597821
INFO:cooler._balance:variance is 181011.67160422
INFO:cooler._balance:variance is 119615.46190716406
INFO:cooler._balance:variance is 51791.28027790841
INFO:cooler._balance:variance is 31327.889111003733
INFO:cooler._balance:variance is 14746.168657698921
INFO:cooler._balance:variance is 8400.999772970514
INFO:cooler._balance:variance is 4156.310700764843
INFO:cooler._balance:variance is 2285.634242996709
INFO:cooler._balance:variance is 1163.2638942037124
INFO:cooler._balance:variance is 627.0673095517848
INFO:cooler._balance:variance is 324.1658690381132
INFO:cooler._balance:variance is 172.83633389413248
INFO:cooler._balance:variance is 90.10775013773086
INFO:cooler._balance:variance is 47.75789271257899
INFO:cooler._balance:variance is 25.01156975218216
INFO:cooler._balance:variance is 13.214059759547599
INFO:cooler._balance:variance is 6.93713006806097
INFO:cooler._balance:variance is 3.658767122855228
INFO:cooler._balance:variance is 1.92324057186731
INFO:cooler._balance:variance is 1.0134332181075483
INFO:cooler._balance:variance is 0.533073944453329
INFO:cooler._balance:variance is 0.28076341281510964
INFO:cooler._balance:variance is 0.1477364562643607
INFO:cooler._balance:variance is 0.07779120053086552
INFO:cooler._balance:variance is 0.040941075723864614
INFO:cooler._balance:variance is 0.021554790295541876
INFO:cooler._balance:variance is 0.011345288964161288
INFO:cooler._balance:variance is 0.005972681759701037
INFO:cooler._balance:variance is 0.003143864103832865
INFO:cooler._balance:variance is 0.0016550128313332331
INFO:cooler._balance:variance is 0.0008711795386045825
INFO:cooler._balance:variance is 0.000458602818325129
INFO:cooler._balance:variance is 0.00024140668333942698
INFO:cooler._balance:variance is 0.00012707901426723154
INFO:cooler._balance:variance is 6.689439129544148e-05
INFO:cooler._balance:variance is 3.521371790334939e-05
INFO:cooler._balance:variance is 1.853657469331872e-05
INFO:cooler._balance:variance is 9.757766237373462e-06
INFO:cooler._balance:chr7
INFO:cooler._balance:variance is 989776.7381185071
INFO:cooler._balance:variance is 169760.71061228734
INFO:cooler._balance:variance is 46128.43171497269
INFO:cooler._balance:variance is 17378.73877947326
INFO:cooler._balance:variance is 5539.656272979495
INFO:cooler._balance:variance is 1968.83786857734
INFO:cooler._balance:variance is 657.5837493252117
INFO:cooler._balance:variance is 228.29437630857524
INFO:cooler._balance:variance is 77.52175087582043
INFO:cooler._balance:variance is 26.68805611970479
INFO:cooler._balance:variance is 9.116771183545513
INFO:cooler._balance:variance is 3.1295293150352217
INFO:cooler._balance:variance is 1.0714109857420127
INFO:cooler._balance:variance is 0.3674406883712426
INFO:cooler._balance:variance is 0.12590100777794072
INFO:cooler._balance:variance is 0.043166496587904266
INFO:cooler._balance:variance is 0.01479591784330782
INFO:cooler._balance:variance is 0.0050727565399056205
INFO:cooler._balance:variance is 0.001739059386227348
INFO:cooler._balance:variance is 0.0005962545193244973
INFO:cooler._balance:variance is 0.0002044312136109555
INFO:cooler._balance:variance is 7.009507178182349e-05
INFO:cooler._balance:variance is 2.4034503912775586e-05
INFO:cooler._balance:variance is 8.241359263634317e-06
INFO:cooler._balance:chrX
INFO:cooler._balance:variance is 1044478.0013100684
INFO:cooler._balance:variance is 56538.106352673356
INFO:cooler._balance:variance is 8265.040131238795
INFO:cooler._balance:variance is 1361.5146685194752
INFO:cooler._balance:variance is 227.33281544426964
INFO:cooler._balance:variance is 39.283128168230625
INFO:cooler._balance:variance is 7.044002048229321
INFO:cooler._balance:variance is 1.3422598665860968
INFO:cooler._balance:variance is 0.277904680084198
INFO:cooler._balance:variance is 0.06371169443040263
INFO:cooler._balance:variance is 0.016193194516393297
INFO:cooler._balance:variance is 0.004489386320915494
INFO:cooler._balance:variance is 0.0013244499203495961
INFO:cooler._balance:variance is 0.00040648614201156625
INFO:cooler._balance:variance is 0.00012769372920004747
INFO:cooler._balance:variance is 4.0644312050756016e-05
INFO:cooler._balance:variance is 1.303112436941007e-05
INFO:cooler._balance:variance is 4.1945698943197e-06
INFO:cooler._balance:chr9
INFO:cooler._balance:variance is 662980.7610421892
INFO:cooler._balance:variance is 157251.6218031228
INFO:cooler._balance:variance is 65580.10066833226
INFO:cooler._balance:variance is 41579.911071303526
INFO:cooler._balance:variance is 20664.15897570054
INFO:cooler._balance:variance is 13192.55692606028
INFO:cooler._balance:variance is 7114.982097159051
INFO:cooler._balance:variance is 4456.273449514752
INFO:cooler._balance:variance is 2514.882969515463
INFO:cooler._balance:variance is 1548.1525295397546
INFO:cooler._balance:variance is 895.7091159108417
INFO:cooler._balance:variance is 544.9272667482512
INFO:cooler._balance:variance is 319.61848340744524
INFO:cooler._balance:variance is 193.01074779154754
INFO:cooler._balance:variance is 114.07167738065651
INFO:cooler._balance:variance is 68.57416909674137
INFO:cooler._balance:variance is 40.702367831194294
INFO:cooler._balance:variance is 24.40140653611604
INFO:cooler._balance:variance is 14.519061880128392
INFO:cooler._balance:variance is 8.690000938365829
INFO:cooler._balance:variance is 5.177960254486507
INFO:cooler._balance:variance is 3.096075863779872
INFO:cooler._balance:variance is 1.846329080586602
INFO:cooler._balance:variance is 1.10332942252749
INFO:cooler._balance:variance is 0.6582837987443564
INFO:cooler._balance:variance is 0.39323795969833086
INFO:cooler._balance:variance is 0.23468617344588202
INFO:cooler._balance:variance is 0.14016438733293135
INFO:cooler._balance:variance is 0.08366488082849982
INFO:cooler._balance:variance is 0.04996182264229048
INFO:cooler._balance:variance is 0.029825474551993587
INFO:cooler._balance:variance is 0.01780940793061851
INFO:cooler._balance:variance is 0.010632232667526765
INFO:cooler._balance:variance is 0.006348438053718825
INFO:cooler._balance:variance is 0.0037901577996412336
INFO:cooler._balance:variance is 0.002263017583836436
INFO:cooler._balance:variance is 0.001351100072385963
INFO:cooler._balance:variance is 0.0008066982522446731
INFO:cooler._balance:variance is 0.00048163293696304346
INFO:cooler._balance:variance is 0.0002875646998596085
INFO:cooler._balance:variance is 0.00017168956509857944
INFO:cooler._balance:variance is 0.00010250871344032506
INFO:cooler._balance:variance is 6.12027671138592e-05
INFO:cooler._balance:variance is 3.654150582981991e-05
INFO:cooler._balance:variance is 2.1817142961986326e-05
INFO:cooler._balance:variance is 1.3026038685396826e-05
INFO:cooler._balance:variance is 7.777221973698867e-06
INFO:cooler._balance:chr8
INFO:cooler._balance:variance is 788619.354923734
INFO:cooler._balance:variance is 100964.30251289242
INFO:cooler._balance:variance is 21096.108836909865
INFO:cooler._balance:variance is 5609.341645027282
INFO:cooler._balance:variance is 1426.087224119948
INFO:cooler._balance:variance is 380.54512594405537
INFO:cooler._balance:variance is 100.84067907296152
INFO:cooler._balance:variance is 27.07244319742425
INFO:cooler._balance:variance is 7.266601449156801
INFO:cooler._balance:variance is 1.9585724992447395
INFO:cooler._balance:variance is 0.5282120221762668
INFO:cooler._balance:variance is 0.14266777363255684
INFO:cooler._balance:variance is 0.038551385642042496
INFO:cooler._balance:variance is 0.01042349693829736
INFO:cooler._balance:variance is 0.0028190566384551667
INFO:cooler._balance:variance is 0.0007626273714622664
INFO:cooler._balance:variance is 0.00020634434084111053
INFO:cooler._balance:variance is 5.583930612742006e-05
INFO:cooler._balance:variance is 1.5112655719473716e-05
INFO:cooler._balance:variance is 4.090671214986187e-06
INFO:cooler._balance:chr11
INFO:cooler._balance:variance is 1162031.45852748
INFO:cooler._balance:variance is 534826.8237837515
INFO:cooler._balance:variance is 170835.82936629563
INFO:cooler._balance:variance is 105958.84186557287
INFO:cooler._balance:variance is 42343.5843780028
INFO:cooler._balance:variance is 22895.650779152445
INFO:cooler._balance:variance is 10058.475261721278
INFO:cooler._balance:variance is 5094.372380031169
INFO:cooler._balance:variance is 2339.1133543809165
INFO:cooler._balance:variance is 1148.933264044567
INFO:cooler._balance:variance is 538.673969762851
INFO:cooler._balance:variance is 260.7872115733563
INFO:cooler._balance:variance is 123.4886788971114
INFO:cooler._balance:variance is 59.37539946998749
INFO:cooler._balance:variance is 28.248790377782473
INFO:cooler._balance:variance is 13.538188009171057
INFO:cooler._balance:variance is 6.45554093889585
INFO:cooler._balance:variance is 3.0889928386955585
INFO:cooler._balance:variance is 1.47453858494026
INFO:cooler._balance:variance is 0.7050462008978549
INFO:cooler._balance:variance is 0.33672849797930277
INFO:cooler._balance:variance is 0.16094858199898177
INFO:cooler._balance:variance is 0.07688754407695284
INFO:cooler._balance:variance is 0.03674427127152991
INFO:cooler._balance:variance is 0.01755534492437275
INFO:cooler._balance:variance is 0.008388954527645754
INFO:cooler._balance:variance is 0.004008223069171074
INFO:cooler._balance:variance is 0.0019152856312941776
INFO:cooler._balance:variance is 0.0009151435238471216
INFO:cooler._balance:variance is 0.0004372832559561279
INFO:cooler._balance:variance is 0.00020894118762227053
INFO:cooler._balance:variance is 9.983753725700382e-05
INFO:cooler._balance:variance is 4.770432142038693e-05
INFO:cooler._balance:variance is 2.2794270085752912e-05
INFO:cooler._balance:variance is 1.089157835344801e-05
INFO:cooler._balance:variance is 5.204247131572763e-06
INFO:cooler._balance:chr10
INFO:cooler._balance:variance is 1231123.191357213
INFO:cooler._balance:variance is 133319.2629149494
INFO:cooler._balance:variance is 32715.208826656894
INFO:cooler._balance:variance is 9960.127944963819
INFO:cooler._balance:variance is 2880.3011538419373
INFO:cooler._balance:variance is 877.6583029938291
INFO:cooler._balance:variance is 263.56635268422195
INFO:cooler._balance:variance is 80.44123963059324
INFO:cooler._balance:variance is 24.510385416695122
INFO:cooler._balance:variance is 7.521606407367793
INFO:cooler._balance:variance is 2.313792241096452
INFO:cooler._balance:variance is 0.7154110094201628
INFO:cooler._balance:variance is 0.22209856710537562
INFO:cooler._balance:variance is 0.0693007685980812
INFO:cooler._balance:variance is 0.021732619783017916
INFO:cooler._balance:variance is 0.00685329302148154
INFO:cooler._balance:variance is 0.0021736133845411147
INFO:cooler._balance:variance is 0.000693587273172286
INFO:cooler._balance:variance is 0.00022270438606226625
INFO:cooler._balance:variance is 7.19667706378933e-05
INFO:cooler._balance:variance is 2.3406183630038786e-05
INFO:cooler._balance:variance is 7.661555935690629e-06
INFO:cooler._balance:chr12
INFO:cooler._balance:variance is 801932.2750675305
INFO:cooler._balance:variance is 244043.3049571172
INFO:cooler._balance:variance is 82834.43156345138
INFO:cooler._balance:variance is 40004.305971362315
INFO:cooler._balance:variance is 15658.050934183422
INFO:cooler._balance:variance is 7104.458886072586
INFO:cooler._balance:variance is 2935.951107348601
INFO:cooler._balance:variance is 1294.201014912709
INFO:cooler._balance:variance is 547.5851781718272
INFO:cooler._balance:variance is 238.3167255820435
INFO:cooler._balance:variance is 101.87751885675877
INFO:cooler._balance:variance is 44.09010963216585
INFO:cooler._balance:variance is 18.93290046281188
INFO:cooler._balance:variance is 8.173586768085228
INFO:cooler._balance:variance is 3.516722437806026
INFO:cooler._balance:variance is 1.5165926120873914
INFO:cooler._balance:variance is 0.6530751579032369
INFO:cooler._balance:variance is 0.2815091267547945
INFO:cooler._balance:variance is 0.12126810745359111
INFO:cooler._balance:variance is 0.0522623319186606
INFO:cooler._balance:variance is 0.02251708453479292
INFO:cooler._balance:variance is 0.009703239707447974
INFO:cooler._balance:variance is 0.004180903230780265
INFO:cooler._balance:variance is 0.0018016006816550956
INFO:cooler._balance:variance is 0.0007762915688160182
INFO:cooler._balance:variance is 0.00033450786631961045
INFO:cooler._balance:variance is 0.0001441379309146747
INFO:cooler._balance:variance is 6.210931825763801e-05
INFO:cooler._balance:variance is 2.6762774936702416e-05
INFO:cooler._balance:variance is 1.1532098392437356e-05
INFO:cooler._balance:variance is 4.969169048335222e-06
INFO:cooler._balance:chr13
INFO:cooler._balance:variance is 522164.6927738263
INFO:cooler._balance:variance is 47739.92957562729
INFO:cooler._balance:variance is 8841.217460923246
INFO:cooler._balance:variance is 2253.647235709701
INFO:cooler._balance:variance is 562.1939167340105
INFO:cooler._balance:variance is 153.4060373473734
INFO:cooler._balance:variance is 43.295897621973566
INFO:cooler._balance:variance is 12.80608748078959
INFO:cooler._balance:variance is 3.915502422682679
INFO:cooler._balance:variance is 1.23492107903083
INFO:cooler._balance:variance is 0.39899883561215654
INFO:cooler._balance:variance is 0.13154396418894607
INFO:cooler._balance:variance is 0.04404781410759963
INFO:cooler._balance:variance is 0.014931795918511499
INFO:cooler._balance:variance is 0.005108888012822772
INFO:cooler._balance:variance is 0.001760405754192867
INFO:cooler._balance:variance is 0.0006097936782035663
INFO:cooler._balance:variance is 0.00021206062039846621
INFO:cooler._balance:variance is 7.39595330243978e-05
INFO:cooler._balance:variance is 2.5849782388675656e-05
INFO:cooler._balance:variance is 9.048983443685158e-06
INFO:cooler._balance:chr14
INFO:cooler._balance:variance is 454576.97756124166
INFO:cooler._balance:variance is 90211.48959173217
INFO:cooler._balance:variance is 26498.164655327444
INFO:cooler._balance:variance is 11131.27142965857
INFO:cooler._balance:variance is 4418.272511435653
INFO:cooler._balance:variance is 1982.0266346569394
INFO:cooler._balance:variance is 883.225371971119
INFO:cooler._balance:variance is 411.4180588145836
INFO:cooler._balance:variance is 192.0106914438942
INFO:cooler._balance:variance is 91.22097000170447
INFO:cooler._balance:variance is 43.392574741144564
INFO:cooler._balance:variance is 20.800114928364252
INFO:cooler._balance:variance is 9.973977600445949
INFO:cooler._balance:variance is 4.799068495882137
INFO:cooler._balance:variance is 2.309092626576689
INFO:cooler._balance:variance is 1.1127558999116145
INFO:cooler._balance:variance is 0.5361916450155271
INFO:cooler._balance:variance is 0.2585524380074596
INFO:cooler._balance:variance is 0.12466463783406768
INFO:cooler._balance:variance is 0.06012841974005517
INFO:cooler._balance:variance is 0.02899970644828182
INFO:cooler._balance:variance is 0.013988556858960156
INFO:cooler._balance:variance is 0.006747434921162363
INFO:cooler._balance:variance is 0.0032548789098654786
INFO:cooler._balance:variance is 0.0015700858558073674
INFO:cooler._balance:variance is 0.0007574013290775531
INFO:cooler._balance:variance is 0.0003653630690249916
INFO:cooler._balance:variance is 0.00017625027341913195
INFO:cooler._balance:variance is 8.502229213216137e-05
INFO:cooler._balance:variance is 4.101463853485657e-05
INFO:cooler._balance:variance is 1.9785355645079583e-05
INFO:cooler._balance:variance is 9.54443605009867e-06
INFO:cooler._balance:chr15
INFO:cooler._balance:variance is 411222.98377449263
INFO:cooler._balance:variance is 31439.908948669075
INFO:cooler._balance:variance is 5999.738511920996
INFO:cooler._balance:variance is 1380.5244901726014
INFO:cooler._balance:variance is 312.6549829755776
INFO:cooler._balance:variance is 74.54161774008956
INFO:cooler._balance:variance is 17.83407800687096
INFO:cooler._balance:variance is 4.379769267873279
INFO:cooler._balance:variance is 1.0933890278855134
INFO:cooler._balance:variance is 0.2809103974526014
INFO:cooler._balance:variance is 0.07463277900631482
INFO:cooler._balance:variance is 0.020754909425904893
INFO:cooler._balance:variance is 0.006093720002952646
INFO:cooler._balance:variance is 0.0019010290277642569
INFO:cooler._balance:variance is 0.0006296650869384845
INFO:cooler._balance:variance is 0.00021997262394933144
INFO:cooler._balance:variance is 8.019471096912657e-05
INFO:cooler._balance:variance is 3.01716083181117e-05
INFO:cooler._balance:variance is 1.1601766583203194e-05
INFO:cooler._balance:variance is 4.52625121724394e-06
INFO:cooler._balance:chr16
INFO:cooler._balance:variance is 3052651.3936096192
INFO:cooler._balance:variance is 136177.2003870001
INFO:cooler._balance:variance is 48683.873972815214
INFO:cooler._balance:variance is 32784.62260148413
INFO:cooler._balance:variance is 15037.555119692626
INFO:cooler._balance:variance is 9338.760010559443
INFO:cooler._balance:variance is 4712.17435642638
INFO:cooler._balance:variance is 2784.2051113118014
INFO:cooler._balance:variance is 1469.8166970671757
INFO:cooler._balance:variance is 844.798079237608
INFO:cooler._balance:variance is 456.41966934966035
INFO:cooler._balance:variance is 258.33627816141313
INFO:cooler._balance:variance is 141.3012342229048
INFO:cooler._balance:variance is 79.29539669545372
INFO:cooler._balance:variance is 43.6628755970024
INFO:cooler._balance:variance is 24.38598217668774
INFO:cooler._balance:variance is 13.477115703380242
INFO:cooler._balance:variance is 7.507047403326112
INFO:cooler._balance:variance is 4.157226821779514
INFO:cooler._balance:variance is 2.312238160363975
INFO:cooler._balance:variance is 1.2818951289395262
INFO:cooler._balance:variance is 0.7123993049461943
INFO:cooler._balance:variance is 0.3951957110406645
INFO:cooler._balance:variance is 0.21952515015133064
INFO:cooler._balance:variance is 0.12182096211103251
INFO:cooler._balance:variance is 0.0676524529804691
INFO:cooler._balance:variance is 0.03754948081751547
INFO:cooler._balance:variance is 0.02084990384239599
INFO:cooler._balance:variance is 0.011573648811514202
INFO:cooler._balance:variance is 0.00642593483984331
INFO:cooler._balance:variance is 0.0035672045126641638
INFO:cooler._balance:variance is 0.0019805011025504017
INFO:cooler._balance:variance is 0.0010994637223536992
INFO:cooler._balance:variance is 0.0006104041371614405
INFO:cooler._balance:variance is 0.0003388684405521601
INFO:cooler._balance:variance is 0.00018813164376233456
INFO:cooler._balance:variance is 0.0001044431250055189
INFO:cooler._balance:variance is 5.7983889251901434e-05
INFO:cooler._balance:variance is 3.219050321188806e-05
INFO:cooler._balance:variance is 1.7871189112449793e-05
INFO:cooler._balance:variance is 9.921451536824065e-06
INFO:cooler._balance:chr17
INFO:cooler._balance:variance is 471779.93870731065
INFO:cooler._balance:variance is 76999.87087186999
INFO:cooler._balance:variance is 28833.98173272544
INFO:cooler._balance:variance is 13951.79129176305
INFO:cooler._balance:variance is 6351.561548975408
INFO:cooler._balance:variance is 3094.0229581978083
INFO:cooler._balance:variance is 1467.825631579746
INFO:cooler._balance:variance is 712.4712062086279
INFO:cooler._balance:variance is 342.1404318225691
INFO:cooler._balance:variance is 165.72745523423126
INFO:cooler._balance:variance is 79.91434409410755
INFO:cooler._balance:variance is 38.6708976961914
INFO:cooler._balance:variance is 18.67602999574993
INFO:cooler._balance:variance is 9.033233699742425
INFO:cooler._balance:variance is 4.365294189891231
INFO:cooler._balance:variance is 2.110951923873864
INFO:cooler._balance:variance is 1.0203844298614473
INFO:cooler._balance:variance is 0.49338343334160917
INFO:cooler._balance:variance is 0.23851807726004165
INFO:cooler._balance:variance is 0.1153244079371218
INFO:cooler._balance:variance is 0.055754694524893074
INFO:cooler._balance:variance is 0.026956997326260033
INFO:cooler._balance:variance is 0.013032948508392256
INFO:cooler._balance:variance is 0.006301269680992488
INFO:cooler._balance:variance is 0.0030465226539202243
INFO:cooler._balance:variance is 0.0014729485079486519
INFO:cooler._balance:variance is 0.0007121416404742443
INFO:cooler._balance:variance is 0.00034430907225723194
INFO:cooler._balance:variance is 0.00016646712036511005
INFO:cooler._balance:variance is 8.048409067959557e-05
INFO:cooler._balance:variance is 3.891263253820789e-05
INFO:cooler._balance:variance is 1.8813601596716797e-05
INFO:cooler._balance:variance is 9.096048964539646e-06
INFO:cooler._balance:chr18
INFO:cooler._balance:variance is 559813.3522676673
INFO:cooler._balance:variance is 73340.02470834882
INFO:cooler._balance:variance is 16462.779870667808
INFO:cooler._balance:variance is 4265.536285365137
INFO:cooler._balance:variance is 1085.1612483787724
INFO:cooler._balance:variance is 287.1346388473805
INFO:cooler._balance:variance is 75.66221258499407
INFO:cooler._balance:variance is 20.188704473357056
INFO:cooler._balance:variance is 5.386619197702643
INFO:cooler._balance:variance is 1.4434426492499228
INFO:cooler._balance:variance is 0.38702842200167853
INFO:cooler._balance:variance is 0.10394282263368836
INFO:cooler._balance:variance is 0.027929083486998414
INFO:cooler._balance:variance is 0.007509534880428118
INFO:cooler._balance:variance is 0.0020197611826145915
INFO:cooler._balance:variance is 0.0005434009818225252
INFO:cooler._balance:variance is 0.00014622293428190016
INFO:cooler._balance:variance is 3.935279845043224e-05
INFO:cooler._balance:variance is 1.0591985090853506e-05
INFO:cooler._balance:variance is 2.8511009489705847e-06
INFO:cooler._balance:chr20
INFO:cooler._balance:variance is 1529691.6767927755
INFO:cooler._balance:variance is 31600.572041056414
INFO:cooler._balance:variance is 8853.77387580728
INFO:cooler._balance:variance is 3270.7676732498103
INFO:cooler._balance:variance is 1180.9098468772436
INFO:cooler._balance:variance is 492.0733457560864
INFO:cooler._balance:variance is 206.5521655288807
INFO:cooler._balance:variance is 94.34860803763549
INFO:cooler._balance:variance is 43.81146079283249
INFO:cooler._balance:variance is 21.205528343846197
INFO:cooler._balance:variance is 10.373156418355498
INFO:cooler._balance:variance is 5.16560214854196
INFO:cooler._balance:variance is 2.585202663704331
INFO:cooler._balance:variance is 1.303247867544578
INFO:cooler._balance:variance is 0.6583541689359986
INFO:cooler._balance:variance is 0.3335569359413053
INFO:cooler._balance:variance is 0.1691354475016738
INFO:cooler._balance:variance is 0.08586629309129966
INFO:cooler._balance:variance is 0.043605938558900055
INFO:cooler._balance:variance is 0.022155789911276362
INFO:cooler._balance:variance is 0.011258449182626655
INFO:cooler._balance:variance is 0.005722202607390128
INFO:cooler._balance:variance is 0.0029084758570360547
INFO:cooler._balance:variance is 0.0014784558075879826
INFO:cooler._balance:variance is 0.000751548494648027
INFO:cooler._balance:variance is 0.00038205308690029716
INFO:cooler._balance:variance is 0.00019421915276989876
INFO:cooler._balance:variance is 9.8734410924762e-05
INFO:cooler._balance:variance is 5.01932501907159e-05
INFO:cooler._balance:variance is 2.55167774778759e-05
INFO:cooler._balance:variance is 1.2971979680244687e-05
INFO:cooler._balance:variance is 6.594599454542133e-06
INFO:cooler._balance:chrY
INFO:cooler._balance:chr19
INFO:cooler._balance:variance is 640171.6212540652
INFO:cooler._balance:variance is 208439.34121654206
INFO:cooler._balance:variance is 60545.47488119277
INFO:cooler._balance:variance is 30122.905073419483
INFO:cooler._balance:variance is 11250.844871474468
INFO:cooler._balance:variance is 5349.756906387839
INFO:cooler._balance:variance is 2259.628593378051
INFO:cooler._balance:variance is 1057.2958207791928
INFO:cooler._balance:variance is 472.7270909198824
INFO:cooler._balance:variance is 220.6295164140162
INFO:cooler._balance:variance is 101.22675188812492
INFO:cooler._balance:variance is 47.29704740192011
INFO:cooler._balance:variance is 21.957512228806984
INFO:cooler._balance:variance is 10.274335030401085
INFO:cooler._balance:variance is 4.795863038970683
INFO:cooler._balance:variance is 2.246426259741338
INFO:cooler._balance:variance is 1.0512654717128176
INFO:cooler._balance:variance is 0.49273605478789645
INFO:cooler._balance:variance is 0.23086584350472247
INFO:cooler._balance:variance is 0.10824739944498768
INFO:cooler._balance:variance is 0.0507474775387791
INFO:cooler._balance:variance is 0.02379888369896522
INFO:cooler._balance:variance is 0.011160281734232298
INFO:cooler._balance:variance is 0.0052343391698677615
INFO:cooler._balance:variance is 0.0024549324114132715
INFO:cooler._balance:variance is 0.0011514615979526515
INFO:cooler._balance:variance is 0.0005400774030091674
INFO:cooler._balance:variance is 0.00025332491383175867
INFO:cooler._balance:variance is 0.00011882247650078416
INFO:cooler._balance:variance is 5.5734824398855495e-05
INFO:cooler._balance:variance is 2.6142931477491495e-05
INFO:cooler._balance:variance is 1.22626817108725e-05
INFO:cooler._balance:variance is 5.751968847693368e-06
INFO:cooler._balance:chr22
INFO:cooler._balance:variance is 272402.6021752604
INFO:cooler._balance:variance is 33753.67839953089
INFO:cooler._balance:variance is 7231.018268704224
INFO:cooler._balance:variance is 2331.278357043462
INFO:cooler._balance:variance is 866.3324613420016
INFO:cooler._balance:variance is 374.74895447510994
INFO:cooler._balance:variance is 177.84323676364625
INFO:cooler._balance:variance is 87.0441073970487
INFO:cooler._balance:variance is 44.18062309499889
INFO:cooler._balance:variance is 22.419942117276957
INFO:cooler._balance:variance is 11.549810645400788
INFO:cooler._balance:variance is 5.926535232709836
INFO:cooler._balance:variance is 3.062201965735764
INFO:cooler._balance:variance is 1.5775449753532211
INFO:cooler._balance:variance is 0.8154416238708363
INFO:cooler._balance:variance is 0.42076077633656955
INFO:cooler._balance:variance is 0.2174742054658574
INFO:cooler._balance:variance is 0.11229302287650857
INFO:cooler._balance:variance is 0.05803186279790495
INFO:cooler._balance:variance is 0.029974360076170884
INFO:cooler._balance:variance is 0.015488907346930552
INFO:cooler._balance:variance is 0.008001465110064323
INFO:cooler._balance:variance is 0.004134414015698621
INFO:cooler._balance:variance is 0.002135965545766869
INFO:cooler._balance:variance is 0.0011036301206997826
INFO:cooler._balance:variance is 0.0005701896331388577
INFO:cooler._balance:variance is 0.00029460509599872517
INFO:cooler._balance:variance is 0.00015221019251291125
INFO:cooler._balance:variance is 7.864301524149494e-05
INFO:cooler._balance:variance is 4.0631935422251815e-05
INFO:cooler._balance:variance is 2.0993339327989824e-05
INFO:cooler._balance:variance is 1.0846530431212926e-05
INFO:cooler._balance:variance is 5.6040704492894524e-06
INFO:cooler._balance:chr21
INFO:cooler._balance:variance is 274878.3668383209
INFO:cooler._balance:variance is 55051.836458110156
INFO:cooler._balance:variance is 22537.216721231307
INFO:cooler._balance:variance is 12636.055521194497
INFO:cooler._balance:variance is 7503.3890041841905
INFO:cooler._balance:variance is 5046.162382030096
INFO:cooler._balance:variance is 3299.2981016494205
INFO:cooler._balance:variance is 2316.7283687155
INFO:cooler._balance:variance is 1555.3760416680643
INFO:cooler._balance:variance is 1099.2937920131205
INFO:cooler._balance:variance is 746.3916056842677
INFO:cooler._balance:variance is 526.6088861152225
INFO:cooler._balance:variance is 360.03109500663
INFO:cooler._balance:variance is 253.21169562659472
INFO:cooler._balance:variance is 173.95228749853155
INFO:cooler._balance:variance is 121.98131177682204
INFO:cooler._balance:variance is 84.08891096150259
INFO:cooler._balance:variance is 58.826220191142724
INFO:cooler._balance:variance is 40.65242178478501
INFO:cooler._balance:variance is 28.388058515978333
INFO:cooler._balance:variance is 19.65214106274229
INFO:cooler._balance:variance is 13.705107576898396
INFO:cooler._balance:variance is 9.499296512361193
INFO:cooler._balance:variance is 6.618308274044973
INFO:cooler._balance:variance is 4.591254436962807
INFO:cooler._balance:variance is 3.1966045743643874
INFO:cooler._balance:variance is 2.2188909269698844
INFO:cooler._balance:variance is 1.544124398743777
INFO:cooler._balance:variance is 1.0722911985576715
INFO:cooler._balance:variance is 0.7459508027190103
INFO:cooler._balance:variance is 0.5181655491618254
INFO:cooler._balance:variance is 0.36038063420741395
INFO:cooler._balance:variance is 0.2503853318299068
INFO:cooler._balance:variance is 0.17411196000696016
INFO:cooler._balance:variance is 0.1209868188995963
INFO:cooler._balance:variance is 0.08412142846450082
INFO:cooler._balance:variance is 0.05846005798053515
INFO:cooler._balance:variance is 0.04064359732741685
INFO:cooler._balance:variance is 0.028247157794789913
INFO:cooler._balance:variance is 0.019637345580469465
INFO:cooler._balance:variance is 0.01364854231106193
INFO:cooler._balance:variance is 0.009488050220350645
INFO:cooler._balance:variance is 0.0065946989444052384
INFO:cooler._balance:variance is 0.004584306224721757
INFO:cooler._balance:variance is 0.003186410386539578
INFO:cooler._balance:variance is 0.0022149909909599014
INFO:cooler._balance:variance is 0.0015395970387598512
INFO:cooler._balance:variance is 0.0010702161128597967
INFO:cooler._balance:variance is 0.0007438946993613982
INFO:cooler._balance:variance is 0.0005170967673812797
INFO:cooler._balance:variance is 0.00035943071853453866
INFO:cooler._balance:variance is 0.0002498461875134204
INFO:cooler._balance:variance is 0.00017366745946417763
INFO:cooler._balance:variance is 0.00012071855381221665
INFO:cooler._balance:variance is 8.391148097939523e-05
INFO:cooler._balance:variance is 5.8327799768086154e-05
INFO:cooler._balance:variance is 4.05437667695995e-05
INFO:cooler._balance:variance is 2.81823597469928e-05
INFO:cooler._balance:variance is 1.9589648625776748e-05
INFO:cooler._balance:variance is 1.3616931293230963e-05
INFO:cooler._balance:variance is 9.46518459263205e-06
INFO:cooler._balance:chrM
