INFO:cooler.cli.balance:Balancing "analysis_other/porec/T2T09.hp2/cooler/T2T09.hp2_25000_balanced.cool"
INFO:cooler._balance:chr1
INFO:cooler._balance:variance is 2608962.2285692594
INFO:cooler._balance:variance is 17736.59782879739
INFO:cooler._balance:variance is 4849.249445930073
INFO:cooler._balance:variance is 1666.5862419427333
INFO:cooler._balance:variance is 571.8570758717153
INFO:cooler._balance:variance is 204.84509885238538
INFO:cooler._balance:variance is 72.67678983571886
INFO:cooler._balance:variance is 26.102532904962313
INFO:cooler._balance:variance is 9.329287564758863
INFO:cooler._balance:variance is 3.34761627523165
INFO:cooler._balance:variance is 1.1988413394771034
INFO:cooler._balance:variance is 0.42990908945596273
INFO:cooler._balance:variance is 0.15405177971449746
INFO:cooler._balance:variance is 0.055228521142910686
INFO:cooler._balance:variance is 0.019794342605551535
INFO:cooler._balance:variance is 0.007095648347204804
INFO:cooler._balance:variance is 0.002543314119224308
INFO:cooler._balance:variance is 0.0009116624954992538
INFO:cooler._balance:variance is 0.0003267778900941042
INFO:cooler._balance:variance is 0.00011713335983860374
INFO:cooler._balance:variance is 4.1985851551865696e-05
INFO:cooler._balance:variance is 1.5049729128579099e-05
INFO:cooler._balance:variance is 5.394514962264314e-06
INFO:cooler._balance:chr2
INFO:cooler._balance:variance is 253541.60972610614
INFO:cooler._balance:variance is 22067.681933025044
INFO:cooler._balance:variance is 3741.68752109501
INFO:cooler._balance:variance is 716.0248140613002
INFO:cooler._balance:variance is 133.6109306782921
INFO:cooler._balance:variance is 25.6249542484396
INFO:cooler._balance:variance is 4.94124436438458
INFO:cooler._balance:variance is 0.9704744597885084
INFO:cooler._balance:variance is 0.19401270087088837
INFO:cooler._balance:variance is 0.03970597651913906
INFO:cooler._balance:variance is 0.008342577562703452
INFO:cooler._balance:variance is 0.0018048514258946406
INFO:cooler._balance:variance is 0.00040246017468027805
INFO:cooler._balance:variance is 9.244606356437101e-05
INFO:cooler._balance:variance is 2.1824704898314872e-05
INFO:cooler._balance:variance is 5.277367964406907e-06
INFO:cooler._balance:chr3
INFO:cooler._balance:variance is 162309.50284566724
INFO:cooler._balance:variance is 21649.58831597253
INFO:cooler._balance:variance is 3837.452179384598
INFO:cooler._balance:variance is 914.9593255923518
INFO:cooler._balance:variance is 195.4523917898178
INFO:cooler._balance:variance is 45.06602736213536
INFO:cooler._balance:variance is 10.265276232449638
INFO:cooler._balance:variance is 2.410269484141538
INFO:cooler._balance:variance is 0.5725754785275302
INFO:cooler._balance:variance is 0.13889261335182115
INFO:cooler._balance:variance is 0.03425521513067659
INFO:cooler._balance:variance is 0.008598532143478185
INFO:cooler._balance:variance is 0.0021920337587905906
INFO:cooler._balance:variance is 0.0005668205764662763
INFO:cooler._balance:variance is 0.00014837460796842205
INFO:cooler._balance:variance is 3.92484740020177e-05
INFO:cooler._balance:variance is 1.0472784707901345e-05
INFO:cooler._balance:variance is 2.8144781351895155e-06
INFO:cooler._balance:chr4
INFO:cooler._balance:variance is 167292.76213451324
INFO:cooler._balance:variance is 19260.194635770004
INFO:cooler._balance:variance is 3519.721268527979
INFO:cooler._balance:variance is 909.1563334569696
INFO:cooler._balance:variance is 220.64062650285106
INFO:cooler._balance:variance is 58.68975534731811
INFO:cooler._balance:variance is 15.603538342408488
INFO:cooler._balance:variance is 4.269829797903195
INFO:cooler._balance:variance is 1.1757403974668492
INFO:cooler._balance:variance is 0.32720379775740993
INFO:cooler._balance:variance is 0.09143526798931516
INFO:cooler._balance:variance is 0.025659665975838956
INFO:cooler._balance:variance is 0.007216084549381122
INFO:cooler._balance:variance is 0.0020329168303960853
INFO:cooler._balance:variance is 0.0005732812573769719
INFO:cooler._balance:variance is 0.00016178671158790823
INFO:cooler._balance:variance is 4.567873818722039e-05
INFO:cooler._balance:variance is 1.2901096643611802e-05
INFO:cooler._balance:variance is 3.6444111906366125e-06
INFO:cooler._balance:chr5
INFO:cooler._balance:variance is 172654.81975006816
INFO:cooler._balance:variance is 15923.148114863987
INFO:cooler._balance:variance is 2342.906853888325
INFO:cooler._balance:variance is 393.8597117846091
INFO:cooler._balance:variance is 64.37431681724944
INFO:cooler._balance:variance is 10.802449800664496
INFO:cooler._balance:variance is 1.8139782916670515
INFO:cooler._balance:variance is 0.3077011070786178
INFO:cooler._balance:variance is 0.052494742834684235
INFO:cooler._balance:variance is 0.009020161373511585
INFO:cooler._balance:variance is 0.0015598368500919129
INFO:cooler._balance:variance is 0.0002715308080377756
INFO:cooler._balance:variance is 4.75819777204857e-05
INFO:cooler._balance:variance is 8.396746146578914e-06
INFO:cooler._balance:chr6
INFO:cooler._balance:variance is 110105.49561953852
INFO:cooler._balance:variance is 21906.85285416313
INFO:cooler._balance:variance is 6727.070749608839
INFO:cooler._balance:variance is 2787.4298692609427
INFO:cooler._balance:variance is 975.9014443791452
INFO:cooler._balance:variance is 385.7072667193477
INFO:cooler._balance:variance is 141.5893249019969
INFO:cooler._balance:variance is 54.61511793553343
INFO:cooler._balance:variance is 20.446880244956848
INFO:cooler._balance:variance is 7.807257341044726
INFO:cooler._balance:variance is 2.9462523761086596
INFO:cooler._balance:variance is 1.120437431451518
INFO:cooler._balance:variance is 0.424159552973815
INFO:cooler._balance:variance is 0.161051871172228
INFO:cooler._balance:variance is 0.061044075987544286
INFO:cooler._balance:variance is 0.023164299911337633
INFO:cooler._balance:variance is 0.008784258568761468
INFO:cooler._balance:variance is 0.0033325890298041595
INFO:cooler._balance:variance is 0.001264003239234094
INFO:cooler._balance:variance is 0.00047949876933262286
INFO:cooler._balance:variance is 0.00018188001237047212
INFO:cooler._balance:variance is 6.899383223269484e-05
INFO:cooler._balance:variance is 2.6170963532063024e-05
INFO:cooler._balance:variance is 9.927496981377563e-06
INFO:cooler._balance:chr7
INFO:cooler._balance:variance is 77531.22189954606
INFO:cooler._balance:variance is 7957.378625970514
INFO:cooler._balance:variance is 1672.0103849527725
INFO:cooler._balance:variance is 431.7835923030972
INFO:cooler._balance:variance is 105.28747441815509
INFO:cooler._balance:variance is 27.09360291832239
INFO:cooler._balance:variance is 6.839963496760541
INFO:cooler._balance:variance is 1.7528976816982664
INFO:cooler._balance:variance is 0.4468606927230725
INFO:cooler._balance:variance is 0.11439070773754466
INFO:cooler._balance:variance is 0.029243534687848405
INFO:cooler._balance:variance is 0.0074846849413832475
INFO:cooler._balance:variance is 0.001915075618400581
INFO:cooler._balance:variance is 0.0004901705513542085
INFO:cooler._balance:variance is 0.00012545516654184494
INFO:cooler._balance:variance is 3.211299524684678e-05
INFO:cooler._balance:variance is 8.220136675923425e-06
INFO:cooler._balance:chrX
INFO:cooler._balance:chr9
INFO:cooler._balance:variance is 51612.89027615469
INFO:cooler._balance:variance is 5424.558977191212
INFO:cooler._balance:variance is 1581.193762536523
INFO:cooler._balance:variance is 650.91408876249
INFO:cooler._balance:variance is 262.22309790062724
INFO:cooler._balance:variance is 120.14439187346075
INFO:cooler._balance:variance is 53.049602192815655
INFO:cooler._balance:variance is 24.798542422457892
INFO:cooler._balance:variance is 11.336784229702976
INFO:cooler._balance:variance is 5.315987965447255
INFO:cooler._balance:variance is 2.4651695930043327
INFO:cooler._balance:variance is 1.15624751097444
INFO:cooler._balance:variance is 0.5394749686473795
INFO:cooler._balance:variance is 0.2530015369993565
INFO:cooler._balance:variance is 0.11836141408477409
INFO:cooler._balance:variance is 0.05550248608799041
INFO:cooler._balance:variance is 0.025996707050490824
INFO:cooler._balance:variance is 0.012189590007598464
INFO:cooler._balance:variance is 0.005712520328742369
INFO:cooler._balance:variance is 0.002678429843444812
INFO:cooler._balance:variance is 0.001255520811213533
INFO:cooler._balance:variance is 0.0005886624001188917
INFO:cooler._balance:variance is 0.0002759672055243812
INFO:cooler._balance:variance is 0.0001293881092899551
INFO:cooler._balance:variance is 6.0660660926433515e-05
INFO:cooler._balance:variance is 2.8440754471493397e-05
INFO:cooler._balance:variance is 1.3334100216213112e-05
INFO:cooler._balance:variance is 6.251671751608985e-06
INFO:cooler._balance:chr8
INFO:cooler._balance:variance is 79944.8854313803
INFO:cooler._balance:variance is 6685.323100703866
INFO:cooler._balance:variance is 1063.4278424948527
INFO:cooler._balance:variance is 201.70385263669723
INFO:cooler._balance:variance is 38.22794746399445
INFO:cooler._balance:variance is 7.479175395983386
INFO:cooler._balance:variance is 1.4667908147241626
INFO:cooler._balance:variance is 0.2898052132780473
INFO:cooler._balance:variance is 0.05734550471352132
INFO:cooler._balance:variance is 0.011370796199827582
INFO:cooler._balance:variance is 0.0022562797242158153
INFO:cooler._balance:variance is 0.00044800810025968837
INFO:cooler._balance:variance is 8.898460148141304e-05
INFO:cooler._balance:variance is 1.767866687792288e-05
INFO:cooler._balance:variance is 3.5127147147523356e-06
INFO:cooler._balance:chr11
INFO:cooler._balance:variance is 105891.72471337914
INFO:cooler._balance:variance is 25637.218962094856
INFO:cooler._balance:variance is 8230.81216832994
INFO:cooler._balance:variance is 3892.212024490708
INFO:cooler._balance:variance is 1456.5327246856614
INFO:cooler._balance:variance is 649.9932975097746
INFO:cooler._balance:variance is 258.7293684366135
INFO:cooler._balance:variance is 111.55462932571315
INFO:cooler._balance:variance is 45.67442918962868
INFO:cooler._balance:variance is 19.367393715258466
INFO:cooler._balance:variance is 8.029023441094795
INFO:cooler._balance:variance is 3.3789678059183683
INFO:cooler._balance:variance is 1.4083241980527037
INFO:cooler._balance:variance is 0.5907331379989518
INFO:cooler._balance:variance is 0.24677287265048614
INFO:cooler._balance:variance is 0.10336442553227353
INFO:cooler._balance:variance is 0.0432208228564672
INFO:cooler._balance:variance is 0.018092783475195967
INFO:cooler._balance:variance is 0.00756835956372587
INFO:cooler._balance:variance is 0.003167405953788207
INFO:cooler._balance:variance is 0.001325174677998274
INFO:cooler._balance:variance is 0.0005545345859299009
INFO:cooler._balance:variance is 0.00023202169007493855
INFO:cooler._balance:variance is 9.708778196658626e-05
INFO:cooler._balance:variance is 4.062349657884962e-05
INFO:cooler._balance:variance is 1.699828508222085e-05
INFO:cooler._balance:variance is 7.1125146221643015e-06
INFO:cooler._balance:chr10
INFO:cooler._balance:variance is 97027.23761715324
INFO:cooler._balance:variance is 7783.78671192844
INFO:cooler._balance:variance is 1471.433860300417
INFO:cooler._balance:variance is 320.53756849027116
INFO:cooler._balance:variance is 70.86290655593939
INFO:cooler._balance:variance is 16.162653658478185
INFO:cooler._balance:variance is 3.729375201901913
INFO:cooler._balance:variance is 0.8748345322182821
INFO:cooler._balance:variance is 0.20767706870667077
INFO:cooler._balance:variance is 0.04993687616751159
INFO:cooler._balance:variance is 0.012142007739643175
INFO:cooler._balance:variance is 0.002984230782158715
INFO:cooler._balance:variance is 0.0007405278516145058
INFO:cooler._balance:variance is 0.0001853754808942004
INFO:cooler._balance:variance is 4.67633266879009e-05
INFO:cooler._balance:variance is 1.187665492022895e-05
INFO:cooler._balance:variance is 3.033953754278606e-06
INFO:cooler._balance:chr12
INFO:cooler._balance:variance is 99210.14629592904
INFO:cooler._balance:variance is 13595.673605722997
INFO:cooler._balance:variance is 3618.997689167378
INFO:cooler._balance:variance is 1170.433802522563
INFO:cooler._balance:variance is 352.11184293913493
INFO:cooler._balance:variance is 112.04423993000697
INFO:cooler._balance:variance is 34.78167753654474
INFO:cooler._balance:variance is 10.993636064981496
INFO:cooler._balance:variance is 3.4474084565877874
INFO:cooler._balance:variance is 1.0873613772175996
INFO:cooler._balance:variance is 0.34212021668201487
INFO:cooler._balance:variance is 0.10784583568829532
INFO:cooler._balance:variance is 0.03397011911996971
INFO:cooler._balance:variance is 0.010706753367862202
INFO:cooler._balance:variance is 0.0033737946369213397
INFO:cooler._balance:variance is 0.001063327721317716
INFO:cooler._balance:variance is 0.00033510906806961244
INFO:cooler._balance:variance is 0.00010561710960495657
INFO:cooler._balance:variance is 3.328694789245162e-05
INFO:cooler._balance:variance is 1.0491157861831564e-05
INFO:cooler._balance:variance is 3.3065157289832984e-06
INFO:cooler._balance:chr13
INFO:cooler._balance:variance is 67527.06981267362
INFO:cooler._balance:variance is 4513.3971004708765
INFO:cooler._balance:variance is 733.0785642501046
INFO:cooler._balance:variance is 144.24186662257085
INFO:cooler._balance:variance is 29.642058346032982
INFO:cooler._balance:variance is 6.492077358110774
INFO:cooler._balance:variance is 1.474042805237702
INFO:cooler._balance:variance is 0.34604409861214935
INFO:cooler._balance:variance is 0.08305496633800051
INFO:cooler._balance:variance is 0.020292093164310476
INFO:cooler._balance:variance is 0.005019296751124565
INFO:cooler._balance:variance is 0.001253072341342797
INFO:cooler._balance:variance is 0.0003148674183691217
INFO:cooler._balance:variance is 7.949167615920536e-05
INFO:cooler._balance:variance is 2.013499622037809e-05
INFO:cooler._balance:variance is 5.112162357777012e-06
INFO:cooler._balance:chr14
INFO:cooler._balance:variance is 61077.38664821942
INFO:cooler._balance:variance is 6883.381765460311
INFO:cooler._balance:variance is 1648.0107442239923
INFO:cooler._balance:variance is 515.0061072077667
INFO:cooler._balance:variance is 164.59911898562197
INFO:cooler._balance:variance is 56.7190200656376
INFO:cooler._balance:variance is 19.86731354788485
INFO:cooler._balance:variance is 7.138628305124813
INFO:cooler._balance:variance is 2.582213242978389
INFO:cooler._balance:variance is 0.9424462904735046
INFO:cooler._balance:variance is 0.3447345118205534
INFO:cooler._balance:variance is 0.12649717231368146
INFO:cooler._balance:variance is 0.046448859120533204
INFO:cooler._balance:variance is 0.01707456145395332
INFO:cooler._balance:variance is 0.006277891326766118
INFO:cooler._balance:variance is 0.00230912005658337
INFO:cooler._balance:variance is 0.0008493873256423283
INFO:cooler._balance:variance is 0.00031248140000836316
INFO:cooler._balance:variance is 0.00011496093070347774
INFO:cooler._balance:variance is 4.2295790746080926e-05
INFO:cooler._balance:variance is 1.5561311648681632e-05
INFO:cooler._balance:variance is 5.725356905013665e-06
INFO:cooler._balance:chr15
INFO:cooler._balance:variance is 87249.79209396808
INFO:cooler._balance:variance is 2535.1766910521105
INFO:cooler._balance:variance is 389.53632282568384
INFO:cooler._balance:variance is 75.44827193966533
INFO:cooler._balance:variance is 16.04595188360674
INFO:cooler._balance:variance is 3.805622512384516
INFO:cooler._balance:variance is 0.9765459022294902
INFO:cooler._balance:variance is 0.2667947591835367
INFO:cooler._balance:variance is 0.0758914043171686
INFO:cooler._balance:variance is 0.022155697828659657
INFO:cooler._balance:variance is 0.0065684141440180135
INFO:cooler._balance:variance is 0.001965083556121491
INFO:cooler._balance:variance is 0.0005909848873211703
INFO:cooler._balance:variance is 0.0001782691432405392
INFO:cooler._balance:variance is 5.386720973065084e-05
INFO:cooler._balance:variance is 1.6292894504587242e-05
INFO:cooler._balance:variance is 4.930788873795398e-06
INFO:cooler._balance:chr16
INFO:cooler._balance:variance is 696149.1205025627
INFO:cooler._balance:variance is 1492.2838356926372
INFO:cooler._balance:variance is 222.13404642602939
INFO:cooler._balance:variance is 51.078792036418825
INFO:cooler._balance:variance is 14.593266505015235
INFO:cooler._balance:variance is 5.124485170716952
INFO:cooler._balance:variance is 1.9843700481399322
INFO:cooler._balance:variance is 0.8242812121219076
INFO:cooler._balance:variance is 0.3511045787019824
INFO:cooler._balance:variance is 0.15237809718914774
INFO:cooler._balance:variance is 0.06647682737466737
INFO:cooler._balance:variance is 0.029151285634712525
INFO:cooler._balance:variance is 0.012794586575600491
INFO:cooler._balance:variance is 0.005624327194341124
INFO:cooler._balance:variance is 0.002472492685692395
INFO:cooler._balance:variance is 0.0010874835887248419
INFO:cooler._balance:variance is 0.00047828057004149896
INFO:cooler._balance:variance is 0.00021038881647573193
INFO:cooler._balance:variance is 9.254247942629238e-05
INFO:cooler._balance:variance is 4.0708968974891146e-05
INFO:cooler._balance:variance is 1.7907182465319475e-05
INFO:cooler._balance:variance is 7.877286240187093e-06
INFO:cooler._balance:chr17
INFO:cooler._balance:variance is 76765.15638167065
INFO:cooler._balance:variance is 16336.343668248664
INFO:cooler._balance:variance is 5266.449034580298
INFO:cooler._balance:variance is 2035.048220377271
INFO:cooler._balance:variance is 739.5667845090057
INFO:cooler._balance:variance is 279.257379746943
INFO:cooler._balance:variance is 103.57520166944934
INFO:cooler._balance:variance is 38.834717429475745
INFO:cooler._balance:variance is 14.478663313653401
INFO:cooler._balance:variance is 5.416864532458913
INFO:cooler._balance:variance is 2.022696821032378
INFO:cooler._balance:variance is 0.7561917782497847
INFO:cooler._balance:variance is 0.28251105702293816
INFO:cooler._balance:variance is 0.10559019783853726
INFO:cooler._balance:variance is 0.03945512584382279
INFO:cooler._balance:variance is 0.014745192542949268
INFO:cooler._balance:variance is 0.005510075911219208
INFO:cooler._balance:variance is 0.002059156959689729
INFO:cooler._balance:variance is 0.0007694963282142297
INFO:cooler._balance:variance is 0.0002875628771354733
INFO:cooler._balance:variance is 0.00010746167395497618
INFO:cooler._balance:variance is 4.015852882841374e-05
INFO:cooler._balance:variance is 1.5007209517064738e-05
INFO:cooler._balance:variance is 5.6081984094222955e-06
INFO:cooler._balance:chr18
INFO:cooler._balance:variance is 59660.55875392893
INFO:cooler._balance:variance is 6163.425109191647
INFO:cooler._balance:variance is 1102.964580277118
INFO:cooler._balance:variance is 218.9778341526513
INFO:cooler._balance:variance is 43.04256941034142
INFO:cooler._balance:variance is 8.659260505538747
INFO:cooler._balance:variance is 1.7416881436236156
INFO:cooler._balance:variance is 0.35259199106095945
INFO:cooler._balance:variance is 0.07146247707153702
INFO:cooler._balance:variance is 0.014515060630757725
INFO:cooler._balance:variance is 0.002950674740475211
INFO:cooler._balance:variance is 0.0006003364857763209
INFO:cooler._balance:variance is 0.00012220018997247968
INFO:cooler._balance:variance is 2.4883834841560908e-05
INFO:cooler._balance:variance is 5.068408054993499e-06
INFO:cooler._balance:chr20
INFO:cooler._balance:variance is 94867.22410133955
INFO:cooler._balance:variance is 2708.260173035204
INFO:cooler._balance:variance is 584.8943196469658
INFO:cooler._balance:variance is 156.45931021588902
INFO:cooler._balance:variance is 47.11038956378987
INFO:cooler._balance:variance is 15.492874848809484
INFO:cooler._balance:variance is 5.4301841903367505
INFO:cooler._balance:variance is 2.0116290845009024
INFO:cooler._balance:variance is 0.7715193761968927
INFO:cooler._balance:variance is 0.3035571784810962
INFO:cooler._balance:variance is 0.12122900117378697
INFO:cooler._balance:variance is 0.048886147905398386
INFO:cooler._balance:variance is 0.019825104202358376
INFO:cooler._balance:variance is 0.008067149680065212
INFO:cooler._balance:variance is 0.0032893177760228124
INFO:cooler._balance:variance is 0.0013427434583722722
INFO:cooler._balance:variance is 0.000548518000073725
INFO:cooler._balance:variance is 0.00022415971540789466
INFO:cooler._balance:variance is 9.16290018501929e-05
INFO:cooler._balance:variance is 3.745975950268765e-05
INFO:cooler._balance:variance is 1.5315633540030768e-05
INFO:cooler._balance:variance is 6.262156325946974e-06
INFO:cooler._balance:chrY
INFO:cooler._balance:chr19
INFO:cooler._balance:variance is 78856.51965780443
INFO:cooler._balance:variance is 26052.18465053337
INFO:cooler._balance:variance is 5874.585097511094
INFO:cooler._balance:variance is 2285.1347856079033
INFO:cooler._balance:variance is 694.9604643167352
INFO:cooler._balance:variance is 249.12468983367222
INFO:cooler._balance:variance is 83.91678723127146
INFO:cooler._balance:variance is 29.78444505373462
INFO:cooler._balance:variance is 10.429378894540273
INFO:cooler._balance:variance is 3.7177364873632226
INFO:cooler._balance:variance is 1.32280129135889
INFO:cooler._balance:variance is 0.4737929800694672
INFO:cooler._balance:variance is 0.16977431528133965
INFO:cooler._balance:variance is 0.060997782891421506
INFO:cooler._balance:variance is 0.02192890457740073
INFO:cooler._balance:variance is 0.00789256907346864
INFO:cooler._balance:variance is 0.002841829664225048
INFO:cooler._balance:variance is 0.0010237713479424129
INFO:cooler._balance:variance is 0.00036890211982356
INFO:cooler._balance:variance is 0.00013296110041492105
INFO:cooler._balance:variance is 4.792851829503954e-05
INFO:cooler._balance:variance is 1.72788051872475e-05
INFO:cooler._balance:variance is 6.229637172422681e-06
INFO:cooler._balance:chr22
INFO:cooler._balance:variance is 41834.75120109739
INFO:cooler._balance:variance is 3917.789205072345
INFO:cooler._balance:variance is 775.4216867138726
INFO:cooler._balance:variance is 204.9015333180196
INFO:cooler._balance:variance is 63.31099937502873
INFO:cooler._balance:variance is 22.017004628197206
INFO:cooler._balance:variance is 8.278866958338646
INFO:cooler._balance:variance is 3.1983718117974433
INFO:cooler._balance:variance is 1.2683327399828654
INFO:cooler._balance:variance is 0.5047786825085987
INFO:cooler._balance:variance is 0.2026585823252509
INFO:cooler._balance:variance is 0.08134858976892159
INFO:cooler._balance:variance is 0.03275528000904065
INFO:cooler._balance:variance is 0.013183345327715293
INFO:cooler._balance:variance is 0.005312103041345635
INFO:cooler._balance:variance is 0.002139907935882036
INFO:cooler._balance:variance is 0.0008624043575550511
INFO:cooler._balance:variance is 0.0003475136522915055
INFO:cooler._balance:variance is 0.0001400568537723416
INFO:cooler._balance:variance is 5.6443245443027605e-05
INFO:cooler._balance:variance is 2.2748208215503256e-05
INFO:cooler._balance:variance is 9.16793570976893e-06
INFO:cooler._balance:chr21
INFO:cooler._balance:variance is 32435.06307671279
INFO:cooler._balance:variance is 3326.9830214192784
INFO:cooler._balance:variance is 824.1097323797316
INFO:cooler._balance:variance is 298.82517393658
INFO:cooler._balance:variance is 136.33221732082498
INFO:cooler._balance:variance is 70.65760761614524
INFO:cooler._balance:variance is 38.47510922288838
INFO:cooler._balance:variance is 21.925254396760177
INFO:cooler._balance:variance is 12.53359990914257
INFO:cooler._balance:variance is 7.334419338928535
INFO:cooler._balance:variance is 4.270760867854004
INFO:cooler._balance:variance is 2.521468492670679
INFO:cooler._balance:variance is 1.4808759825577489
INFO:cooler._balance:variance is 0.8769891542541829
INFO:cooler._balance:variance is 0.5172714275597579
INFO:cooler._balance:variance is 0.30661818644582084
INFO:cooler._balance:variance is 0.18124889820802956
INFO:cooler._balance:variance is 0.10745613192417848
INFO:cooler._balance:variance is 0.0635925701421087
INFO:cooler._balance:variance is 0.037699630437797345
INFO:cooler._balance:variance is 0.02232423647448191
INFO:cooler._balance:variance is 0.013233110976546399
INFO:cooler._balance:variance is 0.007838703509102235
INFO:cooler._balance:variance is 0.004646109800462539
INFO:cooler._balance:variance is 0.002752644186030699
INFO:cooler._balance:variance is 0.001631420078275245
INFO:cooler._balance:variance is 0.0009666516595477032
INFO:cooler._balance:variance is 0.0005728827564439267
INFO:cooler._balance:variance is 0.00033946461583272806
INFO:cooler._balance:variance is 0.00020117654253275368
INFO:cooler._balance:variance is 0.00011921203211378304
INFO:cooler._balance:variance is 7.064717330111684e-05
INFO:cooler._balance:variance is 4.1864468080333795e-05
INFO:cooler._balance:variance is 2.480934241655259e-05
INFO:cooler._balance:variance is 1.4701806098506063e-05
INFO:cooler._balance:variance is 8.71238984125444e-06
INFO:cooler._balance:chrM
