INFO:cooler.cli.balance:Balancing "analysis_other/porec/T2T00/cooler/T2T00_10000_balanced.cool"
INFO:cooler._balance:chr1
INFO:cooler._balance:variance is 33144.115154038416
INFO:cooler._balance:variance is 2786.7005690483843
INFO:cooler._balance:variance is 582.170242383447
INFO:cooler._balance:variance is 164.8002203805359
INFO:cooler._balance:variance is 47.31260197983826
INFO:cooler._balance:variance is 15.477052265733187
INFO:cooler._balance:variance is 5.246859814648315
INFO:cooler._balance:variance is 1.953283726237887
INFO:cooler._balance:variance is 0.7730916663783095
INFO:cooler._balance:variance is 0.3302678532956886
INFO:cooler._balance:variance is 0.14914858931353459
INFO:cooler._balance:variance is 0.0706846469843369
INFO:cooler._balance:variance is 0.03458480946413975
INFO:cooler._balance:variance is 0.01731713629159391
INFO:cooler._balance:variance is 0.008794198447061691
INFO:cooler._balance:variance is 0.004508564920101263
INFO:cooler._balance:variance is 0.002324295542426162
INFO:cooler._balance:variance is 0.0012026492179266536
INFO:cooler._balance:variance is 0.0006235806030065408
INFO:cooler._balance:variance is 0.00032378220719547746
INFO:cooler._balance:variance is 0.0001682473391448599
INFO:cooler._balance:variance is 8.747312801686938e-05
INFO:cooler._balance:variance is 4.54908473883658e-05
INFO:cooler._balance:variance is 2.366259268140149e-05
INFO:cooler._balance:variance is 1.2309645114050624e-05
INFO:cooler._balance:variance is 6.404177983200272e-06
INFO:cooler._balance:chr2
INFO:cooler._balance:variance is 34540.1732220311
INFO:cooler._balance:variance is 3225.1210437676705
INFO:cooler._balance:variance is 805.7984436934096
INFO:cooler._balance:variance is 274.35974425604724
INFO:cooler._balance:variance is 91.09940329872781
INFO:cooler._balance:variance is 32.43070782405711
INFO:cooler._balance:variance is 11.454044454722139
INFO:cooler._balance:variance is 4.1261037041649224
INFO:cooler._balance:variance is 1.4846738185448785
INFO:cooler._balance:variance is 0.538108383054036
INFO:cooler._balance:variance is 0.19523005885294809
INFO:cooler._balance:variance is 0.07109458935637743
INFO:cooler._balance:variance is 0.025934296324929867
INFO:cooler._balance:variance is 0.009485488613854086
INFO:cooler._balance:variance is 0.003476221049269583
INFO:cooler._balance:variance is 0.0012769058021428773
INFO:cooler._balance:variance is 0.00047002310870849487
INFO:cooler._balance:variance is 0.00017339591775947195
INFO:cooler._balance:variance is 6.410386004289285e-05
INFO:cooler._balance:variance is 2.375035039889534e-05
INFO:cooler._balance:variance is 8.818194392938118e-06
INFO:cooler._balance:chr3
INFO:cooler._balance:variance is 29880.33495420606
INFO:cooler._balance:variance is 4106.716676838081
INFO:cooler._balance:variance is 1166.094249202905
INFO:cooler._balance:variance is 525.5630833189391
INFO:cooler._balance:variance is 199.7119936618314
INFO:cooler._balance:variance is 91.00189481210865
INFO:cooler._balance:variance is 38.1037506346079
INFO:cooler._balance:variance is 17.21138094716946
INFO:cooler._balance:variance is 7.494041735212391
INFO:cooler._balance:variance is 3.3727598276032014
INFO:cooler._balance:variance is 1.4948111314325536
INFO:cooler._balance:variance is 0.6725369076666977
INFO:cooler._balance:variance is 0.3007314437452037
INFO:cooler._balance:variance is 0.13543668471232145
INFO:cooler._balance:variance is 0.06085802686850677
INFO:cooler._balance:variance is 0.02744341946992005
INFO:cooler._balance:variance is 0.012367272889332028
INFO:cooler._balance:variance is 0.005583637057094672
INFO:cooler._balance:variance is 0.0025208102322764763
INFO:cooler._balance:variance is 0.0011392311989135203
INFO:cooler._balance:variance is 0.0005149323123285119
INFO:cooler._balance:variance is 0.00023289067304049142
INFO:cooler._balance:variance is 0.00010535066169228807
INFO:cooler._balance:variance is 4.76743975927788e-05
INFO:cooler._balance:variance is 2.157784957394397e-05
INFO:cooler._balance:variance is 9.768675776562735e-06
INFO:cooler._balance:chr4
INFO:cooler._balance:variance is 33316.17271976527
INFO:cooler._balance:variance is 7883.839790118635
INFO:cooler._balance:variance is 2176.046922912898
INFO:cooler._balance:variance is 1096.7960632770003
INFO:cooler._balance:variance is 395.4889449841474
INFO:cooler._balance:variance is 184.01541650115072
INFO:cooler._balance:variance is 74.03492542282581
INFO:cooler._balance:variance is 33.166799961895585
INFO:cooler._balance:variance is 14.001578918517223
INFO:cooler._balance:variance is 6.184454167486831
INFO:cooler._balance:variance is 2.6679159974604336
INFO:cooler._balance:variance is 1.1732988357340566
INFO:cooler._balance:variance is 0.5112831369535423
INFO:cooler._balance:variance is 0.22467475607786097
INFO:cooler._balance:variance is 0.09839005687873996
INFO:cooler._balance:variance is 0.043249562974485116
INFO:cooler._balance:variance is 0.018988350522701532
INFO:cooler._balance:variance is 0.008351325551394645
INFO:cooler._balance:variance is 0.0036716995810661592
INFO:cooler._balance:variance is 0.0016156677662856006
INFO:cooler._balance:variance is 0.0007109069370244913
INFO:cooler._balance:variance is 0.00031294343461514394
INFO:cooler._balance:variance is 0.00013776416919473585
INFO:cooler._balance:variance is 6.066125002667009e-05
INFO:cooler._balance:variance is 2.671235538218552e-05
INFO:cooler._balance:variance is 1.1764483584320626e-05
INFO:cooler._balance:variance is 5.1815157622266885e-06
INFO:cooler._balance:chr5
INFO:cooler._balance:variance is 42374.95652134262
INFO:cooler._balance:variance is 5575.682301686043
INFO:cooler._balance:variance is 1380.2505339343893
INFO:cooler._balance:variance is 456.1974191301156
INFO:cooler._balance:variance is 135.73863874984332
INFO:cooler._balance:variance is 43.72899018976207
INFO:cooler._balance:variance is 13.614796980109068
INFO:cooler._balance:variance is 4.344239018516544
INFO:cooler._balance:variance is 1.372563517410067
INFO:cooler._balance:variance is 0.4371914741970979
INFO:cooler._balance:variance is 0.13891860066635425
INFO:cooler._balance:variance is 0.04427567234582561
INFO:cooler._balance:variance is 0.014108200072973299
INFO:cooler._balance:variance is 0.00450184874231162
INFO:cooler._balance:variance is 0.0014370671743685942
INFO:cooler._balance:variance is 0.0004591337475994632
INFO:cooler._balance:variance is 0.00014676820955719682
INFO:cooler._balance:variance is 4.694763038015832e-05
INFO:cooler._balance:variance is 1.5025695519012453e-05
INFO:cooler._balance:variance is 4.811822552661325e-06
INFO:cooler._balance:chr6
INFO:cooler._balance:variance is 85159.94991788537
INFO:cooler._balance:variance is 5322.207508218831
INFO:cooler._balance:variance is 2079.699287533088
INFO:cooler._balance:variance is 1213.5832473705236
INFO:cooler._balance:variance is 576.9414241039814
INFO:cooler._balance:variance is 333.54870484861254
INFO:cooler._balance:variance is 169.58681568202272
INFO:cooler._balance:variance is 95.79774061795273
INFO:cooler._balance:variance is 50.32238134437163
INFO:cooler._balance:variance is 27.98511422241963
INFO:cooler._balance:variance is 14.949518805849042
INFO:cooler._balance:variance is 8.236972409396504
INFO:cooler._balance:variance is 4.439204846562628
INFO:cooler._balance:variance is 2.433054821580411
INFO:cooler._balance:variance is 1.3174480349052664
INFO:cooler._balance:variance is 0.7199370121996668
INFO:cooler._balance:variance is 0.39081688728293196
INFO:cooler._balance:variance is 0.21321606705946167
INFO:cooler._balance:variance is 0.11590191204116625
INFO:cooler._balance:variance is 0.06317458608304635
INFO:cooler._balance:variance is 0.03436634086196547
INFO:cooler._balance:variance is 0.018722667336202516
INFO:cooler._balance:variance is 0.010189014508868744
INFO:cooler._balance:variance is 0.005549415402740705
INFO:cooler._balance:variance is 0.003020688114610341
INFO:cooler._balance:variance is 0.0016449606494378262
INFO:cooler._balance:variance is 0.0008954994352221889
INFO:cooler._balance:variance is 0.0004876173307130542
INFO:cooler._balance:variance is 0.00026547078055522816
INFO:cooler._balance:variance is 0.00014454762641157525
INFO:cooler._balance:variance is 7.869799399139826e-05
INFO:cooler._balance:variance is 4.2849642650439337e-05
INFO:cooler._balance:variance is 2.332964404265299e-05
INFO:cooler._balance:variance is 1.2702400891190171e-05
INFO:cooler._balance:variance is 6.915939524186113e-06
INFO:cooler._balance:chr7
INFO:cooler._balance:variance is 27079.32404602634
INFO:cooler._balance:variance is 3569.5021269044846
INFO:cooler._balance:variance is 1011.08313946067
INFO:cooler._balance:variance is 415.836320691373
INFO:cooler._balance:variance is 153.7158017307849
INFO:cooler._balance:variance is 64.06741509245353
INFO:cooler._balance:variance is 25.366564834024803
INFO:cooler._balance:variance is 10.488974845207583
INFO:cooler._balance:variance is 4.248173113452667
INFO:cooler._balance:variance is 1.7492219072794175
INFO:cooler._balance:variance is 0.714449185363264
INFO:cooler._balance:variance is 0.29371976095575625
INFO:cooler._balance:variance is 0.120379098724295
INFO:cooler._balance:variance is 0.04946935947391229
INFO:cooler._balance:variance is 0.020306320822127067
INFO:cooler._balance:variance is 0.0083451499610588
INFO:cooler._balance:variance is 0.0034283042333049024
INFO:cooler._balance:variance is 0.0014091725140657706
INFO:cooler._balance:variance is 0.0005791855612558767
INFO:cooler._balance:variance is 0.00023812079651819244
INFO:cooler._balance:variance is 9.790183263364395e-05
INFO:cooler._balance:variance is 4.0258667709303165e-05
INFO:cooler._balance:variance is 1.6555996959684634e-05
INFO:cooler._balance:variance is 6.809283711117483e-06
INFO:cooler._balance:chrX
INFO:cooler._balance:variance is 7486.815357312202
INFO:cooler._balance:variance is 666.4395255697875
INFO:cooler._balance:variance is 158.49265637266157
INFO:cooler._balance:variance is 72.18553753406147
INFO:cooler._balance:variance is 24.83748303810847
INFO:cooler._balance:variance is 10.840809318521314
INFO:cooler._balance:variance is 4.1571222670383765
INFO:cooler._balance:variance is 1.7539596683421437
INFO:cooler._balance:variance is 0.7044099399172137
INFO:cooler._balance:variance is 0.2944637299820178
INFO:cooler._balance:variance is 0.12109225699022773
INFO:cooler._balance:variance is 0.05071852168758055
INFO:cooler._balance:variance is 0.021168998462813633
INFO:cooler._balance:variance is 0.008923260861577405
INFO:cooler._balance:variance is 0.0037669804848974994
INFO:cooler._balance:variance is 0.0016007789648083979
INFO:cooler._balance:variance is 0.0006825689071018762
INFO:cooler._balance:variance is 0.00029260702813047913
INFO:cooler._balance:variance is 0.0001259549731466068
INFO:cooler._balance:variance is 5.4482120655314534e-05
INFO:cooler._balance:variance is 2.3669579268207254e-05
INFO:cooler._balance:variance is 1.033070331085874e-05
INFO:cooler._balance:variance is 4.5286892937345965e-06
INFO:cooler._balance:chr9
INFO:cooler._balance:variance is 30285.227912716502
INFO:cooler._balance:variance is 7289.53399701303
INFO:cooler._balance:variance is 2297.1643184903364
INFO:cooler._balance:variance is 977.9156018006969
INFO:cooler._balance:variance is 420.4241905052806
INFO:cooler._balance:variance is 191.3216856520802
INFO:cooler._balance:variance is 87.6788759104937
INFO:cooler._balance:variance is 40.85460567392295
INFO:cooler._balance:variance is 19.076113991674074
INFO:cooler._balance:variance is 8.973518835424839
INFO:cooler._balance:variance is 4.22738927383163
INFO:cooler._balance:variance is 2.0018676692294615
INFO:cooler._balance:variance is 0.9504766956300681
INFO:cooler._balance:variance is 0.45381289594162266
INFO:cooler._balance:variance is 0.2177354461800586
INFO:cooler._balance:variance is 0.10527488846329726
INFO:cooler._balance:variance is 0.051321073276033316
INFO:cooler._balance:variance is 0.025301629417484057
INFO:cooler._balance:variance is 0.01263246092685237
INFO:cooler._balance:variance is 0.0064067902702522345
INFO:cooler._balance:variance is 0.003305950937958707
INFO:cooler._balance:variance is 0.001739787382096748
INFO:cooler._balance:variance is 0.0009345049866378594
INFO:cooler._balance:variance is 0.0005127649182893804
INFO:cooler._balance:variance is 0.00028719785707204294
INFO:cooler._balance:variance is 0.00016404229270266212
INFO:cooler._balance:variance is 9.53551292046767e-05
INFO:cooler._balance:variance is 5.6293591973294756e-05
INFO:cooler._balance:variance is 3.366809874816257e-05
INFO:cooler._balance:variance is 2.0355573425480704e-05
INFO:cooler._balance:variance is 1.2414110867938377e-05
INFO:cooler._balance:variance is 7.623698554283834e-06
INFO:cooler._balance:chr8
INFO:cooler._balance:variance is 26002.322995931107
INFO:cooler._balance:variance is 6826.399508938862
INFO:cooler._balance:variance is 1308.0402174314893
INFO:cooler._balance:variance is 692.1104549022217
INFO:cooler._balance:variance is 202.10109341187177
INFO:cooler._balance:variance is 89.64794197018995
INFO:cooler._balance:variance is 30.899059286162835
INFO:cooler._balance:variance is 12.588031569631479
INFO:cooler._balance:variance is 4.636056708441323
INFO:cooler._balance:variance is 1.8242063128713901
INFO:cooler._balance:variance is 0.6901362289834785
INFO:cooler._balance:variance is 0.2680338900538988
INFO:cooler._balance:variance is 0.10255744578898354
INFO:cooler._balance:variance is 0.039659321302664315
INFO:cooler._balance:variance is 0.015253814685974082
INFO:cooler._balance:variance is 0.005893313457789746
INFO:cooler._balance:variance is 0.0022729678257628217
INFO:cooler._balance:variance is 0.000878489756385685
INFO:cooler._balance:variance is 0.0003394240648767786
INFO:cooler._balance:variance is 0.00013129464465163086
INFO:cooler._balance:variance is 5.079729138520322e-05
INFO:cooler._balance:variance is 1.9668187021979455e-05
INFO:cooler._balance:variance is 7.618258142018352e-06
INFO:cooler._balance:chr11
INFO:cooler._balance:variance is 25290.243313226954
INFO:cooler._balance:variance is 5229.444247489536
INFO:cooler._balance:variance is 2068.0980886759867
INFO:cooler._balance:variance is 1257.2163885981122
INFO:cooler._balance:variance is 628.1360829044174
INFO:cooler._balance:variance is 385.5877389398685
INFO:cooler._balance:variance is 207.22648868979434
INFO:cooler._balance:variance is 124.8355593400502
INFO:cooler._balance:variance is 69.3222980770721
INFO:cooler._balance:variance is 41.11572070283348
INFO:cooler._balance:variance is 23.226803636619806
INFO:cooler._balance:variance is 13.63474730462664
INFO:cooler._balance:variance is 7.776595468934965
INFO:cooler._balance:variance is 4.5359479495929635
INFO:cooler._balance:variance is 2.601321874675746
INFO:cooler._balance:variance is 1.5114605756418094
INFO:cooler._balance:variance is 0.8695625787230443
INFO:cooler._balance:variance is 0.5040905245338729
INFO:cooler._balance:variance is 0.2905436734341098
INFO:cooler._balance:variance is 0.16820297062544723
INFO:cooler._balance:variance is 0.09705096529014941
INFO:cooler._balance:variance is 0.05614092827168672
INFO:cooler._balance:variance is 0.03241263607398682
INFO:cooler._balance:variance is 0.018741072689345946
INFO:cooler._balance:variance is 0.010823925087186784
INFO:cooler._balance:variance is 0.0062567498888540666
INFO:cooler._balance:variance is 0.0036143414677692817
INFO:cooler._balance:variance is 0.002088939305169606
INFO:cooler._balance:variance is 0.0012068639269762378
INFO:cooler._balance:variance is 0.0006974545079013277
INFO:cooler._balance:variance is 0.0004029753659539507
INFO:cooler._balance:variance is 0.0002328699498476629
INFO:cooler._balance:variance is 0.00013455302906850616
INFO:cooler._balance:variance is 7.775267337329507e-05
INFO:cooler._balance:variance is 4.492679375972824e-05
INFO:cooler._balance:variance is 2.596089713379677e-05
INFO:cooler._balance:variance is 1.500084103389017e-05
INFO:cooler._balance:variance is 8.668131552565205e-06
INFO:cooler._balance:chr10
INFO:cooler._balance:variance is 42100.54953237556
INFO:cooler._balance:variance is 2588.90257232653
INFO:cooler._balance:variance is 676.4018941026179
INFO:cooler._balance:variance is 225.33217564466673
INFO:cooler._balance:variance is 78.96287569033731
INFO:cooler._balance:variance is 29.545528530131
INFO:cooler._balance:variance is 11.223594493154138
INFO:cooler._balance:variance is 4.368897470044746
INFO:cooler._balance:variance is 1.712688989202099
INFO:cooler._balance:variance is 0.6785978532988485
INFO:cooler._balance:variance is 0.26991510920403344
INFO:cooler._balance:variance is 0.107925753144585
INFO:cooler._balance:variance is 0.04325776695465937
INFO:cooler._balance:variance is 0.017389344636618943
INFO:cooler._balance:variance is 0.007002270653588719
INFO:cooler._balance:variance is 0.0028250306520672375
INFO:cooler._balance:variance is 0.0011412773624482036
INFO:cooler._balance:variance is 0.000461713913602611
INFO:cooler._balance:variance is 0.00018700498649607865
INFO:cooler._balance:variance is 7.582899300236325e-05
INFO:cooler._balance:variance is 3.077941596868515e-05
INFO:cooler._balance:variance is 1.2506063352339161e-05
INFO:cooler._balance:variance is 5.086062544762723e-06
INFO:cooler._balance:chr12
INFO:cooler._balance:variance is 23212.395409245113
INFO:cooler._balance:variance is 3449.1278352236614
INFO:cooler._balance:variance is 1197.4608537225197
INFO:cooler._balance:variance is 539.4399449995439
INFO:cooler._balance:variance is 231.52671745458238
INFO:cooler._balance:variance is 109.44602100461374
INFO:cooler._balance:variance is 50.26202210099254
INFO:cooler._balance:variance is 24.05692214444697
INFO:cooler._balance:variance is 11.353012887366445
INFO:cooler._balance:variance is 5.459630069667263
INFO:cooler._balance:variance is 2.60795029734223
INFO:cooler._balance:variance is 1.2569400508255357
INFO:cooler._balance:variance is 0.6038754049127013
INFO:cooler._balance:variance is 0.29138277167172855
INFO:cooler._balance:variance is 0.14038731964666526
INFO:cooler._balance:variance is 0.06778282474127752
INFO:cooler._balance:variance is 0.032704404075819656
INFO:cooler._balance:variance is 0.01579624474032362
INFO:cooler._balance:variance is 0.007627121627930424
INFO:cooler._balance:variance is 0.0036846654072619912
INFO:cooler._balance:variance is 0.0017798020571466455
INFO:cooler._balance:variance is 0.0008599263594172705
INFO:cooler._balance:variance is 0.0004154537531686098
INFO:cooler._balance:variance is 0.00020074404063043108
INFO:cooler._balance:variance is 9.699529081322976e-05
INFO:cooler._balance:variance is 4.6869287695992824e-05
INFO:cooler._balance:variance is 2.264754921648681e-05
INFO:cooler._balance:variance is 1.094382717433652e-05
INFO:cooler._balance:variance is 5.288292254945168e-06
INFO:cooler._balance:chr13
INFO:cooler._balance:variance is 17919.693788797576
INFO:cooler._balance:variance is 3682.882695866301
INFO:cooler._balance:variance is 781.7663324007285
INFO:cooler._balance:variance is 373.6647273816898
INFO:cooler._balance:variance is 112.51730695825248
INFO:cooler._balance:variance is 49.19962391581663
INFO:cooler._balance:variance is 17.368956758734598
INFO:cooler._balance:variance is 7.189031527279979
INFO:cooler._balance:variance is 2.718721039043036
INFO:cooler._balance:variance is 1.097431976395441
INFO:cooler._balance:variance is 0.42716399485713624
INFO:cooler._balance:variance is 0.17071049102690816
INFO:cooler._balance:variance is 0.06725834320720057
INFO:cooler._balance:variance is 0.026783872522671823
INFO:cooler._balance:variance is 0.010608524733338766
INFO:cooler._balance:variance is 0.004220408858184055
INFO:cooler._balance:variance is 0.0016757495499402858
INFO:cooler._balance:variance is 0.0006666394919203507
INFO:cooler._balance:variance is 0.00026503701281497735
INFO:cooler._balance:variance is 0.00010546526958343234
INFO:cooler._balance:variance is 4.1962903245190715e-05
INFO:cooler._balance:variance is 1.670436014930926e-05
INFO:cooler._balance:variance is 6.650120509017708e-06
INFO:cooler._balance:chr14
INFO:cooler._balance:variance is 21655.85589753521
INFO:cooler._balance:variance is 4213.330273864573
INFO:cooler._balance:variance is 1153.2541896473344
INFO:cooler._balance:variance is 425.98892492516643
INFO:cooler._balance:variance is 142.02799283958655
INFO:cooler._balance:variance is 53.19265716653919
INFO:cooler._balance:variance is 19.051996842673425
INFO:cooler._balance:variance is 7.198313763537887
INFO:cooler._balance:variance is 2.6715864669226956
INFO:cooler._balance:variance is 1.0172005136110378
INFO:cooler._balance:variance is 0.38509109321155693
INFO:cooler._balance:variance is 0.14767526720629467
INFO:cooler._balance:variance is 0.056596064747674604
INFO:cooler._balance:variance is 0.021843766623455885
INFO:cooler._balance:variance is 0.008441676452284897
INFO:cooler._balance:variance is 0.0032764663783848846
INFO:cooler._balance:variance is 0.0012740295144149673
INFO:cooler._balance:variance is 0.0004968648765848071
INFO:cooler._balance:variance is 0.00019413476041882924
INFO:cooler._balance:variance is 7.602126758139488e-05
INFO:cooler._balance:variance is 2.9820234198595852e-05
INFO:cooler._balance:variance is 1.1718472918265674e-05
INFO:cooler._balance:variance is 4.612201609099986e-06
INFO:cooler._balance:chr15
INFO:cooler._balance:variance is 19864.663157726452
INFO:cooler._balance:variance is 2127.1646028104055
INFO:cooler._balance:variance is 640.2144892360961
INFO:cooler._balance:variance is 267.99459861699955
INFO:cooler._balance:variance is 103.14791158702772
INFO:cooler._balance:variance is 51.93860532561723
INFO:cooler._balance:variance is 22.521110793437305
INFO:cooler._balance:variance is 12.820825120932218
INFO:cooler._balance:variance is 6.141602761306361
INFO:cooler._balance:variance is 3.7572779829287004
INFO:cooler._balance:variance is 1.95679025143666
INFO:cooler._balance:variance is 1.2388160930037593
INFO:cooler._balance:variance is 0.6884910654492932
INFO:cooler._balance:variance is 0.4413481903819002
INFO:cooler._balance:variance is 0.256963578248825
INFO:cooler._balance:variance is 0.16509043026308198
INFO:cooler._balance:variance is 0.0991704795330726
INFO:cooler._balance:variance is 0.06360581313919612
INFO:cooler._balance:variance is 0.038985916454450105
INFO:cooler._balance:variance is 0.02493766766922566
INFO:cooler._balance:variance is 0.015480226782458627
INFO:cooler._balance:variance is 0.00987710246700561
INFO:cooler._balance:variance is 0.006179872885373864
INFO:cooler._balance:variance is 0.00393510049723771
INFO:cooler._balance:variance is 0.0024741618145793596
INFO:cooler._balance:variance is 0.0015731006666778497
INFO:cooler._balance:variance is 0.0009920672095086853
INFO:cooler._balance:variance is 0.0006301025942893427
INFO:cooler._balance:variance is 0.0003981146723531589
INFO:cooler._balance:variance is 0.0002526756320822811
INFO:cooler._balance:variance is 0.00015983217667194665
INFO:cooler._balance:variance is 0.00010139279011294231
INFO:cooler._balance:variance is 6.418320271092336e-05
INFO:cooler._balance:variance is 4.0702695427353023e-05
INFO:cooler._balance:variance is 2.5777038563334692e-05
INFO:cooler._balance:variance is 1.6343388214695063e-05
INFO:cooler._balance:variance is 1.0353192757191989e-05
INFO:cooler._balance:variance is 6.563311161428488e-06
INFO:cooler._balance:chr16
INFO:cooler._balance:variance is 20377.08432574537
INFO:cooler._balance:variance is 4306.544015662311
INFO:cooler._balance:variance is 1322.3391300253363
INFO:cooler._balance:variance is 572.4349232029485
INFO:cooler._balance:variance is 232.32028815762465
INFO:cooler._balance:variance is 106.57256142166486
INFO:cooler._balance:variance is 47.712347421436924
INFO:cooler._balance:variance is 22.956039845422254
INFO:cooler._balance:variance is 10.98527134502298
INFO:cooler._balance:variance is 5.55052263624798
INFO:cooler._balance:variance is 2.825544530381313
INFO:cooler._balance:variance is 1.503023113709392
INFO:cooler._balance:variance is 0.8105201603245933
INFO:cooler._balance:variance is 0.45208501867686895
INFO:cooler._balance:variance is 0.2556308846536732
INFO:cooler._balance:variance is 0.1479759106580794
INFO:cooler._balance:variance is 0.0865580886281822
INFO:cooler._balance:variance is 0.0513889427025229
INFO:cooler._balance:variance is 0.03071843912997002
INFO:cooler._balance:variance is 0.018524494497968943
INFO:cooler._balance:variance is 0.011216622441466859
INFO:cooler._balance:variance is 0.0068257678933507015
INFO:cooler._balance:variance is 0.0041633176680849465
INFO:cooler._balance:variance is 0.002546478805863063
INFO:cooler._balance:variance is 0.0015595055388799707
INFO:cooler._balance:variance is 0.0009565422816249422
INFO:cooler._balance:variance is 0.0005871034037686488
INFO:cooler._balance:variance is 0.0003606574255447557
INFO:cooler._balance:variance is 0.00022163097031775323
INFO:cooler._balance:variance is 0.00013626061190215064
INFO:cooler._balance:variance is 8.378989428461532e-05
INFO:cooler._balance:variance is 5.153783530181239e-05
INFO:cooler._balance:variance is 3.1703192130625426e-05
INFO:cooler._balance:variance is 1.950485853464283e-05
INFO:cooler._balance:variance is 1.20006386581859e-05
INFO:cooler._balance:variance is 7.3841602431674e-06
INFO:cooler._balance:chr17
INFO:cooler._balance:variance is 56540.35416851821
INFO:cooler._balance:variance is 5996.494473116543
INFO:cooler._balance:variance is 2301.369807914602
INFO:cooler._balance:variance is 1247.5443770054114
INFO:cooler._balance:variance is 612.5089580430042
INFO:cooler._balance:variance is 340.861780302954
INFO:cooler._balance:variance is 179.4621182423345
INFO:cooler._balance:variance is 99.81698211715657
INFO:cooler._balance:variance is 53.991665767951524
INFO:cooler._balance:variance is 29.969842501482923
INFO:cooler._balance:variance is 16.40765994380342
INFO:cooler._balance:variance is 9.096386243989329
INFO:cooler._balance:variance is 5.008367283504266
INFO:cooler._balance:variance is 2.7748417787878576
INFO:cooler._balance:variance is 1.5319993970987542
INFO:cooler._balance:variance is 0.8485096664180547
INFO:cooler._balance:variance is 0.46910286630818954
INFO:cooler._balance:variance is 0.2597714621094695
INFO:cooler._balance:variance is 0.14371479367491827
INFO:cooler._balance:variance is 0.0795765592366882
INFO:cooler._balance:variance is 0.04404016787920803
INFO:cooler._balance:variance is 0.024384355663951637
INFO:cooler._balance:variance is 0.013497566012523726
INFO:cooler._balance:variance is 0.007473192001342905
INFO:cooler._balance:variance is 0.00413706982981826
INFO:cooler._balance:variance is 0.002290536106292303
INFO:cooler._balance:variance is 0.0012680798327710178
INFO:cooler._balance:variance is 0.0007020812289508666
INFO:cooler._balance:variance is 0.000388695107452105
INFO:cooler._balance:variance is 0.0002152027867908657
INFO:cooler._balance:variance is 0.00011914511847009124
INFO:cooler._balance:variance is 6.59650644293434e-05
INFO:cooler._balance:variance is 3.652127904902164e-05
INFO:cooler._balance:variance is 2.02200916041781e-05
INFO:cooler._balance:variance is 1.1194819385012399e-05
INFO:cooler._balance:variance is 6.198033225010394e-06
INFO:cooler._balance:chr18
INFO:cooler._balance:variance is 17871.169149325957
INFO:cooler._balance:variance is 2114.354681722239
INFO:cooler._balance:variance is 520.2797491047103
INFO:cooler._balance:variance is 156.1171989585798
INFO:cooler._balance:variance is 48.419711567751996
INFO:cooler._balance:variance is 16.166281913777976
INFO:cooler._balance:variance is 5.50056879362069
INFO:cooler._balance:variance is 1.9351226737032665
INFO:cooler._balance:variance is 0.68790495852789
INFO:cooler._balance:variance is 0.24827300573233266
INFO:cooler._balance:variance is 0.09012096515659211
INFO:cooler._balance:variance is 0.03294321595622663
INFO:cooler._balance:variance is 0.012080771978061797
INFO:cooler._balance:variance is 0.004445167829708047
INFO:cooler._balance:variance is 0.0016385563063107044
INFO:cooler._balance:variance is 0.0006050256227824423
INFO:cooler._balance:variance is 0.000223629853764278
INFO:cooler._balance:variance is 8.27326607413356e-05
INFO:cooler._balance:variance is 3.062534188136077e-05
INFO:cooler._balance:variance is 1.1342303488316869e-05
INFO:cooler._balance:variance is 4.2021653056448835e-06
INFO:cooler._balance:chr20
INFO:cooler._balance:variance is 18260.425596477504
INFO:cooler._balance:variance is 3171.855991307623
INFO:cooler._balance:variance is 1091.6601309509217
INFO:cooler._balance:variance is 444.0644577785346
INFO:cooler._balance:variance is 194.3805007950643
INFO:cooler._balance:variance is 90.40234363027815
INFO:cooler._balance:variance is 43.8599999378823
INFO:cooler._balance:variance is 22.182058736594417
INFO:cooler._balance:variance is 11.54167478886446
INFO:cooler._balance:variance is 6.173635305186543
INFO:cooler._balance:variance is 3.3626371960538335
INFO:cooler._balance:variance is 1.8608049011276362
INFO:cooler._balance:variance is 1.0405922857795853
INFO:cooler._balance:variance is 0.5866478737337198
INFO:cooler._balance:variance is 0.33261815632251834
INFO:cooler._balance:variance is 0.18931626801797186
INFO:cooler._balance:variance is 0.10807446216075972
INFO:cooler._balance:variance is 0.06180453121759198
INFO:cooler._balance:variance is 0.03539837756545432
INFO:cooler._balance:variance is 0.020290040536612645
INFO:cooler._balance:variance is 0.011639205817786437
INFO:cooler._balance:variance is 0.006678951734382387
INFO:cooler._balance:variance is 0.0038341381641963527
INFO:cooler._balance:variance is 0.0022013407332317036
INFO:cooler._balance:variance is 0.0012641434695023904
INFO:cooler._balance:variance is 0.0007259876823607383
INFO:cooler._balance:variance is 0.00041697339642616995
INFO:cooler._balance:variance is 0.0002394948219685388
INFO:cooler._balance:variance is 0.0001375649781786568
INFO:cooler._balance:variance is 7.901732273353305e-05
INFO:cooler._balance:variance is 4.538885840849464e-05
INFO:cooler._balance:variance is 2.6072138985815885e-05
INFO:cooler._balance:variance is 1.4976511088122667e-05
INFO:cooler._balance:variance is 8.602890546998844e-06
INFO:cooler._balance:chrY
INFO:cooler._balance:variance is 17276.126430846092
INFO:cooler._balance:variance is 29637.582180155998
INFO:cooler._balance:variance is 26915.062055677245
INFO:cooler._balance:variance is 42049.88508087298
INFO:cooler._balance:variance is 30503.189252771215
INFO:cooler._balance:variance is 39698.26209060441
INFO:cooler._balance:variance is 26398.962615906057
INFO:cooler._balance:variance is 29638.230101638903
INFO:cooler._balance:variance is 19483.42629486741
INFO:cooler._balance:variance is 19568.644925676123
INFO:cooler._balance:variance is 13059.178348994468
INFO:cooler._balance:variance is 12103.22064893846
INFO:cooler._balance:variance is 8255.363171753052
INFO:cooler._balance:variance is 7228.25320233622
INFO:cooler._balance:variance is 5036.07759294504
INFO:cooler._balance:variance is 4236.678342189667
INFO:cooler._balance:variance is 3006.3057987156903
INFO:cooler._balance:variance is 2458.7417046798632
INFO:cooler._balance:variance is 1770.9904555575138
INFO:cooler._balance:variance is 1419.6504786376815
INFO:cooler._balance:variance is 1034.7867629676505
INFO:cooler._balance:variance is 817.6337083482224
INFO:cooler._balance:variance is 601.5537051136699
INFO:cooler._balance:variance is 470.376705759412
INFO:cooler._balance:variance is 348.57881210004325
INFO:cooler._balance:variance is 270.49182282871953
INFO:cooler._balance:variance is 201.57222016825554
INFO:cooler._balance:variance is 155.5385444549571
INFO:cooler._balance:variance is 116.40571642072965
INFO:cooler._balance:variance is 89.4473328559154
INFO:cooler._balance:variance is 67.16265532560499
INFO:cooler._balance:variance is 51.44796531289147
INFO:cooler._balance:variance is 38.72727631391126
INFO:cooler._balance:variance is 29.596786160019224
INFO:cooler._balance:variance is 22.321510190974696
INFO:cooler._balance:variance is 17.02905518250573
INFO:cooler._balance:variance is 12.861813759895602
INFO:cooler._balance:variance is 9.799333168034948
INFO:cooler._balance:variance is 7.409515175885698
INFO:cooler._balance:variance is 5.639649578544783
INFO:cooler._balance:variance is 4.2678755307029554
INFO:cooler._balance:variance is 3.2459942985642605
INFO:cooler._balance:variance is 2.458022807717307
INFO:cooler._balance:variance is 1.8684227276306782
INFO:cooler._balance:variance is 1.4155491800311515
INFO:cooler._balance:variance is 1.0755421178185316
INFO:cooler._balance:variance is 0.8151509524929683
INFO:cooler._balance:variance is 0.6191545226663225
INFO:cooler._balance:variance is 0.4693877916422444
INFO:cooler._balance:variance is 0.35643933403948475
INFO:cooler._balance:variance is 0.2702782467662532
INFO:cooler._balance:variance is 0.20520299352839308
INFO:cooler._balance:variance is 0.1556250705923801
INFO:cooler._balance:variance is 0.11813826026235805
INFO:cooler._balance:variance is 0.08960657571597913
INFO:cooler._balance:variance is 0.06801491921142544
INFO:cooler._balance:variance is 0.05159338944533412
INFO:cooler._balance:variance is 0.03915822010531629
INFO:cooler._balance:variance is 0.02970596075744376
INFO:cooler._balance:variance is 0.022544760080468393
INFO:cooler._balance:variance is 0.01710368314837652
INFO:cooler._balance:variance is 0.012979897876622374
INFO:cooler._balance:variance is 0.009847659676878073
INFO:cooler._balance:variance is 0.0074730726128838
INFO:cooler._balance:variance is 0.005669887135811681
INFO:cooler._balance:variance is 0.0043025790054271595
INFO:cooler._balance:variance is 0.003264481986717258
INFO:cooler._balance:variance is 0.002477192840235722
INFO:cooler._balance:variance is 0.0018795461222360684
INFO:cooler._balance:variance is 0.0014262372472136802
INFO:cooler._balance:variance is 0.0010821583755894024
INFO:cooler._balance:variance is 0.0008211537648330013
INFO:cooler._balance:variance is 0.0006230573174272909
INFO:cooler._balance:variance is 0.00047277856345130783
INFO:cooler._balance:variance is 0.00035872750314736436
INFO:cooler._balance:variance is 0.0002722021184642677
INFO:cooler._balance:variance is 0.00020653847583283462
INFO:cooler._balance:variance is 0.0001567204088043902
INFO:cooler._balance:variance is 0.00011891509086330394
INFO:cooler._balance:variance is 9.023185004928046e-05
INFO:cooler._balance:variance is 6.846565340700354e-05
INFO:cooler._balance:variance is 5.19510534589758e-05
INFO:cooler._balance:variance is 3.9419251740797224e-05
INFO:cooler._balance:variance is 2.9910866869923717e-05
INFO:cooler._balance:variance is 2.269571499450963e-05
INFO:cooler._balance:variance is 1.722121349672376e-05
INFO:cooler._balance:variance is 1.3067101553031162e-05
INFO:cooler._balance:variance is 9.91513393645969e-06
INFO:cooler._balance:chr19
INFO:cooler._balance:variance is 52214.51057910338
INFO:cooler._balance:variance is 24887.23532164654
INFO:cooler._balance:variance is 8554.568166353034
INFO:cooler._balance:variance is 5149.092296881569
INFO:cooler._balance:variance is 2147.666717766604
INFO:cooler._balance:variance is 1234.3363125044555
INFO:cooler._balance:variance is 581.3762034064397
INFO:cooler._balance:variance is 325.72761746483263
INFO:cooler._balance:variance is 164.87270187725997
INFO:cooler._balance:variance is 91.33299219621443
INFO:cooler._balance:variance is 48.10901881779339
INFO:cooler._balance:variance is 26.537368115338353
INFO:cooler._balance:variance is 14.279110411904886
INFO:cooler._balance:variance is 7.8663301404008195
INFO:cooler._balance:variance is 4.280456282587046
INFO:cooler._balance:variance is 2.357577191415537
INFO:cooler._balance:variance is 1.2904826741081672
INFO:cooler._balance:variance is 0.7108362885423872
INFO:cooler._balance:variance is 0.3903156588558864
INFO:cooler._balance:variance is 0.21502882672082269
INFO:cooler._balance:variance is 0.11826836855240659
INFO:cooler._balance:variance is 0.06516306683417784
INFO:cooler._balance:variance is 0.03587264413184372
INFO:cooler._balance:variance is 0.019766627553459353
INFO:cooler._balance:variance is 0.010886931586452691
INFO:cooler._balance:variance is 0.00599926456591282
INFO:cooler._balance:variance is 0.0033051093040224228
INFO:cooler._balance:variance is 0.0018213471656906364
INFO:cooler._balance:variance is 0.001003560158796905
INFO:cooler._balance:variance is 0.0005530430950964695
INFO:cooler._balance:variance is 0.0003047503321064195
INFO:cooler._balance:variance is 0.00016794414937156333
INFO:cooler._balance:variance is 9.254844522037563e-05
INFO:cooler._balance:variance is 5.100266016601706e-05
INFO:cooler._balance:variance is 2.8106553565948314e-05
INFO:cooler._balance:variance is 1.5489344962845405e-05
INFO:cooler._balance:variance is 8.535985026051255e-06
INFO:cooler._balance:chr22
INFO:cooler._balance:variance is 21708.966522585113
INFO:cooler._balance:variance is 25674.195234347455
INFO:cooler._balance:variance is 4650.61455853273
INFO:cooler._balance:variance is 6761.177705038132
INFO:cooler._balance:variance is 1952.1096185842198
INFO:cooler._balance:variance is 2167.1563745122235
INFO:cooler._balance:variance is 833.5905443500232
INFO:cooler._balance:variance is 760.7337007152173
INFO:cooler._balance:variance is 350.85420785901334
INFO:cooler._balance:variance is 281.32416692865803
INFO:cooler._balance:variance is 145.58381516738245
INFO:cooler._balance:variance is 107.37842012408306
INFO:cooler._balance:variance is 59.80424729508036
INFO:cooler._balance:variance is 41.808418333379905
INFO:cooler._balance:variance is 24.408064263280817
INFO:cooler._balance:variance is 16.488084525409512
INFO:cooler._balance:variance is 9.921946248106948
INFO:cooler._balance:variance is 6.5571550406239325
INFO:cooler._balance:variance is 4.023711589695503
INFO:cooler._balance:variance is 2.6222391870303956
INFO:cooler._balance:variance is 1.6295447824500189
INFO:cooler._balance:variance is 1.0525522051546239
INFO:cooler._balance:variance is 0.6594566525206497
INFO:cooler._balance:variance is 0.4235503714306304
INFO:cooler._balance:variance is 0.2667767038871433
INFO:cooler._balance:variance is 0.17072927744987534
INFO:cooler._balance:variance is 0.1079055950464312
INFO:cooler._balance:variance is 0.06889992830671483
INFO:cooler._balance:variance is 0.04364408225607876
INFO:cooler._balance:variance is 0.02782784247923835
INFO:cooler._balance:variance is 0.01765298366282177
INFO:cooler._balance:variance is 0.011245609047990867
INFO:cooler._balance:variance is 0.007140585198905279
INFO:cooler._balance:variance is 0.004546274730122662
INFO:cooler._balance:variance is 0.0028885239363092823
INFO:cooler._balance:variance is 0.0018384299375819447
INFO:cooler._balance:variance is 0.0011685410036181224
INFO:cooler._balance:variance is 0.0007435706125529807
INFO:cooler._balance:variance is 0.0004727539090006919
INFO:cooler._balance:variance is 0.0003007853785175102
INFO:cooler._balance:variance is 0.00019126968290799265
INFO:cooler._balance:variance is 0.00012168401836695572
INFO:cooler._balance:variance is 7.7387994079407e-05
INFO:cooler._balance:variance is 4.92312292366682e-05
INFO:cooler._balance:variance is 3.1312257031915514e-05
INFO:cooler._balance:variance is 1.9919096485305785e-05
INFO:cooler._balance:variance is 1.2669684322042258e-05
INFO:cooler._balance:variance is 8.059616279661651e-06
INFO:cooler._balance:chr21
INFO:cooler._balance:variance is 15381.935968552072
INFO:cooler._balance:variance is 8150.599350545475
INFO:cooler._balance:variance is 1902.5110192398365
INFO:cooler._balance:variance is 1300.1442725010938
INFO:cooler._balance:variance is 436.465843096979
INFO:cooler._balance:variance is 276.0132361000467
INFO:cooler._balance:variance is 116.15808171916659
INFO:cooler._balance:variance is 69.9612779065876
INFO:cooler._balance:variance is 34.84939862006413
INFO:cooler._balance:variance is 21.005188737721127
INFO:cooler._balance:variance is 11.92912983793433
INFO:cooler._balance:variance is 7.483972273020234
INFO:cooler._balance:variance is 4.697517598025566
INFO:cooler._balance:variance is 3.1051047417988893
INFO:cooler._balance:variance is 2.0884551908329088
INFO:cooler._balance:variance is 1.4414951235765832
INFO:cooler._balance:variance is 1.011309511925147
INFO:cooler._balance:variance is 0.7180811175090381
INFO:cooler._balance:variance is 0.5157358712034843
INFO:cooler._balance:variance is 0.37226214367223787
INFO:cooler._balance:variance is 0.2706891838688469
INFO:cooler._balance:variance is 0.19715794133401818
INFO:cooler._balance:variance is 0.14427905970819727
INFO:cooler._balance:variance is 0.1056030921809687
INFO:cooler._balance:variance is 0.07753254915417507
INFO:cooler._balance:variance is 0.05690176595187632
INFO:cooler._balance:variance is 0.04184673196156652
INFO:cooler._balance:variance is 0.030757991569386845
INFO:cooler._balance:variance is 0.02263960230871776
INFO:cooler._balance:variance is 0.016654896915160363
INFO:cooler._balance:variance is 0.0122643811146458
INFO:cooler._balance:variance is 0.009026961586104379
INFO:cooler._balance:variance is 0.006648804564648383
INFO:cooler._balance:variance is 0.004895249199510652
INFO:cooler._balance:variance is 0.003606000011510798
INFO:cooler._balance:variance is 0.002655468165111247
INFO:cooler._balance:variance is 0.001956209015450564
INFO:cooler._balance:variance is 0.0014407349443154196
INFO:cooler._balance:variance is 0.0010613734660337019
INFO:cooler._balance:variance is 0.0007817567985024407
INFO:cooler._balance:variance is 0.000575915954567135
INFO:cooler._balance:variance is 0.0004242143174694133
INFO:cooler._balance:variance is 0.0003125164452528897
INFO:cooler._balance:variance is 0.00023020475365819547
INFO:cooler._balance:variance is 0.0001695901282754446
INFO:cooler._balance:variance is 0.00012492583294779945
INFO:cooler._balance:variance is 9.203156381832776e-05
INFO:cooler._balance:variance is 6.779466329041976e-05
INFO:cooler._balance:variance is 4.9943423321930575e-05
INFO:cooler._balance:variance is 3.679102264819918e-05
INFO:cooler._balance:variance is 2.7103357232283398e-05
INFO:cooler._balance:variance is 1.996595167452175e-05
INFO:cooler._balance:variance is 1.4708552000294556e-05
INFO:cooler._balance:variance is 1.0835256926576398e-05
INFO:cooler._balance:variance is 7.98211611015266e-06
INFO:cooler._balance:chrM
