INFO:cooler.cli.balance:Balancing "analysis_other/porec/T2T02.hp2/cooler/T2T02.hp2_25000_balanced.cool"
INFO:cooler._balance:chr1
INFO:cooler._balance:variance is 3234170.905707807
INFO:cooler._balance:variance is 11600.93329720159
INFO:cooler._balance:variance is 3149.8092563766154
INFO:cooler._balance:variance is 1107.7118135194512
INFO:cooler._balance:variance is 394.7184861139731
INFO:cooler._balance:variance is 148.29830689234288
INFO:cooler._balance:variance is 55.367276577644425
INFO:cooler._balance:variance is 21.012158739368175
INFO:cooler._balance:variance is 7.9377208080553086
INFO:cooler._balance:variance is 3.015580232016807
INFO:cooler._balance:variance is 1.1431482857117239
INFO:cooler._balance:variance is 0.43423250996931123
INFO:cooler._balance:variance is 0.16479699382243268
INFO:cooler._balance:variance is 0.06259027050309623
INFO:cooler._balance:variance is 0.023763449867410434
INFO:cooler._balance:variance is 0.009024790420904481
INFO:cooler._balance:variance is 0.003426930682750453
INFO:cooler._balance:variance is 0.0013014311634347673
INFO:cooler._balance:variance is 0.0004942135093158813
INFO:cooler._balance:variance is 0.00018768360207935887
INFO:cooler._balance:variance is 7.127375394453694e-05
INFO:cooler._balance:variance is 2.7066992021705177e-05
INFO:cooler._balance:variance is 1.0278913913182461e-05
INFO:cooler._balance:variance is 3.903527051616328e-06
INFO:cooler._balance:chr2
INFO:cooler._balance:variance is 163387.1184100571
INFO:cooler._balance:variance is 11246.67500241207
INFO:cooler._balance:variance is 1909.2647522738391
INFO:cooler._balance:variance is 372.1174460606512
INFO:cooler._balance:variance is 71.35459789278869
INFO:cooler._balance:variance is 14.164781991243201
INFO:cooler._balance:variance is 2.8421415436624606
INFO:cooler._balance:variance is 0.5843677459932558
INFO:cooler._balance:variance is 0.12306244716710611
INFO:cooler._balance:variance is 0.026704633988296818
INFO:cooler._balance:variance is 0.005986255740115324
INFO:cooler._balance:variance is 0.0013887534930102816
INFO:cooler._balance:variance is 0.00033316819011887746
INFO:cooler._balance:variance is 8.243438478149229e-05
INFO:cooler._balance:variance is 2.0948282035002378e-05
INFO:cooler._balance:variance is 5.441345975214442e-06
INFO:cooler._balance:chr3
INFO:cooler._balance:variance is 82828.9351842978
INFO:cooler._balance:variance is 11256.479285484756
INFO:cooler._balance:variance is 2181.6119999366333
INFO:cooler._balance:variance is 599.0252940061765
INFO:cooler._balance:variance is 143.42711429681484
INFO:cooler._balance:variance is 37.65968710461555
INFO:cooler._balance:variance is 9.652476314596903
INFO:cooler._balance:variance is 2.5546004208799404
INFO:cooler._balance:variance is 0.6785761422697776
INFO:cooler._balance:variance is 0.1832335194429334
INFO:cooler._balance:variance is 0.04992123898407803
INFO:cooler._balance:variance is 0.013751700956827448
INFO:cooler._balance:variance is 0.0038199946346523755
INFO:cooler._balance:variance is 0.0010696289242671216
INFO:cooler._balance:variance is 0.0003014664180546299
INFO:cooler._balance:variance is 8.54508167668852e-05
INFO:cooler._balance:variance is 2.4335098912393623e-05
INFO:cooler._balance:variance is 6.957604928458754e-06
INFO:cooler._balance:chr4
INFO:cooler._balance:variance is 70639.91261477773
INFO:cooler._balance:variance is 8293.402606446698
INFO:cooler._balance:variance is 1627.4245087269326
INFO:cooler._balance:variance is 450.41969467849884
INFO:cooler._balance:variance is 117.82200402995448
INFO:cooler._balance:variance is 33.84459242737354
INFO:cooler._balance:variance is 9.719248816148554
INFO:cooler._balance:variance is 2.8787528720636004
INFO:cooler._balance:variance is 0.858457900140492
INFO:cooler._balance:variance is 0.25904701700009797
INFO:cooler._balance:variance is 0.07853164101625294
INFO:cooler._balance:variance is 0.023924032625779548
INFO:cooler._balance:variance is 0.007305996148518101
INFO:cooler._balance:variance is 0.0022358013065827045
INFO:cooler._balance:variance is 0.000685010597870703
INFO:cooler._balance:variance is 0.00021006713505119135
INFO:cooler._balance:variance is 6.445513294841528e-05
INFO:cooler._balance:variance is 1.9784830805456484e-05
INFO:cooler._balance:variance is 6.074591386339146e-06
INFO:cooler._balance:chr5
INFO:cooler._balance:variance is 76001.51213817188
INFO:cooler._balance:variance is 7533.586835612268
INFO:cooler._balance:variance is 1275.2886684481866
INFO:cooler._balance:variance is 255.34935520403064
INFO:cooler._balance:variance is 49.20992857384782
INFO:cooler._balance:variance is 9.83847230833765
INFO:cooler._balance:variance is 1.9658765013732777
INFO:cooler._balance:variance is 0.3983307933241692
INFO:cooler._balance:variance is 0.08129578930947268
INFO:cooler._balance:variance is 0.016764432859384164
INFO:cooler._balance:variance is 0.003491280460635494
INFO:cooler._balance:variance is 0.0007354755864064466
INFO:cooler._balance:variance is 0.0001569193674312649
INFO:cooler._balance:variance is 3.3971953840718836e-05
INFO:cooler._balance:variance is 7.476795524920227e-06
INFO:cooler._balance:chr6
INFO:cooler._balance:variance is 87010.57618334169
INFO:cooler._balance:variance is 16414.02494127538
INFO:cooler._balance:variance is 5192.725496127396
INFO:cooler._balance:variance is 2254.800674389574
INFO:cooler._balance:variance is 816.9720167127052
INFO:cooler._balance:variance is 338.1959767947804
INFO:cooler._balance:variance is 128.80653147836026
INFO:cooler._balance:variance is 51.90708367996037
INFO:cooler._balance:variance is 20.193995413984386
INFO:cooler._balance:variance is 8.041533396833449
INFO:cooler._balance:variance is 3.1563468462001
INFO:cooler._balance:variance is 1.2506629218370904
INFO:cooler._balance:variance is 0.49267949901887154
INFO:cooler._balance:variance is 0.19482340706696324
INFO:cooler._balance:variance is 0.07686083992564077
INFO:cooler._balance:variance is 0.030368936333710742
INFO:cooler._balance:variance is 0.011988121538700222
INFO:cooler._balance:variance is 0.004735171544529441
INFO:cooler._balance:variance is 0.0018696510034215518
INFO:cooler._balance:variance is 0.0007383969434320624
INFO:cooler._balance:variance is 0.0002915788601728567
INFO:cooler._balance:variance is 0.0001151499225609966
INFO:cooler._balance:variance is 4.547223508655983e-05
INFO:cooler._balance:variance is 1.795748022266316e-05
INFO:cooler._balance:variance is 7.091443400331154e-06
INFO:cooler._balance:chr7
INFO:cooler._balance:variance is 81221.42633928338
INFO:cooler._balance:variance is 8464.902396061343
INFO:cooler._balance:variance is 1618.4978457487475
INFO:cooler._balance:variance is 393.543201506208
INFO:cooler._balance:variance is 88.85432553775576
INFO:cooler._balance:variance is 21.202992222775702
INFO:cooler._balance:variance is 4.9635086323451425
INFO:cooler._balance:variance is 1.1784170140276764
INFO:cooler._balance:variance is 0.27870434614903683
INFO:cooler._balance:variance is 0.06619975676455597
INFO:cooler._balance:variance is 0.015725757173611358
INFO:cooler._balance:variance is 0.0037436813129254395
INFO:cooler._balance:variance is 0.0008923471454010262
INFO:cooler._balance:variance is 0.00021309977639464835
INFO:cooler._balance:variance is 5.0981733239528385e-05
INFO:cooler._balance:variance is 1.2222353729799078e-05
INFO:cooler._balance:variance is 2.936719807609459e-06
INFO:cooler._balance:chrX
INFO:cooler._balance:chr9
INFO:cooler._balance:variance is 37949.197324976274
INFO:cooler._balance:variance is 2720.0219040963916
INFO:cooler._balance:variance is 725.0205278922681
INFO:cooler._balance:variance is 277.3904278315192
INFO:cooler._balance:variance is 109.51180236991364
INFO:cooler._balance:variance is 48.60741127235448
INFO:cooler._balance:variance is 21.340171566760656
INFO:cooler._balance:variance is 9.92020020321475
INFO:cooler._balance:variance is 4.570315422731087
INFO:cooler._balance:variance is 2.1632417890733824
INFO:cooler._balance:variance is 1.0189551155004763
INFO:cooler._balance:variance is 0.4859700461756066
INFO:cooler._balance:variance is 0.2312143090054113
INFO:cooler._balance:variance is 0.11063440737806514
INFO:cooler._balance:variance is 0.05287490973883077
INFO:cooler._balance:variance is 0.025336068302194134
INFO:cooler._balance:variance is 0.01213314475325965
INFO:cooler._balance:variance is 0.005817369647763435
INFO:cooler._balance:variance is 0.0027883841405781213
INFO:cooler._balance:variance is 0.0013372669553697492
INFO:cooler._balance:variance is 0.0006412389177046986
INFO:cooler._balance:variance is 0.0003075619935902451
INFO:cooler._balance:variance is 0.0001475072993094298
INFO:cooler._balance:variance is 7.075318785286768e-05
INFO:cooler._balance:variance is 3.3936145742030256e-05
INFO:cooler._balance:variance is 1.627807808871772e-05
INFO:cooler._balance:variance is 7.80792707273296e-06
INFO:cooler._balance:chr8
INFO:cooler._balance:variance is 59706.656551862936
INFO:cooler._balance:variance is 6125.745203639633
INFO:cooler._balance:variance is 1053.2903738490884
INFO:cooler._balance:variance is 271.10529148533067
INFO:cooler._balance:variance is 59.428731618030575
INFO:cooler._balance:variance is 14.517746181308567
INFO:cooler._balance:variance is 3.3829914483562002
INFO:cooler._balance:variance is 0.8115407068069981
INFO:cooler._balance:variance is 0.19238023742445334
INFO:cooler._balance:variance is 0.04596817018986649
INFO:cooler._balance:variance is 0.010956088498425531
INFO:cooler._balance:variance is 0.002617627460798583
INFO:cooler._balance:variance is 0.0006252687187469263
INFO:cooler._balance:variance is 0.00014950623855036074
INFO:cooler._balance:variance is 3.576026590026761e-05
INFO:cooler._balance:variance is 8.558993314544655e-06
INFO:cooler._balance:chr11
INFO:cooler._balance:variance is 71603.95192795956
INFO:cooler._balance:variance is 17834.520491062565
INFO:cooler._balance:variance is 5457.169804230924
INFO:cooler._balance:variance is 2655.5669661695515
INFO:cooler._balance:variance is 972.3360740220821
INFO:cooler._balance:variance is 436.1697787950156
INFO:cooler._balance:variance is 171.44216037920015
INFO:cooler._balance:variance is 73.67823216841494
INFO:cooler._balance:variance is 29.88362565693974
INFO:cooler._balance:variance is 12.59415195579907
INFO:cooler._balance:variance is 5.177969174501974
INFO:cooler._balance:variance is 2.163682353079544
INFO:cooler._balance:variance is 0.8947267869827805
INFO:cooler._balance:variance is 0.3725151470159526
INFO:cooler._balance:variance is 0.1544170108625161
INFO:cooler._balance:variance is 0.06419208832239737
INFO:cooler._balance:variance is 0.026636274691950443
INFO:cooler._balance:variance is 0.011065730362973357
INFO:cooler._balance:variance is 0.004593626908118299
INFO:cooler._balance:variance is 0.0019078553255046878
INFO:cooler._balance:variance is 0.0007921318096843489
INFO:cooler._balance:variance is 0.00032895648505740216
INFO:cooler._balance:variance is 0.00013659103666456492
INFO:cooler._balance:variance is 5.672087454119696e-05
INFO:cooler._balance:variance is 2.3552653605721233e-05
INFO:cooler._balance:variance is 9.780298864448854e-06
INFO:cooler._balance:chr10
INFO:cooler._balance:variance is 75121.40889541009
INFO:cooler._balance:variance is 2604.5573854325644
INFO:cooler._balance:variance is 535.6509902655856
INFO:cooler._balance:variance is 128.01556820266865
INFO:cooler._balance:variance is 31.31593670581898
INFO:cooler._balance:variance is 7.972728691790741
INFO:cooler._balance:variance is 2.066217469968772
INFO:cooler._balance:variance is 0.5476726536735209
INFO:cooler._balance:variance is 0.14747698993813746
INFO:cooler._balance:variance is 0.04037154260848878
INFO:cooler._balance:variance is 0.011201123026798612
INFO:cooler._balance:variance is 0.0031473837783313314
INFO:cooler._balance:variance is 0.0008938789479170123
INFO:cooler._balance:variance is 0.0002562827441836813
INFO:cooler._balance:variance is 7.406380727936918e-05
INFO:cooler._balance:variance is 2.1548730161679597e-05
INFO:cooler._balance:variance is 6.304553524650809e-06
INFO:cooler._balance:chr12
INFO:cooler._balance:variance is 52085.9598370244
INFO:cooler._balance:variance is 7146.275698314206
INFO:cooler._balance:variance is 2015.3071973038498
INFO:cooler._balance:variance is 695.7055190316502
INFO:cooler._balance:variance is 220.67134862127452
INFO:cooler._balance:variance is 74.63229356841873
INFO:cooler._balance:variance is 24.47195512984179
INFO:cooler._balance:variance is 8.211505464414586
INFO:cooler._balance:variance is 2.726250822649939
INFO:cooler._balance:variance is 0.9126554335199637
INFO:cooler._balance:variance is 0.30445306423276736
INFO:cooler._balance:variance is 0.10186496637463179
INFO:cooler._balance:variance is 0.034044073556349516
INFO:cooler._balance:variance is 0.011389997289444401
INFO:cooler._balance:variance is 0.0038094050480129496
INFO:cooler._balance:variance is 0.001274560348457428
INFO:cooler._balance:variance is 0.0004264043931434879
INFO:cooler._balance:variance is 0.00014267435069936562
INFO:cooler._balance:variance is 4.773752625956647e-05
INFO:cooler._balance:variance is 1.5973415919646825e-05
INFO:cooler._balance:variance is 5.344832546886986e-06
INFO:cooler._balance:chr13
INFO:cooler._balance:variance is 45711.34069526404
INFO:cooler._balance:variance is 2069.4872068598693
INFO:cooler._balance:variance is 305.9484075402974
INFO:cooler._balance:variance is 56.189916817630916
INFO:cooler._balance:variance is 11.024292626093173
INFO:cooler._balance:variance is 2.3184812581122016
INFO:cooler._balance:variance is 0.511427037995346
INFO:cooler._balance:variance is 0.1178614815076307
INFO:cooler._balance:variance is 0.028099511405129955
INFO:cooler._balance:variance is 0.006890330045795273
INFO:cooler._balance:variance is 0.0017259211426766663
INFO:cooler._balance:variance is 0.0004393779270373255
INFO:cooler._balance:variance is 0.00011317825890523992
INFO:cooler._balance:variance is 2.9402094982917176e-05
INFO:cooler._balance:variance is 7.68417719153359e-06
INFO:cooler._balance:chr14
INFO:cooler._balance:variance is 47818.6361082392
INFO:cooler._balance:variance is 4265.3430154626
INFO:cooler._balance:variance is 1004.8740905551141
INFO:cooler._balance:variance is 307.85671180008194
INFO:cooler._balance:variance is 97.55584906784787
INFO:cooler._balance:variance is 33.30576892159697
INFO:cooler._balance:variance is 11.550036209428688
INFO:cooler._balance:variance is 4.102422538611589
INFO:cooler._balance:variance is 1.4656612556413995
INFO:cooler._balance:variance is 0.5279032328835215
INFO:cooler._balance:variance is 0.19050683514440309
INFO:cooler._balance:variance is 0.06894189991197815
INFO:cooler._balance:variance is 0.024964267676554127
INFO:cooler._balance:variance is 0.009048482060607837
INFO:cooler._balance:variance is 0.0032803030528117593
INFO:cooler._balance:variance is 0.0011895931549400862
INFO:cooler._balance:variance is 0.00043142758262597764
INFO:cooler._balance:variance is 0.0001564833827286014
INFO:cooler._balance:variance is 5.675918493628462e-05
INFO:cooler._balance:variance is 2.058836227679491e-05
INFO:cooler._balance:variance is 7.4680935374200405e-06
INFO:cooler._balance:chr15
INFO:cooler._balance:variance is 43099.41980234932
INFO:cooler._balance:variance is 2687.5661152958346
INFO:cooler._balance:variance is 636.3013122154846
INFO:cooler._balance:variance is 180.6803535690877
INFO:cooler._balance:variance is 52.559375303363325
INFO:cooler._balance:variance is 15.713600325401622
INFO:cooler._balance:variance is 4.756489386573944
INFO:cooler._balance:variance is 1.4481087792916816
INFO:cooler._balance:variance is 0.44312279237484914
INFO:cooler._balance:variance is 0.13580956923873996
INFO:cooler._balance:variance is 0.04170368318552453
INFO:cooler._balance:variance is 0.012813057805196365
INFO:cooler._balance:variance is 0.003939497852976142
INFO:cooler._balance:variance is 0.0012114910314396138
INFO:cooler._balance:variance is 0.00037266047103774285
INFO:cooler._balance:variance is 0.00011464198117573823
INFO:cooler._balance:variance is 3.5270850869802126e-05
INFO:cooler._balance:variance is 1.0851843155686683e-05
INFO:cooler._balance:variance is 3.3389244804855284e-06
INFO:cooler._balance:chr16
INFO:cooler._balance:variance is 415052.6386702573
INFO:cooler._balance:variance is 1006.6481587057823
INFO:cooler._balance:variance is 167.23972904257886
INFO:cooler._balance:variance is 44.2762215966093
INFO:cooler._balance:variance is 14.274130883860451
INFO:cooler._balance:variance is 5.48119841207868
INFO:cooler._balance:variance is 2.2230072628680886
INFO:cooler._balance:variance is 0.959427465844003
INFO:cooler._balance:variance is 0.4200604501003995
INFO:cooler._balance:variance is 0.18779565805683002
INFO:cooler._balance:variance is 0.08425236733912465
INFO:cooler._balance:variance is 0.038073333064123034
INFO:cooler._balance:variance is 0.017216820476178323
INFO:cooler._balance:variance is 0.007805858553378101
INFO:cooler._balance:variance is 0.0035391167407610442
INFO:cooler._balance:variance is 0.0016061878692906477
INFO:cooler._balance:variance is 0.0007288861370892722
INFO:cooler._balance:variance is 0.0003308945225348331
INFO:cooler._balance:variance is 0.00015020651041610376
INFO:cooler._balance:variance is 6.819537012708154e-05
INFO:cooler._balance:variance is 3.096012359243538e-05
INFO:cooler._balance:variance is 1.4056529800972132e-05
INFO:cooler._balance:variance is 6.381808656588057e-06
INFO:cooler._balance:chr17
INFO:cooler._balance:variance is 34119.1872980031
INFO:cooler._balance:variance is 6613.776742157906
INFO:cooler._balance:variance is 2161.3745315122915
INFO:cooler._balance:variance is 830.8631447007891
INFO:cooler._balance:variance is 310.6007934886662
INFO:cooler._balance:variance is 119.0979128881319
INFO:cooler._balance:variance is 45.50682881660099
INFO:cooler._balance:variance is 17.45542556878651
INFO:cooler._balance:variance is 6.698503085488906
INFO:cooler._balance:variance is 2.571271354912203
INFO:cooler._balance:variance is 0.9875678838476105
INFO:cooler._balance:variance is 0.3792446107607036
INFO:cooler._balance:variance is 0.1456829509732194
INFO:cooler._balance:variance is 0.05595607893916834
INFO:cooler._balance:variance is 0.021495576226814042
INFO:cooler._balance:variance is 0.008257070783130992
INFO:cooler._balance:variance is 0.0031719793437946712
INFO:cooler._balance:variance is 0.0012184960679449046
INFO:cooler._balance:variance is 0.00046809013164435194
INFO:cooler._balance:variance is 0.00017981698077970578
INFO:cooler._balance:variance is 6.907752240805791e-05
INFO:cooler._balance:variance is 2.6536355667219812e-05
INFO:cooler._balance:variance is 1.0194075051783345e-05
INFO:cooler._balance:variance is 3.916100678174165e-06
INFO:cooler._balance:chr18
INFO:cooler._balance:variance is 25297.147532364736
INFO:cooler._balance:variance is 1929.8666458981413
INFO:cooler._balance:variance is 362.53670082839653
INFO:cooler._balance:variance is 76.18328013774178
INFO:cooler._balance:variance is 15.90953175980932
INFO:cooler._balance:variance is 3.3953346863476406
INFO:cooler._balance:variance is 0.7233315484138567
INFO:cooler._balance:variance is 0.15497016591818932
INFO:cooler._balance:variance is 0.03320216920107659
INFO:cooler._balance:variance is 0.00712475053517324
INFO:cooler._balance:variance is 0.001529209560706232
INFO:cooler._balance:variance is 0.0003283805548286797
INFO:cooler._balance:variance is 7.052643006712484e-05
INFO:cooler._balance:variance is 1.5149650505709176e-05
INFO:cooler._balance:variance is 3.2545295345859216e-06
INFO:cooler._balance:chr20
INFO:cooler._balance:variance is 26795.88195245658
INFO:cooler._balance:variance is 1459.8461034674804
INFO:cooler._balance:variance is 319.01008005517724
INFO:cooler._balance:variance is 77.35477066920761
INFO:cooler._balance:variance is 20.42079983197074
INFO:cooler._balance:variance is 5.629689051328325
INFO:cooler._balance:variance is 1.6527310659632082
INFO:cooler._balance:variance is 0.5162131504599401
INFO:cooler._balance:variance is 0.17197964383601888
INFO:cooler._balance:variance is 0.06070731377469689
INFO:cooler._balance:variance is 0.022451930761269282
INFO:cooler._balance:variance is 0.008596795311197553
INFO:cooler._balance:variance is 0.00337108348875531
INFO:cooler._balance:variance is 0.0013428844952351148
INFO:cooler._balance:variance is 0.0005403331128503202
INFO:cooler._balance:variance is 0.00021877531697511707
INFO:cooler._balance:variance is 8.89234772951662e-05
INFO:cooler._balance:variance is 3.622893181856751e-05
INFO:cooler._balance:variance is 1.4781646006362815e-05
INFO:cooler._balance:variance is 6.0362432981382706e-06
INFO:cooler._balance:chrY
INFO:cooler._balance:chr19
INFO:cooler._balance:variance is 77847.16135607874
INFO:cooler._balance:variance is 16977.49369741217
INFO:cooler._balance:variance is 4037.1168955518388
INFO:cooler._balance:variance is 1423.4293481654975
INFO:cooler._balance:variance is 447.8549844829153
INFO:cooler._balance:variance is 158.1501051210268
INFO:cooler._balance:variance is 55.04657160085718
INFO:cooler._balance:variance is 19.826108063760415
INFO:cooler._balance:variance is 7.1527456781597545
INFO:cooler._balance:variance is 2.6082585168321364
INFO:cooler._balance:variance is 0.95328863133291
INFO:cooler._balance:variance is 0.34966363422239194
INFO:cooler._balance:variance is 0.12841921592836472
INFO:cooler._balance:variance is 0.04722385252398775
INFO:cooler._balance:variance is 0.0173760194383447
INFO:cooler._balance:variance is 0.006396541481205952
INFO:cooler._balance:variance is 0.002355332711890766
INFO:cooler._balance:variance is 0.000867439200005518
INFO:cooler._balance:variance is 0.0003195017490448919
INFO:cooler._balance:variance is 0.00011768986386495261
INFO:cooler._balance:variance is 4.335354952697357e-05
INFO:cooler._balance:variance is 1.597066529707166e-05
INFO:cooler._balance:variance is 5.883415954059478e-06
INFO:cooler._balance:chr22
INFO:cooler._balance:variance is 31171.00781358668
INFO:cooler._balance:variance is 3613.3123341591554
INFO:cooler._balance:variance is 860.6130264905986
INFO:cooler._balance:variance is 275.74592298830134
INFO:cooler._balance:variance is 101.80893859988441
INFO:cooler._balance:variance is 38.91404309290334
INFO:cooler._balance:variance is 15.843688056484114
INFO:cooler._balance:variance is 6.388326159232107
INFO:cooler._balance:variance is 2.63931240757993
INFO:cooler._balance:variance is 1.0810624073525799
INFO:cooler._balance:variance is 0.44704563877633596
INFO:cooler._balance:variance is 0.1840474576428189
INFO:cooler._balance:variance is 0.07606069498550942
INFO:cooler._balance:variance is 0.03137039162834469
INFO:cooler._balance:variance is 0.012958251095984823
INFO:cooler._balance:variance is 0.005348060260791065
INFO:cooler._balance:variance is 0.002208600195222719
INFO:cooler._balance:variance is 0.00091175550268581
INFO:cooler._balance:variance is 0.0003764872356895784
INFO:cooler._balance:variance is 0.0001554372941786713
INFO:cooler._balance:variance is 6.418085200352817e-05
INFO:cooler._balance:variance is 2.649889951033713e-05
INFO:cooler._balance:variance is 1.0941296387964555e-05
INFO:cooler._balance:variance is 4.517499754335795e-06
INFO:cooler._balance:chr21
INFO:cooler._balance:variance is 19034.51073497023
INFO:cooler._balance:variance is 1711.7774482603702
INFO:cooler._balance:variance is 349.46033539429794
INFO:cooler._balance:variance is 105.14842796251946
INFO:cooler._balance:variance is 38.7833970208459
INFO:cooler._balance:variance is 16.926555475713215
INFO:cooler._balance:variance is 8.158385924374024
INFO:cooler._balance:variance is 4.20668844489691
INFO:cooler._balance:variance is 2.257421110474787
INFO:cooler._balance:variance is 1.2489997563133401
INFO:cooler._balance:variance is 0.7023564699307235
INFO:cooler._balance:variance is 0.40098628898986294
INFO:cooler._balance:variance is 0.23033054577129541
INFO:cooler._balance:variance is 0.13331330424211507
INFO:cooler._balance:variance is 0.07731038952061364
INFO:cooler._balance:variance is 0.04500547191213282
INFO:cooler._balance:variance is 0.0262099857512135
INFO:cooler._balance:variance is 0.015293850273060027
INFO:cooler._balance:variance is 0.008923426061960154
INFO:cooler._balance:variance is 0.005211793880978567
INFO:cooler._balance:variance is 0.0030434395749183974
INFO:cooler._balance:variance is 0.0017781796707174759
INFO:cooler._balance:variance is 0.0010387642519244014
INFO:cooler._balance:variance is 0.0006069939820735608
INFO:cooler._balance:variance is 0.0003546509995595657
INFO:cooler._balance:variance is 0.0002072464807983574
INFO:cooler._balance:variance is 0.00012109869918729321
INFO:cooler._balance:variance is 7.076692053110407e-05
INFO:cooler._balance:variance is 4.135230744872762e-05
INFO:cooler._balance:variance is 2.4165227158311204e-05
INFO:cooler._balance:variance is 1.4121109672167006e-05
INFO:cooler._balance:variance is 8.251997587903443e-06
INFO:cooler._balance:chrM
