INFO:cooler.cli.balance:Balancing "analysis_other/porec/T2T15.hp1/cooler/T2T15.hp1_1000_balanced.cool"
INFO:cooler._balance:chr1
INFO:cooler._balance:variance is 252389.87721913547
INFO:cooler._balance:variance is 871.3336836563727
INFO:cooler._balance:variance is 248.93413954455164
INFO:cooler._balance:variance is 113.84121795981781
INFO:cooler._balance:variance is 49.78548976246958
INFO:cooler._balance:variance is 24.104534400938764
INFO:cooler._balance:variance is 11.321243875735478
INFO:cooler._balance:variance is 5.523231976400476
INFO:cooler._balance:variance is 2.6479820170824357
INFO:cooler._balance:variance is 1.2907700641238686
INFO:cooler._balance:variance is 0.6233459948925556
INFO:cooler._balance:variance is 0.3033589417817486
INFO:cooler._balance:variance is 0.14692892527441426
INFO:cooler._balance:variance is 0.07142482205396959
INFO:cooler._balance:variance is 0.034637927274653986
INFO:cooler._balance:variance is 0.016827481933764602
INFO:cooler._balance:variance is 0.008165321832256616
INFO:cooler._balance:variance is 0.00396548742063718
INFO:cooler._balance:variance is 0.0019247235338458123
INFO:cooler._balance:variance is 0.0009345849294576762
INFO:cooler._balance:variance is 0.00045367663656543147
INFO:cooler._balance:variance is 0.0002202726749710951
INFO:cooler._balance:variance is 0.0001069338086289713
INFO:cooler._balance:variance is 5.191721981036186e-05
INFO:cooler._balance:variance is 2.520453734985758e-05
INFO:cooler._balance:variance is 1.223675882586908e-05
INFO:cooler._balance:variance is 5.940731595672029e-06
INFO:cooler._balance:chr2
INFO:cooler._balance:variance is 11172.136693418943
INFO:cooler._balance:variance is 462.2306640364183
INFO:cooler._balance:variance is 106.19453110112637
INFO:cooler._balance:variance is 35.73390367537114
INFO:cooler._balance:variance is 11.071124666940452
INFO:cooler._balance:variance is 3.706630633078518
INFO:cooler._balance:variance is 1.2056429111706375
INFO:cooler._balance:variance is 0.40280111868786256
INFO:cooler._balance:variance is 0.1337806791799012
INFO:cooler._balance:variance is 0.04496375838449756
INFO:cooler._balance:variance is 0.015142202194457433
INFO:cooler._balance:variance is 0.005137936264018048
INFO:cooler._balance:variance is 0.0017513819826661028
INFO:cooler._balance:variance is 0.0006007400949540211
INFO:cooler._balance:variance is 0.00020716036151261782
INFO:cooler._balance:variance is 7.184714274012594e-05
INFO:cooler._balance:variance is 2.505080278355455e-05
INFO:cooler._balance:variance is 8.780440843918684e-06
INFO:cooler._balance:chr3
INFO:cooler._balance:variance is 9138.150545364144
INFO:cooler._balance:variance is 714.2083982226678
INFO:cooler._balance:variance is 187.2661038712934
INFO:cooler._balance:variance is 102.36417207330331
INFO:cooler._balance:variance is 36.50715767363132
INFO:cooler._balance:variance is 17.72998699871526
INFO:cooler._balance:variance is 7.054104036196679
INFO:cooler._balance:variance is 3.2255384035002352
INFO:cooler._balance:variance is 1.3495315249188669
INFO:cooler._balance:variance is 0.6004908671124919
INFO:cooler._balance:variance is 0.2570275292810044
INFO:cooler._balance:variance is 0.1130273473931424
INFO:cooler._balance:variance is 0.04887770694713751
INFO:cooler._balance:variance is 0.02138810118847277
INFO:cooler._balance:variance is 0.009292124255430167
INFO:cooler._balance:variance is 0.004057975946563613
INFO:cooler._balance:variance is 0.0017667546699998687
INFO:cooler._balance:variance is 0.0007709668395247339
INFO:cooler._balance:variance is 0.00033599620743944233
INFO:cooler._balance:variance is 0.00014657981158088115
INFO:cooler._balance:variance is 6.391160468249707e-05
INFO:cooler._balance:variance is 2.787939901074775e-05
INFO:cooler._balance:variance is 1.2158806009532178e-05
INFO:cooler._balance:variance is 5.303818784277806e-06
INFO:cooler._balance:chr4
INFO:cooler._balance:variance is 8902.407307138106
INFO:cooler._balance:variance is 653.097091150428
INFO:cooler._balance:variance is 169.43340111861588
INFO:cooler._balance:variance is 101.1017932151292
INFO:cooler._balance:variance is 36.414254609543335
INFO:cooler._balance:variance is 19.422613018336023
INFO:cooler._balance:variance is 7.9548712164971676
INFO:cooler._balance:variance is 3.940858955190052
INFO:cooler._balance:variance is 1.7173744583711676
INFO:cooler._balance:variance is 0.818874295968496
INFO:cooler._balance:variance is 0.3674649442636813
INFO:cooler._balance:variance is 0.17198045776444315
INFO:cooler._balance:variance is 0.07823758702103041
INFO:cooler._balance:variance is 0.03629416935660392
INFO:cooler._balance:variance is 0.016616048371379734
INFO:cooler._balance:variance is 0.007676220325708256
INFO:cooler._balance:variance is 0.0035246208678743475
INFO:cooler._balance:variance is 0.0016251483437775824
INFO:cooler._balance:variance is 0.000747216444740261
INFO:cooler._balance:variance is 0.00034422143500957575
INFO:cooler._balance:variance is 0.00015836634339900786
INFO:cooler._balance:variance is 7.292466372561846e-05
INFO:cooler._balance:variance is 3.356021279503283e-05
INFO:cooler._balance:variance is 1.545087933572084e-05
INFO:cooler._balance:variance is 7.1115010144455614e-06
INFO:cooler._balance:chr5
INFO:cooler._balance:variance is 8454.242091568483
INFO:cooler._balance:variance is 480.11962366290555
INFO:cooler._balance:variance is 101.54615186345026
INFO:cooler._balance:variance is 33.3070453074387
INFO:cooler._balance:variance is 9.291017112169229
INFO:cooler._balance:variance is 2.9474336686354534
INFO:cooler._balance:variance is 0.8873315954866768
INFO:cooler._balance:variance is 0.28142159251574494
INFO:cooler._balance:variance is 0.0885005516373586
INFO:cooler._balance:variance is 0.028580602029183562
INFO:cooler._balance:variance is 0.009291907607690731
INFO:cooler._balance:variance is 0.0030754937384691486
INFO:cooler._balance:variance is 0.0010293027874420356
INFO:cooler._balance:variance is 0.0003493882064558285
INFO:cooler._balance:variance is 0.00011993697144655876
INFO:cooler._balance:variance is 4.1644442364907186e-05
INFO:cooler._balance:variance is 1.4600133904643244e-05
INFO:cooler._balance:variance is 5.164458688727593e-06
INFO:cooler._balance:chr6
INFO:cooler._balance:variance is 11298.418281654527
INFO:cooler._balance:variance is 705.8440243392641
INFO:cooler._balance:variance is 250.13007044191664
INFO:cooler._balance:variance is 165.03287072645148
INFO:cooler._balance:variance is 72.71621585820081
INFO:cooler._balance:variance is 44.56606705004797
INFO:cooler._balance:variance is 21.341401920423735
INFO:cooler._balance:variance is 12.357014932504432
INFO:cooler._balance:variance is 6.215309637994816
INFO:cooler._balance:variance is 3.4775131258177376
INFO:cooler._balance:variance is 1.7989680306037394
INFO:cooler._balance:variance is 0.9869449187980017
INFO:cooler._balance:variance is 0.5186313432955093
INFO:cooler._balance:variance is 0.28141723783974487
INFO:cooler._balance:variance is 0.14916191077939442
INFO:cooler._balance:variance is 0.08044798510428466
INFO:cooler._balance:variance is 0.042840797379341246
INFO:cooler._balance:variance is 0.023029018262286052
INFO:cooler._balance:variance is 0.012294703245685143
INFO:cooler._balance:variance is 0.0065971210868728085
INFO:cooler._balance:variance is 0.003526871385691633
INFO:cooler._balance:variance is 0.0018906167113276208
INFO:cooler._balance:variance is 0.001011479296294738
INFO:cooler._balance:variance is 0.0005419298189119161
INFO:cooler._balance:variance is 0.00029004629211074696
INFO:cooler._balance:variance is 0.00015535698020961475
INFO:cooler._balance:variance is 8.316614216921902e-05
INFO:cooler._balance:variance is 4.453937556403222e-05
INFO:cooler._balance:variance is 2.38456368609906e-05
INFO:cooler._balance:variance is 1.2769418463578273e-05
INFO:cooler._balance:variance is 6.8369462572592735e-06
INFO:cooler._balance:chr7
INFO:cooler._balance:variance is 6878.598129567089
INFO:cooler._balance:variance is 305.21890325509753
INFO:cooler._balance:variance is 79.19945118401162
INFO:cooler._balance:variance is 32.68507126049924
INFO:cooler._balance:variance is 11.640903273031146
INFO:cooler._balance:variance is 4.721017064541657
INFO:cooler._balance:variance is 1.782539697163063
INFO:cooler._balance:variance is 0.7097762158034907
INFO:cooler._balance:variance is 0.2742947838384315
INFO:cooler._balance:variance is 0.10833589317820859
INFO:cooler._balance:variance is 0.042276919189858965
INFO:cooler._balance:variance is 0.016645954672541607
INFO:cooler._balance:variance is 0.006523478086274357
INFO:cooler._balance:variance is 0.0025659767520869025
INFO:cooler._balance:variance is 0.0010075534612524334
INFO:cooler._balance:variance is 0.0003962464904132289
INFO:cooler._balance:variance is 0.00015574154531835467
INFO:cooler._balance:variance is 6.125622180692553e-05
INFO:cooler._balance:variance is 2.408950555205984e-05
INFO:cooler._balance:variance is 9.476691730750447e-06
INFO:cooler._balance:chrX
INFO:cooler._balance:variance is 8028.255581060772
INFO:cooler._balance:variance is 115.25792911391413
INFO:cooler._balance:variance is 9.337622202389888
INFO:cooler._balance:variance is 1.4813138025851493
INFO:cooler._balance:variance is 0.28298960296382386
INFO:cooler._balance:variance is 0.06466153505651301
INFO:cooler._balance:variance is 0.01666533459307255
INFO:cooler._balance:variance is 0.004641908479576745
INFO:cooler._balance:variance is 0.001348668241799303
INFO:cooler._balance:variance is 0.00040016773792030856
INFO:cooler._balance:variance is 0.0001199825788990089
INFO:cooler._balance:variance is 3.6148883844278175e-05
INFO:cooler._balance:variance is 1.0917292428760734e-05
INFO:cooler._balance:variance is 3.300708373850795e-06
INFO:cooler._balance:chr9
INFO:cooler._balance:variance is 4322.737845444769
INFO:cooler._balance:variance is 294.01612387969965
INFO:cooler._balance:variance is 65.74698353676517
INFO:cooler._balance:variance is 25.585243729215303
INFO:cooler._balance:variance is 11.086406409154225
INFO:cooler._balance:variance is 5.701711358995499
INFO:cooler._balance:variance is 2.909536613704082
INFO:cooler._balance:variance is 1.6403359370945594
INFO:cooler._balance:variance is 0.906823861491959
INFO:cooler._balance:variance is 0.5353868468809582
INFO:cooler._balance:variance is 0.3112571416637537
INFO:cooler._balance:variance is 0.18852693933429968
INFO:cooler._balance:variance is 0.11295367587418224
INFO:cooler._balance:variance is 0.0693358363915545
INFO:cooler._balance:variance is 0.04224552196399292
INFO:cooler._balance:variance is 0.02610242223083775
INFO:cooler._balance:variance is 0.0160477282258776
INFO:cooler._balance:variance is 0.009945702830174716
INFO:cooler._balance:variance is 0.006143674391885455
INFO:cooler._balance:variance is 0.003812713909016809
INFO:cooler._balance:variance is 0.0023610721667310514
INFO:cooler._balance:variance is 0.0014660770658236314
INFO:cooler._balance:variance is 0.0009090830191648819
INFO:cooler._balance:variance is 0.000564599069279818
INFO:cooler._balance:variance is 0.0003503417407999816
INFO:cooler._balance:variance is 0.00021759728848758675
INFO:cooler._balance:variance is 0.00013507343239951253
INFO:cooler._balance:variance is 8.389421271850062e-05
INFO:cooler._balance:variance is 5.208811859375569e-05
INFO:cooler._balance:variance is 3.2351437661223325e-05
INFO:cooler._balance:variance is 2.0088632128718684e-05
INFO:cooler._balance:variance is 1.2476626001587371e-05
INFO:cooler._balance:variance is 7.747867269444273e-06
INFO:cooler._balance:chr8
INFO:cooler._balance:variance is 5601.501978458566
INFO:cooler._balance:variance is 493.9715522996422
INFO:cooler._balance:variance is 103.52000062721439
INFO:cooler._balance:variance is 75.38457408759037
INFO:cooler._balance:variance is 23.935202701148583
INFO:cooler._balance:variance is 15.01509560860732
INFO:cooler._balance:variance is 5.838602278028065
INFO:cooler._balance:variance is 3.2611072462350563
INFO:cooler._balance:variance is 1.4169894151985825
INFO:cooler._balance:variance is 0.7403049141202042
INFO:cooler._balance:variance is 0.34065422347886704
INFO:cooler._balance:variance is 0.17181766313333482
INFO:cooler._balance:variance is 0.08136602055972908
INFO:cooler._balance:variance is 0.04031272051374523
INFO:cooler._balance:variance is 0.019362929641936817
INFO:cooler._balance:variance is 0.009508449451198999
INFO:cooler._balance:variance is 0.0045988883058895695
INFO:cooler._balance:variance is 0.002248477005972165
INFO:cooler._balance:variance is 0.0010911963899376633
INFO:cooler._balance:variance is 0.0005323599377870105
INFO:cooler._balance:variance is 0.0002587836799286895
INFO:cooler._balance:variance is 0.00012611976764114176
INFO:cooler._balance:variance is 6.135697038689634e-05
INFO:cooler._balance:variance is 2.9887362393535702e-05
INFO:cooler._balance:variance is 1.4545825882097088e-05
INFO:cooler._balance:variance is 7.083592463172907e-06
INFO:cooler._balance:chr11
INFO:cooler._balance:variance is 4851.139928572183
INFO:cooler._balance:variance is 526.5945097023141
INFO:cooler._balance:variance is 191.3949453944383
INFO:cooler._balance:variance is 141.27624989846774
INFO:cooler._balance:variance is 65.4356103460915
INFO:cooler._balance:variance is 43.87986722889126
INFO:cooler._balance:variance is 22.155474693474215
INFO:cooler._balance:variance is 13.90966352626163
INFO:cooler._balance:variance is 7.391224261492365
INFO:cooler._balance:variance is 4.460825002132556
INFO:cooler._balance:variance is 2.4432092542950565
INFO:cooler._balance:variance is 1.4407435249539737
INFO:cooler._balance:variance is 0.8032203588760768
INFO:cooler._balance:variance is 0.46730024951012444
INFO:cooler._balance:variance is 0.2632193384149551
INFO:cooler._balance:variance is 0.15194474668913327
INFO:cooler._balance:variance is 0.08609750435161226
INFO:cooler._balance:variance is 0.049476988947442006
INFO:cooler._balance:variance is 0.02813156218037798
INFO:cooler._balance:variance is 0.01612438758587791
INFO:cooler._balance:variance is 0.00918599557320413
INFO:cooler._balance:variance is 0.005257405448818977
INFO:cooler._balance:variance is 0.0029984910533613377
INFO:cooler._balance:variance is 0.0017146643021363833
INFO:cooler._balance:variance is 0.0009785652872305024
INFO:cooler._balance:variance is 0.00055931321247338
INFO:cooler._balance:variance is 0.00031931958998259385
INFO:cooler._balance:variance is 0.00018246103290470186
INFO:cooler._balance:variance is 0.00010419141806521922
INFO:cooler._balance:variance is 5.9526111563553994e-05
INFO:cooler._balance:variance is 3.399550747375147e-05
INFO:cooler._balance:variance is 1.942037715294213e-05
INFO:cooler._balance:variance is 1.109178637502331e-05
INFO:cooler._balance:variance is 6.335998934469343e-06
INFO:cooler._balance:chr10
INFO:cooler._balance:variance is 12733.229047410812
INFO:cooler._balance:variance is 180.17761300200192
INFO:cooler._balance:variance is 39.91386475979237
INFO:cooler._balance:variance is 13.257365470824352
INFO:cooler._balance:variance is 4.333981964840724
INFO:cooler._balance:variance is 1.4999376368476305
INFO:cooler._balance:variance is 0.5105040711184068
INFO:cooler._balance:variance is 0.17700083771026165
INFO:cooler._balance:variance is 0.06101098114579042
INFO:cooler._balance:variance is 0.021171762326083348
INFO:cooler._balance:variance is 0.007336009540854997
INFO:cooler._balance:variance is 0.0025491353673101355
INFO:cooler._balance:variance is 0.000885867227951775
INFO:cooler._balance:variance is 0.00030834233806792454
INFO:cooler._balance:variance is 0.00010739968865552446
INFO:cooler._balance:variance is 3.745522097862034e-05
INFO:cooler._balance:variance is 1.3075290620319828e-05
INFO:cooler._balance:variance is 4.570027164612083e-06
INFO:cooler._balance:chr12
INFO:cooler._balance:variance is 5916.998739622901
INFO:cooler._balance:variance is 447.1490760256778
INFO:cooler._balance:variance is 152.49902287811364
INFO:cooler._balance:variance is 76.96091537628868
INFO:cooler._balance:variance is 32.274608769723365
INFO:cooler._balance:variance is 15.6124861688333
INFO:cooler._balance:variance is 6.878472309197815
INFO:cooler._balance:variance is 3.2444379956132656
INFO:cooler._balance:variance is 1.462896102739684
INFO:cooler._balance:variance is 0.6813076552626302
INFO:cooler._balance:variance is 0.31058091650726316
INFO:cooler._balance:variance is 0.14375110845194636
INFO:cooler._balance:variance is 0.06586821181978358
INFO:cooler._balance:variance is 0.03039643917876195
INFO:cooler._balance:variance is 0.013961384844011427
INFO:cooler._balance:variance is 0.006433774578876412
INFO:cooler._balance:variance is 0.0029583856606732765
INFO:cooler._balance:variance is 0.0013624061625183736
INFO:cooler._balance:variance is 0.0006267857795108392
INFO:cooler._balance:variance is 0.00028856123384962977
INFO:cooler._balance:variance is 0.0001327864658519549
INFO:cooler._balance:variance is 6.112389311128919e-05
INFO:cooler._balance:variance is 2.813030909085398e-05
INFO:cooler._balance:variance is 1.2948014901920762e-05
INFO:cooler._balance:variance is 5.959209814072504e-06
INFO:cooler._balance:chr13
INFO:cooler._balance:variance is 4857.404567105787
INFO:cooler._balance:variance is 237.7305886906558
INFO:cooler._balance:variance is 43.74724367902092
INFO:cooler._balance:variance is 20.06876730681516
INFO:cooler._balance:variance is 6.109127061357505
INFO:cooler._balance:variance is 2.589136350136392
INFO:cooler._balance:variance is 0.9030931946696008
INFO:cooler._balance:variance is 0.35990068942362907
INFO:cooler._balance:variance is 0.13236261276236216
INFO:cooler._balance:variance is 0.0513293982956862
INFO:cooler._balance:variance is 0.01928205336270268
INFO:cooler._balance:variance is 0.007396962841078101
INFO:cooler._balance:variance is 0.002802982626517172
INFO:cooler._balance:variance is 0.0010710797107061519
INFO:cooler._balance:variance is 0.00040741027296288323
INFO:cooler._balance:variance is 0.00015550069636860187
INFO:cooler._balance:variance is 5.925710527970681e-05
INFO:cooler._balance:variance is 2.2615187867537112e-05
INFO:cooler._balance:variance is 8.627116543957187e-06
INFO:cooler._balance:chr14
INFO:cooler._balance:variance is 3655.149701644028
INFO:cooler._balance:variance is 193.07221196346705
INFO:cooler._balance:variance is 39.05599698595786
INFO:cooler._balance:variance is 14.281684506104671
INFO:cooler._balance:variance is 4.750313946764113
INFO:cooler._balance:variance is 1.931446185711325
INFO:cooler._balance:variance is 0.7599423885465598
INFO:cooler._balance:variance is 0.3276011212165669
INFO:cooler._balance:variance is 0.1419772708065596
INFO:cooler._balance:variance is 0.06438249181181359
INFO:cooler._balance:variance is 0.02961104162658237
INFO:cooler._balance:variance is 0.013949226371057675
INFO:cooler._balance:variance is 0.006647539797476257
INFO:cooler._balance:variance is 0.0032089230901759954
INFO:cooler._balance:variance is 0.0015603393121745033
INFO:cooler._balance:variance is 0.0007639248277901913
INFO:cooler._balance:variance is 0.00037555654992515113
INFO:cooler._balance:variance is 0.00018529508627082618
INFO:cooler._balance:variance is 9.162692305866187e-05
INFO:cooler._balance:variance is 4.539418109568357e-05
INFO:cooler._balance:variance is 2.2516060261811338e-05
INFO:cooler._balance:variance is 1.1179221551662083e-05
INFO:cooler._balance:variance is 5.5539537285513045e-06
INFO:cooler._balance:chr15
INFO:cooler._balance:variance is 3640.957237748998
INFO:cooler._balance:variance is 179.9098231517581
INFO:cooler._balance:variance is 34.642133407934985
INFO:cooler._balance:variance is 10.669004549633543
INFO:cooler._balance:variance is 3.3121679286824115
INFO:cooler._balance:variance is 1.1640716280052288
INFO:cooler._balance:variance is 0.4186709572018516
INFO:cooler._balance:variance is 0.1602318837281358
INFO:cooler._balance:variance is 0.06278820268705754
INFO:cooler._balance:variance is 0.02540449535160247
INFO:cooler._balance:variance is 0.010438410850730566
INFO:cooler._balance:variance is 0.004355710962572596
INFO:cooler._balance:variance is 0.0018327360484885953
INFO:cooler._balance:variance is 0.0007766427613313693
INFO:cooler._balance:variance is 0.00033047530655871976
INFO:cooler._balance:variance is 0.00014107430991842
INFO:cooler._balance:variance is 6.0341773684747565e-05
INFO:cooler._balance:variance is 2.584742135435492e-05
INFO:cooler._balance:variance is 1.1082168726963377e-05
INFO:cooler._balance:variance is 4.754669319905451e-06
INFO:cooler._balance:chr16
INFO:cooler._balance:variance is 57085.31779195251
INFO:cooler._balance:variance is 126.12119043674042
INFO:cooler._balance:variance is 28.054168780774322
INFO:cooler._balance:variance is 14.65580593934276
INFO:cooler._balance:variance is 7.032105022141095
INFO:cooler._balance:variance is 4.205232454127898
INFO:cooler._balance:variance is 2.292715375070974
INFO:cooler._balance:variance is 1.382685400673247
INFO:cooler._balance:variance is 0.7885977315349125
INFO:cooler._balance:variance is 0.4742018313160182
INFO:cooler._balance:variance is 0.275746709518417
INFO:cooler._balance:variance is 0.16516773952759653
INFO:cooler._balance:variance is 0.09695018838294411
INFO:cooler._balance:variance is 0.05789107585913141
INFO:cooler._balance:variance is 0.03414823870768071
INFO:cooler._balance:variance is 0.020346506225812692
INFO:cooler._balance:variance is 0.012034198268281048
INFO:cooler._balance:variance is 0.00716015685681867
INFO:cooler._balance:variance is 0.004241415692197269
INFO:cooler._balance:variance is 0.0025213109715272945
INFO:cooler._balance:variance is 0.0014948391065475167
INFO:cooler._balance:variance is 0.0008881134500038035
INFO:cooler._balance:variance is 0.0005268136161916806
INFO:cooler._balance:variance is 0.0003128839089047802
INFO:cooler._balance:variance is 0.00018565245337200863
INFO:cooler._balance:variance is 0.00011023952759283348
INFO:cooler._balance:variance is 6.5423009301811e-05
INFO:cooler._balance:variance is 3.884303669345605e-05
INFO:cooler._balance:variance is 2.3054246996754172e-05
INFO:cooler._balance:variance is 1.3686777114921066e-05
INFO:cooler._balance:variance is 8.123913327424791e-06
INFO:cooler._balance:chr17
INFO:cooler._balance:variance is 3131.087369118664
INFO:cooler._balance:variance is 311.1117095292163
INFO:cooler._balance:variance is 112.00603800810575
INFO:cooler._balance:variance is 61.81920548698245
INFO:cooler._balance:variance is 30.059199634921722
INFO:cooler._balance:variance is 16.326461942828438
INFO:cooler._balance:variance is 8.358452950567807
INFO:cooler._balance:variance is 4.471349173928013
INFO:cooler._balance:variance is 2.3317800476813475
INFO:cooler._balance:variance is 1.238973499603898
INFO:cooler._balance:variance is 0.6509600819396163
INFO:cooler._balance:variance is 0.3448786188396282
INFO:cooler._balance:variance is 0.18178297746661615
INFO:cooler._balance:variance is 0.09618627325663769
INFO:cooler._balance:variance is 0.050772458474491404
INFO:cooler._balance:variance is 0.026849765732473663
INFO:cooler._balance:variance is 0.014182395976693405
INFO:cooler._balance:variance is 0.007498046654281844
INFO:cooler._balance:variance is 0.003961861208624687
INFO:cooler._balance:variance is 0.002094326438386334
INFO:cooler._balance:variance is 0.0011067915443557696
INFO:cooler._balance:variance is 0.0005850398114698938
INFO:cooler._balance:variance is 0.0003092020773845513
INFO:cooler._balance:variance is 0.00016343670849071424
INFO:cooler._balance:variance is 8.638230762044001e-05
INFO:cooler._balance:variance is 4.565895080354493e-05
INFO:cooler._balance:variance is 2.4132958341875128e-05
INFO:cooler._balance:variance is 1.2755828694972636e-05
INFO:cooler._balance:variance is 6.742147499337363e-06
INFO:cooler._balance:chr18
INFO:cooler._balance:variance is 3357.1989007397087
INFO:cooler._balance:variance is 122.7884152393476
INFO:cooler._balance:variance is 24.433353079355424
INFO:cooler._balance:variance is 7.031943327706213
INFO:cooler._balance:variance is 2.0397707212779945
INFO:cooler._balance:variance is 0.6194019851101794
INFO:cooler._balance:variance is 0.1870379013393591
INFO:cooler._balance:variance is 0.0573366942718158
INFO:cooler._balance:variance is 0.017551890643858776
INFO:cooler._balance:variance is 0.0054020097467931925
INFO:cooler._balance:variance is 0.0016624499244817601
INFO:cooler._balance:variance is 0.0005126330960163902
INFO:cooler._balance:variance is 0.00015810237339961396
INFO:cooler._balance:variance is 4.87982651916849e-05
INFO:cooler._balance:variance is 1.506393654627628e-05
INFO:cooler._balance:variance is 4.6516784967919815e-06
INFO:cooler._balance:chr20
INFO:cooler._balance:variance is 4753.560659858721
INFO:cooler._balance:variance is 93.0166182140748
INFO:cooler._balance:variance is 20.491325180714014
INFO:cooler._balance:variance is 6.5119631481332405
INFO:cooler._balance:variance is 2.3446561369468393
INFO:cooler._balance:variance is 0.878590374476497
INFO:cooler._balance:variance is 0.34611667636255056
INFO:cooler._balance:variance is 0.14179006911993508
INFO:cooler._balance:variance is 0.06064954979118446
INFO:cooler._balance:variance is 0.0271439590909075
INFO:cooler._balance:variance is 0.012663771083107345
INFO:cooler._balance:variance is 0.0061487987465677855
INFO:cooler._balance:variance is 0.003082548234255743
INFO:cooler._balance:variance is 0.0015871259395098074
INFO:cooler._balance:variance is 0.0008332988163991279
INFO:cooler._balance:variance is 0.000443960903340867
INFO:cooler._balance:variance is 0.00023897751415449578
INFO:cooler._balance:variance is 0.00012956534738613274
INFO:cooler._balance:variance is 7.059935012968302e-05
INFO:cooler._balance:variance is 3.859796244427552e-05
INFO:cooler._balance:variance is 2.1152314750806978e-05
INFO:cooler._balance:variance is 1.160947449115178e-05
INFO:cooler._balance:variance is 6.378946901341106e-06
INFO:cooler._balance:chrY
INFO:cooler._balance:chr19
INFO:cooler._balance:variance is 4615.552075209929
INFO:cooler._balance:variance is 566.940616548168
INFO:cooler._balance:variance is 170.00189088720273
INFO:cooler._balance:variance is 105.59712623616738
INFO:cooler._balance:variance is 43.62619329036199
INFO:cooler._balance:variance is 24.67797970162489
INFO:cooler._balance:variance is 11.57637823705859
INFO:cooler._balance:variance is 6.267300246337282
INFO:cooler._balance:variance is 3.1194495920544214
INFO:cooler._balance:variance is 1.658296068792561
INFO:cooler._balance:variance is 0.8483745192714476
INFO:cooler._balance:variance is 0.4475950245965426
INFO:cooler._balance:variance is 0.2319518528823932
INFO:cooler._balance:variance is 0.1219828143779929
INFO:cooler._balance:variance is 0.06360212749701846
INFO:cooler._balance:variance is 0.03340080059119931
INFO:cooler._balance:variance is 0.017466985949069924
INFO:cooler._balance:variance is 0.00916686451578813
INFO:cooler._balance:variance is 0.0048008136211469665
INFO:cooler._balance:variance is 0.0025187380661258435
INFO:cooler._balance:variance is 0.001320054578268611
INFO:cooler._balance:variance is 0.0006924582372259921
INFO:cooler._balance:variance is 0.000363045144239376
INFO:cooler._balance:variance is 0.00019042704002590095
INFO:cooler._balance:variance is 9.985635997378883e-05
INFO:cooler._balance:variance is 5.237526743189513e-05
INFO:cooler._balance:variance is 2.7467184238856725e-05
INFO:cooler._balance:variance is 1.4406400493363488e-05
INFO:cooler._balance:variance is 7.555517711808909e-06
INFO:cooler._balance:chr22
INFO:cooler._balance:variance is 1983.551755335167
INFO:cooler._balance:variance is 519.812365777512
INFO:cooler._balance:variance is 82.0766008116778
INFO:cooler._balance:variance is 55.698917776038186
INFO:cooler._balance:variance is 17.56223306085627
INFO:cooler._balance:variance is 9.72341926734114
INFO:cooler._balance:variance is 4.137707885557393
INFO:cooler._balance:variance is 2.155215977169239
INFO:cooler._balance:variance is 1.052232258190962
INFO:cooler._balance:variance is 0.5487838889292357
INFO:cooler._balance:variance is 0.2855013261377086
INFO:cooler._balance:variance is 0.15141117796251363
INFO:cooler._balance:variance is 0.08117365499667091
INFO:cooler._balance:variance is 0.04371209542683936
INFO:cooler._balance:variance is 0.023779584596288265
INFO:cooler._balance:variance is 0.012939729128431622
INFO:cooler._balance:variance is 0.007090631686943705
INFO:cooler._balance:variance is 0.003883011671752491
INFO:cooler._balance:variance is 0.0021356289670179255
INFO:cooler._balance:variance is 0.0011738248403040685
INFO:cooler._balance:variance is 0.0006468121709246991
INFO:cooler._balance:variance is 0.0003562454580008521
INFO:cooler._balance:variance is 0.00019649268220708852
INFO:cooler._balance:variance is 0.00010834553508742528
INFO:cooler._balance:variance is 5.9789825563865025e-05
INFO:cooler._balance:variance is 3.2988464280605724e-05
INFO:cooler._balance:variance is 1.820927656313328e-05
INFO:cooler._balance:variance is 1.0050199586189268e-05
INFO:cooler._balance:variance is 5.548365778179312e-06
INFO:cooler._balance:chr21
INFO:cooler._balance:variance is 1805.8802163082328
INFO:cooler._balance:variance is 136.91655393352482
INFO:cooler._balance:variance is 29.310511200624994
INFO:cooler._balance:variance is 10.263206855832422
INFO:cooler._balance:variance is 3.9425556528696775
INFO:cooler._balance:variance is 1.7926490624465836
INFO:cooler._balance:variance is 0.8737993969768775
INFO:cooler._balance:variance is 0.4662138282370687
INFO:cooler._balance:variance is 0.25986823608525594
INFO:cooler._balance:variance is 0.15252608463088974
INFO:cooler._balance:variance is 0.09229637098425494
INFO:cooler._balance:variance is 0.05774926114097484
INFO:cooler._balance:variance is 0.03696696315115262
INFO:cooler._balance:variance is 0.02422885346636376
INFO:cooler._balance:variance is 0.016139268234194214
INFO:cooler._balance:variance is 0.010931617794012334
INFO:cooler._balance:variance is 0.0074816364285469105
INFO:cooler._balance:variance is 0.005179068367341908
INFO:cooler._balance:variance is 0.0036067447638614557
INFO:cooler._balance:variance is 0.002530661041082194
INFO:cooler._balance:variance is 0.001781216631045817
INFO:cooler._balance:variance is 0.0012597930600886248
INFO:cooler._balance:variance is 0.0008923115775501334
INFO:cooler._balance:variance is 0.0006339849273073085
INFO:cooler._balance:variance is 0.0004506968820616696
INFO:cooler._balance:variance is 0.0003210360989993733
INFO:cooler._balance:variance is 0.00022870375274140276
INFO:cooler._balance:variance is 0.00016313669680729156
INFO:cooler._balance:variance is 0.00011635771721075918
INFO:cooler._balance:variance is 8.306236631990542e-05
INFO:cooler._balance:variance is 5.928554153047158e-05
INFO:cooler._balance:variance is 4.233846977619377e-05
INFO:cooler._balance:variance is 3.0231049362190255e-05
INFO:cooler._balance:variance is 2.159400238072127e-05
INFO:cooler._balance:variance is 1.5422401006488702e-05
INFO:cooler._balance:variance is 1.1017430029372908e-05
INFO:cooler._balance:variance is 7.869700097185547e-06
INFO:cooler._balance:chrM
