INFO:cooler.cli.balance:Balancing "analysis_other/porec/T2T03/cooler/T2T03_40000_balanced.cool"
INFO:cooler._balance:chr1
INFO:cooler._balance:variance is 118618.93364460944
INFO:cooler._balance:variance is 14961.076352609898
INFO:cooler._balance:variance is 3339.6380957593196
INFO:cooler._balance:variance is 1107.2274401738462
INFO:cooler._balance:variance is 373.4465262112913
INFO:cooler._balance:variance is 148.5527087007556
INFO:cooler._balance:variance is 61.58786233589634
INFO:cooler._balance:variance is 27.59498491982712
INFO:cooler._balance:variance is 12.744790213780881
INFO:cooler._balance:variance is 6.0819139651362795
INFO:cooler._balance:variance is 2.9416688072970407
INFO:cooler._balance:variance is 1.4407952028848152
INFO:cooler._balance:variance is 0.7091329904441437
INFO:cooler._balance:variance is 0.35067083201739235
INFO:cooler._balance:variance is 0.17368754625693744
INFO:cooler._balance:variance is 0.08618201134888183
INFO:cooler._balance:variance is 0.042783713916072545
INFO:cooler._balance:variance is 0.021254238465371042
INFO:cooler._balance:variance is 0.010560198295051462
INFO:cooler._balance:variance is 0.005248343732987041
INFO:cooler._balance:variance is 0.002608468904269433
INFO:cooler._balance:variance is 0.0012965846276260854
INFO:cooler._balance:variance is 0.0006444910760011059
INFO:cooler._balance:variance is 0.00032037257499482614
INFO:cooler._balance:variance is 0.0001592546604008586
INFO:cooler._balance:variance is 7.916603661479502e-05
INFO:cooler._balance:variance is 3.935356994787728e-05
INFO:cooler._balance:variance is 1.9562928948601974e-05
INFO:cooler._balance:variance is 9.724843082051604e-06
INFO:cooler._balance:chr2
INFO:cooler._balance:variance is 126855.00924616841
INFO:cooler._balance:variance is 18323.08682377365
INFO:cooler._balance:variance is 4617.897186067789
INFO:cooler._balance:variance is 1436.3396720667308
INFO:cooler._balance:variance is 438.6696790115306
INFO:cooler._balance:variance is 140.52723116931526
INFO:cooler._balance:variance is 45.06439208682038
INFO:cooler._balance:variance is 14.74739891624369
INFO:cooler._balance:variance is 4.867885604182015
INFO:cooler._balance:variance is 1.6295271135015688
INFO:cooler._balance:variance is 0.551333024989217
INFO:cooler._balance:variance is 0.1887501514608141
INFO:cooler._balance:variance is 0.0652900119866525
INFO:cooler._balance:variance is 0.022810919604870288
INFO:cooler._balance:variance is 0.008040750401768743
INFO:cooler._balance:variance is 0.0028572448862255453
INFO:cooler._balance:variance is 0.0010224872873174145
INFO:cooler._balance:variance is 0.00036816069543507403
INFO:cooler._balance:variance is 0.00013326116348928
INFO:cooler._balance:variance is 4.8452309041764235e-05
INFO:cooler._balance:variance is 1.7683247154353756e-05
INFO:cooler._balance:variance is 6.474072011747635e-06
INFO:cooler._balance:chr3
INFO:cooler._balance:variance is 124184.94057296152
INFO:cooler._balance:variance is 33712.32025578024
INFO:cooler._balance:variance is 8806.941274716126
INFO:cooler._balance:variance is 3970.6244826752095
INFO:cooler._balance:variance is 1390.7815290271317
INFO:cooler._balance:variance is 593.6858522019536
INFO:cooler._balance:variance is 228.889521416491
INFO:cooler._balance:variance is 95.24754292314009
INFO:cooler._balance:variance is 38.15879866318182
INFO:cooler._balance:variance is 15.771127417767438
INFO:cooler._balance:variance is 6.432934510326784
INFO:cooler._balance:variance is 2.6598542019527276
INFO:cooler._balance:variance is 1.0955542605043256
INFO:cooler._balance:variance is 0.4541720080142486
INFO:cooler._balance:variance is 0.1881841173904432
INFO:cooler._balance:variance is 0.07823996701213336
INFO:cooler._balance:variance is 0.03254695383962876
INFO:cooler._balance:variance is 0.013566206631008382
INFO:cooler._balance:variance is 0.005659000992091846
INFO:cooler._balance:variance is 0.0023635845644989603
INFO:cooler._balance:variance is 0.000987895519976519
INFO:cooler._balance:variance is 0.0004132575923678478
INFO:cooler._balance:variance is 0.0001729745955826347
INFO:cooler._balance:variance is 7.244386713460743e-05
INFO:cooler._balance:variance is 3.0353955724643366e-05
INFO:cooler._balance:variance is 1.2723666417999018e-05
INFO:cooler._balance:variance is 5.33525688941946e-06
INFO:cooler._balance:chr4
INFO:cooler._balance:variance is 144463.53793662388
INFO:cooler._balance:variance is 32741.107919644703
INFO:cooler._balance:variance is 8576.610489129174
INFO:cooler._balance:variance is 2947.490770863685
INFO:cooler._balance:variance is 954.1041169478043
INFO:cooler._balance:variance is 338.45003366229736
INFO:cooler._balance:variance is 118.758172680191
INFO:cooler._balance:variance is 43.24755174825785
INFO:cooler._balance:variance is 15.773987142591062
INFO:cooler._balance:variance is 5.846845262310584
INFO:cooler._balance:variance is 2.1738540746670694
INFO:cooler._balance:variance is 0.8141080364748395
INFO:cooler._balance:variance is 0.3055671088919586
INFO:cooler._balance:variance is 0.11507356256949432
INFO:cooler._balance:variance is 0.043393745943885786
INFO:cooler._balance:variance is 0.016389104820338726
INFO:cooler._balance:variance is 0.0061944865388311905
INFO:cooler._balance:variance is 0.0023430271052092937
INFO:cooler._balance:variance is 0.0008865852826884674
INFO:cooler._balance:variance is 0.0003355976668653416
INFO:cooler._balance:variance is 0.00012705932743402524
INFO:cooler._balance:variance is 4.811381691056102e-05
INFO:cooler._balance:variance is 1.822128628182539e-05
INFO:cooler._balance:variance is 6.901213060251077e-06
INFO:cooler._balance:chr5
INFO:cooler._balance:variance is 230926.19317948676
INFO:cooler._balance:variance is 31937.578346095765
INFO:cooler._balance:variance is 7068.184591996588
INFO:cooler._balance:variance is 1858.2439565378331
INFO:cooler._balance:variance is 478.9570531326537
INFO:cooler._balance:variance is 128.56985896366035
INFO:cooler._balance:variance is 34.733362950833566
INFO:cooler._balance:variance is 9.587853125294917
INFO:cooler._balance:variance is 2.68479020577884
INFO:cooler._balance:variance is 0.7666872855293385
INFO:cooler._balance:variance is 0.22302472095093331
INFO:cooler._balance:variance is 0.0662514762877038
INFO:cooler._balance:variance is 0.02009796262367996
INFO:cooler._balance:variance is 0.006230789288039151
INFO:cooler._balance:variance is 0.0019728742813181327
INFO:cooler._balance:variance is 0.0006374595904057472
INFO:cooler._balance:variance is 0.00020984157836890293
INFO:cooler._balance:variance is 7.02410709147095e-05
INFO:cooler._balance:variance is 2.3856531246678667e-05
INFO:cooler._balance:variance is 8.203529125522563e-06
INFO:cooler._balance:chr6
INFO:cooler._balance:variance is 469648.89160470717
INFO:cooler._balance:variance is 47826.320553477795
INFO:cooler._balance:variance is 17914.15498193369
INFO:cooler._balance:variance is 10645.100450992757
INFO:cooler._balance:variance is 4815.47643208884
INFO:cooler._balance:variance is 2706.8594826699796
INFO:cooler._balance:variance is 1313.8724073221422
INFO:cooler._balance:variance is 711.2168198347345
INFO:cooler._balance:variance is 356.7470607617034
INFO:cooler._balance:variance is 189.1951007990548
INFO:cooler._balance:variance is 96.45211894145096
INFO:cooler._balance:variance is 50.602512028462776
INFO:cooler._balance:variance is 26.00981858383458
INFO:cooler._balance:variance is 13.56891253596398
INFO:cooler._balance:variance is 7.0038309499683375
INFO:cooler._balance:variance is 3.6430428261679055
INFO:cooler._balance:variance is 1.8844991617853917
INFO:cooler._balance:variance is 0.9787202564160847
INFO:cooler._balance:variance is 0.506847098169641
INFO:cooler._balance:variance is 0.26302269329198413
INFO:cooler._balance:variance is 0.13628991630315881
INFO:cooler._balance:variance is 0.07069683756076607
INFO:cooler._balance:variance is 0.03664385685370533
INFO:cooler._balance:variance is 0.019003953640119624
INFO:cooler._balance:variance is 0.00985173937488113
INFO:cooler._balance:variance is 0.005108662037375645
INFO:cooler._balance:variance is 0.002648568820240173
INFO:cooler._balance:variance is 0.0013733471754602655
INFO:cooler._balance:variance is 0.0007120371415713495
INFO:cooler._balance:variance is 0.000369197421574707
INFO:cooler._balance:variance is 0.00019142136840673936
INFO:cooler._balance:variance is 9.925208760490967e-05
INFO:cooler._balance:variance is 5.1460773083109795e-05
INFO:cooler._balance:variance is 2.6682223918723756e-05
INFO:cooler._balance:variance is 1.3834428414818613e-05
INFO:cooler._balance:variance is 7.1730707674962244e-06
INFO:cooler._balance:chr7
INFO:cooler._balance:variance is 138207.44573240593
INFO:cooler._balance:variance is 25011.688659031846
INFO:cooler._balance:variance is 6818.415589718925
INFO:cooler._balance:variance is 2570.082112055693
INFO:cooler._balance:variance is 854.4784964145922
INFO:cooler._balance:variance is 313.57625419637094
INFO:cooler._balance:variance is 109.65595492508346
INFO:cooler._balance:variance is 39.659782472522764
INFO:cooler._balance:variance is 14.100350565846535
INFO:cooler._balance:variance is 5.073596804257168
INFO:cooler._balance:variance is 1.8149102499230811
INFO:cooler._balance:variance is 0.6521450801399241
INFO:cooler._balance:variance is 0.23390338230356814
INFO:cooler._balance:variance is 0.08404900163113743
INFO:cooler._balance:variance is 0.03018934138213463
INFO:cooler._balance:variance is 0.010853459095629086
INFO:cooler._balance:variance is 0.0039023367562613914
INFO:cooler._balance:variance is 0.001403858719057794
INFO:cooler._balance:variance is 0.0005051681227246017
INFO:cooler._balance:variance is 0.00018185735241480635
INFO:cooler._balance:variance is 6.548766922816458e-05
INFO:cooler._balance:variance is 2.3590846765538827e-05
INFO:cooler._balance:variance is 8.50085550407274e-06
INFO:cooler._balance:chrX
INFO:cooler._balance:variance is 92153.70476265432
INFO:cooler._balance:variance is 4629.656355613845
INFO:cooler._balance:variance is 627.4408548396914
INFO:cooler._balance:variance is 103.32873665098856
INFO:cooler._balance:variance is 17.477998980561832
INFO:cooler._balance:variance is 3.0423230877511824
INFO:cooler._balance:variance is 0.5334392343105382
INFO:cooler._balance:variance is 0.09427921442248567
INFO:cooler._balance:variance is 0.016732147161636967
INFO:cooler._balance:variance is 0.002981971215100699
INFO:cooler._balance:variance is 0.0005334868295492692
INFO:cooler._balance:variance is 9.589167690569119e-05
INFO:cooler._balance:variance is 1.734639344914163e-05
INFO:cooler._balance:variance is 3.168557976796446e-06
INFO:cooler._balance:chr9
INFO:cooler._balance:variance is 121499.06526479087
INFO:cooler._balance:variance is 28223.548902216284
INFO:cooler._balance:variance is 10129.699478065819
INFO:cooler._balance:variance is 4396.8740810620375
INFO:cooler._balance:variance is 1930.5725267513553
INFO:cooler._balance:variance is 908.8824103830497
INFO:cooler._balance:variance is 426.6498336751216
INFO:cooler._balance:variance is 212.2288313086874
INFO:cooler._balance:variance is 106.08307508791027
INFO:cooler._balance:variance is 55.86569990096001
INFO:cooler._balance:variance is 29.73177458216993
INFO:cooler._balance:variance is 16.50360596733143
INFO:cooler._balance:variance is 9.259299928838848
INFO:cooler._balance:variance is 5.350255404189016
INFO:cooler._balance:variance is 3.1153907416736892
INFO:cooler._balance:variance is 1.8476850089966959
INFO:cooler._balance:variance is 1.1007767616763549
INFO:cooler._balance:variance is 0.6628077015151287
INFO:cooler._balance:variance is 0.40001201700788075
INFO:cooler._balance:variance is 0.2428437570867254
INFO:cooler._balance:variance is 0.14758284164293325
INFO:cooler._balance:variance is 0.08998076419807917
INFO:cooler._balance:variance is 0.05488409364889773
INFO:cooler._balance:variance is 0.03353581783074291
INFO:cooler._balance:variance is 0.020494149651382614
INFO:cooler._balance:variance is 0.012536304142820148
INFO:cooler._balance:variance is 0.00766860553921921
INFO:cooler._balance:variance is 0.004693467235667907
INFO:cooler._balance:variance is 0.0028725039869492994
INFO:cooler._balance:variance is 0.001758553326842411
INFO:cooler._balance:variance is 0.0010765550150469195
INFO:cooler._balance:variance is 0.0006591567822910823
INFO:cooler._balance:variance is 0.0004035789658029919
INFO:cooler._balance:variance is 0.0002471206153785172
INFO:cooler._balance:variance is 0.000151314172782012
INFO:cooler._balance:variance is 9.26559832461716e-05
INFO:cooler._balance:variance is 5.673620317803071e-05
INFO:cooler._balance:variance is 3.474245134650568e-05
INFO:cooler._balance:variance is 2.1274324984239172e-05
INFO:cooler._balance:variance is 1.302743452284977e-05
INFO:cooler._balance:variance is 7.97735212181405e-06
INFO:cooler._balance:chr8
INFO:cooler._balance:variance is 87325.42435970285
INFO:cooler._balance:variance is 11750.30250860736
INFO:cooler._balance:variance is 2561.623943584701
INFO:cooler._balance:variance is 713.4692090924241
INFO:cooler._balance:variance is 203.9516517224678
INFO:cooler._balance:variance is 61.77558917378595
INFO:cooler._balance:variance is 18.962825687662587
INFO:cooler._balance:variance is 5.93918174611323
INFO:cooler._balance:variance is 1.8743594856254713
INFO:cooler._balance:variance is 0.597051554719875
INFO:cooler._balance:variance is 0.19120981832166387
INFO:cooler._balance:variance is 0.061591640777096196
INFO:cooler._balance:variance is 0.019929910369509564
INFO:cooler._balance:variance is 0.006478561782278931
INFO:cooler._balance:variance is 0.002114706689006542
INFO:cooler._balance:variance is 0.0006930836931475434
INFO:cooler._balance:variance is 0.00022802805005122902
INFO:cooler._balance:variance is 7.530069872345677e-05
INFO:cooler._balance:variance is 2.495388357733973e-05
INFO:cooler._balance:variance is 8.29720409219476e-06
INFO:cooler._balance:chr11
INFO:cooler._balance:variance is 118151.94418400092
INFO:cooler._balance:variance is 43665.08605471569
INFO:cooler._balance:variance is 17614.29684555732
INFO:cooler._balance:variance is 11386.342214181319
INFO:cooler._balance:variance is 5381.001490102893
INFO:cooler._balance:variance is 3295.413107445443
INFO:cooler._balance:variance is 1666.29629261221
INFO:cooler._balance:variance is 977.3400854533564
INFO:cooler._balance:variance is 513.0528149797916
INFO:cooler._balance:variance is 293.05170792382876
INFO:cooler._balance:variance is 157.15674834692496
INFO:cooler._balance:variance is 88.38842349903359
INFO:cooler._balance:variance is 47.97820294256887
INFO:cooler._balance:variance is 26.74649016416735
INFO:cooler._balance:variance is 14.617571122676747
INFO:cooler._balance:variance is 8.108321406920624
INFO:cooler._balance:variance is 4.448298903312613
INFO:cooler._balance:variance is 2.4605715152378846
INFO:cooler._balance:variance is 1.352756297207258
INFO:cooler._balance:variance is 0.7471112453000749
INFO:cooler._balance:variance is 0.41122486165118705
INFO:cooler._balance:variance is 0.22691827664415756
INFO:cooler._balance:variance is 0.12498159718238624
INFO:cooler._balance:variance is 0.06893314182467786
INFO:cooler._balance:variance is 0.03798050819950646
INFO:cooler._balance:variance is 0.020942457543174222
INFO:cooler._balance:variance is 0.011541081840970599
INFO:cooler._balance:variance is 0.006362821920186531
INFO:cooler._balance:variance is 0.003506841944003803
INFO:cooler._balance:variance is 0.001933233470774995
INFO:cooler._balance:variance is 0.00106555765103359
INFO:cooler._balance:variance is 0.0005873888158297522
INFO:cooler._balance:variance is 0.00032376714643130207
INFO:cooler._balance:variance is 0.0001784722913979111
INFO:cooler._balance:variance is 9.837525582791879e-05
INFO:cooler._balance:variance is 5.422730172347766e-05
INFO:cooler._balance:variance is 2.9890794861573957e-05
INFO:cooler._balance:variance is 1.6476551856897656e-05
INFO:cooler._balance:variance is 9.082140589582247e-06
INFO:cooler._balance:chr10
INFO:cooler._balance:variance is 206987.22593213216
INFO:cooler._balance:variance is 14580.816738167405
INFO:cooler._balance:variance is 3641.0112426587343
INFO:cooler._balance:variance is 1135.2061672094756
INFO:cooler._balance:variance is 357.4366375723841
INFO:cooler._balance:variance is 118.88055032846076
INFO:cooler._balance:variance is 39.75298815909248
INFO:cooler._balance:variance is 13.540559789213154
INFO:cooler._balance:variance is 4.633749146024768
INFO:cooler._balance:variance is 1.5990527204388372
INFO:cooler._balance:variance is 0.5540038262898709
INFO:cooler._balance:variance is 0.1929189578559325
INFO:cooler._balance:variance is 0.06741794776673678
INFO:cooler._balance:variance is 0.02365228783012605
INFO:cooler._balance:variance is 0.008325535583678571
INFO:cooler._balance:variance is 0.0029406076113248983
INFO:cooler._balance:variance is 0.0010419263882785294
INFO:cooler._balance:variance is 0.0003703478536690916
INFO:cooler._balance:variance is 0.00013203574537318428
INFO:cooler._balance:variance is 4.7212380004933446e-05
INFO:cooler._balance:variance is 1.6929742302242704e-05
INFO:cooler._balance:variance is 6.087430900392398e-06
INFO:cooler._balance:chr12
INFO:cooler._balance:variance is 115298.35992607642
INFO:cooler._balance:variance is 29970.887906464253
INFO:cooler._balance:variance is 10593.820999818268
INFO:cooler._balance:variance is 4946.881776185781
INFO:cooler._balance:variance is 2075.9167555016093
INFO:cooler._balance:variance is 967.5153449941008
INFO:cooler._balance:variance is 427.31689568069186
INFO:cooler._balance:variance is 197.55631893912476
INFO:cooler._balance:variance is 89.0348816522811
INFO:cooler._balance:variance is 40.969138534179024
INFO:cooler._balance:variance is 18.62734025238249
INFO:cooler._balance:variance is 8.550823974903036
INFO:cooler._balance:variance is 3.903316617551613
INFO:cooler._balance:variance is 1.789723961313599
INFO:cooler._balance:variance is 0.8184799232445034
INFO:cooler._balance:variance is 0.3750778218270028
INFO:cooler._balance:variance is 0.17167683351274227
INFO:cooler._balance:variance is 0.0786527673666164
INFO:cooler._balance:variance is 0.036014319004205965
INFO:cooler._balance:variance is 0.016497822497327907
INFO:cooler._balance:variance is 0.007555570090693188
INFO:cooler._balance:variance is 0.003460952159756973
INFO:cooler._balance:variance is 0.0015851601804475343
INFO:cooler._balance:variance is 0.000726091182682899
INFO:cooler._balance:variance is 0.00033257218802409103
INFO:cooler._balance:variance is 0.00015233487252971586
INFO:cooler._balance:variance is 6.977536551255595e-05
INFO:cooler._balance:variance is 3.196049492017797e-05
INFO:cooler._balance:variance is 1.4639290413574597e-05
INFO:cooler._balance:variance is 6.705489925960004e-06
INFO:cooler._balance:chr13
INFO:cooler._balance:variance is 67279.26627897589
INFO:cooler._balance:variance is 6826.170846467976
INFO:cooler._balance:variance is 1050.4167476207363
INFO:cooler._balance:variance is 226.53305914107997
INFO:cooler._balance:variance is 52.6981110743198
INFO:cooler._balance:variance is 14.490411833464162
INFO:cooler._balance:variance is 4.420738901379645
INFO:cooler._balance:variance is 1.4681514095554309
INFO:cooler._balance:variance is 0.5134374231330822
INFO:cooler._balance:variance is 0.18554763868344126
INFO:cooler._balance:variance is 0.0684147726076386
INFO:cooler._balance:variance is 0.0255461260144621
INFO:cooler._balance:variance is 0.009618627664428843
INFO:cooler._balance:variance is 0.003641666526553805
INFO:cooler._balance:variance is 0.0013841473551076335
INFO:cooler._balance:variance is 0.000527531956992676
INFO:cooler._balance:variance is 0.00020145892394910454
INFO:cooler._balance:variance is 7.70464797008475e-05
INFO:cooler._balance:variance is 2.9497829111884074e-05
INFO:cooler._balance:variance is 1.1302468163814281e-05
INFO:cooler._balance:variance is 4.333288226027605e-06
INFO:cooler._balance:chr14
INFO:cooler._balance:variance is 99297.77478167518
INFO:cooler._balance:variance is 22550.090459797597
INFO:cooler._balance:variance is 5483.3130342112845
INFO:cooler._balance:variance is 1832.7474771751054
INFO:cooler._balance:variance is 539.951359175449
INFO:cooler._balance:variance is 181.46283827443688
INFO:cooler._balance:variance is 58.745645272109286
INFO:cooler._balance:variance is 20.37810868831605
INFO:cooler._balance:variance is 7.1478127815421715
INFO:cooler._balance:variance is 2.6460569309227395
INFO:cooler._balance:variance is 1.016529030986001
INFO:cooler._balance:variance is 0.4109248994722788
INFO:cooler._balance:variance is 0.17336046331530983
INFO:cooler._balance:variance is 0.07621714128611232
INFO:cooler._balance:variance is 0.03461756268580374
INFO:cooler._balance:variance is 0.016140500954015757
INFO:cooler._balance:variance is 0.007670344286203505
INFO:cooler._balance:variance is 0.0036961491570424994
INFO:cooler._balance:variance is 0.0017982771128110047
INFO:cooler._balance:variance is 0.0008807806818559714
INFO:cooler._balance:variance is 0.00043334775699263665
INFO:cooler._balance:variance is 0.00021386604062985476
INFO:cooler._balance:variance is 0.0001057642189472683
INFO:cooler._balance:variance is 5.2377018557071316e-05
INFO:cooler._balance:variance is 2.5962413948834774e-05
INFO:cooler._balance:variance is 1.2877225490929321e-05
INFO:cooler._balance:variance is 6.389706376419466e-06
INFO:cooler._balance:chr15
INFO:cooler._balance:variance is 70935.60625181862
INFO:cooler._balance:variance is 9484.596145775009
INFO:cooler._balance:variance is 2292.081100417748
INFO:cooler._balance:variance is 642.422672279284
INFO:cooler._balance:variance is 189.6485784417744
INFO:cooler._balance:variance is 59.72174621840162
INFO:cooler._balance:variance is 19.750272748385946
INFO:cooler._balance:variance is 6.859747079132084
INFO:cooler._balance:variance is 2.4844680938238475
INFO:cooler._balance:variance is 0.9324051069571521
INFO:cooler._balance:variance is 0.3601951080214208
INFO:cooler._balance:variance is 0.1422572416899614
INFO:cooler._balance:variance is 0.05714190280902596
INFO:cooler._balance:variance is 0.023233164847399988
INFO:cooler._balance:variance is 0.00953096118876237
INFO:cooler._balance:variance is 0.003934205568779106
INFO:cooler._balance:variance is 0.0016312256740193512
INFO:cooler._balance:variance is 0.0006784161721720532
INFO:cooler._balance:variance is 0.00028276251997650336
INFO:cooler._balance:variance is 0.0001180291651878561
INFO:cooler._balance:variance is 4.93186850736545e-05
INFO:cooler._balance:variance is 2.0622560632868363e-05
INFO:cooler._balance:variance is 8.627638265198102e-06
INFO:cooler._balance:chr16
INFO:cooler._balance:variance is 90146.64331542458
INFO:cooler._balance:variance is 18962.30880238962
INFO:cooler._balance:variance is 5687.278228139678
INFO:cooler._balance:variance is 2421.4499778444565
INFO:cooler._balance:variance is 1004.7996143235208
INFO:cooler._balance:variance is 497.9303660826302
INFO:cooler._balance:variance is 240.99271696795446
INFO:cooler._balance:variance is 130.0774623568777
INFO:cooler._balance:variance is 69.19856706006868
INFO:cooler._balance:variance is 39.09990748616447
INFO:cooler._balance:variance is 21.88437656954844
INFO:cooler._balance:variance is 12.632781465964303
INFO:cooler._balance:variance is 7.2464119085228775
INFO:cooler._balance:variance is 4.221537982600169
INFO:cooler._balance:variance is 2.4492697485253614
INFO:cooler._balance:variance is 1.43222767572546
INFO:cooler._balance:variance is 0.8353302674674233
INFO:cooler._balance:variance is 0.4891851726707074
INFO:cooler._balance:variance is 0.2860132647256109
INFO:cooler._balance:variance is 0.16758664856276034
INFO:cooler._balance:variance is 0.09809840965764642
INFO:cooler._balance:variance is 0.057490398408978974
INFO:cooler._balance:variance is 0.03367185947658059
INFO:cooler._balance:variance is 0.01973428015865244
INFO:cooler._balance:variance is 0.011561596015034807
INFO:cooler._balance:variance is 0.0067759875268100294
INFO:cooler._balance:variance is 0.003970387365093867
INFO:cooler._balance:variance is 0.0023269274717933747
INFO:cooler._balance:variance is 0.0013635667470676504
INFO:cooler._balance:variance is 0.0007991368792568826
INFO:cooler._balance:variance is 0.00046830888408776796
INFO:cooler._balance:variance is 0.00027445620007168997
INFO:cooler._balance:variance is 0.00016083990213211326
INFO:cooler._balance:variance is 9.426089039645915e-05
INFO:cooler._balance:variance is 5.5240487591323206e-05
INFO:cooler._balance:variance is 3.237377208423776e-05
INFO:cooler._balance:variance is 1.8972394803395143e-05
INFO:cooler._balance:variance is 1.1118769153483264e-05
INFO:cooler._balance:variance is 6.516091482680712e-06
INFO:cooler._balance:chr17
INFO:cooler._balance:variance is 94080.13121581142
INFO:cooler._balance:variance is 32093.929291170058
INFO:cooler._balance:variance is 11588.928300090301
INFO:cooler._balance:variance is 5619.990297279082
INFO:cooler._balance:variance is 2514.43112882323
INFO:cooler._balance:variance is 1245.047060642719
INFO:cooler._balance:variance is 600.4152576912901
INFO:cooler._balance:variance is 300.3065089120557
INFO:cooler._balance:variance is 148.95236263336272
INFO:cooler._balance:variance is 74.8774298601554
INFO:cooler._balance:variance is 37.54595517995255
INFO:cooler._balance:variance is 18.922637608808163
INFO:cooler._balance:variance is 9.530434604909502
INFO:cooler._balance:variance is 4.80964286660375
INFO:cooler._balance:variance is 2.4269760728674794
INFO:cooler._balance:variance is 1.225674783372554
INFO:cooler._balance:variance is 0.6190113584841848
INFO:cooler._balance:variance is 0.3127340838177446
INFO:cooler._balance:variance is 0.1580060072453491
INFO:cooler._balance:variance is 0.07984368596177192
INFO:cooler._balance:variance is 0.040348245123167585
INFO:cooler._balance:variance is 0.020391099928241035
INFO:cooler._balance:variance is 0.01030547113900411
INFO:cooler._balance:variance is 0.005208473090530174
INFO:cooler._balance:variance is 0.002632447780408345
INFO:cooler._balance:variance is 0.001330505635453658
INFO:cooler._balance:variance is 0.0006724772363384621
INFO:cooler._balance:variance is 0.00033989307100148564
INFO:cooler._balance:variance is 0.00017179449493513467
INFO:cooler._balance:variance is 8.683167094923954e-05
INFO:cooler._balance:variance is 4.388825354976982e-05
INFO:cooler._balance:variance is 2.2182958863685252e-05
INFO:cooler._balance:variance is 1.121221252555949e-05
INFO:cooler._balance:variance is 5.667137005067591e-06
INFO:cooler._balance:chr18
INFO:cooler._balance:variance is 76811.26853142612
INFO:cooler._balance:variance is 12589.64291251427
INFO:cooler._balance:variance is 2900.764668503556
INFO:cooler._balance:variance is 812.294551567816
INFO:cooler._balance:variance is 231.9353105410561
INFO:cooler._balance:variance is 70.2338082961167
INFO:cooler._balance:variance is 21.353955982363157
INFO:cooler._balance:variance is 6.6179498480540735
INFO:cooler._balance:variance is 2.0543347651817885
INFO:cooler._balance:variance is 0.6418908247263136
INFO:cooler._balance:variance is 0.20076052018888832
INFO:cooler._balance:variance is 0.06294081435152404
INFO:cooler._balance:variance is 0.019744157977130604
INFO:cooler._balance:variance is 0.006199381036075002
INFO:cooler._balance:variance is 0.001947135708625256
INFO:cooler._balance:variance is 0.000611801230961485
INFO:cooler._balance:variance is 0.0001922634144805812
INFO:cooler._balance:variance is 6.0430318882345784e-05
INFO:cooler._balance:variance is 1.8995464338043314e-05
INFO:cooler._balance:variance is 5.971416658035277e-06
INFO:cooler._balance:chr20
INFO:cooler._balance:variance is 83477.16151348423
INFO:cooler._balance:variance is 15927.01206104
INFO:cooler._balance:variance is 4908.9324779650215
INFO:cooler._balance:variance is 1737.9980606658833
INFO:cooler._balance:variance is 664.490941861936
INFO:cooler._balance:variance is 270.405808030474
INFO:cooler._balance:variance is 116.21703127329383
INFO:cooler._balance:variance is 52.93144455310742
INFO:cooler._balance:variance is 25.25046654089139
INFO:cooler._balance:variance is 12.550695627704032
INFO:cooler._balance:variance is 6.426916731722179
INFO:cooler._balance:variance is 3.363046643223271
INFO:cooler._balance:variance is 1.7871264386850667
INFO:cooler._balance:variance is 0.9587105139434381
INFO:cooler._balance:variance is 0.5180040967441619
INFO:cooler._balance:variance is 0.2809330703633457
INFO:cooler._balance:variance is 0.15285175976712131
INFO:cooler._balance:variance is 0.08327988594921708
INFO:cooler._balance:variance is 0.04543983585620554
INFO:cooler._balance:variance is 0.024805251468737407
INFO:cooler._balance:variance is 0.01354988933533315
INFO:cooler._balance:variance is 0.007402783501754927
INFO:cooler._balance:variance is 0.004045636234004317
INFO:cooler._balance:variance is 0.0022110389336889077
INFO:cooler._balance:variance is 0.001208561894747295
INFO:cooler._balance:variance is 0.0006606076746978301
INFO:cooler._balance:variance is 0.00036111781777045285
INFO:cooler._balance:variance is 0.00019740240756861496
INFO:cooler._balance:variance is 0.00010791234806869745
INFO:cooler._balance:variance is 5.899126071824213e-05
INFO:cooler._balance:variance is 3.224867489163566e-05
INFO:cooler._balance:variance is 1.762927321943179e-05
INFO:cooler._balance:variance is 9.637421903361134e-06
INFO:cooler._balance:chrY
INFO:cooler._balance:variance is 937.2744749021006
INFO:cooler._balance:variance is 99.98486361141454
INFO:cooler._balance:variance is 19.92791658949564
INFO:cooler._balance:variance is 4.606808481927429
INFO:cooler._balance:variance is 1.0894371594809469
INFO:cooler._balance:variance is 0.27378072928724545
INFO:cooler._balance:variance is 0.06898008130299887
INFO:cooler._balance:variance is 0.017736489719720874
INFO:cooler._balance:variance is 0.004576670119336703
INFO:cooler._balance:variance is 0.001189945022098837
INFO:cooler._balance:variance is 0.0003103103750453012
INFO:cooler._balance:variance is 8.120469839767859e-05
INFO:cooler._balance:variance is 2.1294211329937128e-05
INFO:cooler._balance:variance is 5.5946112170868e-06
INFO:cooler._balance:chr19
INFO:cooler._balance:variance is 315323.50228579144
INFO:cooler._balance:variance is 136563.84114649502
INFO:cooler._balance:variance is 35177.466902515334
INFO:cooler._balance:variance is 14624.286831065127
INFO:cooler._balance:variance is 4632.172865726211
INFO:cooler._balance:variance is 1823.6427254342746
INFO:cooler._balance:variance is 650.0231927806786
INFO:cooler._balance:variance is 257.8679413979488
INFO:cooler._balance:variance is 99.97633910071221
INFO:cooler._balance:variance is 41.09009743528803
INFO:cooler._balance:variance is 16.983816640605024
INFO:cooler._balance:variance is 7.263327068378981
INFO:cooler._balance:variance is 3.14336814591623
INFO:cooler._balance:variance is 1.3877688908406525
INFO:cooler._balance:variance is 0.6187983466149536
INFO:cooler._balance:variance is 0.27905193853841004
INFO:cooler._balance:variance is 0.12666344963417595
INFO:cooler._balance:variance is 0.05784968355393726
INFO:cooler._balance:variance is 0.026522694077478044
INFO:cooler._balance:variance is 0.012200248452599758
INFO:cooler._balance:variance is 0.0056240453677983936
INFO:cooler._balance:variance is 0.0025970805367283973
INFO:cooler._balance:variance is 0.0012006738993016325
INFO:cooler._balance:variance is 0.0005555982729261248
INFO:cooler._balance:variance is 0.0002572556256383712
INFO:cooler._balance:variance is 0.00011917239594267199
INFO:cooler._balance:variance is 5.52240463653158e-05
INFO:cooler._balance:variance is 2.5596971338528908e-05
INFO:cooler._balance:variance is 1.1866524228496197e-05
INFO:cooler._balance:variance is 5.501924851863343e-06
INFO:cooler._balance:chr22
INFO:cooler._balance:variance is 71927.74717258663
INFO:cooler._balance:variance is 18493.334358401506
INFO:cooler._balance:variance is 5504.499626479183
INFO:cooler._balance:variance is 3952.9849656817405
INFO:cooler._balance:variance is 1602.2814925882926
INFO:cooler._balance:variance is 1507.3986278426596
INFO:cooler._balance:variance is 693.3187056618127
INFO:cooler._balance:variance is 674.4360079771833
INFO:cooler._balance:variance is 342.4070718809947
INFO:cooler._balance:variance is 322.22625802800866
INFO:cooler._balance:variance is 178.23069306911512
INFO:cooler._balance:variance is 160.00847499925118
INFO:cooler._balance:variance is 94.93653683587581
INFO:cooler._balance:variance is 81.48704012944775
INFO:cooler._balance:variance is 51.06166496570851
INFO:cooler._balance:variance is 42.20008542291931
INFO:cooler._balance:variance is 27.556501473326584
INFO:cooler._balance:variance is 22.098776952181233
INFO:cooler._balance:variance is 14.878835707479936
INFO:cooler._balance:variance is 11.658259156880906
INFO:cooler._balance:variance is 8.028089569753298
INFO:cooler._balance:variance is 6.180827272826563
INFO:cooler._balance:variance is 4.32700759501539
INFO:cooler._balance:variance is 3.287831439725594
INFO:cooler._balance:variance is 2.3296317250057816
INFO:cooler._balance:variance is 1.7529214064434198
INFO:cooler._balance:variance is 1.253043665490491
INFO:cooler._balance:variance is 0.9360495021925739
INFO:cooler._balance:variance is 0.673438219147236
INFO:cooler._balance:variance is 0.500393932075421
INFO:cooler._balance:variance is 0.3617041173059001
INFO:cooler._balance:variance is 0.2677078171938505
INFO:cooler._balance:variance is 0.19417591678057095
INFO:cooler._balance:variance is 0.14330074021572517
INFO:cooler._balance:variance is 0.10420157025738819
INFO:cooler._balance:variance is 0.07673723245861189
INFO:cooler._balance:variance is 0.055902371924464095
INFO:cooler._balance:variance is 0.04110419827371758
INFO:cooler._balance:variance is 0.029984321855838995
INFO:cooler._balance:variance is 0.022021885559398106
INFO:cooler._balance:variance is 0.016080138884541222
INFO:cooler._balance:variance is 0.011800128004342034
INFO:cooler._balance:variance is 0.008622528816668626
INFO:cooler._balance:variance is 0.006323613412458723
INFO:cooler._balance:variance is 0.0046231933368711675
INFO:cooler._balance:variance is 0.003389047330779341
INFO:cooler._balance:variance is 0.0024786879005597186
INFO:cooler._balance:variance is 0.0018164126815468091
INFO:cooler._balance:variance is 0.0013288664017420604
INFO:cooler._balance:variance is 0.0009735748242515394
INFO:cooler._balance:variance is 0.0007124032032598022
INFO:cooler._balance:variance is 0.000521839830813157
INFO:cooler._balance:variance is 0.00038190860353995735
INFO:cooler._balance:variance is 0.00027971430002709835
INFO:cooler._balance:variance is 0.00020473164507472388
INFO:cooler._balance:variance is 0.00014993364477861623
INFO:cooler._balance:variance is 0.0001097500206213047
INFO:cooler._balance:variance is 8.036901283234963e-05
INFO:cooler._balance:variance is 5.883285447639941e-05
INFO:cooler._balance:variance is 4.308061599691905e-05
INFO:cooler._balance:variance is 3.153784834710392e-05
INFO:cooler._balance:variance is 2.309286984009414e-05
INFO:cooler._balance:variance is 1.690603947658459e-05
INFO:cooler._balance:variance is 1.23787248730113e-05
INFO:cooler._balance:variance is 9.062541241241831e-06
INFO:cooler._balance:chr21
INFO:cooler._balance:variance is 73021.72914407284
INFO:cooler._balance:variance is 18157.883539782815
INFO:cooler._balance:variance is 4204.123594107568
INFO:cooler._balance:variance is 1402.9540330696218
INFO:cooler._balance:variance is 491.7012573695
INFO:cooler._balance:variance is 224.23950071571704
INFO:cooler._balance:variance is 118.850515272294
INFO:cooler._balance:variance is 74.43474791467983
INFO:cooler._balance:variance is 49.56547559785699
INFO:cooler._balance:variance is 34.99314235324652
INFO:cooler._balance:variance is 24.797128194559754
INFO:cooler._balance:variance is 17.96715980143417
INFO:cooler._balance:variance is 12.915263468706307
INFO:cooler._balance:variance is 9.396487050434864
INFO:cooler._balance:variance is 6.781561826396654
INFO:cooler._balance:variance is 4.933647136054148
INFO:cooler._balance:variance is 3.5665628394895155
INFO:cooler._balance:variance is 2.5929514213289706
INFO:cooler._balance:variance is 1.8762293940723263
INFO:cooler._balance:variance is 1.3631869121812625
INFO:cooler._balance:variance is 0.9870083283012893
INFO:cooler._balance:variance is 0.7167632302336118
INFO:cooler._balance:variance is 0.5192000789098706
INFO:cooler._balance:variance is 0.37690329437344894
INFO:cooler._balance:variance is 0.2731041939902459
INFO:cooler._balance:variance is 0.19820128000116466
INFO:cooler._balance:variance is 0.1436500660689917
INFO:cooler._balance:variance is 0.10423139275098506
INFO:cooler._balance:variance is 0.07555637728148801
INFO:cooler._balance:variance is 0.05481529259618451
INFO:cooler._balance:variance is 0.03973996159152556
INFO:cooler._balance:variance is 0.028827895001848895
INFO:cooler._balance:variance is 0.020901486911424162
INFO:cooler._balance:variance is 0.015161071855869807
INFO:cooler._balance:variance is 0.010993149207126296
INFO:cooler._balance:variance is 0.0079735378973809
INFO:cooler._balance:variance is 0.00578180669025881
INFO:cooler._balance:variance is 0.004193486485980577
INFO:cooler._balance:variance is 0.003040902316646333
INFO:cooler._balance:variance is 0.0022054723974392044
INFO:cooler._balance:variance is 0.0015993353021166409
INFO:cooler._balance:variance is 0.001159924162683164
INFO:cooler._balance:variance is 0.0008411534587886681
INFO:cooler._balance:variance is 0.0006100405673160381
INFO:cooler._balance:variance is 0.00044239475741387964
INFO:cooler._balance:variance is 0.00032084012161637775
INFO:cooler._balance:variance is 0.00023267193450687807
INFO:cooler._balance:variance is 0.00016874046195589852
INFO:cooler._balance:variance is 0.00012237072021855183
INFO:cooler._balance:variance is 8.874629561649348e-05
INFO:cooler._balance:variance is 6.43592032196112e-05
INFO:cooler._balance:variance is 4.66747018803131e-05
INFO:cooler._balance:variance is 3.384881982154864e-05
INFO:cooler._balance:variance is 2.4547829719622365e-05
INFO:cooler._balance:variance is 1.7802303764956605e-05
INFO:cooler._balance:variance is 1.2910552223018562e-05
INFO:cooler._balance:variance is 9.362864560342037e-06
INFO:cooler._balance:chrM
