INFO:cooler.cli.balance:Balancing "analysis_other/porec/T2T15/cooler/T2T15_10000_balanced.cool"
INFO:cooler._balance:chr1
INFO:cooler._balance:variance is 19617.141108416163
INFO:cooler._balance:variance is 2247.345609700006
INFO:cooler._balance:variance is 663.9283251289535
INFO:cooler._balance:variance is 302.0505094580935
INFO:cooler._balance:variance is 137.39714056447434
INFO:cooler._balance:variance is 70.5172601166091
INFO:cooler._balance:variance is 35.89993303683034
INFO:cooler._balance:variance is 19.093905423019542
INFO:cooler._balance:variance is 10.109596180947023
INFO:cooler._balance:variance is 5.4525852375409025
INFO:cooler._balance:variance is 2.9324840548094993
INFO:cooler._balance:variance is 1.5906614246269888
INFO:cooler._balance:variance is 0.8612052666820043
INFO:cooler._balance:variance is 0.4682099540388123
INFO:cooler._balance:variance is 0.25424614288202585
INFO:cooler._balance:variance is 0.13834866258998288
INFO:cooler._balance:variance is 0.07522728003268411
INFO:cooler._balance:variance is 0.040948765188036515
INFO:cooler._balance:variance is 0.022280008503059244
INFO:cooler._balance:variance is 0.012129188857962096
INFO:cooler._balance:variance is 0.006601414261773793
INFO:cooler._balance:variance is 0.0035939272285499604
INFO:cooler._balance:variance is 0.001956311086330094
INFO:cooler._balance:variance is 0.001065059346630694
INFO:cooler._balance:variance is 0.0005797939746677516
INFO:cooler._balance:variance is 0.0003156526130441796
INFO:cooler._balance:variance is 0.0001718402510194266
INFO:cooler._balance:variance is 9.355339433978533e-05
INFO:cooler._balance:variance is 5.0931088844171824e-05
INFO:cooler._balance:variance is 2.7727878439531497e-05
INFO:cooler._balance:variance is 1.5095381484661144e-05
INFO:cooler._balance:variance is 8.21820684410312e-06
INFO:cooler._balance:chr2
INFO:cooler._balance:variance is 25738.04777786958
INFO:cooler._balance:variance is 4589.828623942618
INFO:cooler._balance:variance is 1442.6871168735597
INFO:cooler._balance:variance is 571.1094581948232
INFO:cooler._balance:variance is 209.5439546924077
INFO:cooler._balance:variance is 82.02786156737594
INFO:cooler._balance:variance is 31.292208028634725
INFO:cooler._balance:variance is 12.221096488472329
INFO:cooler._balance:variance is 4.737414190797674
INFO:cooler._balance:variance is 1.8549579015590478
INFO:cooler._balance:variance is 0.7255968044593712
INFO:cooler._balance:variance is 0.2853141437918407
INFO:cooler._balance:variance is 0.11232060226681016
INFO:cooler._balance:variance is 0.044364576080086086
INFO:cooler._balance:variance is 0.01755416656859284
INFO:cooler._balance:variance is 0.006962846880685075
INFO:cooler._balance:variance is 0.002766776958678641
INFO:cooler._balance:variance is 0.0011015651347021807
INFO:cooler._balance:variance is 0.0004392955226564728
INFO:cooler._balance:variance is 0.00017547012989109937
INFO:cooler._balance:variance is 7.018861349264926e-05
INFO:cooler._balance:variance is 2.8113309948291107e-05
INFO:cooler._balance:variance is 1.1274057004177265e-05
INFO:cooler._balance:variance is 4.526176509294407e-06
INFO:cooler._balance:chr3
INFO:cooler._balance:variance is 21604.64337123449
INFO:cooler._balance:variance is 5445.97357470194
INFO:cooler._balance:variance is 1899.6180943345112
INFO:cooler._balance:variance is 1106.1904780592856
INFO:cooler._balance:variance is 467.5490344423422
INFO:cooler._balance:variance is 253.48969293033934
INFO:cooler._balance:variance is 116.20211714831716
INFO:cooler._balance:variance is 60.422166400649495
INFO:cooler._balance:variance is 28.835313596720844
INFO:cooler._balance:variance is 14.666070065481478
INFO:cooler._balance:variance is 7.142747138675269
INFO:cooler._balance:variance is 3.5918983696936766
INFO:cooler._balance:variance is 1.7673845480118138
INFO:cooler._balance:variance is 0.8836925216010345
INFO:cooler._balance:variance is 0.43707354054817105
INFO:cooler._balance:variance is 0.2179140964310255
INFO:cooler._balance:variance is 0.10806151822885227
INFO:cooler._balance:variance is 0.05380113892636151
INFO:cooler._balance:variance is 0.026714624999486954
INFO:cooler._balance:variance is 0.013291434637004282
INFO:cooler._balance:variance is 0.006604185721078807
INFO:cooler._balance:variance is 0.003284720735634121
INFO:cooler._balance:variance is 0.0016326513968196738
INFO:cooler._balance:variance is 0.0008119030911728023
INFO:cooler._balance:variance is 0.0004036220189738922
INFO:cooler._balance:variance is 0.00020070281586006983
INFO:cooler._balance:variance is 9.978452246617332e-05
INFO:cooler._balance:variance is 4.961660526912949e-05
INFO:cooler._balance:variance is 2.4669316281614072e-05
INFO:cooler._balance:variance is 1.2266323305393517e-05
INFO:cooler._balance:variance is 6.0989514837922696e-06
INFO:cooler._balance:chr4
INFO:cooler._balance:variance is 33716.23958890483
INFO:cooler._balance:variance is 11052.942711523468
INFO:cooler._balance:variance is 2560.9936155713654
INFO:cooler._balance:variance is 1288.0855637508316
INFO:cooler._balance:variance is 423.29543452716763
INFO:cooler._balance:variance is 187.9784697851178
INFO:cooler._balance:variance is 70.76245258952457
INFO:cooler._balance:variance is 29.91139973725186
INFO:cooler._balance:variance is 11.904704988562399
INFO:cooler._balance:variance is 4.956780687135845
INFO:cooler._balance:variance is 2.0210713402347285
INFO:cooler._balance:variance is 0.8391751721091414
INFO:cooler._balance:variance is 0.34607145593571925
INFO:cooler._balance:variance is 0.1438219085005158
INFO:cooler._balance:variance is 0.05965731278593667
INFO:cooler._balance:variance is 0.02483252179078446
INFO:cooler._balance:variance is 0.010333764404642967
INFO:cooler._balance:variance is 0.00430764429560772
INFO:cooler._balance:variance is 0.0017959796866548036
INFO:cooler._balance:variance is 0.0007494721475930913
INFO:cooler._balance:variance is 0.00031284073191834445
INFO:cooler._balance:variance is 0.00013065087876275026
INFO:cooler._balance:variance is 5.457577605353785e-05
INFO:cooler._balance:variance is 2.280440961758308e-05
INFO:cooler._balance:variance is 9.530419422509045e-06
INFO:cooler._balance:chr5
INFO:cooler._balance:variance is 30856.902137491634
INFO:cooler._balance:variance is 6342.556512160858
INFO:cooler._balance:variance is 1673.8906076979445
INFO:cooler._balance:variance is 610.5036568396173
INFO:cooler._balance:variance is 192.23218298376915
INFO:cooler._balance:variance is 69.33425481631883
INFO:cooler._balance:variance is 23.811024259320867
INFO:cooler._balance:variance is 8.750390638075977
INFO:cooler._balance:variance is 3.1935566967539355
INFO:cooler._balance:variance is 1.211457150513896
INFO:cooler._balance:variance is 0.463207789676709
INFO:cooler._balance:variance is 0.1814075924473483
INFO:cooler._balance:variance is 0.0717977772556723
INFO:cooler._balance:variance is 0.028849320104721736
INFO:cooler._balance:variance is 0.011693665294930537
INFO:cooler._balance:variance is 0.004784466866578715
INFO:cooler._balance:variance is 0.001969522559493115
INFO:cooler._balance:variance is 0.0008153513222135966
INFO:cooler._balance:variance is 0.0003388620425491174
INFO:cooler._balance:variance is 0.00014130443235556606
INFO:cooler._balance:variance is 5.9064400090050176e-05
INFO:cooler._balance:variance is 2.4736999701215234e-05
INFO:cooler._balance:variance is 1.0374990669423451e-05
INFO:cooler._balance:variance is 4.356356782620714e-06
INFO:cooler._balance:chr6
INFO:cooler._balance:variance is 25988.386267807804
INFO:cooler._balance:variance is 6568.085579515352
INFO:cooler._balance:variance is 2810.201524342746
INFO:cooler._balance:variance is 1868.4039133120684
INFO:cooler._balance:variance is 921.1581174007085
INFO:cooler._balance:variance is 589.821754577679
INFO:cooler._balance:variance is 310.1820524255717
INFO:cooler._balance:variance is 190.99334642293692
INFO:cooler._balance:variance is 104.32517946246907
INFO:cooler._balance:variance is 62.595086077778554
INFO:cooler._balance:variance is 34.973039778777014
INFO:cooler._balance:variance is 20.65175180186189
INFO:cooler._balance:variance is 11.693811607245406
INFO:cooler._balance:variance is 6.839435009242793
INFO:cooler._balance:variance is 3.9032293512846516
INFO:cooler._balance:variance is 2.2699850317108616
INFO:cooler._balance:variance is 1.3014040411989038
INFO:cooler._balance:variance is 0.7543303991613434
INFO:cooler._balance:variance is 0.4336147919673314
INFO:cooler._balance:variance is 0.2508452386235955
INFO:cooler._balance:variance is 0.14441644440328869
INFO:cooler._balance:variance is 0.08344964866164237
INFO:cooler._balance:variance is 0.048086360238510456
INFO:cooler._balance:variance is 0.02776788159612091
INFO:cooler._balance:variance is 0.016008975427497223
INFO:cooler._balance:variance is 0.009240977264348253
INFO:cooler._balance:variance is 0.005329269497583799
INFO:cooler._balance:variance is 0.003075569999714808
INFO:cooler._balance:variance is 0.001773984591335646
INFO:cooler._balance:variance is 0.0010236511440140726
INFO:cooler._balance:variance is 0.0005904989865259414
INFO:cooler._balance:variance is 0.00034071325032966626
INFO:cooler._balance:variance is 0.0001965535907995123
INFO:cooler._balance:variance is 0.00011340499976424646
INFO:cooler._balance:variance is 6.542420484852524e-05
INFO:cooler._balance:variance is 3.7746692249541626e-05
INFO:cooler._balance:variance is 2.1776766522407816e-05
INFO:cooler._balance:variance is 1.2563991122199127e-05
INFO:cooler._balance:variance is 7.248478751279908e-06
INFO:cooler._balance:chr7
INFO:cooler._balance:variance is 21955.733046417914
INFO:cooler._balance:variance is 4710.041037707007
INFO:cooler._balance:variance is 1596.1936306585303
INFO:cooler._balance:variance is 757.8975587732987
INFO:cooler._balance:variance is 305.5891966345123
INFO:cooler._balance:variance is 141.41977033759886
INFO:cooler._balance:variance is 60.31368918968342
INFO:cooler._balance:variance is 27.35015680786574
INFO:cooler._balance:variance is 11.946485365233979
INFO:cooler._balance:variance is 5.363806849359704
INFO:cooler._balance:variance is 2.3684845737431175
INFO:cooler._balance:variance is 1.0589123175981574
INFO:cooler._balance:variance is 0.4699944405616434
INFO:cooler._balance:variance is 0.20978859110157
INFO:cooler._balance:variance is 0.0933520548762191
INFO:cooler._balance:variance is 0.041648946231425794
INFO:cooler._balance:variance is 0.01855791122331878
INFO:cooler._balance:variance is 0.008279341554904195
INFO:cooler._balance:variance is 0.0036918894530966776
INFO:cooler._balance:variance is 0.0016472888162673252
INFO:cooler._balance:variance is 0.0007348867481471201
INFO:cooler._balance:variance is 0.0003279526907941369
INFO:cooler._balance:variance is 0.00014634881149353497
INFO:cooler._balance:variance is 6.53198804166391e-05
INFO:cooler._balance:variance is 2.915478401739595e-05
INFO:cooler._balance:variance is 1.3014308307161008e-05
INFO:cooler._balance:variance is 5.809604452348197e-06
INFO:cooler._balance:chrX
INFO:cooler._balance:variance is 18257.09113238186
INFO:cooler._balance:variance is 760.6097416124272
INFO:cooler._balance:variance is 121.15484089425911
INFO:cooler._balance:variance is 24.05920360400503
INFO:cooler._balance:variance is 5.130043521375055
INFO:cooler._balance:variance is 1.2179594070685487
INFO:cooler._balance:variance is 0.31893789057481114
INFO:cooler._balance:variance is 0.09223237214305079
INFO:cooler._balance:variance is 0.028856132109128976
INFO:cooler._balance:variance is 0.009551599593429069
INFO:cooler._balance:variance is 0.003277477199467568
INFO:cooler._balance:variance is 0.0011490412850054391
INFO:cooler._balance:variance is 0.00040788032648431496
INFO:cooler._balance:variance is 0.00014579849110288892
INFO:cooler._balance:variance is 5.232122292123523e-05
INFO:cooler._balance:variance is 1.8816603374118986e-05
INFO:cooler._balance:variance is 6.775381004746258e-06
INFO:cooler._balance:chr9
INFO:cooler._balance:variance is 18491.731385805724
INFO:cooler._balance:variance is 3711.7261407514056
INFO:cooler._balance:variance is 1123.9130948791183
INFO:cooler._balance:variance is 486.74356806848806
INFO:cooler._balance:variance is 225.02036760159328
INFO:cooler._balance:variance is 116.62722508098072
INFO:cooler._balance:variance is 61.15182530354735
INFO:cooler._balance:variance is 34.499454118148606
INFO:cooler._balance:variance is 19.48829523865842
INFO:cooler._balance:variance is 11.660405758513045
INFO:cooler._balance:variance is 6.977167493251372
INFO:cooler._balance:variance is 4.356619644295994
INFO:cooler._balance:variance is 2.717955202355102
INFO:cooler._balance:variance is 1.7451993603045586
INFO:cooler._balance:variance is 1.1186968108938224
INFO:cooler._balance:variance is 0.7303112709512468
INFO:cooler._balance:variance is 0.47580378522814665
INFO:cooler._balance:variance is 0.31347711342100515
INFO:cooler._balance:variance is 0.20613543175372046
INFO:cooler._balance:variance is 0.1364712739567331
INFO:cooler._balance:variance is 0.09020547172476892
INFO:cooler._balance:variance is 0.05986977853782904
INFO:cooler._balance:variance is 0.039686170965595284
INFO:cooler._balance:variance is 0.026373011329458507
INFO:cooler._balance:variance is 0.017509582587183485
INFO:cooler._balance:variance is 0.011642969923936994
INFO:cooler._balance:variance is 0.007736767577487026
INFO:cooler._balance:variance is 0.005146055274795943
INFO:cooler._balance:variance is 0.0034212320731328663
INFO:cooler._balance:variance is 0.002275908497550933
INFO:cooler._balance:variance is 0.0015135013709813051
INFO:cooler._balance:variance is 0.001006882796889256
INFO:cooler._balance:variance is 0.0006696925851932474
INFO:cooler._balance:variance is 0.0004455330001019069
INFO:cooler._balance:variance is 0.000296357641705566
INFO:cooler._balance:variance is 0.00019716145901508948
INFO:cooler._balance:variance is 0.00013115400581977532
INFO:cooler._balance:variance is 8.725419922906157e-05
INFO:cooler._balance:variance is 5.804431932685811e-05
INFO:cooler._balance:variance is 3.861558672293299e-05
INFO:cooler._balance:variance is 2.5688832853924426e-05
INFO:cooler._balance:variance is 1.7090133566458363e-05
INFO:cooler._balance:variance is 1.1369262448908603e-05
INFO:cooler._balance:variance is 7.563657317141339e-06
INFO:cooler._balance:chr8
INFO:cooler._balance:variance is 20289.391889714865
INFO:cooler._balance:variance is 7837.353698616478
INFO:cooler._balance:variance is 1553.1484787576487
INFO:cooler._balance:variance is 907.1116086616581
INFO:cooler._balance:variance is 265.5883558004059
INFO:cooler._balance:variance is 131.72182228770805
INFO:cooler._balance:variance is 46.31132280146963
INFO:cooler._balance:variance is 20.922356258802008
INFO:cooler._balance:variance is 8.038154936540288
INFO:cooler._balance:variance is 3.4699060695253823
INFO:cooler._balance:variance is 1.3916764025572361
INFO:cooler._balance:variance is 0.5887988537921793
INFO:cooler._balance:variance is 0.2411767920889995
INFO:cooler._balance:variance is 0.10122932646772856
INFO:cooler._balance:variance is 0.041907365962564475
INFO:cooler._balance:variance is 0.01754518460727755
INFO:cooler._balance:variance is 0.007304598547791984
INFO:cooler._balance:variance is 0.0030573081854497223
INFO:cooler._balance:variance is 0.0012769742141188242
INFO:cooler._balance:variance is 0.0005347646846729237
INFO:cooler._balance:variance is 0.00022381001365263706
INFO:cooler._balance:variance is 9.37989937112308e-05
INFO:cooler._balance:variance is 3.931006007915653e-05
INFO:cooler._balance:variance is 1.648759117663747e-05
INFO:cooler._balance:variance is 6.916490487307689e-06
INFO:cooler._balance:chr11
INFO:cooler._balance:variance is 18665.164736062008
INFO:cooler._balance:variance is 5696.905254483585
INFO:cooler._balance:variance is 2639.2531371189825
INFO:cooler._balance:variance is 1821.9087298551779
INFO:cooler._balance:variance is 975.6447640767494
INFO:cooler._balance:variance is 659.0737515992819
INFO:cooler._balance:variance is 372.1915731067308
INFO:cooler._balance:variance is 245.0789156723572
INFO:cooler._balance:variance is 142.9491170501887
INFO:cooler._balance:variance is 92.29421489825735
INFO:cooler._balance:variance is 54.990070483008076
INFO:cooler._balance:variance is 35.00934764613584
INFO:cooler._balance:variance is 21.15273313837098
INFO:cooler._balance:variance is 13.338114703590865
INFO:cooler._balance:variance is 8.132432270325394
INFO:cooler._balance:variance is 5.095295388020217
INFO:cooler._balance:variance is 3.124816496774795
INFO:cooler._balance:variance is 1.9496555938140108
INFO:cooler._balance:variance is 1.200104284018779
INFO:cooler._balance:variance is 0.7467630751021002
INFO:cooler._balance:variance is 0.46074013995153645
INFO:cooler._balance:variance is 0.2862029679311068
INFO:cooler._balance:variance is 0.1768405165317202
INFO:cooler._balance:variance is 0.10973061674601564
INFO:cooler._balance:variance is 0.06786277125296647
INFO:cooler._balance:variance is 0.04208045929847733
INFO:cooler._balance:variance is 0.026039395554732635
INFO:cooler._balance:variance is 0.016139625322933695
INFO:cooler._balance:variance is 0.00999072869223058
INFO:cooler._balance:variance is 0.006190749395810349
INFO:cooler._balance:variance is 0.0038330287640925575
INFO:cooler._balance:variance is 0.002374736722864976
INFO:cooler._balance:variance is 0.001470528056131561
INFO:cooler._balance:variance is 0.0009109644885200481
INFO:cooler._balance:variance is 0.0005641516352179151
INFO:cooler._balance:variance is 0.00034945868084122446
INFO:cooler._balance:variance is 0.0002164277189874651
INFO:cooler._balance:variance is 0.00013405881315192836
INFO:cooler._balance:variance is 8.302835687852745e-05
INFO:cooler._balance:variance is 5.1427814368685586e-05
INFO:cooler._balance:variance is 3.185208195859497e-05
INFO:cooler._balance:variance is 1.9728892491709017e-05
INFO:cooler._balance:variance is 1.2219342548093902e-05
INFO:cooler._balance:variance is 7.568477746447728e-06
INFO:cooler._balance:chr10
INFO:cooler._balance:variance is 162883.71697865997
INFO:cooler._balance:variance is 2361.719110439506
INFO:cooler._balance:variance is 747.0111737183659
INFO:cooler._balance:variance is 303.13838868198894
INFO:cooler._balance:variance is 116.12571560665528
INFO:cooler._balance:variance is 47.68703318435956
INFO:cooler._balance:variance is 19.016933334846982
INFO:cooler._balance:variance is 7.784277499602029
INFO:cooler._balance:variance is 3.1473842724849157
INFO:cooler._balance:variance is 1.2858702351875024
INFO:cooler._balance:variance is 0.522758072274672
INFO:cooler._balance:variance is 0.21343101680561624
INFO:cooler._balance:variance is 0.086970553531713
INFO:cooler._balance:variance is 0.0355028984054514
INFO:cooler._balance:variance is 0.014482127082746208
INFO:cooler._balance:variance is 0.005912001240298056
INFO:cooler._balance:variance is 0.0024127871032602077
INFO:cooler._balance:variance is 0.0009850370129423059
INFO:cooler._balance:variance is 0.00040211414155898526
INFO:cooler._balance:variance is 0.0001641791306785864
INFO:cooler._balance:variance is 6.703193693447288e-05
INFO:cooler._balance:variance is 2.7370653138853284e-05
INFO:cooler._balance:variance is 1.1176264113908532e-05
INFO:cooler._balance:variance is 4.56388389390156e-06
INFO:cooler._balance:chr12
INFO:cooler._balance:variance is 20158.083619117
INFO:cooler._balance:variance is 4509.186932872901
INFO:cooler._balance:variance is 1921.4582552667591
INFO:cooler._balance:variance is 1047.3707094300908
INFO:cooler._balance:variance is 508.8994284203229
INFO:cooler._balance:variance is 277.35347433397675
INFO:cooler._balance:variance is 140.6236630422281
INFO:cooler._balance:variance is 75.8169923611825
INFO:cooler._balance:variance is 39.21838300802972
INFO:cooler._balance:variance is 20.974608373480688
INFO:cooler._balance:variance is 10.962241962000931
INFO:cooler._balance:variance is 5.833703630863152
INFO:cooler._balance:variance is 3.06563096821107
INFO:cooler._balance:variance is 1.6267371872396708
INFO:cooler._balance:variance is 0.8573409717926832
INFO:cooler._balance:variance is 0.45420582678928606
INFO:cooler._balance:variance is 0.23975056319896165
INFO:cooler._balance:variance is 0.12690388154432353
INFO:cooler._balance:variance is 0.06704066191935046
INFO:cooler._balance:variance is 0.0354686850051574
INFO:cooler._balance:variance is 0.018745527206662088
INFO:cooler._balance:variance is 0.009914986687977705
INFO:cooler._balance:variance is 0.005241372330859802
INFO:cooler._balance:variance is 0.0027719112070859614
INFO:cooler._balance:variance is 0.0014654983464556855
INFO:cooler._balance:variance is 0.0007749747004155874
INFO:cooler._balance:variance is 0.0004097525686974016
INFO:cooler._balance:variance is 0.0002166739946326093
INFO:cooler._balance:variance is 0.00011456602577581528
INFO:cooler._balance:variance is 6.058036412563931e-05
INFO:cooler._balance:variance is 3.203235159279876e-05
INFO:cooler._balance:variance is 1.693791864694424e-05
INFO:cooler._balance:variance is 8.956145890953854e-06
INFO:cooler._balance:chr13
INFO:cooler._balance:variance is 18254.081615801293
INFO:cooler._balance:variance is 4417.509197429751
INFO:cooler._balance:variance is 873.2262899977922
INFO:cooler._balance:variance is 393.43380011994026
INFO:cooler._balance:variance is 115.91245285688225
INFO:cooler._balance:variance is 46.41298889566664
INFO:cooler._balance:variance is 15.936516364134066
INFO:cooler._balance:variance is 6.136426459664921
INFO:cooler._balance:variance is 2.251842189828995
INFO:cooler._balance:variance is 0.8644590325686647
INFO:cooler._balance:variance is 0.3285697990340207
INFO:cooler._balance:variance is 0.12755012611664232
INFO:cooler._balance:variance is 0.04966668320821382
INFO:cooler._balance:variance is 0.019592502345810097
INFO:cooler._balance:variance is 0.007783421862851751
INFO:cooler._balance:variance is 0.0031228784248935187
INFO:cooler._balance:variance is 0.001262649166055038
INFO:cooler._balance:variance is 0.0005147262697008921
INFO:cooler._balance:variance is 0.00021132308174150755
INFO:cooler._balance:variance is 8.735195282489388e-05
INFO:cooler._balance:variance is 3.632479735182182e-05
INFO:cooler._balance:variance is 1.5188446677993077e-05
INFO:cooler._balance:variance is 6.381349037609711e-06
INFO:cooler._balance:chr14
INFO:cooler._balance:variance is 14879.517262605284
INFO:cooler._balance:variance is 2669.969610639725
INFO:cooler._balance:variance is 777.9021788162516
INFO:cooler._balance:variance is 319.5152107674731
INFO:cooler._balance:variance is 119.61018136135088
INFO:cooler._balance:variance is 52.91860002718656
INFO:cooler._balance:variance is 22.49203549847666
INFO:cooler._balance:variance is 10.457998901266528
INFO:cooler._balance:variance is 4.849813555788349
INFO:cooler._balance:variance is 2.3679115178268306
INFO:cooler._balance:variance is 1.1709859055649603
INFO:cooler._balance:variance is 0.5974100962031683
INFO:cooler._balance:variance is 0.30921423659251
INFO:cooler._balance:variance is 0.16310325431764178
INFO:cooler._balance:variance is 0.08698486610695169
INFO:cooler._balance:variance is 0.046911805794617185
INFO:cooler._balance:variance is 0.025481028651785326
INFO:cooler._balance:variance is 0.013929773389426794
INFO:cooler._balance:variance is 0.007647550839493524
INFO:cooler._balance:variance is 0.004213812098195314
INFO:cooler._balance:variance is 0.0023275045491830608
INFO:cooler._balance:variance is 0.0012882027534932864
INFO:cooler._balance:variance is 0.0007139630029779837
INFO:cooler._balance:variance is 0.00039614551440056466
INFO:cooler._balance:variance is 0.0002199717997220381
INFO:cooler._balance:variance is 0.00012222202646402022
INFO:cooler._balance:variance is 6.79386676217686e-05
INFO:cooler._balance:variance is 3.777759795703093e-05
INFO:cooler._balance:variance is 2.101136910801305e-05
INFO:cooler._balance:variance is 1.1688464235737838e-05
INFO:cooler._balance:variance is 6.503057025339739e-06
INFO:cooler._balance:chr15
INFO:cooler._balance:variance is 14006.37024036953
INFO:cooler._balance:variance is 2569.9555830911654
INFO:cooler._balance:variance is 797.4332302068236
INFO:cooler._balance:variance is 331.729115935488
INFO:cooler._balance:variance is 132.8750367227629
INFO:cooler._balance:variance is 59.226018482563674
INFO:cooler._balance:variance is 26.153869346663708
INFO:cooler._balance:variance is 12.10494888679379
INFO:cooler._balance:variance is 5.6090924764321715
INFO:cooler._balance:variance is 2.653675029102204
INFO:cooler._balance:variance is 1.2594594270362065
INFO:cooler._balance:variance is 0.6033385071725559
INFO:cooler._balance:variance is 0.2898120280154187
INFO:cooler._balance:variance is 0.1398084958588842
INFO:cooler._balance:variance is 0.06757050679157409
INFO:cooler._balance:variance is 0.03272458529691477
INFO:cooler._balance:variance is 0.01586708208403994
INFO:cooler._balance:variance is 0.0077013853720165285
INFO:cooler._balance:variance is 0.0037406409840005286
INFO:cooler._balance:variance is 0.0018178568918968316
INFO:cooler._balance:variance is 0.0008838022505149475
INFO:cooler._balance:variance is 0.00042981452157213963
INFO:cooler._balance:variance is 0.00020908140509542548
INFO:cooler._balance:variance is 0.00010172441559908023
INFO:cooler._balance:variance is 4.949946064088297e-05
INFO:cooler._balance:variance is 2.4089143745222024e-05
INFO:cooler._balance:variance is 1.172418756296419e-05
INFO:cooler._balance:variance is 5.706541802659235e-06
INFO:cooler._balance:chr16
INFO:cooler._balance:variance is 13240.802279674639
INFO:cooler._balance:variance is 2205.550558224089
INFO:cooler._balance:variance is 692.391637325504
INFO:cooler._balance:variance is 288.33244000537695
INFO:cooler._balance:variance is 118.90639669596833
INFO:cooler._balance:variance is 53.07488499069909
INFO:cooler._balance:variance is 23.536964955974845
INFO:cooler._balance:variance is 10.809183974268818
INFO:cooler._balance:variance is 4.955140795318505
INFO:cooler._balance:variance is 2.32077354168772
INFO:cooler._balance:variance is 1.0906707307633632
INFO:cooler._balance:variance is 0.5219788626816788
INFO:cooler._balance:variance is 0.25209982606482256
INFO:cooler._balance:variance is 0.12419234480937905
INFO:cooler._balance:variance is 0.06214451403375982
INFO:cooler._balance:variance is 0.031845161452789886
INFO:cooler._balance:variance is 0.016679293181196077
INFO:cooler._balance:variance is 0.008977137582547793
INFO:cooler._balance:variance is 0.004955070415547647
INFO:cooler._balance:variance is 0.002810132331510567
INFO:cooler._balance:variance is 0.0016320365622699317
INFO:cooler._balance:variance is 0.0009695857986494962
INFO:cooler._balance:variance is 0.0005868513052490322
INFO:cooler._balance:variance is 0.0003610192406500852
INFO:cooler._balance:variance is 0.00022490902411915483
INFO:cooler._balance:variance is 0.000141576076590197
INFO:cooler._balance:variance is 8.981135133713e-05
INFO:cooler._balance:variance is 5.732484048819726e-05
INFO:cooler._balance:variance is 3.675317337408508e-05
INFO:cooler._balance:variance is 2.3646259373343784e-05
INFO:cooler._balance:variance is 1.5251548290522473e-05
INFO:cooler._balance:variance is 9.856125464868367e-06
INFO:cooler._balance:chr17
INFO:cooler._balance:variance is 20191.899348096624
INFO:cooler._balance:variance is 7684.820440215127
INFO:cooler._balance:variance is 3393.5838672584036
INFO:cooler._balance:variance is 2095.22654871876
INFO:cooler._balance:variance is 1075.9634079374182
INFO:cooler._balance:variance is 644.106168190129
INFO:cooler._balance:variance is 352.78766283170967
INFO:cooler._balance:variance is 207.85587801360455
INFO:cooler._balance:variance is 117.43658798552349
INFO:cooler._balance:variance is 68.71352741765142
INFO:cooler._balance:variance is 39.41527721326221
INFO:cooler._balance:variance is 22.996646233535436
INFO:cooler._balance:variance is 13.290636645070716
INFO:cooler._balance:variance is 7.745796097380692
INFO:cooler._balance:variance is 4.493585765346126
INFO:cooler._balance:variance is 2.6178658666599803
INFO:cooler._balance:variance is 1.5216824904983355
INFO:cooler._balance:variance is 0.8864120081561165
INFO:cooler._balance:variance is 0.5157758680381843
INFO:cooler._balance:variance is 0.30045103817659946
INFO:cooler._balance:variance is 0.17492072394601535
INFO:cooler._balance:variance is 0.10189840502847684
INFO:cooler._balance:variance is 0.059342827628366054
INFO:cooler._balance:variance is 0.034570732474186384
INFO:cooler._balance:variance is 0.02013650421974001
INFO:cooler._balance:variance is 0.011731025406498933
INFO:cooler._balance:variance is 0.006833668301682382
INFO:cooler._balance:variance is 0.003981202074906244
INFO:cooler._balance:variance is 0.0023192979726365036
INFO:cooler._balance:variance is 0.0013512094902013228
INFO:cooler._balance:variance is 0.0007871893252736864
INFO:cooler._balance:variance is 0.00045861600574093953
INFO:cooler._balance:variance is 0.0002671862007647941
INFO:cooler._balance:variance is 0.0001556634173969745
INFO:cooler._balance:variance is 9.068934702597947e-05
INFO:cooler._balance:variance is 5.283606090275734e-05
INFO:cooler._balance:variance is 3.07824404418667e-05
INFO:cooler._balance:variance is 1.7934044167672786e-05
INFO:cooler._balance:variance is 1.0448467026725793e-05
INFO:cooler._balance:variance is 6.0873519646583e-06
INFO:cooler._balance:chr18
INFO:cooler._balance:variance is 13425.208077933858
INFO:cooler._balance:variance is 2275.519608178861
INFO:cooler._balance:variance is 657.2843946675819
INFO:cooler._balance:variance is 227.8462211181517
INFO:cooler._balance:variance is 77.72555523465338
INFO:cooler._balance:variance is 28.04333810870335
INFO:cooler._balance:variance is 10.052122306949556
INFO:cooler._balance:variance is 3.680704861310509
INFO:cooler._balance:variance is 1.344798727101446
INFO:cooler._balance:variance is 0.4955801420952121
INFO:cooler._balance:variance is 0.18253136587756888
INFO:cooler._balance:variance is 0.0674694931182736
INFO:cooler._balance:variance is 0.024938460336054298
INFO:cooler._balance:variance is 0.009231778112392133
INFO:cooler._balance:variance is 0.0034177753027843883
INFO:cooler._balance:variance is 0.0012661448243606905
INFO:cooler._balance:variance is 0.0004690981222340522
INFO:cooler._balance:variance is 0.00017384740536190174
INFO:cooler._balance:variance is 6.443189945611895e-05
INFO:cooler._balance:variance is 2.388305222778562e-05
INFO:cooler._balance:variance is 8.853117579377261e-06
INFO:cooler._balance:chr20
INFO:cooler._balance:variance is 12613.239633853758
INFO:cooler._balance:variance is 2471.3933192553022
INFO:cooler._balance:variance is 929.6124920685107
INFO:cooler._balance:variance is 412.03997243843827
INFO:cooler._balance:variance is 200.3020075097818
INFO:cooler._balance:variance is 103.22182782265999
INFO:cooler._balance:variance is 55.53751464561193
INFO:cooler._balance:variance is 30.85178377072713
INFO:cooler._balance:variance is 17.57616801798513
INFO:cooler._balance:variance is 10.170669311533917
INFO:cooler._balance:variance is 5.978269582362947
INFO:cooler._balance:variance is 3.535642861060478
INFO:cooler._balance:variance is 2.1110627828970845
INFO:cooler._balance:variance is 1.2625949356814503
INFO:cooler._balance:variance is 0.7594412063937703
INFO:cooler._balance:variance is 0.45678192011190827
INFO:cooler._balance:variance is 0.27566290353452577
INFO:cooler._balance:variance is 0.16627243125119529
INFO:cooler._balance:variance is 0.10048859199313627
INFO:cooler._balance:variance is 0.06069812356855285
INFO:cooler._balance:variance is 0.0367059016475201
INFO:cooler._balance:variance is 0.022187435130182634
INFO:cooler._balance:variance is 0.013420661013491889
INFO:cooler._balance:variance is 0.00811532034791815
INFO:cooler._balance:variance is 0.004909213560195407
INFO:cooler._balance:variance is 0.0029691168546625494
INFO:cooler._balance:variance is 0.0017961639256608255
INFO:cooler._balance:variance is 0.0010864394352264296
INFO:cooler._balance:variance is 0.0006572436870155011
INFO:cooler._balance:variance is 0.0003975664096062971
INFO:cooler._balance:variance is 0.00024050797250389132
INFO:cooler._balance:variance is 0.00014548748952443433
INFO:cooler._balance:variance is 8.801235299598137e-05
INFO:cooler._balance:variance is 5.324108993417228e-05
INFO:cooler._balance:variance is 3.220796545496976e-05
INFO:cooler._balance:variance is 1.948366215593259e-05
INFO:cooler._balance:variance is 1.178652307410714e-05
INFO:cooler._balance:variance is 7.130094266258575e-06
INFO:cooler._balance:chrY
INFO:cooler._balance:variance is 571.9832098765434
INFO:cooler._balance:variance is 78.11580594625303
INFO:cooler._balance:variance is 39.30640933915687
INFO:cooler._balance:variance is 20.319437726481006
INFO:cooler._balance:variance is 9.54506549686159
INFO:cooler._balance:variance is 6.128308770805703
INFO:cooler._balance:variance is 2.974885943181731
INFO:cooler._balance:variance is 1.9390533508136514
INFO:cooler._balance:variance is 0.9925738277902939
INFO:cooler._balance:variance is 0.6322167074841436
INFO:cooler._balance:variance is 0.3382375846198456
INFO:cooler._balance:variance is 0.21018746164118102
INFO:cooler._balance:variance is 0.11609626877447976
INFO:cooler._balance:variance is 0.07079142218731752
INFO:cooler._balance:variance is 0.039968167124834836
INFO:cooler._balance:variance is 0.0240558146651618
INFO:cooler._balance:variance is 0.013783195456658464
INFO:cooler._balance:variance is 0.008225790131419778
INFO:cooler._balance:variance is 0.0047593628066431035
INFO:cooler._balance:variance is 0.002825374237326457
INFO:cooler._balance:variance is 0.0016452715700521778
INFO:cooler._balance:variance is 0.0009735830703970056
INFO:cooler._balance:variance is 0.0005693283524562575
INFO:cooler._balance:variance is 0.0003362671912790148
INFO:cooler._balance:variance is 0.00019718365770886895
INFO:cooler._balance:variance is 0.00011634180079890762
INFO:cooler._balance:variance is 6.834505119642969e-05
INFO:cooler._balance:variance is 4.030226797657944e-05
INFO:cooler._balance:variance is 2.370380778616325e-05
INFO:cooler._balance:variance is 1.3974075483300497e-05
INFO:cooler._balance:variance is 8.225367062937574e-06
INFO:cooler._balance:chr19
INFO:cooler._balance:variance is 45100.833645686165
INFO:cooler._balance:variance is 24864.758251434818
INFO:cooler._balance:variance is 7447.405043343542
INFO:cooler._balance:variance is 4419.171208317407
INFO:cooler._balance:variance is 1691.5145320605807
INFO:cooler._balance:variance is 918.5951050284181
INFO:cooler._balance:variance is 405.69665067504826
INFO:cooler._balance:variance is 213.55252836838912
INFO:cooler._balance:variance is 102.66398535664932
INFO:cooler._balance:variance is 53.81579325765277
INFO:cooler._balance:variance is 27.17438649008892
INFO:cooler._balance:variance is 14.317689063155512
INFO:cooler._balance:variance is 7.434587692199224
INFO:cooler._balance:variance is 3.942620600765087
INFO:cooler._balance:variance is 2.079677288169175
INFO:cooler._balance:variance is 1.1086714612324937
INFO:cooler._balance:variance is 0.5899812781941925
INFO:cooler._balance:variance is 0.3156634897228745
INFO:cooler._balance:variance is 0.1688113556845675
INFO:cooler._balance:variance is 0.09053209967036283
INFO:cooler._balance:variance is 0.048549186904799604
INFO:cooler._balance:variance is 0.0260740515945973
INFO:cooler._balance:variance is 0.01400439831897132
INFO:cooler._balance:variance is 0.0075277889796340185
INFO:cooler._balance:variance is 0.004046740197641999
INFO:cooler._balance:variance is 0.0021763635484785488
INFO:cooler._balance:variance is 0.0011705381163809195
INFO:cooler._balance:variance is 0.0006297130838633921
INFO:cooler._balance:variance is 0.00033878138295788857
INFO:cooler._balance:variance is 0.00018228594177008848
INFO:cooler._balance:variance is 9.808435983077377e-05
INFO:cooler._balance:variance is 5.278103019804834e-05
INFO:cooler._balance:variance is 2.840299767300328e-05
INFO:cooler._balance:variance is 1.5285091884802234e-05
INFO:cooler._balance:variance is 8.225778730614493e-06
INFO:cooler._balance:chr22
INFO:cooler._balance:variance is 16742.899798530707
INFO:cooler._balance:variance is 16894.631174570488
INFO:cooler._balance:variance is 3154.2281825026057
INFO:cooler._balance:variance is 3688.650047435564
INFO:cooler._balance:variance is 1123.9452199092686
INFO:cooler._balance:variance is 1076.3093763503127
INFO:cooler._balance:variance is 433.9542541809013
INFO:cooler._balance:variance is 360.9479209320717
INFO:cooler._balance:variance is 172.20676799595992
INFO:cooler._balance:variance is 131.03601039446986
INFO:cooler._balance:variance is 69.28939763546076
INFO:cooler._balance:variance is 49.93015623296775
INFO:cooler._balance:variance is 28.176517012149368
INFO:cooler._balance:variance is 19.643996139720894
INFO:cooler._balance:variance is 11.572416070570851
INFO:cooler._balance:variance is 7.908063115577544
INFO:cooler._balance:variance is 4.799759560793921
INFO:cooler._balance:variance is 3.240592767240058
INFO:cooler._balance:variance is 2.010019342077042
INFO:cooler._balance:variance is 1.3474175364436534
INFO:cooler._balance:variance is 0.8496117286523266
INFO:cooler._balance:variance is 0.5672412954286119
INFO:cooler._balance:variance is 0.3622974686736785
INFO:cooler._balance:variance is 0.24139315214031562
INFO:cooler._balance:variance is 0.15576486534209874
INFO:cooler._balance:variance is 0.10370638947161737
INFO:cooler._balance:variance is 0.06747420136473505
INFO:cooler._balance:variance is 0.04492788958251446
INFO:cooler._balance:variance is 0.029428032449080266
INFO:cooler._balance:variance is 0.019607087437442276
INFO:cooler._balance:variance is 0.012913105199397035
INFO:cooler._balance:variance is 0.008611797873539608
INFO:cooler._balance:variance is 0.00569699980149185
INFO:cooler._balance:variance is 0.0038035806477101477
INFO:cooler._balance:variance is 0.0025253641742414173
INFO:cooler._balance:variance is 0.0016880299448085152
INFO:cooler._balance:variance is 0.0011240899334691993
INFO:cooler._balance:variance is 0.0007522506293499007
INFO:cooler._balance:variance is 0.0005021547010180367
INFO:cooler._balance:variance is 0.0003364188376115292
INFO:cooler._balance:variance is 0.0002250183396904464
INFO:cooler._balance:variance is 0.00015090588062418588
INFO:cooler._balance:variance is 0.00010109992003329835
INFO:cooler._balance:variance is 6.786452460432171e-05
INFO:cooler._balance:variance is 4.552688740104785e-05
INFO:cooler._balance:variance is 3.058581485071872e-05
INFO:cooler._balance:variance is 2.0541052256397172e-05
INFO:cooler._balance:variance is 1.3809944799028968e-05
INFO:cooler._balance:variance is 9.282993760250674e-06
INFO:cooler._balance:chr21
INFO:cooler._balance:variance is 13318.59343349362
INFO:cooler._balance:variance is 4227.688895899736
INFO:cooler._balance:variance is 1228.458284668509
INFO:cooler._balance:variance is 515.9846990764038
INFO:cooler._balance:variance is 198.510100558475
INFO:cooler._balance:variance is 91.24211935721759
INFO:cooler._balance:variance is 41.878271271870005
INFO:cooler._balance:variance is 21.68672445335132
INFO:cooler._balance:variance is 11.744392667741815
INFO:cooler._balance:variance is 6.96941198539302
INFO:cooler._balance:variance is 4.361427770955749
INFO:cooler._balance:variance is 2.899252994655328
INFO:cooler._balance:variance is 2.000024327052123
INFO:cooler._balance:variance is 1.4278560272295042
INFO:cooler._balance:variance is 1.0403227030214182
INFO:cooler._balance:variance is 0.7725711067820656
INFO:cooler._balance:variance is 0.579608355425864
INFO:cooler._balance:variance is 0.43982104973820946
INFO:cooler._balance:variance is 0.33536793320076563
INFO:cooler._balance:variance is 0.2576211768383012
INFO:cooler._balance:variance is 0.19831023733896547
INFO:cooler._balance:variance is 0.15343793852115295
INFO:cooler._balance:variance is 0.11879588440909362
INFO:cooler._balance:variance is 0.09231402629106765
INFO:cooler._balance:variance is 0.07172975719188868
INFO:cooler._balance:variance is 0.05588613196168026
INFO:cooler._balance:variance is 0.04352370624410421
INFO:cooler._balance:variance is 0.03396414594491487
INFO:cooler._balance:variance is 0.026489636269937215
INFO:cooler._balance:variance is 0.020691269626274884
INFO:cooler._balance:variance is 0.016152913961145297
INFO:cooler._balance:variance is 0.012624403030211685
INFO:cooler._balance:variance is 0.009861429639367156
INFO:cooler._balance:variance is 0.007709860776831863
INFO:cooler._balance:variance is 0.006024891390855223
INFO:cooler._balance:variance is 0.004711298816688983
INFO:cooler._balance:variance is 0.00368262924818046
INFO:cooler._balance:variance is 0.002880029963121873
INFO:cooler._balance:variance is 0.0022515976848628693
INFO:cooler._balance:variance is 0.0017609836061468092
INFO:cooler._balance:variance is 0.00137689430164403
INFO:cooler._balance:variance is 0.0010769059168955933
INFO:cooler._balance:variance is 0.0008420893068205778
INFO:cooler._balance:variance is 0.0006586286704714472
INFO:cooler._balance:variance is 0.0005150450682448709
INFO:cooler._balance:variance is 0.00040283669006314416
INFO:cooler._balance:variance is 0.0003150289966906201
INFO:cooler._balance:variance is 0.00024639594475951547
INFO:cooler._balance:variance is 0.00019269348245732208
INFO:cooler._balance:variance is 0.0001507121772939056
INFO:cooler._balance:variance is 0.00011786649650982863
INFO:cooler._balance:variance is 9.218699588261922e-05
INFO:cooler._balance:variance is 7.209711619910184e-05
INFO:cooler._balance:variance is 5.63890996042018e-05
INFO:cooler._balance:variance is 4.4100948575587695e-05
INFO:cooler._balance:variance is 3.4492394516960924e-05
INFO:cooler._balance:variance is 2.6976119253691856e-05
INFO:cooler._balance:variance is 2.109858203911478e-05
INFO:cooler._balance:variance is 1.650106220944514e-05
INFO:cooler._balance:variance is 1.2905782051795114e-05
INFO:cooler._balance:variance is 1.0093571009384022e-05
INFO:cooler._balance:variance is 7.89434549742331e-06
INFO:cooler._balance:chrM
