INFO:cooler.cli.balance:Balancing "analysis_other/porec/T2T08/cooler/T2T08_1000_balanced.cool"
INFO:cooler._balance:chr1
INFO:cooler._balance:variance is 330.4984923686805
INFO:cooler._balance:variance is 13.702830920401079
INFO:cooler._balance:variance is 1.5359697162019552
INFO:cooler._balance:variance is 0.37553060753454137
INFO:cooler._balance:variance is 0.10039567134461232
INFO:cooler._balance:variance is 0.03611128079672087
INFO:cooler._balance:variance is 0.012654378376760724
INFO:cooler._balance:variance is 0.005160276325227985
INFO:cooler._balance:variance is 0.002083971216277288
INFO:cooler._balance:variance is 0.0009217315153426002
INFO:cooler._balance:variance is 0.00040808951149593365
INFO:cooler._balance:variance is 0.00019065041048998816
INFO:cooler._balance:variance is 8.935038369609626e-05
INFO:cooler._balance:variance is 4.317662144155607e-05
INFO:cooler._balance:variance is 2.09194387020196e-05
INFO:cooler._balance:variance is 1.0312344575122818e-05
INFO:cooler._balance:variance is 5.09329644056238e-06
INFO:cooler._balance:chr2
INFO:cooler._balance:variance is 379.5171491848628
INFO:cooler._balance:variance is 14.13218848508975
INFO:cooler._balance:variance is 1.9255505016218484
INFO:cooler._balance:variance is 0.6361003573860925
INFO:cooler._balance:variance is 0.21069140534706365
INFO:cooler._balance:variance is 0.0911401501102555
INFO:cooler._balance:variance is 0.034809019214126276
INFO:cooler._balance:variance is 0.01567589708170252
INFO:cooler._balance:variance is 0.006488988185254286
INFO:cooler._balance:variance is 0.0030137820494052516
INFO:cooler._balance:variance is 0.0013329484481466307
INFO:cooler._balance:variance is 0.0006364228057359158
INFO:cooler._balance:variance is 0.0002961084558251797
INFO:cooler._balance:variance is 0.00014445074700688356
INFO:cooler._balance:variance is 6.95747642357031e-05
INFO:cooler._balance:variance is 3.444773930964176e-05
INFO:cooler._balance:variance is 1.695420430216184e-05
INFO:cooler._balance:variance is 8.47392776708906e-06
INFO:cooler._balance:chr3
INFO:cooler._balance:variance is 339.74246736835624
INFO:cooler._balance:variance is 12.090928666574172
INFO:cooler._balance:variance is 4.18879812559346
INFO:cooler._balance:variance is 0.7260904604959725
INFO:cooler._balance:variance is 0.9300428850275262
INFO:cooler._balance:variance is 0.17375358574135247
INFO:cooler._balance:variance is 0.28147524786636874
INFO:cooler._balance:variance is 0.05870430035968589
INFO:cooler._balance:variance is 0.09949281297814638
INFO:cooler._balance:variance is 0.02569889004496761
INFO:cooler._balance:variance is 0.039580124210938504
INFO:cooler._balance:variance is 0.012999495583363952
INFO:cooler._balance:variance is 0.017133446266623952
INFO:cooler._balance:variance is 0.006924646947511406
INFO:cooler._balance:variance is 0.007847632275915449
INFO:cooler._balance:variance is 0.003720154642936929
INFO:cooler._balance:variance is 0.0037286042281264664
INFO:cooler._balance:variance is 0.0019866801638041913
INFO:cooler._balance:variance is 0.0018141511077377568
INFO:cooler._balance:variance is 0.0010514178344356567
INFO:cooler._balance:variance is 0.0008965905825552183
INFO:cooler._balance:variance is 0.0005518344330844938
INFO:cooler._balance:variance is 0.0004477920404546042
INFO:cooler._balance:variance is 0.0002876952104813078
INFO:cooler._balance:variance is 0.00022525667898757183
INFO:cooler._balance:variance is 0.00014922517299096398
INFO:cooler._balance:variance is 0.00011387875275286641
INFO:cooler._balance:variance is 7.711019273492592e-05
INFO:cooler._balance:variance is 5.7772924291599647e-05
INFO:cooler._balance:variance is 3.973605124746672e-05
INFO:cooler._balance:variance is 2.9381679998236134e-05
INFO:cooler._balance:variance is 2.043577918266161e-05
INFO:cooler._balance:variance is 1.4968843146132839e-05
INFO:cooler._balance:variance is 1.0494780744750328e-05
INFO:cooler._balance:variance is 7.635545242156218e-06
INFO:cooler._balance:chr4
INFO:cooler._balance:variance is 309.5853310224717
INFO:cooler._balance:variance is 17.905428349514203
INFO:cooler._balance:variance is 3.551148383452779
INFO:cooler._balance:variance is 1.5404270960827935
INFO:cooler._balance:variance is 0.6047591077791554
INFO:cooler._balance:variance is 0.3062568407441249
INFO:cooler._balance:variance is 0.13552178975788565
INFO:cooler._balance:variance is 0.06812848830519265
INFO:cooler._balance:variance is 0.03166953969954251
INFO:cooler._balance:variance is 0.015717459851491467
INFO:cooler._balance:variance is 0.007483731719813347
INFO:cooler._balance:variance is 0.0036831509643952647
INFO:cooler._balance:variance is 0.0017746153111207492
INFO:cooler._balance:variance is 0.0008692941508547382
INFO:cooler._balance:variance is 0.00042130250453538426
INFO:cooler._balance:variance is 0.00020586529267436595
INFO:cooler._balance:variance is 0.00010006129084728737
INFO:cooler._balance:variance is 4.8832546290426384e-05
INFO:cooler._balance:variance is 2.376915381317876e-05
INFO:cooler._balance:variance is 1.1592741491820611e-05
INFO:cooler._balance:variance is 5.646758906224875e-06
INFO:cooler._balance:chr5
INFO:cooler._balance:variance is 375.900863175761
INFO:cooler._balance:variance is 15.96863146969428
INFO:cooler._balance:variance is 2.641861093780017
INFO:cooler._balance:variance is 0.8070860933119349
INFO:cooler._balance:variance is 0.2591198734368592
INFO:cooler._balance:variance is 0.09406718682906418
INFO:cooler._balance:variance is 0.03322722585768149
INFO:cooler._balance:variance is 0.01228967340320099
INFO:cooler._balance:variance is 0.004490851687176803
INFO:cooler._balance:variance is 0.0016790707739153805
INFO:cooler._balance:variance is 0.0006268033362999612
INFO:cooler._balance:variance is 0.00023723622563519777
INFO:cooler._balance:variance is 9.011187001132827e-05
INFO:cooler._balance:variance is 3.457434806869267e-05
INFO:cooler._balance:variance is 1.3343350939697776e-05
INFO:cooler._balance:variance is 5.193424745693714e-06
INFO:cooler._balance:chr6
INFO:cooler._balance:variance is 1726.8770760154775
INFO:cooler._balance:variance is 13.099875616522088
INFO:cooler._balance:variance is 2.411947820384961
INFO:cooler._balance:variance is 1.010607311397573
INFO:cooler._balance:variance is 0.4804379235872534
INFO:cooler._balance:variance is 0.2602751313905162
INFO:cooler._balance:variance is 0.13535049290059353
INFO:cooler._balance:variance is 0.07492968312929348
INFO:cooler._balance:variance is 0.04012020387716597
INFO:cooler._balance:variance is 0.022302927123164142
INFO:cooler._balance:variance is 0.012133638485396864
INFO:cooler._balance:variance is 0.00675041950211904
INFO:cooler._balance:variance is 0.0037063898875541465
INFO:cooler._balance:variance is 0.0020618370880582486
INFO:cooler._balance:variance is 0.001138070483044483
INFO:cooler._balance:variance is 0.0006329381512004892
INFO:cooler._balance:variance is 0.00035041523474394946
INFO:cooler._balance:variance is 0.00019483847336342115
INFO:cooler._balance:variance is 0.00010805250955383472
INFO:cooler._balance:variance is 6.006949763585914e-05
INFO:cooler._balance:variance is 3.334485912091381e-05
INFO:cooler._balance:variance is 1.8535327368567863e-05
INFO:cooler._balance:variance is 1.0294543678254304e-05
INFO:cooler._balance:variance is 5.722010074974176e-06
INFO:cooler._balance:chr7
INFO:cooler._balance:variance is 307.25085083640437
INFO:cooler._balance:variance is 12.00692125903981
INFO:cooler._balance:variance is 1.6440997902164822
INFO:cooler._balance:variance is 0.46987418498229194
INFO:cooler._balance:variance is 0.16240982318020294
INFO:cooler._balance:variance is 0.06524517371538673
INFO:cooler._balance:variance is 0.026137658933380888
INFO:cooler._balance:variance is 0.010999756865774778
INFO:cooler._balance:variance is 0.004594583846143557
INFO:cooler._balance:variance is 0.0019696935391848103
INFO:cooler._balance:variance is 0.0008419807054104548
INFO:cooler._balance:variance is 0.00036617117740835606
INFO:cooler._balance:variance is 0.0001593105366946526
INFO:cooler._balance:variance is 7.029071019411794e-05
INFO:cooler._balance:variance is 3.111075407401278e-05
INFO:cooler._balance:variance is 1.3960609522007142e-05
INFO:cooler._balance:variance is 6.30302212784574e-06
INFO:cooler._balance:chrX
INFO:cooler._balance:variance is 320.03603438513596
INFO:cooler._balance:variance is 10.858622087837936
INFO:cooler._balance:variance is 0.992125048776205
INFO:cooler._balance:variance is 0.16466317493571703
INFO:cooler._balance:variance is 0.033348479741338165
INFO:cooler._balance:variance is 0.008659370511457905
INFO:cooler._balance:variance is 0.002270543746973208
INFO:cooler._balance:variance is 0.0006923991998798425
INFO:cooler._balance:variance is 0.00021221325369913353
INFO:cooler._balance:variance is 7.360607098369809e-05
INFO:cooler._balance:variance is 2.5957074547382823e-05
INFO:cooler._balance:variance is 9.988736066299734e-06
INFO:cooler._balance:chr9
INFO:cooler._balance:variance is 309.55620492652247
INFO:cooler._balance:variance is 24.58188604967666
INFO:cooler._balance:variance is 5.126606704991546
INFO:cooler._balance:variance is 2.9458696547417733
INFO:cooler._balance:variance is 1.2222708034078378
INFO:cooler._balance:variance is 0.7704908345623456
INFO:cooler._balance:variance is 0.3930831988612148
INFO:cooler._balance:variance is 0.24261979602923137
INFO:cooler._balance:variance is 0.13563439773471814
INFO:cooler._balance:variance is 0.08272593177893506
INFO:cooler._balance:variance is 0.048496109309625404
INFO:cooler._balance:variance is 0.02955608405371793
INFO:cooler._balance:variance is 0.017798239423408663
INFO:cooler._balance:variance is 0.01089858219515846
INFO:cooler._balance:variance is 0.0066703247211067785
INFO:cooler._balance:variance is 0.004110677745124219
INFO:cooler._balance:variance is 0.0025420416895230785
INFO:cooler._balance:variance is 0.0015762208266761261
INFO:cooler._balance:variance is 0.0009814553321418932
INFO:cooler._balance:variance is 0.0006117166260157862
INFO:cooler._balance:variance is 0.0003826871310275057
INFO:cooler._balance:variance is 0.0002394890995703864
INFO:cooler._balance:variance is 0.0001503140575729575
INFO:cooler._balance:variance is 9.43558192954586e-05
INFO:cooler._balance:variance is 5.9358361640481474e-05
INFO:cooler._balance:variance is 3.7344381629360824e-05
INFO:cooler._balance:variance is 2.3531291416436015e-05
INFO:cooler._balance:variance is 1.4828342850828166e-05
INFO:cooler._balance:variance is 9.35438151186782e-06
INFO:cooler._balance:chr8
INFO:cooler._balance:variance is 258.45613658077264
INFO:cooler._balance:variance is 12.777850067891235
INFO:cooler._balance:variance is 2.2016715515089724
INFO:cooler._balance:variance is 0.8723640724959801
INFO:cooler._balance:variance is 0.3505888648945807
INFO:cooler._balance:variance is 0.1868677200619992
INFO:cooler._balance:variance is 0.08801816790572402
INFO:cooler._balance:variance is 0.048757858715956184
INFO:cooler._balance:variance is 0.02463550489543419
INFO:cooler._balance:variance is 0.01370857659182416
INFO:cooler._balance:variance is 0.00719714629680642
INFO:cooler._balance:variance is 0.003993653776329927
INFO:cooler._balance:variance is 0.0021407825242559585
INFO:cooler._balance:variance is 0.0011836862182451335
INFO:cooler._balance:variance is 0.0006416059930732857
INFO:cooler._balance:variance is 0.0003537883891444482
INFO:cooler._balance:variance is 0.00019290400973233105
INFO:cooler._balance:variance is 0.00010617671292493107
INFO:cooler._balance:variance is 5.807500083487808e-05
INFO:cooler._balance:variance is 3.192938915861776e-05
INFO:cooler._balance:variance is 1.7493443159810718e-05
INFO:cooler._balance:variance is 9.611404276751244e-06
INFO:cooler._balance:chr11
INFO:cooler._balance:variance is 241.85074445467703
INFO:cooler._balance:variance is 9.812995623306882
INFO:cooler._balance:variance is 1.777765855359913
INFO:cooler._balance:variance is 0.34959585504540414
INFO:cooler._balance:variance is 0.21139190073420577
INFO:cooler._balance:variance is 0.07530323770236867
INFO:cooler._balance:variance is 0.05003052088878338
INFO:cooler._balance:variance is 0.02256319197154928
INFO:cooler._balance:variance is 0.014173503081094689
INFO:cooler._balance:variance is 0.007197990575645137
INFO:cooler._balance:variance is 0.004335691035973916
INFO:cooler._balance:variance is 0.0023451695235685893
INFO:cooler._balance:variance is 0.0013819548120475268
INFO:cooler._balance:variance is 0.0007733266481716447
INFO:cooler._balance:variance is 0.00045146177721767114
INFO:cooler._balance:variance is 0.0002574172931747842
INFO:cooler._balance:variance is 0.00014986802742811083
INFO:cooler._balance:variance is 8.638429726201161e-05
INFO:cooler._balance:variance is 5.0312483715267225e-05
INFO:cooler._balance:variance is 2.919538114051731e-05
INFO:cooler._balance:variance is 1.703296258039933e-05
INFO:cooler._balance:variance is 9.928530661361916e-06
INFO:cooler._balance:chr10
INFO:cooler._balance:variance is 247.46995815970345
INFO:cooler._balance:variance is 10.528478670598027
INFO:cooler._balance:variance is 1.280245396266694
INFO:cooler._balance:variance is 0.2979927382284474
INFO:cooler._balance:variance is 0.0911083823016638
INFO:cooler._balance:variance is 0.03300922882893507
INFO:cooler._balance:variance is 0.012398011333386014
INFO:cooler._balance:variance is 0.00484693431729176
INFO:cooler._balance:variance is 0.0019066159681919207
INFO:cooler._balance:variance is 0.0007606997200821334
INFO:cooler._balance:variance is 0.0003043452014022466
INFO:cooler._balance:variance is 0.00012255356930894525
INFO:cooler._balance:variance is 4.945016048418572e-05
INFO:cooler._balance:variance is 2.0021600899845944e-05
INFO:cooler._balance:variance is 8.119239921981635e-06
INFO:cooler._balance:chr12
INFO:cooler._balance:variance is 260.86243463902844
INFO:cooler._balance:variance is 10.571182798968934
INFO:cooler._balance:variance is 1.4185399120928355
INFO:cooler._balance:variance is 0.4010204823436
INFO:cooler._balance:variance is 0.15476619368888797
INFO:cooler._balance:variance is 0.07032186339593892
INFO:cooler._balance:variance is 0.03325622064579999
INFO:cooler._balance:variance is 0.016420029131367593
INFO:cooler._balance:variance is 0.008155245287049225
INFO:cooler._balance:variance is 0.0041243839859949035
INFO:cooler._balance:variance is 0.0020862579712606906
INFO:cooler._balance:variance is 0.00106448904743543
INFO:cooler._balance:variance is 0.000542754259836327
INFO:cooler._balance:variance is 0.00027793258686616276
INFO:cooler._balance:variance is 0.0001422327801117612
INFO:cooler._balance:variance is 7.29472373161057e-05
INFO:cooler._balance:variance is 3.739702675879486e-05
INFO:cooler._balance:variance is 1.919333162146646e-05
INFO:cooler._balance:variance is 9.848218702006684e-06
INFO:cooler._balance:chr13
INFO:cooler._balance:variance is 377.9467108773707
INFO:cooler._balance:variance is 13.216675091421944
INFO:cooler._balance:variance is 2.1804294110383013
INFO:cooler._balance:variance is 0.7857390020144246
INFO:cooler._balance:variance is 0.28939787224647606
INFO:cooler._balance:variance is 0.1399578528290606
INFO:cooler._balance:variance is 0.06150091017610845
INFO:cooler._balance:variance is 0.03099772294461098
INFO:cooler._balance:variance is 0.01458684086389791
INFO:cooler._balance:variance is 0.0074117870841265
INFO:cooler._balance:variance is 0.0036134728833779554
INFO:cooler._balance:variance is 0.0018383902896926478
INFO:cooler._balance:variance is 0.0009137255449748835
INFO:cooler._balance:variance is 0.0004648295329904369
INFO:cooler._balance:variance is 0.000233499353013856
INFO:cooler._balance:variance is 0.00011877386554104752
INFO:cooler._balance:variance is 6.001769463879325e-05
INFO:cooler._balance:variance is 3.053203354888642e-05
INFO:cooler._balance:variance is 1.547982689163325e-05
INFO:cooler._balance:variance is 7.876680306016315e-06
INFO:cooler._balance:chr14
INFO:cooler._balance:variance is 214.41506417778106
INFO:cooler._balance:variance is 35.14762445816924
INFO:cooler._balance:variance is 6.726982156869897
INFO:cooler._balance:variance is 4.939273928162545
INFO:cooler._balance:variance is 1.6543250158169678
INFO:cooler._balance:variance is 1.1335596007790076
INFO:cooler._balance:variance is 0.47535555794559375
INFO:cooler._balance:variance is 0.29838797289815
INFO:cooler._balance:variance is 0.1414638278485506
INFO:cooler._balance:variance is 0.08451294639786554
INFO:cooler._balance:variance is 0.043086657025551846
INFO:cooler._balance:variance is 0.025182676625750505
INFO:cooler._balance:variance is 0.0134595714042428
INFO:cooler._balance:variance is 0.007859664263062758
INFO:cooler._balance:variance is 0.004364874967335316
INFO:cooler._balance:variance is 0.00260627571755872
INFO:cooler._balance:variance is 0.001514154933978953
INFO:cooler._balance:variance is 0.0009565810297613024
INFO:cooler._balance:variance is 0.0005950234594469471
INFO:cooler._balance:variance is 0.0004155430473453098
INFO:cooler._balance:variance is 0.00028459497753024825
INFO:cooler._balance:variance is 0.0002253751804002309
INFO:cooler._balance:variance is 0.00017062460619343572
INFO:cooler._balance:variance is 0.0001502033698265075
INFO:cooler._balance:variance is 0.00012245092978930536
INFO:cooler._balance:variance is 0.00011481248843176392
INFO:cooler._balance:variance is 9.776372762659327e-05
INFO:cooler._balance:variance is 9.4484170701089e-05
INFO:cooler._balance:variance is 8.241686753611152e-05
INFO:cooler._balance:variance is 8.071544441537645e-05
INFO:cooler._balance:variance is 7.142296205655086e-05
INFO:cooler._balance:variance is 7.035407930440641e-05
INFO:cooler._balance:variance is 6.286097637297351e-05
INFO:cooler._balance:variance is 6.208697155252359e-05
INFO:cooler._balance:variance is 5.58856935971953e-05
INFO:cooler._balance:variance is 5.527585938332943e-05
INFO:cooler._balance:variance is 5.005925533217712e-05
INFO:cooler._balance:variance is 4.955641584788892e-05
INFO:cooler._balance:variance is 4.511681305682579e-05
INFO:cooler._balance:variance is 4.46917555291282e-05
INFO:cooler._balance:variance is 4.0878559308137955e-05
INFO:cooler._balance:variance is 4.051384849945382e-05
INFO:cooler._balance:variance is 3.72131679972145e-05
INFO:cooler._balance:variance is 3.6897042095494024e-05
INFO:cooler._balance:variance is 3.4020464817856076e-05
INFO:cooler._balance:variance is 3.374432131078674e-05
INFO:cooler._balance:variance is 3.122198676610051e-05
INFO:cooler._balance:variance is 3.097921855168214e-05
INFO:cooler._balance:variance is 2.875518897465861e-05
INFO:cooler._balance:variance is 2.8540569597118452e-05
INFO:cooler._balance:variance is 2.6569571001472585e-05
INFO:cooler._balance:variance is 2.63788874384131e-05
INFO:cooler._balance:variance is 2.4623937145014766e-05
INFO:cooler._balance:variance is 2.4453748281677026e-05
INFO:cooler._balance:variance is 2.2884388085082777e-05
INFO:cooler._balance:variance is 2.2731854887003787e-05
INFO:cooler._balance:variance is 2.1322813195729555e-05
INFO:cooler._balance:variance is 2.1185573959087284e-05
INFO:cooler._balance:variance is 1.9915739378388564e-05
INFO:cooler._balance:variance is 1.979181542871882e-05
INFO:cooler._balance:variance is 1.864344057344469e-05
INFO:cooler._balance:variance is 1.8531163570530434e-05
INFO:cooler._balance:variance is 1.748924149537875e-05
INFO:cooler._balance:variance is 1.7387196588412163e-05
INFO:cooler._balance:variance is 1.643896816930092e-05
INFO:cooler._balance:variance is 1.6345949049609076e-05
INFO:cooler._balance:variance is 1.5480510725841732e-05
INFO:cooler._balance:variance is 1.5395483759482038e-05
INFO:cooler._balance:variance is 1.4603472897388826e-05
INFO:cooler._balance:variance is 1.4525548275737254e-05
INFO:cooler._balance:variance is 1.3798889068375968e-05
INFO:cooler._balance:variance is 1.3727297439055488e-05
INFO:cooler._balance:variance is 1.3058994381616366e-05
INFO:cooler._balance:variance is 1.2993067796462044e-05
INFO:cooler._balance:variance is 1.2377036820492173e-05
INFO:cooler._balance:variance is 1.231619311035368e-05
INFO:cooler._balance:variance is 1.1747122727740954e-05
INFO:cooler._balance:variance is 1.1690852616364587e-05
INFO:cooler._balance:variance is 1.116408912913348e-05
INFO:cooler._balance:variance is 1.1111945550372693e-05
INFO:cooler._balance:variance is 1.062339767498999e-05
INFO:cooler._balance:variance is 1.0574986872889703e-05
INFO:cooler._balance:variance is 1.0121046115311514e-05
INFO:cooler._balance:variance is 1.0076020194877945e-05
INFO:cooler._balance:variance is 9.653494072446503e-06
INFO:cooler._balance:chr15
INFO:cooler._balance:variance is 312.4912220558568
INFO:cooler._balance:variance is 16.894893394410936
INFO:cooler._balance:variance is 3.9020833483868174
INFO:cooler._balance:variance is 1.5764084254233441
INFO:cooler._balance:variance is 0.6635269654214782
INFO:cooler._balance:variance is 0.33143957695212134
INFO:cooler._balance:variance is 0.158299200535641
INFO:cooler._balance:variance is 0.08288337779955995
INFO:cooler._balance:variance is 0.04182482459911854
INFO:cooler._balance:variance is 0.022496115809930394
INFO:cooler._balance:variance is 0.011762549813421145
INFO:cooler._balance:variance is 0.0064724225290318195
INFO:cooler._balance:variance is 0.003481118978905169
INFO:cooler._balance:variance is 0.001958693066057827
INFO:cooler._balance:variance is 0.001081255596390177
INFO:cooler._balance:variance is 0.0006229510013535553
INFO:cooler._balance:variance is 0.0003531958993608872
INFO:cooler._balance:variance is 0.00020887131027008427
INFO:cooler._balance:variance is 0.00012189663322844597
INFO:cooler._balance:variance is 7.418049783545259e-05
INFO:cooler._balance:variance is 4.466507177225025e-05
INFO:cooler._balance:variance is 2.800966533789987e-05
INFO:cooler._balance:variance is 1.7417824280961594e-05
INFO:cooler._balance:variance is 1.1247658462626776e-05
INFO:cooler._balance:variance is 7.214363140205525e-06
INFO:cooler._balance:chr16
INFO:cooler._balance:variance is 192.11423921706347
INFO:cooler._balance:variance is 20.073035187177865
INFO:cooler._balance:variance is 6.177650363281536
INFO:cooler._balance:variance is 3.1234517755391575
INFO:cooler._balance:variance is 1.7699815768218046
INFO:cooler._balance:variance is 1.0354496101586894
INFO:cooler._balance:variance is 0.647126111200838
INFO:cooler._balance:variance is 0.39169187745343587
INFO:cooler._balance:variance is 0.25101413436816317
INFO:cooler._balance:variance is 0.15485238912482824
INFO:cooler._balance:variance is 0.0999382783119096
INFO:cooler._balance:variance is 0.06246222966419451
INFO:cooler._balance:variance is 0.0403596350444134
INFO:cooler._balance:variance is 0.025454922132859655
INFO:cooler._balance:variance is 0.016435989792629866
INFO:cooler._balance:variance is 0.010430729026343129
INFO:cooler._balance:variance is 0.006727282948918607
INFO:cooler._balance:variance is 0.00428716258290237
INFO:cooler._balance:variance is 0.0027620053100210745
INFO:cooler._balance:variance is 0.0017650461585638913
INFO:cooler._balance:variance is 0.0011361413516234405
INFO:cooler._balance:variance is 0.0007273650355892395
INFO:cooler._balance:variance is 0.00046789301255063955
INFO:cooler._balance:variance is 0.00029990261021423385
INFO:cooler._balance:variance is 0.000192829161690404
INFO:cooler._balance:variance is 0.00012369129368467108
INFO:cooler._balance:variance is 7.950442711178691e-05
INFO:cooler._balance:variance is 5.1023753936514533e-05
INFO:cooler._balance:variance is 3.278904588806605e-05
INFO:cooler._balance:variance is 2.1049800236442362e-05
INFO:cooler._balance:variance is 1.3525077642058813e-05
INFO:cooler._balance:variance is 8.684556116957233e-06
INFO:cooler._balance:chr17
INFO:cooler._balance:variance is 376.787754055329
INFO:cooler._balance:variance is 40.196260517821266
INFO:cooler._balance:variance is 15.458856488773215
INFO:cooler._balance:variance is 9.44580269812744
INFO:cooler._balance:variance is 5.053548815697349
INFO:cooler._balance:variance is 3.1362444340835243
INFO:cooler._balance:variance is 1.7674569511588991
INFO:cooler._balance:variance is 1.0785923187447632
INFO:cooler._balance:variance is 0.621344051160237
INFO:cooler._balance:variance is 0.3748311818104654
INFO:cooler._balance:variance is 0.21851597172500908
INFO:cooler._balance:variance is 0.1308932774011291
INFO:cooler._balance:variance is 0.07683119792249117
INFO:cooler._balance:variance is 0.04582714065551762
INFO:cooler._balance:variance is 0.027007292462863125
INFO:cooler._balance:variance is 0.01606793522804314
INFO:cooler._balance:variance is 0.009491634848241495
INFO:cooler._balance:variance is 0.005638468808574506
INFO:cooler._balance:variance is 0.003335383480074614
INFO:cooler._balance:variance is 0.001979587520457492
INFO:cooler._balance:variance is 0.00117196963090875
INFO:cooler._balance:variance is 0.0006952060498825187
INFO:cooler._balance:variance is 0.00041178144463163105
INFO:cooler._balance:variance is 0.00024418947843400494
INFO:cooler._balance:variance is 0.00014467908807536448
INFO:cooler._balance:variance is 8.577980989475023e-05
INFO:cooler._balance:variance is 5.083216001988514e-05
INFO:cooler._balance:variance is 3.0134934136207626e-05
INFO:cooler._balance:variance is 1.785945524973057e-05
INFO:cooler._balance:variance is 1.0586974843926799e-05
INFO:cooler._balance:variance is 6.274749392425406e-06
INFO:cooler._balance:chr18
INFO:cooler._balance:variance is 189.0334126900742
INFO:cooler._balance:variance is 11.744703723755576
INFO:cooler._balance:variance is 1.9436961183376742
INFO:cooler._balance:variance is 0.5770728847401546
INFO:cooler._balance:variance is 0.1863451886128679
INFO:cooler._balance:variance is 0.06913974592022032
INFO:cooler._balance:variance is 0.02549376139814122
INFO:cooler._balance:variance is 0.009782046537721677
INFO:cooler._balance:variance is 0.0037388959347276797
INFO:cooler._balance:variance is 0.0014504266630884157
INFO:cooler._balance:variance is 0.0005625471467194983
INFO:cooler._balance:variance is 0.00021964106201684383
INFO:cooler._balance:variance is 8.584687250274577e-05
INFO:cooler._balance:variance is 3.3670243926155426e-05
INFO:cooler._balance:variance is 1.3222419286333597e-05
INFO:cooler._balance:variance is 5.203194608743805e-06
INFO:cooler._balance:chr20
INFO:cooler._balance:variance is 281.56162778070694
INFO:cooler._balance:variance is 15.49866992478273
INFO:cooler._balance:variance is 4.581284637645697
INFO:cooler._balance:variance is 2.1273923977036806
INFO:cooler._balance:variance is 1.1483923836020218
INFO:cooler._balance:variance is 0.6563046040723568
INFO:cooler._balance:variance is 0.3858604560593495
INFO:cooler._balance:variance is 0.22896496617828674
INFO:cooler._balance:variance is 0.13787160444754096
INFO:cooler._balance:variance is 0.0829428191675053
INFO:cooler._balance:variance is 0.05044212466555184
INFO:cooler._balance:variance is 0.030568180696327833
INFO:cooler._balance:variance is 0.01867538684766751
INFO:cooler._balance:variance is 0.01136785386539254
INFO:cooler._balance:variance is 0.006960022409700092
INFO:cooler._balance:variance is 0.00424856347532727
INFO:cooler._balance:variance is 0.0026038118519935943
INFO:cooler._balance:variance is 0.0015922760413694722
INFO:cooler._balance:variance is 0.0009763066774547718
INFO:cooler._balance:variance is 0.0005977053773349338
INFO:cooler._balance:variance is 0.000366560334528657
INFO:cooler._balance:variance is 0.00022457232600247234
INFO:cooler._balance:variance is 0.00013773815226281752
INFO:cooler._balance:variance is 8.442268984615736e-05
INFO:cooler._balance:variance is 5.178143054905095e-05
INFO:cooler._balance:variance is 3.17468185450597e-05
INFO:cooler._balance:variance is 1.9472507844256224e-05
INFO:cooler._balance:variance is 1.194052904886636e-05
INFO:cooler._balance:variance is 7.323991616883507e-06
INFO:cooler._balance:chrY
INFO:cooler._balance:variance is 94.2469135802469
INFO:cooler._balance:variance is 22.77601900246578
INFO:cooler._balance:variance is 20.91016562116921
INFO:cooler._balance:variance is 6.964810231006687
INFO:cooler._balance:variance is 4.628744538522385
INFO:cooler._balance:variance is 2.0752203120757127
INFO:cooler._balance:variance is 1.212572296603867
INFO:cooler._balance:variance is 0.6337014508225098
INFO:cooler._balance:variance is 0.3606084159098317
INFO:cooler._balance:variance is 0.20332841708241023
INFO:cooler._balance:variance is 0.11704949449684007
INFO:cooler._balance:variance is 0.06887378853951394
INFO:cooler._balance:variance is 0.04062990863843426
INFO:cooler._balance:variance is 0.0246427514960272
INFO:cooler._balance:variance is 0.014956261646540597
INFO:cooler._balance:variance is 0.009313373480508907
INFO:cooler._balance:variance is 0.005818054476474118
INFO:cooler._balance:variance is 0.003714148137134358
INFO:cooler._balance:variance is 0.0023847208046098283
INFO:cooler._balance:variance is 0.0015583444510164307
INFO:cooler._balance:variance is 0.0010255830244534495
INFO:cooler._balance:variance is 0.000684478592238354
INFO:cooler._balance:variance is 0.00046014933005046745
INFO:cooler._balance:variance is 0.0003127502482857326
INFO:cooler._balance:variance is 0.00021398396286223035
INFO:cooler._balance:variance is 0.00014765415154175022
INFO:cooler._balance:variance is 0.00010246580525435758
INFO:cooler._balance:variance is 7.157083635507038e-05
INFO:cooler._balance:variance is 5.022499255105863e-05
INFO:cooler._balance:variance is 3.542103986644165e-05
INFO:cooler._balance:variance is 2.5074107973499178e-05
INFO:cooler._balance:variance is 1.7817092635117478e-05
INFO:cooler._balance:variance is 1.269782545184085e-05
INFO:cooler._balance:variance is 9.07571497549942e-06
INFO:cooler._balance:chr19
INFO:cooler._balance:variance is 334.91425955121554
INFO:cooler._balance:variance is 74.46949030016052
INFO:cooler._balance:variance is 24.743244839590638
INFO:cooler._balance:variance is 18.193418632439343
INFO:cooler._balance:variance is 8.38398006319382
INFO:cooler._balance:variance is 5.695692571291188
INFO:cooler._balance:variance is 2.9433918707442897
INFO:cooler._balance:variance is 1.8845339766575853
INFO:cooler._balance:variance is 1.0356060885000549
INFO:cooler._balance:variance is 0.6413531383215032
INFO:cooler._balance:variance is 0.3646473587884543
INFO:cooler._balance:variance is 0.22171744602534788
INFO:cooler._balance:variance is 0.12847356428300097
INFO:cooler._balance:variance is 0.07732456631701709
INFO:cooler._balance:variance is 0.04528437313927815
INFO:cooler._balance:variance is 0.027100451334081694
INFO:cooler._balance:variance is 0.015966613746559846
INFO:cooler._balance:variance is 0.009524492054448589
INFO:cooler._balance:variance is 0.005630655431068781
INFO:cooler._balance:variance is 0.0033526630780585567
INFO:cooler._balance:variance is 0.0019858866169996502
INFO:cooler._balance:variance is 0.0011812084620374816
INFO:cooler._balance:variance is 0.0007004530388322094
INFO:cooler._balance:variance is 0.00041637580025166845
INFO:cooler._balance:variance is 0.00024707023675642946
INFO:cooler._balance:variance is 0.00014681560852980623
INFO:cooler._balance:variance is 8.715081853009724e-05
INFO:cooler._balance:variance is 5.177651467040591e-05
INFO:cooler._balance:variance is 3.074170689719506e-05
INFO:cooler._balance:variance is 1.8261490458747858e-05
INFO:cooler._balance:variance is 1.0843951686693611e-05
INFO:cooler._balance:variance is 6.441166976635822e-06
INFO:cooler._balance:chr22
INFO:cooler._balance:variance is 519.9483216147913
INFO:cooler._balance:variance is 68.6260095620614
INFO:cooler._balance:variance is 24.82251609219973
INFO:cooler._balance:variance is 22.52238398590591
INFO:cooler._balance:variance is 12.277896204869911
INFO:cooler._balance:variance is 11.459142216343173
INFO:cooler._balance:variance is 6.916502225622026
INFO:cooler._balance:variance is 6.3223231496055625
INFO:cooler._balance:variance is 4.018248358348918
INFO:cooler._balance:variance is 3.5718579957812016
INFO:cooler._balance:variance is 2.3566662811189993
INFO:cooler._balance:variance is 2.0377647009058784
INFO:cooler._balance:variance is 1.385587775452717
INFO:cooler._balance:variance is 1.1689381277095714
INFO:cooler._balance:variance is 0.8146061448299915
INFO:cooler._balance:variance is 0.6730758832351276
INFO:cooler._balance:variance is 0.4784733365708634
INFO:cooler._balance:variance is 0.3886619510890897
INFO:cooler._balance:variance is 0.2807160970179661
INFO:cooler._balance:variance is 0.22492785270677151
INFO:cooler._balance:variance is 0.16451037706022065
INFO:cooler._balance:variance is 0.13039754024944047
INFO:cooler._balance:variance is 0.09631505379324312
INFO:cooler._balance:variance is 0.07569816780746065
INFO:cooler._balance:variance is 0.05634283340994475
INFO:cooler._balance:variance is 0.04399058758590937
INFO:cooler._balance:variance is 0.03293764665887096
INFO:cooler._balance:variance is 0.025585197138600003
INFO:cooler._balance:variance is 0.019244805550863844
INFO:cooler._balance:variance is 0.014889874217892335
INFO:cooler._balance:variance is 0.011239578001577022
INFO:cooler._balance:variance is 0.008669683862438009
INFO:cooler._balance:variance is 0.006562081027947801
INFO:cooler._balance:variance is 0.005049827159805864
INFO:cooler._balance:variance is 0.003830187855083226
INFO:cooler._balance:variance is 0.0029422060425789574
INFO:cooler._balance:variance is 0.002235170738603296
INFO:cooler._balance:variance is 0.0017146047225100396
INFO:cooler._balance:variance is 0.001304167387621897
INFO:cooler._balance:variance is 0.0009993718730172262
INFO:cooler._balance:variance is 0.0007608578098462345
INFO:cooler._balance:variance is 0.000582566384091149
INFO:cooler._balance:variance is 0.00044384699820713015
INFO:cooler._balance:variance is 0.00033962990608144087
INFO:cooler._balance:variance is 0.00025890000153028377
INFO:cooler._balance:variance is 0.00019801528177006025
INFO:cooler._balance:variance is 0.0001510104616342839
INFO:cooler._balance:variance is 0.00011545591402209739
INFO:cooler._balance:variance is 8.807726253278138e-05
INFO:cooler._balance:variance is 6.73213093583479e-05
INFO:cooler._balance:variance is 5.1369656084927836e-05
INFO:cooler._balance:variance is 3.925575978874086e-05
INFO:cooler._balance:variance is 2.9959797582761703e-05
INFO:cooler._balance:variance is 2.2891027941063903e-05
INFO:cooler._balance:variance is 1.747281903253711e-05
INFO:cooler._balance:variance is 1.3348599002522271e-05
INFO:cooler._balance:variance is 1.0190157569601602e-05
INFO:cooler._balance:variance is 7.784174789806468e-06
INFO:cooler._balance:chr21
INFO:cooler._balance:variance is 172.69584938581642
INFO:cooler._balance:variance is 26.880485201133848
INFO:cooler._balance:variance is 7.993669941333596
INFO:cooler._balance:variance is 4.987968325551615
INFO:cooler._balance:variance is 2.5725746501245994
INFO:cooler._balance:variance is 1.761498169154928
INFO:cooler._balance:variance is 1.104565048232686
INFO:cooler._balance:variance is 0.7746907590765314
INFO:cooler._balance:variance is 0.5333253229151865
INFO:cooler._balance:variance is 0.37959989736473
INFO:cooler._balance:variance is 0.27419482168692294
INFO:cooler._balance:variance is 0.19749047610788398
INFO:cooler._balance:variance is 0.14626939729890007
INFO:cooler._balance:variance is 0.10644666287764315
INFO:cooler._balance:variance is 0.07986852325759163
INFO:cooler._balance:variance is 0.05864317958352039
INFO:cooler._balance:variance is 0.04429271771594482
INFO:cooler._balance:variance is 0.03276221312491473
INFO:cooler._balance:variance is 0.024825545998341088
INFO:cooler._balance:variance is 0.018471285811975956
INFO:cooler._balance:variance is 0.014017345920499769
INFO:cooler._balance:variance is 0.010477448806230054
INFO:cooler._balance:variance is 0.007955533739205482
INFO:cooler._balance:variance is 0.0059673604525536
INFO:cooler._balance:variance is 0.004531490260728126
INFO:cooler._balance:variance is 0.0034080484518241804
INFO:cooler._balance:variance is 0.0025877072767993845
INFO:cooler._balance:variance is 0.0019500456240590124
INFO:cooler._balance:variance is 0.0014803562804627025
INFO:cooler._balance:variance is 0.0011172308979053578
INFO:cooler._balance:variance is 0.0008479432370022033
INFO:cooler._balance:variance is 0.0006406586908817253
INFO:cooler._balance:variance is 0.00048613541132900407
INFO:cooler._balance:variance is 0.0003676020934713443
INFO:cooler._balance:variance is 0.0002788853107637418
INFO:cooler._balance:variance is 0.0002110162110325682
INFO:cooler._balance:variance is 0.00016006374142134682
INFO:cooler._balance:variance is 0.00012116706632324015
INFO:cooler._balance:variance is 9.18974300604732e-05
INFO:cooler._balance:variance is 6.958983057598725e-05
INFO:cooler._balance:variance is 5.2773653452157514e-05
INFO:cooler._balance:variance is 3.997353782020338e-05
INFO:cooler._balance:variance is 3.031140223613958e-05
INFO:cooler._balance:variance is 2.2963933179158096e-05
INFO:cooler._balance:variance is 1.741204030174759e-05
INFO:cooler._balance:variance is 1.3193306716393661e-05
INFO:cooler._balance:variance is 1.0003073124430125e-05
INFO:cooler._balance:variance is 7.580282893818897e-06
INFO:cooler._balance:chrM
INFO:cooler._balance:variance is 12121.25
INFO:cooler._balance:variance is 5742.383979783084
INFO:cooler._balance:variance is 3978.0161293389087
INFO:cooler._balance:variance is 1361.9855770502058
INFO:cooler._balance:variance is 946.8910678864015
INFO:cooler._balance:variance is 382.5250092497124
INFO:cooler._balance:variance is 254.95836720404017
INFO:cooler._balance:variance is 117.4721830311631
INFO:cooler._balance:variance is 75.26929206752604
INFO:cooler._balance:variance is 37.98380711517018
INFO:cooler._balance:variance is 23.636873986871503
INFO:cooler._balance:variance is 12.669464017503806
INFO:cooler._balance:variance is 7.722708537695958
INFO:cooler._balance:variance is 4.298637995719743
INFO:cooler._balance:variance is 2.5841861860916344
INFO:cooler._balance:variance is 1.4713619106198486
INFO:cooler._balance:variance is 0.8766960624819907
INFO:cooler._balance:variance is 0.505823823004758
INFO:cooler._balance:variance is 0.29972052154134243
INFO:cooler._balance:variance is 0.17425766010523241
INFO:cooler._balance:variance is 0.10290289116047348
INFO:cooler._balance:variance is 0.06009170930870175
INFO:cooler._balance:variance is 0.0354119287146854
INFO:cooler._balance:variance is 0.02073167607768589
INFO:cooler._balance:variance is 0.0122018463946614
INFO:cooler._balance:variance is 0.007153881308229032
INFO:cooler._balance:variance is 0.004207326095909091
INFO:cooler._balance:variance is 0.0024688029745478035
INFO:cooler._balance:variance is 0.0014512948952811852
INFO:cooler._balance:variance is 0.0008520140773015267
INFO:cooler._balance:variance is 0.0005007259928794824
INFO:cooler._balance:variance is 0.0002940452227056205
INFO:cooler._balance:variance is 0.00017278236603182804
INFO:cooler._balance:variance is 0.0001014812448714448
INFO:cooler._balance:variance is 5.96254673126221e-05
INFO:cooler._balance:variance is 3.5023663364103306e-05
INFO:cooler._balance:variance is 2.0577173043369096e-05
INFO:cooler._balance:variance is 1.2087663125450999e-05
INFO:cooler._balance:variance is 7.10158405785217e-06
