INFO:cooler.cli.balance:Balancing "analysis_other/porec/T2T18.hp1/cooler/T2T18.hp1_5000_balanced.cool"
INFO:cooler._balance:chr1
INFO:cooler._balance:variance is 381114.1493928915
INFO:cooler._balance:variance is 1238.108904207958
INFO:cooler._balance:variance is 304.01138172135506
INFO:cooler._balance:variance is 119.4602470445325
INFO:cooler._balance:variance is 48.33657967029102
INFO:cooler._balance:variance is 22.409813408539016
INFO:cooler._balance:variance is 10.57925480725197
INFO:cooler._balance:variance is 5.235467606069373
INFO:cooler._balance:variance is 2.6002675509957904
INFO:cooler._balance:variance is 1.3141055160666137
INFO:cooler._balance:variance is 0.6633109738464152
INFO:cooler._balance:variance is 0.3371678124023104
INFO:cooler._balance:variance is 0.17110109314638994
INFO:cooler._balance:variance is 0.08709368289915272
INFO:cooler._balance:variance is 0.04428053654528736
INFO:cooler._balance:variance is 0.02254511101075705
INFO:cooler._balance:variance is 0.01147074243058064
INFO:cooler._balance:variance is 0.005840161928912265
INFO:cooler._balance:variance is 0.0029723010257327043
INFO:cooler._balance:variance is 0.001513230688746139
INFO:cooler._balance:variance is 0.0007702460036241574
INFO:cooler._balance:variance is 0.0003921260350783198
INFO:cooler._balance:variance is 0.0001996070656320427
INFO:cooler._balance:variance is 0.00010161603375961797
INFO:cooler._balance:variance is 5.172789226218829e-05
INFO:cooler._balance:variance is 2.6333315038814426e-05
INFO:cooler._balance:variance is 1.3405223391099286e-05
INFO:cooler._balance:variance is 6.824200670958202e-06
INFO:cooler._balance:chr2
INFO:cooler._balance:variance is 20418.4811930124
INFO:cooler._balance:variance is 1482.9524666268862
INFO:cooler._balance:variance is 359.7533643256856
INFO:cooler._balance:variance is 114.90372398220858
INFO:cooler._balance:variance is 34.103324825662526
INFO:cooler._balance:variance is 10.840958981151804
INFO:cooler._balance:variance is 3.3938042039239513
INFO:cooler._balance:variance is 1.0905435484868062
INFO:cooler._balance:variance is 0.3517436856670958
INFO:cooler._balance:variance is 0.11518510600472386
INFO:cooler._balance:variance is 0.03807446153479902
INFO:cooler._balance:variance is 0.012739492675024102
INFO:cooler._balance:variance is 0.004307193775779573
INFO:cooler._balance:variance is 0.0014718038611075187
INFO:cooler._balance:variance is 0.0005077965069544376
INFO:cooler._balance:variance is 0.000176782432995724
INFO:cooler._balance:variance is 6.204323451846304e-05
INFO:cooler._balance:variance is 2.1932039618133e-05
INFO:cooler._balance:variance is 7.801955278481065e-06
INFO:cooler._balance:chr3
INFO:cooler._balance:variance is 13765.38258568716
INFO:cooler._balance:variance is 1517.8881189940782
INFO:cooler._balance:variance is 429.6859206375711
INFO:cooler._balance:variance is 210.59471402808256
INFO:cooler._balance:variance is 75.57226584439366
INFO:cooler._balance:variance is 34.03608649286318
INFO:cooler._balance:variance is 13.372388076232493
INFO:cooler._balance:variance is 5.798705021438225
INFO:cooler._balance:variance is 2.374973675180451
INFO:cooler._balance:variance is 1.0152039655741116
INFO:cooler._balance:variance is 0.42400922486947235
INFO:cooler._balance:variance is 0.1804235003995147
INFO:cooler._balance:variance is 0.07607632348409864
INFO:cooler._balance:variance is 0.03234422478876341
INFO:cooler._balance:variance is 0.013704420397975363
INFO:cooler._balance:variance is 0.0058285756983751606
INFO:cooler._balance:variance is 0.0024760435681352973
INFO:cooler._balance:variance is 0.0010537326066445327
INFO:cooler._balance:variance is 0.00044829713052962634
INFO:cooler._balance:variance is 0.00019089174038763824
INFO:cooler._balance:variance is 8.128313808740725e-05
INFO:cooler._balance:variance is 3.462705384039361e-05
INFO:cooler._balance:variance is 1.4752302583945281e-05
INFO:cooler._balance:variance is 6.28659117458423e-06
INFO:cooler._balance:chr4
INFO:cooler._balance:variance is 15747.328007244892
INFO:cooler._balance:variance is 2412.158141949083
INFO:cooler._balance:variance is 643.6129983785905
INFO:cooler._balance:variance is 352.1848104253272
INFO:cooler._balance:variance is 125.20253792629013
INFO:cooler._balance:variance is 61.86171225035385
INFO:cooler._balance:variance is 24.856536061407812
INFO:cooler._balance:variance is 11.558423354812772
INFO:cooler._balance:variance is 4.902930381475402
INFO:cooler._balance:variance is 2.2162302392325017
INFO:cooler._balance:variance is 0.9625198817693055
INFO:cooler._balance:variance is 0.42969416359308815
INFO:cooler._balance:variance is 0.18853763557319092
INFO:cooler._balance:variance is 0.08371893137294421
INFO:cooler._balance:variance is 0.03689817634892301
INFO:cooler._balance:variance is 0.01634732882111163
INFO:cooler._balance:variance is 0.00721918187983237
INFO:cooler._balance:variance is 0.0031953633090945487
INFO:cooler._balance:variance is 0.0014123701014420332
INFO:cooler._balance:variance is 0.0006249054255666217
INFO:cooler._balance:variance is 0.00027632515810471336
INFO:cooler._balance:variance is 0.00012224223459033278
INFO:cooler._balance:variance is 5.4064373611502246e-05
INFO:cooler._balance:variance is 2.391600270810957e-05
INFO:cooler._balance:variance is 1.0578378075444125e-05
INFO:cooler._balance:variance is 4.6793916704640556e-06
INFO:cooler._balance:chr5
INFO:cooler._balance:variance is 17117.589478727547
INFO:cooler._balance:variance is 1592.6681917489866
INFO:cooler._balance:variance is 367.05250326460936
INFO:cooler._balance:variance is 113.76396090147695
INFO:cooler._balance:variance is 30.96057369822337
INFO:cooler._balance:variance is 9.201551483538404
INFO:cooler._balance:variance is 2.6269840108961215
INFO:cooler._balance:variance is 0.7729612665042677
INFO:cooler._balance:variance is 0.22535993420415815
INFO:cooler._balance:variance is 0.06655780604039177
INFO:cooler._balance:variance is 0.019685311994380717
INFO:cooler._balance:variance is 0.005873717714721786
INFO:cooler._balance:variance is 0.0017633284335358292
INFO:cooler._balance:variance is 0.0005342792939648133
INFO:cooler._balance:variance is 0.0001634085548118075
INFO:cooler._balance:variance is 5.0547295868965e-05
INFO:cooler._balance:variance is 1.5829054600319122e-05
INFO:cooler._balance:variance is 5.025118703687372e-06
INFO:cooler._balance:chr6
INFO:cooler._balance:variance is 25496.746692272147
INFO:cooler._balance:variance is 1297.3746804798468
INFO:cooler._balance:variance is 517.3673849199395
INFO:cooler._balance:variance is 301.2119021383347
INFO:cooler._balance:variance is 142.45080736422543
INFO:cooler._balance:variance is 82.50400296313789
INFO:cooler._balance:variance is 41.313392825441284
INFO:cooler._balance:variance is 23.412378994903523
INFO:cooler._balance:variance is 12.129543638510103
INFO:cooler._balance:variance is 6.759051297363082
INFO:cooler._balance:variance is 3.5730451041259816
INFO:cooler._balance:variance is 1.9691888189714664
INFO:cooler._balance:variance is 1.0530805927586147
INFO:cooler._balance:variance is 0.5764862610759257
INFO:cooler._balance:variance is 0.3102976691160897
INFO:cooler._balance:variance is 0.1691981375667624
INFO:cooler._balance:variance is 0.0913988579251453
INFO:cooler._balance:variance is 0.049725703063872036
INFO:cooler._balance:variance is 0.026913988268036145
INFO:cooler._balance:variance is 0.014624090635801959
INFO:cooler._balance:variance is 0.00792373662560377
INFO:cooler._balance:variance is 0.004302442477903026
INFO:cooler._balance:variance is 0.0023325350383163568
INFO:cooler._balance:variance is 0.0012660305930332905
INFO:cooler._balance:variance is 0.0006865842589321728
INFO:cooler._balance:variance is 0.0003725777263998541
INFO:cooler._balance:variance is 0.00020208796682339995
INFO:cooler._balance:variance is 0.00010965098194344444
INFO:cooler._balance:variance is 5.9480703723068065e-05
INFO:cooler._balance:variance is 3.227158454475194e-05
INFO:cooler._balance:variance is 1.7506749232121946e-05
INFO:cooler._balance:variance is 9.498050687901103e-06
INFO:cooler._balance:chr7
INFO:cooler._balance:variance is 12731.964906962663
INFO:cooler._balance:variance is 1036.3458688999121
INFO:cooler._balance:variance is 277.92407177583715
INFO:cooler._balance:variance is 106.88627139691756
INFO:cooler._balance:variance is 36.35566457979967
INFO:cooler._balance:variance is 13.894219011007506
INFO:cooler._balance:variance is 5.02151635486415
INFO:cooler._balance:variance is 1.9004565308762877
INFO:cooler._balance:variance is 0.7032611975340801
INFO:cooler._balance:variance is 0.2651478675130213
INFO:cooler._balance:variance is 0.09910325808112404
INFO:cooler._balance:variance is 0.037326658983394184
INFO:cooler._balance:variance is 0.01401417921534975
INFO:cooler._balance:variance is 0.005278596359715584
INFO:cooler._balance:variance is 0.0019861551272689474
INFO:cooler._balance:variance is 0.0007483921643808749
INFO:cooler._balance:variance is 0.0002819267126766949
INFO:cooler._balance:variance is 0.00010627832430222971
INFO:cooler._balance:variance is 4.0065131770240305e-05
INFO:cooler._balance:variance is 1.5109665253198952e-05
INFO:cooler._balance:variance is 5.698941691632663e-06
INFO:cooler._balance:chrX
INFO:cooler._balance:chr9
INFO:cooler._balance:variance is 7505.3329551914185
INFO:cooler._balance:variance is 636.2904809792728
INFO:cooler._balance:variance is 176.93836052103467
INFO:cooler._balance:variance is 76.28785557433571
INFO:cooler._balance:variance is 34.58709450056898
INFO:cooler._balance:variance is 18.12431751130264
INFO:cooler._balance:variance is 9.428578485229766
INFO:cooler._balance:variance is 5.383645332983919
INFO:cooler._balance:variance is 3.0299492568632833
INFO:cooler._balance:variance is 1.8152818940487765
INFO:cooler._balance:variance is 1.072923679789576
INFO:cooler._balance:variance is 0.6594968695632891
INFO:cooler._balance:variance is 0.40111855764701726
INFO:cooler._balance:variance is 0.2497534150857761
INFO:cooler._balance:variance is 0.15433617182383425
INFO:cooler._balance:variance is 0.09669211259406213
INFO:cooler._balance:variance is 0.06026481281819455
INFO:cooler._balance:variance is 0.03786375286118433
INFO:cooler._balance:variance is 0.023707057451160727
INFO:cooler._balance:variance is 0.014913531432252092
INFO:cooler._balance:variance is 0.009360322378659098
INFO:cooler._balance:variance is 0.0058913615488932055
INFO:cooler._balance:variance is 0.003702481719765661
INFO:cooler._balance:variance is 0.0023307578233154685
INFO:cooler._balance:variance is 0.0014658241672872141
INFO:cooler._balance:variance is 0.0009227960426678498
INFO:cooler._balance:variance is 0.0005805763528459696
INFO:cooler._balance:variance is 0.00036549406668926176
INFO:cooler._balance:variance is 0.00023000009337631932
INFO:cooler._balance:variance is 0.000144790339739533
INFO:cooler._balance:variance is 9.112560082358388e-05
INFO:cooler._balance:variance is 5.736437197675076e-05
INFO:cooler._balance:variance is 3.610551148727431e-05
INFO:cooler._balance:variance is 2.2728318439742592e-05
INFO:cooler._balance:variance is 1.4305934660860971e-05
INFO:cooler._balance:variance is 9.005421199890932e-06
INFO:cooler._balance:chr8
INFO:cooler._balance:variance is 10885.059760425116
INFO:cooler._balance:variance is 1238.6188171623078
INFO:cooler._balance:variance is 272.0815895267108
INFO:cooler._balance:variance is 161.3093387994869
INFO:cooler._balance:variance is 51.13472517244919
INFO:cooler._balance:variance is 26.719788776416923
INFO:cooler._balance:variance is 10.046044201767216
INFO:cooler._balance:variance is 4.804784577041187
INFO:cooler._balance:variance is 1.9640215010666522
INFO:cooler._balance:variance is 0.8972635067112794
INFO:cooler._balance:variance is 0.38144372550701056
INFO:cooler._balance:variance is 0.17051813657802017
INFO:cooler._balance:variance is 0.07380224260527372
INFO:cooler._balance:variance is 0.03266763489353736
INFO:cooler._balance:variance is 0.01425378443969327
INFO:cooler._balance:variance is 0.006281597327858257
INFO:cooler._balance:variance is 0.002750801728077565
INFO:cooler._balance:variance is 0.0012099401559136143
INFO:cooler._balance:variance is 0.0005307138878247851
INFO:cooler._balance:variance is 0.0002332405743146831
INFO:cooler._balance:variance is 0.00010238091636500546
INFO:cooler._balance:variance is 4.497888916360812e-05
INFO:cooler._balance:variance is 1.9750028862558277e-05
INFO:cooler._balance:variance is 8.67546624861582e-06
INFO:cooler._balance:chr11
INFO:cooler._balance:variance is 9428.889597830095
INFO:cooler._balance:variance is 1517.220746026946
INFO:cooler._balance:variance is 596.8137030808781
INFO:cooler._balance:variance is 395.9014662696722
INFO:cooler._balance:variance is 187.608282840429
INFO:cooler._balance:variance is 118.98232667120254
INFO:cooler._balance:variance is 60.483105167667986
INFO:cooler._balance:variance is 36.74150535485368
INFO:cooler._balance:variance is 19.48451960890916
INFO:cooler._balance:variance is 11.495340687937924
INFO:cooler._balance:variance is 6.254923918649775
INFO:cooler._balance:variance is 3.6232292727331656
INFO:cooler._balance:variance is 2.001880465112373
INFO:cooler._balance:variance is 1.1468699284691068
INFO:cooler._balance:variance is 0.6393468203978612
INFO:cooler._balance:variance is 0.3639041474223885
INFO:cooler._balance:variance is 0.20391432887288244
INFO:cooler._balance:variance is 0.1156267756701711
INFO:cooler._balance:variance is 0.06498302679064445
INFO:cooler._balance:variance is 0.03676781670064787
INFO:cooler._balance:variance is 0.02069847475602207
INFO:cooler._balance:variance is 0.011696813437345913
INFO:cooler._balance:variance is 0.006591004083113805
INFO:cooler._balance:variance is 0.00372198183508324
INFO:cooler._balance:variance is 0.0020984195976447083
INFO:cooler._balance:variance is 0.0011845162602029879
INFO:cooler._balance:variance is 0.0006680230144278719
INFO:cooler._balance:variance is 0.00037700018465567796
INFO:cooler._balance:variance is 0.00021265063960500876
INFO:cooler._balance:variance is 0.00011999442534620997
INFO:cooler._balance:variance is 6.769060391610579e-05
INFO:cooler._balance:variance is 3.819365699740152e-05
INFO:cooler._balance:variance is 2.154677968154883e-05
INFO:cooler._balance:variance is 1.2157027986646751e-05
INFO:cooler._balance:variance is 6.858544772555558e-06
INFO:cooler._balance:chr10
INFO:cooler._balance:variance is 10680.415460762466
INFO:cooler._balance:variance is 705.6881746770309
INFO:cooler._balance:variance is 178.88493267939356
INFO:cooler._balance:variance is 56.88499146429167
INFO:cooler._balance:variance is 18.36375291653037
INFO:cooler._balance:variance is 6.224821896280628
INFO:cooler._balance:variance is 2.120371254909138
INFO:cooler._balance:variance is 0.7387625541019429
INFO:cooler._balance:variance is 0.25897530127644525
INFO:cooler._balance:variance is 0.09201154053727653
INFO:cooler._balance:variance is 0.03290189283627299
INFO:cooler._balance:variance is 0.011872792167824733
INFO:cooler._balance:variance is 0.004309607855648829
INFO:cooler._balance:variance is 0.001574663191618406
INFO:cooler._balance:variance is 0.0005782122934263297
INFO:cooler._balance:variance is 0.00021336225752612736
INFO:cooler._balance:variance is 7.904324837700479e-05
INFO:cooler._balance:variance is 2.939011673310716e-05
INFO:cooler._balance:variance is 1.096123480996156e-05
INFO:cooler._balance:variance is 4.09915826386495e-06
INFO:cooler._balance:chr12
INFO:cooler._balance:variance is 12996.836405850641
INFO:cooler._balance:variance is 1236.1892298350413
INFO:cooler._balance:variance is 423.96783604183935
INFO:cooler._balance:variance is 192.48024258482033
INFO:cooler._balance:variance is 78.10252842482436
INFO:cooler._balance:variance is 35.34112453519466
INFO:cooler._balance:variance is 15.083351832625844
INFO:cooler._balance:variance is 6.778301333006872
INFO:cooler._balance:variance is 2.9619734794122246
INFO:cooler._balance:variance is 1.3262212952022219
INFO:cooler._balance:variance is 0.5860941077419087
INFO:cooler._balance:variance is 0.26197454278122095
INFO:cooler._balance:variance is 0.116396426298322
INFO:cooler._balance:variance is 0.05198880302660163
INFO:cooler._balance:variance is 0.02315777349107595
INFO:cooler._balance:variance is 0.010340448110676147
INFO:cooler._balance:variance is 0.004611604598978296
INFO:cooler._balance:variance is 0.0020589700999553004
INFO:cooler._balance:variance is 0.0009187835648241914
INFO:cooler._balance:variance is 0.0004102034281102145
INFO:cooler._balance:variance is 0.00018309746816737272
INFO:cooler._balance:variance is 8.174624862118202e-05
INFO:cooler._balance:variance is 3.6492917735567176e-05
INFO:cooler._balance:variance is 1.62928295044882e-05
INFO:cooler._balance:variance is 7.273864841561755e-06
INFO:cooler._balance:chr13
INFO:cooler._balance:variance is 9805.906437178246
INFO:cooler._balance:variance is 791.4146705423645
INFO:cooler._balance:variance is 167.8157507896501
INFO:cooler._balance:variance is 63.47816248292815
INFO:cooler._balance:variance is 18.1166468449804
INFO:cooler._balance:variance is 6.234236080812009
INFO:cooler._balance:variance is 1.9359923353164492
INFO:cooler._balance:variance is 0.6404761519735626
INFO:cooler._balance:variance is 0.20457585294567324
INFO:cooler._balance:variance is 0.06674795753591709
INFO:cooler._balance:variance is 0.02152502331482276
INFO:cooler._balance:variance is 0.006991537733772859
INFO:cooler._balance:variance is 0.0022623882066680418
INFO:cooler._balance:variance is 0.0007339364155848529
INFO:cooler._balance:variance is 0.00023783306384995252
INFO:cooler._balance:variance is 7.714671726676788e-05
INFO:cooler._balance:variance is 2.5019368570156443e-05
INFO:cooler._balance:variance is 8.11807842257581e-06
INFO:cooler._balance:chr14
INFO:cooler._balance:variance is 6903.033804917798
INFO:cooler._balance:variance is 553.4668437251594
INFO:cooler._balance:variance is 129.30668308720277
INFO:cooler._balance:variance is 45.98503228357138
INFO:cooler._balance:variance is 14.540108897049024
INFO:cooler._balance:variance is 5.3518964854301965
INFO:cooler._balance:variance is 1.9052154345080008
INFO:cooler._balance:variance is 0.7293315891471094
INFO:cooler._balance:variance is 0.28219533867060187
INFO:cooler._balance:variance is 0.1142728472673434
INFO:cooler._balance:variance is 0.04744568958157339
INFO:cooler._balance:variance is 0.020356935328301025
INFO:cooler._balance:variance is 0.008941708176816601
INFO:cooler._balance:variance is 0.004016576538335885
INFO:cooler._balance:variance is 0.0018341260754305884
INFO:cooler._balance:variance is 0.0008490763215050072
INFO:cooler._balance:variance is 0.0003969506351086008
INFO:cooler._balance:variance is 0.0001870070671060846
INFO:cooler._balance:variance is 8.85779255412908e-05
INFO:cooler._balance:variance is 4.2127353319890494e-05
INFO:cooler._balance:variance is 2.009250338413697e-05
INFO:cooler._balance:variance is 9.603260821069982e-06
INFO:cooler._balance:chr15
INFO:cooler._balance:variance is 5548.952510682552
INFO:cooler._balance:variance is 438.19267740673104
INFO:cooler._balance:variance is 117.3894530859822
INFO:cooler._balance:variance is 42.194612251703774
INFO:cooler._balance:variance is 15.283774844672491
INFO:cooler._balance:variance is 5.925799668817237
INFO:cooler._balance:variance is 2.331164278668733
INFO:cooler._balance:variance is 0.9390004066867065
INFO:cooler._balance:variance is 0.3827275466997369
INFO:cooler._balance:variance is 0.1574521007929628
INFO:cooler._balance:variance is 0.06523690886573992
INFO:cooler._balance:variance is 0.027138294666300224
INFO:cooler._balance:variance is 0.01133260039391268
INFO:cooler._balance:variance is 0.004741214049744307
INFO:cooler._balance:variance is 0.0019874578599125294
INFO:cooler._balance:variance is 0.0008338839546205264
INFO:cooler._balance:variance is 0.00035021809442118166
INFO:cooler._balance:variance is 0.00014715469996901621
INFO:cooler._balance:variance is 6.186163033039343e-05
INFO:cooler._balance:variance is 2.601197000300695e-05
INFO:cooler._balance:variance is 1.0940330662406158e-05
INFO:cooler._balance:variance is 4.601953466611256e-06
INFO:cooler._balance:chr16
INFO:cooler._balance:variance is 118409.57217668809
INFO:cooler._balance:variance is 388.22295094324267
INFO:cooler._balance:variance is 104.6375960591513
INFO:cooler._balance:variance is 52.47114374382471
INFO:cooler._balance:variance is 24.38496478797953
INFO:cooler._balance:variance is 13.871456552260472
INFO:cooler._balance:variance is 7.354044150671802
INFO:cooler._balance:variance is 4.273586858884865
INFO:cooler._balance:variance is 2.3805917032815973
INFO:cooler._balance:variance is 1.3897851081439976
INFO:cooler._balance:variance is 0.7912369249363544
INFO:cooler._balance:variance is 0.46226583339119537
INFO:cooler._balance:variance is 0.26602154144481394
INFO:cooler._balance:variance is 0.15536493675024995
INFO:cooler._balance:variance is 0.08991357785134123
INFO:cooler._balance:variance is 0.05248207201775275
INFO:cooler._balance:variance is 0.03046547009004398
INFO:cooler._balance:variance is 0.017773211850051054
INFO:cooler._balance:variance is 0.010334556758269824
INFO:cooler._balance:variance is 0.006026662916578817
INFO:cooler._balance:variance is 0.003507583456130258
INFO:cooler._balance:variance is 0.002044902409515112
INFO:cooler._balance:variance is 0.0011907768355083961
INFO:cooler._balance:variance is 0.0006940890987922585
INFO:cooler._balance:variance is 0.00040429695578632027
INFO:cooler._balance:variance is 0.0002356319935561022
INFO:cooler._balance:variance is 0.00013727500546651563
INFO:cooler._balance:variance is 8.000060664042391e-05
INFO:cooler._balance:variance is 4.661130595998075e-05
INFO:cooler._balance:variance is 2.7162727281866558e-05
INFO:cooler._balance:variance is 1.582685216842528e-05
INFO:cooler._balance:variance is 9.222839295776129e-06
INFO:cooler._balance:chr17
INFO:cooler._balance:variance is 8649.982627855106
INFO:cooler._balance:variance is 1508.9180310667507
INFO:cooler._balance:variance is 624.6819082323126
INFO:cooler._balance:variance is 318.2497560906975
INFO:cooler._balance:variance is 153.4313195888803
INFO:cooler._balance:variance is 77.66316243570381
INFO:cooler._balance:variance is 38.60369242503812
INFO:cooler._balance:variance is 19.455049890465684
INFO:cooler._balance:variance is 9.753827740254865
INFO:cooler._balance:variance is 4.909146628213298
INFO:cooler._balance:variance is 2.4675317000863575
INFO:cooler._balance:variance is 1.2415474287993546
INFO:cooler._balance:variance is 0.6245372537244314
INFO:cooler._balance:variance is 0.31422996120567376
INFO:cooler._balance:variance is 0.15810454263328122
INFO:cooler._balance:variance is 0.07955111410870652
INFO:cooler._balance:variance is 0.0400287915526748
INFO:cooler._balance:variance is 0.02014128536979314
INFO:cooler._balance:variance is 0.010134941318048846
INFO:cooler._balance:variance is 0.005099701076082318
INFO:cooler._balance:variance is 0.0025661408244169754
INFO:cooler._balance:variance is 0.0012912469085153112
INFO:cooler._balance:variance is 0.0006497484035285681
INFO:cooler._balance:variance is 0.00032694679675227673
INFO:cooler._balance:variance is 0.00016451779839588395
INFO:cooler._balance:variance is 8.278400982049346e-05
INFO:cooler._balance:variance is 4.1656439658653914e-05
INFO:cooler._balance:variance is 2.0961224655708853e-05
INFO:cooler._balance:variance is 1.054756670648365e-05
INFO:cooler._balance:variance is 5.3074668871206525e-06
INFO:cooler._balance:chr18
INFO:cooler._balance:variance is 7321.289264533283
INFO:cooler._balance:variance is 421.3099228912835
INFO:cooler._balance:variance is 98.75313826000017
INFO:cooler._balance:variance is 28.190883433872287
INFO:cooler._balance:variance is 7.978762266276655
INFO:cooler._balance:variance is 2.3458035137629625
INFO:cooler._balance:variance is 0.6864417164960769
INFO:cooler._balance:variance is 0.20333923055998612
INFO:cooler._balance:variance is 0.06017072012221923
INFO:cooler._balance:variance is 0.017880320971321848
INFO:cooler._balance:variance is 0.005313528786759366
INFO:cooler._balance:variance is 0.0015814858155738716
INFO:cooler._balance:variance is 0.00047080934106348695
INFO:cooler._balance:variance is 0.00014024775208181734
INFO:cooler._balance:variance is 4.1785667508645736e-05
INFO:cooler._balance:variance is 1.2453111746844462e-05
INFO:cooler._balance:variance is 3.711769791279322e-06
INFO:cooler._balance:chr20
INFO:cooler._balance:variance is 7876.53798332814
INFO:cooler._balance:variance is 312.0492794328243
INFO:cooler._balance:variance is 104.21631702454742
INFO:cooler._balance:variance is 46.204669306561144
INFO:cooler._balance:variance is 21.95522866038614
INFO:cooler._balance:variance is 11.046600510288302
INFO:cooler._balance:variance is 5.636799975561688
INFO:cooler._balance:variance is 2.940385255943574
INFO:cooler._balance:variance is 1.5462492248627548
INFO:cooler._balance:variance is 0.819406389841616
INFO:cooler._balance:variance is 0.4366200944928352
INFO:cooler._balance:variance is 0.23314678422595195
INFO:cooler._balance:variance is 0.12492736248303894
INFO:cooler._balance:variance is 0.06695715771883906
INFO:cooler._balance:variance is 0.03596017569625671
INFO:cooler._balance:variance is 0.019308464544262143
INFO:cooler._balance:variance is 0.010379442877620207
INFO:cooler._balance:variance is 0.005578060714321032
INFO:cooler._balance:variance is 0.0029996334766211365
INFO:cooler._balance:variance is 0.0016127409149774244
INFO:cooler._balance:variance is 0.0008673826150371692
INFO:cooler._balance:variance is 0.0004664434248445561
INFO:cooler._balance:variance is 0.0002508810015183505
INFO:cooler._balance:variance is 0.0001349277710089747
INFO:cooler._balance:variance is 7.257349233046888e-05
INFO:cooler._balance:variance is 3.9033193178769866e-05
INFO:cooler._balance:variance is 2.099486787175714e-05
INFO:cooler._balance:variance is 1.1292248740829574e-05
INFO:cooler._balance:variance is 6.073793032288957e-06
INFO:cooler._balance:chrY
INFO:cooler._balance:chr19
INFO:cooler._balance:variance is 8205.859665158434
INFO:cooler._balance:variance is 2913.1993010953597
INFO:cooler._balance:variance is 874.3966499405108
INFO:cooler._balance:variance is 569.1075136893746
INFO:cooler._balance:variance is 227.04209395560756
INFO:cooler._balance:variance is 128.30332975467866
INFO:cooler._balance:variance is 58.45054855369088
INFO:cooler._balance:variance is 31.138483361043754
INFO:cooler._balance:variance is 15.09372678801518
INFO:cooler._balance:variance is 7.8539496088921155
INFO:cooler._balance:variance is 3.919027825269226
INFO:cooler._balance:variance is 2.020432504701477
INFO:cooler._balance:variance is 1.02209985375497
INFO:cooler._balance:variance is 0.5250334677632904
INFO:cooler._balance:variance is 0.26736521703144406
INFO:cooler._balance:variance is 0.13714909323642466
INFO:cooler._balance:variance is 0.07006752348470346
INFO:cooler._balance:variance is 0.03592341203540048
INFO:cooler._balance:variance is 0.018382377497334217
INFO:cooler._balance:variance is 0.009422832469217554
INFO:cooler._balance:variance is 0.004825689185277766
INFO:cooler._balance:variance is 0.0024735071106320953
INFO:cooler._balance:variance is 0.0012672779907182776
INFO:cooler._balance:variance is 0.0006495602663341588
INFO:cooler._balance:variance is 0.0003328676017333851
INFO:cooler._balance:variance is 0.0001706157755264895
INFO:cooler._balance:variance is 8.744194565784238e-05
INFO:cooler._balance:variance is 4.481971799114527e-05
INFO:cooler._balance:variance is 2.2971806788602686e-05
INFO:cooler._balance:variance is 1.177459837531314e-05
INFO:cooler._balance:variance is 6.035114269121913e-06
INFO:cooler._balance:chr22
INFO:cooler._balance:variance is 6070.201616439023
INFO:cooler._balance:variance is 1180.303549244183
INFO:cooler._balance:variance is 318.1103611470991
INFO:cooler._balance:variance is 144.04622214749418
INFO:cooler._balance:variance is 66.66103218215964
INFO:cooler._balance:variance is 31.862899555671493
INFO:cooler._balance:variance is 16.6575298533052
INFO:cooler._balance:variance is 8.36508599771083
INFO:cooler._balance:variance is 4.465818147361885
INFO:cooler._balance:variance is 2.3012373184989863
INFO:cooler._balance:variance is 1.2279510728196112
INFO:cooler._balance:variance is 0.6407569315431623
INFO:cooler._balance:variance is 0.3407729179551597
INFO:cooler._balance:variance is 0.17892542722047422
INFO:cooler._balance:variance is 0.09490913634812037
INFO:cooler._balance:variance is 0.0499893590960742
INFO:cooler._balance:variance is 0.026473145551471955
INFO:cooler._balance:variance is 0.013966101921389711
INFO:cooler._balance:variance is 0.007389180838619234
INFO:cooler._balance:variance is 0.003901478567998973
INFO:cooler._balance:variance is 0.0020631219644332123
INFO:cooler._balance:variance is 0.0010898015524765262
INFO:cooler._balance:variance is 0.0005761300742824437
INFO:cooler._balance:variance is 0.0003043983976518314
INFO:cooler._balance:variance is 0.00016089759061304647
INFO:cooler._balance:variance is 8.502046581134557e-05
INFO:cooler._balance:variance is 4.493610104639109e-05
INFO:cooler._balance:variance is 2.3746342638875615e-05
INFO:cooler._balance:variance is 1.2550176736037973e-05
INFO:cooler._balance:variance is 6.632322058990093e-06
INFO:cooler._balance:chr21
INFO:cooler._balance:variance is 5427.34529835532
INFO:cooler._balance:variance is 648.7052141421276
INFO:cooler._balance:variance is 170.08785171054885
INFO:cooler._balance:variance is 57.89594379575347
INFO:cooler._balance:variance is 21.635276983455306
INFO:cooler._balance:variance is 8.975564960601693
INFO:cooler._balance:variance is 3.9497515086157042
INFO:cooler._balance:variance is 1.843107536502634
INFO:cooler._balance:variance is 0.8787597355524508
INFO:cooler._balance:variance is 0.43147424884808244
INFO:cooler._balance:variance is 0.21322347542851375
INFO:cooler._balance:variance is 0.10700161328900025
INFO:cooler._balance:variance is 0.05390258751864953
INFO:cooler._balance:variance is 0.027448730315724784
INFO:cooler._balance:variance is 0.014065608308811494
INFO:cooler._balance:variance is 0.007292219888390702
INFO:cooler._balance:variance is 0.003823627417212806
INFO:cooler._balance:variance is 0.0020371778863924822
INFO:cooler._balance:variance is 0.0011049958539190857
INFO:cooler._balance:variance is 0.0006125944324707459
INFO:cooler._balance:variance is 0.00034786291677397206
INFO:cooler._balance:variance is 0.00020275285891571695
INFO:cooler._balance:variance is 0.00012133684364351937
INFO:cooler._balance:variance is 7.450298654065834e-05
INFO:cooler._balance:variance is 4.6837271566050245e-05
INFO:cooler._balance:variance is 3.0062896714963816e-05
INFO:cooler._balance:variance is 1.9636049599912037e-05
INFO:cooler._balance:variance is 1.3009915292706767e-05
INFO:cooler._balance:variance is 8.717207331023494e-06
INFO:cooler._balance:chrM
