INFO:cooler.cli.balance:Balancing "analysis_other/porec/T2T16.hp1/cooler/T2T16.hp1_1000_balanced.cool"
INFO:cooler._balance:chr1
INFO:cooler._balance:variance is 209994.41717764488
INFO:cooler._balance:variance is 1140.05940968243
INFO:cooler._balance:variance is 335.1080596757385
INFO:cooler._balance:variance is 161.1121750706151
INFO:cooler._balance:variance is 72.84087309155404
INFO:cooler._balance:variance is 37.2466289814925
INFO:cooler._balance:variance is 18.39683624613461
INFO:cooler._balance:variance is 9.527069873656885
INFO:cooler._balance:variance is 4.834027172675904
INFO:cooler._balance:variance is 2.5058053766264976
INFO:cooler._balance:variance is 1.2838667661210426
INFO:cooler._balance:variance is 0.6646749801589784
INFO:cooler._balance:variance is 0.3419114761710711
INFO:cooler._balance:variance is 0.1768012465491247
INFO:cooler._balance:variance is 0.09110972501549335
INFO:cooler._balance:variance is 0.047075894542947805
INFO:cooler._balance:variance is 0.024279799607509076
INFO:cooler._balance:variance is 0.012539591324895245
INFO:cooler._balance:variance is 0.006470084721490236
INFO:cooler._balance:variance is 0.0033407263915911367
INFO:cooler._balance:variance is 0.001724081083505826
INFO:cooler._balance:variance is 0.000890084557596165
INFO:cooler._balance:variance is 0.0004594029504296345
INFO:cooler._balance:variance is 0.00023715765448042406
INFO:cooler._balance:variance is 0.00012241172454686996
INFO:cooler._balance:variance is 6.319032602832541e-05
INFO:cooler._balance:variance is 3.261733263977483e-05
INFO:cooler._balance:variance is 1.6837120162824076e-05
INFO:cooler._balance:variance is 8.691041305482347e-06
INFO:cooler._balance:chr2
INFO:cooler._balance:variance is 17230.62130019636
INFO:cooler._balance:variance is 764.5055373254133
INFO:cooler._balance:variance is 186.87690991499687
INFO:cooler._balance:variance is 65.80559319588542
INFO:cooler._balance:variance is 21.1621028255474
INFO:cooler._balance:variance is 7.3771595751956225
INFO:cooler._balance:variance is 2.5035439151935726
INFO:cooler._balance:variance is 0.8760091095695778
INFO:cooler._balance:variance is 0.3058810727048349
INFO:cooler._balance:variance is 0.1085563621943785
INFO:cooler._balance:variance is 0.03877797180589869
INFO:cooler._balance:variance is 0.014021011844084257
INFO:cooler._balance:variance is 0.005116392794667848
INFO:cooler._balance:variance is 0.0018868660516728718
INFO:cooler._balance:variance is 0.0007024293166032589
INFO:cooler._balance:variance is 0.0002639408899117715
INFO:cooler._balance:variance is 0.00010001945984552841
INFO:cooler._balance:variance is 3.820000275840997e-05
INFO:cooler._balance:variance is 1.469219423493435e-05
INFO:cooler._balance:variance is 5.686188957989798e-06
INFO:cooler._balance:chr3
INFO:cooler._balance:variance is 14670.364573924628
INFO:cooler._balance:variance is 1385.401576932322
INFO:cooler._balance:variance is 342.9716866527398
INFO:cooler._balance:variance is 188.85981322098647
INFO:cooler._balance:variance is 64.93855595520294
INFO:cooler._balance:variance is 30.980232127357077
INFO:cooler._balance:variance is 12.031618219432957
INFO:cooler._balance:variance is 5.382794918905448
INFO:cooler._balance:variance is 2.208662482270459
INFO:cooler._balance:variance is 0.9633876712197944
INFO:cooler._balance:variance is 0.40561167269171017
INFO:cooler._balance:variance is 0.1753987064326102
INFO:cooler._balance:variance is 0.07479973589961209
INFO:cooler._balance:variance is 0.03228443169043345
INFO:cooler._balance:variance is 0.013863729292812559
INFO:cooler._balance:variance is 0.005987340034406708
INFO:cooler._balance:variance is 0.002581774370136701
INFO:cooler._balance:variance is 0.0011164957333919283
INFO:cooler._balance:variance is 0.0004827390966751645
INFO:cooler._balance:variance is 0.00020905761804969057
INFO:cooler._balance:variance is 9.056003421795608e-05
INFO:cooler._balance:variance is 3.926750776255068e-05
INFO:cooler._balance:variance is 1.703319485229388e-05
INFO:cooler._balance:variance is 7.393335580232826e-06
INFO:cooler._balance:chr4
INFO:cooler._balance:variance is 13208.684799612103
INFO:cooler._balance:variance is 1006.4608840446839
INFO:cooler._balance:variance is 256.8803747981191
INFO:cooler._balance:variance is 155.63843325964064
INFO:cooler._balance:variance is 56.02709163843981
INFO:cooler._balance:variance is 30.380694468175946
INFO:cooler._balance:variance is 12.640547920589276
INFO:cooler._balance:variance is 6.390772220617639
INFO:cooler._balance:variance is 2.852015127802006
INFO:cooler._balance:variance is 1.3928412631771865
INFO:cooler._balance:variance is 0.6423653399480687
INFO:cooler._balance:variance is 0.308770573445344
INFO:cooler._balance:variance is 0.1446049164888362
INFO:cooler._balance:variance is 0.06902350749239879
INFO:cooler._balance:variance is 0.03256020379803331
INFO:cooler._balance:variance is 0.015495493880948282
INFO:cooler._balance:variance is 0.007335103747487879
INFO:cooler._balance:variance is 0.0034865589287500325
INFO:cooler._balance:variance is 0.0016532677140434953
INFO:cooler._balance:variance is 0.000785481840184599
INFO:cooler._balance:variance is 0.0003727877188870029
INFO:cooler._balance:variance is 0.0001770896887979105
INFO:cooler._balance:variance is 8.408498644788226e-05
INFO:cooler._balance:variance is 3.994309931810046e-05
INFO:cooler._balance:variance is 1.897037757793475e-05
INFO:cooler._balance:variance is 9.011741178059278e-06
INFO:cooler._balance:chr5
INFO:cooler._balance:variance is 11804.626541612142
INFO:cooler._balance:variance is 611.3547218613074
INFO:cooler._balance:variance is 130.14963968192234
INFO:cooler._balance:variance is 40.93480002545414
INFO:cooler._balance:variance is 11.365369736534694
INFO:cooler._balance:variance is 3.4778219172791576
INFO:cooler._balance:variance is 1.0236061878313163
INFO:cooler._balance:variance is 0.31188029788119814
INFO:cooler._balance:variance is 0.09430036854560135
INFO:cooler._balance:variance is 0.028950133342606005
INFO:cooler._balance:variance is 0.008908280299009225
INFO:cooler._balance:variance is 0.0027673999313190386
INFO:cooler._balance:variance is 0.0008647374990493563
INFO:cooler._balance:variance is 0.00027248554889861546
INFO:cooler._balance:variance is 8.652642392971656e-05
INFO:cooler._balance:variance is 2.7724200914894254e-05
INFO:cooler._balance:variance is 8.966325405928918e-06
INFO:cooler._balance:chr6
INFO:cooler._balance:variance is 11759.723635133492
INFO:cooler._balance:variance is 1419.6380424645304
INFO:cooler._balance:variance is 522.7920041440099
INFO:cooler._balance:variance is 376.06954674009086
INFO:cooler._balance:variance is 167.94262917700624
INFO:cooler._balance:variance is 111.14794230628146
INFO:cooler._balance:variance is 54.2816149696253
INFO:cooler._balance:variance is 33.68516509837686
INFO:cooler._balance:variance is 17.408819909988416
INFO:cooler._balance:variance is 10.368160843970673
INFO:cooler._balance:variance is 5.546229680982893
INFO:cooler._balance:variance is 3.2217601202647694
INFO:cooler._balance:variance is 1.7588717765167368
INFO:cooler._balance:variance is 1.006769696099444
INFO:cooler._balance:variance is 0.5561605425688139
INFO:cooler._balance:variance is 0.3156318566097894
INFO:cooler._balance:variance is 0.17554553849072269
INFO:cooler._balance:variance is 0.0991372296024511
INFO:cooler._balance:variance is 0.05534991891747757
INFO:cooler._balance:variance is 0.03117075385513796
INFO:cooler._balance:variance is 0.01744107533752525
INFO:cooler._balance:variance is 0.009806478821674736
INFO:cooler._balance:variance is 0.005493796211606631
INFO:cooler._balance:variance is 0.0030861837780758465
INFO:cooler._balance:variance is 0.001730141272262665
INFO:cooler._balance:variance is 0.00097142737558159
INFO:cooler._balance:variance is 0.0005448023402637553
INFO:cooler._balance:variance is 0.0003058042315795536
INFO:cooler._balance:variance is 0.0001715406129994771
INFO:cooler._balance:variance is 9.627234302536132e-05
INFO:cooler._balance:variance is 5.401050664603833e-05
INFO:cooler._balance:variance is 3.0309131580013433e-05
INFO:cooler._balance:variance is 1.7005134922888357e-05
INFO:cooler._balance:variance is 9.54230309627724e-06
INFO:cooler._balance:chr7
INFO:cooler._balance:variance is 12232.646275011832
INFO:cooler._balance:variance is 710.326971694457
INFO:cooler._balance:variance is 179.72845660559696
INFO:cooler._balance:variance is 70.66726080903764
INFO:cooler._balance:variance is 23.97886760556274
INFO:cooler._balance:variance is 9.229047203712806
INFO:cooler._balance:variance is 3.3288098143932476
INFO:cooler._balance:variance is 1.2594567882372891
INFO:cooler._balance:variance is 0.46455717836826893
INFO:cooler._balance:variance is 0.17453655308648405
INFO:cooler._balance:variance is 0.06494410829623307
INFO:cooler._balance:variance is 0.024337902626184318
INFO:cooler._balance:variance is 0.009088206190467947
INFO:cooler._balance:variance is 0.0034031840650595546
INFO:cooler._balance:variance is 0.0012727680218613156
INFO:cooler._balance:variance is 0.00047654927719610363
INFO:cooler._balance:variance is 0.00017836049086873915
INFO:cooler._balance:variance is 6.678968352014772e-05
INFO:cooler._balance:variance is 2.500863043220779e-05
INFO:cooler._balance:variance is 9.366634151085335e-06
INFO:cooler._balance:chrX
INFO:cooler._balance:variance is 11992.291247242812
INFO:cooler._balance:variance is 245.5623898929614
INFO:cooler._balance:variance is 30.696871403365343
INFO:cooler._balance:variance is 6.031533943290776
INFO:cooler._balance:variance is 1.2669715611739891
INFO:cooler._balance:variance is 0.29656804340505183
INFO:cooler._balance:variance is 0.07556865399561567
INFO:cooler._balance:variance is 0.021002139678724947
INFO:cooler._balance:variance is 0.006242201325633212
INFO:cooler._balance:variance is 0.0019486328061941438
INFO:cooler._balance:variance is 0.0006282865073340833
INFO:cooler._balance:variance is 0.0002066858357786178
INFO:cooler._balance:variance is 6.883059972812194e-05
INFO:cooler._balance:variance is 2.3087266524353746e-05
INFO:cooler._balance:variance is 7.77729699573963e-06
INFO:cooler._balance:chr9
INFO:cooler._balance:variance is 6590.720887976148
INFO:cooler._balance:variance is 534.5617029192316
INFO:cooler._balance:variance is 155.41665828159913
INFO:cooler._balance:variance is 80.97027080365937
INFO:cooler._balance:variance is 38.86393058675408
INFO:cooler._balance:variance is 24.07848154204475
INFO:cooler._balance:variance is 13.10720190189713
INFO:cooler._balance:variance is 8.394111331819952
INFO:cooler._balance:variance is 4.886233918795345
INFO:cooler._balance:variance is 3.150935170422218
INFO:cooler._balance:variance is 1.9077031576475987
INFO:cooler._balance:variance is 1.2298243301697365
INFO:cooler._balance:variance is 0.7614262027985658
INFO:cooler._balance:variance is 0.48974873585408313
INFO:cooler._balance:variance is 0.30703651251217906
INFO:cooler._balance:variance is 0.197012432975045
INFO:cooler._balance:variance is 0.12438102662928448
INFO:cooler._balance:variance is 0.07965326015721945
INFO:cooler._balance:variance is 0.05048844165195867
INFO:cooler._balance:variance is 0.03228558362172223
INFO:cooler._balance:variance is 0.02051139733317653
INFO:cooler._balance:variance is 0.013102892934773918
INFO:cooler._balance:variance is 0.008335678790543576
INFO:cooler._balance:variance is 0.005321203216419963
INFO:cooler._balance:variance is 0.0033879330003348906
INFO:cooler._balance:variance is 0.002161728652071086
INFO:cooler._balance:variance is 0.0013770167274727609
INFO:cooler._balance:variance is 0.0008783589762432612
INFO:cooler._balance:variance is 0.0005596813991204238
INFO:cooler._balance:variance is 0.00035693279175076376
INFO:cooler._balance:variance is 0.00022747638341694595
INFO:cooler._balance:variance is 0.00014505251107488665
INFO:cooler._balance:variance is 9.245399648102881e-05
INFO:cooler._balance:variance is 5.894921589192259e-05
INFO:cooler._balance:variance is 3.7575970260233165e-05
INFO:cooler._balance:variance is 2.3957361551301645e-05
INFO:cooler._balance:variance is 1.527183251409315e-05
INFO:cooler._balance:variance is 9.736543436052695e-06
INFO:cooler._balance:chr8
INFO:cooler._balance:variance is 8167.274599859586
INFO:cooler._balance:variance is 698.8538555429627
INFO:cooler._balance:variance is 157.03681186742182
INFO:cooler._balance:variance is 112.19588421131161
INFO:cooler._balance:variance is 36.70986107814112
INFO:cooler._balance:variance is 23.459782666007037
INFO:cooler._balance:variance is 9.319527036604946
INFO:cooler._balance:variance is 5.359648989655066
INFO:cooler._balance:variance is 2.3783075251001757
INFO:cooler._balance:variance is 1.2812793515444156
INFO:cooler._balance:variance is 0.6029559322794888
INFO:cooler._balance:variance is 0.31333806438719536
INFO:cooler._balance:variance is 0.15196379554394393
INFO:cooler._balance:variance is 0.07748979666714224
INFO:cooler._balance:variance is 0.038157672206961785
INFO:cooler._balance:variance is 0.019269219906980623
INFO:cooler._balance:variance is 0.009561346754247664
INFO:cooler._balance:variance is 0.004804626171354733
INFO:cooler._balance:variance is 0.0023931793254588006
INFO:cooler._balance:variance is 0.0011996005739553358
INFO:cooler._balance:variance is 0.0005986637509691314
INFO:cooler._balance:variance is 0.0002997111015379761
INFO:cooler._balance:variance is 0.0001497147604270904
INFO:cooler._balance:variance is 7.490544259503028e-05
INFO:cooler._balance:variance is 3.7435450899861864e-05
INFO:cooler._balance:variance is 1.8723900175343385e-05
INFO:cooler._balance:variance is 9.359875960288755e-06
INFO:cooler._balance:chr11
INFO:cooler._balance:variance is 9379.092532256554
INFO:cooler._balance:variance is 1558.8361027219362
INFO:cooler._balance:variance is 558.5210741847417
INFO:cooler._balance:variance is 442.2582697337598
INFO:cooler._balance:variance is 195.50407280999985
INFO:cooler._balance:variance is 136.83653940623728
INFO:cooler._balance:variance is 67.05835710612918
INFO:cooler._balance:variance is 43.234694087860184
INFO:cooler._balance:variance is 22.572743409865726
INFO:cooler._balance:variance is 13.849092135570336
INFO:cooler._balance:variance is 7.510827429194285
INFO:cooler._balance:variance is 4.474891540887466
INFO:cooler._balance:variance is 2.4819525853018587
INFO:cooler._balance:variance is 1.4535732511877655
INFO:cooler._balance:variance is 0.8168324615115445
INFO:cooler._balance:variance is 0.4736432088396495
INFO:cooler._balance:variance is 0.2681886722555037
INFO:cooler._balance:variance is 0.15461818722783333
INFO:cooler._balance:variance is 0.0879323132482047
INFO:cooler._balance:variance is 0.05052780353251713
INFO:cooler._balance:variance is 0.028807797202716052
INFO:cooler._balance:variance is 0.01652211973409425
INFO:cooler._balance:variance is 0.009433479704009543
INFO:cooler._balance:variance is 0.005404477168866181
INFO:cooler._balance:variance is 0.0030882964170263188
INFO:cooler._balance:variance is 0.0017681907931520362
INFO:cooler._balance:variance is 0.0010108812207205383
INFO:cooler._balance:variance is 0.0005785683956794606
INFO:cooler._balance:variance is 0.00033085940678387956
INFO:cooler._balance:variance is 0.00018932545056186698
INFO:cooler._balance:variance is 0.00010828422419709193
INFO:cooler._balance:variance is 6.195547971100094e-05
INFO:cooler._balance:variance is 3.543843133330575e-05
INFO:cooler._balance:variance is 2.027495280238947e-05
INFO:cooler._balance:variance is 1.1597828697639784e-05
INFO:cooler._balance:variance is 6.63506771718604e-06
INFO:cooler._balance:chr10
INFO:cooler._balance:variance is 10276.457513995625
INFO:cooler._balance:variance is 452.237548428873
INFO:cooler._balance:variance is 113.22830867899742
INFO:cooler._balance:variance is 39.406328032768975
INFO:cooler._balance:variance is 13.150598122592553
INFO:cooler._balance:variance is 4.673634140343238
INFO:cooler._balance:variance is 1.629066042322894
INFO:cooler._balance:variance is 0.5802498640801504
INFO:cooler._balance:variance is 0.2055753119933226
INFO:cooler._balance:variance is 0.0734795882470639
INFO:cooler._balance:variance is 0.026260056901235805
INFO:cooler._balance:variance is 0.009429527218203337
INFO:cooler._balance:variance is 0.003391891220121134
INFO:cooler._balance:variance is 0.0012243768163187163
INFO:cooler._balance:variance is 0.00044307813831184593
INFO:cooler._balance:variance is 0.00016085311595310614
INFO:cooler._balance:variance is 5.856397178620579e-05
INFO:cooler._balance:variance is 2.1389681300824975e-05
INFO:cooler._balance:variance is 7.836357310275805e-06
INFO:cooler._balance:chr12
INFO:cooler._balance:variance is 8046.560822755236
INFO:cooler._balance:variance is 702.232501410953
INFO:cooler._balance:variance is 235.4687230907191
INFO:cooler._balance:variance is 121.9866298427251
INFO:cooler._balance:variance is 51.45242638729638
INFO:cooler._balance:variance is 25.599816251886274
INFO:cooler._balance:variance is 11.488836149356775
INFO:cooler._balance:variance is 5.584956825991786
INFO:cooler._balance:variance is 2.5800004598384514
INFO:cooler._balance:variance is 1.2394809671969054
INFO:cooler._balance:variance is 0.5806890458531987
INFO:cooler._balance:variance is 0.27731244136572186
INFO:cooler._balance:variance is 0.13081330940313923
INFO:cooler._balance:variance is 0.06228421376370982
INFO:cooler._balance:variance is 0.029478687973326555
INFO:cooler._balance:variance is 0.014014940690171267
INFO:cooler._balance:variance is 0.006643868605476832
INFO:cooler._balance:variance is 0.0031563818896631532
INFO:cooler._balance:variance is 0.0014974619618259425
INFO:cooler._balance:variance is 0.0007111671037715312
INFO:cooler._balance:variance is 0.0003375197131045331
INFO:cooler._balance:variance is 0.00016026599992767604
INFO:cooler._balance:variance is 7.60756929093062e-05
INFO:cooler._balance:variance is 3.612042376452241e-05
INFO:cooler._balance:variance is 1.714723457180507e-05
INFO:cooler._balance:variance is 8.141118953727348e-06
INFO:cooler._balance:chr13
INFO:cooler._balance:variance is 6106.621842731662
INFO:cooler._balance:variance is 337.73191224607183
INFO:cooler._balance:variance is 67.43686051462029
INFO:cooler._balance:variance is 33.17338481043306
INFO:cooler._balance:variance is 10.59366032735594
INFO:cooler._balance:variance is 4.892217451312599
INFO:cooler._balance:variance is 1.7968602192971752
INFO:cooler._balance:variance is 0.7805992008615225
INFO:cooler._balance:variance is 0.3053475321286522
INFO:cooler._balance:variance is 0.1287061556311357
INFO:cooler._balance:variance is 0.05183213240142924
INFO:cooler._balance:variance is 0.021571166745340823
INFO:cooler._balance:variance is 0.008807718982621204
INFO:cooler._balance:variance is 0.0036489421618259126
INFO:cooler._balance:variance is 0.0015002525814014507
INFO:cooler._balance:variance is 0.0006209076045249865
INFO:cooler._balance:variance is 0.00025625917316452883
INFO:cooler._balance:variance is 0.00010609704101134967
INFO:cooler._balance:variance is 4.389088478329697e-05
INFO:cooler._balance:variance is 1.8186974000588796e-05
INFO:cooler._balance:variance is 7.5357861098908265e-06
INFO:cooler._balance:chr14
INFO:cooler._balance:variance is 5320.2373911387685
INFO:cooler._balance:variance is 472.85985631624834
INFO:cooler._balance:variance is 104.63860224664715
INFO:cooler._balance:variance is 38.367961769958484
INFO:cooler._balance:variance is 13.289111236808811
INFO:cooler._balance:variance is 5.524403198962441
INFO:cooler._balance:variance is 2.2845887545170585
INFO:cooler._balance:variance is 1.0276586932530245
INFO:cooler._balance:variance is 0.4661021080639572
INFO:cooler._balance:variance is 0.219632321309968
INFO:cooler._balance:variance is 0.10437476272555082
INFO:cooler._balance:variance is 0.05049176095646783
INFO:cooler._balance:variance is 0.02456368609010561
INFO:cooler._balance:variance is 0.012052913098253255
INFO:cooler._balance:variance is 0.005933220036461269
INFO:cooler._balance:variance is 0.0029331251184163518
INFO:cooler._balance:variance is 0.0014525241153595478
INFO:cooler._balance:variance is 0.0007208427097330242
INFO:cooler._balance:variance is 0.00035805715854694234
INFO:cooler._balance:variance is 0.0001780461029397286
INFO:cooler._balance:variance is 8.857635948058466e-05
INFO:cooler._balance:variance is 4.409017073173606e-05
INFO:cooler._balance:variance is 2.195191057822584e-05
INFO:cooler._balance:variance is 1.0932637235920122e-05
INFO:cooler._balance:variance is 5.445440192658397e-06
INFO:cooler._balance:chr15
INFO:cooler._balance:variance is 4872.010462491867
INFO:cooler._balance:variance is 191.72751914984426
INFO:cooler._balance:variance is 31.25625202952862
INFO:cooler._balance:variance is 8.444933886657612
INFO:cooler._balance:variance is 2.4797217362891684
INFO:cooler._balance:variance is 0.8234555316172222
INFO:cooler._balance:variance is 0.291840132115065
INFO:cooler._balance:variance is 0.11087577754952427
INFO:cooler._balance:variance is 0.04420420186234575
INFO:cooler._balance:variance is 0.018336343155607417
INFO:cooler._balance:variance is 0.007821391423483096
INFO:cooler._balance:variance is 0.0034033683787999154
INFO:cooler._balance:variance is 0.0015016609978775494
INFO:cooler._balance:variance is 0.0006687113839064516
INFO:cooler._balance:variance is 0.00029971732175131013
INFO:cooler._balance:variance is 0.0001348887761029692
INFO:cooler._balance:variance is 6.088506784493579e-05
INFO:cooler._balance:variance is 2.7532149731998386e-05
INFO:cooler._balance:variance is 1.246639945963733e-05
INFO:cooler._balance:variance is 5.64930410608015e-06
INFO:cooler._balance:chr16
INFO:cooler._balance:variance is 80351.49968218704
INFO:cooler._balance:variance is 346.44245674566486
INFO:cooler._balance:variance is 116.42586331868695
INFO:cooler._balance:variance is 76.79854644733426
INFO:cooler._balance:variance is 39.570123545134074
INFO:cooler._balance:variance is 26.23930347340286
INFO:cooler._balance:variance is 14.608512737157989
INFO:cooler._balance:variance is 9.411784413151493
INFO:cooler._balance:variance is 5.435309862282023
INFO:cooler._balance:variance is 3.430617964571903
INFO:cooler._balance:variance is 2.022639782491047
INFO:cooler._balance:variance is 1.2596116198669085
INFO:cooler._balance:variance is 0.7519130300950208
INFO:cooler._balance:variance is 0.4642558719673086
INFO:cooler._balance:variance is 0.27923567127029375
INFO:cooler._balance:variance is 0.1714772603743227
INFO:cooler._balance:variance is 0.10361677409185215
INFO:cooler._balance:variance is 0.06341513768478416
INFO:cooler._balance:variance is 0.038427958751831276
INFO:cooler._balance:variance is 0.02346903512028027
INFO:cooler._balance:variance is 0.014246310057640762
INFO:cooler._balance:variance is 0.00868930169686929
INFO:cooler._balance:variance is 0.0052802174927486885
INFO:cooler._balance:variance is 0.0032180013988383316
INFO:cooler._balance:variance is 0.0019567424456178946
INFO:cooler._balance:variance is 0.0011919401356750641
INFO:cooler._balance:variance is 0.0007250581930934539
INFO:cooler._balance:variance is 0.0004415326210881952
INFO:cooler._balance:variance is 0.00026864909236321916
INFO:cooler._balance:variance is 0.00016356685234805127
INFO:cooler._balance:variance is 9.953625731723267e-05
INFO:cooler._balance:variance is 6.059577655358782e-05
INFO:cooler._balance:variance is 3.687796769197176e-05
INFO:cooler._balance:variance is 2.244906231089767e-05
INFO:cooler._balance:variance is 1.3663008310936079e-05
INFO:cooler._balance:variance is 8.316859612098852e-06
INFO:cooler._balance:chr17
INFO:cooler._balance:variance is 3174.5669667507623
INFO:cooler._balance:variance is 247.62246113158517
INFO:cooler._balance:variance is 79.5293677357295
INFO:cooler._balance:variance is 43.90801768470676
INFO:cooler._balance:variance is 21.617005272446452
INFO:cooler._balance:variance is 12.119980589352126
INFO:cooler._balance:variance is 6.403761550275398
INFO:cooler._balance:variance is 3.559863249317634
INFO:cooler._balance:variance is 1.9253830007050319
INFO:cooler._balance:variance is 1.0646468884452287
INFO:cooler._balance:variance is 0.5810642233289571
INFO:cooler._balance:variance is 0.32040927214075754
INFO:cooler._balance:variance is 0.17554638264914663
INFO:cooler._balance:variance is 0.09666135550901517
INFO:cooler._balance:variance is 0.05305133659044382
INFO:cooler._balance:variance is 0.02919017633507351
INFO:cooler._balance:variance is 0.016034001562383805
INFO:cooler._balance:variance is 0.008818904872836058
INFO:cooler._balance:variance is 0.00484618409806428
INFO:cooler._balance:variance is 0.00266491936808045
INFO:cooler._balance:variance is 0.0014647436416045014
INFO:cooler._balance:variance is 0.0008053758301245633
INFO:cooler._balance:variance is 0.0004427152329112669
INFO:cooler._balance:variance is 0.0002434087103333672
INFO:cooler._balance:variance is 0.00013380972209945397
INFO:cooler._balance:variance is 7.356744268140006e-05
INFO:cooler._balance:variance is 4.0443711229230165e-05
INFO:cooler._balance:variance is 2.223522824671091e-05
INFO:cooler._balance:variance is 1.2224029496106887e-05
INFO:cooler._balance:variance is 6.7204902932525985e-06
INFO:cooler._balance:chr18
INFO:cooler._balance:variance is 6303.788389230624
INFO:cooler._balance:variance is 267.5013360545518
INFO:cooler._balance:variance is 57.52418134792419
INFO:cooler._balance:variance is 17.225671007720067
INFO:cooler._balance:variance is 5.067808027337324
INFO:cooler._balance:variance is 1.5755914239146076
INFO:cooler._balance:variance is 0.48615381231860416
INFO:cooler._balance:variance is 0.15283725198471593
INFO:cooler._balance:variance is 0.04799820051927281
INFO:cooler._balance:variance is 0.015177211333024172
INFO:cooler._balance:variance is 0.004801035322670779
INFO:cooler._balance:variance is 0.0015227562042690905
INFO:cooler._balance:variance is 0.00048321879819682775
INFO:cooler._balance:variance is 0.00015350866624338905
INFO:cooler._balance:variance is 4.878357752223729e-05
INFO:cooler._balance:variance is 1.5510409949314067e-05
INFO:cooler._balance:variance is 4.932465417223264e-06
INFO:cooler._balance:chr20
INFO:cooler._balance:variance is 7899.474573640845
INFO:cooler._balance:variance is 150.61949614261445
INFO:cooler._balance:variance is 35.03856041442467
INFO:cooler._balance:variance is 14.562046703415453
INFO:cooler._balance:variance is 6.153541900160443
INFO:cooler._balance:variance is 3.071778568973725
INFO:cooler._balance:variance is 1.5025680126554528
INFO:cooler._balance:variance is 0.7965145352507926
INFO:cooler._balance:variance is 0.41854489718759724
INFO:cooler._balance:variance is 0.22839860791649838
INFO:cooler._balance:variance is 0.1241692727401866
INFO:cooler._balance:variance is 0.06867410857253171
INFO:cooler._balance:variance is 0.03790550765668151
INFO:cooler._balance:variance is 0.02108599644875911
INFO:cooler._balance:variance is 0.011715445603476505
INFO:cooler._balance:variance is 0.006532585081222697
INFO:cooler._balance:variance is 0.0036398448434249195
INFO:cooler._balance:variance is 0.002031519637814308
INFO:cooler._balance:variance is 0.001133330649894631
INFO:cooler._balance:variance is 0.000632780937604653
INFO:cooler._balance:variance is 0.00035320554469901434
INFO:cooler._balance:variance is 0.00019723435575834362
INFO:cooler._balance:variance is 0.0001101196022887148
INFO:cooler._balance:variance is 6.149495289082346e-05
INFO:cooler._balance:variance is 3.433772177353345e-05
INFO:cooler._balance:variance is 1.9175732920748054e-05
INFO:cooler._balance:variance is 1.0707981243387414e-05
INFO:cooler._balance:variance is 5.97983181432065e-06
INFO:cooler._balance:chrY
INFO:cooler._balance:chr19
INFO:cooler._balance:variance is 5715.5148144758205
INFO:cooler._balance:variance is 340.58425307291947
INFO:cooler._balance:variance is 98.43576929223129
INFO:cooler._balance:variance is 46.93834904855385
INFO:cooler._balance:variance is 18.864228916832154
INFO:cooler._balance:variance is 9.239072202476232
INFO:cooler._balance:variance is 4.187181762556081
INFO:cooler._balance:variance is 2.0854513226904206
INFO:cooler._balance:variance is 1.0090225289875279
INFO:cooler._balance:variance is 0.5100960546775132
INFO:cooler._balance:variance is 0.2553972573818849
INFO:cooler._balance:variance is 0.1304958773447164
INFO:cooler._balance:variance is 0.06649166611062877
INFO:cooler._balance:variance is 0.034201948057774524
INFO:cooler._balance:variance is 0.017582434902071842
INFO:cooler._balance:variance is 0.009079309346342778
INFO:cooler._balance:variance is 0.004688508830597952
INFO:cooler._balance:variance is 0.002426339297431964
INFO:cooler._balance:variance is 0.0012558139004734297
INFO:cooler._balance:variance is 0.000650661629517183
INFO:cooler._balance:variance is 0.0003371587609481156
INFO:cooler._balance:variance is 0.00017479917034759083
INFO:cooler._balance:variance is 9.06311199027539e-05
INFO:cooler._balance:variance is 4.700329192320946e-05
INFO:cooler._balance:variance is 2.437806281646412e-05
INFO:cooler._balance:variance is 1.2645243003556601e-05
INFO:cooler._balance:variance is 6.559437901773302e-06
INFO:cooler._balance:chr22
INFO:cooler._balance:variance is 2751.615286404014
INFO:cooler._balance:variance is 1474.3556264532813
INFO:cooler._balance:variance is 206.06006829905297
INFO:cooler._balance:variance is 234.61678877262156
INFO:cooler._balance:variance is 64.57054608315242
INFO:cooler._balance:variance is 50.484146235718505
INFO:cooler._balance:variance is 19.76133839263237
INFO:cooler._balance:variance is 12.768258798459716
INFO:cooler._balance:variance is 6.004178203014702
INFO:cooler._balance:variance is 3.5679461055371333
INFO:cooler._balance:variance is 1.8457327012576585
INFO:cooler._balance:variance is 1.0630902158010687
INFO:cooler._balance:variance is 0.5784769635484273
INFO:cooler._balance:variance is 0.3305430448663021
INFO:cooler._balance:variance is 0.1849130849128834
INFO:cooler._balance:variance is 0.10577250812998282
INFO:cooler._balance:variance is 0.06010994378420417
INFO:cooler._balance:variance is 0.03451231949043331
INFO:cooler._balance:variance is 0.019796054688824456
INFO:cooler._balance:variance is 0.011410057535889227
INFO:cooler._balance:variance is 0.006581847338415321
INFO:cooler._balance:variance is 0.0038057653100824936
INFO:cooler._balance:variance is 0.002203110301614234
INFO:cooler._balance:variance is 0.0012769266067028055
INFO:cooler._balance:variance is 0.0007408614534927474
INFO:cooler._balance:variance is 0.00043013277366481657
INFO:cooler._balance:variance is 0.00024992160234126064
INFO:cooler._balance:variance is 0.00014527038936487232
INFO:cooler._balance:variance is 8.448675453247698e-05
INFO:cooler._balance:variance is 4.914802964140654e-05
INFO:cooler._balance:variance is 2.8601337457223196e-05
INFO:cooler._balance:variance is 1.6646944214272697e-05
INFO:cooler._balance:variance is 9.691509823249238e-06
INFO:cooler._balance:chr21
INFO:cooler._balance:variance is 2673.4383200368043
INFO:cooler._balance:variance is 235.43400502644457
INFO:cooler._balance:variance is 54.446456893275105
INFO:cooler._balance:variance is 22.127181911196985
INFO:cooler._balance:variance is 9.7059260593449
INFO:cooler._balance:variance is 5.606300183827544
INFO:cooler._balance:variance is 3.3248631760823257
INFO:cooler._balance:variance is 2.246886752874435
INFO:cooler._balance:variance is 1.4841802514430487
INFO:cooler._balance:variance is 1.0465788211960605
INFO:cooler._balance:variance is 0.7145141522845063
INFO:cooler._balance:variance is 0.5077260562697773
INFO:cooler._balance:variance is 0.35083051594775355
INFO:cooler._balance:variance is 0.24911474256868998
INFO:cooler._balance:variance is 0.17313991767394102
INFO:cooler._balance:variance is 0.1226666574276974
INFO:cooler._balance:variance is 0.08555315658999069
INFO:cooler._balance:variance is 0.060485777324470934
INFO:cooler._balance:variance is 0.042282922145124094
INFO:cooler._balance:variance is 0.02984453516559774
INFO:cooler._balance:variance is 0.020896258834431233
INFO:cooler._balance:variance is 0.014731127394360452
INFO:cooler._balance:variance is 0.010325812990133234
INFO:cooler._balance:variance is 0.007272875022400706
INFO:cooler._balance:variance is 0.005101937604812068
INFO:cooler._balance:variance is 0.003591211845428568
INFO:cooler._balance:variance is 0.0025206346010295012
INFO:cooler._balance:variance is 0.0017734521931102158
INFO:cooler._balance:variance is 0.0012452517749291865
INFO:cooler._balance:variance is 0.0008758458636243221
INFO:cooler._balance:variance is 0.0006151544161962597
INFO:cooler._balance:variance is 0.000432569959643994
INFO:cooler._balance:variance is 0.00030387597527945225
INFO:cooler._balance:variance is 0.00021364818344660633
INFO:cooler._balance:variance is 0.00015010596965810513
INFO:cooler._balance:variance is 0.00010552416020573357
INFO:cooler._balance:variance is 7.414672438214046e-05
INFO:cooler._balance:variance is 5.2120847598458714e-05
INFO:cooler._balance:variance is 3.6625247792169015e-05
INFO:cooler._balance:variance is 2.574398824386068e-05
INFO:cooler._balance:variance is 1.8091115273132074e-05
INFO:cooler._balance:variance is 1.2715795641128365e-05
INFO:cooler._balance:variance is 8.936087201545549e-06
INFO:cooler._balance:chrM
