INFO:cooler.cli.balance:Balancing "analysis_other/porec/T2T15.hp1/cooler/T2T15.hp1_10000_balanced.cool"
INFO:cooler._balance:chr1
INFO:cooler._balance:variance is 8259381.7251999965
INFO:cooler._balance:variance is 61373.50309166152
INFO:cooler._balance:variance is 19556.662143564703
INFO:cooler._balance:variance is 8760.979985353712
INFO:cooler._balance:variance is 3716.57935334772
INFO:cooler._balance:variance is 1719.7050873692317
INFO:cooler._balance:variance is 771.7253016381167
INFO:cooler._balance:variance is 357.49331468563963
INFO:cooler._balance:variance is 162.97438105232501
INFO:cooler._balance:variance is 75.2942404722507
INFO:cooler._balance:variance is 34.51268283639201
INFO:cooler._balance:variance is 15.913318152699377
INFO:cooler._balance:variance is 7.309910708240025
INFO:cooler._balance:variance is 3.366854503488753
INFO:cooler._balance:variance is 1.5480092482869754
INFO:cooler._balance:variance is 0.7126118018592899
INFO:cooler._balance:variance is 0.3277769393776466
INFO:cooler._balance:variance is 0.1508505653729491
INFO:cooler._balance:variance is 0.06939878639842378
INFO:cooler._balance:variance is 0.03193511736080134
INFO:cooler._balance:variance is 0.014692973995681173
INFO:cooler._balance:variance is 0.0067608649818729615
INFO:cooler._balance:variance is 0.0031107138361249273
INFO:cooler._balance:variance is 0.0014313356271918897
INFO:cooler._balance:variance is 0.000658577517044055
INFO:cooler._balance:variance is 0.00030302829789225703
INFO:cooler._balance:variance is 0.00013942867724794962
INFO:cooler._balance:variance is 6.415433796479468e-05
INFO:cooler._balance:variance is 2.9518654545443326e-05
INFO:cooler._balance:variance is 1.3582177120569222e-05
INFO:cooler._balance:variance is 6.249433642335173e-06
INFO:cooler._balance:chr2
INFO:cooler._balance:variance is 245119.17334269156
INFO:cooler._balance:variance is 32127.144853152728
INFO:cooler._balance:variance is 7712.251869704481
INFO:cooler._balance:variance is 2276.4308714359017
INFO:cooler._balance:variance is 628.9495752805506
INFO:cooler._balance:variance is 183.70434230279773
INFO:cooler._balance:variance is 52.92788308809232
INFO:cooler._balance:variance is 15.589727911098286
INFO:cooler._balance:variance is 4.608861637254469
INFO:cooler._balance:variance is 1.381702170825668
INFO:cooler._balance:variance is 0.41807570741944056
INFO:cooler._balance:variance is 0.12803263614849858
INFO:cooler._balance:variance is 0.03962901640138448
INFO:cooler._balance:variance is 0.01240210350488836
INFO:cooler._balance:variance is 0.003921073249652018
INFO:cooler._balance:variance is 0.0012517505491687168
INFO:cooler._balance:variance is 0.0004031351996706474
INFO:cooler._balance:variance is 0.00013086956870741995
INFO:cooler._balance:variance is 4.278405864859902e-05
INFO:cooler._balance:variance is 1.407338494744934e-05
INFO:cooler._balance:variance is 4.653947233367285e-06
INFO:cooler._balance:chr3
INFO:cooler._balance:variance is 202426.21809228958
INFO:cooler._balance:variance is 54782.68816288508
INFO:cooler._balance:variance is 12680.361148715607
INFO:cooler._balance:variance is 5700.318707436902
INFO:cooler._balance:variance is 1745.8661637401897
INFO:cooler._balance:variance is 689.5984725776024
INFO:cooler._balance:variance is 235.46135731763758
INFO:cooler._balance:variance is 88.48322712395594
INFO:cooler._balance:variance is 31.55222264135033
INFO:cooler._balance:variance is 11.66243625400649
INFO:cooler._balance:variance is 4.233594298175917
INFO:cooler._balance:variance is 1.5580155167390644
INFO:cooler._balance:variance is 0.5700422238543132
INFO:cooler._balance:variance is 0.2097053293769341
INFO:cooler._balance:variance is 0.0770209142765257
INFO:cooler._balance:variance is 0.028354578620139806
INFO:cooler._balance:variance is 0.010435817921462538
INFO:cooler._balance:variance is 0.003845128953571875
INFO:cooler._balance:variance is 0.0014169452917708134
INFO:cooler._balance:variance is 0.0005224556675769607
INFO:cooler._balance:variance is 0.00019267893166376705
INFO:cooler._balance:variance is 7.108318410255312e-05
INFO:cooler._balance:variance is 2.6228785729239048e-05
INFO:cooler._balance:variance is 9.680143662378359e-06
INFO:cooler._balance:chr4
INFO:cooler._balance:variance is 191721.17318900552
INFO:cooler._balance:variance is 46012.65763186175
INFO:cooler._balance:variance is 10205.384834509105
INFO:cooler._balance:variance is 4486.506232805343
INFO:cooler._balance:variance is 1369.9838834031273
INFO:cooler._balance:variance is 535.2851591129775
INFO:cooler._balance:variance is 183.44964444053392
INFO:cooler._balance:variance is 68.51868045107292
INFO:cooler._balance:variance is 24.482386178285118
INFO:cooler._balance:variance is 9.015006372904514
INFO:cooler._balance:variance is 3.271544628824129
INFO:cooler._balance:variance is 1.2000827774525074
INFO:cooler._balance:variance is 0.4381819692882267
INFO:cooler._balance:variance is 0.16063152495054217
INFO:cooler._balance:variance is 0.05880365574868483
INFO:cooler._balance:variance is 0.021560309864169798
INFO:cooler._balance:variance is 0.007902283909778707
INFO:cooler._balance:variance is 0.002898231093147458
INFO:cooler._balance:variance is 0.00106290517029282
INFO:cooler._balance:variance is 0.00038992722679153844
INFO:cooler._balance:variance is 0.0001430498320552194
INFO:cooler._balance:variance is 5.2487201061877936e-05
INFO:cooler._balance:variance is 1.9259185721513448e-05
INFO:cooler._balance:variance is 7.067325416662264e-06
INFO:cooler._balance:chr5
INFO:cooler._balance:variance is 201840.39244169468
INFO:cooler._balance:variance is 26937.580968118906
INFO:cooler._balance:variance is 5146.9663215434575
INFO:cooler._balance:variance is 1195.1095498361772
INFO:cooler._balance:variance is 263.2864537128059
INFO:cooler._balance:variance is 60.842803739714185
INFO:cooler._balance:variance is 14.030102146047069
INFO:cooler._balance:variance is 3.3035693525005256
INFO:cooler._balance:variance is 0.7862186782344284
INFO:cooler._balance:variance is 0.19032958764886918
INFO:cooler._balance:variance is 0.04681460336032696
INFO:cooler._balance:variance is 0.011733135420348631
INFO:cooler._balance:variance is 0.002999534940415904
INFO:cooler._balance:variance is 0.0007836134841942861
INFO:cooler._balance:variance is 0.00020940990632891787
INFO:cooler._balance:variance is 5.7285251567627235e-05
INFO:cooler._balance:variance is 1.603891339771394e-05
INFO:cooler._balance:variance is 4.592287752389454e-06
INFO:cooler._balance:chr6
INFO:cooler._balance:variance is 229780.10936997287
INFO:cooler._balance:variance is 62798.459914527324
INFO:cooler._balance:variance is 21710.754866309446
INFO:cooler._balance:variance is 13116.264213105309
INFO:cooler._balance:variance is 5356.253415612154
INFO:cooler._balance:variance is 2923.0451592238846
INFO:cooler._balance:variance is 1298.212968545877
INFO:cooler._balance:variance is 668.2804312364499
INFO:cooler._balance:variance is 310.05475062973676
INFO:cooler._balance:variance is 154.85924555085464
INFO:cooler._balance:variance is 73.45575131504393
INFO:cooler._balance:variance is 36.13480298612732
INFO:cooler._balance:variance is 17.329934187068776
INFO:cooler._balance:variance is 8.460998865657507
INFO:cooler._balance:variance is 4.079889118711323
INFO:cooler._balance:variance is 1.9845447952103974
INFO:cooler._balance:variance is 0.9594899919259126
INFO:cooler._balance:variance is 0.4658686881530002
INFO:cooler._balance:variance is 0.2255304024189848
INFO:cooler._balance:variance is 0.10940643175572554
INFO:cooler._balance:variance is 0.052997792179148975
INFO:cooler._balance:variance is 0.025698506646657633
INFO:cooler._balance:variance is 0.012452471655399106
INFO:cooler._balance:variance is 0.006036906019225594
INFO:cooler._balance:variance is 0.0029256778276434228
INFO:cooler._balance:variance is 0.0014182115467088628
INFO:cooler._balance:variance is 0.0006873601289674344
INFO:cooler._balance:variance is 0.0003331787745202194
INFO:cooler._balance:variance is 0.00016148633851325258
INFO:cooler._balance:variance is 7.82741445115131e-05
INFO:cooler._balance:variance is 3.793884710933243e-05
INFO:cooler._balance:variance is 1.838914776905434e-05
INFO:cooler._balance:variance is 8.91314473054744e-06
INFO:cooler._balance:chr7
INFO:cooler._balance:variance is 153264.0161882973
INFO:cooler._balance:variance is 21084.280730417133
INFO:cooler._balance:variance is 5746.901623962139
INFO:cooler._balance:variance is 2127.3387044402175
INFO:cooler._balance:variance is 676.8106230667112
INFO:cooler._balance:variance is 239.1917752931831
INFO:cooler._balance:variance is 79.74462500500516
INFO:cooler._balance:variance is 27.621538596231005
INFO:cooler._balance:variance is 9.368186637058507
INFO:cooler._balance:variance is 3.221385250089132
INFO:cooler._balance:variance is 1.0996209416740803
INFO:cooler._balance:variance is 0.37722167577467125
INFO:cooler._balance:variance is 0.1290861280416356
INFO:cooler._balance:variance is 0.044254000487146956
INFO:cooler._balance:variance is 0.01515968307320431
INFO:cooler._balance:variance is 0.005196775782774828
INFO:cooler._balance:variance is 0.0017811163036092997
INFO:cooler._balance:variance is 0.0006106381314857404
INFO:cooler._balance:variance is 0.00020934949720347807
INFO:cooler._balance:variance is 7.17843371991346e-05
INFO:cooler._balance:variance is 2.461549370383404e-05
INFO:cooler._balance:variance is 8.441743990292746e-06
INFO:cooler._balance:chrX
INFO:cooler._balance:variance is 134167.0294119888
INFO:cooler._balance:variance is 2220.2953267340113
INFO:cooler._balance:variance is 240.33294365980782
INFO:cooler._balance:variance is 37.96317214813906
INFO:cooler._balance:variance is 7.659313073773689
INFO:cooler._balance:variance is 1.8075714803495264
INFO:cooler._balance:variance is 0.4597007143256235
INFO:cooler._balance:variance is 0.12053174924613097
INFO:cooler._balance:variance is 0.03199291486813593
INFO:cooler._balance:variance is 0.00852937659351857
INFO:cooler._balance:variance is 0.0022780936402557904
INFO:cooler._balance:variance is 0.0006088228050406577
INFO:cooler._balance:variance is 0.00016275377682275138
INFO:cooler._balance:variance is 4.3511872846151094e-05
INFO:cooler._balance:variance is 1.1633329151759709e-05
INFO:cooler._balance:variance is 3.110320606605107e-06
INFO:cooler._balance:chr9
INFO:cooler._balance:variance is 102901.87673474646
INFO:cooler._balance:variance is 16253.233076625334
INFO:cooler._balance:variance is 6056.6816269492465
INFO:cooler._balance:variance is 3134.7060048073095
INFO:cooler._balance:variance is 1479.121651844741
INFO:cooler._balance:variance is 831.5614888524535
INFO:cooler._balance:variance is 431.24498435405314
INFO:cooler._balance:variance is 250.11776235167477
INFO:cooler._balance:variance is 137.38377803709622
INFO:cooler._balance:variance is 80.66898084249479
INFO:cooler._balance:variance is 45.8105329675119
INFO:cooler._balance:variance is 27.02457968956875
INFO:cooler._balance:variance is 15.630390012816008
INFO:cooler._balance:variance is 9.23533089396011
INFO:cooler._balance:variance is 5.394071320280409
INFO:cooler._balance:variance is 3.188367646410024
INFO:cooler._balance:variance is 1.8719173153676665
INFO:cooler._balance:variance is 1.106422360876058
INFO:cooler._balance:variance is 0.6513805361653416
INFO:cooler._balance:variance is 0.3849457249821866
INFO:cooler._balance:variance is 0.22696106353751846
INFO:cooler._balance:variance is 0.13410493621407918
INFO:cooler._balance:variance is 0.07912979357913301
INFO:cooler._balance:variance is 0.04674938194853305
INFO:cooler._balance:variance is 0.0275967371193385
INFO:cooler._balance:variance is 0.016302406159556186
INFO:cooler._balance:variance is 0.009625779871775512
INFO:cooler._balance:variance is 0.005685925634112842
INFO:cooler._balance:variance is 0.0033577012236305492
INFO:cooler._balance:variance is 0.001983299556940113
INFO:cooler._balance:variance is 0.001171280237288976
INFO:cooler._balance:variance is 0.0006918227710881736
INFO:cooler._balance:variance is 0.0004085875637588152
INFO:cooler._balance:variance is 0.00024133007497677573
INFO:cooler._balance:variance is 0.00014253181489571896
INFO:cooler._balance:variance is 8.418472482809246e-05
INFO:cooler._balance:variance is 4.972094857587322e-05
INFO:cooler._balance:variance is 2.9366886949997297e-05
INFO:cooler._balance:variance is 1.7344720635458125e-05
INFO:cooler._balance:variance is 1.0244340243672477e-05
INFO:cooler._balance:variance is 6.050555999756621e-06
INFO:cooler._balance:chr8
INFO:cooler._balance:variance is 113446.10077570846
INFO:cooler._balance:variance is 12075.751607787668
INFO:cooler._balance:variance is 2512.7817447125735
INFO:cooler._balance:variance is 667.5391953223685
INFO:cooler._balance:variance is 171.76510865721735
INFO:cooler._balance:variance is 46.52605567645734
INFO:cooler._balance:variance is 12.581249857638088
INFO:cooler._balance:variance is 3.4609886750123935
INFO:cooler._balance:variance is 0.956453973825486
INFO:cooler._balance:variance is 0.2667439388067174
INFO:cooler._balance:variance is 0.0748286623856892
INFO:cooler._balance:variance is 0.021138263227770165
INFO:cooler._balance:variance is 0.006007438384253689
INFO:cooler._balance:variance is 0.0017179634834795794
INFO:cooler._balance:variance is 0.0004941724508368402
INFO:cooler._balance:variance is 0.00014296735666302935
INFO:cooler._balance:variance is 4.1587520778220197e-05
INFO:cooler._balance:variance is 1.216048828128721e-05
INFO:cooler._balance:variance is 3.573263599217543e-06
INFO:cooler._balance:chr11
INFO:cooler._balance:variance is 129629.60607770963
INFO:cooler._balance:variance is 44820.79034147718
INFO:cooler._balance:variance is 15749.388447906296
INFO:cooler._balance:variance is 10034.74812747628
INFO:cooler._balance:variance is 4287.176345675176
INFO:cooler._balance:variance is 2436.7678915461593
INFO:cooler._balance:variance is 1131.2926440962874
INFO:cooler._balance:variance is 606.0288100164468
INFO:cooler._balance:variance is 293.2184904012346
INFO:cooler._balance:variance is 152.47986700493695
INFO:cooler._balance:variance is 75.32806161243448
INFO:cooler._balance:variance is 38.59241723462988
INFO:cooler._balance:variance is 19.26704813292206
INFO:cooler._balance:variance is 9.797180897840303
INFO:cooler._balance:variance is 4.917240614420012
INFO:cooler._balance:variance is 2.4909494778491563
INFO:cooler._balance:variance is 1.2535739046570922
INFO:cooler._balance:variance is 0.6338188046681266
INFO:cooler._balance:variance is 0.31940227115731984
INFO:cooler._balance:variance is 0.16133750833358193
INFO:cooler._balance:variance is 0.0813588695080295
INFO:cooler._balance:variance is 0.04107631141944015
INFO:cooler._balance:variance is 0.02072100038428894
INFO:cooler._balance:variance is 0.010459017225039065
INFO:cooler._balance:variance is 0.005276983238966932
INFO:cooler._balance:variance is 0.0026632516073055966
INFO:cooler._balance:variance is 0.0013438325685969422
INFO:cooler._balance:variance is 0.0006781793461766873
INFO:cooler._balance:variance is 0.00034221320552801226
INFO:cooler._balance:variance is 0.0001726960853439485
INFO:cooler._balance:variance is 8.714538794155339e-05
INFO:cooler._balance:variance is 4.397676097181877e-05
INFO:cooler._balance:variance is 2.2191673447935104e-05
INFO:cooler._balance:variance is 1.1198643101373471e-05
INFO:cooler._balance:variance is 5.651122095212086e-06
INFO:cooler._balance:chr10
INFO:cooler._balance:variance is 198720.96139026352
INFO:cooler._balance:variance is 11891.0659213439
INFO:cooler._balance:variance is 3025.1266803161875
INFO:cooler._balance:variance is 917.60295660683
INFO:cooler._balance:variance is 267.71290435201416
INFO:cooler._balance:variance is 81.33917789507579
INFO:cooler._balance:variance is 24.4179827547127
INFO:cooler._balance:variance is 7.425384687261292
INFO:cooler._balance:variance is 2.253924338313535
INFO:cooler._balance:variance is 0.6879590528435005
INFO:cooler._balance:variance is 0.2102879030656261
INFO:cooler._balance:variance is 0.06451584603220235
INFO:cooler._balance:variance is 0.01984565652752757
INFO:cooler._balance:variance is 0.006125623941829636
INFO:cooler._balance:variance is 0.0018969039704107976
INFO:cooler._balance:variance is 0.0005895258166594658
INFO:cooler._balance:variance is 0.00018388563535528813
INFO:cooler._balance:variance is 5.757930195818511e-05
INFO:cooler._balance:variance is 1.8100813284451316e-05
INFO:cooler._balance:variance is 5.713362135046827e-06
INFO:cooler._balance:chr12
INFO:cooler._balance:variance is 145613.005031741
INFO:cooler._balance:variance is 38013.71583715
INFO:cooler._balance:variance is 12886.859461708022
INFO:cooler._balance:variance is 5916.3929418589005
INFO:cooler._balance:variance is 2278.316695419051
INFO:cooler._balance:variance is 994.1972199845214
INFO:cooler._balance:variance is 401.34393702310604
INFO:cooler._balance:variance is 170.96509438400994
INFO:cooler._balance:variance is 70.41184603640774
INFO:cooler._balance:variance is 29.67200773807521
INFO:cooler._balance:variance is 12.32480594144801
INFO:cooler._balance:variance is 5.169305090446303
INFO:cooler._balance:variance is 2.154891327313602
INFO:cooler._balance:variance is 0.9019780222344017
INFO:cooler._balance:variance is 0.37656914608244507
INFO:cooler._balance:variance is 0.15748525919805076
INFO:cooler._balance:variance is 0.0657905327118363
INFO:cooler._balance:variance is 0.02750424552328606
INFO:cooler._balance:variance is 0.011493126101887128
INFO:cooler._balance:variance is 0.00480405063749081
INFO:cooler._balance:variance is 0.002007678026878571
INFO:cooler._balance:variance is 0.000839141784041308
INFO:cooler._balance:variance is 0.0003507049680675599
INFO:cooler._balance:variance is 0.00014657888110847998
INFO:cooler._balance:variance is 6.126132199413231e-05
INFO:cooler._balance:variance is 2.5604182026717532e-05
INFO:cooler._balance:variance is 1.0701123447398926e-05
INFO:cooler._balance:variance is 4.472515418471716e-06
INFO:cooler._balance:chr13
INFO:cooler._balance:variance is 96357.24397541671
INFO:cooler._balance:variance is 6611.388730328066
INFO:cooler._balance:variance is 1216.8685287829362
INFO:cooler._balance:variance is 299.7468139048498
INFO:cooler._balance:variance is 75.08931680351562
INFO:cooler._balance:variance is 20.379985546062812
INFO:cooler._balance:variance is 5.721890154737852
INFO:cooler._balance:variance is 1.6696310731404422
INFO:cooler._balance:variance is 0.4993266300512178
INFO:cooler._balance:variance is 0.15275028503151689
INFO:cooler._balance:variance is 0.0474954357212698
INFO:cooler._balance:variance is 0.014973559634923729
INFO:cooler._balance:variance is 0.00476954925917364
INFO:cooler._balance:variance is 0.0015319610172081582
INFO:cooler._balance:variance is 0.0004951560929997078
INFO:cooler._balance:variance is 0.00016083063529538484
INFO:cooler._balance:variance is 5.243261465825154e-05
INFO:cooler._balance:variance is 1.714224801968256e-05
INFO:cooler._balance:variance is 5.616448465256582e-06
INFO:cooler._balance:chr14
INFO:cooler._balance:variance is 79126.45255270343
INFO:cooler._balance:variance is 10108.932481759179
INFO:cooler._balance:variance is 2421.9904082738512
INFO:cooler._balance:variance is 867.3703917533153
INFO:cooler._balance:variance is 295.3010048048992
INFO:cooler._balance:variance is 116.99704765901251
INFO:cooler._balance:variance is 46.93266931265472
INFO:cooler._balance:variance is 19.98331484814266
INFO:cooler._balance:variance is 8.64784271189813
INFO:cooler._balance:variance is 3.8327676733166975
INFO:cooler._balance:variance is 1.7133925878839826
INFO:cooler._balance:variance is 0.7733310726523029
INFO:cooler._balance:variance is 0.3503188015277034
INFO:cooler._balance:variance is 0.15930971662844096
INFO:cooler._balance:variance is 0.07255112168539908
INFO:cooler._balance:variance is 0.033092489652937235
INFO:cooler._balance:variance is 0.015102569177519062
INFO:cooler._balance:variance is 0.006896874670410661
INFO:cooler._balance:variance is 0.003150225721213668
INFO:cooler._balance:variance is 0.0014392845492895677
INFO:cooler._balance:variance is 0.0006576333921346508
INFO:cooler._balance:variance is 0.0003005170482952734
INFO:cooler._balance:variance is 0.0001373301765060661
INFO:cooler._balance:variance is 6.275999988362154e-05
INFO:cooler._balance:variance is 2.8681639624211498e-05
INFO:cooler._balance:variance is 1.310791025082106e-05
INFO:cooler._balance:variance is 5.990517353717523e-06
INFO:cooler._balance:chr15
INFO:cooler._balance:variance is 80617.36896386088
INFO:cooler._balance:variance is 6746.956632355791
INFO:cooler._balance:variance is 1366.1870235182516
INFO:cooler._balance:variance is 334.5573974203443
INFO:cooler._balance:variance is 82.17530826499761
INFO:cooler._balance:variance is 21.707210148482254
INFO:cooler._balance:variance is 5.970069863054586
INFO:cooler._balance:variance is 1.7440059823384064
INFO:cooler._balance:variance is 0.5374325759244336
INFO:cooler._balance:variance is 0.17454180935889127
INFO:cooler._balance:variance is 0.059200832266792
INFO:cooler._balance:variance is 0.020785019780776876
INFO:cooler._balance:variance is 0.007484430017967065
INFO:cooler._balance:variance is 0.0027434628574037876
INFO:cooler._balance:variance is 0.001017869895547457
INFO:cooler._balance:variance is 0.0003806825045804864
INFO:cooler._balance:variance is 0.00014312417500679292
INFO:cooler._balance:variance is 5.3992235171898246e-05
INFO:cooler._balance:variance is 2.0412576450071718e-05
INFO:cooler._balance:variance is 7.72801768564843e-06
INFO:cooler._balance:chr16
INFO:cooler._balance:variance is 1523745.0162891587
INFO:cooler._balance:variance is 7356.743262430796
INFO:cooler._balance:variance is 2593.1707042255794
INFO:cooler._balance:variance is 1486.3078825192413
INFO:cooler._balance:variance is 719.4394890864509
INFO:cooler._balance:variance is 417.82053501911537
INFO:cooler._balance:variance is 218.36157306678516
INFO:cooler._balance:variance is 124.84832500948885
INFO:cooler._balance:variance is 67.19307122880547
INFO:cooler._balance:variance is 37.93681962278765
INFO:cooler._balance:variance is 20.699699082507433
INFO:cooler._balance:variance is 11.594422837671376
INFO:cooler._balance:variance is 6.371180854402784
INFO:cooler._balance:variance is 3.552039973263774
INFO:cooler._balance:variance is 1.9592774262982924
INFO:cooler._balance:variance is 1.0894250924907125
INFO:cooler._balance:variance is 0.6021661887373915
INFO:cooler._balance:variance is 0.3343235374438413
INFO:cooler._balance:variance is 0.18500459208968914
INFO:cooler._balance:variance is 0.10262881013839868
INFO:cooler._balance:variance is 0.056827617638456764
INFO:cooler._balance:variance is 0.03150965306506964
INFO:cooler._balance:variance is 0.017453632977536927
INFO:cooler._balance:variance is 0.00967514306941407
INFO:cooler._balance:variance is 0.005360235412652302
INFO:cooler._balance:variance is 0.0029709332878268334
INFO:cooler._balance:variance is 0.001646137298039139
INFO:cooler._balance:variance is 0.0009123057371352678
INFO:cooler._balance:variance is 0.0005055212715970102
INFO:cooler._balance:variance is 0.0002801525310417611
INFO:cooler._balance:variance is 0.0001552415312642013
INFO:cooler._balance:variance is 8.603048461910269e-05
INFO:cooler._balance:variance is 4.767313177442319e-05
INFO:cooler._balance:variance is 2.6418747426523597e-05
INFO:cooler._balance:variance is 1.4639894255609653e-05
INFO:cooler._balance:variance is 8.112845461659344e-06
INFO:cooler._balance:chr17
INFO:cooler._balance:variance is 82940.11357177055
INFO:cooler._balance:variance is 17100.46815044261
INFO:cooler._balance:variance is 6499.782911112966
INFO:cooler._balance:variance is 3218.3850905218246
INFO:cooler._balance:variance is 1449.087452375453
INFO:cooler._balance:variance is 707.0057399439485
INFO:cooler._balance:variance is 332.3017012775702
INFO:cooler._balance:variance is 160.6583889569799
INFO:cooler._balance:variance is 76.5908893418484
INFO:cooler._balance:variance is 36.90185038300997
INFO:cooler._balance:variance is 17.68288279332872
INFO:cooler._balance:variance is 8.508977926315056
INFO:cooler._balance:variance is 4.085524178151867
INFO:cooler._balance:variance is 1.9650439660920807
INFO:cooler._balance:variance is 0.9442752491505371
INFO:cooler._balance:variance is 0.45409803126235254
INFO:cooler._balance:variance is 0.2182878218149913
INFO:cooler._balance:variance is 0.1049671674838007
INFO:cooler._balance:variance is 0.05046637566955661
INFO:cooler._balance:variance is 0.024267006455426857
INFO:cooler._balance:variance is 0.011668001990064281
INFO:cooler._balance:variance is 0.005610570778102923
INFO:cooler._balance:variance is 0.0026977531298596727
INFO:cooler._balance:variance is 0.001297213745716622
INFO:cooler._balance:variance is 0.0006237546434417275
INFO:cooler._balance:variance is 0.00029993196160277795
INFO:cooler._balance:variance is 0.0001442209704705968
INFO:cooler._balance:variance is 6.93485323632781e-05
INFO:cooler._balance:variance is 3.334606546420096e-05
INFO:cooler._balance:variance is 1.603442728697416e-05
INFO:cooler._balance:variance is 7.710127960498397e-06
INFO:cooler._balance:chr18
INFO:cooler._balance:variance is 73226.66862410665
INFO:cooler._balance:variance is 7590.5309512356625
INFO:cooler._balance:variance is 1655.459986393532
INFO:cooler._balance:variance is 416.463565327214
INFO:cooler._balance:variance is 103.89890745669626
INFO:cooler._balance:variance is 26.905227887105212
INFO:cooler._balance:variance is 6.949491695729618
INFO:cooler._balance:variance is 1.815246696751073
INFO:cooler._balance:variance is 0.47405533666501665
INFO:cooler._balance:variance is 0.12423083518131214
INFO:cooler._balance:variance is 0.032563587139860246
INFO:cooler._balance:variance is 0.008545338823276377
INFO:cooler._balance:variance is 0.002242944202223589
INFO:cooler._balance:variance is 0.0005889587652697222
INFO:cooler._balance:variance is 0.00015467111768459956
INFO:cooler._balance:variance is 4.062605647786998e-05
INFO:cooler._balance:variance is 1.0671693260879557e-05
INFO:cooler._balance:variance is 2.8034576163457346e-06
INFO:cooler._balance:chr20
INFO:cooler._balance:variance is 92588.66212396983
INFO:cooler._balance:variance is 4588.082316252489
INFO:cooler._balance:variance is 1204.4988945835316
INFO:cooler._balance:variance is 347.0417845817117
INFO:cooler._balance:variance is 106.75278980030625
INFO:cooler._balance:variance is 33.38536042056302
INFO:cooler._balance:variance is 10.720464399645017
INFO:cooler._balance:variance is 3.529063226056527
INFO:cooler._balance:variance is 1.2034273853796462
INFO:cooler._balance:variance is 0.4290594948418677
INFO:cooler._balance:variance is 0.16126643977250504
INFO:cooler._balance:variance is 0.06424880440557326
INFO:cooler._balance:variance is 0.02708064026174343
INFO:cooler._balance:variance is 0.012002063285350636
INFO:cooler._balance:variance is 0.005535997726432653
INFO:cooler._balance:variance is 0.0026309620164090696
INFO:cooler._balance:variance is 0.0012767370114731033
INFO:cooler._balance:variance is 0.0006283864774689364
INFO:cooler._balance:variance is 0.0003121632131237427
INFO:cooler._balance:variance is 0.0001560057949765143
INFO:cooler._balance:variance is 7.826570613808675e-05
INFO:cooler._balance:variance is 3.9360644089322786e-05
INFO:cooler._balance:variance is 1.9825813427029907e-05
INFO:cooler._balance:variance is 9.996004850698015e-06
INFO:cooler._balance:chrY
INFO:cooler._balance:chr19
INFO:cooler._balance:variance is 111341.57777553899
INFO:cooler._balance:variance is 36543.09001201075
INFO:cooler._balance:variance is 9502.099113109844
INFO:cooler._balance:variance is 4603.784888996235
INFO:cooler._balance:variance is 1622.2047142997355
INFO:cooler._balance:variance is 730.2582064606614
INFO:cooler._balance:variance is 294.3381568642372
INFO:cooler._balance:variance is 130.45309822110957
INFO:cooler._balance:variance is 55.757927820022054
INFO:cooler._balance:variance is 24.73535148123174
INFO:cooler._balance:variance is 10.847099986771228
INFO:cooler._balance:variance is 4.828572473624395
INFO:cooler._balance:variance is 2.1417808244744574
INFO:cooler._balance:variance is 0.9559612987960294
INFO:cooler._balance:variance is 0.4262389193988435
INFO:cooler._balance:variance is 0.19055872215236755
INFO:cooler._balance:variance is 0.08517036348731923
INFO:cooler._balance:variance is 0.038111933341909134
INFO:cooler._balance:variance is 0.017053527785803914
INFO:cooler._balance:variance is 0.0076348168375413765
INFO:cooler._balance:variance is 0.003418121676807082
INFO:cooler._balance:variance is 0.0015306729527811928
INFO:cooler._balance:variance is 0.0006854643382721669
INFO:cooler._balance:variance is 0.000306998733130712
INFO:cooler._balance:variance is 0.0001374972938836535
INFO:cooler._balance:variance is 6.158498641006071e-05
INFO:cooler._balance:variance is 2.7584130612601706e-05
INFO:cooler._balance:variance is 1.2355339984800202e-05
INFO:cooler._balance:variance is 5.5341677013022865e-06
INFO:cooler._balance:chr22
INFO:cooler._balance:variance is 46837.32991004745
INFO:cooler._balance:variance is 4370.687547565897
INFO:cooler._balance:variance is 941.9630591595787
INFO:cooler._balance:variance is 291.2628564429443
INFO:cooler._balance:variance is 106.48896082816978
INFO:cooler._balance:variance is 44.91675596427216
INFO:cooler._balance:variance is 20.77403685638052
INFO:cooler._balance:variance is 9.88873560685797
INFO:cooler._balance:variance is 4.872467428191042
INFO:cooler._balance:variance is 2.401669634076945
INFO:cooler._balance:variance is 1.2002686937476421
INFO:cooler._balance:variance is 0.5979871982636474
INFO:cooler._balance:variance is 0.2997526751728411
INFO:cooler._balance:variance is 0.14990350763942845
INFO:cooler._balance:variance is 0.07518022048144585
INFO:cooler._balance:variance is 0.03765225785945368
INFO:cooler._balance:variance is 0.018883186811687394
INFO:cooler._balance:variance is 0.009463022026568079
INFO:cooler._balance:variance is 0.004745423539409594
INFO:cooler._balance:variance is 0.0023787375066700784
INFO:cooler._balance:variance is 0.0011927810446921922
INFO:cooler._balance:variance is 0.0005979780153039764
INFO:cooler._balance:variance is 0.0002998335039076708
INFO:cooler._balance:variance is 0.000150324311070778
INFO:cooler._balance:variance is 7.537255196785442e-05
INFO:cooler._balance:variance is 3.778974041950274e-05
INFO:cooler._balance:variance is 1.894750248963788e-05
INFO:cooler._balance:variance is 9.499882744185215e-06
INFO:cooler._balance:chr21
INFO:cooler._balance:variance is 43120.955266042845
INFO:cooler._balance:variance is 6671.944871090772
INFO:cooler._balance:variance is 2035.013022917307
INFO:cooler._balance:variance is 901.0075293688268
INFO:cooler._balance:variance is 448.07465910179013
INFO:cooler._balance:variance is 254.5204472023173
INFO:cooler._balance:variance is 152.62778032368183
INFO:cooler._balance:variance is 96.72393964703528
INFO:cooler._balance:variance is 62.35455935225839
INFO:cooler._balance:variance is 41.48541143593705
INFO:cooler._balance:variance is 27.6303080899555
INFO:cooler._balance:variance is 18.808724078214354
INFO:cooler._balance:variance is 12.73930607858427
INFO:cooler._balance:variance is 8.765832685254761
INFO:cooler._balance:variance is 5.99219278583713
INFO:cooler._balance:variance is 4.143046949491241
INFO:cooler._balance:variance is 2.846944895517598
INFO:cooler._balance:variance is 1.9722304505483677
INFO:cooler._balance:variance is 1.3593428563796872
INFO:cooler._balance:variance is 0.9422893730651204
INFO:cooler._balance:variance is 0.6506289078714143
INFO:cooler._balance:variance is 0.45104985731502095
INFO:cooler._balance:variance is 0.31177837033093236
INFO:cooler._balance:variance is 0.21611461962561587
INFO:cooler._balance:variance is 0.14948562067859078
INFO:cooler._balance:variance is 0.10360055913390392
INFO:cooler._balance:variance is 0.07169092564869675
INFO:cooler._balance:variance is 0.04967700047469548
INFO:cooler._balance:variance is 0.03438574948413836
INFO:cooler._balance:variance is 0.023823777734493786
INFO:cooler._balance:variance is 0.01649352271649103
INFO:cooler._balance:variance is 0.011426150818639883
INFO:cooler._balance:variance is 0.00791144552025763
INFO:cooler._balance:variance is 0.005480352012330077
INFO:cooler._balance:variance is 0.003794897764708916
INFO:cooler._balance:variance is 0.0026286214687195157
INFO:cooler._balance:variance is 0.001820303940424111
INFO:cooler._balance:variance is 0.0012608233459802862
INFO:cooler._balance:variance is 0.0008731455120131132
INFO:cooler._balance:variance is 0.0006047619533507384
INFO:cooler._balance:variance is 0.0004188207230478618
INFO:cooler._balance:variance is 0.00029007960953990764
INFO:cooler._balance:variance is 0.00020089479146483905
INFO:cooler._balance:variance is 0.00013913985828923267
INFO:cooler._balance:variance is 9.636257211268612e-05
INFO:cooler._balance:variance is 6.674011684298437e-05
INFO:cooler._balance:variance is 4.622186666808079e-05
INFO:cooler._balance:variance is 3.20127559651045e-05
INFO:cooler._balance:variance is 2.217104329675646e-05
INFO:cooler._balance:variance is 1.535534684414515e-05
INFO:cooler._balance:variance is 1.063468076579257e-05
INFO:cooler._balance:variance is 7.365402952277522e-06
INFO:cooler._balance:chrM
