INFO:cooler.cli.balance:Balancing "analysis_other/porec/T2T00_1.hp2/cooler/T2T00_1.hp2_100000_balanced.cool"
INFO:cooler._balance:chr1
INFO:cooler._balance:variance is 156549426.28112215
INFO:cooler._balance:variance is 1929593.9020836635
INFO:cooler._balance:variance is 513414.1707744247
INFO:cooler._balance:variance is 188192.88187564418
INFO:cooler._balance:variance is 70495.05420773586
INFO:cooler._balance:variance is 28078.67780872333
INFO:cooler._balance:variance is 11014.62514970627
INFO:cooler._balance:variance is 4400.219922198484
INFO:cooler._balance:variance is 1741.8786605636728
INFO:cooler._balance:variance is 694.1724774883276
INFO:cooler._balance:variance is 275.545393006901
INFO:cooler._balance:variance is 109.66134208453073
INFO:cooler._balance:variance is 43.57244975166441
INFO:cooler._balance:variance is 17.330851620470217
INFO:cooler._balance:variance is 6.888852234919377
INFO:cooler._balance:variance is 2.739381241467563
INFO:cooler._balance:variance is 1.0890458886173409
INFO:cooler._balance:variance is 0.4330229581505538
INFO:cooler._balance:variance is 0.17215956496871732
INFO:cooler._balance:variance is 0.06845097584025642
INFO:cooler._balance:variance is 0.027215131441731554
INFO:cooler._balance:variance is 0.010820627960008622
INFO:cooler._balance:variance is 0.004302168938639545
INFO:cooler._balance:variance is 0.001710515148006405
INFO:cooler._balance:variance is 0.0006800856215285878
INFO:cooler._balance:variance is 0.00027039710584220926
INFO:cooler._balance:variance is 0.00010750765118251282
INFO:cooler._balance:variance is 4.2744221835226345e-05
INFO:cooler._balance:variance is 1.6994759185447943e-05
INFO:cooler._balance:variance is 6.75698409132498e-06
INFO:cooler._balance:chr2
INFO:cooler._balance:variance is 8854618.718920471
INFO:cooler._balance:variance is 1275810.9235888133
INFO:cooler._balance:variance is 214857.3712615467
INFO:cooler._balance:variance is 42220.55074069168
INFO:cooler._balance:variance is 8148.010616193434
INFO:cooler._balance:variance is 1645.6267341536677
INFO:cooler._balance:variance is 340.2226367669025
INFO:cooler._balance:variance is 73.2004849676437
INFO:cooler._balance:variance is 16.413926578210827
INFO:cooler._balance:variance is 3.854242824951502
INFO:cooler._balance:variance is 0.9468707523359474
INFO:cooler._balance:variance is 0.2424278428293107
INFO:cooler._balance:variance is 0.0642605354904434
INFO:cooler._balance:variance is 0.017504442428694846
INFO:cooler._balance:variance is 0.004865931495871989
INFO:cooler._balance:variance is 0.0013723920625814449
INFO:cooler._balance:variance is 0.0003909824225599037
INFO:cooler._balance:variance is 0.00011215081626185597
INFO:cooler._balance:variance is 3.2317304769267924e-05
INFO:cooler._balance:variance is 9.340851409600762e-06
INFO:cooler._balance:chr3
INFO:cooler._balance:variance is 5991069.35411838
INFO:cooler._balance:variance is 701057.598770757
INFO:cooler._balance:variance is 94178.58833374099
INFO:cooler._balance:variance is 15868.268188220583
INFO:cooler._balance:variance is 2655.5139918611317
INFO:cooler._balance:variance is 485.3915715974845
INFO:cooler._balance:variance is 95.2376887989107
INFO:cooler._balance:variance is 20.56929540566391
INFO:cooler._balance:variance is 4.856666117027706
INFO:cooler._balance:variance is 1.2368912888870383
INFO:cooler._balance:variance is 0.33248826774676826
INFO:cooler._balance:variance is 0.09257311314258261
INFO:cooler._balance:variance is 0.026325351976713988
INFO:cooler._balance:variance is 0.007578405293308922
INFO:cooler._balance:variance is 0.0021967002585349064
INFO:cooler._balance:variance is 0.0006391849765683531
INFO:cooler._balance:variance is 0.0001863794951404188
INFO:cooler._balance:variance is 5.4409304111824434e-05
INFO:cooler._balance:variance is 1.58936599724219e-05
INFO:cooler._balance:variance is 4.6443589704418064e-06
INFO:cooler._balance:chr4
INFO:cooler._balance:variance is 5091464.2651605
INFO:cooler._balance:variance is 810284.6036541386
INFO:cooler._balance:variance is 173068.5473424088
INFO:cooler._balance:variance is 48219.09244188625
INFO:cooler._balance:variance is 13853.942038787392
INFO:cooler._balance:variance is 4316.323765642156
INFO:cooler._balance:variance is 1368.1187056610959
INFO:cooler._balance:variance is 445.7319683855098
INFO:cooler._balance:variance is 146.3553512311872
INFO:cooler._balance:variance is 48.51349915569089
INFO:cooler._balance:variance is 16.13318606207174
INFO:cooler._balance:variance is 5.382855960907732
INFO:cooler._balance:variance is 1.7982762982801015
INFO:cooler._balance:variance is 0.6014573967468214
INFO:cooler._balance:variance is 0.20126258924468654
INFO:cooler._balance:variance is 0.06737522003698346
INFO:cooler._balance:variance is 0.022558790669316032
INFO:cooler._balance:variance is 0.007554317477030589
INFO:cooler._balance:variance is 0.0025299022227366482
INFO:cooler._balance:variance is 0.0008472958383305055
INFO:cooler._balance:variance is 0.0002837769595304683
INFO:cooler._balance:variance is 9.504458551326876e-05
INFO:cooler._balance:variance is 3.183329323227002e-05
INFO:cooler._balance:variance is 1.0662000601881557e-05
INFO:cooler._balance:variance is 3.5710610895691445e-06
INFO:cooler._balance:chr5
INFO:cooler._balance:variance is 6604518.014320147
INFO:cooler._balance:variance is 889467.586446798
INFO:cooler._balance:variance is 170974.35611061644
INFO:cooler._balance:variance is 40266.16753115904
INFO:cooler._balance:variance is 10448.994192344651
INFO:cooler._balance:variance is 2953.7550220693233
INFO:cooler._balance:variance is 863.8172489224913
INFO:cooler._balance:variance is 259.9060567709159
INFO:cooler._balance:variance is 79.08685971831784
INFO:cooler._balance:variance is 24.287358825576813
INFO:cooler._balance:variance is 7.489748567974411
INFO:cooler._balance:variance is 2.3171724075919125
INFO:cooler._balance:variance is 0.7180902092013354
INFO:cooler._balance:variance is 0.22281140593698062
INFO:cooler._balance:variance is 0.06918341680857115
INFO:cooler._balance:variance is 0.021492342869656938
INFO:cooler._balance:variance is 0.006678763803862733
INFO:cooler._balance:variance is 0.00207586269094467
INFO:cooler._balance:variance is 0.0006452932751219593
INFO:cooler._balance:variance is 0.00020061050222914715
INFO:cooler._balance:variance is 6.236978070859911e-05
INFO:cooler._balance:variance is 1.9391477327357888e-05
INFO:cooler._balance:variance is 6.029174959321746e-06
INFO:cooler._balance:chr6
INFO:cooler._balance:variance is 5680071.326097236
INFO:cooler._balance:variance is 2144837.022753941
INFO:cooler._balance:variance is 555201.4154667637
INFO:cooler._balance:variance is 216167.98264317052
INFO:cooler._balance:variance is 68784.84795566366
INFO:cooler._balance:variance is 24626.792230820673
INFO:cooler._balance:variance is 8297.360642554244
INFO:cooler._balance:variance is 2899.637052126091
INFO:cooler._balance:variance is 994.6385321977147
INFO:cooler._balance:variance is 345.2398217689586
INFO:cooler._balance:variance is 119.13737334227548
INFO:cooler._balance:variance is 41.275438236281914
INFO:cooler._balance:variance is 14.273662619710315
INFO:cooler._balance:variance is 4.9427542006468705
INFO:cooler._balance:variance is 1.7106042365196092
INFO:cooler._balance:variance is 0.5922945121792381
INFO:cooler._balance:variance is 0.2050439023084444
INFO:cooler._balance:variance is 0.07099549244730004
INFO:cooler._balance:variance is 0.024580503434073395
INFO:cooler._balance:variance is 0.008510955292414834
INFO:cooler._balance:variance is 0.0029468568535879606
INFO:cooler._balance:variance is 0.0010203523122169946
INFO:cooler._balance:variance is 0.0003532966930385098
INFO:cooler._balance:variance is 0.00012233000738072063
INFO:cooler._balance:variance is 4.2357093297680624e-05
INFO:cooler._balance:variance is 1.4666310840151675e-05
INFO:cooler._balance:variance is 5.078268567487295e-06
INFO:cooler._balance:chr7
INFO:cooler._balance:variance is 4596258.89788063
INFO:cooler._balance:variance is 742925.4955587947
INFO:cooler._balance:variance is 133800.5272986727
INFO:cooler._balance:variance is 30742.016292016826
INFO:cooler._balance:variance is 6456.004626859858
INFO:cooler._balance:variance is 1435.0824369183968
INFO:cooler._balance:variance is 312.3175121348846
INFO:cooler._balance:variance is 68.97392713528923
INFO:cooler._balance:variance is 15.179755564442795
INFO:cooler._balance:variance is 3.3577348911001197
INFO:cooler._balance:variance is 0.743592364381894
INFO:cooler._balance:variance is 0.16523794670483175
INFO:cooler._balance:variance is 0.03682524117566407
INFO:cooler._balance:variance is 0.008238327803002888
INFO:cooler._balance:variance is 0.0018506978187267811
INFO:cooler._balance:variance is 0.00041776616164953314
INFO:cooler._balance:variance is 9.481675858255863e-05
INFO:cooler._balance:variance is 2.165114438430813e-05
INFO:cooler._balance:variance is 4.9773185291851245e-06
INFO:cooler._balance:chrX
INFO:cooler._balance:chr9
INFO:cooler._balance:variance is 2918042.4304185873
INFO:cooler._balance:variance is 771159.0953866133
INFO:cooler._balance:variance is 257150.06455396858
INFO:cooler._balance:variance is 125361.19245378867
INFO:cooler._balance:variance is 51293.352020400416
INFO:cooler._balance:variance is 25482.303372155908
INFO:cooler._balance:variance is 11458.423083910235
INFO:cooler._balance:variance is 5669.405743782738
INFO:cooler._balance:variance is 2670.4902393335806
INFO:cooler._balance:variance is 1315.899865850363
INFO:cooler._balance:variance is 633.3894196849607
INFO:cooler._balance:variance is 311.3436116371398
INFO:cooler._balance:variance is 151.34057584300646
INFO:cooler._balance:variance is 74.29049173906425
INFO:cooler._balance:variance is 36.27256816653232
INFO:cooler._balance:variance is 17.792249240811536
INFO:cooler._balance:variance is 8.704674065898686
INFO:cooler._balance:variance is 4.268028722906554
INFO:cooler._balance:variance is 2.0900193345829843
INFO:cooler._balance:variance is 1.0245401367437854
INFO:cooler._balance:variance is 0.5019230968819548
INFO:cooler._balance:variance is 0.24601661854778972
INFO:cooler._balance:variance is 0.12054766440276696
INFO:cooler._balance:variance is 0.059082504569953856
INFO:cooler._balance:variance is 0.028953001381688534
INFO:cooler._balance:variance is 0.014189904960109488
INFO:cooler._balance:variance is 0.006953975855246591
INFO:cooler._balance:variance is 0.0034080952310253493
INFO:cooler._balance:variance is 0.0016702227922578406
INFO:cooler._balance:variance is 0.0008185574655463015
INFO:cooler._balance:variance is 0.00040115862425008076
INFO:cooler._balance:variance is 0.00019660247298974772
INFO:cooler._balance:variance is 9.63513881611149e-05
INFO:cooler._balance:variance is 4.7220419789612914e-05
INFO:cooler._balance:variance is 2.3141943031015257e-05
INFO:cooler._balance:variance is 1.1341518247521634e-05
INFO:cooler._balance:variance is 5.5582956250142474e-06
INFO:cooler._balance:chr8
INFO:cooler._balance:variance is 3425265.414776569
INFO:cooler._balance:variance is 325261.39461251715
INFO:cooler._balance:variance is 45947.56197833909
INFO:cooler._balance:variance is 8022.425647445763
INFO:cooler._balance:variance is 1531.5179063349121
INFO:cooler._balance:variance is 319.8997312122341
INFO:cooler._balance:variance is 71.34931991084342
INFO:cooler._balance:variance is 16.83713078836279
INFO:cooler._balance:variance is 4.139872939727601
INFO:cooler._balance:variance is 1.0490972718961953
INFO:cooler._balance:variance is 0.2713023497742169
INFO:cooler._balance:variance is 0.07111443981446529
INFO:cooler._balance:variance is 0.018802340949646477
INFO:cooler._balance:variance is 0.004998610416577302
INFO:cooler._balance:variance is 0.0013334481457649454
INFO:cooler._balance:variance is 0.0003564767312602572
INFO:cooler._balance:variance is 9.542476700847748e-05
INFO:cooler._balance:variance is 2.556504078666868e-05
INFO:cooler._balance:variance is 6.852534598141449e-06
INFO:cooler._balance:chr11
INFO:cooler._balance:variance is 6617955.47075178
INFO:cooler._balance:variance is 2316786.2921630223
INFO:cooler._balance:variance is 604949.6972887774
INFO:cooler._balance:variance is 240484.38741309528
INFO:cooler._balance:variance is 75947.03178226834
INFO:cooler._balance:variance is 27497.727789555036
INFO:cooler._balance:variance is 9207.909906291192
INFO:cooler._balance:variance is 3229.305010505989
INFO:cooler._balance:variance is 1102.7177950298205
INFO:cooler._balance:variance is 382.54897676928664
INFO:cooler._balance:variance is 131.49940669996266
INFO:cooler._balance:variance is 45.44850447973804
INFO:cooler._balance:variance is 15.658185533628107
INFO:cooler._balance:variance is 5.404746515957413
INFO:cooler._balance:variance is 1.8635248774222775
INFO:cooler._balance:variance is 0.6429465310925518
INFO:cooler._balance:variance is 0.22174352053455035
INFO:cooler._balance:variance is 0.07649331240536981
INFO:cooler._balance:variance is 0.026383933721571697
INFO:cooler._balance:variance is 0.009100995107156305
INFO:cooler._balance:variance is 0.0031391981941696024
INFO:cooler._balance:variance is 0.0010828294471006323
INFO:cooler._balance:variance is 0.00037350348534376666
INFO:cooler._balance:variance is 0.00012883480791031765
INFO:cooler._balance:variance is 4.44395293719326e-05
INFO:cooler._balance:variance is 1.532876094743395e-05
INFO:cooler._balance:variance is 5.2874205171802175e-06
INFO:cooler._balance:chr10
INFO:cooler._balance:variance is 4532019.487682088
INFO:cooler._balance:variance is 560160.3275141199
INFO:cooler._balance:variance is 114450.5862477116
INFO:cooler._balance:variance is 26450.063203814174
INFO:cooler._balance:variance is 6298.874811249549
INFO:cooler._balance:variance is 1583.5318717316165
INFO:cooler._balance:variance is 411.3748911758533
INFO:cooler._balance:variance is 110.80689033174255
INFO:cooler._balance:variance is 30.58244694011182
INFO:cooler._balance:variance is 8.623757712241076
INFO:cooler._balance:variance is 2.466950220530196
INFO:cooler._balance:variance is 0.7136602444056269
INFO:cooler._balance:variance is 0.20799584755293918
INFO:cooler._balance:variance is 0.060950449340780234
INFO:cooler._balance:variance is 0.01792516365466996
INFO:cooler._balance:variance is 0.00528507027767231
INFO:cooler._balance:variance is 0.0015608820696765907
INFO:cooler._balance:variance is 0.00046152457233838675
INFO:cooler._balance:variance is 0.00013657032375193723
INFO:cooler._balance:variance is 4.043412103991113e-05
INFO:cooler._balance:variance is 1.1975494866294672e-05
INFO:cooler._balance:variance is 3.547671542492408e-06
INFO:cooler._balance:chr12
INFO:cooler._balance:variance is 4093507.4407680235
INFO:cooler._balance:variance is 1075620.4658781998
INFO:cooler._balance:variance is 264409.93682848127
INFO:cooler._balance:variance is 79645.76871022198
INFO:cooler._balance:variance is 22027.715632585066
INFO:cooler._balance:variance is 6437.782629604114
INFO:cooler._balance:variance is 1836.7161800714225
INFO:cooler._balance:variance is 532.8698606384906
INFO:cooler._balance:variance is 153.5835252048476
INFO:cooler._balance:variance is 44.49818205868624
INFO:cooler._balance:variance is 12.871064396778252
INFO:cooler._balance:variance is 3.729276154935158
INFO:cooler._balance:variance is 1.0801369486734456
INFO:cooler._balance:variance is 0.31303025574990767
INFO:cooler._balance:variance is 0.0907145435751094
INFO:cooler._balance:variance is 0.02629427140729287
INFO:cooler._balance:variance is 0.007621757554789656
INFO:cooler._balance:variance is 0.002209463257998482
INFO:cooler._balance:variance is 0.0006405144265077507
INFO:cooler._balance:variance is 0.00018568955909058292
INFO:cooler._balance:variance is 5.383356012286575e-05
INFO:cooler._balance:variance is 1.5607250024412762e-05
INFO:cooler._balance:variance is 4.524846268420757e-06
INFO:cooler._balance:chr13
INFO:cooler._balance:variance is 2436313.9137460496
INFO:cooler._balance:variance is 186695.64176839637
INFO:cooler._balance:variance is 27861.91133221837
INFO:cooler._balance:variance is 5289.4089845514745
INFO:cooler._balance:variance is 1100.1584339280178
INFO:cooler._balance:variance is 246.02540439728705
INFO:cooler._balance:variance is 57.041007891260996
INFO:cooler._balance:variance is 13.575563482959298
INFO:cooler._balance:variance is 3.2800882902574764
INFO:cooler._balance:variance is 0.8007915286885434
INFO:cooler._balance:variance is 0.19675807524941571
INFO:cooler._balance:variance is 0.04854993948069563
INFO:cooler._balance:variance is 0.012011822344235288
INFO:cooler._balance:variance is 0.0029770563119600646
INFO:cooler._balance:variance is 0.0007386660044078514
INFO:cooler._balance:variance is 0.0001834091648896725
INFO:cooler._balance:variance is 4.556101467778238e-05
INFO:cooler._balance:variance is 1.1321242667735728e-05
INFO:cooler._balance:variance is 2.813695203844855e-06
INFO:cooler._balance:chr14
INFO:cooler._balance:variance is 3504371.814288482
INFO:cooler._balance:variance is 588803.9462402408
INFO:cooler._balance:variance is 112128.23089463146
INFO:cooler._balance:variance is 28517.79801804674
INFO:cooler._balance:variance is 7619.582396613516
INFO:cooler._balance:variance is 2256.568158631016
INFO:cooler._balance:variance is 695.0049343216685
INFO:cooler._balance:variance is 221.7192288262933
INFO:cooler._balance:variance is 71.70639498953807
INFO:cooler._balance:variance is 23.437787060227983
INFO:cooler._balance:variance is 7.690318400064164
INFO:cooler._balance:variance is 2.5310124602090545
INFO:cooler._balance:variance is 0.8338408312947728
INFO:cooler._balance:variance is 0.2749465130508459
INFO:cooler._balance:variance is 0.09068293492917513
INFO:cooler._balance:variance is 0.029916465493517237
INFO:cooler._balance:variance is 0.009870135638879134
INFO:cooler._balance:variance is 0.003256617937477697
INFO:cooler._balance:variance is 0.001074527066688938
INFO:cooler._balance:variance is 0.00035454947302169046
INFO:cooler._balance:variance is 0.00011698708944874485
INFO:cooler._balance:variance is 3.860127397062018e-05
INFO:cooler._balance:variance is 1.2736957281222542e-05
INFO:cooler._balance:variance is 4.202720566873699e-06
INFO:cooler._balance:chr15
INFO:cooler._balance:variance is 1744168.656867568
INFO:cooler._balance:variance is 155511.7210053736
INFO:cooler._balance:variance is 24335.93415064241
INFO:cooler._balance:variance is 4323.235610529844
INFO:cooler._balance:variance is 802.0111478455269
INFO:cooler._balance:variance is 159.7385522837159
INFO:cooler._balance:variance is 34.03238834713314
INFO:cooler._balance:variance is 7.81950232033451
INFO:cooler._balance:variance is 1.923999417156603
INFO:cooler._balance:variance is 0.5014889679328188
INFO:cooler._balance:variance is 0.13638698335962365
INFO:cooler._balance:variance is 0.03819472442435755
INFO:cooler._balance:variance is 0.010900081870057627
INFO:cooler._balance:variance is 0.003147520625340587
INFO:cooler._balance:variance is 0.0009153988234230079
INFO:cooler._balance:variance is 0.00026736930244122007
INFO:cooler._balance:variance is 7.82918122229814e-05
INFO:cooler._balance:variance is 2.2960053717722555e-05
INFO:cooler._balance:variance is 6.739276955803598e-06
INFO:cooler._balance:chr16
INFO:cooler._balance:variance is 16074837.703276414
INFO:cooler._balance:variance is 609992.2113741802
INFO:cooler._balance:variance is 193692.74152718415
INFO:cooler._balance:variance is 92550.19165571948
INFO:cooler._balance:variance is 35661.47170782198
INFO:cooler._balance:variance is 16038.687671538932
INFO:cooler._balance:variance is 6546.259574221305
INFO:cooler._balance:variance is 2851.028334120432
INFO:cooler._balance:variance is 1190.62935390646
INFO:cooler._balance:variance is 511.1220273960436
INFO:cooler._balance:variance is 215.51536140283616
INFO:cooler._balance:variance is 91.94413030777142
INFO:cooler._balance:variance is 38.92700478538538
INFO:cooler._balance:variance is 16.563144516194857
INFO:cooler._balance:variance is 7.024631444019233
INFO:cooler._balance:variance is 2.985549088982797
INFO:cooler._balance:variance is 1.2671421081504746
INFO:cooler._balance:variance is 0.5382911343613688
INFO:cooler._balance:variance is 0.22853590613831065
INFO:cooler._balance:variance is 0.09706388019885046
INFO:cooler._balance:variance is 0.04121475108566735
INFO:cooler._balance:variance is 0.01750323042322623
INFO:cooler._balance:variance is 0.007432549303923507
INFO:cooler._balance:variance is 0.0031563657769864604
INFO:cooler._balance:variance is 0.0013403472980661546
INFO:cooler._balance:variance is 0.0005691936868574643
INFO:cooler._balance:variance is 0.0002417099456162947
INFO:cooler._balance:variance is 0.00010264418859399894
INFO:cooler._balance:variance is 4.358837643722797e-05
INFO:cooler._balance:variance is 1.8510123342472992e-05
INFO:cooler._balance:variance is 7.86043242217752e-06
INFO:cooler._balance:chr17
INFO:cooler._balance:variance is 1694439.4190112257
INFO:cooler._balance:variance is 276094.70936273044
INFO:cooler._balance:variance is 78567.50059225618
INFO:cooler._balance:variance is 27803.068789317964
INFO:cooler._balance:variance is 9626.950829192143
INFO:cooler._balance:variance is 3475.6865570723294
INFO:cooler._balance:variance is 1245.9588272955118
INFO:cooler._balance:variance is 451.46495294477944
INFO:cooler._balance:variance is 163.2324113728412
INFO:cooler._balance:variance is 59.20326062478433
INFO:cooler._balance:variance is 21.457749386918756
INFO:cooler._balance:variance is 7.784869737834365
INFO:cooler._balance:variance is 2.8236941078068414
INFO:cooler._balance:variance is 1.0245343816932062
INFO:cooler._balance:variance is 0.3717068357008387
INFO:cooler._balance:variance is 0.13487255115957023
INFO:cooler._balance:variance is 0.048936659979274405
INFO:cooler._balance:variance is 0.0177567010973659
INFO:cooler._balance:variance is 0.0064429667234966554
INFO:cooler._balance:variance is 0.0023378444945791627
INFO:cooler._balance:variance is 0.0008482889351075176
INFO:cooler._balance:variance is 0.00030780394992793915
INFO:cooler._balance:variance is 0.00011168735985670387
INFO:cooler._balance:variance is 4.052608586306385e-05
INFO:cooler._balance:variance is 1.4705002448970914e-05
INFO:cooler._balance:variance is 5.335754429685352e-06
INFO:cooler._balance:chr18
INFO:cooler._balance:variance is 1730352.978633395
INFO:cooler._balance:variance is 190188.73516035345
INFO:cooler._balance:variance is 29768.78610002761
INFO:cooler._balance:variance is 5337.0979677475625
INFO:cooler._balance:variance is 964.8158079074983
INFO:cooler._balance:variance is 180.01747603986098
INFO:cooler._balance:variance is 33.78032023146344
INFO:cooler._balance:variance is 6.396865480060884
INFO:cooler._balance:variance is 1.2151396671182557
INFO:cooler._balance:variance is 0.23152934553738477
INFO:cooler._balance:variance is 0.0441792465946487
INFO:cooler._balance:variance is 0.008439616796652932
INFO:cooler._balance:variance is 0.0016132638110840872
INFO:cooler._balance:variance is 0.00030852064872015096
INFO:cooler._balance:variance is 5.901781942553941e-05
INFO:cooler._balance:variance is 1.1291801805315914e-05
INFO:cooler._balance:variance is 2.160702105749039e-06
INFO:cooler._balance:chr20
INFO:cooler._balance:variance is 1986397.0997063043
INFO:cooler._balance:variance is 114372.60281221708
INFO:cooler._balance:variance is 20336.0879511768
INFO:cooler._balance:variance is 4213.767609041594
INFO:cooler._balance:variance is 982.6007198199487
INFO:cooler._balance:variance is 263.34055663520377
INFO:cooler._balance:variance is 78.34392217830968
INFO:cooler._balance:variance is 25.852044659033606
INFO:cooler._balance:variance is 9.126580441069244
INFO:cooler._balance:variance is 3.377930874755832
INFO:cooler._balance:variance is 1.2833852251664117
INFO:cooler._balance:variance is 0.4952304112922713
INFO:cooler._balance:variance is 0.1926438710335263
INFO:cooler._balance:variance is 0.07527734818562322
INFO:cooler._balance:variance is 0.029483063687545667
INFO:cooler._balance:variance is 0.01156198484474876
INFO:cooler._balance:variance is 0.004537030115981237
INFO:cooler._balance:variance is 0.00178100466969129
INFO:cooler._balance:variance is 0.0006992559530176223
INFO:cooler._balance:variance is 0.00027456832430719616
INFO:cooler._balance:variance is 0.0001078167554234131
INFO:cooler._balance:variance is 4.233837730974409e-05
INFO:cooler._balance:variance is 1.6626013573096822e-05
INFO:cooler._balance:variance is 6.528982084294203e-06
INFO:cooler._balance:chrY
INFO:cooler._balance:chr19
INFO:cooler._balance:variance is 3257726.001011975
INFO:cooler._balance:variance is 843776.030561932
INFO:cooler._balance:variance is 176347.24660857595
INFO:cooler._balance:variance is 54140.808700524605
INFO:cooler._balance:variance is 14594.524077649827
INFO:cooler._balance:variance is 4529.7409309237
INFO:cooler._balance:variance is 1374.9942101498505
INFO:cooler._balance:variance is 439.987980896614
INFO:cooler._balance:variance is 141.20642834395434
INFO:cooler._balance:variance is 46.260259406933756
INFO:cooler._balance:variance is 15.230860744475363
INFO:cooler._balance:variance is 5.05676699193932
INFO:cooler._balance:variance is 1.6842115601748346
INFO:cooler._balance:variance is 0.5629126412925959
INFO:cooler._balance:variance is 0.18845235833744844
INFO:cooler._balance:variance is 0.06318472380079396
INFO:cooler._balance:variance is 0.02120158390228619
INFO:cooler._balance:variance is 0.007118790225140895
INFO:cooler._balance:variance is 0.002391141508994536
INFO:cooler._balance:variance is 0.0008033921335960926
INFO:cooler._balance:variance is 0.00026997512070480205
INFO:cooler._balance:variance is 9.073485499949337e-05
INFO:cooler._balance:variance is 3.0497068450952286e-05
INFO:cooler._balance:variance is 1.0250994861407866e-05
INFO:cooler._balance:variance is 3.4457921935744633e-06
INFO:cooler._balance:chr22
INFO:cooler._balance:variance is 1443559.7520322255
INFO:cooler._balance:variance is 106335.73970287447
INFO:cooler._balance:variance is 10559.178475642608
INFO:cooler._balance:variance is 1149.2722770454707
INFO:cooler._balance:variance is 127.7914555544078
INFO:cooler._balance:variance is 14.593643730399487
INFO:cooler._balance:variance is 1.7083923313518488
INFO:cooler._balance:variance is 0.20683026441206373
INFO:cooler._balance:variance is 0.026341690156194454
INFO:cooler._balance:variance is 0.0036595656681230673
INFO:cooler._balance:variance is 0.0005889943539560942
INFO:cooler._balance:variance is 0.00011706822787287561
INFO:cooler._balance:variance is 2.9084013212414532e-05
INFO:cooler._balance:variance is 8.543077678931536e-06
INFO:cooler._balance:chr21
INFO:cooler._balance:variance is 1937484.787743814
INFO:cooler._balance:variance is 444583.5872502197
INFO:cooler._balance:variance is 171950.58527187145
INFO:cooler._balance:variance is 97546.43327170542
INFO:cooler._balance:variance is 48950.60210779665
INFO:cooler._balance:variance is 28627.31762327109
INFO:cooler._balance:variance is 15115.162655781965
INFO:cooler._balance:variance is 8643.985493817241
INFO:cooler._balance:variance is 4664.055493534327
INFO:cooler._balance:variance is 2627.7708858420724
INFO:cooler._balance:variance is 1434.0116065267218
INFO:cooler._balance:variance is 801.2680582759613
INFO:cooler._balance:variance is 439.9502202836472
INFO:cooler._balance:variance is 244.71587306409566
INFO:cooler._balance:variance is 134.81620488726813
INFO:cooler._balance:variance is 74.80376715109051
INFO:cooler._balance:variance is 41.285921965291735
INFO:cooler._balance:variance is 22.876585330948505
INFO:cooler._balance:variance is 12.638904533505219
INFO:cooler._balance:variance is 6.997973916405525
INFO:cooler._balance:variance is 3.8684153198965827
INFO:cooler._balance:variance is 2.140996065948905
INFO:cooler._balance:variance is 1.1838878750836148
INFO:cooler._balance:variance is 0.65507925353605
INFO:cooler._balance:variance is 0.362295176870902
INFO:cooler._balance:variance is 0.2004429683268795
INFO:cooler._balance:variance is 0.11086652652071613
INFO:cooler._balance:variance is 0.061333578383384844
INFO:cooler._balance:variance is 0.033925834496830315
INFO:cooler._balance:variance is 0.018767722931282975
INFO:cooler._balance:variance is 0.010381409645134735
INFO:cooler._balance:variance is 0.005742857905253421
INFO:cooler._balance:variance is 0.003176725832299315
INFO:cooler._balance:variance is 0.0017573017106478103
INFO:cooler._balance:variance is 0.0009720795852590822
INFO:cooler._balance:variance is 0.0005377316186432649
INFO:cooler._balance:variance is 0.0002974563067168513
INFO:cooler._balance:variance is 0.00016454525319148608
INFO:cooler._balance:variance is 9.10215311294297e-05
INFO:cooler._balance:variance is 5.0350691905505496e-05
INFO:cooler._balance:variance is 2.7852544007298068e-05
INFO:cooler._balance:variance is 1.540727000699755e-05
INFO:cooler._balance:variance is 8.522862421108061e-06
INFO:cooler._balance:chrM
