INFO:cooler.cli.balance:Balancing "analysis_other/porec/T2T19/cooler/T2T19_40000_balanced.cool"
INFO:cooler._balance:chr1
INFO:cooler._balance:variance is 24232192.97908445
INFO:cooler._balance:variance is 2392241.212663889
INFO:cooler._balance:variance is 520491.8977603462
INFO:cooler._balance:variance is 168313.55827296886
INFO:cooler._balance:variance is 59863.13610154239
INFO:cooler._balance:variance is 24517.075332372093
INFO:cooler._balance:variance is 10529.154848905086
INFO:cooler._balance:variance is 4721.200692678337
INFO:cooler._balance:variance is 2143.973148793072
INFO:cooler._balance:variance is 985.8064225157493
INFO:cooler._balance:variance is 454.3350108883477
INFO:cooler._balance:variance is 210.20854510991566
INFO:cooler._balance:variance is 97.27169144706941
INFO:cooler._balance:variance is 45.07288648484291
INFO:cooler._balance:variance is 20.882030556699053
INFO:cooler._balance:variance is 9.679656709305293
INFO:cooler._balance:variance is 4.486309314904525
INFO:cooler._balance:variance is 2.0797637969141713
INFO:cooler._balance:variance is 0.9640633649893526
INFO:cooler._balance:variance is 0.44692903509544496
INFO:cooler._balance:variance is 0.20718314688102607
INFO:cooler._balance:variance is 0.09604807793264517
INFO:cooler._balance:variance is 0.044526082186150645
INFO:cooler._balance:variance is 0.020641847743491024
INFO:cooler._balance:variance is 0.009569264992586453
INFO:cooler._balance:variance is 0.004436212576433123
INFO:cooler._balance:variance is 0.0020565732017871
INFO:cooler._balance:variance is 0.0009534056207187631
INFO:cooler._balance:variance is 0.0004419878416217835
INFO:cooler._balance:variance is 0.0002049008310636354
INFO:cooler._balance:variance is 9.498973646295645e-05
INFO:cooler._balance:variance is 4.403621708336444e-05
INFO:cooler._balance:variance is 2.0414705584885957e-05
INFO:cooler._balance:variance is 9.46403641851422e-06
INFO:cooler._balance:chr2
INFO:cooler._balance:variance is 37033027.42323025
INFO:cooler._balance:variance is 6440641.447021247
INFO:cooler._balance:variance is 1524889.2811910359
INFO:cooler._balance:variance is 424318.3306002412
INFO:cooler._balance:variance is 113129.86791511532
INFO:cooler._balance:variance is 31448.57976454218
INFO:cooler._balance:variance is 8715.035053747235
INFO:cooler._balance:variance is 2462.1271925217184
INFO:cooler._balance:variance is 701.6716756913348
INFO:cooler._balance:variance is 202.84188971530554
INFO:cooler._balance:variance is 59.322616002704336
INFO:cooler._balance:variance is 17.56734490300039
INFO:cooler._balance:variance is 5.261299708032182
INFO:cooler._balance:variance is 1.5927059071766938
INFO:cooler._balance:variance is 0.4868081810909325
INFO:cooler._balance:variance is 0.15008035866127858
INFO:cooler._balance:variance is 0.04661868035943542
INFO:cooler._balance:variance is 0.014575371970306344
INFO:cooler._balance:variance is 0.004582288492301113
INFO:cooler._balance:variance is 0.00144733366876243
INFO:cooler._balance:variance is 0.00045892622493627275
INFO:cooler._balance:variance is 0.0001459869165654444
INFO:cooler._balance:variance is 4.6562227215728924e-05
INFO:cooler._balance:variance is 1.488308731181158e-05
INFO:cooler._balance:variance is 4.765598380638136e-06
INFO:cooler._balance:chr3
INFO:cooler._balance:variance is 28603589.063114498
INFO:cooler._balance:variance is 8161175.836338053
INFO:cooler._balance:variance is 2160961.363904846
INFO:cooler._balance:variance is 906457.8172182472
INFO:cooler._balance:variance is 297230.6007645702
INFO:cooler._balance:variance is 116020.79910759947
INFO:cooler._balance:variance is 41138.01369231544
INFO:cooler._balance:variance is 15589.030382152843
INFO:cooler._balance:variance is 5705.6872160210405
INFO:cooler._balance:variance is 2142.193746575937
INFO:cooler._balance:variance is 794.8501971979193
INFO:cooler._balance:variance is 297.9048552936613
INFO:cooler._balance:variance is 111.24837837296295
INFO:cooler._balance:variance is 41.71900504118263
INFO:cooler._balance:variance is 15.631505189890925
INFO:cooler._balance:variance is 5.868073597864092
INFO:cooler._balance:variance is 2.2028798815241264
INFO:cooler._balance:variance is 0.8277524225722988
INFO:cooler._balance:variance is 0.3111022585748638
INFO:cooler._balance:variance is 0.11698602720584715
INFO:cooler._balance:variance is 0.04400094101729504
INFO:cooler._balance:variance is 0.0165548634660549
INFO:cooler._balance:variance is 0.006229708079916895
INFO:cooler._balance:variance is 0.002344741347445807
INFO:cooler._balance:variance is 0.0008826328312885515
INFO:cooler._balance:variance is 0.0003322924716679307
INFO:cooler._balance:variance is 0.0001251128594455162
INFO:cooler._balance:variance is 4.7110749854213134e-05
INFO:cooler._balance:variance is 1.7740529512110726e-05
INFO:cooler._balance:variance is 6.680941474228217e-06
INFO:cooler._balance:chr4
INFO:cooler._balance:variance is 31557022.391715858
INFO:cooler._balance:variance is 6396077.654641168
INFO:cooler._balance:variance is 1444104.4070978386
INFO:cooler._balance:variance is 453944.7007211304
INFO:cooler._balance:variance is 137045.46114417547
INFO:cooler._balance:variance is 45870.37567185368
INFO:cooler._balance:variance is 15366.154813927385
INFO:cooler._balance:variance is 5335.632282691932
INFO:cooler._balance:variance is 1861.2988416124736
INFO:cooler._balance:variance is 658.0024614155632
INFO:cooler._balance:variance is 233.30819379857417
INFO:cooler._balance:variance is 83.15083378772074
INFO:cooler._balance:variance is 29.68056060726809
INFO:cooler._balance:variance is 10.616189853754806
INFO:cooler._balance:variance is 3.8000434361850193
INFO:cooler._balance:variance is 1.3613601963965436
INFO:cooler._balance:variance is 0.48787582432902044
INFO:cooler._balance:variance is 0.1749032144148753
INFO:cooler._balance:variance is 0.0627128420938604
INFO:cooler._balance:variance is 0.02248949764026356
INFO:cooler._balance:variance is 0.008065572926660063
INFO:cooler._balance:variance is 0.0028928000421007427
INFO:cooler._balance:variance is 0.0010375673399525575
INFO:cooler._balance:variance is 0.00037215699148159665
INFO:cooler._balance:variance is 0.00013348815869604295
INFO:cooler._balance:variance is 4.788114675660332e-05
INFO:cooler._balance:variance is 1.717470811417894e-05
INFO:cooler._balance:variance is 6.160507410683882e-06
INFO:cooler._balance:chr5
INFO:cooler._balance:variance is 37616294.97027831
INFO:cooler._balance:variance is 5980650.120997225
INFO:cooler._balance:variance is 1137544.573060308
INFO:cooler._balance:variance is 244572.79452809974
INFO:cooler._balance:variance is 51863.26073829281
INFO:cooler._balance:variance is 11321.151492871906
INFO:cooler._balance:variance is 2489.410789211106
INFO:cooler._balance:variance is 555.6019034700857
INFO:cooler._balance:variance is 125.34940780994383
INFO:cooler._balance:variance is 28.627079222135578
INFO:cooler._balance:variance is 6.613436753158991
INFO:cooler._balance:variance is 1.5465144871688703
INFO:cooler._balance:variance is 0.36622255238901635
INFO:cooler._balance:variance is 0.0879095867548177
INFO:cooler._balance:variance is 0.021415720101848862
INFO:cooler._balance:variance is 0.005302349082136583
INFO:cooler._balance:variance is 0.00133629463217965
INFO:cooler._balance:variance is 0.000343294165473841
INFO:cooler._balance:variance is 9.000320517580656e-05
INFO:cooler._balance:variance is 2.409670226008637e-05
INFO:cooler._balance:variance is 6.588106678023768e-06
INFO:cooler._balance:chr6
INFO:cooler._balance:variance is 48820499.683011815
INFO:cooler._balance:variance is 11321390.573742434
INFO:cooler._balance:variance is 4209991.277846553
INFO:cooler._balance:variance is 2364259.828013721
INFO:cooler._balance:variance is 1008172.3271250493
INFO:cooler._balance:variance is 528473.8678317744
INFO:cooler._balance:variance is 239650.149989867
INFO:cooler._balance:variance is 120560.90323567738
INFO:cooler._balance:variance is 56407.38269779892
INFO:cooler._balance:variance is 27782.939268174734
INFO:cooler._balance:variance is 13203.62243818029
INFO:cooler._balance:variance is 6434.914384367682
INFO:cooler._balance:variance is 3081.769719121964
INFO:cooler._balance:variance is 1494.1141794069902
INFO:cooler._balance:variance is 718.2461292749688
INFO:cooler._balance:variance is 347.3341339883106
INFO:cooler._balance:variance is 167.27450990767477
INFO:cooler._balance:variance is 80.79108829789513
INFO:cooler._balance:variance is 38.94302406688105
INFO:cooler._balance:variance is 18.797535013243234
INFO:cooler._balance:variance is 9.06468444307559
INFO:cooler._balance:variance is 4.3741808077887665
INFO:cooler._balance:variance is 2.109784628413893
INFO:cooler._balance:variance is 1.0179363286889536
INFO:cooler._balance:variance is 0.49102685780664346
INFO:cooler._balance:variance is 0.23689613713500948
INFO:cooler._balance:variance is 0.11427822127974356
INFO:cooler._balance:variance is 0.05513175593591615
INFO:cooler._balance:variance is 0.02659606458439162
INFO:cooler._balance:variance is 0.012830653807665272
INFO:cooler._balance:variance is 0.0061896942017637836
INFO:cooler._balance:variance is 0.0029860511905572228
INFO:cooler._balance:variance is 0.0014405223313249834
INFO:cooler._balance:variance is 0.0006949385947847942
INFO:cooler._balance:variance is 0.0003352511736843082
INFO:cooler._balance:variance is 0.00016173200192465154
INFO:cooler._balance:variance is 7.802259343288842e-05
INFO:cooler._balance:variance is 3.763965728990875e-05
INFO:cooler._balance:variance is 1.8158097449423715e-05
INFO:cooler._balance:variance is 8.759825176913823e-06
INFO:cooler._balance:chr7
INFO:cooler._balance:variance is 32561595.788172297
INFO:cooler._balance:variance is 6239793.188412735
INFO:cooler._balance:variance is 1584962.8521884338
INFO:cooler._balance:variance is 516738.8523804556
INFO:cooler._balance:variance is 149938.54801041487
INFO:cooler._balance:variance is 46874.23722191148
INFO:cooler._balance:variance is 14090.339264733933
INFO:cooler._balance:variance is 4336.378946688943
INFO:cooler._balance:variance is 1318.0375188133967
INFO:cooler._balance:variance is 403.6017262187075
INFO:cooler._balance:variance is 123.11256566531053
INFO:cooler._balance:variance is 37.64196258283428
INFO:cooler._balance:variance is 11.495732187614594
INFO:cooler._balance:variance is 3.513427016410599
INFO:cooler._balance:variance is 1.0734511535520128
INFO:cooler._balance:variance is 0.328055951821568
INFO:cooler._balance:variance is 0.10024937613977289
INFO:cooler._balance:variance is 0.03063813456335472
INFO:cooler._balance:variance is 0.00936363863929726
INFO:cooler._balance:variance is 0.0028618877140061255
INFO:cooler._balance:variance is 0.0008747261110483741
INFO:cooler._balance:variance is 0.00026736853864261855
INFO:cooler._balance:variance is 8.172647271802192e-05
INFO:cooler._balance:variance is 2.4982246522686883e-05
INFO:cooler._balance:variance is 7.636862901687549e-06
INFO:cooler._balance:chrX
INFO:cooler._balance:variance is 6925354.288368452
INFO:cooler._balance:variance is 895753.8530836828
INFO:cooler._balance:variance is 185759.21421186518
INFO:cooler._balance:variance is 45335.190241914395
INFO:cooler._balance:variance is 10702.177555936505
INFO:cooler._balance:variance is 2611.9996831121994
INFO:cooler._balance:variance is 638.4841178965041
INFO:cooler._balance:variance is 158.52129164938083
INFO:cooler._balance:variance is 39.76626263913495
INFO:cooler._balance:variance is 10.123385840028105
INFO:cooler._balance:variance is 2.617562474812672
INFO:cooler._balance:variance is 0.6899051845305068
INFO:cooler._balance:variance is 0.18599741963919728
INFO:cooler._balance:variance is 0.05152748974481688
INFO:cooler._balance:variance is 0.014736061701328325
INFO:cooler._balance:variance is 0.004368807874993921
INFO:cooler._balance:variance is 0.0013463834192834329
INFO:cooler._balance:variance is 0.0004315627856412575
INFO:cooler._balance:variance is 0.00014359986023441222
INFO:cooler._balance:variance is 4.940420642527552e-05
INFO:cooler._balance:variance is 1.7482215723323986e-05
INFO:cooler._balance:variance is 6.327607598568749e-06
INFO:cooler._balance:chr9
INFO:cooler._balance:variance is 19238293.350209367
INFO:cooler._balance:variance is 3156883.5316624157
INFO:cooler._balance:variance is 999490.4298125362
INFO:cooler._balance:variance is 417639.195623847
INFO:cooler._balance:variance is 175450.15154746422
INFO:cooler._balance:variance is 83558.9855700193
INFO:cooler._balance:variance is 39660.690187785054
INFO:cooler._balance:variance is 20435.12270972768
INFO:cooler._balance:variance is 10491.343910636417
INFO:cooler._balance:variance is 5650.272295798131
INFO:cooler._balance:variance is 3032.5394284064173
INFO:cooler._balance:variance is 1669.4052461426134
INFO:cooler._balance:variance is 916.395858631575
INFO:cooler._balance:variance is 509.5637806667853
INFO:cooler._balance:variance is 282.75595729209357
INFO:cooler._balance:variance is 157.91935564485618
INFO:cooler._balance:variance is 88.07403101338741
INFO:cooler._balance:variance is 49.28104138605251
INFO:cooler._balance:variance is 27.54978442781081
INFO:cooler._balance:variance is 15.42701865916167
INFO:cooler._balance:variance is 8.633774842111578
INFO:cooler._balance:variance is 4.836099713716142
INFO:cooler._balance:variance is 2.707951423080957
INFO:cooler._balance:variance is 1.5169935423963825
INFO:cooler._balance:variance is 0.8496454560442895
INFO:cooler._balance:variance is 0.47598852403707825
INFO:cooler._balance:variance is 0.2666262598678707
INFO:cooler._balance:variance is 0.14937074139931678
INFO:cooler._balance:variance is 0.08367537842449313
INFO:cooler._balance:variance is 0.04687704430531787
INFO:cooler._balance:variance is 0.026260630759578612
INFO:cooler._balance:variance is 0.01471182793982125
INFO:cooler._balance:variance is 0.00824172302547302
INFO:cooler._balance:variance is 0.004617197585313357
INFO:cooler._balance:variance is 0.0025866229843186086
INFO:cooler._balance:variance is 0.0014490814388180406
INFO:cooler._balance:variance is 0.0008118002321792117
INFO:cooler._balance:variance is 0.00045478727445010913
INFO:cooler._balance:variance is 0.0002547801416131216
INFO:cooler._balance:variance is 0.00014273299260613684
INFO:cooler._balance:variance is 7.996171770101148e-05
INFO:cooler._balance:variance is 4.4796151579512596e-05
INFO:cooler._balance:variance is 2.509566459784655e-05
INFO:cooler._balance:variance is 1.4059088630243663e-05
INFO:cooler._balance:variance is 7.876173982031089e-06
INFO:cooler._balance:chr8
INFO:cooler._balance:variance is 34103803.9051614
INFO:cooler._balance:variance is 4184550.1540937102
INFO:cooler._balance:variance is 824729.8704321272
INFO:cooler._balance:variance is 195006.9404505949
INFO:cooler._balance:variance is 45459.23879564821
INFO:cooler._balance:variance is 10970.755453713104
INFO:cooler._balance:variance is 2643.5578601579145
INFO:cooler._balance:variance is 642.7849853270676
INFO:cooler._balance:variance is 156.396415335874
INFO:cooler._balance:variance is 38.15790341257777
INFO:cooler._balance:variance is 9.315346421081546
INFO:cooler._balance:variance is 2.2762778188372215
INFO:cooler._balance:variance is 0.5564176084891789
INFO:cooler._balance:variance is 0.13606283500408406
INFO:cooler._balance:variance is 0.03327850757479956
INFO:cooler._balance:variance is 0.008140846131833036
INFO:cooler._balance:variance is 0.0019917478621046827
INFO:cooler._balance:variance is 0.0004873676677587628
INFO:cooler._balance:variance is 0.00011927041337400632
INFO:cooler._balance:variance is 2.9192089215683616e-05
INFO:cooler._balance:variance is 7.145911317122563e-06
INFO:cooler._balance:chr11
INFO:cooler._balance:variance is 26692132.225080833
INFO:cooler._balance:variance is 9388055.869603865
INFO:cooler._balance:variance is 3759720.672342607
INFO:cooler._balance:variance is 2206030.546970044
INFO:cooler._balance:variance is 995984.0329241093
INFO:cooler._balance:variance is 555148.7930389877
INFO:cooler._balance:variance is 265295.1717922951
INFO:cooler._balance:variance is 142527.18188679012
INFO:cooler._balance:variance is 70339.24722090483
INFO:cooler._balance:variance is 36974.05541212465
INFO:cooler._balance:variance is 18571.917007777247
INFO:cooler._balance:variance is 9644.587319751603
INFO:cooler._balance:variance is 4890.19487171955
INFO:cooler._balance:variance is 2522.980926405252
INFO:cooler._balance:variance is 1285.5718644835667
INFO:cooler._balance:variance is 660.9750262717702
INFO:cooler._balance:variance is 337.6586676690033
INFO:cooler._balance:variance is 173.29429954731046
INFO:cooler._balance:variance is 88.64415223368094
INFO:cooler._balance:variance is 45.45180182153035
INFO:cooler._balance:variance is 23.265456619873117
INFO:cooler._balance:variance is 11.92349203222889
INFO:cooler._balance:variance is 6.105415151986444
INFO:cooler._balance:variance is 3.1282358078040207
INFO:cooler._balance:variance is 1.6020969074052547
INFO:cooler._balance:variance is 0.8207630411839963
INFO:cooler._balance:variance is 0.4203846443019691
INFO:cooler._balance:variance is 0.21535129645870751
INFO:cooler._balance:variance is 0.11030543459057136
INFO:cooler._balance:variance is 0.05650449681153073
INFO:cooler._balance:variance is 0.02894295470699849
INFO:cooler._balance:variance is 0.014825915167415315
INFO:cooler._balance:variance is 0.00759428180444397
INFO:cooler._balance:variance is 0.003890106878826556
INFO:cooler._balance:variance is 0.0019926428676550786
INFO:cooler._balance:variance is 0.0010207099210922802
INFO:cooler._balance:variance is 0.0005228434525883593
INFO:cooler._balance:variance is 0.0002678203281813176
INFO:cooler._balance:variance is 0.00013718720056472708
INFO:cooler._balance:variance is 7.027242556856462e-05
INFO:cooler._balance:variance is 3.5996093259131814e-05
INFO:cooler._balance:variance is 1.8438536831120093e-05
INFO:cooler._balance:variance is 9.444893556327068e-06
INFO:cooler._balance:chr10
INFO:cooler._balance:variance is 25092677.816130247
INFO:cooler._balance:variance is 3676496.4037142703
INFO:cooler._balance:variance is 919044.9873690268
INFO:cooler._balance:variance is 261012.71588479838
INFO:cooler._balance:variance is 73840.76191275995
INFO:cooler._balance:variance is 21457.87305775995
INFO:cooler._balance:variance is 6228.54490754257
INFO:cooler._balance:variance is 1824.523267025642
INFO:cooler._balance:variance is 535.2838867501963
INFO:cooler._balance:variance is 157.7804722031952
INFO:cooler._balance:variance is 46.62358081269787
INFO:cooler._balance:variance is 13.825162141336303
INFO:cooler._balance:variance is 4.111198788124211
INFO:cooler._balance:variance is 1.2264277180035512
INFO:cooler._balance:variance is 0.36695067128051473
INFO:cooler._balance:variance is 0.11013108960149934
INFO:cooler._balance:variance is 0.0331525319240253
INFO:cooler._balance:variance is 0.010009941735472835
INFO:cooler._balance:variance is 0.0030312975536804184
INFO:cooler._balance:variance is 0.0009206375904174488
INFO:cooler._balance:variance is 0.00028040071380459886
INFO:cooler._balance:variance is 8.563779886175812e-05
INFO:cooler._balance:variance is 2.6224422098468542e-05
INFO:cooler._balance:variance is 8.051105060920502e-06
INFO:cooler._balance:chr12
INFO:cooler._balance:variance is 25432049.293180622
INFO:cooler._balance:variance is 6927646.283161555
INFO:cooler._balance:variance is 2357978.200079792
INFO:cooler._balance:variance is 989171.4173701138
INFO:cooler._balance:variance is 377609.9729903159
INFO:cooler._balance:variance is 156419.36854514712
INFO:cooler._balance:variance is 62075.4580406928
INFO:cooler._balance:variance is 25486.072792092284
INFO:cooler._balance:variance is 10270.527675737654
INFO:cooler._balance:variance is 4197.500380738559
INFO:cooler._balance:variance is 1701.966954288598
INFO:cooler._balance:variance is 694.101430631379
INFO:cooler._balance:variance is 282.1345938569425
INFO:cooler._balance:variance is 114.95222187589094
INFO:cooler._balance:variance is 46.77160359051973
INFO:cooler._balance:variance is 19.0487461442056
INFO:cooler._balance:variance is 7.753627920034532
INFO:cooler._balance:variance is 3.15728851336186
INFO:cooler._balance:variance is 1.2853541627195921
INFO:cooler._balance:variance is 0.5233603633583056
INFO:cooler._balance:variance is 0.21307750032151498
INFO:cooler._balance:variance is 0.0867566189538491
INFO:cooler._balance:variance is 0.03532244687935145
INFO:cooler._balance:variance is 0.014381706947161331
INFO:cooler._balance:variance is 0.0058554894559130705
INFO:cooler._balance:variance is 0.002384079012886758
INFO:cooler._balance:variance is 0.0009706781995601851
INFO:cooler._balance:variance is 0.0003952135330848326
INFO:cooler._balance:variance is 0.00016091154052916282
INFO:cooler._balance:variance is 6.551539302525322e-05
INFO:cooler._balance:variance is 2.6674669146227857e-05
INFO:cooler._balance:variance is 1.0860630697336207e-05
INFO:cooler._balance:variance is 4.4219197892729204e-06
INFO:cooler._balance:chr13
INFO:cooler._balance:variance is 16000872.329696855
INFO:cooler._balance:variance is 2252926.542451447
INFO:cooler._balance:variance is 411806.9832530796
INFO:cooler._balance:variance is 93805.88982263324
INFO:cooler._balance:variance is 22246.26878976284
INFO:cooler._balance:variance is 5682.340784308832
INFO:cooler._balance:variance is 1513.4918720237192
INFO:cooler._balance:variance is 419.7507953099756
INFO:cooler._balance:variance is 119.76951895194574
INFO:cooler._balance:variance is 35.01282467002311
INFO:cooler._balance:variance is 10.419357624432148
INFO:cooler._balance:variance is 3.144969376410891
INFO:cooler._balance:variance is 0.9592284147622807
INFO:cooler._balance:variance is 0.2949018876091898
INFO:cooler._balance:variance is 0.09119040516385613
INFO:cooler._balance:variance is 0.02831946091615311
INFO:cooler._balance:variance is 0.008822077286886254
INFO:cooler._balance:variance is 0.002754493599730239
INFO:cooler._balance:variance is 0.0008614355809980882
INFO:cooler._balance:variance is 0.00026972285421469785
INFO:cooler._balance:variance is 8.452442896736801e-05
INFO:cooler._balance:variance is 2.6504099459066206e-05
INFO:cooler._balance:variance is 8.314480643545643e-06
INFO:cooler._balance:chr14
INFO:cooler._balance:variance is 18303328.834352214
INFO:cooler._balance:variance is 4153469.916926957
INFO:cooler._balance:variance is 1079645.0159441258
INFO:cooler._balance:variance is 389185.97385063005
INFO:cooler._balance:variance is 140240.5442728888
INFO:cooler._balance:variance is 56989.64354782987
INFO:cooler._balance:variance is 23745.956390406704
INFO:cooler._balance:variance is 10338.743113026438
INFO:cooler._balance:variance is 4561.35658516201
INFO:cooler._balance:variance is 2044.839566412829
INFO:cooler._balance:variance is 921.0237095416999
INFO:cooler._balance:variance is 417.28554342664876
INFO:cooler._balance:variance is 189.32292909645605
INFO:cooler._balance:variance is 86.08543759435227
INFO:cooler._balance:variance is 39.15679164411975
INFO:cooler._balance:variance is 17.82589694931367
INFO:cooler._balance:variance is 8.115593760657074
INFO:cooler._balance:variance is 3.6960097316925737
INFO:cooler._balance:variance is 1.6832246027276814
INFO:cooler._balance:variance is 0.7666703916699729
INFO:cooler._balance:variance is 0.34919535790165906
INFO:cooler._balance:variance is 0.15905663718870805
INFO:cooler._balance:variance is 0.07244864732397839
INFO:cooler._balance:variance is 0.03300035198646692
INFO:cooler._balance:variance is 0.01503156039556759
INFO:cooler._balance:variance is 0.0068468956122538956
INFO:cooler._balance:variance is 0.0031187594043511034
INFO:cooler._balance:variance is 0.0014206000199710404
INFO:cooler._balance:variance is 0.0006470845340814115
INFO:cooler._balance:variance is 0.00029474808683600123
INFO:cooler._balance:variance is 0.00013425813463729166
INFO:cooler._balance:variance is 6.115480150194023e-05
INFO:cooler._balance:variance is 2.7856101764997822e-05
INFO:cooler._balance:variance is 1.2688499566295921e-05
INFO:cooler._balance:variance is 5.779631066035176e-06
INFO:cooler._balance:chr15
INFO:cooler._balance:variance is 13729279.535846936
INFO:cooler._balance:variance is 1091153.2697916608
INFO:cooler._balance:variance is 233513.74851586123
INFO:cooler._balance:variance is 59140.39946488372
INFO:cooler._balance:variance is 16141.722217642166
INFO:cooler._balance:variance is 4802.084505355095
INFO:cooler._balance:variance is 1518.8901916791751
INFO:cooler._balance:variance is 506.35788120930584
INFO:cooler._balance:variance is 175.0285455137846
INFO:cooler._balance:variance is 62.05895733994015
INFO:cooler._balance:variance is 22.3687486851465
INFO:cooler._balance:variance is 8.147570497872996
INFO:cooler._balance:variance is 2.987282563165188
INFO:cooler._balance:variance is 1.099687130474899
INFO:cooler._balance:variance is 0.40583789380124174
INFO:cooler._balance:variance is 0.14999891384748829
INFO:cooler._balance:variance is 0.0554921814556711
INFO:cooler._balance:variance is 0.020540800421419005
INFO:cooler._balance:variance is 0.007605973180479709
INFO:cooler._balance:variance is 0.0028169675288334923
INFO:cooler._balance:variance is 0.0010434347923345905
INFO:cooler._balance:variance is 0.00038652894593001197
INFO:cooler._balance:variance is 0.00014319231032328106
INFO:cooler._balance:variance is 5.3048084940676296e-05
INFO:cooler._balance:variance is 1.9652939589498657e-05
INFO:cooler._balance:variance is 7.280981291708522e-06
INFO:cooler._balance:chr16
INFO:cooler._balance:variance is 11902006.469387257
INFO:cooler._balance:variance is 1797960.086544845
INFO:cooler._balance:variance is 489842.34723223693
INFO:cooler._balance:variance is 201537.78402502654
INFO:cooler._balance:variance is 80551.86929964328
INFO:cooler._balance:variance is 38260.03316315843
INFO:cooler._balance:variance is 17688.425351738297
INFO:cooler._balance:variance is 8885.313533587396
INFO:cooler._balance:variance is 4406.715664707696
INFO:cooler._balance:variance is 2269.9816521771536
INFO:cooler._balance:variance is 1162.0608522531154
INFO:cooler._balance:variance is 605.0318173648316
INFO:cooler._balance:variance is 313.9756981027094
INFO:cooler._balance:variance is 164.17732362179748
INFO:cooler._balance:variance is 85.69156495461102
INFO:cooler._balance:variance is 44.88252323963906
INFO:cooler._balance:variance is 23.484048833582204
INFO:cooler._balance:variance is 12.307803034192013
INFO:cooler._balance:variance is 6.446746037561749
INFO:cooler._balance:variance is 3.3794235647373863
INFO:cooler._balance:variance is 1.7709552602169403
INFO:cooler._balance:variance is 0.9284102882684009
INFO:cooler._balance:variance is 0.4866279060158729
INFO:cooler._balance:variance is 0.2551157162642403
INFO:cooler._balance:variance is 0.13373232691455358
INFO:cooler._balance:variance is 0.07010957939918751
INFO:cooler._balance:variance is 0.036753282291646074
INFO:cooler._balance:variance is 0.019267975180583288
INFO:cooler._balance:variance is 0.010100993422425571
INFO:cooler._balance:variance is 0.005295450491129657
INFO:cooler._balance:variance is 0.0027761015230311336
INFO:cooler._balance:variance is 0.0014553696971400384
INFO:cooler._balance:variance is 0.0007629707753370754
INFO:cooler._balance:variance is 0.00039998650604094256
INFO:cooler._balance:variance is 0.00020969156696857804
INFO:cooler._balance:variance is 0.00010993046636467249
INFO:cooler._balance:variance is 5.763074250547229e-05
INFO:cooler._balance:variance is 3.0212810543948184e-05
INFO:cooler._balance:variance is 1.5838991702623775e-05
INFO:cooler._balance:variance is 8.303560117962137e-06
INFO:cooler._balance:chr17
INFO:cooler._balance:variance is 18014188.101288747
INFO:cooler._balance:variance is 4599152.818649893
INFO:cooler._balance:variance is 1642731.4031908684
INFO:cooler._balance:variance is 774596.9310386841
INFO:cooler._balance:variance is 329079.24361204304
INFO:cooler._balance:variance is 152774.51931294537
INFO:cooler._balance:variance is 68146.47268273978
INFO:cooler._balance:variance is 31372.4855401732
INFO:cooler._balance:variance is 14218.117332434615
INFO:cooler._balance:variance is 6521.913529972854
INFO:cooler._balance:variance is 2972.3845579730378
INFO:cooler._balance:variance is 1361.3161811269626
INFO:cooler._balance:variance is 621.7516891934255
INFO:cooler._balance:variance is 284.55965932977125
INFO:cooler._balance:variance is 130.07881786852812
INFO:cooler._balance:variance is 59.515582370930616
INFO:cooler._balance:variance is 27.21587403531678
INFO:cooler._balance:variance is 12.450506700607956
INFO:cooler._balance:variance is 5.694391738150697
INFO:cooler._balance:variance is 2.6048650453795497
INFO:cooler._balance:variance is 1.1914502074029605
INFO:cooler._balance:variance is 0.5450063595474629
INFO:cooler._balance:variance is 0.24929053999008713
INFO:cooler._balance:variance is 0.11403177703998459
INFO:cooler._balance:variance is 0.05215983624620123
INFO:cooler._balance:variance is 0.023859083545698802
INFO:cooler._balance:variance is 0.010913570035393099
INFO:cooler._balance:variance is 0.004992099186779795
INFO:cooler._balance:variance is 0.002283481699367787
INFO:cooler._balance:variance is 0.001044511828030767
INFO:cooler._balance:variance is 0.0004777803213681493
INFO:cooler._balance:variance is 0.00021854649072216125
INFO:cooler._balance:variance is 9.996753659117563e-05
INFO:cooler._balance:variance is 4.572718378324014e-05
INFO:cooler._balance:variance is 2.0916534206128312e-05
INFO:cooler._balance:variance is 9.567646864512865e-06
INFO:cooler._balance:chr18
INFO:cooler._balance:variance is 19978579.83266912
INFO:cooler._balance:variance is 3513727.4675576687
INFO:cooler._balance:variance is 768774.2106902694
INFO:cooler._balance:variance is 191748.2197066937
INFO:cooler._balance:variance is 46929.14677438182
INFO:cooler._balance:variance is 11878.89006780244
INFO:cooler._balance:variance is 2994.4297676377078
INFO:cooler._balance:variance is 762.5356281203177
INFO:cooler._balance:variance is 194.18320721971685
INFO:cooler._balance:variance is 49.61990146163382
INFO:cooler._balance:variance is 12.687314814534657
INFO:cooler._balance:variance is 3.2483150659066906
INFO:cooler._balance:variance is 0.8320645238203267
INFO:cooler._balance:variance is 0.2132576001359061
INFO:cooler._balance:variance is 0.05467392228306621
INFO:cooler._balance:variance is 0.014020821482974422
INFO:cooler._balance:variance is 0.0035961592331369596
INFO:cooler._balance:variance is 0.0009224932290661536
INFO:cooler._balance:variance is 0.00023666116526071637
INFO:cooler._balance:variance is 6.071853378638133e-05
INFO:cooler._balance:variance is 1.5578906708804543e-05
INFO:cooler._balance:variance is 3.9973186397027225e-06
INFO:cooler._balance:chr20
INFO:cooler._balance:variance is 12980445.755247576
INFO:cooler._balance:variance is 1858306.0298439339
INFO:cooler._balance:variance is 488516.6520440255
INFO:cooler._balance:variance is 151078.84050675988
INFO:cooler._balance:variance is 52015.350401422715
INFO:cooler._balance:variance is 19571.099001175906
INFO:cooler._balance:variance is 7922.247852305025
INFO:cooler._balance:variance is 3429.069585975538
INFO:cooler._balance:variance is 1550.8519363540463
INFO:cooler._balance:variance is 725.8980877056929
INFO:cooler._balance:variance is 346.610121351063
INFO:cooler._balance:variance is 167.79879762320974
INFO:cooler._balance:variance is 81.88020705521035
INFO:cooler._balance:variance is 40.15529193751993
INFO:cooler._balance:variance is 19.752923268225526
INFO:cooler._balance:variance is 9.733914797212675
INFO:cooler._balance:variance is 4.802401172421807
INFO:cooler._balance:variance is 2.3708262184841464
INFO:cooler._balance:variance is 1.170969726291829
INFO:cooler._balance:variance is 0.5784786066489628
INFO:cooler._balance:variance is 0.2858330021032492
INFO:cooler._balance:variance is 0.14124445444683079
INFO:cooler._balance:variance is 0.06980157781039284
INFO:cooler._balance:variance is 0.03449618660104983
INFO:cooler._balance:variance is 0.0170487184932137
INFO:cooler._balance:variance is 0.008425905409037274
INFO:cooler._balance:variance is 0.00416435572410643
INFO:cooler._balance:variance is 0.0020581663540372138
INFO:cooler._balance:variance is 0.0010172224472941229
INFO:cooler._balance:variance is 0.0005027497256830369
INFO:cooler._balance:variance is 0.0002484786020238102
INFO:cooler._balance:variance is 0.0001228078899339708
INFO:cooler._balance:variance is 6.0696563415458876e-05
INFO:cooler._balance:variance is 2.9998666938037088e-05
INFO:cooler._balance:variance is 1.482654850323481e-05
INFO:cooler._balance:variance is 7.327876871011851e-06
INFO:cooler._balance:chrY
INFO:cooler._balance:variance is 10615089.364730908
INFO:cooler._balance:variance is 9354178.465454238
INFO:cooler._balance:variance is 6419883.134565202
INFO:cooler._balance:variance is 5386472.54041687
INFO:cooler._balance:variance is 2891762.107765266
INFO:cooler._balance:variance is 2094767.390816108
INFO:cooler._balance:variance is 1122008.327770634
INFO:cooler._balance:variance is 745930.2859862341
INFO:cooler._balance:variance is 414475.5696207685
INFO:cooler._balance:variance is 262344.36486700794
INFO:cooler._balance:variance is 150148.98086469722
INFO:cooler._balance:variance is 92539.94345122369
INFO:cooler._balance:variance is 53947.09174772857
INFO:cooler._balance:variance is 32780.862301406676
INFO:cooler._balance:variance is 19312.918964830318
INFO:cooler._balance:variance is 11646.684415545882
INFO:cooler._balance:variance is 6902.471820566817
INFO:cooler._balance:variance is 4145.3190531769515
INFO:cooler._balance:variance is 2464.922316304582
INFO:cooler._balance:variance is 1476.9010260975524
INFO:cooler._balance:variance is 879.8558192429131
INFO:cooler._balance:variance is 526.4869854862992
INFO:cooler._balance:variance is 313.98773107247615
INFO:cooler._balance:variance is 187.74060015507627
INFO:cooler._balance:variance is 112.03434810410101
INFO:cooler._balance:variance is 66.95815260510167
INFO:cooler._balance:variance is 39.971663794229926
INFO:cooler._balance:variance is 23.883097027276946
INFO:cooler._balance:variance is 14.260363514521993
INFO:cooler._balance:variance is 8.519254329381807
INFO:cooler._balance:variance is 5.087392044827496
INFO:cooler._balance:variance is 3.0389679693246334
INFO:cooler._balance:variance is 1.8148948129023685
INFO:cooler._balance:variance is 1.0840729585822724
INFO:cooler._balance:variance is 0.6474446457099886
INFO:cooler._balance:variance is 0.3867189595864202
INFO:cooler._balance:variance is 0.2309674397612497
INFO:cooler._balance:variance is 0.13795425114407797
INFO:cooler._balance:variance is 0.08239427267311343
INFO:cooler._balance:variance is 0.04921259667890132
INFO:cooler._balance:variance is 0.02939288206340094
INFO:cooler._balance:variance is 0.01755571006929199
INFO:cooler._balance:variance is 0.010485439726299239
INFO:cooler._balance:variance is 0.0062626921908639265
INFO:cooler._balance:variance is 0.0037405091437705384
INFO:cooler._balance:variance is 0.0022341074597505674
INFO:cooler._balance:variance is 0.0013343647211460467
INFO:cooler._balance:variance is 0.0007969796708160954
INFO:cooler._balance:variance is 0.00047601236778138585
INFO:cooler._balance:variance is 0.0002843089578718271
INFO:cooler._balance:variance is 0.0001698094421627618
INFO:cooler._balance:variance is 0.00010142240662896399
INFO:cooler._balance:variance is 6.057666804782579e-05
INFO:cooler._balance:variance is 3.6180729608953836e-05
INFO:cooler._balance:variance is 2.1609707932393062e-05
INFO:cooler._balance:variance is 1.290686458893614e-05
INFO:cooler._balance:variance is 7.708899681146907e-06
INFO:cooler._balance:chr19
INFO:cooler._balance:variance is 67121681.95294659
INFO:cooler._balance:variance is 31440349.34013459
INFO:cooler._balance:variance is 7980726.049323719
INFO:cooler._balance:variance is 3749407.330770878
INFO:cooler._balance:variance is 1244949.8544916292
INFO:cooler._balance:variance is 545712.191242764
INFO:cooler._balance:variance is 208733.0703369098
INFO:cooler._balance:variance is 89562.84441422325
INFO:cooler._balance:variance is 36540.8257010742
INFO:cooler._balance:variance is 15612.679176659372
INFO:cooler._balance:variance is 6548.737089624392
INFO:cooler._balance:variance is 2798.346214076661
INFO:cooler._balance:variance is 1187.5898853928381
INFO:cooler._balance:variance is 507.83095739090425
INFO:cooler._balance:variance is 216.59188456324625
INFO:cooler._balance:variance is 92.66741860372494
INFO:cooler._balance:variance is 39.60728728069739
INFO:cooler._balance:variance is 16.95099909802476
INFO:cooler._balance:variance is 7.2517693072765415
INFO:cooler._balance:variance is 3.1041004108145285
INFO:cooler._balance:variance is 1.328493710150257
INFO:cooler._balance:variance is 0.5687054823500447
INFO:cooler._balance:variance is 0.2434378946853907
INFO:cooler._balance:variance is 0.10421587360713423
INFO:cooler._balance:variance is 0.044613748632917845
INFO:cooler._balance:variance is 0.019099545005369187
INFO:cooler._balance:variance is 0.008176604645597534
INFO:cooler._balance:variance is 0.0035005109454810486
INFO:cooler._balance:variance is 0.0014986083988767897
INFO:cooler._balance:variance is 0.0006415766871618339
INFO:cooler._balance:variance is 0.0002746681549231
INFO:cooler._balance:variance is 0.00011758980177784071
INFO:cooler._balance:variance is 5.0342032150496736e-05
INFO:cooler._balance:variance is 2.15522458879487e-05
INFO:cooler._balance:variance is 9.22686619134547e-06
INFO:cooler._balance:chr22
INFO:cooler._balance:variance is 11116721.943652045
INFO:cooler._balance:variance is 1400451.1087860758
INFO:cooler._balance:variance is 271624.9620812929
INFO:cooler._balance:variance is 77281.99835402418
INFO:cooler._balance:variance is 27060.090285643222
INFO:cooler._balance:variance is 10995.635155233003
INFO:cooler._balance:variance is 4908.363861880027
INFO:cooler._balance:variance is 2244.560886508623
INFO:cooler._balance:variance is 1055.8722393957732
INFO:cooler._balance:variance is 496.72970612676113
INFO:cooler._balance:variance is 235.98335665304361
INFO:cooler._balance:variance is 111.87645530634374
INFO:cooler._balance:variance is 53.246615582893746
INFO:cooler._balance:variance is 25.306103156398986
INFO:cooler._balance:variance is 12.047226205789807
INFO:cooler._balance:variance is 5.730698787613754
INFO:cooler._balance:variance is 2.728055574179071
INFO:cooler._balance:variance is 1.2981466626763365
INFO:cooler._balance:variance is 0.617934770905272
INFO:cooler._balance:variance is 0.29408607234994216
INFO:cooler._balance:variance is 0.13998287425672892
INFO:cooler._balance:variance is 0.0666243205885314
INFO:cooler._balance:variance is 0.031711933989381984
INFO:cooler._balance:variance is 0.015093572866660554
INFO:cooler._balance:variance is 0.007184167411434094
INFO:cooler._balance:variance is 0.0034194079261774296
INFO:cooler._balance:variance is 0.0016275430772947038
INFO:cooler._balance:variance is 0.0007746567601368196
INFO:cooler._balance:variance is 0.0003687138932901421
INFO:cooler._balance:variance is 0.00017549607803687544
INFO:cooler._balance:variance is 8.353085439067886e-05
INFO:cooler._balance:variance is 3.9758074771241344e-05
INFO:cooler._balance:variance is 1.8923633402239114e-05
INFO:cooler._balance:variance is 9.007062743975546e-06
INFO:cooler._balance:chr21
INFO:cooler._balance:variance is 14796924.399749346
INFO:cooler._balance:variance is 3696509.4805151895
INFO:cooler._balance:variance is 1261628.8767279682
INFO:cooler._balance:variance is 600681.2214481743
INFO:cooler._balance:variance is 336776.93911112467
INFO:cooler._balance:variance is 213894.46552170548
INFO:cooler._balance:variance is 136215.28280747027
INFO:cooler._balance:variance is 91885.75223442321
INFO:cooler._balance:variance is 60088.4922896086
INFO:cooler._balance:variance is 40841.36438604342
INFO:cooler._balance:variance is 26964.081608324657
INFO:cooler._balance:variance is 18303.206602810955
INFO:cooler._balance:variance is 12151.59703582815
INFO:cooler._balance:variance is 8228.173648179822
INFO:cooler._balance:variance is 5483.250915239804
INFO:cooler._balance:variance is 3704.687994560979
INFO:cooler._balance:variance is 2475.1532143247973
INFO:cooler._balance:variance is 1669.453623896655
INFO:cooler._balance:variance is 1117.343109169945
INFO:cooler._balance:variance is 752.6904627188143
INFO:cooler._balance:variance is 504.36621622614837
INFO:cooler._balance:variance is 339.46177532157475
INFO:cooler._balance:variance is 227.65150087456894
INFO:cooler._balance:variance is 153.12537935713675
INFO:cooler._balance:variance is 102.74556106272975
INFO:cooler._balance:variance is 69.08043016331251
INFO:cooler._balance:variance is 46.36925274561105
INFO:cooler._balance:variance is 31.16706294589326
INFO:cooler._balance:variance is 20.925607180100773
INFO:cooler._balance:variance is 14.062356141367559
INFO:cooler._balance:variance is 9.443050888510022
INFO:cooler._balance:variance is 6.345038794583097
INFO:cooler._balance:variance is 4.261249392362298
INFO:cooler._balance:variance is 2.8629889740672847
INFO:cooler._balance:variance is 1.9228920119063602
INFO:cooler._balance:variance is 1.2918472479375829
INFO:cooler._balance:variance is 0.867697317564178
INFO:cooler._balance:variance is 0.5829169789252806
INFO:cooler._balance:variance is 0.391542121568653
INFO:cooler._balance:variance is 0.2630297960673096
INFO:cooler._balance:variance is 0.17667967993743278
INFO:cooler._balance:variance is 0.11868750386018613
INFO:cooler._balance:variance is 0.07972477148413165
INFO:cooler._balance:variance is 0.053555768066171815
INFO:cooler._balance:variance is 0.035974850149221894
INFO:cooler._balance:variance is 0.024166197315793756
INFO:cooler._balance:variance is 0.01623319669719526
INFO:cooler._balance:variance is 0.010904629758485112
INFO:cooler._balance:variance is 0.007325017534876403
INFO:cooler._balance:variance is 0.004920552797286111
INFO:cooler._balance:variance is 0.0033053160337186615
INFO:cooler._balance:variance is 0.0022203278772620215
INFO:cooler._balance:variance is 0.0014914788973350104
INFO:cooler._balance:variance is 0.001001891036807469
INFO:cooler._balance:variance is 0.0006730093561889603
INFO:cooler._balance:variance is 0.00045208904241578104
INFO:cooler._balance:variance is 0.00030368616036784087
INFO:cooler._balance:variance is 0.0002039987678679448
INFO:cooler._balance:variance is 0.00013703415907717075
INFO:cooler._balance:variance is 9.205156096362176e-05
INFO:cooler._balance:variance is 6.183475392629581e-05
INFO:cooler._balance:variance is 4.1536969137547154e-05
INFO:cooler._balance:variance is 2.7902068925900413e-05
INFO:cooler._balance:variance is 1.8742972694714628e-05
INFO:cooler._balance:variance is 1.2590418299585479e-05
INFO:cooler._balance:variance is 8.457502920235304e-06
INFO:cooler._balance:chrM
