INFO:cooler.cli.balance:Balancing "analysis_other/porec/T2T13.hp2/cooler/T2T13.hp2_10000_balanced.cool"
INFO:cooler._balance:chr1
INFO:cooler._balance:variance is 24383187.384561468
INFO:cooler._balance:variance is 95646.6643696588
INFO:cooler._balance:variance is 25354.150834227017
INFO:cooler._balance:variance is 9880.757291586018
INFO:cooler._balance:variance is 3975.4889421695466
INFO:cooler._balance:variance is 1771.1822754948241
INFO:cooler._balance:variance is 792.6393891180427
INFO:cooler._balance:variance is 365.8115764096684
INFO:cooler._balance:variance is 168.2304967757231
INFO:cooler._balance:variance is 78.20017971390033
INFO:cooler._balance:variance is 36.23486561229022
INFO:cooler._balance:variance is 16.860562406238945
INFO:cooler._balance:variance is 7.83096190551894
INFO:cooler._balance:variance is 3.6436051711383115
INFO:cooler._balance:variance is 1.6937056344004555
INFO:cooler._balance:variance is 0.7879275141214445
INFO:cooler._balance:variance is 0.3663833500176752
INFO:cooler._balance:variance is 0.17042754014033515
INFO:cooler._balance:variance is 0.0792591415601678
INFO:cooler._balance:variance is 0.03686631641011952
INFO:cooler._balance:variance is 0.01714611446596412
INFO:cooler._balance:variance is 0.00797506665708115
INFO:cooler._balance:variance is 0.0037092161869299598
INFO:cooler._balance:variance is 0.0017252222986127888
INFO:cooler._balance:variance is 0.000802413598640238
INFO:cooler._balance:variance is 0.00037321448449604926
INFO:cooler._balance:variance is 0.0001735857932487676
INFO:cooler._balance:variance is 8.07370933274087e-05
INFO:cooler._balance:variance is 3.755172867067874e-05
INFO:cooler._balance:variance is 1.746579120086596e-05
INFO:cooler._balance:variance is 8.123545400169683e-06
INFO:cooler._balance:chr2
INFO:cooler._balance:variance is 905779.6471994977
INFO:cooler._balance:variance is 102465.88299326006
INFO:cooler._balance:variance is 22760.000582637953
INFO:cooler._balance:variance is 6249.464491187604
INFO:cooler._balance:variance is 1621.89222269297
INFO:cooler._balance:variance is 442.23042393796703
INFO:cooler._balance:variance is 119.11829295808309
INFO:cooler._balance:variance is 32.64216058667828
INFO:cooler._balance:variance is 8.964664124172293
INFO:cooler._balance:variance is 2.4890830856138346
INFO:cooler._balance:variance is 0.696669185474435
INFO:cooler._balance:variance is 0.19718913316924563
INFO:cooler._balance:variance is 0.05644890265395704
INFO:cooler._balance:variance is 0.01636772264669574
INFO:cooler._balance:variance is 0.004809413029962875
INFO:cooler._balance:variance is 0.0014328403345927078
INFO:cooler._balance:variance is 0.00043281237328832064
INFO:cooler._balance:variance is 0.0001325152687330457
INFO:cooler._balance:variance is 4.109607385316303e-05
INFO:cooler._balance:variance is 1.2897204215779319e-05
INFO:cooler._balance:variance is 4.091281919627839e-06
INFO:cooler._balance:chr3
INFO:cooler._balance:variance is 633191.6043953948
INFO:cooler._balance:variance is 124514.3397583249
INFO:cooler._balance:variance is 27613.826177944233
INFO:cooler._balance:variance is 9888.130580192299
INFO:cooler._balance:variance is 2813.8107987505414
INFO:cooler._balance:variance is 929.0548159188041
INFO:cooler._balance:variance is 287.1069065183305
INFO:cooler._balance:variance is 93.60358298779143
INFO:cooler._balance:variance is 30.120800585075106
INFO:cooler._balance:variance is 9.932451021012954
INFO:cooler._balance:variance is 3.287392606935808
INFO:cooler._balance:variance is 1.1045227511812177
INFO:cooler._balance:variance is 0.37418076053690935
INFO:cooler._balance:variance is 0.1281862713863967
INFO:cooler._balance:variance is 0.04428881030981733
INFO:cooler._balance:variance is 0.015436064739896406
INFO:cooler._balance:variance is 0.005419158602136986
INFO:cooler._balance:variance is 0.0019152787497996114
INFO:cooler._balance:variance is 0.0006807499852886515
INFO:cooler._balance:variance is 0.00024315972316365703
INFO:cooler._balance:variance is 8.721738065983491e-05
INFO:cooler._balance:variance is 3.139432343833016e-05
INFO:cooler._balance:variance is 1.1333929557737786e-05
INFO:cooler._balance:variance is 4.101858315829597e-06
INFO:cooler._balance:chr4
INFO:cooler._balance:variance is 582510.2231855632
INFO:cooler._balance:variance is 117616.32078732245
INFO:cooler._balance:variance is 25184.34331963142
INFO:cooler._balance:variance is 8891.226093853586
INFO:cooler._balance:variance is 2597.75394149385
INFO:cooler._balance:variance is 899.457086327921
INFO:cooler._balance:variance is 301.2758753860466
INFO:cooler._balance:variance is 108.26617348775912
INFO:cooler._balance:variance is 39.20689630817775
INFO:cooler._balance:variance is 14.683598302121249
INFO:cooler._balance:variance is 5.56423242583023
INFO:cooler._balance:variance is 2.1438512968728785
INFO:cooler._balance:variance is 0.8326244270842995
INFO:cooler._balance:variance is 0.32599888353146034
INFO:cooler._balance:variance is 0.12820545853504434
INFO:cooler._balance:variance is 0.05061456210411476
INFO:cooler._balance:variance is 0.02002755560973548
INFO:cooler._balance:variance is 0.007939149635556949
INFO:cooler._balance:variance is 0.0031506798925335254
INFO:cooler._balance:variance is 0.0012514341179415717
INFO:cooler._balance:variance is 0.000497331311462096
INFO:cooler._balance:variance is 0.00019772385631537466
INFO:cooler._balance:variance is 7.862931026420999e-05
INFO:cooler._balance:variance is 3.127463907931526e-05
INFO:cooler._balance:variance is 1.2440951186842897e-05
INFO:cooler._balance:variance is 4.949412267228561e-06
INFO:cooler._balance:chr5
INFO:cooler._balance:variance is 696954.0938343508
INFO:cooler._balance:variance is 99741.66109128912
INFO:cooler._balance:variance is 20273.227895977892
INFO:cooler._balance:variance is 5075.313695029773
INFO:cooler._balance:variance is 1206.399728739813
INFO:cooler._balance:variance is 302.1836214394273
INFO:cooler._balance:variance is 75.8521533912447
INFO:cooler._balance:variance is 19.54534417602189
INFO:cooler._balance:variance is 5.117612051500603
INFO:cooler._balance:variance is 1.3712556112721535
INFO:cooler._balance:variance is 0.37536264316799806
INFO:cooler._balance:variance is 0.10521626886879039
INFO:cooler._balance:variance is 0.03017961059245844
INFO:cooler._balance:variance is 0.008856189762164334
INFO:cooler._balance:variance is 0.0026544045879114925
INFO:cooler._balance:variance is 0.0008110478588932261
INFO:cooler._balance:variance is 0.0002520085795463642
INFO:cooler._balance:variance is 7.943042269917692e-05
INFO:cooler._balance:variance is 2.5332987434712827e-05
INFO:cooler._balance:variance is 8.157229891659162e-06
INFO:cooler._balance:chr6
INFO:cooler._balance:variance is 757711.1658975981
INFO:cooler._balance:variance is 161451.37661528986
INFO:cooler._balance:variance is 63678.73415862031
INFO:cooler._balance:variance is 37582.61987926967
INFO:cooler._balance:variance is 16693.140884884982
INFO:cooler._balance:variance is 9353.54323646979
INFO:cooler._balance:variance is 4422.073595079358
INFO:cooler._balance:variance is 2384.693306184097
INFO:cooler._balance:variance is 1169.4432689702887
INFO:cooler._balance:variance is 616.2494045579083
INFO:cooler._balance:variance is 308.45126863108777
INFO:cooler._balance:variance is 160.42867492201296
INFO:cooler._balance:variance is 81.19111630247562
INFO:cooler._balance:variance is 41.92727266876251
INFO:cooler._balance:variance is 21.343170118185313
INFO:cooler._balance:variance is 10.979546564179849
INFO:cooler._balance:variance is 5.606220671316832
INFO:cooler._balance:variance is 2.878182622828304
INFO:cooler._balance:variance is 1.4719376368582813
INFO:cooler._balance:variance is 0.7548815280695395
INFO:cooler._balance:variance is 0.3863696079754947
INFO:cooler._balance:variance is 0.1980404380450582
INFO:cooler._balance:variance is 0.1014050128409288
INFO:cooler._balance:variance is 0.05196212357017319
INFO:cooler._balance:variance is 0.026612486047657945
INFO:cooler._balance:variance is 0.013634812777974974
INFO:cooler._balance:variance is 0.006983857589668093
INFO:cooler._balance:variance is 0.0035778840891157256
INFO:cooler._balance:variance is 0.0018327230846282001
INFO:cooler._balance:variance is 0.0009388816344938881
INFO:cooler._balance:variance is 0.00048094333135725273
INFO:cooler._balance:variance is 0.00024637646207835613
INFO:cooler._balance:variance is 0.00012620851702478594
INFO:cooler._balance:variance is 6.465312316775473e-05
INFO:cooler._balance:variance is 3.311938209238572e-05
INFO:cooler._balance:variance is 1.696605146528829e-05
INFO:cooler._balance:variance is 8.691108437090743e-06
INFO:cooler._balance:chr7
INFO:cooler._balance:variance is 609355.181331263
INFO:cooler._balance:variance is 70672.08052549235
INFO:cooler._balance:variance is 17237.718630856183
INFO:cooler._balance:variance is 5464.5549917348335
INFO:cooler._balance:variance is 1557.7797862236143
INFO:cooler._balance:variance is 479.6841312227842
INFO:cooler._balance:variance is 142.33827321098232
INFO:cooler._balance:variance is 43.31987533820453
INFO:cooler._balance:variance is 13.027040101464744
INFO:cooler._balance:variance is 3.9502388262406223
INFO:cooler._balance:variance is 1.1934711688755375
INFO:cooler._balance:variance is 0.36158904402141906
INFO:cooler._balance:variance is 0.10944302501781374
INFO:cooler._balance:variance is 0.03315939045025113
INFO:cooler._balance:variance is 0.010045188770910483
INFO:cooler._balance:variance is 0.0030444915991996234
INFO:cooler._balance:variance is 0.0009228258809975603
INFO:cooler._balance:variance is 0.00027980703743682266
INFO:cooler._balance:variance is 8.485658957554826e-05
INFO:cooler._balance:variance is 2.5741235824402374e-05
INFO:cooler._balance:variance is 7.810501556366702e-06
INFO:cooler._balance:chrX
INFO:cooler._balance:variance is 446529.8357236811
INFO:cooler._balance:variance is 4664.097469498184
INFO:cooler._balance:variance is 388.90291242174635
INFO:cooler._balance:variance is 50.669696273772296
INFO:cooler._balance:variance is 8.804166813206729
INFO:cooler._balance:variance is 1.877711066537189
INFO:cooler._balance:variance is 0.4453582584894164
INFO:cooler._balance:variance is 0.11056302555637229
INFO:cooler._balance:variance is 0.027949262936981228
INFO:cooler._balance:variance is 0.007112980277694302
INFO:cooler._balance:variance is 0.0018149299817029163
INFO:cooler._balance:variance is 0.0004635240581354271
INFO:cooler._balance:variance is 0.0001184255216318912
INFO:cooler._balance:variance is 3.0260351589699874e-05
INFO:cooler._balance:variance is 7.732608315328197e-06
INFO:cooler._balance:chr9
INFO:cooler._balance:variance is 364218.9684863217
INFO:cooler._balance:variance is 44103.69812114471
INFO:cooler._balance:variance is 13285.979716094718
INFO:cooler._balance:variance is 5715.487679233007
INFO:cooler._balance:variance is 2435.941818059009
INFO:cooler._balance:variance is 1207.5493329604644
INFO:cooler._balance:variance is 585.6964911852181
INFO:cooler._balance:variance is 310.3162375415778
INFO:cooler._balance:variance is 161.73187675202254
INFO:cooler._balance:variance is 88.64003026966571
INFO:cooler._balance:variance is 48.08450033724512
INFO:cooler._balance:variance is 26.802173823238483
INFO:cooler._balance:variance is 14.84871117281045
INFO:cooler._balance:variance is 8.344266553858153
INFO:cooler._balance:variance is 4.672255572868608
INFO:cooler._balance:variance is 2.6355879029467157
INFO:cooler._balance:variance is 1.4835569582170924
INFO:cooler._balance:variance is 0.838311664605338
INFO:cooler._balance:variance is 0.4731058714461553
INFO:cooler._balance:variance is 0.26754145436815113
INFO:cooler._balance:variance is 0.15118147962740117
INFO:cooler._balance:variance is 0.08552103181752398
INFO:cooler._balance:variance is 0.04835651398614239
INFO:cooler._balance:variance is 0.02735817218135672
INFO:cooler._balance:variance is 0.015474120267206166
INFO:cooler._balance:variance is 0.00875507648947213
INFO:cooler._balance:variance is 0.004952763447763371
INFO:cooler._balance:variance is 0.0028022621577030375
INFO:cooler._balance:variance is 0.0015853722258274043
INFO:cooler._balance:variance is 0.0008970032488963303
INFO:cooler._balance:variance is 0.0005074979757635806
INFO:cooler._balance:variance is 0.00028714205493992706
INFO:cooler._balance:variance is 0.0001624599415397296
INFO:cooler._balance:variance is 9.191958613806197e-05
INFO:cooler._balance:variance is 5.200706337883616e-05
INFO:cooler._balance:variance is 2.942547099512997e-05
INFO:cooler._balance:variance is 1.6648695293979618e-05
INFO:cooler._balance:variance is 9.419780576005582e-06
INFO:cooler._balance:chr8
INFO:cooler._balance:variance is 423323.6658970902
INFO:cooler._balance:variance is 39282.093562767725
INFO:cooler._balance:variance is 7376.130226535781
INFO:cooler._balance:variance is 1699.2655993045014
INFO:cooler._balance:variance is 382.2933847305473
INFO:cooler._balance:variance is 89.39333963192652
INFO:cooler._balance:variance is 20.921882276874655
INFO:cooler._balance:variance is 4.956571891293294
INFO:cooler._balance:variance is 1.1800973994725183
INFO:cooler._balance:variance is 0.2830801273644951
INFO:cooler._balance:variance is 0.06835089981891995
INFO:cooler._balance:variance is 0.016633333835720604
INFO:cooler._balance:variance is 0.004082388242867196
INFO:cooler._balance:variance is 0.0010118187857241436
INFO:cooler._balance:variance is 0.00025354138633543346
INFO:cooler._balance:variance is 6.431133353057161e-05
INFO:cooler._balance:variance is 1.6530047176420162e-05
INFO:cooler._balance:variance is 4.308899206051664e-06
INFO:cooler._balance:chr11
INFO:cooler._balance:variance is 476283.288115131
INFO:cooler._balance:variance is 116967.77220838341
INFO:cooler._balance:variance is 43899.51867368623
INFO:cooler._balance:variance is 27036.035042976662
INFO:cooler._balance:variance is 11992.037928831154
INFO:cooler._balance:variance is 6961.042636462292
INFO:cooler._balance:variance is 3315.6488784777716
INFO:cooler._balance:variance is 1839.641658384442
INFO:cooler._balance:variance is 912.7287579426059
INFO:cooler._balance:variance is 492.6330580867071
INFO:cooler._balance:variance is 250.08013090995587
INFO:cooler._balance:variance is 132.86145526391743
INFO:cooler._balance:variance is 68.29533545467442
INFO:cooler._balance:variance is 35.968225234182555
INFO:cooler._balance:variance is 18.613486537543203
INFO:cooler._balance:variance is 9.756750282927309
INFO:cooler._balance:variance is 5.067114566489716
INFO:cooler._balance:variance is 2.649378908891402
INFO:cooler._balance:variance is 1.3785234866737552
INFO:cooler._balance:variance is 0.7198111803377112
INFO:cooler._balance:variance is 0.3749003308300777
INFO:cooler._balance:variance is 0.19562101931272247
INFO:cooler._balance:variance is 0.10193801589637164
INFO:cooler._balance:variance is 0.053171144978452343
INFO:cooler._balance:variance is 0.0277149031355754
INFO:cooler._balance:variance is 0.014453383263376649
INFO:cooler._balance:variance is 0.007534731303432622
INFO:cooler._balance:variance is 0.003928983255322854
INFO:cooler._balance:variance is 0.0020483784272915095
INFO:cooler._balance:variance is 0.0010680700906507106
INFO:cooler._balance:variance is 0.0005568603984601845
INFO:cooler._balance:variance is 0.00029035142877699237
INFO:cooler._balance:variance is 0.00015138372403879707
INFO:cooler._balance:variance is 7.893154343129014e-05
INFO:cooler._balance:variance is 4.115383532276035e-05
INFO:cooler._balance:variance is 2.1457468290507434e-05
INFO:cooler._balance:variance is 1.1187693181103273e-05
INFO:cooler._balance:variance is 5.833202029251976e-06
INFO:cooler._balance:chr10
INFO:cooler._balance:variance is 514468.8938484559
INFO:cooler._balance:variance is 37461.24863376388
INFO:cooler._balance:variance is 9352.364192967098
INFO:cooler._balance:variance is 2753.890060561301
INFO:cooler._balance:variance is 813.6252107767264
INFO:cooler._balance:variance is 250.19170342560932
INFO:cooler._balance:variance is 77.50228729623328
INFO:cooler._balance:variance is 24.44694754022551
INFO:cooler._balance:variance is 7.778834335527461
INFO:cooler._balance:variance is 2.5053302910080077
INFO:cooler._balance:variance is 0.8139501092839997
INFO:cooler._balance:variance is 0.26701553990382965
INFO:cooler._balance:variance is 0.08830521504390519
INFO:cooler._balance:variance is 0.029440009761947123
INFO:cooler._balance:variance is 0.009884276626857402
INFO:cooler._balance:variance is 0.003340533337308295
INFO:cooler._balance:variance is 0.0011355277486447062
INFO:cooler._balance:variance is 0.00038800978828252956
INFO:cooler._balance:variance is 0.00013318514341845077
INFO:cooler._balance:variance is 4.589828323828495e-05
INFO:cooler._balance:variance is 1.5871699941239436e-05
INFO:cooler._balance:variance is 5.504673979570044e-06
INFO:cooler._balance:chr12
INFO:cooler._balance:variance is 387933.29713609465
INFO:cooler._balance:variance is 71769.20263447541
INFO:cooler._balance:variance is 24134.149112074567
INFO:cooler._balance:variance is 10337.50386455309
INFO:cooler._balance:variance is 3954.9791037472646
INFO:cooler._balance:variance is 1656.320108539091
INFO:cooler._balance:variance is 659.0891284857585
INFO:cooler._balance:variance is 272.39632156446316
INFO:cooler._balance:variance is 110.12155186489478
INFO:cooler._balance:variance is 45.23403050731646
INFO:cooler._balance:variance is 18.40729925534288
INFO:cooler._balance:variance is 7.540608880217787
INFO:cooler._balance:variance is 3.076924394880681
INFO:cooler._balance:variance is 1.2590036813726486
INFO:cooler._balance:variance is 0.5143133618573753
INFO:cooler._balance:variance is 0.21034098150411068
INFO:cooler._balance:variance is 0.08596599583061519
INFO:cooler._balance:variance is 0.0351506407855053
INFO:cooler._balance:variance is 0.014368750335647466
INFO:cooler._balance:variance is 0.005874736245700586
INFO:cooler._balance:variance is 0.0024016411741603866
INFO:cooler._balance:variance is 0.0009818884178815948
INFO:cooler._balance:variance is 0.00040141703526845336
INFO:cooler._balance:variance is 0.0001641131915391022
INFO:cooler._balance:variance is 6.709387017342594e-05
INFO:cooler._balance:variance is 2.7430134524419148e-05
INFO:cooler._balance:variance is 1.1214234064731083e-05
INFO:cooler._balance:variance is 4.584728722609114e-06
INFO:cooler._balance:chr13
INFO:cooler._balance:variance is 318212.09644912125
INFO:cooler._balance:variance is 28747.382199256594
INFO:cooler._balance:variance is 4783.0758890517645
INFO:cooler._balance:variance is 1189.9799547714508
INFO:cooler._balance:variance is 264.10656491452374
INFO:cooler._balance:variance is 64.32268986530988
INFO:cooler._balance:variance is 15.518152775159077
INFO:cooler._balance:variance is 3.864091722907652
INFO:cooler._balance:variance is 0.9747607213377365
INFO:cooler._balance:variance is 0.25126385644659927
INFO:cooler._balance:variance is 0.06605500729262988
INFO:cooler._balance:variance is 0.017762259516606652
INFO:cooler._balance:variance is 0.004889383720204585
INFO:cooler._balance:variance is 0.0013791556956840095
INFO:cooler._balance:variance is 0.0003985712983667767
INFO:cooler._balance:variance is 0.00011789923958309729
INFO:cooler._balance:variance is 3.562991903074785e-05
INFO:cooler._balance:variance is 1.0973685955979686e-05
INFO:cooler._balance:variance is 3.434979663126485e-06
INFO:cooler._balance:chr14
INFO:cooler._balance:variance is 256922.72670141648
INFO:cooler._balance:variance is 37836.558340293785
INFO:cooler._balance:variance is 8615.086840513237
INFO:cooler._balance:variance is 2829.6963229870125
INFO:cooler._balance:variance is 855.3897672144534
INFO:cooler._balance:variance is 300.73009552107396
INFO:cooler._balance:variance is 106.6356982804435
INFO:cooler._balance:variance is 40.72109536186243
INFO:cooler._balance:variance is 16.028452598722165
INFO:cooler._balance:variance is 6.567439626374476
INFO:cooler._balance:variance is 2.753941966967307
INFO:cooler._balance:variance is 1.1790228137728596
INFO:cooler._balance:variance is 0.5112317771466892
INFO:cooler._balance:variance is 0.22388352342859197
INFO:cooler._balance:variance is 0.09864448677627917
INFO:cooler._balance:variance is 0.043659818346060704
INFO:cooler._balance:variance is 0.01937688319276821
INFO:cooler._balance:variance is 0.008616945470700535
INFO:cooler._balance:variance is 0.003836604397062026
INFO:cooler._balance:variance is 0.0017097019436278574
INFO:cooler._balance:variance is 0.0007622928433299973
INFO:cooler._balance:variance is 0.000340007633393478
INFO:cooler._balance:variance is 0.00015168907837444703
INFO:cooler._balance:variance is 6.768490961524096e-05
INFO:cooler._balance:variance is 3.0204535476988726e-05
INFO:cooler._balance:variance is 1.3479807830986252e-05
INFO:cooler._balance:variance is 6.016081964494277e-06
INFO:cooler._balance:chr15
INFO:cooler._balance:variance is 239244.64857279113
INFO:cooler._balance:variance is 18595.32518938325
INFO:cooler._balance:variance is 3813.9244797337205
INFO:cooler._balance:variance is 971.8636887473239
INFO:cooler._balance:variance is 258.1618180661071
INFO:cooler._balance:variance is 75.58465639658984
INFO:cooler._balance:variance is 23.271459963919355
INFO:cooler._balance:variance is 7.573251787157606
INFO:cooler._balance:variance is 2.5531177433780186
INFO:cooler._balance:variance is 0.8854371560334745
INFO:cooler._balance:variance is 0.31282278460876545
INFO:cooler._balance:variance is 0.11196451126913103
INFO:cooler._balance:variance is 0.040417854169149184
INFO:cooler._balance:variance is 0.014673016285775163
INFO:cooler._balance:variance is 0.00534671708608587
INFO:cooler._balance:variance is 0.001953001593077115
INFO:cooler._balance:variance is 0.0007145190181371463
INFO:cooler._balance:variance is 0.0002616803132183774
INFO:cooler._balance:variance is 9.59015352559972e-05
INFO:cooler._balance:variance is 3.5161749370502165e-05
INFO:cooler._balance:variance is 1.2895627527830857e-05
INFO:cooler._balance:variance is 4.730380388075094e-06
INFO:cooler._balance:chr16
INFO:cooler._balance:variance is 2546213.597069913
INFO:cooler._balance:variance is 37269.03183281595
INFO:cooler._balance:variance is 11652.31969027483
INFO:cooler._balance:variance is 6038.159999953425
INFO:cooler._balance:variance is 2685.4313571367843
INFO:cooler._balance:variance is 1468.5901481535575
INFO:cooler._balance:variance is 724.6955883439562
INFO:cooler._balance:variance is 392.70330997182907
INFO:cooler._balance:variance is 201.05148950801455
INFO:cooler._balance:variance is 107.71813969241035
INFO:cooler._balance:variance is 56.0022029423472
INFO:cooler._balance:variance is 29.79083167252655
INFO:cooler._balance:variance is 15.598822960487606
INFO:cooler._balance:variance is 8.264739477987527
INFO:cooler._balance:variance is 4.3426594403008965
INFO:cooler._balance:variance is 2.2958852797641547
INFO:cooler._balance:variance is 1.2084931621030186
INFO:cooler._balance:variance is 0.6381665332229007
INFO:cooler._balance:variance is 0.3362193444481562
INFO:cooler._balance:variance is 0.1774369316553361
INFO:cooler._balance:variance is 0.09352713043838731
INFO:cooler._balance:variance is 0.04934196915615683
INFO:cooler._balance:variance is 0.026014595518302073
INFO:cooler._balance:variance is 0.013722097646952902
INFO:cooler._balance:variance is 0.007235643849556637
INFO:cooler._balance:variance is 0.003816284178423696
INFO:cooler._balance:variance is 0.0020124580379098037
INFO:cooler._balance:variance is 0.0010613760171983052
INFO:cooler._balance:variance is 0.0005597200770173137
INFO:cooler._balance:variance is 0.00029519036864445835
INFO:cooler._balance:variance is 0.0001556725184808442
INFO:cooler._balance:variance is 8.209890584494875e-05
INFO:cooler._balance:variance is 4.32963645472164e-05
INFO:cooler._balance:variance is 2.283356618460395e-05
INFO:cooler._balance:variance is 1.2041762872529848e-05
INFO:cooler._balance:variance is 6.350541334128328e-06
INFO:cooler._balance:chr17
INFO:cooler._balance:variance is 250109.30723861282
INFO:cooler._balance:variance is 41422.09268400281
INFO:cooler._balance:variance is 15534.31678769805
INFO:cooler._balance:variance is 7234.310644807643
INFO:cooler._balance:variance is 3211.983436866842
INFO:cooler._balance:variance is 1507.4595309281704
INFO:cooler._balance:variance is 691.5775367033418
INFO:cooler._balance:variance is 323.16330439365436
INFO:cooler._balance:variance is 149.62569922052504
INFO:cooler._balance:variance is 69.74972786669004
INFO:cooler._balance:variance is 32.391980401541794
INFO:cooler._balance:variance is 15.083682628633195
INFO:cooler._balance:variance is 7.012628299162516
INFO:cooler._balance:variance is 3.2639760484105853
INFO:cooler._balance:variance is 1.5181309455868044
INFO:cooler._balance:variance is 0.7064569253600042
INFO:cooler._balance:variance is 0.328644865364166
INFO:cooler._balance:variance is 0.15291967700250542
INFO:cooler._balance:variance is 0.07114408838017412
INFO:cooler._balance:variance is 0.03310224006770242
INFO:cooler._balance:variance is 0.015400971572622841
INFO:cooler._balance:variance is 0.007165698797698188
INFO:cooler._balance:variance is 0.0033339280066826756
INFO:cooler._balance:variance is 0.0015511826562887585
INFO:cooler._balance:variance is 0.0007217117670687558
INFO:cooler._balance:variance is 0.0003357908153072465
INFO:cooler._balance:variance is 0.00015623240759703543
INFO:cooler._balance:variance is 7.269011797491278e-05
INFO:cooler._balance:variance is 3.382037089086798e-05
INFO:cooler._balance:variance is 1.5735561918990892e-05
INFO:cooler._balance:variance is 7.321255520585297e-06
INFO:cooler._balance:chr18
INFO:cooler._balance:variance is 222135.00065987598
INFO:cooler._balance:variance is 22309.0883666807
INFO:cooler._balance:variance is 4833.766568268544
INFO:cooler._balance:variance is 1194.8537664688024
INFO:cooler._balance:variance is 291.9382291837671
INFO:cooler._balance:variance is 73.78872294209646
INFO:cooler._balance:variance is 18.590622593751945
INFO:cooler._balance:variance is 4.73079391968705
INFO:cooler._balance:variance is 1.2035539008378529
INFO:cooler._balance:variance is 0.307138679272966
INFO:cooler._balance:variance is 0.0783998070157798
INFO:cooler._balance:variance is 0.020032540265418262
INFO:cooler._balance:variance is 0.005119775740210103
INFO:cooler._balance:variance is 0.00130894954917464
INFO:cooler._balance:variance is 0.0003346949611378438
INFO:cooler._balance:variance is 8.559262453488166e-05
INFO:cooler._balance:variance is 2.1890304506934037e-05
INFO:cooler._balance:variance is 5.598773295627337e-06
INFO:cooler._balance:chr20
INFO:cooler._balance:variance is 328340.4225054743
INFO:cooler._balance:variance is 14881.900649321822
INFO:cooler._balance:variance is 3708.4574065673787
INFO:cooler._balance:variance is 1058.0892561456267
INFO:cooler._balance:variance is 327.50215001324256
INFO:cooler._balance:variance is 105.29821508260743
INFO:cooler._balance:variance is 35.11967353234059
INFO:cooler._balance:variance is 12.223988353360662
INFO:cooler._balance:variance is 4.456556163415517
INFO:cooler._balance:variance is 1.7129441625571546
INFO:cooler._balance:variance is 0.6929007446448912
INFO:cooler._balance:variance is 0.29415868556164615
INFO:cooler._balance:variance is 0.12995564182487737
INFO:cooler._balance:variance is 0.05926891403607526
INFO:cooler._balance:variance is 0.027666809790532428
INFO:cooler._balance:variance is 0.013131841199785754
INFO:cooler._balance:variance is 0.006304484220127822
INFO:cooler._balance:variance is 0.0030501823414933915
INFO:cooler._balance:variance is 0.0014833427003537701
INFO:cooler._balance:variance is 0.0007238178955662134
INFO:cooler._balance:variance is 0.0003539934462489499
INFO:cooler._balance:variance is 0.00017337830414084502
INFO:cooler._balance:variance is 8.4999549217674e-05
INFO:cooler._balance:variance is 4.1697467422571756e-05
INFO:cooler._balance:variance is 2.0463724481350898e-05
INFO:cooler._balance:variance is 1.0045596396659762e-05
INFO:cooler._balance:variance is 4.932251673677502e-06
INFO:cooler._balance:chrY
INFO:cooler._balance:chr19
INFO:cooler._balance:variance is 434702.91157846723
INFO:cooler._balance:variance is 190682.4972980858
INFO:cooler._balance:variance is 50630.70502525601
INFO:cooler._balance:variance is 26900.27049748916
INFO:cooler._balance:variance is 9540.732288917938
INFO:cooler._balance:variance is 4495.285085896512
INFO:cooler._balance:variance is 1812.3848464764985
INFO:cooler._balance:variance is 818.4609783511692
INFO:cooler._balance:variance is 348.62460708804576
INFO:cooler._balance:variance is 155.39608018062358
INFO:cooler._balance:variance is 67.76999153370082
INFO:cooler._balance:variance is 30.10688406290021
INFO:cooler._balance:variance is 13.265763947883126
INFO:cooler._balance:variance is 5.890374275673244
INFO:cooler._balance:variance is 2.607389511741973
INFO:cooler._balance:variance is 1.1579611857968017
INFO:cooler._balance:variance is 0.5136527423559991
INFO:cooler._balance:variance is 0.22817371178552595
INFO:cooler._balance:variance is 0.10131337264862852
INFO:cooler._balance:variance is 0.045013532413440464
INFO:cooler._balance:variance is 0.01999613202284817
INFO:cooler._balance:variance is 0.0088853157845353
INFO:cooler._balance:variance is 0.0039479591839969115
INFO:cooler._balance:variance is 0.0017544016707478835
INFO:cooler._balance:variance is 0.0007796071742074674
INFO:cooler._balance:variance is 0.0003464565200550109
INFO:cooler._balance:variance is 0.00015396376519123583
INFO:cooler._balance:variance is 6.84227417488564e-05
INFO:cooler._balance:variance is 3.040755991076193e-05
INFO:cooler._balance:variance is 1.3513516651831998e-05
INFO:cooler._balance:variance is 6.00558164438802e-06
INFO:cooler._balance:chr22
INFO:cooler._balance:variance is 169134.525678797
INFO:cooler._balance:variance is 20039.340921090847
INFO:cooler._balance:variance is 5174.885264343171
INFO:cooler._balance:variance is 1869.7568250251468
INFO:cooler._balance:variance is 806.5441671355006
INFO:cooler._balance:variance is 367.47395630233
INFO:cooler._balance:variance is 180.8785242565148
INFO:cooler._balance:variance is 87.98339348959763
INFO:cooler._balance:variance is 44.237247258356575
INFO:cooler._balance:variance is 21.933413162973366
INFO:cooler._balance:variance is 11.045986213896978
INFO:cooler._balance:variance is 5.515077442983279
INFO:cooler._balance:variance is 2.774730533295362
INFO:cooler._balance:variance is 1.3894570016142802
INFO:cooler._balance:variance is 0.6984188570681167
INFO:cooler._balance:variance is 0.350201652320116
INFO:cooler._balance:variance is 0.17593003110724606
INFO:cooler._balance:variance is 0.08827004678525247
INFO:cooler._balance:variance is 0.044329784048457055
INFO:cooler._balance:variance is 0.022248409095432006
INFO:cooler._balance:variance is 0.011171375288297782
INFO:cooler._balance:variance is 0.005607550295082665
INFO:cooler._balance:variance is 0.0028154119927503445
INFO:cooler._balance:variance is 0.0014133167909295245
INFO:cooler._balance:variance is 0.0007095586338339069
INFO:cooler._balance:variance is 0.0003562059673603096
INFO:cooler._balance:variance is 0.00017882974517152616
INFO:cooler._balance:variance is 8.97760059045122e-05
INFO:cooler._balance:variance is 4.507063447461005e-05
INFO:cooler._balance:variance is 2.262653190727424e-05
INFO:cooler._balance:variance is 1.1359226742908238e-05
INFO:cooler._balance:variance is 5.702627272570733e-06
INFO:cooler._balance:chr21
INFO:cooler._balance:variance is 167815.30310458707
INFO:cooler._balance:variance is 23538.71344858488
INFO:cooler._balance:variance is 6829.585492726375
INFO:cooler._balance:variance is 2529.235787021088
INFO:cooler._balance:variance is 1140.322444891228
INFO:cooler._balance:variance is 589.7229304300729
INFO:cooler._balance:variance is 336.0766034272846
INFO:cooler._balance:variance is 204.31624089221015
INFO:cooler._balance:variance is 127.581778055573
INFO:cooler._balance:variance is 82.22838826521625
INFO:cooler._balance:variance is 53.12122035517842
INFO:cooler._balance:variance is 34.96294762528505
INFO:cooler._balance:variance is 22.91334346759195
INFO:cooler._balance:variance is 15.198615614732311
INFO:cooler._balance:variance is 10.02873120381012
INFO:cooler._balance:variance is 6.670654882142248
INFO:cooler._balance:variance is 4.41702352352135
INFO:cooler._balance:variance is 2.9404703829899255
INFO:cooler._balance:variance is 1.950743291841563
INFO:cooler._balance:variance is 1.2987844168435982
INFO:cooler._balance:variance is 0.8625503969034573
INFO:cooler._balance:variance is 0.5742068811616952
INFO:cooler._balance:variance is 0.3815816052112461
INFO:cooler._balance:variance is 0.25397866823828996
INFO:cooler._balance:variance is 0.1688418848557272
INFO:cooler._balance:variance is 0.1123629600673719
INFO:cooler._balance:variance is 0.07471495534902069
INFO:cooler._balance:variance is 0.04971622360986883
INFO:cooler._balance:variance is 0.033063323359611874
INFO:cooler._balance:variance is 0.021998783072451747
INFO:cooler._balance:variance is 0.014631472270390394
INFO:cooler._balance:variance is 0.009734485141593467
INFO:cooler._balance:variance is 0.0064748381119716526
INFO:cooler._balance:variance is 0.004307596808917013
INFO:cooler._balance:variance is 0.0028652882171666186
INFO:cooler._balance:variance is 0.0019061698227755604
INFO:cooler._balance:variance is 0.0012679620142722616
INFO:cooler._balance:variance is 0.0008435111274421001
INFO:cooler._balance:variance is 0.0005611034977906369
INFO:cooler._balance:variance is 0.00037326880068955427
INFO:cooler._balance:variance is 0.00024830119749503685
INFO:cooler._balance:variance is 0.00016517853193230117
INFO:cooler._balance:variance is 0.000109878826348342
INFO:cooler._balance:variance is 7.309474798738822e-05
INFO:cooler._balance:variance is 4.862378513096663e-05
INFO:cooler._balance:variance is 3.2345894902389344e-05
INFO:cooler._balance:variance is 2.1517073788469683e-05
INFO:cooler._balance:variance is 1.4313717687731647e-05
INFO:cooler._balance:variance is 9.521764742415765e-06
INFO:cooler._balance:chrM
