INFO:cooler.cli.balance:Balancing "analysis_other/porec/T2T00.hp1/cooler/T2T00.hp1_25000_balanced.cool"
INFO:cooler._balance:chr1
INFO:cooler._balance:variance is 31668045.988970183
INFO:cooler._balance:variance is 259284.84865751961
INFO:cooler._balance:variance is 56444.84909645879
INFO:cooler._balance:variance is 19511.16673373202
INFO:cooler._balance:variance is 7330.478723449899
INFO:cooler._balance:variance is 3067.8075443943126
INFO:cooler._balance:variance is 1299.5909354037897
INFO:cooler._balance:variance is 563.9731595338385
INFO:cooler._balance:variance is 244.18771139276322
INFO:cooler._balance:variance is 106.45704624607177
INFO:cooler._balance:variance is 46.30197345596074
INFO:cooler._balance:variance is 20.187656063975474
INFO:cooler._balance:variance is 8.790740197725347
INFO:cooler._balance:variance is 3.8316867715682177
INFO:cooler._balance:variance is 1.6691657995719407
INFO:cooler._balance:variance is 0.7274248410112603
INFO:cooler._balance:variance is 0.31692958441149993
INFO:cooler._balance:variance is 0.1381066276176296
INFO:cooler._balance:variance is 0.060175000007727596
INFO:cooler._balance:variance is 0.026221111857547788
INFO:cooler._balance:variance is 0.011425209341839925
INFO:cooler._balance:variance is 0.004978422684338994
INFO:cooler._balance:variance is 0.0021692509299944475
INFO:cooler._balance:variance is 0.0009452227103825883
INFO:cooler._balance:variance is 0.00041186446965910936
INFO:cooler._balance:variance is 0.00017946396813405585
INFO:cooler._balance:variance is 7.819849317856418e-05
INFO:cooler._balance:variance is 3.4073810555539636e-05
INFO:cooler._balance:variance is 1.4847120435830398e-05
INFO:cooler._balance:variance is 6.469404135104148e-06
INFO:cooler._balance:chr2
INFO:cooler._balance:variance is 1857444.6461696164
INFO:cooler._balance:variance is 175734.39567406542
INFO:cooler._balance:variance is 33733.098140310016
INFO:cooler._balance:variance is 7851.035408025185
INFO:cooler._balance:variance is 1801.216217140109
INFO:cooler._balance:variance is 424.2303365597929
INFO:cooler._balance:variance is 99.46970459217522
INFO:cooler._balance:variance is 23.43574193401022
INFO:cooler._balance:variance is 5.515572750406673
INFO:cooler._balance:variance is 1.2994864159137482
INFO:cooler._balance:variance is 0.3061070627620978
INFO:cooler._balance:variance is 0.07213253090199087
INFO:cooler._balance:variance is 0.016999524627395315
INFO:cooler._balance:variance is 0.004007452215318862
INFO:cooler._balance:variance is 0.0009449961180662148
INFO:cooler._balance:variance is 0.00022293559715831054
INFO:cooler._balance:variance is 5.262222400236008e-05
INFO:cooler._balance:variance is 1.2430292248740041e-05
INFO:cooler._balance:variance is 2.9391265756047696e-06
INFO:cooler._balance:chr3
INFO:cooler._balance:variance is 1633935.3441525463
INFO:cooler._balance:variance is 278932.7825737727
INFO:cooler._balance:variance is 54316.84016434957
INFO:cooler._balance:variance is 16535.622334030184
INFO:cooler._balance:variance is 4256.324690323428
INFO:cooler._balance:variance is 1234.6715638000117
INFO:cooler._balance:variance is 343.9231051592745
INFO:cooler._balance:variance is 99.79197689150391
INFO:cooler._balance:variance is 28.89067508340517
INFO:cooler._balance:variance is 8.536220584738308
INFO:cooler._balance:variance is 2.5435315267409013
INFO:cooler._balance:variance is 0.7687464813042171
INFO:cooler._balance:variance is 0.23476661113243652
INFO:cooler._balance:variance is 0.07250310040069663
INFO:cooler._balance:variance is 0.02260179723639819
INFO:cooler._balance:variance is 0.007107723496914725
INFO:cooler._balance:variance is 0.0022519228626836215
INFO:cooler._balance:variance is 0.0007181476392196267
INFO:cooler._balance:variance is 0.0002302844819711662
INFO:cooler._balance:variance is 7.418918846471382e-05
INFO:cooler._balance:variance is 2.3993788670943716e-05
INFO:cooler._balance:variance is 7.784889248208588e-06
INFO:cooler._balance:chr4
INFO:cooler._balance:variance is 1127767.763770801
INFO:cooler._balance:variance is 157237.02592398235
INFO:cooler._balance:variance is 32894.64147952548
INFO:cooler._balance:variance is 9672.069953665155
INFO:cooler._balance:variance is 2765.911980986802
INFO:cooler._balance:variance is 866.9121942985798
INFO:cooler._balance:variance is 273.5383794874997
INFO:cooler._balance:variance is 89.11082673210895
INFO:cooler._balance:variance is 29.232737056733605
INFO:cooler._balance:variance is 9.705028209349424
INFO:cooler._balance:variance is 3.234316539029904
INFO:cooler._balance:variance is 1.0828375452193482
INFO:cooler._balance:variance is 0.3631832762843301
INFO:cooler._balance:variance is 0.12203128290029502
INFO:cooler._balance:variance is 0.04103608162164349
INFO:cooler._balance:variance is 0.013809352053279317
INFO:cooler._balance:variance is 0.004648722085346599
INFO:cooler._balance:variance is 0.001565383389108413
INFO:cooler._balance:variance is 0.0005271984822006668
INFO:cooler._balance:variance is 0.000177574128320146
INFO:cooler._balance:variance is 5.981551797586144e-05
INFO:cooler._balance:variance is 2.0149750032244286e-05
INFO:cooler._balance:variance is 6.787937020950059e-06
INFO:cooler._balance:chr5
INFO:cooler._balance:variance is 1287724.1266151068
INFO:cooler._balance:variance is 141178.48545479926
INFO:cooler._balance:variance is 25927.39606763277
INFO:cooler._balance:variance is 5611.28592803426
INFO:cooler._balance:variance is 1249.070550113196
INFO:cooler._balance:variance is 294.9349487171177
INFO:cooler._balance:variance is 72.3417948124241
INFO:cooler._balance:variance is 18.541503540562005
INFO:cooler._balance:variance is 4.921977107241459
INFO:cooler._balance:variance is 1.3500679841884133
INFO:cooler._balance:variance is 0.3799961017324519
INFO:cooler._balance:variance is 0.109261531262243
INFO:cooler._balance:variance is 0.03193102948368221
INFO:cooler._balance:variance is 0.009449769934369062
INFO:cooler._balance:variance is 0.0028229616641406055
INFO:cooler._balance:variance is 0.0008492768264955182
INFO:cooler._balance:variance is 0.00025683776736318243
INFO:cooler._balance:variance is 7.797431690783657e-05
INFO:cooler._balance:variance is 2.3740471657117727e-05
INFO:cooler._balance:variance is 7.243537816456962e-06
INFO:cooler._balance:chr6
INFO:cooler._balance:variance is 1452641.4901881225
INFO:cooler._balance:variance is 367227.1885763596
INFO:cooler._balance:variance is 125801.3569538565
INFO:cooler._balance:variance is 65060.47571392781
INFO:cooler._balance:variance is 25805.63776223263
INFO:cooler._balance:variance is 12326.655250019123
INFO:cooler._balance:variance is 5199.279580942467
INFO:cooler._balance:variance is 2387.3546994968447
INFO:cooler._balance:variance is 1035.7319031521477
INFO:cooler._balance:variance is 466.9648536907706
INFO:cooler._balance:variance is 205.20476143138208
INFO:cooler._balance:variance is 91.7512803584789
INFO:cooler._balance:variance is 40.55411003575449
INFO:cooler._balance:variance is 18.06462736430333
INFO:cooler._balance:variance is 8.005423508152122
INFO:cooler._balance:variance is 3.559968919953302
INFO:cooler._balance:variance is 1.5794597847644383
INFO:cooler._balance:variance is 0.701847564578931
INFO:cooler._balance:variance is 0.31155272397966943
INFO:cooler._balance:variance is 0.1383947130240514
INFO:cooler._balance:variance is 0.06144819660339265
INFO:cooler._balance:variance is 0.027291781972712953
INFO:cooler._balance:variance is 0.012118990272180169
INFO:cooler._balance:variance is 0.005382204104252265
INFO:cooler._balance:variance is 0.002390092307750553
INFO:cooler._balance:variance is 0.0010614400923153527
INFO:cooler._balance:variance is 0.00047136667258693957
INFO:cooler._balance:variance is 0.00020933119112210606
INFO:cooler._balance:variance is 9.296110399162665e-05
INFO:cooler._balance:variance is 4.1283241680062794e-05
INFO:cooler._balance:variance is 1.8333393972783933e-05
INFO:cooler._balance:variance is 8.1416842622351e-06
INFO:cooler._balance:chr7
INFO:cooler._balance:variance is 623957.1952646268
INFO:cooler._balance:variance is 81907.73204588999
INFO:cooler._balance:variance is 18149.853535265243
INFO:cooler._balance:variance is 5410.437391666987
INFO:cooler._balance:variance is 1468.461359253427
INFO:cooler._balance:variance is 427.2320691249546
INFO:cooler._balance:variance is 120.71884158996475
INFO:cooler._balance:variance is 34.760223434124626
INFO:cooler._balance:variance is 9.92456971290015
INFO:cooler._balance:variance is 2.8490770700178003
INFO:cooler._balance:variance is 0.8160117956879771
INFO:cooler._balance:variance is 0.23411903824134855
INFO:cooler._balance:variance is 0.06713762221247566
INFO:cooler._balance:variance is 0.01926597557141956
INFO:cooler._balance:variance is 0.005528900699785586
INFO:cooler._balance:variance is 0.0015872941877303304
INFO:cooler._balance:variance is 0.000455795818069706
INFO:cooler._balance:variance is 0.0001309248335548425
INFO:cooler._balance:variance is 3.761770531824371e-05
INFO:cooler._balance:variance is 1.0811743567472316e-05
INFO:cooler._balance:variance is 3.1083383002075777e-06
INFO:cooler._balance:chrX
INFO:cooler._balance:chr9
INFO:cooler._balance:variance is 558955.7507583855
INFO:cooler._balance:variance is 121132.81686575535
INFO:cooler._balance:variance is 43687.95127758608
INFO:cooler._balance:variance is 19693.809353155928
INFO:cooler._balance:variance is 8201.40358491921
INFO:cooler._balance:variance is 3919.132604343421
INFO:cooler._balance:variance is 1785.5900542660838
INFO:cooler._balance:variance is 895.4406509495141
INFO:cooler._balance:variance is 438.8510331446431
INFO:cooler._balance:variance is 228.46015668953925
INFO:cooler._balance:variance is 117.75005403876247
INFO:cooler._balance:variance is 62.81634877961915
INFO:cooler._balance:variance is 33.3640309186471
INFO:cooler._balance:variance is 18.051002272778017
INFO:cooler._balance:variance is 9.74565040160402
INFO:cooler._balance:variance is 5.312277779635907
INFO:cooler._balance:variance is 2.8924384428012875
INFO:cooler._balance:variance is 1.582634527215999
INFO:cooler._balance:variance is 0.8654007355136368
INFO:cooler._balance:variance is 0.4744015835885119
INFO:cooler._balance:variance is 0.25996068024985847
INFO:cooler._balance:variance is 0.14263644119208102
INFO:cooler._balance:variance is 0.07824417650879174
INFO:cooler._balance:variance is 0.042950042347207666
INFO:cooler._balance:variance is 0.02357294933283638
INFO:cooler._balance:variance is 0.012942405925673792
INFO:cooler._balance:variance is 0.007105249796930422
INFO:cooler._balance:variance is 0.0039014181691410478
INFO:cooler._balance:variance is 0.002142119990469117
INFO:cooler._balance:variance is 0.0011762685995482859
INFO:cooler._balance:variance is 0.0006458866932113643
INFO:cooler._balance:variance is 0.000354672924692944
INFO:cooler._balance:variance is 0.00019475661489959267
INFO:cooler._balance:variance is 0.0001069468480816128
INFO:cooler._balance:variance is 5.8727215160989444e-05
INFO:cooler._balance:variance is 3.224905489688431e-05
INFO:cooler._balance:variance is 1.7708919794552274e-05
INFO:cooler._balance:variance is 9.724570790385518e-06
INFO:cooler._balance:chr8
INFO:cooler._balance:variance is 902057.7916329366
INFO:cooler._balance:variance is 65386.01281473794
INFO:cooler._balance:variance is 11012.951058808037
INFO:cooler._balance:variance is 2326.254861475993
INFO:cooler._balance:variance is 507.48143558894606
INFO:cooler._balance:variance is 115.75729955602465
INFO:cooler._balance:variance is 26.88169500924512
INFO:cooler._balance:variance is 6.375933829875181
INFO:cooler._balance:variance is 1.536845433127511
INFO:cooler._balance:variance is 0.37677550371253066
INFO:cooler._balance:variance is 0.09382696606820773
INFO:cooler._balance:variance is 0.023726913622191745
INFO:cooler._balance:variance is 0.0060863753423450045
INFO:cooler._balance:variance is 0.0015820759157062385
INFO:cooler._balance:variance is 0.0004161588814527227
INFO:cooler._balance:variance is 0.00011062404101528072
INFO:cooler._balance:variance is 2.9673953863889474e-05
INFO:cooler._balance:variance is 8.021299936957927e-06
INFO:cooler._balance:chr11
INFO:cooler._balance:variance is 1093651.1493483123
INFO:cooler._balance:variance is 368430.95443229744
INFO:cooler._balance:variance is 114715.0121010773
INFO:cooler._balance:variance is 62397.854161234536
INFO:cooler._balance:variance is 24206.098091144246
INFO:cooler._balance:variance is 11851.973260914181
INFO:cooler._balance:variance is 4986.8367250165065
INFO:cooler._balance:variance is 2322.187485339841
INFO:cooler._balance:variance is 1011.209910890547
INFO:cooler._balance:variance is 460.4987209766092
INFO:cooler._balance:variance is 203.55354466893192
INFO:cooler._balance:variance is 91.78437778182405
INFO:cooler._balance:variance is 40.84087756805137
INFO:cooler._balance:variance is 18.33466542794987
INFO:cooler._balance:variance is 8.182353095582675
INFO:cooler._balance:variance is 3.6660915696925813
INFO:cooler._balance:variance is 1.6382451910625622
INFO:cooler._balance:variance is 0.7333699623196299
INFO:cooler._balance:variance is 0.3279090847370505
INFO:cooler._balance:variance is 0.14673287861582346
INFO:cooler._balance:variance is 0.06562534886904875
INFO:cooler._balance:variance is 0.02936090928538456
INFO:cooler._balance:variance is 0.013133019756366953
INFO:cooler._balance:variance is 0.005875278181711981
INFO:cooler._balance:variance is 0.0026281267000119826
INFO:cooler._balance:variance is 0.001175695646761881
INFO:cooler._balance:variance is 0.00052592396101278
INFO:cooler._balance:variance is 0.00023526902850000314
INFO:cooler._balance:variance is 0.00010524400383446177
INFO:cooler._balance:variance is 4.707996343532674e-05
INFO:cooler._balance:variance is 2.1060600840110834e-05
INFO:cooler._balance:variance is 9.421241782988918e-06
INFO:cooler._balance:chr10
INFO:cooler._balance:variance is 816236.4657328248
INFO:cooler._balance:variance is 77252.39889001875
INFO:cooler._balance:variance is 17315.012534961716
INFO:cooler._balance:variance is 4602.4108292102765
INFO:cooler._balance:variance is 1260.145150614115
INFO:cooler._balance:variance is 360.0622383152797
INFO:cooler._balance:variance is 104.52452725707016
INFO:cooler._balance:variance is 30.975148141713507
INFO:cooler._balance:variance is 9.283054864885212
INFO:cooler._balance:variance is 2.8173962644104282
INFO:cooler._balance:variance is 0.8623965661873817
INFO:cooler._balance:variance is 0.2662186902052805
INFO:cooler._balance:variance is 0.0827071329505404
INFO:cooler._balance:variance is 0.02584501125765083
INFO:cooler._balance:variance is 0.008113652972524683
INFO:cooler._balance:variance is 0.0025573770785742647
INFO:cooler._balance:variance is 0.0008086809851981002
INFO:cooler._balance:variance is 0.0002564133770165536
INFO:cooler._balance:variance is 8.14821486708507e-05
INFO:cooler._balance:variance is 2.5940372248043133e-05
INFO:cooler._balance:variance is 8.270512808384453e-06
INFO:cooler._balance:chr12
INFO:cooler._balance:variance is 801049.8679024667
INFO:cooler._balance:variance is 156296.77170987093
INFO:cooler._balance:variance is 42683.753909496234
INFO:cooler._balance:variance is 15114.097074162968
INFO:cooler._balance:variance is 4930.910841985216
INFO:cooler._balance:variance is 1725.9824388127959
INFO:cooler._balance:variance is 588.5965772730726
INFO:cooler._balance:variance is 205.31231350174573
INFO:cooler._balance:variance is 71.0244361900487
INFO:cooler._balance:variance is 24.762056708295013
INFO:cooler._balance:variance is 8.610275403950117
INFO:cooler._balance:variance is 3.0023398790338587
INFO:cooler._balance:variance is 1.0460286376744365
INFO:cooler._balance:variance is 0.36481435319337285
INFO:cooler._balance:variance is 0.12720165675031847
INFO:cooler._balance:variance is 0.04436901110247855
INFO:cooler._balance:variance is 0.015475231518272766
INFO:cooler._balance:variance is 0.005398308624926866
INFO:cooler._balance:variance is 0.0018830919266320857
INFO:cooler._balance:variance is 0.0006569158606572187
INFO:cooler._balance:variance is 0.00022916444544344243
INFO:cooler._balance:variance is 7.994555664040632e-05
INFO:cooler._balance:variance is 2.788957511272004e-05
INFO:cooler._balance:variance is 9.729562368284994e-06
INFO:cooler._balance:chr13
INFO:cooler._balance:variance is 499228.6019859162
INFO:cooler._balance:variance is 21094.922495891646
INFO:cooler._balance:variance is 2329.1997155867525
INFO:cooler._balance:variance is 337.89665044109523
INFO:cooler._balance:variance is 55.551502327102995
INFO:cooler._balance:variance is 10.732617750239038
INFO:cooler._balance:variance is 2.3459756621410772
INFO:cooler._balance:variance is 0.5655008769357893
INFO:cooler._balance:variance is 0.14548082823120193
INFO:cooler._balance:variance is 0.039123105145552506
INFO:cooler._balance:variance is 0.010837987005396024
INFO:cooler._balance:variance is 0.0030661633358933455
INFO:cooler._balance:variance is 0.0008806757662448202
INFO:cooler._balance:variance is 0.0002558157684365131
INFO:cooler._balance:variance is 7.493626199438447e-05
INFO:cooler._balance:variance is 2.2090804948520806e-05
INFO:cooler._balance:variance is 6.543373324161248e-06
INFO:cooler._balance:chr14
INFO:cooler._balance:variance is 662883.5849152271
INFO:cooler._balance:variance is 90088.16736122672
INFO:cooler._balance:variance is 18204.90606823493
INFO:cooler._balance:variance is 5185.364334708967
INFO:cooler._balance:variance is 1519.7363318011678
INFO:cooler._balance:variance is 511.5114182321162
INFO:cooler._balance:variance is 180.8456879733716
INFO:cooler._balance:variance is 67.74590765924707
INFO:cooler._balance:variance is 26.083073709829833
INFO:cooler._balance:variance is 10.267411144816013
INFO:cooler._balance:variance is 4.086156543708866
INFO:cooler._balance:variance is 1.639270905464496
INFO:cooler._balance:variance is 0.660208302481488
INFO:cooler._balance:variance is 0.2666556527326739
INFO:cooler._balance:variance is 0.10784646207674986
INFO:cooler._balance:variance is 0.04366201742654992
INFO:cooler._balance:variance is 0.017684918045816296
INFO:cooler._balance:variance is 0.007165754276050572
INFO:cooler._balance:variance is 0.00290395820521304
INFO:cooler._balance:variance is 0.001177001200616405
INFO:cooler._balance:variance is 0.00047707609522868106
INFO:cooler._balance:variance is 0.00019338364435748262
INFO:cooler._balance:variance is 7.838993329221104e-05
INFO:cooler._balance:variance is 3.177669642679931e-05
INFO:cooler._balance:variance is 1.2881314190858375e-05
INFO:cooler._balance:variance is 5.221731578193882e-06
INFO:cooler._balance:chr15
INFO:cooler._balance:variance is 590351.142612805
INFO:cooler._balance:variance is 39202.6688924162
INFO:cooler._balance:variance is 6173.895996397132
INFO:cooler._balance:variance is 1143.0304263689593
INFO:cooler._balance:variance is 216.97766826697554
INFO:cooler._balance:variance is 43.224961726977284
INFO:cooler._balance:variance is 8.87196308133134
INFO:cooler._balance:variance is 1.9014947065921493
INFO:cooler._balance:variance is 0.4287103945389057
INFO:cooler._balance:variance is 0.10302033820732
INFO:cooler._balance:variance is 0.026582188933761363
INFO:cooler._balance:variance is 0.007365861815777986
INFO:cooler._balance:variance is 0.0021727179684827625
INFO:cooler._balance:variance is 0.0006729763036390621
INFO:cooler._balance:variance is 0.0002158077887302421
INFO:cooler._balance:variance is 7.081697783247024e-05
INFO:cooler._balance:variance is 2.3579967863529586e-05
INFO:cooler._balance:variance is 7.922194660916126e-06
INFO:cooler._balance:chr16
INFO:cooler._balance:variance is 9449438.781812223
INFO:cooler._balance:variance is 162896.91103598382
INFO:cooler._balance:variance is 52510.00757809451
INFO:cooler._balance:variance is 27354.075516485187
INFO:cooler._balance:variance is 11482.046492100108
INFO:cooler._balance:variance is 5882.981700641429
INFO:cooler._balance:variance is 2693.093390700103
INFO:cooler._balance:variance is 1344.8594652834997
INFO:cooler._balance:variance is 636.3072120135951
INFO:cooler._balance:variance is 313.13999587796434
INFO:cooler._balance:variance is 150.2032052548006
INFO:cooler._balance:variance is 73.37537413465037
INFO:cooler._balance:variance is 35.40896148931394
INFO:cooler._balance:variance is 17.23537372944587
INFO:cooler._balance:variance is 8.340335314097471
INFO:cooler._balance:variance is 4.052593869598303
INFO:cooler._balance:variance is 1.963621210362021
INFO:cooler._balance:variance is 0.9533236305550401
INFO:cooler._balance:variance is 0.4622018367052348
INFO:cooler._balance:variance is 0.22430378258876968
INFO:cooler._balance:variance is 0.1087816214433413
INFO:cooler._balance:variance is 0.05278060020452239
INFO:cooler._balance:variance is 0.02560086455775266
INFO:cooler._balance:variance is 0.012420287723107944
INFO:cooler._balance:variance is 0.006024785245998437
INFO:cooler._balance:variance is 0.002922794825419753
INFO:cooler._balance:variance is 0.0014178247486643701
INFO:cooler._balance:variance is 0.0006878115703827503
INFO:cooler._balance:variance is 0.0003336572943287795
INFO:cooler._balance:variance is 0.00016186120729277562
INFO:cooler._balance:variance is 7.851945461852535e-05
INFO:cooler._balance:variance is 3.8090538260302496e-05
INFO:cooler._balance:variance is 1.8477926404015796e-05
INFO:cooler._balance:variance is 8.963795586658201e-06
INFO:cooler._balance:chr17
INFO:cooler._balance:variance is 613524.2293877321
INFO:cooler._balance:variance is 90337.7060374541
INFO:cooler._balance:variance is 27464.116716362572
INFO:cooler._balance:variance is 11079.468918995666
INFO:cooler._balance:variance is 4271.613420768727
INFO:cooler._balance:variance is 1759.058607730433
INFO:cooler._balance:variance is 712.1289017870794
INFO:cooler._balance:variance is 293.95555556337445
INFO:cooler._balance:variance is 120.61342734708532
INFO:cooler._balance:variance is 49.8051770221489
INFO:cooler._balance:variance is 20.520879912298465
INFO:cooler._balance:variance is 8.47407284296371
INFO:cooler._balance:variance is 3.4964098868340243
INFO:cooler._balance:variance is 1.4438256003985472
INFO:cooler._balance:variance is 0.5960229367621687
INFO:cooler._balance:variance is 0.24612218620174223
INFO:cooler._balance:variance is 0.10162035202463289
INFO:cooler._balance:variance is 0.04196291852040556
INFO:cooler._balance:variance is 0.017327151968062195
INFO:cooler._balance:variance is 0.007155018311593081
INFO:cooler._balance:variance is 0.002954504882911644
INFO:cooler._balance:variance is 0.0012200218558257384
INFO:cooler._balance:variance is 0.0005037865513175799
INFO:cooler._balance:variance is 0.00020803153475374943
INFO:cooler._balance:variance is 8.590336118538106e-05
INFO:cooler._balance:variance is 3.547256837587999e-05
INFO:cooler._balance:variance is 1.4647868951831036e-05
INFO:cooler._balance:variance is 6.048627942507491e-06
INFO:cooler._balance:chr18
INFO:cooler._balance:variance is 496178.6842698256
INFO:cooler._balance:variance is 43106.35113433469
INFO:cooler._balance:variance is 7638.491272624859
INFO:cooler._balance:variance is 1588.0879481013646
INFO:cooler._balance:variance is 340.8528376996774
INFO:cooler._balance:variance is 76.60672049514979
INFO:cooler._balance:variance is 17.451067420126034
INFO:cooler._balance:variance is 4.036593515550565
INFO:cooler._balance:variance is 0.9394006602268985
INFO:cooler._balance:variance is 0.21980822532845304
INFO:cooler._balance:variance is 0.05157063719299808
INFO:cooler._balance:variance is 0.012124473927667289
INFO:cooler._balance:variance is 0.002853871184489964
INFO:cooler._balance:variance is 0.0006723172616139104
INFO:cooler._balance:variance is 0.00015846785458559337
INFO:cooler._balance:variance is 3.736517740146796e-05
INFO:cooler._balance:variance is 8.81243981876892e-06
INFO:cooler._balance:chr20
INFO:cooler._balance:variance is 276642.7516146678
INFO:cooler._balance:variance is 27948.18283629381
INFO:cooler._balance:variance is 6297.8197236938595
INFO:cooler._balance:variance is 1697.7397599435774
INFO:cooler._balance:variance is 460.12865273852907
INFO:cooler._balance:variance is 136.08462758118912
INFO:cooler._balance:variance is 42.24467713550407
INFO:cooler._balance:variance is 14.3159452544187
INFO:cooler._balance:variance is 5.200169065512423
INFO:cooler._balance:variance is 2.026311097430486
INFO:cooler._balance:variance is 0.8291204835752264
INFO:cooler._balance:variance is 0.3518666960584557
INFO:cooler._balance:variance is 0.15269920232192763
INFO:cooler._balance:variance is 0.06722953056289079
INFO:cooler._balance:variance is 0.029846942231633602
INFO:cooler._balance:variance is 0.013318065638880907
INFO:cooler._balance:variance is 0.005959781424708254
INFO:cooler._balance:variance is 0.0026715408415604962
INFO:cooler._balance:variance is 0.001198705835688935
INFO:cooler._balance:variance is 0.0005381589707307619
INFO:cooler._balance:variance is 0.00024168421054926123
INFO:cooler._balance:variance is 0.00010855955328648961
INFO:cooler._balance:variance is 4.876792489536137e-05
INFO:cooler._balance:variance is 2.1909263261452538e-05
INFO:cooler._balance:variance is 9.843209203576004e-06
INFO:cooler._balance:chrY
INFO:cooler._balance:chr19
INFO:cooler._balance:variance is 731483.1187126095
INFO:cooler._balance:variance is 234944.19675102935
INFO:cooler._balance:variance is 57295.561267034995
INFO:cooler._balance:variance is 23331.75482842693
INFO:cooler._balance:variance is 7537.32328396084
INFO:cooler._balance:variance is 2967.9783539257783
INFO:cooler._balance:variance is 1089.8680561508545
INFO:cooler._balance:variance is 431.3971894469692
INFO:cooler._balance:variance is 167.76792596756945
INFO:cooler._balance:variance is 67.14497989394792
INFO:cooler._balance:variance is 26.783838575002548
INFO:cooler._balance:variance is 10.805458778814398
INFO:cooler._balance:variance is 4.3591074775719765
INFO:cooler._balance:variance is 1.7666542664714626
INFO:cooler._balance:variance is 0.7163069350322244
INFO:cooler._balance:variance is 0.2909956242193786
INFO:cooler._balance:variance is 0.1182569974829972
INFO:cooler._balance:variance is 0.04809820703892478
INFO:cooler._balance:variance is 0.01956693096970056
INFO:cooler._balance:variance is 0.007962974912563765
INFO:cooler._balance:variance is 0.003240990244948937
INFO:cooler._balance:variance is 0.0013193221511889927
INFO:cooler._balance:variance is 0.000537093201678914
INFO:cooler._balance:variance is 0.00021866552582689108
INFO:cooler._balance:variance is 8.902743783237553e-05
INFO:cooler._balance:variance is 3.62478201543048e-05
INFO:cooler._balance:variance is 1.4758638052421909e-05
INFO:cooler._balance:variance is 6.009208533104765e-06
INFO:cooler._balance:chr22
INFO:cooler._balance:variance is 255846.91975043475
INFO:cooler._balance:variance is 20344.82015547946
INFO:cooler._balance:variance is 3362.6453825091485
INFO:cooler._balance:variance is 726.6350075024715
INFO:cooler._balance:variance is 180.4699482521061
INFO:cooler._balance:variance is 54.68516872889694
INFO:cooler._balance:variance is 19.211013072986447
INFO:cooler._balance:variance is 7.420662268946689
INFO:cooler._balance:variance is 3.0301083591218627
INFO:cooler._balance:variance is 1.2685711979069776
INFO:cooler._balance:variance is 0.5392933780821177
INFO:cooler._balance:variance is 0.23056973528989075
INFO:cooler._balance:variance is 0.09901129924013906
INFO:cooler._balance:variance is 0.042573074625156186
INFO:cooler._balance:variance is 0.018331051627152716
INFO:cooler._balance:variance is 0.007895331161284592
INFO:cooler._balance:variance is 0.0034021925686509922
INFO:cooler._balance:variance is 0.00146613687917706
INFO:cooler._balance:variance is 0.0006319227120237508
INFO:cooler._balance:variance is 0.00027236846123260137
INFO:cooler._balance:variance is 0.00011740242890719733
INFO:cooler._balance:variance is 5.0605334669093444e-05
INFO:cooler._balance:variance is 2.181353003216672e-05
INFO:cooler._balance:variance is 9.40273842624776e-06
INFO:cooler._balance:chr21
INFO:cooler._balance:variance is 228591.0692878853
INFO:cooler._balance:variance is 22657.075351714222
INFO:cooler._balance:variance is 4365.083448637885
INFO:cooler._balance:variance is 1175.2034021056725
INFO:cooler._balance:variance is 376.9632200892041
INFO:cooler._balance:variance is 153.18359276618995
INFO:cooler._balance:variance is 72.14670578855282
INFO:cooler._balance:variance is 38.63442276537212
INFO:cooler._balance:variance is 21.81568255995836
INFO:cooler._balance:variance is 12.949327968621274
INFO:cooler._balance:variance is 7.794395810154546
INFO:cooler._balance:variance is 4.786461481601407
INFO:cooler._balance:variance is 2.9491207399805233
INFO:cooler._balance:variance is 1.8333497260395477
INFO:cooler._balance:variance is 1.140313937858338
INFO:cooler._balance:variance is 0.7123129091855956
INFO:cooler._balance:variance is 0.44486380211576665
INFO:cooler._balance:variance is 0.27844067168945635
INFO:cooler._balance:variance is 0.17421708135889183
INFO:cooler._balance:variance is 0.10913183316815948
INFO:cooler._balance:variance is 0.06834094217678395
INFO:cooler._balance:variance is 0.042823852170930224
INFO:cooler._balance:variance is 0.026828176281681982
INFO:cooler._balance:variance is 0.01681325121325421
INFO:cooler._balance:variance is 0.010535188208724053
INFO:cooler._balance:variance is 0.006602713763604866
INFO:cooler._balance:variance is 0.004137664992267149
INFO:cooler._balance:variance is 0.002593229423311551
INFO:cooler._balance:variance is 0.0016251570167635635
INFO:cooler._balance:variance is 0.0010185474978304356
INFO:cooler._balance:variance is 0.000638332505383034
INFO:cooler._balance:variance is 0.00040006610630768935
INFO:cooler._balance:variance is 0.0002507283962051139
INFO:cooler._balance:variance is 0.00015714008317357383
INFO:cooler._balance:variance is 9.848319253961156e-05
INFO:cooler._balance:variance is 6.172263477938477e-05
INFO:cooler._balance:variance is 3.8683121944701775e-05
INFO:cooler._balance:variance is 2.4243930498973047e-05
INFO:cooler._balance:variance is 1.5194317817768848e-05
INFO:cooler._balance:variance is 9.522744838001884e-06
INFO:cooler._balance:chrM
