INFO:cooler.cli.balance:Balancing "analysis_other/porec/T2T13/cooler/T2T13_1000000_balanced.cool"
INFO:cooler._balance:chr1
INFO:cooler._balance:variance is 501845351.79454553
INFO:cooler._balance:variance is 35153068.030677244
INFO:cooler._balance:variance is 6361777.693885659
INFO:cooler._balance:variance is 1957092.8450785107
INFO:cooler._balance:variance is 661521.2761567772
INFO:cooler._balance:variance is 231713.64955503598
INFO:cooler._balance:variance is 80837.11645567686
INFO:cooler._balance:variance is 28364.27259429875
INFO:cooler._balance:variance is 9924.32326829609
INFO:cooler._balance:variance is 3478.702487093458
INFO:cooler._balance:variance is 1218.082495537157
INFO:cooler._balance:variance is 426.7850104125576
INFO:cooler._balance:variance is 149.4790581618351
INFO:cooler._balance:variance is 52.36572530285917
INFO:cooler._balance:variance is 18.34245028064962
INFO:cooler._balance:variance is 6.425413105051792
INFO:cooler._balance:variance is 2.250738038338072
INFO:cooler._balance:variance is 0.7884253377279579
INFO:cooler._balance:variance is 0.2761781120220064
INFO:cooler._balance:variance is 0.09674355615147351
INFO:cooler._balance:variance is 0.033888504818119364
INFO:cooler._balance:variance is 0.011870915324890773
INFO:cooler._balance:variance is 0.004158293650046427
INFO:cooler._balance:variance is 0.0014566211343686464
INFO:cooler._balance:variance is 0.0005102438287856229
INFO:cooler._balance:variance is 0.00017873478860170388
INFO:cooler._balance:variance is 6.260951163741588e-05
INFO:cooler._balance:variance is 2.1931665012334595e-05
INFO:cooler._balance:variance is 7.682505068331991e-06
INFO:cooler._balance:chr2
INFO:cooler._balance:variance is 670168427.1566615
INFO:cooler._balance:variance is 73441706.27681616
INFO:cooler._balance:variance is 9902659.80671871
INFO:cooler._balance:variance is 1485849.6124706888
INFO:cooler._balance:variance is 228863.39558156196
INFO:cooler._balance:variance is 37307.44923226387
INFO:cooler._balance:variance is 6460.880747813722
INFO:cooler._balance:variance is 1198.21683976168
INFO:cooler._balance:variance is 237.06511641007694
INFO:cooler._balance:variance is 49.54060885968685
INFO:cooler._balance:variance is 10.790319570239358
INFO:cooler._balance:variance is 2.4189494140881003
INFO:cooler._balance:variance is 0.5526471082263861
INFO:cooler._balance:variance is 0.1277793170587543
INFO:cooler._balance:variance is 0.02976270253025487
INFO:cooler._balance:variance is 0.006963416389599307
INFO:cooler._balance:variance is 0.0016335669834566908
INFO:cooler._balance:variance is 0.0003838367683007054
INFO:cooler._balance:variance is 9.027551164245361e-05
INFO:cooler._balance:variance is 2.1244131187195142e-05
INFO:cooler._balance:variance is 5.000963932430043e-06
INFO:cooler._balance:chr3
INFO:cooler._balance:variance is 446027197.78772104
INFO:cooler._balance:variance is 22439129.65036178
INFO:cooler._balance:variance is 2060044.8258634335
INFO:cooler._balance:variance is 229854.67357729873
INFO:cooler._balance:variance is 28522.946409746077
INFO:cooler._balance:variance is 4149.1717732475145
INFO:cooler._balance:variance is 723.8884115654203
INFO:cooler._balance:variance is 147.89123739569249
INFO:cooler._balance:variance is 33.426213239166465
INFO:cooler._balance:variance is 7.966211259988154
INFO:cooler._balance:variance is 1.9459891815224233
INFO:cooler._balance:variance is 0.4805798280800645
INFO:cooler._balance:variance is 0.1192406950678014
INFO:cooler._balance:variance is 0.029644890719925418
INFO:cooler._balance:variance is 0.007376346606477594
INFO:cooler._balance:variance is 0.0018360638823620545
INFO:cooler._balance:variance is 0.00045708770100832545
INFO:cooler._balance:variance is 0.00011379912227953357
INFO:cooler._balance:variance is 2.8332826806635292e-05
INFO:cooler._balance:variance is 7.054168364032662e-06
INFO:cooler._balance:chr4
INFO:cooler._balance:variance is 522114186.9346913
INFO:cooler._balance:variance is 56348122.42022835
INFO:cooler._balance:variance is 10441291.930078348
INFO:cooler._balance:variance is 2413625.353977923
INFO:cooler._balance:variance is 583140.5551288994
INFO:cooler._balance:variance is 150131.14487435838
INFO:cooler._balance:variance is 39290.76810152559
INFO:cooler._balance:variance is 10485.808603469355
INFO:cooler._balance:variance is 2815.1089045496674
INFO:cooler._balance:variance is 760.0681043121635
INFO:cooler._balance:variance is 205.60927908697406
INFO:cooler._balance:variance is 55.71033793549846
INFO:cooler._balance:variance is 15.103712398385232
INFO:cooler._balance:variance is 4.096680542700497
INFO:cooler._balance:variance is 1.111365029234536
INFO:cooler._balance:variance is 0.3015356846505339
INFO:cooler._balance:variance is 0.08181694883946859
INFO:cooler._balance:variance is 0.022200578991065017
INFO:cooler._balance:variance is 0.006024097250660352
INFO:cooler._balance:variance is 0.0016346484925055529
INFO:cooler._balance:variance is 0.000443566497718955
INFO:cooler._balance:variance is 0.00012036340266600419
INFO:cooler._balance:variance is 3.2661095745373616e-05
INFO:cooler._balance:variance is 8.862728357714782e-06
INFO:cooler._balance:chr5
INFO:cooler._balance:variance is 583566560.0469204
INFO:cooler._balance:variance is 41403762.47170924
INFO:cooler._balance:variance is 4941222.529707767
INFO:cooler._balance:variance is 716528.1919116912
INFO:cooler._balance:variance is 116733.62574103939
INFO:cooler._balance:variance is 20948.704288742258
INFO:cooler._balance:variance is 3981.912647950724
INFO:cooler._balance:variance is 787.5999949976821
INFO:cooler._balance:variance is 159.51996788684423
INFO:cooler._balance:variance is 32.80344905425
INFO:cooler._balance:variance is 6.808329790862891
INFO:cooler._balance:variance is 1.421277026066641
INFO:cooler._balance:variance is 0.2977621842428723
INFO:cooler._balance:variance is 0.06252124640183605
INFO:cooler._balance:variance is 0.01314575106150148
INFO:cooler._balance:variance is 0.002766407542639968
INFO:cooler._balance:variance is 0.0005824766964948135
INFO:cooler._balance:variance is 0.00012268315819454994
INFO:cooler._balance:variance is 2.5845254695560744e-05
INFO:cooler._balance:variance is 5.445431530798997e-06
INFO:cooler._balance:chr6
INFO:cooler._balance:variance is 578217366.9485937
INFO:cooler._balance:variance is 108952655.18243837
INFO:cooler._balance:variance is 24208051.948437206
INFO:cooler._balance:variance is 6511617.970266097
INFO:cooler._balance:variance is 1676023.0246596572
INFO:cooler._balance:variance is 446437.1108676052
INFO:cooler._balance:variance is 117668.2068069803
INFO:cooler._balance:variance is 31268.63168260338
INFO:cooler._balance:variance is 8287.533208200355
INFO:cooler._balance:variance is 2201.077584979694
INFO:cooler._balance:variance is 584.1886745778746
INFO:cooler._balance:variance is 155.13174426853251
INFO:cooler._balance:variance is 41.188039907611284
INFO:cooler._balance:variance is 10.937077363001332
INFO:cooler._balance:variance is 2.904095457803354
INFO:cooler._balance:variance is 0.7711450904650663
INFO:cooler._balance:variance is 0.2047650354285933
INFO:cooler._balance:variance is 0.05437253682945995
INFO:cooler._balance:variance is 0.014437829636538422
INFO:cooler._balance:variance is 0.0038337633817362104
INFO:cooler._balance:variance is 0.0010180012227580843
INFO:cooler._balance:variance is 0.0002703158908979442
INFO:cooler._balance:variance is 7.17785612210672e-05
INFO:cooler._balance:variance is 1.9059784899338864e-05
INFO:cooler._balance:variance is 5.061056812966244e-06
INFO:cooler._balance:chr7
INFO:cooler._balance:variance is 506605057.3324626
INFO:cooler._balance:variance is 42724839.5233721
INFO:cooler._balance:variance is 5073829.025870065
INFO:cooler._balance:variance is 655659.2442078951
INFO:cooler._balance:variance is 85075.87607475484
INFO:cooler._balance:variance is 11158.124729965906
INFO:cooler._balance:variance is 1478.4537403775669
INFO:cooler._balance:variance is 198.7817708791087
INFO:cooler._balance:variance is 27.259200146006876
INFO:cooler._balance:variance is 3.836053061159629
INFO:cooler._balance:variance is 0.5575280868006557
INFO:cooler._balance:variance is 0.08414527779874935
INFO:cooler._balance:variance is 0.01323063754148552
INFO:cooler._balance:variance is 0.0021674785001293264
INFO:cooler._balance:variance is 0.00036881358876210597
INFO:cooler._balance:variance is 6.483305923511213e-05
INFO:cooler._balance:variance is 1.1699209957301686e-05
INFO:cooler._balance:variance is 2.1537446293406447e-06
INFO:cooler._balance:chrX
INFO:cooler._balance:variance is 351655360.54948866
INFO:cooler._balance:variance is 6411341.8774549635
INFO:cooler._balance:variance is 296013.0782554343
INFO:cooler._balance:variance is 16863.8903804485
INFO:cooler._balance:variance is 1425.9975625442044
INFO:cooler._balance:variance is 201.69870300064824
INFO:cooler._balance:variance is 38.28025824982267
INFO:cooler._balance:variance is 7.971490415419312
INFO:cooler._balance:variance is 1.6980983254067077
INFO:cooler._balance:variance is 0.3636299836785103
INFO:cooler._balance:variance is 0.07795888869248561
INFO:cooler._balance:variance is 0.01671819687726523
INFO:cooler._balance:variance is 0.0035854104192872835
INFO:cooler._balance:variance is 0.0007689439840625698
INFO:cooler._balance:variance is 0.00016491180772541908
INFO:cooler._balance:variance is 3.536789365532703e-05
INFO:cooler._balance:variance is 7.585193763851253e-06
INFO:cooler._balance:chr9
INFO:cooler._balance:variance is 475551197.8290725
INFO:cooler._balance:variance is 80549574.70918927
INFO:cooler._balance:variance is 15907951.617477601
INFO:cooler._balance:variance is 4212394.354394493
INFO:cooler._balance:variance is 1079024.9609654273
INFO:cooler._balance:variance is 320469.4530048127
INFO:cooler._balance:variance is 97524.63174488468
INFO:cooler._balance:variance is 31719.62574906631
INFO:cooler._balance:variance is 10512.199214019936
INFO:cooler._balance:variance is 3569.4291055044732
INFO:cooler._balance:variance is 1221.5951860349962
INFO:cooler._balance:variance is 421.43093504205547
INFO:cooler._balance:variance is 145.7877800666519
INFO:cooler._balance:variance is 50.5619013320765
INFO:cooler._balance:variance is 17.55156010877238
INFO:cooler._balance:variance is 6.097612903907514
INFO:cooler._balance:variance is 2.118983501622783
INFO:cooler._balance:variance is 0.7365586497653092
INFO:cooler._balance:variance is 0.2560505283979897
INFO:cooler._balance:variance is 0.08901841014011247
INFO:cooler._balance:variance is 0.03094895011821824
INFO:cooler._balance:variance is 0.010760278138399656
INFO:cooler._balance:variance is 0.0037411466755266844
INFO:cooler._balance:variance is 0.001300737526375095
INFO:cooler._balance:variance is 0.0004522470270054564
INFO:cooler._balance:variance is 0.0001572399740391377
INFO:cooler._balance:variance is 5.467018501306205e-05
INFO:cooler._balance:variance is 1.900809128428952e-05
INFO:cooler._balance:variance is 6.608860386569035e-06
INFO:cooler._balance:chr8
INFO:cooler._balance:variance is 451175380.0491236
INFO:cooler._balance:variance is 26312962.094938584
INFO:cooler._balance:variance is 2743816.4304197454
INFO:cooler._balance:variance is 298369.83363564487
INFO:cooler._balance:variance is 32389.81763378439
INFO:cooler._balance:variance is 3528.960559272181
INFO:cooler._balance:variance is 384.7467795411064
INFO:cooler._balance:variance is 42.019335196927656
INFO:cooler._balance:variance is 4.598730645288416
INFO:cooler._balance:variance is 0.5049665198541184
INFO:cooler._balance:variance is 0.055727098461248986
INFO:cooler._balance:variance is 0.006197072332139812
INFO:cooler._balance:variance is 0.0006970604209180327
INFO:cooler._balance:variance is 7.9728827768932e-05
INFO:cooler._balance:variance is 9.337366784116367e-06
INFO:cooler._balance:chr11
INFO:cooler._balance:variance is 562580181.876951
INFO:cooler._balance:variance is 125634848.95177296
INFO:cooler._balance:variance is 26304341.46305036
INFO:cooler._balance:variance is 7001268.874596362
INFO:cooler._balance:variance is 1704266.0515024941
INFO:cooler._balance:variance is 434679.9018481104
INFO:cooler._balance:variance is 108543.29126131083
INFO:cooler._balance:variance is 27398.62639117557
INFO:cooler._balance:variance is 6879.890328908562
INFO:cooler._balance:variance is 1732.1395924446654
INFO:cooler._balance:variance is 435.5268588945864
INFO:cooler._balance:variance is 109.58053755267899
INFO:cooler._balance:variance is 27.561879384102323
INFO:cooler._balance:variance is 6.933556831239199
INFO:cooler._balance:variance is 1.7440837835608722
INFO:cooler._balance:variance is 0.43872932737903625
INFO:cooler._balance:variance is 0.11036133260221892
INFO:cooler._balance:variance is 0.027761424476371067
INFO:cooler._balance:variance is 0.006983357574246304
INFO:cooler._balance:variance is 0.0017566609852883842
INFO:cooler._balance:variance is 0.00044188683062282633
INFO:cooler._balance:variance is 0.00011115639387758963
INFO:cooler._balance:variance is 2.7961321729695093e-05
INFO:cooler._balance:variance is 7.033654246643544e-06
INFO:cooler._balance:chr10
INFO:cooler._balance:variance is 467232707.08286756
INFO:cooler._balance:variance is 44879562.299561955
INFO:cooler._balance:variance is 7239793.380219624
INFO:cooler._balance:variance is 1322149.3701219447
INFO:cooler._balance:variance is 247787.95591050375
INFO:cooler._balance:variance is 47910.84197526552
INFO:cooler._balance:variance is 9345.051633437872
INFO:cooler._balance:variance is 1840.6382422735198
INFO:cooler._balance:variance is 363.81842308372705
INFO:cooler._balance:variance is 72.13171850774161
INFO:cooler._balance:variance is 14.319857018872499
INFO:cooler._balance:variance is 2.8455749736793274
INFO:cooler._balance:variance is 0.5657223569886186
INFO:cooler._balance:variance is 0.1125047790369823
INFO:cooler._balance:variance is 0.02237731810547751
INFO:cooler._balance:variance is 0.004451318501213525
INFO:cooler._balance:variance is 0.0008855086567559589
INFO:cooler._balance:variance is 0.00017616158182982028
INFO:cooler._balance:variance is 3.504592128862021e-05
INFO:cooler._balance:variance is 6.9721776810051616e-06
INFO:cooler._balance:chr12
INFO:cooler._balance:variance is 567626855.9719968
INFO:cooler._balance:variance is 97211323.12628983
INFO:cooler._balance:variance is 18762830.353538793
INFO:cooler._balance:variance is 4264811.141188062
INFO:cooler._balance:variance is 942839.5681459571
INFO:cooler._balance:variance is 214463.3453733066
INFO:cooler._balance:variance is 48500.45000857332
INFO:cooler._balance:variance is 11032.076705061061
INFO:cooler._balance:variance is 2506.0592459084305
INFO:cooler._balance:variance is 569.9785314684077
INFO:cooler._balance:variance is 129.59522603564378
INFO:cooler._balance:variance is 29.473697474084638
INFO:cooler._balance:variance is 6.702667694529479
INFO:cooler._balance:variance is 1.5243542577274733
INFO:cooler._balance:variance is 0.3466701093876382
INFO:cooler._balance:variance is 0.07884105467585861
INFO:cooler._balance:variance is 0.017930261673995154
INFO:cooler._balance:variance is 0.004077763708363712
INFO:cooler._balance:variance is 0.0009273785712572106
INFO:cooler._balance:variance is 0.00021090764827544722
INFO:cooler._balance:variance is 4.7965337189022545e-05
INFO:cooler._balance:variance is 1.0908442191773028e-05
INFO:cooler._balance:variance is 2.4808353519063753e-06
INFO:cooler._balance:chr13
INFO:cooler._balance:variance is 210636694.44074458
INFO:cooler._balance:variance is 6695206.757371581
INFO:cooler._balance:variance is 699743.0831804958
INFO:cooler._balance:variance is 95180.41853064614
INFO:cooler._balance:variance is 14679.497732697928
INFO:cooler._balance:variance is 2460.3833034924915
INFO:cooler._balance:variance is 431.65304569684173
INFO:cooler._balance:variance is 77.60968770570378
INFO:cooler._balance:variance is 14.123653663758759
INFO:cooler._balance:variance is 2.585686209869447
INFO:cooler._balance:variance is 0.47473532108089916
INFO:cooler._balance:variance is 0.08728328776722484
INFO:cooler._balance:variance is 0.0160582891123177
INFO:cooler._balance:variance is 0.002955332838728411
INFO:cooler._balance:variance is 0.0005439762594473885
INFO:cooler._balance:variance is 0.00010013488653057844
INFO:cooler._balance:variance is 1.8433429407775113e-05
INFO:cooler._balance:variance is 3.3933933216792474e-06
INFO:cooler._balance:chr14
INFO:cooler._balance:variance is 389958862.0924824
INFO:cooler._balance:variance is 37627597.251962796
INFO:cooler._balance:variance is 8321737.006512177
INFO:cooler._balance:variance is 2325235.53551659
INFO:cooler._balance:variance is 657481.8610059934
INFO:cooler._balance:variance is 188264.64158061246
INFO:cooler._balance:variance is 53748.39685559477
INFO:cooler._balance:variance is 15375.674558190856
INFO:cooler._balance:variance is 4394.384280853908
INFO:cooler._balance:variance is 1256.5600199597152
INFO:cooler._balance:variance is 359.21380771186597
INFO:cooler._balance:variance is 102.70335696758524
INFO:cooler._balance:variance is 29.361845502692262
INFO:cooler._balance:variance is 8.394593166343846
INFO:cooler._balance:variance is 2.399974119310199
INFO:cooler._balance:variance is 0.6861490851307356
INFO:cooler._balance:variance is 0.19616780485488758
INFO:cooler._balance:variance is 0.05608392661387536
INFO:cooler._balance:variance is 0.016034237954824726
INFO:cooler._balance:variance is 0.00458414817621319
INFO:cooler._balance:variance is 0.001310595735246114
INFO:cooler._balance:variance is 0.00037469592608571585
INFO:cooler._balance:variance is 0.00010712457924205081
INFO:cooler._balance:variance is 3.06266376178588e-05
INFO:cooler._balance:variance is 8.756075391075917e-06
INFO:cooler._balance:chr15
INFO:cooler._balance:variance is 278856912.75847703
INFO:cooler._balance:variance is 6416583.236792956
INFO:cooler._balance:variance is 250067.36589328133
INFO:cooler._balance:variance is 11751.827108048225
INFO:cooler._balance:variance is 708.3527688715591
INFO:cooler._balance:variance is 66.49728077277877
INFO:cooler._balance:variance is 9.380933153170743
INFO:cooler._balance:variance is 1.595743627819629
INFO:cooler._balance:variance is 0.2872297976458834
INFO:cooler._balance:variance is 0.052462447538770156
INFO:cooler._balance:variance is 0.009616962471046783
INFO:cooler._balance:variance is 0.001764460914582054
INFO:cooler._balance:variance is 0.0003238022931326669
INFO:cooler._balance:variance is 5.942521028478546e-05
INFO:cooler._balance:variance is 1.0906040450078825e-05
INFO:cooler._balance:variance is 2.001542643612645e-06
INFO:cooler._balance:chr16
INFO:cooler._balance:variance is 325155438.04320985
INFO:cooler._balance:variance is 19250577.756552763
INFO:cooler._balance:variance is 1871807.9764543516
INFO:cooler._balance:variance is 294614.6327268274
INFO:cooler._balance:variance is 55151.77410430945
INFO:cooler._balance:variance is 11135.805656745524
INFO:cooler._balance:variance is 2304.146809104032
INFO:cooler._balance:variance is 480.1424445738928
INFO:cooler._balance:variance is 100.34568810213881
INFO:cooler._balance:variance is 20.98450779168975
INFO:cooler._balance:variance is 4.389987245804539
INFO:cooler._balance:variance is 0.9184343883310283
INFO:cooler._balance:variance is 0.19215707938738286
INFO:cooler._balance:variance is 0.040203606142953055
INFO:cooler._balance:variance is 0.008411573865456264
INFO:cooler._balance:variance is 0.001759904703266525
INFO:cooler._balance:variance is 0.0003682151506334113
INFO:cooler._balance:variance is 7.703960163188479e-05
INFO:cooler._balance:variance is 1.6118570172512727e-05
INFO:cooler._balance:variance is 3.3723991244082727e-06
INFO:cooler._balance:chr17
INFO:cooler._balance:variance is 183528019.03681788
INFO:cooler._balance:variance is 6395821.18734678
INFO:cooler._balance:variance is 524521.0129033378
INFO:cooler._balance:variance is 79866.01042697723
INFO:cooler._balance:variance is 16638.271766906484
INFO:cooler._balance:variance is 3880.5083020729207
INFO:cooler._balance:variance is 928.0829351770465
INFO:cooler._balance:variance is 223.6510911962248
INFO:cooler._balance:variance is 53.95644836717391
INFO:cooler._balance:variance is 13.024643665893047
INFO:cooler._balance:variance is 3.144010400125952
INFO:cooler._balance:variance is 0.758982789737506
INFO:cooler._balance:variance is 0.183219606201142
INFO:cooler._balance:variance is 0.044230050481834676
INFO:cooler._balance:variance is 0.01067727966715609
INFO:cooler._balance:variance is 0.002577537688560384
INFO:cooler._balance:variance is 0.0006222269982830079
INFO:cooler._balance:variance is 0.0001502079667642931
INFO:cooler._balance:variance is 3.626076336727558e-05
INFO:cooler._balance:variance is 8.75348494152369e-06
INFO:cooler._balance:chr18
INFO:cooler._balance:variance is 306706032.80462223
INFO:cooler._balance:variance is 16983790.943463944
INFO:cooler._balance:variance is 1367118.6014451117
INFO:cooler._balance:variance is 121146.54180369638
INFO:cooler._balance:variance is 10886.55263274291
INFO:cooler._balance:variance is 987.0679456155815
INFO:cooler._balance:variance is 89.66293290255909
INFO:cooler._balance:variance is 8.153119279633462
INFO:cooler._balance:variance is 0.7415688912149236
INFO:cooler._balance:variance is 0.06745856167381885
INFO:cooler._balance:variance is 0.006136789422721562
INFO:cooler._balance:variance is 0.0005582829219819399
INFO:cooler._balance:variance is 5.0789157804654765e-05
INFO:cooler._balance:variance is 4.620505226301373e-06
INFO:cooler._balance:chr20
INFO:cooler._balance:variance is 180736088.59555557
INFO:cooler._balance:variance is 7964754.725214273
INFO:cooler._balance:variance is 803369.4941346569
INFO:cooler._balance:variance is 137879.1593547934
INFO:cooler._balance:variance is 31195.65402571774
INFO:cooler._balance:variance is 8011.394854256212
INFO:cooler._balance:variance is 2130.176505366742
INFO:cooler._balance:variance is 572.6332184952603
INFO:cooler._balance:variance is 154.34416756567927
INFO:cooler._balance:variance is 41.63529216324434
INFO:cooler._balance:variance is 11.233500550043637
INFO:cooler._balance:variance is 3.031072699569557
INFO:cooler._balance:variance is 0.817867337823592
INFO:cooler._balance:variance is 0.2206844908349505
INFO:cooler._balance:variance is 0.059547144778238546
INFO:cooler._balance:variance is 0.016067575825904148
INFO:cooler._balance:variance is 0.004335505399345604
INFO:cooler._balance:variance is 0.0011698472401048868
INFO:cooler._balance:variance is 0.000315659278898538
INFO:cooler._balance:variance is 8.51741830316832e-05
INFO:cooler._balance:variance is 2.2982506305203303e-05
INFO:cooler._balance:variance is 6.201357980402045e-06
INFO:cooler._balance:chrY
INFO:cooler._balance:chr19
INFO:cooler._balance:variance is 1039628763.785124
INFO:cooler._balance:variance is 94323714.08176255
INFO:cooler._balance:variance is 9325349.50053769
INFO:cooler._balance:variance is 1304692.9047363333
INFO:cooler._balance:variance is 192654.65149707737
INFO:cooler._balance:variance is 31801.30131413224
INFO:cooler._balance:variance is 5419.374148835376
INFO:cooler._balance:variance is 947.6319540748669
INFO:cooler._balance:variance is 167.09938220780836
INFO:cooler._balance:variance is 29.620822711880667
INFO:cooler._balance:variance is 5.260422452209883
INFO:cooler._balance:variance is 0.9351952129149939
INFO:cooler._balance:variance is 0.16632292990360956
INFO:cooler._balance:variance is 0.029586514262069333
INFO:cooler._balance:variance is 0.005263447550888231
INFO:cooler._balance:variance is 0.0009364082914703057
INFO:cooler._balance:variance is 0.00016659707528386114
INFO:cooler._balance:variance is 2.9639659533253784e-05
INFO:cooler._balance:variance is 5.273276212086343e-06
INFO:cooler._balance:chr22
INFO:cooler._balance:variance is 117049605.35986161
INFO:cooler._balance:variance is 5504506.384637003
INFO:cooler._balance:variance is 690143.2473836942
INFO:cooler._balance:variance is 99534.2720611756
INFO:cooler._balance:variance is 14287.04945518105
INFO:cooler._balance:variance is 2074.520577655038
INFO:cooler._balance:variance is 300.81782736100115
INFO:cooler._balance:variance is 43.6854728963474
INFO:cooler._balance:variance is 6.342593797491704
INFO:cooler._balance:variance is 0.9210536045882813
INFO:cooler._balance:variance is 0.1337476518715649
INFO:cooler._balance:variance is 0.019422258884648783
INFO:cooler._balance:variance is 0.0028204005195237693
INFO:cooler._balance:variance is 0.0004095657606640838
INFO:cooler._balance:variance is 5.947523712815494e-05
INFO:cooler._balance:variance is 8.636723854120598e-06
INFO:cooler._balance:chr21
INFO:cooler._balance:variance is 200345168.87786958
INFO:cooler._balance:variance is 61672369.78618909
INFO:cooler._balance:variance is 17856998.497260507
INFO:cooler._balance:variance is 6966057.2236284455
INFO:cooler._balance:variance is 2401928.263757051
INFO:cooler._balance:variance is 886755.5488723193
INFO:cooler._balance:variance is 315116.243875607
INFO:cooler._balance:variance is 114489.81461355578
INFO:cooler._balance:variance is 41057.083438799076
INFO:cooler._balance:variance is 14839.191845090027
INFO:cooler._balance:variance is 5338.5162151337145
INFO:cooler._balance:variance is 1925.9861720480023
INFO:cooler._balance:variance is 693.6891987904812
INFO:cooler._balance:variance is 250.1021982944213
INFO:cooler._balance:variance is 90.1178903661068
INFO:cooler._balance:variance is 32.48355934746095
INFO:cooler._balance:variance is 11.706390729401008
INFO:cooler._balance:variance is 4.219294568656553
INFO:cooler._balance:variance is 1.5206285910524422
INFO:cooler._balance:variance is 0.5480588429145453
INFO:cooler._balance:variance is 0.19752367941940618
INFO:cooler._balance:variance is 0.07118994060883348
INFO:cooler._balance:variance is 0.025657465683579076
INFO:cooler._balance:variance is 0.009247228444216092
INFO:cooler._balance:variance is 0.0033327892886812313
INFO:cooler._balance:variance is 0.001201171733916456
INFO:cooler._balance:variance is 0.00043291415893232787
INFO:cooler._balance:variance is 0.00015602666631996765
INFO:cooler._balance:variance is 5.62335714814594e-05
INFO:cooler._balance:variance is 2.026714772346604e-05
INFO:cooler._balance:variance is 7.30448372312146e-06
INFO:cooler._balance:chrM
