INFO:cooler.cli.balance:Balancing "analysis_other/porec/T2T07.hp1/cooler/T2T07.hp1_100000_balanced.cool"
INFO:cooler._balance:chr1
INFO:cooler._balance:variance is 115545971.21034995
INFO:cooler._balance:variance is 4620209.3239888605
INFO:cooler._balance:variance is 1353524.0904037051
INFO:cooler._balance:variance is 582871.7175065794
INFO:cooler._balance:variance is 247183.60940370476
INFO:cooler._balance:variance is 114848.99952336383
INFO:cooler._balance:variance is 51587.3288899636
INFO:cooler._balance:variance is 23979.551812708985
INFO:cooler._balance:variance is 10925.815433419335
INFO:cooler._balance:variance is 5054.541243516987
INFO:cooler._balance:variance is 2315.439797883378
INFO:cooler._balance:variance is 1068.1311493533892
INFO:cooler._balance:variance is 490.4607446677415
INFO:cooler._balance:variance is 225.93611165094646
INFO:cooler._balance:variance is 103.85648240410956
INFO:cooler._balance:variance is 47.810966701112925
INFO:cooler._balance:variance is 21.988227222609336
INFO:cooler._balance:variance is 10.119296170774218
INFO:cooler._balance:variance is 4.654912582584525
INFO:cooler._balance:variance is 2.1419513263513994
INFO:cooler._balance:variance is 0.9854078678768532
INFO:cooler._balance:variance is 0.453404058408744
INFO:cooler._balance:variance is 0.20859916688179825
INFO:cooler._balance:variance is 0.09597733555846967
INFO:cooler._balance:variance is 0.04415759079195058
INFO:cooler._balance:variance is 0.02031680292598476
INFO:cooler._balance:variance is 0.00934752026675484
INFO:cooler._balance:variance is 0.004300743950412753
INFO:cooler._balance:variance is 0.0019787304568923904
INFO:cooler._balance:variance is 0.0009104005399008348
INFO:cooler._balance:variance is 0.0004188673199748664
INFO:cooler._balance:variance is 0.000192717762538473
INFO:cooler._balance:variance is 8.86678419609351e-05
INFO:cooler._balance:variance is 4.079539365330037e-05
INFO:cooler._balance:variance is 1.8769630197625996e-05
INFO:cooler._balance:variance is 8.635760273879474e-06
INFO:cooler._balance:chr2
INFO:cooler._balance:variance is 15514644.448078526
INFO:cooler._balance:variance is 2412664.066637471
INFO:cooler._balance:variance is 490551.52551433654
INFO:cooler._balance:variance is 119780.70039341277
INFO:cooler._balance:variance is 28080.090631156883
INFO:cooler._balance:variance is 6875.226032592267
INFO:cooler._balance:variance is 1677.2941282366085
INFO:cooler._balance:variance is 417.661294236191
INFO:cooler._balance:variance is 105.27480280661406
INFO:cooler._balance:variance is 27.104566893934322
INFO:cooler._balance:variance is 7.1374267290325175
INFO:cooler._balance:variance is 1.931567046536364
INFO:cooler._balance:variance is 0.5382959205865769
INFO:cooler._balance:variance is 0.15467985392553807
INFO:cooler._balance:variance is 0.045789702811658214
INFO:cooler._balance:variance is 0.013931625271340783
INFO:cooler._balance:variance is 0.004341057037837261
INFO:cooler._balance:variance is 0.0013797425271980383
INFO:cooler._balance:variance is 0.0004455275309756377
INFO:cooler._balance:variance is 0.00014563570603616754
INFO:cooler._balance:variance is 4.8047779792447786e-05
INFO:cooler._balance:variance is 1.5960619490828355e-05
INFO:cooler._balance:variance is 5.328388960333923e-06
INFO:cooler._balance:chr3
INFO:cooler._balance:variance is 11211984.41018088
INFO:cooler._balance:variance is 1508302.4873130296
INFO:cooler._balance:variance is 249270.74423581353
INFO:cooler._balance:variance is 53776.62473225315
INFO:cooler._balance:variance is 11313.730560729988
INFO:cooler._balance:variance is 2595.4485403844433
INFO:cooler._balance:variance is 623.2101231904211
INFO:cooler._balance:variance is 161.07672988833016
INFO:cooler._balance:variance is 44.36750126987489
INFO:cooler._balance:variance is 12.973417076553005
INFO:cooler._balance:variance is 3.970440656437002
INFO:cooler._balance:variance is 1.2564262769089791
INFO:cooler._balance:variance is 0.4065417103840616
INFO:cooler._balance:variance is 0.13345899169326833
INFO:cooler._balance:variance is 0.0442070546116999
INFO:cooler._balance:variance is 0.014724489168259611
INFO:cooler._balance:variance is 0.004920881697417131
INFO:cooler._balance:variance is 0.001647876951985395
INFO:cooler._balance:variance is 0.0005525007390966991
INFO:cooler._balance:variance is 0.0001853774492327987
INFO:cooler._balance:variance is 6.22256475986078e-05
INFO:cooler._balance:variance is 2.0892712843890736e-05
INFO:cooler._balance:variance is 7.0159667737817325e-06
INFO:cooler._balance:chr4
INFO:cooler._balance:variance is 9321306.328904722
INFO:cooler._balance:variance is 1481456.9077346623
INFO:cooler._balance:variance is 314756.4938784353
INFO:cooler._balance:variance is 92453.56195737552
INFO:cooler._balance:variance is 27465.688643104222
INFO:cooler._balance:variance is 8932.63391082271
INFO:cooler._balance:variance is 2933.952186750016
INFO:cooler._balance:variance is 991.8528345501782
INFO:cooler._balance:variance is 336.9065614440146
INFO:cooler._balance:variance is 115.5922631062816
INFO:cooler._balance:variance is 39.75176256181736
INFO:cooler._balance:variance is 13.7215674203443
INFO:cooler._balance:variance is 4.74174042148413
INFO:cooler._balance:variance is 1.6409728126803762
INFO:cooler._balance:variance is 0.5681899779795658
INFO:cooler._balance:variance is 0.1968509572219984
INFO:cooler._balance:variance is 0.06821598960125203
INFO:cooler._balance:variance is 0.023644894110145493
INFO:cooler._balance:variance is 0.008196635645591446
INFO:cooler._balance:variance is 0.0028416863659371573
INFO:cooler._balance:variance is 0.0009852298030418902
INFO:cooler._balance:variance is 0.00034159892356016306
INFO:cooler._balance:variance is 0.00011844169844215163
INFO:cooler._balance:variance is 4.1067673012945705e-05
INFO:cooler._balance:variance is 1.4239658460901164e-05
INFO:cooler._balance:variance is 4.9374433854449605e-06
INFO:cooler._balance:chr5
INFO:cooler._balance:variance is 12262814.261992313
INFO:cooler._balance:variance is 1634902.8943217497
INFO:cooler._balance:variance is 283734.9346657341
INFO:cooler._balance:variance is 54911.66292173777
INFO:cooler._balance:variance is 11071.107586176538
INFO:cooler._balance:variance is 2359.6511913198947
INFO:cooler._balance:variance is 527.4625323620013
INFO:cooler._balance:variance is 124.02403509061055
INFO:cooler._balance:variance is 30.47983256492098
INFO:cooler._balance:variance is 7.806352617417119
INFO:cooler._balance:variance is 2.0695620722399197
INFO:cooler._balance:variance is 0.5650441984619876
INFO:cooler._balance:variance is 0.15796746059664013
INFO:cooler._balance:variance is 0.04501294221682883
INFO:cooler._balance:variance is 0.013019730111600666
INFO:cooler._balance:variance is 0.0038101328149268924
INFO:cooler._balance:variance is 0.0011250944054376716
INFO:cooler._balance:variance is 0.0003345340178513569
INFO:cooler._balance:variance is 9.99956594802761e-05
INFO:cooler._balance:variance is 3.0009753535312968e-05
INFO:cooler._balance:variance is 9.033621496465652e-06
INFO:cooler._balance:chr6
INFO:cooler._balance:variance is 16145480.54772016
INFO:cooler._balance:variance is 7780684.965399315
INFO:cooler._balance:variance is 2039836.7632996328
INFO:cooler._balance:variance is 998941.3239081496
INFO:cooler._balance:variance is 345122.63986458286
INFO:cooler._balance:variance is 147959.3919291301
INFO:cooler._balance:variance is 55875.388494453946
INFO:cooler._balance:variance is 22831.473231169915
INFO:cooler._balance:variance is 8901.230755434848
INFO:cooler._balance:variance is 3574.749955265638
INFO:cooler._balance:variance is 1410.3582987411244
INFO:cooler._balance:variance is 562.7971576309551
INFO:cooler._balance:variance is 223.05652808120988
INFO:cooler._balance:variance is 88.7965917478195
INFO:cooler._balance:variance is 35.255803383955154
INFO:cooler._balance:variance is 14.022217844092928
INFO:cooler._balance:variance is 5.571284125777734
INFO:cooler._balance:variance is 2.2150847985581446
INFO:cooler._balance:variance is 0.8803393104935211
INFO:cooler._balance:variance is 0.3499671302631749
INFO:cooler._balance:variance is 0.13910270159697816
INFO:cooler._balance:variance is 0.055295595148725125
INFO:cooler._balance:variance is 0.021979531472700837
INFO:cooler._balance:variance is 0.008737051901343232
INFO:cooler._balance:variance is 0.003472967714737193
INFO:cooler._balance:variance is 0.0013805241203687817
INFO:cooler._balance:variance is 0.0005487607743455216
INFO:cooler._balance:variance is 0.0002181348674748865
INFO:cooler._balance:variance is 8.670925853824512e-05
INFO:cooler._balance:variance is 3.44672825397858e-05
INFO:cooler._balance:variance is 1.3700864422286937e-05
INFO:cooler._balance:variance is 5.446147139289851e-06
INFO:cooler._balance:chr7
INFO:cooler._balance:variance is 12590693.669048466
INFO:cooler._balance:variance is 2696891.150825555
INFO:cooler._balance:variance is 528366.792698068
INFO:cooler._balance:variance is 141576.60666253738
INFO:cooler._balance:variance is 33245.057696622025
INFO:cooler._balance:variance is 8389.806360090213
INFO:cooler._balance:variance is 2048.42670918437
INFO:cooler._balance:variance is 508.97241281856964
INFO:cooler._balance:variance is 125.44727486707613
INFO:cooler._balance:variance is 31.055645258081753
INFO:cooler._balance:variance is 7.673841896482463
INFO:cooler._balance:variance is 1.8985499576169358
INFO:cooler._balance:variance is 0.4695794880878567
INFO:cooler._balance:variance is 0.11620265530805503
INFO:cooler._balance:variance is 0.028760285294668377
INFO:cooler._balance:variance is 0.007120963637729781
INFO:cooler._balance:variance is 0.00176372956082811
INFO:cooler._balance:variance is 0.0004370338883543722
INFO:cooler._balance:variance is 0.00010834365788838428
INFO:cooler._balance:variance is 2.6873893962439067e-05
INFO:cooler._balance:variance is 6.670005712067324e-06
INFO:cooler._balance:chrX
INFO:cooler._balance:variance is 7528336.176406387
INFO:cooler._balance:variance is 342857.7392781783
INFO:cooler._balance:variance is 42829.731357265504
INFO:cooler._balance:variance is 7712.47022618305
INFO:cooler._balance:variance is 1737.7627271216563
INFO:cooler._balance:variance is 441.9352179114159
INFO:cooler._balance:variance is 118.24060075737813
INFO:cooler._balance:variance is 32.21719590299146
INFO:cooler._balance:variance is 8.846318595840991
INFO:cooler._balance:variance is 2.4348374671591277
INFO:cooler._balance:variance is 0.670984107705594
INFO:cooler._balance:variance is 0.18496524741493917
INFO:cooler._balance:variance is 0.05099917566631089
INFO:cooler._balance:variance is 0.01406219674478704
INFO:cooler._balance:variance is 0.003877589144288516
INFO:cooler._balance:variance is 0.0010692321995882626
INFO:cooler._balance:variance is 0.0002948398564124843
INFO:cooler._balance:variance is 8.130182601707765e-05
INFO:cooler._balance:variance is 2.2418950973793627e-05
INFO:cooler._balance:variance is 6.1820167054494156e-06
INFO:cooler._balance:chr9
INFO:cooler._balance:variance is 4545773.985312881
INFO:cooler._balance:variance is 1344136.0943963442
INFO:cooler._balance:variance is 496408.99243948376
INFO:cooler._balance:variance is 294255.15704190114
INFO:cooler._balance:variance is 135568.39919687973
INFO:cooler._balance:variance is 80531.1927417898
INFO:cooler._balance:variance is 40815.40856955687
INFO:cooler._balance:variance is 23886.53468264816
INFO:cooler._balance:variance is 12779.136948891677
INFO:cooler._balance:variance is 7396.995278500036
INFO:cooler._balance:variance is 4076.9089319289806
INFO:cooler._balance:variance is 2344.649022274399
INFO:cooler._balance:variance is 1313.0513112176207
INFO:cooler._balance:variance is 752.413763666781
INFO:cooler._balance:variance is 424.9476186573819
INFO:cooler._balance:variance is 243.01251163210046
INFO:cooler._balance:variance is 137.86560261304365
INFO:cooler._balance:variance is 78.74930775599536
INFO:cooler._balance:variance is 44.782896360923715
INFO:cooler._balance:variance is 25.563028602617482
INFO:cooler._balance:variance is 14.55574729355572
INFO:cooler._balance:variance is 8.305476832143968
INFO:cooler._balance:variance is 4.732465665454497
INFO:cooler._balance:variance is 2.6997118078140816
INFO:cooler._balance:variance is 1.5388765692136472
INFO:cooler._balance:variance is 0.8777576148672459
INFO:cooler._balance:variance is 0.5004381329411145
INFO:cooler._balance:variance is 0.2854212502183508
INFO:cooler._balance:variance is 0.16274634567668442
INFO:cooler._balance:variance is 0.09281679456252973
INFO:cooler._balance:variance is 0.05292716724731286
INFO:cooler._balance:variance is 0.03018435180346972
INFO:cooler._balance:variance is 0.017212699443232417
INFO:cooler._balance:variance is 0.00981623792515354
INFO:cooler._balance:variance is 0.005597841235394021
INFO:cooler._balance:variance is 0.003192364726090864
INFO:cooler._balance:variance is 0.0018205083390139553
INFO:cooler._balance:variance is 0.0010382027320401629
INFO:cooler._balance:variance is 0.0005920589453264197
INFO:cooler._balance:variance is 0.00033763932665943413
INFO:cooler._balance:variance is 0.00019254722697228832
INFO:cooler._balance:variance is 0.000109805608626339
INFO:cooler._balance:variance is 6.261949888657747e-05
INFO:cooler._balance:variance is 3.571053572789032e-05
INFO:cooler._balance:variance is 2.036488171583958e-05
INFO:cooler._balance:variance is 1.1613640897040144e-05
INFO:cooler._balance:variance is 6.622991227711446e-06
INFO:cooler._balance:chr8
INFO:cooler._balance:variance is 4867689.219577801
INFO:cooler._balance:variance is 654100.4435920226
INFO:cooler._balance:variance is 120618.15683917925
INFO:cooler._balance:variance is 26882.25908769624
INFO:cooler._balance:variance is 6041.302308799819
INFO:cooler._balance:variance is 1415.6173617853583
INFO:cooler._balance:variance is 334.6052246789949
INFO:cooler._balance:variance is 80.30426523562296
INFO:cooler._balance:variance is 19.43212373953521
INFO:cooler._balance:variance is 4.749566648567622
INFO:cooler._balance:variance is 1.171273390952769
INFO:cooler._balance:variance is 0.29171088415363167
INFO:cooler._balance:variance is 0.07339144730963289
INFO:cooler._balance:variance is 0.01866464034721625
INFO:cooler._balance:variance is 0.004799729885331919
INFO:cooler._balance:variance is 0.0012483664242963917
INFO:cooler._balance:variance is 0.00032838232598645734
INFO:cooler._balance:variance is 8.734180733255217e-05
INFO:cooler._balance:variance is 2.347791955207302e-05
INFO:cooler._balance:variance is 6.373882162198241e-06
INFO:cooler._balance:chr11
INFO:cooler._balance:variance is 7543021.586081435
INFO:cooler._balance:variance is 2913726.5229542055
INFO:cooler._balance:variance is 778560.3239425322
INFO:cooler._balance:variance is 343179.228910773
INFO:cooler._balance:variance is 114938.09111983978
INFO:cooler._balance:variance is 45506.15083048728
INFO:cooler._balance:variance is 16325.636951805367
INFO:cooler._balance:variance is 6217.583280395621
INFO:cooler._balance:variance is 2284.4660465804436
INFO:cooler._balance:variance is 857.9019166210156
INFO:cooler._balance:variance is 317.9398207915401
INFO:cooler._balance:variance is 118.78376566769774
INFO:cooler._balance:variance is 44.16103962795702
INFO:cooler._balance:variance is 16.46727295086257
INFO:cooler._balance:variance is 6.129321921316447
INFO:cooler._balance:variance is 2.283949530000596
INFO:cooler._balance:variance is 0.8504837040335577
INFO:cooler._balance:variance is 0.3168292975651107
INFO:cooler._balance:variance is 0.11799809609112664
INFO:cooler._balance:variance is 0.043953313206461765
INFO:cooler._balance:variance is 0.016370705436862695
INFO:cooler._balance:variance is 0.006097728753263758
INFO:cooler._balance:variance is 0.0022711906844685666
INFO:cooler._balance:variance is 0.0008459571775310461
INFO:cooler._balance:variance is 0.000315092086092455
INFO:cooler._balance:variance is 0.00011736269386983857
INFO:cooler._balance:variance is 4.3713998530026215e-05
INFO:cooler._balance:variance is 1.6282170011075375e-05
INFO:cooler._balance:variance is 6.064615212371153e-06
INFO:cooler._balance:chr10
INFO:cooler._balance:variance is 6615301.696275665
INFO:cooler._balance:variance is 965030.1610101577
INFO:cooler._balance:variance is 195423.69918396018
INFO:cooler._balance:variance is 47276.73263322077
INFO:cooler._balance:variance is 12092.824471304175
INFO:cooler._balance:variance is 3329.638771480454
INFO:cooler._balance:variance is 957.4422611438966
INFO:cooler._balance:variance is 287.4241709825946
INFO:cooler._balance:variance is 88.51817629717964
INFO:cooler._balance:variance is 27.875999950572883
INFO:cooler._balance:variance is 8.894217424811641
INFO:cooler._balance:variance is 2.867669997150149
INFO:cooler._balance:variance is 0.9303450014661238
INFO:cooler._balance:variance is 0.3032435519569635
INFO:cooler._balance:variance is 0.09912164392331098
INFO:cooler._balance:variance is 0.03246669106240113
INFO:cooler._balance:variance is 0.01064776206510037
INFO:cooler._balance:variance is 0.003495169883257687
INFO:cooler._balance:variance is 0.0011479493965616957
INFO:cooler._balance:variance is 0.00037717864117818036
INFO:cooler._balance:variance is 0.00012395940006024945
INFO:cooler._balance:variance is 4.0746091188406075e-05
INFO:cooler._balance:variance is 1.339491747213451e-05
INFO:cooler._balance:variance is 4.403788883872454e-06
INFO:cooler._balance:chr12
INFO:cooler._balance:variance is 9145946.67093238
INFO:cooler._balance:variance is 3140749.7620615875
INFO:cooler._balance:variance is 873906.1033409636
INFO:cooler._balance:variance is 345656.41597779456
INFO:cooler._balance:variance is 114854.02432186455
INFO:cooler._balance:variance is 43348.80813183463
INFO:cooler._balance:variance is 15339.07795856146
INFO:cooler._balance:variance is 5693.138248814992
INFO:cooler._balance:variance is 2062.8876903400032
INFO:cooler._balance:variance is 760.9481198802486
INFO:cooler._balance:variance is 278.20254121767084
INFO:cooler._balance:variance is 102.38990231685673
INFO:cooler._balance:variance is 37.55959975018459
INFO:cooler._balance:variance is 13.812055812129266
INFO:cooler._balance:variance is 5.073039040211879
INFO:cooler._balance:variance is 1.8649880386972204
INFO:cooler._balance:variance is 0.685314923842457
INFO:cooler._balance:variance is 0.25191363334838757
INFO:cooler._balance:variance is 0.09258532798011986
INFO:cooler._balance:variance is 0.034031977231764474
INFO:cooler._balance:variance is 0.012508528477330565
INFO:cooler._balance:variance is 0.004597750754409972
INFO:cooler._balance:variance is 0.0016899549768706718
INFO:cooler._balance:variance is 0.0006211726154009739
INFO:cooler._balance:variance is 0.00022832107588426542
INFO:cooler._balance:variance is 8.392328225082668e-05
INFO:cooler._balance:variance is 3.0847335346228215e-05
INFO:cooler._balance:variance is 1.133845469128576e-05
INFO:cooler._balance:variance is 4.167634478146863e-06
INFO:cooler._balance:chr13
INFO:cooler._balance:variance is 4248488.400281443
INFO:cooler._balance:variance is 404399.6402043966
INFO:cooler._balance:variance is 61449.911538980225
INFO:cooler._balance:variance is 11917.271015809718
INFO:cooler._balance:variance is 2471.519439891175
INFO:cooler._balance:variance is 555.2318371995094
INFO:cooler._balance:variance is 131.36549157133447
INFO:cooler._balance:variance is 32.6396231571458
INFO:cooler._balance:variance is 8.435724446266859
INFO:cooler._balance:variance is 2.2564972777662446
INFO:cooler._balance:variance is 0.6203467168059924
INFO:cooler._balance:variance is 0.17430524279801474
INFO:cooler._balance:variance is 0.049787671529397906
INFO:cooler._balance:variance is 0.014396099009204556
INFO:cooler._balance:variance is 0.004199499164566915
INFO:cooler._balance:variance is 0.0012327836196478154
INFO:cooler._balance:variance is 0.00036349599093845735
INFO:cooler._balance:variance is 0.00010751211227255187
INFO:cooler._balance:variance is 3.1867494771183386e-05
INFO:cooler._balance:variance is 9.459837526094259e-06
INFO:cooler._balance:chr14
INFO:cooler._balance:variance is 6464473.141137933
INFO:cooler._balance:variance is 1538171.843410008
INFO:cooler._balance:variance is 387550.52972444193
INFO:cooler._balance:variance is 138432.35876708772
INFO:cooler._balance:variance is 49247.30649483519
INFO:cooler._balance:variance is 19317.787057927515
INFO:cooler._balance:variance is 7628.982112035312
INFO:cooler._balance:variance is 3102.8230029923966
INFO:cooler._balance:variance is 1262.2328698195938
INFO:cooler._balance:variance is 518.4341074723732
INFO:cooler._balance:variance is 212.6956648496574
INFO:cooler._balance:variance is 87.5545010419479
INFO:cooler._balance:variance is 36.01143995275464
INFO:cooler._balance:variance is 14.829808114120933
INFO:cooler._balance:variance is 6.104372434378662
INFO:cooler._balance:variance is 2.513905478678611
INFO:cooler._balance:variance is 1.0350651584558916
INFO:cooler._balance:variance is 0.426250885427726
INFO:cooler._balance:variance is 0.17551864455850488
INFO:cooler._balance:variance is 0.07227905882704784
INFO:cooler._balance:variance is 0.029763543024778256
INFO:cooler._balance:variance is 0.012256580415684885
INFO:cooler._balance:variance is 0.0050471564542082
INFO:cooler._balance:variance is 0.0020784007772898364
INFO:cooler._balance:variance is 0.0008558719399485092
INFO:cooler._balance:variance is 0.00035244418369315285
INFO:cooler._balance:variance is 0.00014513449381483795
INFO:cooler._balance:variance is 5.9765668561564835e-05
INFO:cooler._balance:variance is 2.461117772503625e-05
INFO:cooler._balance:variance is 1.013475739595531e-05
INFO:cooler._balance:variance is 4.173439290068339e-06
INFO:cooler._balance:chr15
INFO:cooler._balance:variance is 2852210.7237664214
INFO:cooler._balance:variance is 252402.20358238902
INFO:cooler._balance:variance is 41224.76831046977
INFO:cooler._balance:variance is 8461.93587103202
INFO:cooler._balance:variance is 1807.7059965740789
INFO:cooler._balance:variance is 432.548769738871
INFO:cooler._balance:variance is 110.69780863448744
INFO:cooler._balance:variance is 30.708921609106074
INFO:cooler._balance:variance is 9.017664198032655
INFO:cooler._balance:variance is 2.7748381502927573
INFO:cooler._balance:variance is 0.8802947531960251
INFO:cooler._balance:variance is 0.28516241230901146
INFO:cooler._balance:variance is 0.09356370685231229
INFO:cooler._balance:variance is 0.030948204733534164
INFO:cooler._balance:variance is 0.01028619879772028
INFO:cooler._balance:variance is 0.0034289167890160757
INFO:cooler._balance:variance is 0.0011450272893321518
INFO:cooler._balance:variance is 0.00038276585821202144
INFO:cooler._balance:variance is 0.00012803259081798596
INFO:cooler._balance:variance is 4.284208409772519e-05
INFO:cooler._balance:variance is 1.4338921034982183e-05
INFO:cooler._balance:variance is 4.7997650203760106e-06
INFO:cooler._balance:chr16
INFO:cooler._balance:variance is 9125395.880638763
INFO:cooler._balance:variance is 1376136.8890009436
INFO:cooler._balance:variance is 443776.94644150627
INFO:cooler._balance:variance is 269898.1122204202
INFO:cooler._balance:variance is 112631.01275432925
INFO:cooler._balance:variance is 62462.692008226295
INFO:cooler._balance:variance is 28659.302688397005
INFO:cooler._balance:variance is 15067.436150594322
INFO:cooler._balance:variance is 7210.492472495194
INFO:cooler._balance:variance is 3688.54662934305
INFO:cooler._balance:variance is 1800.8406554407877
INFO:cooler._balance:variance is 908.683167255777
INFO:cooler._balance:variance is 448.0035076298388
INFO:cooler._balance:variance is 224.51937363748888
INFO:cooler._balance:variance is 111.22987528591084
INFO:cooler._balance:variance is 55.55450708401555
INFO:cooler._balance:variance is 27.588496174319285
INFO:cooler._balance:variance is 13.756011652052182
INFO:cooler._balance:variance is 6.839410380901412
INFO:cooler._balance:variance is 3.407362783848999
INFO:cooler._balance:variance is 1.6951254510171998
INFO:cooler._balance:variance is 0.8441508299402128
INFO:cooler._balance:variance is 0.4200795733000249
INFO:cooler._balance:variance is 0.2091507602719432
INFO:cooler._balance:variance is 0.10409615348467653
INFO:cooler._balance:variance is 0.05182241070455975
INFO:cooler._balance:variance is 0.025794348389983495
INFO:cooler._balance:variance is 0.012840594064071132
INFO:cooler._balance:variance is 0.006391574448218804
INFO:cooler._balance:variance is 0.0031816856576596733
INFO:cooler._balance:variance is 0.0015837545040720423
INFO:cooler._balance:variance is 0.0007883729919252284
INFO:cooler._balance:variance is 0.00039243365179769717
INFO:cooler._balance:variance is 0.00019534727487677684
INFO:cooler._balance:variance is 9.723974424476737e-05
INFO:cooler._balance:variance is 4.840425606429985e-05
INFO:cooler._balance:variance is 2.4094669278180823e-05
INFO:cooler._balance:variance is 1.1993889067478208e-05
INFO:cooler._balance:variance is 5.9703244117808254e-06
INFO:cooler._balance:chr17
INFO:cooler._balance:variance is 2120392.7216302734
INFO:cooler._balance:variance is 142894.3903594851
INFO:cooler._balance:variance is 28750.325441523673
INFO:cooler._balance:variance is 8833.243977326123
INFO:cooler._balance:variance is 3162.548167248982
INFO:cooler._balance:variance is 1259.4041199222256
INFO:cooler._balance:variance is 518.5447315865463
INFO:cooler._balance:variance is 218.96429783740734
INFO:cooler._balance:variance is 93.08244644383376
INFO:cooler._balance:variance is 39.817097623048454
INFO:cooler._balance:variance is 17.055425249861187
INFO:cooler._balance:variance is 7.318051178459478
INFO:cooler._balance:variance is 3.1408749724222425
INFO:cooler._balance:variance is 1.348750633644523
INFO:cooler._balance:variance is 0.5792120711892266
INFO:cooler._balance:variance is 0.24878231140377888
INFO:cooler._balance:variance is 0.10685773554544352
INFO:cooler._balance:variance is 0.04590077165213357
INFO:cooler._balance:variance is 0.019716712937499346
INFO:cooler._balance:variance is 0.008469535331355561
INFO:cooler._balance:variance is 0.003638182637923712
INFO:cooler._balance:variance is 0.0015628366656673207
INFO:cooler._balance:variance is 0.0006713399822073279
INFO:cooler._balance:variance is 0.0002883853078786018
INFO:cooler._balance:variance is 0.00012388069749385883
INFO:cooler._balance:variance is 5.321509623453681e-05
INFO:cooler._balance:variance is 2.285946198030347e-05
INFO:cooler._balance:variance is 9.819682546428665e-06
INFO:cooler._balance:chr18
INFO:cooler._balance:variance is 5370998.941988845
INFO:cooler._balance:variance is 768478.9873214564
INFO:cooler._balance:variance is 142506.7094974086
INFO:cooler._balance:variance is 30522.97251948993
INFO:cooler._balance:variance is 6513.297254405827
INFO:cooler._balance:variance is 1439.5527211516812
INFO:cooler._balance:variance is 318.4677666569986
INFO:cooler._balance:variance is 71.15678901323069
INFO:cooler._balance:variance is 15.923364802710076
INFO:cooler._balance:variance is 3.574732209149197
INFO:cooler._balance:variance is 0.8033391737921799
INFO:cooler._balance:variance is 0.18074772807641443
INFO:cooler._balance:variance is 0.04069059350542818
INFO:cooler._balance:variance is 0.009165043310159184
INFO:cooler._balance:variance is 0.0020649230813513785
INFO:cooler._balance:variance is 0.0004653442369828345
INFO:cooler._balance:variance is 0.00010488435328895885
INFO:cooler._balance:variance is 2.3642644852612438e-05
INFO:cooler._balance:variance is 5.329849717029309e-06
INFO:cooler._balance:chr20
INFO:cooler._balance:variance is 4372814.222469951
INFO:cooler._balance:variance is 730840.6481987238
INFO:cooler._balance:variance is 207043.26657716374
INFO:cooler._balance:variance is 86052.36463406438
INFO:cooler._balance:variance is 33280.2448374134
INFO:cooler._balance:variance is 14512.21324598986
INFO:cooler._balance:variance is 6203.264916427506
INFO:cooler._balance:variance is 2754.219519287904
INFO:cooler._balance:variance is 1215.766499428616
INFO:cooler._balance:variance is 543.1887759773953
INFO:cooler._balance:variance is 242.18216715275602
INFO:cooler._balance:variance is 108.41262054614712
INFO:cooler._balance:variance is 48.48804555876652
INFO:cooler._balance:variance is 21.717263874989506
INFO:cooler._balance:variance is 9.723032439476697
INFO:cooler._balance:variance is 4.355399731956786
INFO:cooler._balance:variance is 1.9506232972972732
INFO:cooler._balance:variance is 0.8737933825703362
INFO:cooler._balance:variance is 0.3913869452855768
INFO:cooler._balance:variance is 0.17532366498519222
INFO:cooler._balance:variance is 0.07853390809805803
INFO:cooler._balance:variance is 0.03517946426024441
INFO:cooler._balance:variance is 0.015758437210816007
INFO:cooler._balance:variance is 0.00705900730229831
INFO:cooler._balance:variance is 0.003162062219234448
INFO:cooler._balance:variance is 0.0014164460509718958
INFO:cooler._balance:variance is 0.000634494666962155
INFO:cooler._balance:variance is 0.00028422165349587756
INFO:cooler._balance:variance is 0.00012731676090946183
INFO:cooler._balance:variance is 5.703146804767141e-05
INFO:cooler._balance:variance is 2.5547192137039366e-05
INFO:cooler._balance:variance is 1.1443846964639675e-05
INFO:cooler._balance:variance is 5.126261450169338e-06
INFO:cooler._balance:chrY
INFO:cooler._balance:chr19
INFO:cooler._balance:variance is 7300027.591248131
INFO:cooler._balance:variance is 2134643.986989334
INFO:cooler._balance:variance is 586491.2869823725
INFO:cooler._balance:variance is 248778.61384268114
INFO:cooler._balance:variance is 86777.84524541938
INFO:cooler._balance:variance is 37503.58617014465
INFO:cooler._balance:variance is 14936.47342807428
INFO:cooler._balance:variance is 6519.854404648311
INFO:cooler._balance:variance is 2760.6884411209458
INFO:cooler._balance:variance is 1213.161171573535
INFO:cooler._balance:variance is 527.1236274351403
INFO:cooler._balance:variance is 232.47465972580466
INFO:cooler._balance:variance is 102.07959678032412
INFO:cooler._balance:variance is 45.09453735019071
INFO:cooler._balance:variance is 19.885485449907108
INFO:cooler._balance:variance is 8.79076950154134
INFO:cooler._balance:variance is 3.8832022687294057
INFO:cooler._balance:variance is 1.7171295464912777
INFO:cooler._balance:variance is 0.7590547975099622
INFO:cooler._balance:variance is 0.3356858871333449
INFO:cooler._balance:variance is 0.14843266088430168
INFO:cooler._balance:variance is 0.06564576427810222
INFO:cooler._balance:variance is 0.029030558470862534
INFO:cooler._balance:variance is 0.012839222352888273
INFO:cooler._balance:variance is 0.005678179992218627
INFO:cooler._balance:variance is 0.0025112763781803666
INFO:cooler._balance:variance is 0.001110641847721342
INFO:cooler._balance:variance is 0.0004912018621501593
INFO:cooler._balance:variance is 0.00021724177125497722
INFO:cooler._balance:variance is 9.60792183995003e-05
INFO:cooler._balance:variance is 4.249270649125243e-05
INFO:cooler._balance:variance is 1.8793191544493623e-05
INFO:cooler._balance:variance is 8.311628959774249e-06
INFO:cooler._balance:chr22
INFO:cooler._balance:variance is 1949767.5830728456
INFO:cooler._balance:variance is 138757.49601946218
INFO:cooler._balance:variance is 19394.453520409228
INFO:cooler._balance:variance is 3794.5764506161163
INFO:cooler._balance:variance is 1013.7847685671853
INFO:cooler._balance:variance is 356.3497126996938
INFO:cooler._balance:variance is 141.16660525141626
INFO:cooler._balance:variance is 59.5326608692303
INFO:cooler._balance:variance is 25.4709191532814
INFO:cooler._balance:variance is 11.02354406250963
INFO:cooler._balance:variance is 4.772863003284818
INFO:cooler._balance:variance is 2.0724942286109305
INFO:cooler._balance:variance is 0.8993832330159985
INFO:cooler._balance:variance is 0.3906736762549698
INFO:cooler._balance:variance is 0.1696351723154539
INFO:cooler._balance:variance is 0.07368480324898578
INFO:cooler._balance:variance is 0.03200053925561583
INFO:cooler._balance:variance is 0.013899596072167876
INFO:cooler._balance:variance is 0.006036832387120966
INFO:cooler._balance:variance is 0.0026220661079090044
INFO:cooler._balance:variance is 0.0011388360882884515
INFO:cooler._balance:variance is 0.000494641540478372
INFO:cooler._balance:variance is 0.00021483868740891074
INFO:cooler._balance:variance is 9.331242260168694e-05
INFO:cooler._balance:variance is 4.052874669256331e-05
INFO:cooler._balance:variance is 1.7603096665062667e-05
INFO:cooler._balance:variance is 7.645634793935697e-06
INFO:cooler._balance:chr21
INFO:cooler._balance:variance is 4538683.096418734
INFO:cooler._balance:variance is 1213644.9356079588
INFO:cooler._balance:variance is 547776.4301506678
INFO:cooler._balance:variance is 339790.72356556193
INFO:cooler._balance:variance is 193024.7814440716
INFO:cooler._balance:variance is 131564.54683608562
INFO:cooler._balance:variance is 78255.37780374095
INFO:cooler._balance:variance is 52750.33437670964
INFO:cooler._balance:variance is 32125.309672797484
INFO:cooler._balance:variance is 21290.056132299393
INFO:cooler._balance:variance is 13173.049941167797
INFO:cooler._balance:variance is 8619.446295540147
INFO:cooler._balance:variance is 5390.774859838977
INFO:cooler._balance:variance is 3496.8073851266977
INFO:cooler._balance:variance is 2202.617565925355
INFO:cooler._balance:variance is 1420.576982563839
INFO:cooler._balance:variance is 898.9959362376767
INFO:cooler._balance:variance is 577.6390205716234
INFO:cooler._balance:variance is 366.6593063379418
INFO:cooler._balance:variance is 235.0222871156679
INFO:cooler._balance:variance is 149.47265864186218
INFO:cooler._balance:variance is 95.66003993525028
INFO:cooler._balance:variance is 60.91538232528191
INFO:cooler._balance:variance is 38.9458278903234
INFO:cooler._balance:variance is 24.820228199522475
INFO:cooler._balance:variance is 15.858467545631031
INFO:cooler._balance:variance is 10.111812069700411
INFO:cooler._balance:variance is 6.458122338701911
INFO:cooler._balance:variance is 4.11923493397311
INFO:cooler._balance:variance is 2.6301466126892543
INFO:cooler._balance:variance is 1.6779588630830968
INFO:cooler._balance:variance is 1.0712034270399307
INFO:cooler._balance:variance is 0.6834888883032034
INFO:cooler._balance:variance is 0.43629038461247227
INFO:cooler._balance:variance is 0.27840195299850956
INFO:cooler._balance:variance is 0.17769974178873846
INFO:cooler._balance:variance is 0.11339845474219133
INFO:cooler._balance:variance is 0.07237735681406796
INFO:cooler._balance:variance is 0.04618896061805225
INFO:cooler._balance:variance is 0.029479606622326265
INFO:cooler._balance:variance is 0.018813379341094793
INFO:cooler._balance:variance is 0.012007223414027952
INFO:cooler._balance:variance is 0.0076629128092682
INFO:cooler._balance:variance is 0.0048906292244171225
INFO:cooler._balance:variance is 0.0031211882656929472
INFO:cooler._balance:variance is 0.001991992400174167
INFO:cooler._balance:variance is 0.0012712922951259634
INFO:cooler._balance:variance is 0.000811355380725932
INFO:cooler._balance:variance is 0.00051781003285233
INFO:cooler._balance:variance is 0.0003304721656153427
INFO:cooler._balance:variance is 0.00021090906647510082
INFO:cooler._balance:variance is 0.00013460427645877387
INFO:cooler._balance:variance is 8.590528314625949e-05
INFO:cooler._balance:variance is 5.482554539474944e-05
INFO:cooler._balance:variance is 3.499003629436644e-05
INFO:cooler._balance:variance is 2.2330947331109992e-05
INFO:cooler._balance:variance is 1.425177132792407e-05
INFO:cooler._balance:variance is 9.095600716441688e-06
INFO:cooler._balance:chrM
