INFO:cooler.cli.balance:Balancing "analysis_other/porec/T2T04.hp2/cooler/T2T04.hp2_100000_balanced.cool"
INFO:cooler._balance:chr1
INFO:cooler._balance:variance is 432912385.8593636
INFO:cooler._balance:variance is 9114635.851313667
INFO:cooler._balance:variance is 2571489.740490091
INFO:cooler._balance:variance is 1035789.476528873
INFO:cooler._balance:variance is 418182.01524962555
INFO:cooler._balance:variance is 183185.25096423994
INFO:cooler._balance:variance is 79151.30256962538
INFO:cooler._balance:variance is 35080.23719462315
INFO:cooler._balance:variance is 15389.964732405984
INFO:cooler._balance:variance is 6817.90584999421
INFO:cooler._balance:variance is 3004.3956673375997
INFO:cooler._balance:variance is 1329.3653117020347
INFO:cooler._balance:variance is 586.7431322708811
INFO:cooler._balance:variance is 259.4329780232442
INFO:cooler._balance:variance is 114.58079001370565
INFO:cooler._balance:variance is 50.64519272860814
INFO:cooler._balance:variance is 22.37410505245614
INFO:cooler._balance:variance is 9.887874897958689
INFO:cooler._balance:variance is 4.368808956352596
INFO:cooler._balance:variance is 1.930586703888595
INFO:cooler._balance:variance is 0.8530461392222684
INFO:cooler._balance:variance is 0.3769510524462382
INFO:cooler._balance:variance is 0.1665629308010914
INFO:cooler._balance:variance is 0.07360116006466652
INFO:cooler._balance:variance is 0.032522396702263416
INFO:cooler._balance:variance is 0.014370971576279952
INFO:cooler._balance:variance is 0.006350179390883424
INFO:cooler._balance:variance is 0.002806004593878757
INFO:cooler._balance:variance is 0.0012399070092273335
INFO:cooler._balance:variance is 0.0005478869618206663
INFO:cooler._balance:variance is 0.0002420984942016231
INFO:cooler._balance:variance is 0.00010697780998834391
INFO:cooler._balance:variance is 4.7271022461240104e-05
INFO:cooler._balance:variance is 2.0887983049145652e-05
INFO:cooler._balance:variance is 9.229918681532264e-06
INFO:cooler._balance:chr2
INFO:cooler._balance:variance is 36737257.38388932
INFO:cooler._balance:variance is 5414136.13694981
INFO:cooler._balance:variance is 1004093.7049956451
INFO:cooler._balance:variance is 215935.47137150553
INFO:cooler._balance:variance is 45509.6629813769
INFO:cooler._balance:variance is 9984.861598444986
INFO:cooler._balance:variance is 2223.669552067654
INFO:cooler._balance:variance is 512.260716223185
INFO:cooler._balance:variance is 122.13718169540292
INFO:cooler._balance:variance is 30.386299372028382
INFO:cooler._balance:variance is 7.900733507389072
INFO:cooler._balance:variance is 2.1460112640499176
INFO:cooler._balance:variance is 0.6061723523170182
INFO:cooler._balance:variance is 0.17691215633107546
INFO:cooler._balance:variance is 0.052966624228791316
INFO:cooler._balance:variance is 0.016161251047125524
INFO:cooler._balance:variance is 0.004998329398783703
INFO:cooler._balance:variance is 0.0015604775424465681
INFO:cooler._balance:variance is 0.0004903124652498159
INFO:cooler._balance:variance is 0.00015472459147676174
INFO:cooler._balance:variance is 4.8965820051906477e-05
INFO:cooler._balance:variance is 1.5525762209154673e-05
INFO:cooler._balance:variance is 4.928992417016328e-06
INFO:cooler._balance:chr3
INFO:cooler._balance:variance is 24172250.956069186
INFO:cooler._balance:variance is 3355674.80827019
INFO:cooler._balance:variance is 506850.44857213815
INFO:cooler._balance:variance is 102390.10807273898
INFO:cooler._balance:variance is 20316.56941981095
INFO:cooler._balance:variance is 4426.267418678437
INFO:cooler._balance:variance is 1028.2582213904868
INFO:cooler._balance:variance is 262.03287101540707
INFO:cooler._balance:variance is 72.68485710606944
INFO:cooler._balance:variance is 21.714058603202123
INFO:cooler._balance:variance is 6.844926162385911
INFO:cooler._balance:variance is 2.236461185714684
INFO:cooler._balance:variance is 0.7469191421377441
INFO:cooler._balance:variance is 0.25269882043285247
INFO:cooler._balance:variance is 0.0861260528303073
INFO:cooler._balance:variance is 0.029476401158051394
INFO:cooler._balance:variance is 0.010111623079249715
INFO:cooler._balance:variance is 0.003473186676809556
INFO:cooler._balance:variance is 0.0011938372961007603
INFO:cooler._balance:variance is 0.000410519791145349
INFO:cooler._balance:variance is 0.00014119450293345845
INFO:cooler._balance:variance is 4.856842494622393e-05
INFO:cooler._balance:variance is 1.670779625013081e-05
INFO:cooler._balance:variance is 5.747782990947495e-06
INFO:cooler._balance:chr4
INFO:cooler._balance:variance is 22183129.619486663
INFO:cooler._balance:variance is 3860872.782193861
INFO:cooler._balance:variance is 927788.2773307638
INFO:cooler._balance:variance is 285717.0915766484
INFO:cooler._balance:variance is 87366.93469466885
INFO:cooler._balance:variance is 28795.275091810967
INFO:cooler._balance:variance is 9507.58224792453
INFO:cooler._balance:variance is 3221.9017845601606
INFO:cooler._balance:variance is 1094.6211651910114
INFO:cooler._balance:variance is 375.4024653124955
INFO:cooler._balance:variance is 128.95391600818635
INFO:cooler._balance:variance is 44.45133109616491
INFO:cooler._balance:variance is 15.335443245840786
INFO:cooler._balance:variance is 5.2976072371373615
INFO:cooler._balance:variance is 1.8307628628511612
INFO:cooler._balance:variance is 0.6330002599024614
INFO:cooler._balance:variance is 0.21890260592323246
INFO:cooler._balance:variance is 0.07571521118735926
INFO:cooler._balance:variance is 0.02619075129458945
INFO:cooler._balance:variance is 0.009060373381731815
INFO:cooler._balance:variance is 0.0031344267818667498
INFO:cooler._balance:variance is 0.001084384447293076
INFO:cooler._balance:variance is 0.00037515806275344323
INFO:cooler._balance:variance is 0.00012979276271696957
INFO:cooler._balance:variance is 4.490442249922233e-05
INFO:cooler._balance:variance is 1.5535663769681556e-05
INFO:cooler._balance:variance is 5.374914100515029e-06
INFO:cooler._balance:chr5
INFO:cooler._balance:variance is 24701504.38554325
INFO:cooler._balance:variance is 2943382.2443931997
INFO:cooler._balance:variance is 530212.5429959458
INFO:cooler._balance:variance is 115149.32307564869
INFO:cooler._balance:variance is 27064.167337732117
INFO:cooler._balance:variance is 6927.455371739387
INFO:cooler._balance:variance is 1849.5540750501793
INFO:cooler._balance:variance is 513.2142683358074
INFO:cooler._balance:variance is 145.39531579632987
INFO:cooler._balance:variance is 41.905287759381956
INFO:cooler._balance:variance is 12.206174048848363
INFO:cooler._balance:variance is 3.585078902947482
INFO:cooler._balance:variance is 1.0589413142406139
INFO:cooler._balance:variance is 0.3141414691329582
INFO:cooler._balance:variance is 0.09348205395894688
INFO:cooler._balance:variance is 0.027883835049099144
INFO:cooler._balance:variance is 0.00833158327678544
INFO:cooler._balance:variance is 0.0024926826915307922
INFO:cooler._balance:variance is 0.0007464922191596873
INFO:cooler._balance:variance is 0.00022371612242724916
INFO:cooler._balance:variance is 6.708151199209097e-05
INFO:cooler._balance:variance is 2.0122547915725914e-05
INFO:cooler._balance:variance is 6.038001233102356e-06
INFO:cooler._balance:chr6
INFO:cooler._balance:variance is 24070961.97650778
INFO:cooler._balance:variance is 10997800.258970046
INFO:cooler._balance:variance is 3211687.6272241585
INFO:cooler._balance:variance is 1557941.942775016
INFO:cooler._balance:variance is 558254.5538505933
INFO:cooler._balance:variance is 242018.53533139298
INFO:cooler._balance:variance is 93336.20595505566
INFO:cooler._balance:variance is 38739.30875568539
INFO:cooler._balance:variance is 15365.408807041198
INFO:cooler._balance:variance is 6272.01099654509
INFO:cooler._balance:variance is 2515.0145372076972
INFO:cooler._balance:variance is 1019.9977429741091
INFO:cooler._balance:variance is 410.7716822255621
INFO:cooler._balance:variance is 166.17329838490008
INFO:cooler._balance:variance is 67.03553506664286
INFO:cooler._balance:variance is 27.09146991785508
INFO:cooler._balance:variance is 10.936382296437063
INFO:cooler._balance:variance is 4.418036976394725
INFO:cooler._balance:variance is 1.7839803682103497
INFO:cooler._balance:variance is 0.7205719892215425
INFO:cooler._balance:variance is 0.29099558987204155
INFO:cooler._balance:variance is 0.11752938657132589
INFO:cooler._balance:variance is 0.04746517280772693
INFO:cooler._balance:variance is 0.01917009493269263
INFO:cooler._balance:variance is 0.00774213613146631
INFO:cooler._balance:variance is 0.0031268400596609373
INFO:cooler._balance:variance is 0.001262831591414098
INFO:cooler._balance:variance is 0.0005100216061475493
INFO:cooler._balance:variance is 0.00020598218539817886
INFO:cooler._balance:variance is 8.319018896129436e-05
INFO:cooler._balance:variance is 3.3598023918098404e-05
INFO:cooler._balance:variance is 1.3569252088846376e-05
INFO:cooler._balance:variance is 5.480216993173492e-06
INFO:cooler._balance:chr7
INFO:cooler._balance:variance is 19547359.967207674
INFO:cooler._balance:variance is 3536090.506759291
INFO:cooler._balance:variance is 712175.4015565753
INFO:cooler._balance:variance is 183996.67844752144
INFO:cooler._balance:variance is 43014.312383351935
INFO:cooler._balance:variance is 10647.4974428235
INFO:cooler._balance:variance is 2569.0969359856826
INFO:cooler._balance:variance is 628.827151740921
INFO:cooler._balance:variance is 152.97011727871913
INFO:cooler._balance:variance is 37.35546684217112
INFO:cooler._balance:variance is 9.111528213266322
INFO:cooler._balance:variance is 2.2254903437977993
INFO:cooler._balance:variance is 0.5436900320467402
INFO:cooler._balance:variance is 0.1329480343079245
INFO:cooler._balance:variance is 0.03253413825143846
INFO:cooler._balance:variance is 0.00796995288525113
INFO:cooler._balance:variance is 0.001954681627526622
INFO:cooler._balance:variance is 0.0004800725425057135
INFO:cooler._balance:variance is 0.00011809861385985674
INFO:cooler._balance:variance is 2.910810481111159e-05
INFO:cooler._balance:variance is 7.1903340377941545e-06
INFO:cooler._balance:chrX
INFO:cooler._balance:chr9
INFO:cooler._balance:variance is 14724509.838446273
INFO:cooler._balance:variance is 4349966.398675858
INFO:cooler._balance:variance is 1580985.6307898364
INFO:cooler._balance:variance is 837803.7411658324
INFO:cooler._balance:variance is 366496.34407366766
INFO:cooler._balance:variance is 198797.5825217425
INFO:cooler._balance:variance is 95981.81664855331
INFO:cooler._balance:variance is 51982.453489768726
INFO:cooler._balance:variance is 26427.43456043633
INFO:cooler._balance:variance is 14242.56110386533
INFO:cooler._balance:variance is 7424.033727920069
INFO:cooler._balance:variance is 3984.923976966116
INFO:cooler._balance:variance is 2101.8011812483032
INFO:cooler._balance:variance is 1125.1220060532335
INFO:cooler._balance:variance is 596.7517155513373
INFO:cooler._balance:variance is 318.9178694596498
INFO:cooler._balance:variance is 169.60410726840158
INFO:cooler._balance:variance is 90.55129756579694
INFO:cooler._balance:variance is 48.21932959431197
INFO:cooler._balance:variance is 25.729667991613585
INFO:cooler._balance:variance is 13.7102000026514
INFO:cooler._balance:variance is 7.313385760548411
INFO:cooler._balance:variance is 3.8982626824580913
INFO:cooler._balance:variance is 2.0790687684198654
INFO:cooler._balance:variance is 1.108395134455975
INFO:cooler._balance:variance is 0.5910850904604342
INFO:cooler._balance:variance is 0.3151472593658869
INFO:cooler._balance:variance is 0.16805281243599235
INFO:cooler._balance:variance is 0.08960432538488866
INFO:cooler._balance:variance is 0.04778027589931649
INFO:cooler._balance:variance is 0.0254766391218139
INFO:cooler._balance:variance is 0.013584855256356125
INFO:cooler._balance:variance is 0.0072435908349665415
INFO:cooler._balance:variance is 0.003862452276995842
INFO:cooler._balance:variance is 0.002059514614191889
INFO:cooler._balance:variance is 0.0010981764447483629
INFO:cooler._balance:variance is 0.0005855653726855833
INFO:cooler._balance:variance is 0.0003122349944815776
INFO:cooler._balance:variance is 0.0001664890364638008
INFO:cooler._balance:variance is 8.877511894165854e-05
INFO:cooler._balance:variance is 4.733645731461404e-05
INFO:cooler._balance:variance is 2.5240681226187055e-05
INFO:cooler._balance:variance is 1.3458782885948094e-05
INFO:cooler._balance:variance is 7.17647118303973e-06
INFO:cooler._balance:chr8
INFO:cooler._balance:variance is 15787523.578803971
INFO:cooler._balance:variance is 1568339.1968604883
INFO:cooler._balance:variance is 243020.12256309166
INFO:cooler._balance:variance is 46500.65055966754
INFO:cooler._balance:variance is 9423.198974952715
INFO:cooler._balance:variance is 2034.2514853025164
INFO:cooler._balance:variance is 457.17949860782215
INFO:cooler._balance:variance is 106.97311222433311
INFO:cooler._balance:variance is 25.88350204271943
INFO:cooler._balance:variance is 6.455602430430131
INFO:cooler._balance:variance is 1.6508355327522177
INFO:cooler._balance:variance is 0.4308752184762883
INFO:cooler._balance:variance is 0.11426129993467223
INFO:cooler._balance:variance is 0.030669468974529403
INFO:cooler._balance:variance is 0.008306369503052583
INFO:cooler._balance:variance is 0.0022644569170620116
INFO:cooler._balance:variance is 0.0006202514363030213
INFO:cooler._balance:variance is 0.0001704652530248881
INFO:cooler._balance:variance is 4.6961524813553794e-05
INFO:cooler._balance:variance is 1.29592880050025e-05
INFO:cooler._balance:variance is 3.5804312551589746e-06
INFO:cooler._balance:chr11
INFO:cooler._balance:variance is 27922725.24354936
INFO:cooler._balance:variance is 11146281.838089699
INFO:cooler._balance:variance is 3153935.1186520476
INFO:cooler._balance:variance is 1434659.7124693373
INFO:cooler._balance:variance is 500087.0181331295
INFO:cooler._balance:variance is 205669.98301673535
INFO:cooler._balance:variance is 76524.90043048866
INFO:cooler._balance:variance is 30297.479225438205
INFO:cooler._balance:variance is 11545.254927092497
INFO:cooler._balance:variance is 4505.29541368789
INFO:cooler._balance:variance is 1732.4106050549494
INFO:cooler._balance:variance is 672.2871319935531
INFO:cooler._balance:variance is 259.41241439331543
INFO:cooler._balance:variance is 100.45281435354754
INFO:cooler._balance:variance is 38.81320758909521
INFO:cooler._balance:variance is 15.017248154495737
INFO:cooler._balance:variance is 5.8054025143080406
INFO:cooler._balance:variance is 2.2454517719139524
INFO:cooler._balance:variance is 0.868225415394813
INFO:cooler._balance:variance is 0.33577624324470917
INFO:cooler._balance:variance is 0.1298411278875997
INFO:cooler._balance:variance is 0.05021215903671428
INFO:cooler._balance:variance is 0.019417091709840757
INFO:cooler._balance:variance is 0.007508837968430391
INFO:cooler._balance:variance is 0.0029037086298018813
INFO:cooler._balance:variance is 0.001122893240047613
INFO:cooler._balance:variance is 0.0004342308847732761
INFO:cooler._balance:variance is 0.0001679209703834321
INFO:cooler._balance:variance is 6.493635803914699e-05
INFO:cooler._balance:variance is 2.5111443994907853e-05
INFO:cooler._balance:variance is 9.710799095584596e-06
INFO:cooler._balance:chr10
INFO:cooler._balance:variance is 26147017.052267462
INFO:cooler._balance:variance is 2975715.194995192
INFO:cooler._balance:variance is 576237.511931377
INFO:cooler._balance:variance is 130332.00619764213
INFO:cooler._balance:variance is 30170.489427675257
INFO:cooler._balance:variance is 7391.778385215857
INFO:cooler._balance:variance is 1871.048164772137
INFO:cooler._balance:variance is 491.9495679871845
INFO:cooler._balance:variance is 132.87790034144274
INFO:cooler._balance:variance is 36.783768704774964
INFO:cooler._balance:variance is 10.363172586408352
INFO:cooler._balance:variance is 2.961215899209865
INFO:cooler._balance:variance is 0.8546219247585323
INFO:cooler._balance:variance is 0.2484995667984223
INFO:cooler._balance:variance is 0.07263411626786677
INFO:cooler._balance:variance is 0.021310435959706577
INFO:cooler._balance:variance is 0.006268718256518936
INFO:cooler._balance:variance is 0.0018474368883554953
INFO:cooler._balance:variance is 0.0005451514538852661
INFO:cooler._balance:variance is 0.00016101090678765595
INFO:cooler._balance:variance is 4.758429109986647e-05
INFO:cooler._balance:variance is 1.4068908711862742e-05
INFO:cooler._balance:variance is 4.160903577069269e-06
INFO:cooler._balance:chr12
INFO:cooler._balance:variance is 22953132.6731073
INFO:cooler._balance:variance is 6485968.379797239
INFO:cooler._balance:variance is 1721908.7476099844
INFO:cooler._balance:variance is 599760.7326103086
INFO:cooler._balance:variance is 187214.57101641234
INFO:cooler._balance:variance is 64263.14901456618
INFO:cooler._balance:variance is 21251.033831704262
INFO:cooler._balance:variance is 7277.825427351341
INFO:cooler._balance:variance is 2460.7746077968827
INFO:cooler._balance:variance is 842.7056366322986
INFO:cooler._balance:variance is 287.3429199161186
INFO:cooler._balance:variance is 98.42734920734732
INFO:cooler._balance:variance is 33.66705276913718
INFO:cooler._balance:variance is 11.53468937995681
INFO:cooler._balance:variance is 3.950041450561042
INFO:cooler._balance:variance is 1.3534775177516807
INFO:cooler._balance:variance is 0.4636971361315022
INFO:cooler._balance:variance is 0.15889425361356646
INFO:cooler._balance:variance is 0.054445390644217585
INFO:cooler._balance:variance is 0.018657193455187453
INFO:cooler._balance:variance is 0.006393299991579043
INFO:cooler._balance:variance is 0.0021908638814880036
INFO:cooler._balance:variance is 0.0007507646054908161
INFO:cooler._balance:variance is 0.00025727425271594343
INFO:cooler._balance:variance is 8.816339697749774e-05
INFO:cooler._balance:variance is 3.0212161389773495e-05
INFO:cooler._balance:variance is 1.0353212630371042e-05
INFO:cooler._balance:variance is 3.5478807138823582e-06
INFO:cooler._balance:chr13
INFO:cooler._balance:variance is 9543361.434540955
INFO:cooler._balance:variance is 857788.455571971
INFO:cooler._balance:variance is 133322.3665735392
INFO:cooler._balance:variance is 26283.641695020902
INFO:cooler._balance:variance is 5661.351387392021
INFO:cooler._balance:variance is 1325.6519561428488
INFO:cooler._balance:variance is 324.92376723201147
INFO:cooler._balance:variance is 82.62886591695779
INFO:cooler._balance:variance is 21.495312965442768
INFO:cooler._balance:variance is 5.687128864490418
INFO:cooler._balance:variance is 1.5211807532764239
INFO:cooler._balance:variance is 0.4100184104407939
INFO:cooler._balance:variance is 0.11107374188675669
INFO:cooler._balance:variance is 0.030193288718084774
INFO:cooler._balance:variance is 0.008226048243124567
INFO:cooler._balance:variance is 0.0022445619151130317
INFO:cooler._balance:variance is 0.0006130658547460309
INFO:cooler._balance:variance is 0.00016756097105635994
INFO:cooler._balance:variance is 4.58173910704308e-05
INFO:cooler._balance:variance is 1.2531852457682054e-05
INFO:cooler._balance:variance is 3.428344561772623e-06
INFO:cooler._balance:chr14
INFO:cooler._balance:variance is 13115846.553169282
INFO:cooler._balance:variance is 2338358.813779145
INFO:cooler._balance:variance is 420348.4186874527
INFO:cooler._balance:variance is 108703.23721220835
INFO:cooler._balance:variance is 28770.818651928428
INFO:cooler._balance:variance is 8804.34277138228
INFO:cooler._balance:variance is 2866.865726573137
INFO:cooler._balance:variance is 990.0698334734188
INFO:cooler._balance:variance is 351.60341821137393
INFO:cooler._balance:variance is 127.3123743936033
INFO:cooler._balance:variance is 46.50222259577845
INFO:cooler._balance:variance is 17.08416695636333
INFO:cooler._balance:variance is 6.291709191440481
INFO:cooler._balance:variance is 2.3210091874201235
INFO:cooler._balance:variance is 0.856776047933345
INFO:cooler._balance:variance is 0.3164258620485311
INFO:cooler._balance:variance is 0.11688272505687873
INFO:cooler._balance:variance is 0.04318092407176552
INFO:cooler._balance:variance is 0.015953362958810467
INFO:cooler._balance:variance is 0.00589429003553615
INFO:cooler._balance:variance is 0.002177786509517694
INFO:cooler._balance:variance is 0.0008046460221823368
INFO:cooler._balance:variance is 0.00029730037299425925
INFO:cooler._balance:variance is 0.00010984690479758755
INFO:cooler._balance:variance is 4.058638651621755e-05
INFO:cooler._balance:variance is 1.4995933724325709e-05
INFO:cooler._balance:variance is 5.540725781916572e-06
INFO:cooler._balance:chr15
INFO:cooler._balance:variance is 9573869.38734101
INFO:cooler._balance:variance is 708621.7930010243
INFO:cooler._balance:variance is 103167.07469451577
INFO:cooler._balance:variance is 18429.51164526589
INFO:cooler._balance:variance is 3561.1441239502706
INFO:cooler._balance:variance is 758.4627319449722
INFO:cooler._balance:variance is 175.3928794565368
INFO:cooler._balance:variance is 44.042595095299525
INFO:cooler._balance:variance is 11.862083944909722
INFO:cooler._balance:variance is 3.3768976535658877
INFO:cooler._balance:variance is 1.0000649630250988
INFO:cooler._balance:variance is 0.3040804294072394
INFO:cooler._balance:variance is 0.0940204028169458
INFO:cooler._balance:variance is 0.029371438883598215
INFO:cooler._balance:variance is 0.009232713320404953
INFO:cooler._balance:variance is 0.002912995636736737
INFO:cooler._balance:variance is 0.0009210928711373673
INFO:cooler._balance:variance is 0.00029162663978892704
INFO:cooler._balance:variance is 9.240197196014495e-05
INFO:cooler._balance:variance is 2.9290623558960142e-05
INFO:cooler._balance:variance is 9.287305450270157e-06
INFO:cooler._balance:chr16
INFO:cooler._balance:variance is 57490616.33650592
INFO:cooler._balance:variance is 3725167.6403814773
INFO:cooler._balance:variance is 1127699.9394507415
INFO:cooler._balance:variance is 580168.6793628186
INFO:cooler._balance:variance is 228743.1452100744
INFO:cooler._balance:variance is 110609.59509969194
INFO:cooler._balance:variance is 47397.39086971624
INFO:cooler._balance:variance is 22084.61979098676
INFO:cooler._balance:variance is 9761.836021280329
INFO:cooler._balance:variance is 4471.967109466182
INFO:cooler._balance:variance is 2001.7258841402606
INFO:cooler._balance:variance is 910.1254879622794
INFO:cooler._balance:variance is 409.5721993715317
INFO:cooler._balance:variance is 185.59740277722426
INFO:cooler._balance:variance is 83.71725202063847
INFO:cooler._balance:variance is 37.87955818927955
INFO:cooler._balance:variance is 17.10396986269071
INFO:cooler._balance:variance is 7.733817146062693
INFO:cooler._balance:variance is 3.493706043337759
INFO:cooler._balance:variance is 1.5792513110511468
INFO:cooler._balance:variance is 0.7135651491202262
INFO:cooler._balance:variance is 0.32250679805162585
INFO:cooler._balance:variance is 0.14573427807687545
INFO:cooler._balance:variance is 0.06586277249567649
INFO:cooler._balance:variance is 0.02976329992000281
INFO:cooler._balance:variance is 0.013450771511731461
INFO:cooler._balance:variance is 0.006078501000533746
INFO:cooler._balance:variance is 0.002746990147745724
INFO:cooler._balance:variance is 0.0012413953427391543
INFO:cooler._balance:variance is 0.0005610069382793802
INFO:cooler._balance:variance is 0.0002535262420453407
INFO:cooler._balance:variance is 0.00011457237477076706
INFO:cooler._balance:variance is 5.177681823417718e-05
INFO:cooler._balance:variance is 2.3398706302811636e-05
INFO:cooler._balance:variance is 1.0574202729157123e-05
INFO:cooler._balance:variance is 4.7786353346121794e-06
INFO:cooler._balance:chr17
INFO:cooler._balance:variance is 8991739.10692767
INFO:cooler._balance:variance is 1796928.6530746634
INFO:cooler._balance:variance is 564518.947324214
INFO:cooler._balance:variance is 219762.4682653253
INFO:cooler._balance:variance is 83079.78350748331
INFO:cooler._balance:variance is 32801.904321517046
INFO:cooler._balance:variance is 12829.983082556571
INFO:cooler._balance:variance is 5075.741061476524
INFO:cooler._balance:variance is 2002.0908911414474
INFO:cooler._balance:variance is 792.3805635573793
INFO:cooler._balance:variance is 313.29118812398764
INFO:cooler._balance:variance is 124.00454392600658
INFO:cooler._balance:variance is 49.06497165757635
INFO:cooler._balance:variance is 19.420917050230173
INFO:cooler._balance:variance is 7.686175466834246
INFO:cooler._balance:variance is 3.0423574059453995
INFO:cooler._balance:variance is 1.2041713216915126
INFO:cooler._balance:variance is 0.476637778471587
INFO:cooler._balance:variance is 0.18866015999837088
INFO:cooler._balance:variance is 0.0746758817258447
INFO:cooler._balance:variance is 0.02955814884044637
INFO:cooler._balance:variance is 0.011699770848952492
INFO:cooler._balance:variance is 0.004631015053999845
INFO:cooler._balance:variance is 0.0018330583803036478
INFO:cooler._balance:variance is 0.000725564282970674
INFO:cooler._balance:variance is 0.00028719441607342924
INFO:cooler._balance:variance is 0.00011367785990588597
INFO:cooler._balance:variance is 4.4996214887779765e-05
INFO:cooler._balance:variance is 1.781049530600897e-05
INFO:cooler._balance:variance is 7.049788527406074e-06
INFO:cooler._balance:chr18
INFO:cooler._balance:variance is 10813824.85723346
INFO:cooler._balance:variance is 1267240.94530125
INFO:cooler._balance:variance is 210961.65571723407
INFO:cooler._balance:variance is 40331.18774509323
INFO:cooler._balance:variance is 7782.264196981875
INFO:cooler._balance:variance is 1549.8963530848505
INFO:cooler._balance:variance is 309.9280889050584
INFO:cooler._balance:variance is 62.49137099495928
INFO:cooler._balance:variance is 12.62583205188797
INFO:cooler._balance:variance is 2.5572114525498986
INFO:cooler._balance:variance is 0.5184128158230799
INFO:cooler._balance:variance is 0.10518264927938568
INFO:cooler._balance:variance is 0.02134955693188128
INFO:cooler._balance:variance is 0.00433478956334838
INFO:cooler._balance:variance is 0.000880285579680094
INFO:cooler._balance:variance is 0.00017878581507211374
INFO:cooler._balance:variance is 3.631412777981106e-05
INFO:cooler._balance:variance is 7.376336031326263e-06
INFO:cooler._balance:chr20
INFO:cooler._balance:variance is 6777693.244892178
INFO:cooler._balance:variance is 579645.0853285302
INFO:cooler._balance:variance is 113862.97899512386
INFO:cooler._balance:variance is 24391.336481610568
INFO:cooler._balance:variance is 5431.896085494145
INFO:cooler._balance:variance is 1231.8134703821615
INFO:cooler._balance:variance is 283.147259359368
INFO:cooler._balance:variance is 65.9198314640866
INFO:cooler._balance:variance is 15.564773890347533
INFO:cooler._balance:variance is 3.746662196759024
INFO:cooler._balance:variance is 0.9267858561649981
INFO:cooler._balance:variance is 0.2387446154401614
INFO:cooler._balance:variance is 0.06512737110294757
INFO:cooler._balance:variance is 0.019144038468411815
INFO:cooler._balance:variance is 0.006127466224133393
INFO:cooler._balance:variance is 0.002131829776252547
INFO:cooler._balance:variance is 0.0007954120718215422
INFO:cooler._balance:variance is 0.0003124356486319978
INFO:cooler._balance:variance is 0.00012699231330525154
INFO:cooler._balance:variance is 5.272695782058412e-05
INFO:cooler._balance:variance is 2.2171570184081372e-05
INFO:cooler._balance:variance is 9.392192955497132e-06
INFO:cooler._balance:chrY
INFO:cooler._balance:chr19
INFO:cooler._balance:variance is 17945800.84136095
INFO:cooler._balance:variance is 5594279.941365739
INFO:cooler._balance:variance is 1156467.7508101999
INFO:cooler._balance:variance is 410722.05556272704
INFO:cooler._balance:variance is 114525.44376409295
INFO:cooler._balance:variance is 38664.090785685556
INFO:cooler._balance:variance is 12254.709032242863
INFO:cooler._balance:variance is 4162.1667081977475
INFO:cooler._balance:variance is 1399.896404431005
INFO:cooler._balance:variance is 483.61063564972744
INFO:cooler._balance:variance is 167.4083263360538
INFO:cooler._balance:variance is 58.60339696650225
INFO:cooler._balance:variance is 20.57714785728866
INFO:cooler._balance:variance is 7.261316939372122
INFO:cooler._balance:variance is 2.5677403100177423
INFO:cooler._balance:variance is 0.9101129286203493
INFO:cooler._balance:variance is 0.32296975031761554
INFO:cooler._balance:variance is 0.11473885207933109
INFO:cooler._balance:variance is 0.04078874505916682
INFO:cooler._balance:variance is 0.014507899874662566
INFO:cooler._balance:variance is 0.00516196773040442
INFO:cooler._balance:variance is 0.0018371353224821512
INFO:cooler._balance:variance is 0.0006539463326701494
INFO:cooler._balance:variance is 0.00023280912354658317
INFO:cooler._balance:variance is 8.288883318953388e-05
INFO:cooler._balance:variance is 2.9513473354751938e-05
INFO:cooler._balance:variance is 1.0509060532179535e-05
INFO:cooler._balance:variance is 3.742152988174129e-06
INFO:cooler._balance:chr22
INFO:cooler._balance:variance is 7510064.515713456
INFO:cooler._balance:variance is 473988.47470649483
INFO:cooler._balance:variance is 61498.99933732874
INFO:cooler._balance:variance is 12206.503597876132
INFO:cooler._balance:variance is 3396.9347716323414
INFO:cooler._balance:variance is 1163.742285556418
INFO:cooler._balance:variance is 439.1552282863638
INFO:cooler._balance:variance is 170.51264655632903
INFO:cooler._balance:variance is 67.31451531847156
INFO:cooler._balance:variance is 26.638047567547964
INFO:cooler._balance:variance is 10.582852424322613
INFO:cooler._balance:variance is 4.203979206197814
INFO:cooler._balance:variance is 1.6720534251092773
INFO:cooler._balance:variance is 0.6648985010749059
INFO:cooler._balance:variance is 0.2645124636424325
INFO:cooler._balance:variance is 0.10521789363144386
INFO:cooler._balance:variance is 0.04186014147862607
INFO:cooler._balance:variance is 0.016652884102865292
INFO:cooler._balance:variance is 0.006625267348108476
INFO:cooler._balance:variance is 0.002635769912516916
INFO:cooler._balance:variance is 0.0010486271496920152
INFO:cooler._balance:variance is 0.0004171867351087354
INFO:cooler._balance:variance is 0.00016597532176166924
INFO:cooler._balance:variance is 6.603205130883177e-05
INFO:cooler._balance:variance is 2.6270446847299215e-05
INFO:cooler._balance:variance is 1.0451518810933271e-05
INFO:cooler._balance:variance is 4.158070966164167e-06
INFO:cooler._balance:chr21
INFO:cooler._balance:variance is 6775241.8335440215
INFO:cooler._balance:variance is 1309098.822749559
INFO:cooler._balance:variance is 550976.6128284519
INFO:cooler._balance:variance is 317162.5559176487
INFO:cooler._balance:variance is 173610.46283055836
INFO:cooler._balance:variance is 106459.28514259745
INFO:cooler._balance:variance is 60417.49216856846
INFO:cooler._balance:variance is 36716.2704734225
INFO:cooler._balance:variance is 21174.969519554073
INFO:cooler._balance:variance is 12735.746906866512
INFO:cooler._balance:variance is 7415.276374784914
INFO:cooler._balance:variance is 4428.778848715243
INFO:cooler._balance:variance is 2593.6064243377073
INFO:cooler._balance:variance is 1542.2640503949578
INFO:cooler._balance:variance is 906.3558295655548
INFO:cooler._balance:variance is 537.5220293483861
INFO:cooler._balance:variance is 316.5531850140218
INFO:cooler._balance:variance is 187.43419800306498
INFO:cooler._balance:variance is 110.52019223738013
INFO:cooler._balance:variance is 65.37755711460875
INFO:cooler._balance:variance is 38.57833866381805
INFO:cooler._balance:variance is 22.807821071190283
INFO:cooler._balance:variance is 13.464475637399746
INFO:cooler._balance:variance is 7.957622997678804
INFO:cooler._balance:variance is 4.698962004339213
INFO:cooler._balance:variance is 2.7765735077025235
INFO:cooler._balance:variance is 1.6398137734245855
INFO:cooler._balance:variance is 0.9688365030082053
INFO:cooler._balance:variance is 0.5722361929130495
INFO:cooler._balance:variance is 0.338065587851086
INFO:cooler._balance:variance is 0.19968669207919323
INFO:cooler._balance:variance is 0.11796599735209226
INFO:cooler._balance:variance is 0.06968170753587943
INFO:cooler._balance:variance is 0.041163843157897166
INFO:cooler._balance:variance is 0.024315656450029848
INFO:cooler._balance:variance is 0.014364048783908725
INFO:cooler._balance:variance is 0.00848499842804322
INFO:cooler._balance:variance is 0.005012321755652769
INFO:cooler._balance:variance is 0.0029608518579099996
INFO:cooler._balance:variance is 0.001749047766137177
INFO:cooler._balance:variance is 0.001033192121305959
INFO:cooler._balance:variance is 0.0006103300974245929
INFO:cooler._balance:variance is 0.00036053314282586974
INFO:cooler._balance:variance is 0.0002129747579815888
INFO:cooler._balance:variance is 0.00012580825152917437
INFO:cooler._balance:variance is 7.431758959039684e-05
INFO:cooler._balance:variance is 4.390085259689248e-05
INFO:cooler._balance:variance is 2.5933144354831413e-05
INFO:cooler._balance:variance is 1.531922240193349e-05
INFO:cooler._balance:variance is 9.049379192683418e-06
INFO:cooler._balance:chrM
