INFO:cooler.cli.balance:Balancing "analysis_other/porec/T2T04_1/cooler/T2T04_1_10000_balanced.cool"
INFO:cooler._balance:chr1
INFO:cooler._balance:variance is 18558.45591521479
INFO:cooler._balance:variance is 2101.7800874686936
INFO:cooler._balance:variance is 634.4821485090376
INFO:cooler._balance:variance is 313.06615888948147
INFO:cooler._balance:variance is 153.414258086277
INFO:cooler._balance:variance is 88.4623088871858
INFO:cooler._balance:variance is 50.095214425014355
INFO:cooler._balance:variance is 30.222035064025683
INFO:cooler._balance:variance is 18.033419133243505
INFO:cooler._balance:variance is 11.072676792558058
INFO:cooler._balance:variance is 6.753296951220626
INFO:cooler._balance:variance is 4.178816683580567
INFO:cooler._balance:variance is 2.5743672899156507
INFO:cooler._balance:variance is 1.5984471557156237
INFO:cooler._balance:variance is 0.9895204981058274
INFO:cooler._balance:variance is 0.6153074631600994
INFO:cooler._balance:variance is 0.3818404649846496
INFO:cooler._balance:variance is 0.23757901555585878
INFO:cooler._balance:variance is 0.14762183241818022
INFO:cooler._balance:variance is 0.091869320982986
INFO:cooler._balance:variance is 0.057122581559292104
INFO:cooler._balance:variance is 0.03555115575617514
INFO:cooler._balance:variance is 0.022113209617315287
INFO:cooler._balance:variance is 0.013762528763152763
INFO:cooler._balance:variance is 0.008562205353641337
INFO:cooler._balance:variance is 0.005328744453637842
INFO:cooler._balance:variance is 0.003315605040109889
INFO:cooler._balance:variance is 0.002063449723280794
INFO:cooler._balance:variance is 0.0012839873647333662
INFO:cooler._balance:variance is 0.000799070284645648
INFO:cooler._balance:variance is 0.0004972429772814892
INFO:cooler._balance:variance is 0.00030944803511160805
INFO:cooler._balance:variance is 0.0001925667407559653
INFO:cooler._balance:variance is 0.00011983859315595338
INFO:cooler._balance:variance is 7.457548751962203e-05
INFO:cooler._balance:variance is 4.6409729104968954e-05
INFO:cooler._balance:variance is 2.8880979885530364e-05
INFO:cooler._balance:variance is 1.7973108537840105e-05
INFO:cooler._balance:variance is 1.1184799042064707e-05
INFO:cooler._balance:variance is 6.960466861831128e-06
INFO:cooler._balance:chr2
INFO:cooler._balance:variance is 22838.15877234243
INFO:cooler._balance:variance is 4335.077482701281
INFO:cooler._balance:variance is 1558.044449549626
INFO:cooler._balance:variance is 762.7592274488295
INFO:cooler._balance:variance is 327.78203022467557
INFO:cooler._balance:variance is 156.6191247507972
INFO:cooler._balance:variance is 70.84289425065184
INFO:cooler._balance:variance is 33.474143710871125
INFO:cooler._balance:variance is 15.459785207266112
INFO:cooler._balance:variance is 7.2804934241646775
INFO:cooler._balance:variance is 3.3969234991599104
INFO:cooler._balance:variance is 1.5997973051185088
INFO:cooler._balance:variance is 0.7508612613294844
INFO:cooler._balance:variance is 0.3541351151677086
INFO:cooler._balance:variance is 0.16687863038135733
INFO:cooler._balance:variance is 0.07886085594911435
INFO:cooler._balance:variance is 0.03727482266533071
INFO:cooler._balance:variance is 0.01765127706233556
INFO:cooler._balance:variance is 0.008364058630131612
INFO:cooler._balance:variance is 0.00396870601838421
INFO:cooler._balance:variance is 0.0018846094332167092
INFO:cooler._balance:variance is 0.0008959079309805973
INFO:cooler._balance:variance is 0.00042623595669084467
INFO:cooler._balance:variance is 0.00020296865891270964
INFO:cooler._balance:variance is 9.672367818331612e-05
INFO:cooler._balance:variance is 4.612888163173064e-05
INFO:cooler._balance:variance is 2.20145119256438e-05
INFO:cooler._balance:variance is 1.0513251734697809e-05
INFO:cooler._balance:variance is 5.0237702092740235e-06
INFO:cooler._balance:chr3
INFO:cooler._balance:variance is 18893.847619306023
INFO:cooler._balance:variance is 4472.969287632511
INFO:cooler._balance:variance is 1710.0106693172083
INFO:cooler._balance:variance is 1189.3869212146035
INFO:cooler._balance:variance is 558.7308150311559
INFO:cooler._balance:variance is 365.28279361346745
INFO:cooler._balance:variance is 187.81875175645234
INFO:cooler._balance:variance is 117.19719346910364
INFO:cooler._balance:variance is 63.379443287585076
INFO:cooler._balance:variance is 38.41868780618081
INFO:cooler._balance:variance is 21.39762958735289
INFO:cooler._balance:variance is 12.745299183571342
INFO:cooler._balance:variance is 7.222766177971614
INFO:cooler._balance:variance is 4.257489202569159
INFO:cooler._balance:variance is 2.4374875912012106
INFO:cooler._balance:variance is 1.427985237826428
INFO:cooler._balance:variance is 0.8224760269842353
INFO:cooler._balance:variance is 0.48012085276765804
INFO:cooler._balance:variance is 0.27751530823870574
INFO:cooler._balance:variance is 0.16166570327548058
INFO:cooler._balance:variance is 0.09363973738435409
INFO:cooler._balance:variance is 0.05448521623549187
INFO:cooler._balance:variance is 0.03159776334348481
INFO:cooler._balance:variance is 0.01837318772847354
INFO:cooler._balance:variance is 0.01066300800400205
INFO:cooler._balance:variance is 0.00619790746178028
INFO:cooler._balance:variance is 0.003598566764456008
INFO:cooler._balance:variance is 0.0020912439940589523
INFO:cooler._balance:variance is 0.0012145142506438565
INFO:cooler._balance:variance is 0.0007057136917409391
INFO:cooler._balance:variance is 0.00040991601565613543
INFO:cooler._balance:variance is 0.0002381740940500045
INFO:cooler._balance:variance is 0.00013835742189395128
INFO:cooler._balance:variance is 8.038748871115142e-05
INFO:cooler._balance:variance is 4.670053875535574e-05
INFO:cooler._balance:variance is 2.7133207582229088e-05
INFO:cooler._balance:variance is 1.5763415627843538e-05
INFO:cooler._balance:variance is 9.158544875495488e-06
INFO:cooler._balance:chr4
INFO:cooler._balance:variance is 24704.354808317577
INFO:cooler._balance:variance is 10427.94662027995
INFO:cooler._balance:variance is 2961.306898321642
INFO:cooler._balance:variance is 2450.3736764089967
INFO:cooler._balance:variance is 920.4650118641035
INFO:cooler._balance:variance is 668.5839565548837
INFO:cooler._balance:variance is 297.5248861478381
INFO:cooler._balance:variance is 194.97092175893613
INFO:cooler._balance:variance is 95.95001416896375
INFO:cooler._balance:variance is 58.90029113697611
INFO:cooler._balance:variance is 30.7106015723285
INFO:cooler._balance:variance is 18.137663839124446
INFO:cooler._balance:variance is 9.770493918293273
INFO:cooler._balance:variance is 5.643893891913823
INFO:cooler._balance:variance is 3.096320622428046
INFO:cooler._balance:variance is 1.7662823841689868
INFO:cooler._balance:variance is 0.9789385216662697
INFO:cooler._balance:variance is 0.5545125508332494
INFO:cooler._balance:variance is 0.3090846569095321
INFO:cooler._balance:variance is 0.17439114527457494
INFO:cooler._balance:variance is 0.09751474348881466
INFO:cooler._balance:variance is 0.054899086218692474
INFO:cooler._balance:variance is 0.03075266899448052
INFO:cooler._balance:variance is 0.01729212646847773
INFO:cooler._balance:variance is 0.00969613981422548
INFO:cooler._balance:variance is 0.005448424617268072
INFO:cooler._balance:variance is 0.0030567840104835796
INFO:cooler._balance:variance is 0.0017170165031979952
INFO:cooler._balance:variance is 0.0009636194678485901
INFO:cooler._balance:variance is 0.0005411600881009017
INFO:cooler._balance:variance is 0.0003037628227820082
INFO:cooler._balance:variance is 0.0001705711830625563
INFO:cooler._balance:variance is 9.575440856055024e-05
INFO:cooler._balance:variance is 5.376541329959014e-05
INFO:cooler._balance:variance is 3.018432233892104e-05
INFO:cooler._balance:variance is 1.6947713309533316e-05
INFO:cooler._balance:variance is 9.514898010362446e-06
INFO:cooler._balance:chr5
INFO:cooler._balance:variance is 30205.237436149502
INFO:cooler._balance:variance is 6384.994531806681
INFO:cooler._balance:variance is 1948.318298489834
INFO:cooler._balance:variance is 927.1138791823113
INFO:cooler._balance:variance is 339.5100959476334
INFO:cooler._balance:variance is 151.70668886236842
INFO:cooler._balance:variance is 59.92039410084692
INFO:cooler._balance:variance is 25.984267575227225
INFO:cooler._balance:variance is 10.679964864044432
INFO:cooler._balance:variance is 4.594072855565565
INFO:cooler._balance:variance is 1.9363877699782701
INFO:cooler._balance:variance is 0.8364521668671722
INFO:cooler._balance:variance is 0.35969946168102596
INFO:cooler._balance:variance is 0.157147482027909
INFO:cooler._balance:variance is 0.06887792333944176
INFO:cooler._balance:variance is 0.03056685623121353
INFO:cooler._balance:variance is 0.013660318982883625
INFO:cooler._balance:variance is 0.006172690673158985
INFO:cooler._balance:variance is 0.002813281501812938
INFO:cooler._balance:variance is 0.0012952786211881929
INFO:cooler._balance:variance is 0.0006016217766276181
INFO:cooler._balance:variance is 0.00028199085281202166
INFO:cooler._balance:variance is 0.00013324569834533766
INFO:cooler._balance:variance is 6.345235305955906e-05
INFO:cooler._balance:variance is 3.042499573256716e-05
INFO:cooler._balance:variance is 1.4681074428615859e-05
INFO:cooler._balance:variance is 7.1233577245838495e-06
INFO:cooler._balance:chr6
INFO:cooler._balance:variance is 61742.84673055721
INFO:cooler._balance:variance is 5370.238986533203
INFO:cooler._balance:variance is 2615.598288836055
INFO:cooler._balance:variance is 1965.935826396931
INFO:cooler._balance:variance is 1087.8019877327465
INFO:cooler._balance:variance is 813.7812501589676
INFO:cooler._balance:variance is 476.546845103433
INFO:cooler._balance:variance is 346.3701596581124
INFO:cooler._balance:variance is 210.87367142564582
INFO:cooler._balance:variance is 149.38664797572838
INFO:cooler._balance:variance is 93.47979257761821
INFO:cooler._balance:variance is 64.94483857193808
INFO:cooler._balance:variance is 41.42508674529071
INFO:cooler._balance:variance is 28.378500758059406
INFO:cooler._balance:variance is 18.341022736886757
INFO:cooler._balance:variance is 12.44125019849263
INFO:cooler._balance:variance is 8.113109191563716
INFO:cooler._balance:variance is 5.465941960812884
INFO:cooler._balance:variance is 3.586045286955208
INFO:cooler._balance:variance is 2.404733877624805
INFO:cooler._balance:variance is 1.5841045389325599
INFO:cooler._balance:variance is 1.0589111123983583
INFO:cooler._balance:variance is 0.6994539783560423
INFO:cooler._balance:variance is 0.4665585250674855
INFO:cooler._balance:variance is 0.3087421686449429
INFO:cooler._balance:variance is 0.20564515167426828
INFO:cooler._balance:variance is 0.1362495951088055
INFO:cooler._balance:variance is 0.09066488154723724
INFO:cooler._balance:variance is 0.06011831025849647
INFO:cooler._balance:variance is 0.03997887811978113
INFO:cooler._balance:variance is 0.026523556874601284
INFO:cooler._balance:variance is 0.017630660840935442
INFO:cooler._balance:variance is 0.011701054781079294
INFO:cooler._balance:variance is 0.007775657349306259
INFO:cooler._balance:variance is 0.005161747185050661
INFO:cooler._balance:variance is 0.003429459876318766
INFO:cooler._balance:variance is 0.002276952170049285
INFO:cooler._balance:variance is 0.001512612106232055
INFO:cooler._balance:variance is 0.0010043875081236166
INFO:cooler._balance:variance is 0.0006671725147124069
INFO:cooler._balance:variance is 0.0004430391766020559
INFO:cooler._balance:variance is 0.0002942757560964025
INFO:cooler._balance:variance is 0.00019542429876935456
INFO:cooler._balance:variance is 0.00012979998149962552
INFO:cooler._balance:variance is 8.620095015237702e-05
INFO:cooler._balance:variance is 5.725287444606687e-05
INFO:cooler._balance:variance is 3.8022754893944565e-05
INFO:cooler._balance:variance is 2.52535029415363e-05
INFO:cooler._balance:variance is 1.67715730161485e-05
INFO:cooler._balance:variance is 1.1139022066844291e-05
INFO:cooler._balance:variance is 7.397809464392204e-06
INFO:cooler._balance:chr7
INFO:cooler._balance:variance is 19379.897186417893
INFO:cooler._balance:variance is 4010.8479213616274
INFO:cooler._balance:variance is 1505.1778232165436
INFO:cooler._balance:variance is 837.0063154309154
INFO:cooler._balance:variance is 377.8103122275266
INFO:cooler._balance:variance is 202.90765180402946
INFO:cooler._balance:variance is 97.36110489154395
INFO:cooler._balance:variance is 50.895150139264466
INFO:cooler._balance:variance is 25.106100939899864
INFO:cooler._balance:variance is 12.92926820655667
INFO:cooler._balance:variance is 6.464409567652783
INFO:cooler._balance:variance is 3.30316802838218
INFO:cooler._balance:variance is 1.6626947538950776
INFO:cooler._balance:variance is 0.8462175561426069
INFO:cooler._balance:variance is 0.42741458370936747
INFO:cooler._balance:variance is 0.21709400117937933
INFO:cooler._balance:variance is 0.1098444398631416
INFO:cooler._balance:variance is 0.05573725249798205
INFO:cooler._balance:variance is 0.02822753398506127
INFO:cooler._balance:variance is 0.014316334286317973
INFO:cooler._balance:variance is 0.007253866755363833
INFO:cooler._balance:variance is 0.0036781643987692674
INFO:cooler._balance:variance is 0.0018641593688174902
INFO:cooler._balance:variance is 0.0009451531290147899
INFO:cooler._balance:variance is 0.0004790911028616522
INFO:cooler._balance:variance is 0.0002428965614782006
INFO:cooler._balance:variance is 0.00012313308903471085
INFO:cooler._balance:variance is 6.242730100175894e-05
INFO:cooler._balance:variance is 3.1648348885307796e-05
INFO:cooler._balance:variance is 1.6045483023097e-05
INFO:cooler._balance:variance is 8.13475234355388e-06
INFO:cooler._balance:chrX
INFO:cooler._balance:variance is 5172.148686540553
INFO:cooler._balance:variance is 628.5569633814785
INFO:cooler._balance:variance is 193.2006130465848
INFO:cooler._balance:variance is 102.35903434386157
INFO:cooler._balance:variance is 40.67085923403256
INFO:cooler._balance:variance is 20.79209892606581
INFO:cooler._balance:variance is 9.028308421589248
INFO:cooler._balance:variance is 4.4579413188208905
INFO:cooler._balance:variance is 2.0271846613274302
INFO:cooler._balance:variance is 0.9833354066232245
INFO:cooler._balance:variance is 0.4586550496617595
INFO:cooler._balance:variance is 0.22094398768817097
INFO:cooler._balance:variance is 0.1045717727930512
INFO:cooler._balance:variance is 0.05031015326347874
INFO:cooler._balance:variance is 0.02403024348337214
INFO:cooler._balance:variance is 0.011578545617086024
INFO:cooler._balance:variance is 0.00556633759792073
INFO:cooler._balance:variance is 0.0026898686903641545
INFO:cooler._balance:variance is 0.0013000303066463973
INFO:cooler._balance:variance is 0.0006305802864619322
INFO:cooler._balance:variance is 0.0003062815972645582
INFO:cooler._balance:variance is 0.00014921438685036912
INFO:cooler._balance:variance is 7.284606113271312e-05
INFO:cooler._balance:variance is 3.566714870782915e-05
INFO:cooler._balance:variance is 1.7508867002910724e-05
INFO:cooler._balance:variance is 8.62142675172977e-06
INFO:cooler._balance:chr9
INFO:cooler._balance:variance is 17433.330162334292
INFO:cooler._balance:variance is 4113.143398894257
INFO:cooler._balance:variance is 1399.6904939773015
INFO:cooler._balance:variance is 708.1793114521602
INFO:cooler._balance:variance is 361.31569290723786
INFO:cooler._balance:variance is 213.247311047579
INFO:cooler._balance:variance is 122.3553730111598
INFO:cooler._balance:variance is 77.42220021456191
INFO:cooler._balance:variance is 47.40608344808579
INFO:cooler._balance:variance is 31.37526155603168
INFO:cooler._balance:variance is 20.194378193032975
INFO:cooler._balance:variance is 13.80903970088616
INFO:cooler._balance:variance is 9.235518166909479
INFO:cooler._balance:variance is 6.458287152087446
INFO:cooler._balance:variance is 4.438890251809876
INFO:cooler._balance:variance is 3.148187076529806
INFO:cooler._balance:variance is 2.2034674281068525
INFO:cooler._balance:variance is 1.5757860761606417
INFO:cooler._balance:variance is 1.1157330468090196
INFO:cooler._balance:variance is 0.8016011565890513
INFO:cooler._balance:variance is 0.5716543847661885
INFO:cooler._balance:variance is 0.41171604195225264
INFO:cooler._balance:variance is 0.2949058735081173
INFO:cooler._balance:variance is 0.21265973825200038
INFO:cooler._balance:variance is 0.1527363598071318
INFO:cooler._balance:variance is 0.11020366121983452
INFO:cooler._balance:variance is 0.07928211588145766
INFO:cooler._balance:variance is 0.057217866647814926
INFO:cooler._balance:variance is 0.04120594492515683
INFO:cooler._balance:variance is 0.029740292858938283
INFO:cooler._balance:variance is 0.021431662337364148
INFO:cooler._balance:variance is 0.015468071229478388
INFO:cooler._balance:variance is 0.011151330179028012
INFO:cooler._balance:variance is 0.008048009574534314
INFO:cooler._balance:variance is 0.005803568821300976
INFO:cooler._balance:variance is 0.0041882741650433155
INFO:cooler._balance:variance is 0.003020770682545772
INFO:cooler._balance:variance is 0.002179902605566248
INFO:cooler._balance:variance is 0.0015724256894821056
INFO:cooler._balance:variance is 0.0011346757839336365
INFO:cooler._balance:variance is 0.0008185376150048144
INFO:cooler._balance:variance is 0.0005906441986161382
INFO:cooler._balance:variance is 0.00042610413508961957
INFO:cooler._balance:variance is 0.00030746223084608947
INFO:cooler._balance:variance is 0.00022181827003954442
INFO:cooler._balance:variance is 0.00016005331601832398
INFO:cooler._balance:variance is 0.00011547317247987738
INFO:cooler._balance:variance is 8.331858914425453e-05
INFO:cooler._balance:variance is 6.0112655167043444e-05
INFO:cooler._balance:variance is 4.337323538075682e-05
INFO:cooler._balance:variance is 3.129328393131197e-05
INFO:cooler._balance:variance is 2.2578932863027368e-05
INFO:cooler._balance:variance is 1.629057760616468e-05
INFO:cooler._balance:variance is 1.1754010486106053e-05
INFO:cooler._balance:variance is 8.480506670672123e-06
INFO:cooler._balance:chr8
INFO:cooler._balance:variance is 18563.550293048065
INFO:cooler._balance:variance is 8710.01703453733
INFO:cooler._balance:variance is 1879.3063725837496
INFO:cooler._balance:variance is 1737.8700747432895
INFO:cooler._balance:variance is 536.8324725356136
INFO:cooler._balance:variance is 412.86075150515296
INFO:cooler._balance:variance is 159.95142543629925
INFO:cooler._balance:variance is 106.86586483704552
INFO:cooler._balance:variance is 47.627081826335626
INFO:cooler._balance:variance is 29.072532807166997
INFO:cooler._balance:variance is 14.080280637264995
INFO:cooler._balance:variance is 8.145193800043725
INFO:cooler._balance:variance is 4.138927213025788
INFO:cooler._balance:variance is 2.3219577133214897
INFO:cooler._balance:variance is 1.2124942614239997
INFO:cooler._balance:variance is 0.6687011466891214
INFO:cooler._balance:variance is 0.35457402246909453
INFO:cooler._balance:variance is 0.19373363266458712
INFO:cooler._balance:variance is 0.10360795407380934
INFO:cooler._balance:variance is 0.05632532509427001
INFO:cooler._balance:variance is 0.030266387883167517
INFO:cooler._balance:variance is 0.016409854125946265
INFO:cooler._balance:variance is 0.008841271610635956
INFO:cooler._balance:variance is 0.004786788163167012
INFO:cooler._balance:variance is 0.0025828473149256846
INFO:cooler._balance:variance is 0.0013973615212779637
INFO:cooler._balance:variance is 0.0007546148045850789
INFO:cooler._balance:variance is 0.00040810536191739397
INFO:cooler._balance:variance is 0.00022049240174181684
INFO:cooler._balance:variance is 0.00011922283140792416
INFO:cooler._balance:variance is 6.443141732155646e-05
INFO:cooler._balance:variance is 3.483570494376173e-05
INFO:cooler._balance:variance is 1.8829136101353317e-05
INFO:cooler._balance:variance is 1.0179814339068719e-05
INFO:cooler._balance:variance is 5.502818691695876e-06
INFO:cooler._balance:chr11
INFO:cooler._balance:variance is 17357.50244704253
INFO:cooler._balance:variance is 5500.496280743196
INFO:cooler._balance:variance is 2630.0963344236807
INFO:cooler._balance:variance is 2038.4483915345759
INFO:cooler._balance:variance is 1161.0683467649615
INFO:cooler._balance:variance is 883.6774782162557
INFO:cooler._balance:variance is 533.1123105821235
INFO:cooler._balance:variance is 395.585163618349
INFO:cooler._balance:variance is 247.1545222795022
INFO:cooler._balance:variance is 179.45211672767803
INFO:cooler._balance:variance is 114.93758012477775
INFO:cooler._balance:variance is 82.02617970852121
INFO:cooler._balance:variance is 53.492195338104665
INFO:cooler._balance:variance is 37.67655082588218
INFO:cooler._balance:variance is 24.8913730267245
INFO:cooler._balance:variance is 17.36186184401833
INFO:cooler._balance:variance is 11.576914974170265
INFO:cooler._balance:variance is 8.018003092942298
INFO:cooler._balance:variance is 5.381412641619622
INFO:cooler._balance:variance is 3.7082755961037535
INFO:cooler._balance:variance is 2.500245923002776
INFO:cooler._balance:variance is 1.71674451325108
INFO:cooler._balance:variance is 1.161158886203432
INFO:cooler._balance:variance is 0.795292942784093
INFO:cooler._balance:variance is 0.5390923716198719
INFO:cooler._balance:variance is 0.3685887911255433
INFO:cooler._balance:variance is 0.2502257714424608
INFO:cooler._balance:variance is 0.17087844710272856
INFO:cooler._balance:variance is 0.11612505206388239
INFO:cooler._balance:variance is 0.07923554445328089
INFO:cooler._balance:variance is 0.05388476309835454
INFO:cooler._balance:variance is 0.03674614552102236
INFO:cooler._balance:variance is 0.025001602448276115
INFO:cooler._balance:variance is 0.017042891994645037
INFO:cooler._balance:variance is 0.01159959592846159
INFO:cooler._balance:variance is 0.007904995282590782
INFO:cooler._balance:variance is 0.005381447699085635
INFO:cooler._balance:variance is 0.003666722569713116
INFO:cooler._balance:variance is 0.0024965620125014755
INFO:cooler._balance:variance is 0.0017008528118838406
INFO:cooler._balance:variance is 0.0011581813748911386
INFO:cooler._balance:variance is 0.0007889758261617387
INFO:cooler._balance:variance is 0.0005372848269942805
INFO:cooler._balance:variance is 0.0003659875152680704
INFO:cooler._balance:variance is 0.0002492460569430924
INFO:cooler._balance:variance is 0.0001697745727123041
INFO:cooler._balance:variance is 0.0001156242897800465
INFO:cooler._balance:variance is 7.875562806176518e-05
INFO:cooler._balance:variance is 5.36374156654286e-05
INFO:cooler._balance:variance is 3.6533585884144636e-05
INFO:cooler._balance:variance is 2.488199688623387e-05
INFO:cooler._balance:variance is 1.6947443378370296e-05
INFO:cooler._balance:variance is 1.1542547597414569e-05
INFO:cooler._balance:variance is 7.861707620194057e-06
INFO:cooler._balance:chr10
INFO:cooler._balance:variance is 25892.878407939304
INFO:cooler._balance:variance is 2148.326602370445
INFO:cooler._balance:variance is 726.0076560120616
INFO:cooler._balance:variance is 335.0550437155133
INFO:cooler._balance:variance is 144.3027267706063
INFO:cooler._balance:variance is 69.45699250971506
INFO:cooler._balance:variance is 31.92276909167499
INFO:cooler._balance:variance is 15.402310552916072
INFO:cooler._balance:variance is 7.25642530028027
INFO:cooler._balance:variance is 3.4960428749944623
INFO:cooler._balance:variance is 1.6651301986194207
INFO:cooler._balance:variance is 0.8016270943327639
INFO:cooler._balance:variance is 0.38386247166896714
INFO:cooler._balance:variance is 0.18479477676137263
INFO:cooler._balance:variance is 0.08874953376319906
INFO:cooler._balance:variance is 0.04274075210544629
INFO:cooler._balance:variance is 0.020563452151687214
INFO:cooler._balance:variance is 0.00990863858350726
INFO:cooler._balance:variance is 0.00477315702800568
INFO:cooler._balance:variance is 0.0023014479735775652
INFO:cooler._balance:variance is 0.0011097209916448203
INFO:cooler._balance:variance is 0.0005354307908497744
INFO:cooler._balance:variance is 0.0002583928652526691
INFO:cooler._balance:variance is 0.00012475939573108189
INFO:cooler._balance:variance is 6.025443606437703e-05
INFO:cooler._balance:variance is 2.9113289318782884e-05
INFO:cooler._balance:variance is 1.4071324975374405e-05
INFO:cooler._balance:variance is 6.8038070897227205e-06
INFO:cooler._balance:chr12
INFO:cooler._balance:variance is 18135.94541241519
INFO:cooler._balance:variance is 3981.321753531117
INFO:cooler._balance:variance is 1853.923973241136
INFO:cooler._balance:variance is 1135.2655245176456
INFO:cooler._balance:variance is 604.06784206307
INFO:cooler._balance:variance is 369.8191531140664
INFO:cooler._balance:variance is 206.0026775203158
INFO:cooler._balance:variance is 124.77364688423738
INFO:cooler._balance:variance is 71.18320216978367
INFO:cooler._balance:variance is 42.73349415783288
INFO:cooler._balance:variance is 24.717683093814195
INFO:cooler._balance:variance is 14.747586658937069
INFO:cooler._balance:variance is 8.60039889484386
INFO:cooler._balance:variance is 5.110701495747151
INFO:cooler._balance:variance is 2.9950866956838538
INFO:cooler._balance:variance is 1.7752529802439676
INFO:cooler._balance:variance is 1.0434361195095756
INFO:cooler._balance:variance is 0.6174835277535061
INFO:cooler._balance:variance is 0.36357528822650587
INFO:cooler._balance:variance is 0.2149460751893029
INFO:cooler._balance:variance is 0.12669336810384912
INFO:cooler._balance:variance is 0.07485678403887162
INFO:cooler._balance:variance is 0.04414958519209899
INFO:cooler._balance:variance is 0.026076443595903512
INFO:cooler._balance:variance is 0.015385263753439146
INFO:cooler._balance:variance is 0.009085176721729968
INFO:cooler._balance:variance is 0.005361491259314939
INFO:cooler._balance:variance is 0.0031656166030575488
INFO:cooler._balance:variance is 0.0018683887802397898
INFO:cooler._balance:variance is 0.0011030794531131313
INFO:cooler._balance:variance is 0.0006511024628392667
INFO:cooler._balance:variance is 0.00038438744067638013
INFO:cooler._balance:variance is 0.00022689850687352949
INFO:cooler._balance:variance is 0.0001339491061010831
INFO:cooler._balance:variance is 7.907042167705368e-05
INFO:cooler._balance:variance is 4.667833243010134e-05
INFO:cooler._balance:variance is 2.755475444780786e-05
INFO:cooler._balance:variance is 1.626648598560745e-05
INFO:cooler._balance:variance is 9.602384366646315e-06
INFO:cooler._balance:chr13
INFO:cooler._balance:variance is 14588.22946450797
INFO:cooler._balance:variance is 4571.3739048728685
INFO:cooler._balance:variance is 1235.559231308851
INFO:cooler._balance:variance is 917.319603859336
INFO:cooler._balance:variance is 331.0840108509305
INFO:cooler._balance:variance is 218.3981044881633
INFO:cooler._balance:variance is 92.73719522439931
INFO:cooler._balance:variance is 56.037020590234484
INFO:cooler._balance:variance is 26.18346409348452
INFO:cooler._balance:variance is 14.952561487778873
INFO:cooler._balance:variance is 7.381917759748807
INFO:cooler._balance:variance is 4.074735861284507
INFO:cooler._balance:variance is 2.0748061171936047
INFO:cooler._balance:variance is 1.1230810151799462
INFO:cooler._balance:variance is 0.5816940554171258
INFO:cooler._balance:variance is 0.3114389860033154
INFO:cooler._balance:variance is 0.1628137949351459
INFO:cooler._balance:variance is 0.08664766901426368
INFO:cooler._balance:variance is 0.045525537962393815
INFO:cooler._balance:variance is 0.02414920995237515
INFO:cooler._balance:variance is 0.012722506633891907
INFO:cooler._balance:variance is 0.006736863942402522
INFO:cooler._balance:variance is 0.0035543088302806233
INFO:cooler._balance:variance is 0.0018803239156706289
INFO:cooler._balance:variance is 0.0009928093279664946
INFO:cooler._balance:variance is 0.0005249607908545437
INFO:cooler._balance:variance is 0.0002772935788638477
INFO:cooler._balance:variance is 0.00014658400673943703
INFO:cooler._balance:variance is 7.744547666275243e-05
INFO:cooler._balance:variance is 4.0933894836625306e-05
INFO:cooler._balance:variance is 2.1629411071113424e-05
INFO:cooler._balance:variance is 1.1431437990130819e-05
INFO:cooler._balance:variance is 6.040751900461847e-06
INFO:cooler._balance:chr14
INFO:cooler._balance:variance is 15296.842002244315
INFO:cooler._balance:variance is 4063.233245791283
INFO:cooler._balance:variance is 1253.5259269939525
INFO:cooler._balance:variance is 601.7205796176364
INFO:cooler._balance:variance is 240.15444251977448
INFO:cooler._balance:variance is 119.09356806967111
INFO:cooler._balance:variance is 53.17790895076051
INFO:cooler._balance:variance is 26.905899198492722
INFO:cooler._balance:variance is 12.852307498005072
INFO:cooler._balance:variance is 6.597561650651877
INFO:cooler._balance:variance is 3.298835835277826
INFO:cooler._balance:variance is 1.721029184787652
INFO:cooler._balance:variance is 0.8913411231393449
INFO:cooler._balance:variance is 0.4743595006097281
INFO:cooler._balance:variance is 0.25325779742313875
INFO:cooler._balance:variance is 0.13787328881035552
INFO:cooler._balance:variance is 0.0756760645637132
INFO:cooler._balance:variance is 0.04217421050546337
INFO:cooler._balance:variance is 0.02373346441506111
INFO:cooler._balance:variance is 0.013520218327397518
INFO:cooler._balance:variance is 0.007773473410037819
INFO:cooler._balance:variance is 0.004512701828099697
INFO:cooler._balance:variance is 0.002640128715970859
INFO:cooler._balance:variance is 0.0015559755088484818
INFO:cooler._balance:variance is 0.0009225538599769932
INFO:cooler._balance:variance is 0.0005499423839238429
INFO:cooler._balance:variance is 0.00032927593082498536
INFO:cooler._balance:variance is 0.00019790651566833
INFO:cooler._balance:variance is 0.00011932071492378706
INFO:cooler._balance:variance is 7.213042683265084e-05
INFO:cooler._balance:variance is 4.369737765934295e-05
INFO:cooler._balance:variance is 2.6519905738531297e-05
INFO:cooler._balance:variance is 1.611838022490797e-05
INFO:cooler._balance:variance is 9.808316053244224e-06
INFO:cooler._balance:chr15
INFO:cooler._balance:variance is 12145.980108073421
INFO:cooler._balance:variance is 1556.513894759916
INFO:cooler._balance:variance is 468.95606061841573
INFO:cooler._balance:variance is 229.80339601738143
INFO:cooler._balance:variance is 94.13977234808014
INFO:cooler._balance:variance is 49.238545335714335
INFO:cooler._balance:variance is 22.659930984146737
INFO:cooler._balance:variance is 12.068881334037265
INFO:cooler._balance:variance is 5.970593254029762
INFO:cooler._balance:variance is 3.209054601877452
INFO:cooler._balance:variance is 1.6596861217245562
INFO:cooler._balance:variance is 0.8977583881652894
INFO:cooler._balance:variance is 0.4766270084191122
INFO:cooler._balance:variance is 0.2590920103992658
INFO:cooler._balance:variance is 0.13964425649262688
INFO:cooler._balance:variance is 0.07619738482286874
INFO:cooler._balance:variance is 0.04142689845799143
INFO:cooler._balance:variance is 0.022668910116724374
INFO:cooler._balance:variance is 0.012387648990158404
INFO:cooler._balance:variance is 0.006792820809700421
INFO:cooler._balance:variance is 0.003723534917504505
INFO:cooler._balance:variance is 0.0020450074304595254
INFO:cooler._balance:variance is 0.0011232005734925935
INFO:cooler._balance:variance is 0.0006175987298341006
INFO:cooler._balance:variance is 0.000339659109109845
INFO:cooler._balance:variance is 0.0001869313108971766
INFO:cooler._balance:variance is 0.00010290216334257811
INFO:cooler._balance:variance is 5.6671828993424986e-05
INFO:cooler._balance:variance is 3.1218346678558106e-05
INFO:cooler._balance:variance is 1.7202605362632498e-05
INFO:cooler._balance:variance is 9.481302458807707e-06
INFO:cooler._balance:chr16
INFO:cooler._balance:variance is 12599.811001722795
INFO:cooler._balance:variance is 2722.635059043696
INFO:cooler._balance:variance is 940.9997786075113
INFO:cooler._balance:variance is 470.37550744298284
INFO:cooler._balance:variance is 218.37819921798481
INFO:cooler._balance:variance is 115.64577160757223
INFO:cooler._balance:variance is 58.776087345068035
INFO:cooler._balance:variance is 32.244026449195005
INFO:cooler._balance:variance is 17.297807363860205
INFO:cooler._balance:variance is 9.824427221307484
INFO:cooler._balance:variance is 5.533733873397481
INFO:cooler._balance:variance is 3.269866071436365
INFO:cooler._balance:variance is 1.9352433433912173
INFO:cooler._balance:variance is 1.192879910956435
INFO:cooler._balance:variance is 0.7403565534647938
INFO:cooler._balance:variance is 0.474702219956207
INFO:cooler._balance:variance is 0.3068076492118257
INFO:cooler._balance:variance is 0.20310509787294442
INFO:cooler._balance:variance is 0.13534866329280476
INFO:cooler._balance:variance is 0.09168303494739188
INFO:cooler._balance:variance is 0.06238990545810855
INFO:cooler._balance:variance is 0.04290679423357103
INFO:cooler._balance:variance is 0.029591071048893556
INFO:cooler._balance:variance is 0.020542912945032587
INFO:cooler._balance:variance is 0.014284110634692333
INFO:cooler._balance:variance is 0.009972609853648756
INFO:cooler._balance:variance is 0.0069682791511127195
INFO:cooler._balance:variance is 0.00488117245442381
INFO:cooler._balance:variance is 0.00342055052858621
INFO:cooler._balance:variance is 0.002400675876410254
INFO:cooler._balance:variance is 0.0016851680630583198
INFO:cooler._balance:variance is 0.0011840378773003914
INFO:cooler._balance:variance is 0.0008319725708125276
INFO:cooler._balance:variance is 0.000584939294316108
INFO:cooler._balance:variance is 0.00041125372607145897
INFO:cooler._balance:variance is 0.0002892493690710027
INFO:cooler._balance:variance is 0.0002034336506583512
INFO:cooler._balance:variance is 0.00014311257905373924
INFO:cooler._balance:variance is 0.00010067421132723575
INFO:cooler._balance:variance is 7.083148564023983e-05
INFO:cooler._balance:variance is 4.983342036079081e-05
INFO:cooler._balance:variance is 3.506382347373162e-05
INFO:cooler._balance:variance is 2.4670963385911443e-05
INFO:cooler._balance:variance is 1.735969616860347e-05
INFO:cooler._balance:variance is 1.2214865028751559e-05
INFO:cooler._balance:variance is 8.595173196245707e-06
INFO:cooler._balance:chr17
INFO:cooler._balance:variance is 15200.048982961265
INFO:cooler._balance:variance is 5680.211291878633
INFO:cooler._balance:variance is 2596.2106168814507
INFO:cooler._balance:variance is 1819.194954894309
INFO:cooler._balance:variance is 996.6083801985643
INFO:cooler._balance:variance is 675.820900792995
INFO:cooler._balance:variance is 398.4640438377515
INFO:cooler._balance:variance is 264.05646894698765
INFO:cooler._balance:variance is 161.79387603931283
INFO:cooler._balance:variance is 105.80205769425967
INFO:cooler._balance:variance is 66.19200017376005
INFO:cooler._balance:variance is 42.962247819711656
INFO:cooler._balance:variance is 27.187351093694986
INFO:cooler._balance:variance is 17.57160216241936
INFO:cooler._balance:variance is 11.190799372782122
INFO:cooler._balance:variance is 7.215299992347948
INFO:cooler._balance:variance is 4.611835919458145
INFO:cooler._balance:variance is 2.969317070673032
INFO:cooler._balance:variance is 1.901869188595627
INFO:cooler._balance:variance is 1.2234981127825388
INFO:cooler._balance:variance is 0.7846159363325323
INFO:cooler._balance:variance is 0.5045036887320504
INFO:cooler._balance:variance is 0.3237672933058708
INFO:cooler._balance:variance is 0.20811796920330974
INFO:cooler._balance:variance is 0.13361884547391684
INFO:cooler._balance:variance is 0.08587449618550969
INFO:cooler._balance:variance is 0.055149005967506215
INFO:cooler._balance:variance is 0.03543925120017234
INFO:cooler._balance:variance is 0.022762968427865397
INFO:cooler._balance:variance is 0.01462664519105938
INFO:cooler._balance:variance is 0.009395782785143808
INFO:cooler._balance:variance is 0.006037112644677795
INFO:cooler._balance:variance is 0.0038783309403891586
INFO:cooler._balance:variance is 0.002491889736924636
INFO:cooler._balance:variance is 0.00160089015486015
INFO:cooler._balance:variance is 0.0010285789531038825
INFO:cooler._balance:variance is 0.0006608168643532336
INFO:cooler._balance:variance is 0.0004245728336577056
INFO:cooler._balance:variance is 0.0002727736936155685
INFO:cooler._balance:variance is 0.000175254976155265
INFO:cooler._balance:variance is 0.00011259651315466068
INFO:cooler._balance:variance is 7.234204054411182e-05
INFO:cooler._balance:variance is 4.647806788344864e-05
INFO:cooler._balance:variance is 2.9861564278492074e-05
INFO:cooler._balance:variance is 1.918543268143163e-05
INFO:cooler._balance:variance is 1.23263709580521e-05
INFO:cooler._balance:variance is 7.919456535582662e-06
INFO:cooler._balance:chr18
INFO:cooler._balance:variance is 12509.680556979543
INFO:cooler._balance:variance is 1973.31085572049
INFO:cooler._balance:variance is 648.9549036058437
INFO:cooler._balance:variance is 259.7961453243717
INFO:cooler._balance:variance is 101.63396233070117
INFO:cooler._balance:variance is 42.58378648567262
INFO:cooler._balance:variance is 17.615804767810225
INFO:cooler._balance:variance is 7.509065392006103
INFO:cooler._balance:variance is 3.181141729299972
INFO:cooler._balance:variance is 1.3662575306800346
INFO:cooler._balance:variance is 0.5852882750166968
INFO:cooler._balance:variance is 0.25234635013481566
INFO:cooler._balance:variance is 0.10870705514089356
INFO:cooler._balance:variance is 0.04697490771616252
INFO:cooler._balance:variance is 0.020296272120709825
INFO:cooler._balance:variance is 0.00878301422832742
INFO:cooler._balance:variance is 0.0038011976906510685
INFO:cooler._balance:variance is 0.0016464714526469178
INFO:cooler._balance:variance is 0.0007132833178547214
INFO:cooler._balance:variance is 0.0003091494297678572
INFO:cooler._balance:variance is 0.0001340120074379211
INFO:cooler._balance:variance is 5.810795664706309e-05
INFO:cooler._balance:variance is 2.519898836079418e-05
INFO:cooler._balance:variance is 1.0929560183972275e-05
INFO:cooler._balance:variance is 4.740940987529885e-06
INFO:cooler._balance:chr20
INFO:cooler._balance:variance is 12066.746953874694
INFO:cooler._balance:variance is 2214.302929820797
INFO:cooler._balance:variance is 837.2890286509877
INFO:cooler._balance:variance is 381.8567637801944
INFO:cooler._balance:variance is 186.6714339515187
INFO:cooler._balance:variance is 96.70495712478707
INFO:cooler._balance:variance is 52.302446817282856
INFO:cooler._balance:variance is 29.347982894679593
INFO:cooler._balance:variance is 16.96953659999975
INFO:cooler._balance:variance is 10.094090761312643
INFO:cooler._balance:variance is 6.139568047163102
INFO:cooler._balance:variance is 3.8107086314845793
INFO:cooler._balance:variance is 2.4026804983624865
INFO:cooler._balance:variance is 1.5344245621882464
INFO:cooler._balance:variance is 0.9900912427369447
INFO:cooler._balance:variance is 0.6435226691544017
INFO:cooler._balance:variance is 0.42096925125636075
INFO:cooler._balance:variance is 0.2764321989621922
INFO:cooler._balance:variance is 0.18223395332249748
INFO:cooler._balance:variance is 0.12035761036624719
INFO:cooler._balance:variance is 0.07967904566900676
INFO:cooler._balance:variance is 0.052792913771356066
INFO:cooler._balance:variance is 0.03502886470354241
INFO:cooler._balance:variance is 0.023249840630162437
INFO:cooler._balance:variance is 0.015445042182872334
INFO:cooler._balance:variance is 0.01026127753760833
INFO:cooler._balance:variance is 0.006820919514374334
INFO:cooler._balance:variance is 0.004534039952177781
INFO:cooler._balance:variance is 0.0030148720284496754
INFO:cooler._balance:variance is 0.002004648941321492
INFO:cooler._balance:variance is 0.0013332003390883653
INFO:cooler._balance:variance is 0.0008866156118172438
INFO:cooler._balance:variance is 0.0005896987435935253
INFO:cooler._balance:variance is 0.00039220177492969464
INFO:cooler._balance:variance is 0.0002608696302683833
INFO:cooler._balance:variance is 0.00017351021384126356
INFO:cooler._balance:variance is 0.00011541136023801032
INFO:cooler._balance:variance is 7.676489512136626e-05
INFO:cooler._balance:variance is 5.1061177306339124e-05
INFO:cooler._balance:variance is 3.396347553718493e-05
INFO:cooler._balance:variance is 2.2591364905414107e-05
INFO:cooler._balance:variance is 1.5026849396281427e-05
INFO:cooler._balance:variance is 9.995378437792046e-06
INFO:cooler._balance:chrY
INFO:cooler._balance:variance is 12207.146103352814
INFO:cooler._balance:variance is 23085.46362157115
INFO:cooler._balance:variance is 22263.419174724557
INFO:cooler._balance:variance is 36632.04592751069
INFO:cooler._balance:variance is 26751.167127604742
INFO:cooler._balance:variance is 36130.78486803269
INFO:cooler._balance:variance is 23512.129321920762
INFO:cooler._balance:variance is 27355.43393138364
INFO:cooler._balance:variance is 17406.7376950556
INFO:cooler._balance:variance is 18097.690236294944
INFO:cooler._balance:variance is 11692.914336724181
INFO:cooler._balance:variance is 11180.383493324296
INFO:cooler._balance:variance is 7423.720536316756
INFO:cooler._balance:variance is 6673.832303799282
INFO:cooler._balance:variance is 4558.232589931765
INFO:cooler._balance:variance is 3917.6108193073596
INFO:cooler._balance:variance is 2743.0057279284147
INFO:cooler._balance:variance is 2281.9514812313932
INFO:cooler._balance:variance is 1630.5254537837945
INFO:cooler._balance:variance is 1324.942716524226
INFO:cooler._balance:variance is 961.9343997639605
INFO:cooler._balance:variance is 768.50893559714
INFO:cooler._balance:variance is 564.8309970453304
INFO:cooler._balance:variance is 445.75718174989214
INFO:cooler._balance:variance is 330.67560996885476
INFO:cooler._balance:variance is 258.65530837177465
INFO:cooler._balance:variance is 193.22402553709432
INFO:cooler._balance:variance is 150.16489165320468
INFO:cooler._balance:variance is 112.76754932056684
INFO:cooler._balance:variance is 87.2234399008549
INFO:cooler._balance:variance is 65.75862059902006
INFO:cooler._balance:variance is 50.68595666587848
INFO:cooler._balance:variance is 38.32502392779406
INFO:cooler._balance:variance is 29.464432048808813
INFO:cooler._balance:variance is 22.32791877979442
INFO:cooler._balance:variance is 17.13296914469897
INFO:cooler._balance:variance is 13.004673870353729
INFO:cooler._balance:variance is 9.964693920250532
INFO:cooler._balance:variance is 7.573022212364336
INFO:cooler._balance:variance is 5.796552159664269
INFO:cooler._balance:variance is 4.409407253327454
INFO:cooler._balance:variance is 3.372347580886332
INFO:cooler._balance:variance is 2.5671321008402606
INFO:cooler._balance:variance is 1.9621761950225807
INFO:cooler._balance:variance is 1.4944605666522819
INFO:cooler._balance:variance is 1.1417637636773186
INFO:cooler._balance:variance is 0.8699554637155262
INFO:cooler._balance:variance is 0.6644144877039223
INFO:cooler._balance:variance is 0.5063977855451575
INFO:cooler._balance:variance is 0.38665218175283916
INFO:cooler._balance:variance is 0.29476312463308846
INFO:cooler._balance:variance is 0.22501724490697697
INFO:cooler._balance:variance is 0.17157117657361437
INFO:cooler._balance:variance is 0.1309548740439816
INFO:cooler._balance:variance is 0.09986372700023183
INFO:cooler._balance:variance is 0.07621412512686516
INFO:cooler._balance:variance is 0.05812531440583523
INFO:cooler._balance:variance is 0.04435629455197096
INFO:cooler._balance:variance is 0.03383127456914374
INFO:cooler._balance:variance is 0.025815442324290474
INFO:cooler._balance:variance is 0.019691008803964613
INFO:cooler._balance:variance is 0.01502475156115679
INFO:cooler._balance:variance is 0.011460800268499327
INFO:cooler._balance:variance is 0.008744552964196715
INFO:cooler._balance:variance is 0.006670523380105848
INFO:cooler._balance:variance is 0.005089438624562389
INFO:cooler._balance:variance is 0.0038824273599844363
INFO:cooler._balance:variance is 0.0029621267066004086
INFO:cooler._balance:variance is 0.002259672965144807
INFO:cooler._balance:variance is 0.0017240049366364237
INFO:cooler._balance:variance is 0.0013151852809841515
INFO:cooler._balance:variance is 0.001003400308357748
INFO:cooler._balance:variance is 0.0007654689882150073
INFO:cooler._balance:variance is 0.0005839969805721744
INFO:cooler._balance:variance is 0.00044552054302852696
INFO:cooler._balance:variance is 0.0003398971038744475
INFO:cooler._balance:variance is 0.00025930295413962803
INFO:cooler._balance:variance is 0.00019782660576613887
INFO:cooler._balance:variance is 0.0001509200312523858
INFO:cooler._balance:variance is 0.00011513893778890462
INFO:cooler._balance:variance is 8.783873497102133e-05
INFO:cooler._balance:variance is 6.701313771748568e-05
INFO:cooler._balance:variance is 5.112402969020712e-05
INFO:cooler._balance:variance is 3.900298551386713e-05
INFO:cooler._balance:variance is 2.9755273494998928e-05
INFO:cooler._balance:variance is 2.2700523628384355e-05
INFO:cooler._balance:variance is 1.7318198339521736e-05
INFO:cooler._balance:variance is 1.3212165144221091e-05
INFO:cooler._balance:variance is 1.0079555753771175e-05
INFO:cooler._balance:variance is 7.689749352462487e-06
INFO:cooler._balance:chr19
INFO:cooler._balance:variance is 29599.139826641484
INFO:cooler._balance:variance is 12998.809916118065
INFO:cooler._balance:variance is 5190.155084305562
INFO:cooler._balance:variance is 3417.6788709363846
INFO:cooler._balance:variance is 1569.3201570918543
INFO:cooler._balance:variance is 1013.9475273849623
INFO:cooler._balance:variance is 517.2550261624037
INFO:cooler._balance:variance is 326.7380866528227
INFO:cooler._balance:variance is 179.04463408067932
INFO:cooler._balance:variance is 111.35126451139315
INFO:cooler._balance:variance is 63.796325695147566
INFO:cooler._balance:variance is 39.32161861543473
INFO:cooler._balance:variance is 23.133409782812794
INFO:cooler._balance:variance is 14.190933383548277
INFO:cooler._balance:variance is 8.478706606435956
INFO:cooler._balance:variance is 5.188609993093863
INFO:cooler._balance:variance is 3.1279190371529366
INFO:cooler._balance:variance is 1.9118349623648208
INFO:cooler._balance:variance is 1.1585241469373
INFO:cooler._balance:variance is 0.7076764427145545
INFO:cooler._balance:variance is 0.43012720783235764
INFO:cooler._balance:variance is 0.26265787738377905
INFO:cooler._balance:variance is 0.15992484725008882
INFO:cooler._balance:variance is 0.09764219278962452
INFO:cooler._balance:variance is 0.05951287656658862
INFO:cooler._balance:variance is 0.03633231962728811
INFO:cooler._balance:variance is 0.02215800289995576
INFO:cooler._balance:variance is 0.01352665439996029
INFO:cooler._balance:variance is 0.008252475251253727
INFO:cooler._balance:variance is 0.005037682702525822
INFO:cooler._balance:variance is 0.0030740968928849944
INFO:cooler._balance:variance is 0.001876532623614196
INFO:cooler._balance:variance is 0.0011452445561887464
INFO:cooler._balance:variance is 0.0006990879660840209
INFO:cooler._balance:variance is 0.00042668466280202353
INFO:cooler._balance:variance is 0.00026045786763111134
INFO:cooler._balance:variance is 0.0001589763420035128
INFO:cooler._balance:variance is 9.704226917686089e-05
INFO:cooler._balance:variance is 5.9233561519748634e-05
INFO:cooler._balance:variance is 3.6157217565649896e-05
INFO:cooler._balance:variance is 2.2070340984373733e-05
INFO:cooler._balance:variance is 1.3472102255457905e-05
INFO:cooler._balance:variance is 8.223443311134874e-06
INFO:cooler._balance:chr22
INFO:cooler._balance:variance is 14028.411745367
INFO:cooler._balance:variance is 12379.471862549392
INFO:cooler._balance:variance is 2344.943661456563
INFO:cooler._balance:variance is 2315.1986143777435
INFO:cooler._balance:variance is 841.2788537018541
INFO:cooler._balance:variance is 693.1047339977613
INFO:cooler._balance:variance is 332.53107323377367
INFO:cooler._balance:variance is 251.72671171916554
INFO:cooler._balance:variance is 138.6794717134866
INFO:cooler._balance:variance is 100.15904916734384
INFO:cooler._balance:variance is 59.56104405823481
INFO:cooler._balance:variance is 41.766443935541204
INFO:cooler._balance:variance is 25.975505612798376
INFO:cooler._balance:variance is 17.869413367053703
INFO:cooler._balance:variance is 11.418187905460698
INFO:cooler._balance:variance is 7.7593794038222725
INFO:cooler._balance:variance is 5.040969778067304
INFO:cooler._balance:variance is 3.39984451731138
INFO:cooler._balance:variance is 2.23155480228664
INFO:cooler._balance:variance is 1.4983249675389239
INFO:cooler._balance:variance is 0.9898149702507367
INFO:cooler._balance:variance is 0.6629164117300628
INFO:cooler._balance:variance is 0.43973715876985253
INFO:cooler._balance:variance is 0.2941240747545867
INFO:cooler._balance:variance is 0.19562771764370787
INFO:cooler._balance:variance is 0.13077214211016813
INFO:cooler._balance:variance is 0.08713580046059229
INFO:cooler._balance:variance is 0.05823855109369924
INFO:cooler._balance:variance is 0.03885377383166058
INFO:cooler._balance:variance is 0.025970250070202795
INFO:cooler._balance:variance is 0.017341507639103974
INFO:cooler._balance:variance is 0.011593367619052022
INFO:cooler._balance:variance is 0.0077465515536936725
INFO:cooler._balance:variance is 0.005180040141761791
INFO:cooler._balance:variance is 0.0034630026842390844
INFO:cooler._balance:variance is 0.0023162493497519898
INFO:cooler._balance:variance is 0.0015490991476260353
INFO:cooler._balance:variance is 0.0010363738520898819
INFO:cooler._balance:variance is 0.0006933474566308335
INFO:cooler._balance:variance is 0.0004639652486591548
INFO:cooler._balance:variance is 0.0003104812808233524
INFO:cooler._balance:variance is 0.0002078059129150699
INFO:cooler._balance:variance is 0.00013909260052264222
INFO:cooler._balance:variance is 9.31117882381803e-05
INFO:cooler._balance:variance is 6.233495276347788e-05
INFO:cooler._balance:variance is 4.1735052175476084e-05
INFO:cooler._balance:variance is 2.7944500940815015e-05
INFO:cooler._balance:variance is 1.87122319266322e-05
INFO:cooler._balance:variance is 1.2530811196469047e-05
INFO:cooler._balance:variance is 8.391902035179207e-06
INFO:cooler._balance:chr21
INFO:cooler._balance:variance is 13099.257587968814
INFO:cooler._balance:variance is 4649.46784432656
INFO:cooler._balance:variance is 1664.6026492988435
INFO:cooler._balance:variance is 881.9417546769772
INFO:cooler._balance:variance is 402.58981276736796
INFO:cooler._balance:variance is 230.48517520155872
INFO:cooler._balance:variance is 127.71060038852184
INFO:cooler._balance:variance is 82.94204918927983
INFO:cooler._balance:variance is 54.33066594495361
INFO:cooler._balance:variance is 39.54904524450385
INFO:cooler._balance:variance is 28.86441685413637
INFO:cooler._balance:variance is 22.449524874184625
INFO:cooler._balance:variance is 17.278295354411455
INFO:cooler._balance:variance is 13.836462777858555
INFO:cooler._balance:variance is 10.898567520867793
INFO:cooler._balance:variance is 8.824440306111853
INFO:cooler._balance:variance is 7.02216802296498
INFO:cooler._balance:variance is 5.7060977415122665
INFO:cooler._balance:variance is 4.563450010592382
INFO:cooler._balance:variance is 3.710801042361894
INFO:cooler._balance:variance is 2.976088758686763
INFO:cooler._balance:variance is 2.4192239156264996
INFO:cooler._balance:variance is 1.943776448587488
INFO:cooler._balance:variance is 1.5790311234055445
INFO:cooler._balance:variance is 1.2703616476028963
INFO:cooler._balance:variance is 1.0312489358816748
INFO:cooler._balance:variance is 0.830482652870743
INFO:cooler._balance:variance is 0.673721218990255
INFO:cooler._balance:variance is 0.5429816086903367
INFO:cooler._balance:variance is 0.4402345342919468
INFO:cooler._balance:variance is 0.3550247561732801
INFO:cooler._balance:variance is 0.28770320239791797
INFO:cooler._balance:variance is 0.23213261914953537
INFO:cooler._balance:variance is 0.18803742420156142
INFO:cooler._balance:variance is 0.15177875484300288
INFO:cooler._balance:variance is 0.12290565381762995
INFO:cooler._balance:variance is 0.09923852629563994
INFO:cooler._balance:variance is 0.08033782893940677
INFO:cooler._balance:variance is 0.06488484785191782
INFO:cooler._balance:variance is 0.05251506541632471
INFO:cooler._balance:variance is 0.042422867819955204
INFO:cooler._balance:variance is 0.0343288831667685
INFO:cooler._balance:variance is 0.027736458802672632
INFO:cooler._balance:variance is 0.022441128477929034
INFO:cooler._balance:variance is 0.01813413836008924
INFO:cooler._balance:variance is 0.014670230562397728
INFO:cooler._balance:variance is 0.011856007310829008
INFO:cooler._balance:variance is 0.009590359157890601
INFO:cooler._balance:variance is 0.007751330856058825
INFO:cooler._balance:variance is 0.006269563381550314
INFO:cooler._balance:variance is 0.005067700852403074
INFO:cooler._balance:variance is 0.004098673163080221
INFO:cooler._balance:variance is 0.0033131650268237245
INFO:cooler._balance:variance is 0.0026794898592824605
INFO:cooler._balance:variance is 0.002166072638700029
INFO:cooler._balance:variance is 0.0017517140507836233
INFO:cooler._balance:variance is 0.0014161237091738833
INFO:cooler._balance:variance is 0.0011451862432783851
INFO:cooler._balance:variance is 0.0009258228990190196
INFO:cooler._balance:variance is 0.0007486700923112206
INFO:cooler._balance:variance is 0.0006052759995295071
INFO:cooler._balance:variance is 0.0004894473855011041
INFO:cooler._balance:variance is 0.00039571090437030447
INFO:cooler._balance:variance is 0.00031997973849814607
INFO:cooler._balance:variance is 0.0002587031944087885
INFO:cooler._balance:variance is 0.00020918941224042824
INFO:cooler._balance:variance is 0.00016913166364834737
INFO:cooler._balance:variance is 0.00013675950736192179
INFO:cooler._balance:variance is 0.00011057260133771699
INFO:cooler._balance:variance is 8.940788988792646e-05
INFO:cooler._balance:variance is 7.228858239840202e-05
INFO:cooler._balance:variance is 5.845135152554954e-05
INFO:cooler._balance:variance is 4.725976356983496e-05
INFO:cooler._balance:variance is 3.821321590677517e-05
INFO:cooler._balance:variance is 3.0896771533687324e-05
INFO:cooler._balance:variance is 2.4982326256396925e-05
INFO:cooler._balance:variance is 2.019921220601459e-05
INFO:cooler._balance:variance is 1.6332488865229323e-05
INFO:cooler._balance:variance is 1.3205522164436394e-05
INFO:cooler._balance:variance is 1.06775603154908e-05
INFO:cooler._balance:variance is 8.633294911025642e-06
INFO:cooler._balance:chrM
