INFO:cooler.cli.balance:Balancing "analysis_other/porec/T2T09/cooler/T2T09_40000_balanced.cool"
INFO:cooler._balance:chr1
INFO:cooler._balance:variance is 6407296.062235744
INFO:cooler._balance:variance is 279693.3826839655
INFO:cooler._balance:variance is 46708.226705572655
INFO:cooler._balance:variance is 11252.333927891685
INFO:cooler._balance:variance is 3077.7931884653267
INFO:cooler._balance:variance is 902.6322084502939
INFO:cooler._balance:variance is 270.67087416780424
INFO:cooler._balance:variance is 82.18449267504164
INFO:cooler._balance:variance is 25.036183763322533
INFO:cooler._balance:variance is 7.645668467692115
INFO:cooler._balance:variance is 2.335980645694168
INFO:cooler._balance:variance is 0.7141158519601775
INFO:cooler._balance:variance is 0.2183233717686581
INFO:cooler._balance:variance is 0.06675704982477387
INFO:cooler._balance:variance is 0.020412708859956916
INFO:cooler._balance:variance is 0.006241996869061593
INFO:cooler._balance:variance is 0.001908747663198253
INFO:cooler._balance:variance is 0.0005836865153872445
INFO:cooler._balance:variance is 0.0001784890745788211
INFO:cooler._balance:variance is 5.458152397108963e-05
INFO:cooler._balance:variance is 1.6690910781124904e-05
INFO:cooler._balance:variance is 5.104052182446115e-06
INFO:cooler._balance:chr2
INFO:cooler._balance:variance is 10287071.01958852
INFO:cooler._balance:variance is 1106058.5432378978
INFO:cooler._balance:variance is 165664.08703396466
INFO:cooler._balance:variance is 27018.957032621598
INFO:cooler._balance:variance is 4429.4450729437185
INFO:cooler._balance:variance is 751.4647804219775
INFO:cooler._balance:variance is 130.97443477396519
INFO:cooler._balance:variance is 23.601265486949433
INFO:cooler._balance:variance is 4.393928329604448
INFO:cooler._balance:variance is 0.8444196857644557
INFO:cooler._balance:variance is 0.16697060656979604
INFO:cooler._balance:variance is 0.033828737908633354
INFO:cooler._balance:variance is 0.006990526322651788
INFO:cooler._balance:variance is 0.0014669999279851437
INFO:cooler._balance:variance is 0.0003114717120880619
INFO:cooler._balance:variance is 6.67040521551784e-05
INFO:cooler._balance:variance is 1.4374929730688628e-05
INFO:cooler._balance:variance is 3.1117807724414517e-06
INFO:cooler._balance:chr3
INFO:cooler._balance:variance is 7564482.169529985
INFO:cooler._balance:variance is 1181664.5158936202
INFO:cooler._balance:variance is 205021.58932757712
INFO:cooler._balance:variance is 45151.580831268504
INFO:cooler._balance:variance is 9241.625800886897
INFO:cooler._balance:variance is 2007.965968961156
INFO:cooler._balance:variance is 432.12247854001953
INFO:cooler._balance:variance is 94.84904462233114
INFO:cooler._balance:variance is 20.914280802885173
INFO:cooler._balance:variance is 4.658267516715772
INFO:cooler._balance:variance is 1.0441176429621624
INFO:cooler._balance:variance is 0.23562413753248196
INFO:cooler._balance:variance is 0.05346108617378165
INFO:cooler._balance:variance is 0.012189680679698259
INFO:cooler._balance:variance is 0.0027908436043662223
INFO:cooler._balance:variance is 0.0006412421762544144
INFO:cooler._balance:variance is 0.0001477762672915968
INFO:cooler._balance:variance is 3.414135827645521e-05
INFO:cooler._balance:variance is 7.904412769567633e-06
INFO:cooler._balance:chr4
INFO:cooler._balance:variance is 10426251.208998868
INFO:cooler._balance:variance is 1244797.0273549238
INFO:cooler._balance:variance is 205741.2871130101
INFO:cooler._balance:variance is 42516.865011914255
INFO:cooler._balance:variance is 9101.176676513398
INFO:cooler._balance:variance is 2054.381480965128
INFO:cooler._balance:variance is 469.69198221324706
INFO:cooler._balance:variance is 108.97074559841522
INFO:cooler._balance:variance is 25.40711941509229
INFO:cooler._balance:variance is 5.95153447800367
INFO:cooler._balance:variance is 1.3969916500440962
INFO:cooler._balance:variance is 0.3284614301399404
INFO:cooler._balance:variance is 0.07729536926574614
INFO:cooler._balance:variance is 0.018201305221905897
INFO:cooler._balance:variance is 0.004287585528725821
INFO:cooler._balance:variance is 0.0010102658675148726
INFO:cooler._balance:variance is 0.00023808225687695845
INFO:cooler._balance:variance is 5.611315371167747e-05
INFO:cooler._balance:variance is 1.3226084984218915e-05
INFO:cooler._balance:variance is 3.1175769528850256e-06
INFO:cooler._balance:chr5
INFO:cooler._balance:variance is 11678909.105084114
INFO:cooler._balance:variance is 973318.8961450517
INFO:cooler._balance:variance is 113682.7275046462
INFO:cooler._balance:variance is 14486.767603249138
INFO:cooler._balance:variance is 1843.7392450974496
INFO:cooler._balance:variance is 239.01790988974955
INFO:cooler._balance:variance is 31.248908772051745
INFO:cooler._balance:variance is 4.133959262345597
INFO:cooler._balance:variance is 0.5531803938953379
INFO:cooler._balance:variance is 0.0749923459181781
INFO:cooler._balance:variance is 0.010314137030717646
INFO:cooler._balance:variance is 0.0014421944086698804
INFO:cooler._balance:variance is 0.00020554639244311197
INFO:cooler._balance:variance is 2.9955296966240166e-05
INFO:cooler._balance:variance is 4.480152950280191e-06
INFO:cooler._balance:chr6
INFO:cooler._balance:variance is 39091520.63619754
INFO:cooler._balance:variance is 1898815.3952782582
INFO:cooler._balance:variance is 503431.9844905362
INFO:cooler._balance:variance is 171646.73387522498
INFO:cooler._balance:variance is 51438.35064178907
INFO:cooler._balance:variance is 16638.147129306708
INFO:cooler._balance:variance is 5157.124461333264
INFO:cooler._balance:variance is 1637.5672569583157
INFO:cooler._balance:variance is 512.9852366619941
INFO:cooler._balance:variance is 161.9287593826825
INFO:cooler._balance:variance is 50.89600021428205
INFO:cooler._balance:variance is 16.03571412619081
INFO:cooler._balance:variance is 5.045528176111152
INFO:cooler._balance:variance is 1.5887451985032348
INFO:cooler._balance:variance is 0.500054269045544
INFO:cooler._balance:variance is 0.15742863979764135
INFO:cooler._balance:variance is 0.04955553511340889
INFO:cooler._balance:variance is 0.015600311042419815
INFO:cooler._balance:variance is 0.0049108427406122646
INFO:cooler._balance:variance is 0.0015459273483234657
INFO:cooler._balance:variance is 0.00048664959513977917
INFO:cooler._balance:variance is 0.00015319581116104658
INFO:cooler._balance:variance is 4.82253734294068e-05
INFO:cooler._balance:variance is 1.5181172929414062e-05
INFO:cooler._balance:variance is 4.778971975235836e-06
INFO:cooler._balance:chr7
INFO:cooler._balance:variance is 7908138.8361010775
INFO:cooler._balance:variance is 990926.0736264597
INFO:cooler._balance:variance is 173818.1569662661
INFO:cooler._balance:variance is 34965.927937652596
INFO:cooler._balance:variance is 6766.376113186666
INFO:cooler._balance:variance is 1343.936396206646
INFO:cooler._balance:variance is 264.5502267943963
INFO:cooler._balance:variance is 52.35779610567297
INFO:cooler._balance:variance is 10.343908773020148
INFO:cooler._balance:variance is 2.0459444152932287
INFO:cooler._balance:variance is 0.40455303546400895
INFO:cooler._balance:variance is 0.08001756320884455
INFO:cooler._balance:variance is 0.015826901735709605
INFO:cooler._balance:variance is 0.0031308255096340115
INFO:cooler._balance:variance is 0.0006193692406607923
INFO:cooler._balance:variance is 0.0001225405277684962
INFO:cooler._balance:variance is 2.4246315149342926e-05
INFO:cooler._balance:variance is 4.797903664859746e-06
INFO:cooler._balance:chrX
INFO:cooler._balance:variance is 2093108.6919539284
INFO:cooler._balance:variance is 218547.60603800367
INFO:cooler._balance:variance is 36474.324092529925
INFO:cooler._balance:variance is 6865.6762686945685
INFO:cooler._balance:variance is 1350.3754173564996
INFO:cooler._balance:variance is 292.2478484212034
INFO:cooler._balance:variance is 69.18157537061975
INFO:cooler._balance:variance is 17.98591044937688
INFO:cooler._balance:variance is 5.036761727106745
INFO:cooler._balance:variance is 1.4894719329009443
INFO:cooler._balance:variance is 0.4563044398173808
INFO:cooler._balance:variance is 0.14287278681808582
INFO:cooler._balance:variance is 0.04531988953314968
INFO:cooler._balance:variance is 0.014485406985428844
INFO:cooler._balance:variance is 0.004650635333739955
INFO:cooler._balance:variance is 0.0014970099323884122
INFO:cooler._balance:variance is 0.00048262342721878395
INFO:cooler._balance:variance is 0.0001557358128428469
INFO:cooler._balance:variance is 5.0281446776658904e-05
INFO:cooler._balance:variance is 1.6239419990330055e-05
INFO:cooler._balance:variance is 5.2459136252524105e-06
INFO:cooler._balance:chr9
INFO:cooler._balance:variance is 5155657.16249997
INFO:cooler._balance:variance is 460348.82055531826
INFO:cooler._balance:variance is 92150.90839059044
INFO:cooler._balance:variance is 26118.479098118838
INFO:cooler._balance:variance is 8099.854148136377
INFO:cooler._balance:variance is 2769.584308183945
INFO:cooler._balance:variance is 978.1054158673142
INFO:cooler._balance:variance is 363.4446073400542
INFO:cooler._balance:variance is 137.5301318192039
INFO:cooler._balance:variance is 53.312466521076146
INFO:cooler._balance:variance is 20.85153091481582
INFO:cooler._balance:variance is 8.240352087528397
INFO:cooler._balance:variance is 3.269382469958556
INFO:cooler._balance:variance is 1.3026521328880596
INFO:cooler._balance:variance is 0.5198860871991613
INFO:cooler._balance:variance is 0.20783972666305361
INFO:cooler._balance:variance is 0.08314608489503073
INFO:cooler._balance:variance is 0.03328516844606177
INFO:cooler._balance:variance is 0.01332839699516082
INFO:cooler._balance:variance is 0.00533854539014037
INFO:cooler._balance:variance is 0.0021385301827888713
INFO:cooler._balance:variance is 0.0008567513458484665
INFO:cooler._balance:variance is 0.0003432520773990141
INFO:cooler._balance:variance is 0.0001375277301711119
INFO:cooler._balance:variance is 5.510296262553829e-05
INFO:cooler._balance:variance is 2.2078374178483924e-05
INFO:cooler._balance:variance is 8.846311952583522e-06
INFO:cooler._balance:chr8
INFO:cooler._balance:variance is 7943888.745911873
INFO:cooler._balance:variance is 648228.0691081573
INFO:cooler._balance:variance is 89971.31002271324
INFO:cooler._balance:variance is 13736.48447762156
INFO:cooler._balance:variance is 2118.578519881204
INFO:cooler._balance:variance is 332.37831436310836
INFO:cooler._balance:variance is 52.359495262936065
INFO:cooler._balance:variance is 8.286403627473447
INFO:cooler._balance:variance is 1.3144867521623536
INFO:cooler._balance:variance is 0.20901878329711152
INFO:cooler._balance:variance is 0.03330837278803976
INFO:cooler._balance:variance is 0.005320684268476842
INFO:cooler._balance:variance is 0.0008522310613834795
INFO:cooler._balance:variance is 0.00013693716847168472
INFO:cooler._balance:variance is 2.208488289400196e-05
INFO:cooler._balance:variance is 3.5773106312664505e-06
INFO:cooler._balance:chr11
INFO:cooler._balance:variance is 7149450.497826994
INFO:cooler._balance:variance is 1724800.6147097093
INFO:cooler._balance:variance is 518480.7882448684
INFO:cooler._balance:variance is 197757.34671762623
INFO:cooler._balance:variance is 66707.85205637003
INFO:cooler._balance:variance is 24680.6166756887
INFO:cooler._balance:variance is 8660.244419343468
INFO:cooler._balance:variance is 3149.6756685563705
INFO:cooler._balance:variance is 1122.0089361812607
INFO:cooler._balance:variance is 405.08688699259767
INFO:cooler._balance:variance is 145.11546324198102
INFO:cooler._balance:variance is 52.241216213815555
INFO:cooler._balance:variance is 18.752763062691223
INFO:cooler._balance:variance is 6.743592860973811
INFO:cooler._balance:variance is 2.422494171106028
INFO:cooler._balance:variance is 0.8707899805212163
INFO:cooler._balance:variance is 0.31289554060147184
INFO:cooler._balance:variance is 0.11245682702032704
INFO:cooler._balance:variance is 0.0404122274062083
INFO:cooler._balance:variance is 0.014523653321571812
INFO:cooler._balance:variance is 0.005219363157692765
INFO:cooler._balance:variance is 0.0018757378190926708
INFO:cooler._balance:variance is 0.000674091782197357
INFO:cooler._balance:variance is 0.00024225379658715976
INFO:cooler._balance:variance is 8.706014235317003e-05
INFO:cooler._balance:variance is 3.128742548581594e-05
INFO:cooler._balance:variance is 1.1243959801022532e-05
INFO:cooler._balance:variance is 4.040818479955933e-06
INFO:cooler._balance:chr10
INFO:cooler._balance:variance is 6544989.783303261
INFO:cooler._balance:variance is 688442.1153329485
INFO:cooler._balance:variance is 122197.08989401112
INFO:cooler._balance:variance is 23897.75920263706
INFO:cooler._balance:variance is 4752.243594138651
INFO:cooler._balance:variance is 967.3143375009284
INFO:cooler._balance:variance is 198.61946574448598
INFO:cooler._balance:variance is 41.23761855978244
INFO:cooler._balance:variance is 8.6240271065515
INFO:cooler._balance:variance is 1.8168543804892956
INFO:cooler._balance:variance is 0.38503203901968935
INFO:cooler._balance:variance is 0.08204115517652148
INFO:cooler._balance:variance is 0.01756182065643895
INFO:cooler._balance:variance is 0.0037745940010602357
INFO:cooler._balance:variance is 0.0008141020224780811
INFO:cooler._balance:variance is 0.00017611085297497968
INFO:cooler._balance:variance is 3.8194279742201755e-05
INFO:cooler._balance:variance is 8.301371649423732e-06
INFO:cooler._balance:chr12
INFO:cooler._balance:variance is 6937070.035959816
INFO:cooler._balance:variance is 1199420.1065358853
INFO:cooler._balance:variance is 286741.50689018145
INFO:cooler._balance:variance is 78839.339051824
INFO:cooler._balance:variance is 20792.25866133208
INFO:cooler._balance:variance is 5692.858335323787
INFO:cooler._balance:variance is 1538.1964433996727
INFO:cooler._balance:variance is 420.0577666780013
INFO:cooler._balance:variance is 114.28485552287012
INFO:cooler._balance:variance is 31.18694094824659
INFO:cooler._balance:variance is 8.501994578558417
INFO:cooler._balance:variance is 2.3197342572556234
INFO:cooler._balance:variance is 0.632764183886421
INFO:cooler._balance:variance is 0.1726438047366877
INFO:cooler._balance:variance is 0.04710115148237807
INFO:cooler._balance:variance is 0.012851166464225603
INFO:cooler._balance:variance is 0.0035062814624433427
INFO:cooler._balance:variance is 0.0009566651847474843
INFO:cooler._balance:variance is 0.0002610187437942707
INFO:cooler._balance:variance is 7.121739917559464e-05
INFO:cooler._balance:variance is 1.943122897616192e-05
INFO:cooler._balance:variance is 5.301701266423495e-06
INFO:cooler._balance:chr13
INFO:cooler._balance:variance is 4440180.447806403
INFO:cooler._balance:variance is 410475.6791624072
INFO:cooler._balance:variance is 57243.121245854
INFO:cooler._balance:variance is 9346.276545265127
INFO:cooler._balance:variance is 1640.0437207628693
INFO:cooler._balance:variance is 306.374635272205
INFO:cooler._balance:variance is 59.47334872423137
INFO:cooler._balance:variance is 11.893492943706823
INFO:cooler._balance:variance is 2.4258390669017875
INFO:cooler._balance:variance is 0.5018752452408108
INFO:cooler._balance:variance is 0.1048328555081856
INFO:cooler._balance:variance is 0.022043772658647886
INFO:cooler._balance:variance is 0.004656061168315488
INFO:cooler._balance:variance is 0.0009864422591710324
INFO:cooler._balance:variance is 0.0002094165661120175
INFO:cooler._balance:variance is 4.451916851265166e-05
INFO:cooler._balance:variance is 9.472897632798998e-06
INFO:cooler._balance:chr14
INFO:cooler._balance:variance is 4804178.4775695065
INFO:cooler._balance:variance is 696555.9991160638
INFO:cooler._balance:variance is 142685.06206414662
INFO:cooler._balance:variance is 38028.61967013524
INFO:cooler._balance:variance is 10792.144535053701
INFO:cooler._balance:variance is 3300.16477245563
INFO:cooler._balance:variance is 1034.3121601674786
INFO:cooler._balance:variance is 331.1187927956303
INFO:cooler._balance:variance is 106.7481139263457
INFO:cooler._balance:variance is 34.619824863796424
INFO:cooler._balance:variance is 11.247613245081729
INFO:cooler._balance:variance is 3.6603559017869345
INFO:cooler._balance:variance is 1.1917146957361338
INFO:cooler._balance:variance is 0.38817474139467656
INFO:cooler._balance:variance is 0.12645196172603565
INFO:cooler._balance:variance is 0.04119863074857158
INFO:cooler._balance:variance is 0.013423000547139383
INFO:cooler._balance:variance is 0.004373543571114896
INFO:cooler._balance:variance is 0.001425014446322399
INFO:cooler._balance:variance is 0.0004643121490150877
INFO:cooler._balance:variance is 0.00015128684244927946
INFO:cooler._balance:variance is 4.92939631371034e-05
INFO:cooler._balance:variance is 1.606150878958836e-05
INFO:cooler._balance:variance is 5.233345170831505e-06
INFO:cooler._balance:chr15
INFO:cooler._balance:variance is 2653507.822833746
INFO:cooler._balance:variance is 226850.98708259963
INFO:cooler._balance:variance is 38891.60451571571
INFO:cooler._balance:variance is 7988.794231668501
INFO:cooler._balance:variance is 1777.7632975154806
INFO:cooler._balance:variance is 422.2361104288561
INFO:cooler._balance:variance is 103.82934894117054
INFO:cooler._balance:variance is 26.085440276743128
INFO:cooler._balance:variance is 6.630780424769908
INFO:cooler._balance:variance is 1.696533457449996
INFO:cooler._balance:variance is 0.4356479842583889
INFO:cooler._balance:variance is 0.11208702413167589
INFO:cooler._balance:variance is 0.028870307496653088
INFO:cooler._balance:variance is 0.007440480803442464
INFO:cooler._balance:variance is 0.0019182004851561268
INFO:cooler._balance:variance is 0.000494610461614643
INFO:cooler._balance:variance is 0.00012754862667337756
INFO:cooler._balance:variance is 3.289359423136371e-05
INFO:cooler._balance:variance is 8.483203850221107e-06
INFO:cooler._balance:chr16
INFO:cooler._balance:variance is 2733639.0873506926
INFO:cooler._balance:variance is 200459.65525347483
INFO:cooler._balance:variance is 28935.244385700178
INFO:cooler._balance:variance is 5530.0902602972465
INFO:cooler._balance:variance is 1190.9948765809293
INFO:cooler._balance:variance is 286.79615504719146
INFO:cooler._balance:variance is 76.268559224384
INFO:cooler._balance:variance is 22.41977023962023
INFO:cooler._balance:variance is 7.19326910824654
INFO:cooler._balance:variance is 2.47070278164096
INFO:cooler._balance:variance is 0.8896740145131361
INFO:cooler._balance:variance is 0.33005713347876353
INFO:cooler._balance:variance is 0.12468273036203978
INFO:cooler._balance:variance is 0.0475910023618976
INFO:cooler._balance:variance is 0.018274998271970176
INFO:cooler._balance:variance is 0.007040963133839238
INFO:cooler._balance:variance is 0.0027179364083012615
INFO:cooler._balance:variance is 0.0010502638171011297
INFO:cooler._balance:variance is 0.00040608813686173026
INFO:cooler._balance:variance is 0.0001570664186559398
INFO:cooler._balance:variance is 6.076163748560996e-05
INFO:cooler._balance:variance is 2.3508221284948413e-05
INFO:cooler._balance:variance is 9.095706959378222e-06
INFO:cooler._balance:chr17
INFO:cooler._balance:variance is 6034971.254276463
INFO:cooler._balance:variance is 1261456.7613601375
INFO:cooler._balance:variance is 359411.47340348957
INFO:cooler._balance:variance is 119348.40594641077
INFO:cooler._balance:variance is 37940.93832683727
INFO:cooler._balance:variance is 12447.564849865215
INFO:cooler._balance:variance is 4040.079414461663
INFO:cooler._balance:variance is 1321.4675135037812
INFO:cooler._balance:variance is 431.02599124914457
INFO:cooler._balance:variance is 140.88439533921257
INFO:cooler._balance:variance is 46.0130154213453
INFO:cooler._balance:variance is 15.037147934062375
INFO:cooler._balance:variance is 4.9130381006336
INFO:cooler._balance:variance is 1.6055251732384028
INFO:cooler._balance:variance is 0.5246311184940898
INFO:cooler._balance:variance is 0.17144202234053374
INFO:cooler._balance:variance is 0.05602365009975673
INFO:cooler._balance:variance is 0.0183077144442124
INFO:cooler._balance:variance is 0.005982656887332598
INFO:cooler._balance:variance is 0.001955045760658473
INFO:cooler._balance:variance is 0.0006388794626816394
INFO:cooler._balance:variance is 0.00020877663469335992
INFO:cooler._balance:variance is 6.822516780980282e-05
INFO:cooler._balance:variance is 2.229500942940176e-05
INFO:cooler._balance:variance is 7.285689145222236e-06
INFO:cooler._balance:chr18
INFO:cooler._balance:variance is 4647382.72715365
INFO:cooler._balance:variance is 555411.1722668472
INFO:cooler._balance:variance is 83240.0685954055
INFO:cooler._balance:variance is 13618.11531403254
INFO:cooler._balance:variance is 2229.4601037581347
INFO:cooler._balance:variance is 372.72012549172376
INFO:cooler._balance:variance is 62.5820384962322
INFO:cooler._balance:variance is 10.58043915521679
INFO:cooler._balance:variance is 1.7944290215377403
INFO:cooler._balance:variance is 0.3052136548587375
INFO:cooler._balance:variance is 0.052006638045624554
INFO:cooler._balance:variance is 0.008873981521546873
INFO:cooler._balance:variance is 0.0015156375284005933
INFO:cooler._balance:variance is 0.0002590488837948935
INFO:cooler._balance:variance is 4.429856258060792e-05
INFO:cooler._balance:variance is 7.578092477498348e-06
INFO:cooler._balance:chr20
INFO:cooler._balance:variance is 2885529.6506279586
INFO:cooler._balance:variance is 284214.4195770713
INFO:cooler._balance:variance is 61116.121774585816
INFO:cooler._balance:variance is 16047.113178211734
INFO:cooler._balance:variance is 4743.852895340551
INFO:cooler._balance:variance is 1520.124143483739
INFO:cooler._balance:variance is 509.52623551163987
INFO:cooler._balance:variance is 176.0113796335424
INFO:cooler._balance:variance is 61.80641332684406
INFO:cooler._balance:variance is 21.912084423911626
INFO:cooler._balance:variance is 7.811244472745655
INFO:cooler._balance:variance is 2.792594323733372
INFO:cooler._balance:variance is 1.0001697263550764
INFO:cooler._balance:variance is 0.35852177140490643
INFO:cooler._balance:variance is 0.1285910908615904
INFO:cooler._balance:variance is 0.046133989266886985
INFO:cooler._balance:variance is 0.016554434991531645
INFO:cooler._balance:variance is 0.005940779602279794
INFO:cooler._balance:variance is 0.0021320633590892362
INFO:cooler._balance:variance is 0.000765187903809886
INFO:cooler._balance:variance is 0.000274628318657077
INFO:cooler._balance:variance is 9.856578516376405e-05
INFO:cooler._balance:variance is 3.5376117645872436e-05
INFO:cooler._balance:variance is 1.269683109474305e-05
INFO:cooler._balance:variance is 4.5570267101441534e-06
INFO:cooler._balance:chrY
INFO:cooler._balance:variance is 2369823.8890135507
INFO:cooler._balance:variance is 1505224.302107358
INFO:cooler._balance:variance is 563138.3487476053
INFO:cooler._balance:variance is 326799.2177781123
INFO:cooler._balance:variance is 124188.9952267764
INFO:cooler._balance:variance is 63307.89407314572
INFO:cooler._balance:variance is 26287.498199272333
INFO:cooler._balance:variance is 12700.294458426708
INFO:cooler._balance:variance is 5589.287134045701
INFO:cooler._balance:variance is 2642.418979825956
INFO:cooler._balance:variance is 1198.967514112981
INFO:cooler._balance:variance is 562.1313126258106
INFO:cooler._balance:variance is 258.9134980049919
INFO:cooler._balance:variance is 121.033679574165
INFO:cooler._balance:variance is 56.15000721754597
INFO:cooler._balance:variance is 26.22444951081863
INFO:cooler._balance:variance is 12.208081182560775
INFO:cooler._balance:variance is 5.700543344587415
INFO:cooler._balance:variance is 2.658147041099622
INFO:cooler._balance:variance is 1.2412315788250237
INFO:cooler._balance:variance is 0.579251101646135
INFO:cooler._balance:variance is 0.27049860072977955
INFO:cooler._balance:variance is 0.12628503663877605
INFO:cooler._balance:variance is 0.05897557101581847
INFO:cooler._balance:variance is 0.027538792193833476
INFO:cooler._balance:variance is 0.012861179870035804
INFO:cooler._balance:variance is 0.0060061555961236236
INFO:cooler._balance:variance is 0.0028050623501980746
INFO:cooler._balance:variance is 0.0013100262966845046
INFO:cooler._balance:variance is 0.0006118317617957803
INFO:cooler._balance:variance is 0.0002857462585594061
INFO:cooler._balance:variance is 0.00013345538715643087
INFO:cooler._balance:variance is 6.232901770270629e-05
INFO:cooler._balance:variance is 2.9110379968991263e-05
INFO:cooler._balance:variance is 1.3595805423478316e-05
INFO:cooler._balance:variance is 6.349853125989974e-06
INFO:cooler._balance:chr19
INFO:cooler._balance:variance is 11576545.947586529
INFO:cooler._balance:variance is 2211053.780867803
INFO:cooler._balance:variance is 309827.6073323464
INFO:cooler._balance:variance is 57645.045075260896
INFO:cooler._balance:variance is 10152.952538685407
INFO:cooler._balance:variance is 1960.0492695082726
INFO:cooler._balance:variance is 391.33987393273526
INFO:cooler._balance:variance is 83.22500067993408
INFO:cooler._balance:variance is 18.60234097158847
INFO:cooler._balance:variance is 4.368536263656695
INFO:cooler._balance:variance is 1.0670839263914873
INFO:cooler._balance:variance is 0.2690013582969266
INFO:cooler._balance:variance is 0.06940154345466588
INFO:cooler._balance:variance is 0.018206962155429513
INFO:cooler._balance:variance is 0.004832228179600746
INFO:cooler._balance:variance is 0.0012927700545893395
INFO:cooler._balance:variance is 0.00034772861200744125
INFO:cooler._balance:variance is 9.387282642601787e-05
INFO:cooler._balance:variance is 2.5403808985802942e-05
INFO:cooler._balance:variance is 6.886002173764686e-06
INFO:cooler._balance:chr22
INFO:cooler._balance:variance is 4218357.373093934
INFO:cooler._balance:variance is 1354402.8692152775
INFO:cooler._balance:variance is 225578.28629450593
INFO:cooler._balance:variance is 78682.76494856285
INFO:cooler._balance:variance is 21513.901031164558
INFO:cooler._balance:variance is 7053.399877931627
INFO:cooler._balance:variance is 2273.590370360915
INFO:cooler._balance:variance is 769.7637763077616
INFO:cooler._balance:variance is 265.1403437820641
INFO:cooler._balance:variance is 92.91856679500714
INFO:cooler._balance:variance is 32.99069748081133
INFO:cooler._balance:variance is 11.799788361590082
INFO:cooler._balance:variance is 4.249184119222191
INFO:cooler._balance:variance is 1.535285953797666
INFO:cooler._balance:variance is 0.5564770427988323
INFO:cooler._balance:variance is 0.20201059799543444
INFO:cooler._balance:variance is 0.07343713926718938
INFO:cooler._balance:variance is 0.026715589932774765
INFO:cooler._balance:variance is 0.009724885669294843
INFO:cooler._balance:variance is 0.0035411540779685846
INFO:cooler._balance:variance is 0.0012898041221298382
INFO:cooler._balance:variance is 0.00046985805270582606
INFO:cooler._balance:variance is 0.00017118334993638986
INFO:cooler._balance:variance is 6.237138095595202e-05
INFO:cooler._balance:variance is 2.2726468621572027e-05
INFO:cooler._balance:variance is 8.281168997555082e-06
INFO:cooler._balance:chr21
INFO:cooler._balance:variance is 2933838.063233708
INFO:cooler._balance:variance is 474380.43216782657
INFO:cooler._balance:variance is 123193.4724142502
INFO:cooler._balance:variance is 46033.160084626885
INFO:cooler._balance:variance is 20916.83858347375
INFO:cooler._balance:variance is 10545.433926520127
INFO:cooler._balance:variance is 5448.088616970229
INFO:cooler._balance:variance is 2922.76116562783
INFO:cooler._balance:variance is 1561.025001993621
INFO:cooler._balance:variance is 850.5194856808114
INFO:cooler._balance:variance is 460.2900834687081
INFO:cooler._balance:variance is 251.91559026877457
INFO:cooler._balance:variance is 137.171265227003
INFO:cooler._balance:variance is 75.16085009995089
INFO:cooler._balance:variance is 41.04712543771595
INFO:cooler._balance:variance is 22.49437035519739
INFO:cooler._balance:variance is 12.302499505811085
INFO:cooler._balance:variance is 6.741154319791207
INFO:cooler._balance:variance is 3.689486138316999
INFO:cooler._balance:variance is 2.0213698328976917
INFO:cooler._balance:variance is 1.106711871416223
INFO:cooler._balance:variance is 0.6062722603566503
INFO:cooler._balance:variance is 0.3319989641625636
INFO:cooler._balance:variance is 0.18186072456040414
INFO:cooler._balance:variance is 0.09959772886278197
INFO:cooler._balance:variance is 0.054554747132487966
INFO:cooler._balance:variance is 0.029878910469045925
INFO:cooler._balance:variance is 0.01636577464248016
INFO:cooler._balance:variance is 0.008963553749393196
INFO:cooler._balance:variance is 0.0049095931401434275
INFO:cooler._balance:variance is 0.0026890275812626522
INFO:cooler._balance:variance is 0.0014728442269693446
INFO:cooler._balance:variance is 0.0008066958694918231
INFO:cooler._balance:variance is 0.0004418443461005396
INFO:cooler._balance:variance is 0.0002420048530249266
INFO:cooler._balance:variance is 0.0001325508070065271
INFO:cooler._balance:variance is 7.260024709176704e-05
INFO:cooler._balance:variance is 3.9764520608329586e-05
INFO:cooler._balance:variance is 2.1779704773649267e-05
INFO:cooler._balance:variance is 1.1929144019557428e-05
INFO:cooler._balance:variance is 6.533799435621854e-06
INFO:cooler._balance:chrM
