INFO:cooler.cli.balance:Balancing "analysis_other/porec/T2T12.hp1/cooler/T2T12.hp1_10000_balanced.cool"
INFO:cooler._balance:chr1
INFO:cooler._balance:variance is 56910620.60474262
INFO:cooler._balance:variance is 404250.36246005894
INFO:cooler._balance:variance is 147393.7684078189
INFO:cooler._balance:variance is 72191.52084490555
INFO:cooler._balance:variance is 32971.58642679676
INFO:cooler._balance:variance is 16487.119967988776
INFO:cooler._balance:variance is 7915.270859331507
INFO:cooler._balance:variance is 3950.2016004184397
INFO:cooler._balance:variance is 1928.2210069825503
INFO:cooler._balance:variance is 958.5958485459984
INFO:cooler._balance:variance is 471.06944093015943
INFO:cooler._balance:variance is 233.55979447245983
INFO:cooler._balance:variance is 115.11848934465407
INFO:cooler._balance:variance is 56.9890250778834
INFO:cooler._balance:variance is 28.128485029195954
INFO:cooler._balance:variance is 13.913560879368156
INFO:cooler._balance:variance is 6.872041331827451
INFO:cooler._balance:variance is 3.397785597536159
INFO:cooler._balance:variance is 1.678749256999121
INFO:cooler._balance:variance is 0.8298591082874861
INFO:cooler._balance:variance is 0.4100757081602586
INFO:cooler._balance:variance is 0.2026920608327289
INFO:cooler._balance:variance is 0.10016840671309601
INFO:cooler._balance:variance is 0.04950860061919742
INFO:cooler._balance:variance is 0.024467613295828188
INFO:cooler._balance:variance is 0.012092891921843733
INFO:cooler._balance:variance is 0.005976535175281326
INFO:cooler._balance:variance is 0.002953809153042501
INFO:cooler._balance:variance is 0.0014598420268357743
INFO:cooler._balance:variance is 0.0007214995011940858
INFO:cooler._balance:variance is 0.0003565837109417684
INFO:cooler._balance:variance is 0.00017623424309602188
INFO:cooler._balance:variance is 8.709972172257857e-05
INFO:cooler._balance:variance is 4.3047197612555324e-05
INFO:cooler._balance:variance is 2.12751117498898e-05
INFO:cooler._balance:variance is 1.0514766423099854e-05
INFO:cooler._balance:variance is 5.1966903592549205e-06
INFO:cooler._balance:chr2
INFO:cooler._balance:variance is 2127779.5480925865
INFO:cooler._balance:variance is 314881.26385036856
INFO:cooler._balance:variance is 77979.81240100318
INFO:cooler._balance:variance is 23674.11272677026
INFO:cooler._balance:variance is 6654.754293249184
INFO:cooler._balance:variance is 1978.4344077053534
INFO:cooler._balance:variance is 576.1520685186872
INFO:cooler._balance:variance is 171.2279103738236
INFO:cooler._balance:variance is 50.814035376064204
INFO:cooler._balance:variance is 15.252098258309212
INFO:cooler._balance:variance is 4.604518572468437
INFO:cooler._balance:variance is 1.4042733755121668
INFO:cooler._balance:variance is 0.4322324611904925
INFO:cooler._balance:variance is 0.1345051543469085
INFO:cooler._balance:variance is 0.04232148802855097
INFO:cooler._balance:variance is 0.013472976642517304
INFO:cooler._balance:variance is 0.004339542515704577
INFO:cooler._balance:variance is 0.0014140617485649668
INFO:cooler._balance:variance is 0.0004659587355772541
INFO:cooler._balance:variance is 0.00015517302173546674
INFO:cooler._balance:variance is 5.2182454497154074e-05
INFO:cooler._balance:variance is 1.770425810674411e-05
INFO:cooler._balance:variance is 6.054176333372693e-06
INFO:cooler._balance:chr3
INFO:cooler._balance:variance is 1357518.5240775256
INFO:cooler._balance:variance is 308759.48806625756
INFO:cooler._balance:variance is 65535.408006545375
INFO:cooler._balance:variance is 22894.856635345564
INFO:cooler._balance:variance is 6335.089380980128
INFO:cooler._balance:variance is 2017.7009254120944
INFO:cooler._balance:variance is 602.1790970467099
INFO:cooler._balance:variance is 188.12107495067525
INFO:cooler._balance:variance is 58.02140182990319
INFO:cooler._balance:variance is 18.274703380455875
INFO:cooler._balance:variance is 5.7864678024877545
INFO:cooler._balance:variance is 1.8627763981279248
INFO:cooler._balance:variance is 0.6076812009479234
INFO:cooler._balance:variance is 0.20173999723740718
INFO:cooler._balance:variance is 0.06813548751267039
INFO:cooler._balance:variance is 0.023441061151989104
INFO:cooler._balance:variance is 0.008210840179049403
INFO:cooler._balance:variance is 0.0029266384988426894
INFO:cooler._balance:variance is 0.0010600423800183358
INFO:cooler._balance:variance is 0.0003895435204494588
INFO:cooler._balance:variance is 0.00014496154124805574
INFO:cooler._balance:variance is 5.452567880727394e-05
INFO:cooler._balance:variance is 2.0692732876062352e-05
INFO:cooler._balance:variance is 7.910400555641345e-06
INFO:cooler._balance:chr4
INFO:cooler._balance:variance is 1075404.311260067
INFO:cooler._balance:variance is 206881.3117488665
INFO:cooler._balance:variance is 45363.99592936758
INFO:cooler._balance:variance is 15913.3559821442
INFO:cooler._balance:variance is 4811.925252712387
INFO:cooler._balance:variance is 1694.6392686936317
INFO:cooler._balance:variance is 579.0390317415375
INFO:cooler._balance:variance is 209.16638581964799
INFO:cooler._balance:variance is 75.53912411243749
INFO:cooler._balance:variance is 27.89980825357778
INFO:cooler._balance:variance is 10.347872314036946
INFO:cooler._balance:variance is 3.8754672033559485
INFO:cooler._balance:variance is 1.4561694693187592
INFO:cooler._balance:variance is 0.549550754911034
INFO:cooler._balance:variance is 0.20779823614988005
INFO:cooler._balance:variance is 0.07873356375084742
INFO:cooler._balance:variance is 0.029862743666386936
INFO:cooler._balance:variance is 0.0113374584980551
INFO:cooler._balance:variance is 0.004306606206954294
INFO:cooler._balance:variance is 0.0016366383830915836
INFO:cooler._balance:variance is 0.0006221404384391608
INFO:cooler._balance:variance is 0.00023654794102538667
INFO:cooler._balance:variance is 8.99516250264794e-05
INFO:cooler._balance:variance is 3.420934094676411e-05
INFO:cooler._balance:variance is 1.301097304152568e-05
INFO:cooler._balance:variance is 4.948767608760052e-06
INFO:cooler._balance:chr5
INFO:cooler._balance:variance is 1348701.1257336442
INFO:cooler._balance:variance is 198746.41253457835
INFO:cooler._balance:variance is 42452.36809615324
INFO:cooler._balance:variance is 11084.745039741658
INFO:cooler._balance:variance is 2712.303799847928
INFO:cooler._balance:variance is 699.3837327301709
INFO:cooler._balance:variance is 178.70702188320007
INFO:cooler._balance:variance is 46.509282033285515
INFO:cooler._balance:variance is 12.145160038061134
INFO:cooler._balance:variance is 3.200756677490509
INFO:cooler._balance:variance is 0.8478894815252588
INFO:cooler._balance:variance is 0.2259743004562253
INFO:cooler._balance:variance is 0.06051367772361509
INFO:cooler._balance:variance is 0.016282479262695135
INFO:cooler._balance:variance is 0.004400333394980759
INFO:cooler._balance:variance is 0.0011944523130800004
INFO:cooler._balance:variance is 0.0003256971620635544
INFO:cooler._balance:variance is 8.924538687129535e-05
INFO:cooler._balance:variance is 2.4588586929800635e-05
INFO:cooler._balance:variance is 6.817458933409843e-06
INFO:cooler._balance:chr6
INFO:cooler._balance:variance is 1714645.804939543
INFO:cooler._balance:variance is 467584.7463676836
INFO:cooler._balance:variance is 175586.1986759392
INFO:cooler._balance:variance is 116899.29814247777
INFO:cooler._balance:variance is 50658.2233561202
INFO:cooler._balance:variance is 30777.83369793047
INFO:cooler._balance:variance is 14513.124207363247
INFO:cooler._balance:variance is 8294.232702381167
INFO:cooler._balance:variance is 4111.838474935258
INFO:cooler._balance:variance is 2267.0795210083634
INFO:cooler._balance:variance is 1156.2283523975814
INFO:cooler._balance:variance is 624.755723695724
INFO:cooler._balance:variance is 323.6484137505064
INFO:cooler._balance:variance is 172.95159662795461
INFO:cooler._balance:variance is 90.35762070630192
INFO:cooler._balance:variance is 47.99622726668104
INFO:cooler._balance:variance is 25.18948934029851
INFO:cooler._balance:variance is 13.337084651085723
INFO:cooler._balance:variance is 7.016559116903233
INFO:cooler._balance:variance is 3.708667292325442
INFO:cooler._balance:variance is 1.9536155259316428
INFO:cooler._balance:variance is 1.0316561983071368
INFO:cooler._balance:variance is 0.5438156084292198
INFO:cooler._balance:variance is 0.287036083507459
INFO:cooler._balance:variance is 0.15135939377141547
INFO:cooler._balance:variance is 0.0798697641520666
INFO:cooler._balance:variance is 0.04212479412981851
INFO:cooler._balance:variance is 0.022225505966652424
INFO:cooler._balance:variance is 0.011723319371129913
INFO:cooler._balance:variance is 0.0061849071645628155
INFO:cooler._balance:variance is 0.0032625344354765768
INFO:cooler._balance:variance is 0.001721159691790889
INFO:cooler._balance:variance is 0.0009079359401761396
INFO:cooler._balance:variance is 0.00047897466348015895
INFO:cooler._balance:variance is 0.00025266959011982016
INFO:cooler._balance:variance is 0.00013329249572421515
INFO:cooler._balance:variance is 7.031524700332291e-05
INFO:cooler._balance:variance is 3.709366940136604e-05
INFO:cooler._balance:variance is 1.9567952367767806e-05
INFO:cooler._balance:variance is 1.0322725725337215e-05
INFO:cooler._balance:variance is 5.4455394902712755e-06
INFO:cooler._balance:chr7
INFO:cooler._balance:variance is 1110172.1511679562
INFO:cooler._balance:variance is 196212.38889420294
INFO:cooler._balance:variance is 52731.97031643237
INFO:cooler._balance:variance is 19746.185644938556
INFO:cooler._balance:variance is 6233.964435007634
INFO:cooler._balance:variance is 2202.502672782408
INFO:cooler._balance:variance is 730.232770209
INFO:cooler._balance:variance is 252.0083441021832
INFO:cooler._balance:variance is 85.01921023504688
INFO:cooler._balance:variance is 29.093049686381136
INFO:cooler._balance:variance is 9.876640526737056
INFO:cooler._balance:variance is 3.3697883831346167
INFO:cooler._balance:variance is 1.1465791459598216
INFO:cooler._balance:variance is 0.39081417239891364
INFO:cooler._balance:variance is 0.13308591442858672
INFO:cooler._balance:variance is 0.04534876337013392
INFO:cooler._balance:variance is 0.015447768317678022
INFO:cooler._balance:variance is 0.005263386900907578
INFO:cooler._balance:variance is 0.0017931818663219046
INFO:cooler._balance:variance is 0.0006109733717050295
INFO:cooler._balance:variance is 0.00020816648346853718
INFO:cooler._balance:variance is 7.092785827884385e-05
INFO:cooler._balance:variance is 2.4167047022290823e-05
INFO:cooler._balance:variance is 8.234552971215095e-06
INFO:cooler._balance:chrX
INFO:cooler._balance:variance is 887791.0946069536
INFO:cooler._balance:variance is 22025.204095270263
INFO:cooler._balance:variance is 3475.961481427809
INFO:cooler._balance:variance is 750.1363275325358
INFO:cooler._balance:variance is 183.67054153564854
INFO:cooler._balance:variance is 47.66345161073577
INFO:cooler._balance:variance is 12.707677790521123
INFO:cooler._balance:variance is 3.4186057162551173
INFO:cooler._balance:variance is 0.9242009304370193
INFO:cooler._balance:variance is 0.2501677853789851
INFO:cooler._balance:variance is 0.0677784976750923
INFO:cooler._balance:variance is 0.01836630338860897
INFO:cooler._balance:variance is 0.004977702664390938
INFO:cooler._balance:variance is 0.0013490943679126044
INFO:cooler._balance:variance is 0.00036565519346967354
INFO:cooler._balance:variance is 9.910618692071724e-05
INFO:cooler._balance:variance is 2.6861688134337468e-05
INFO:cooler._balance:variance is 7.280569999807401e-06
INFO:cooler._balance:chr9
INFO:cooler._balance:variance is 660394.9712554502
INFO:cooler._balance:variance is 154789.7609537797
INFO:cooler._balance:variance is 61979.81916072366
INFO:cooler._balance:variance is 36617.61258876772
INFO:cooler._balance:variance is 17760.87572151282
INFO:cooler._balance:variance is 10885.8717526566
INFO:cooler._balance:variance is 5786.15887762082
INFO:cooler._balance:variance is 3551.666050845412
INFO:cooler._balance:variance is 1990.7994933006923
INFO:cooler._balance:variance is 1214.2106980435765
INFO:cooler._balance:variance is 701.1462763292155
INFO:cooler._balance:variance is 425.0044284302397
INFO:cooler._balance:variance is 249.45027076505548
INFO:cooler._balance:variance is 150.53595579201308
INFO:cooler._balance:variance is 89.14354309899134
INFO:cooler._balance:variance is 53.63876280017783
INFO:cooler._balance:variance is 31.918666700955843
INFO:cooler._balance:variance is 19.170294782428368
INFO:cooler._balance:variance is 11.438440059859683
INFO:cooler._balance:variance is 6.861948798309983
INFO:cooler._balance:variance is 4.100546705313771
INFO:cooler._balance:variance is 2.4581599973746275
INFO:cooler._balance:variance is 1.4701982777977138
INFO:cooler._balance:variance is 0.880950716533112
INFO:cooler._balance:variance is 0.5271445297049693
INFO:cooler._balance:variance is 0.31578176025576515
INFO:cooler._balance:variance is 0.18901119530398983
INFO:cooler._balance:variance is 0.11320677636759371
INFO:cooler._balance:variance is 0.06777101226769351
INFO:cooler._balance:variance is 0.04058678753948642
INFO:cooler._balance:variance is 0.02429952192370309
INFO:cooler._balance:variance is 0.014551627103227115
INFO:cooler._balance:variance is 0.008712623852124558
INFO:cooler._balance:variance is 0.005217308120827959
INFO:cooler._balance:variance is 0.0031239080624587117
INFO:cooler._balance:variance is 0.0018706213772907414
INFO:cooler._balance:variance is 0.0011200724966095655
INFO:cooler._balance:variance is 0.0006706992445086629
INFO:cooler._balance:variance is 0.0004015994260216657
INFO:cooler._balance:variance is 0.000240475683811084
INFO:cooler._balance:variance is 0.00014399234983711388
INFO:cooler._balance:variance is 8.622145265638679e-05
INFO:cooler._balance:variance is 5.162800712719713e-05
INFO:cooler._balance:variance is 3.091433954671558e-05
INFO:cooler._balance:variance is 1.851105007176738e-05
INFO:cooler._balance:variance is 1.1084213492502534e-05
INFO:cooler._balance:variance is 6.637073013024985e-06
INFO:cooler._balance:chr8
INFO:cooler._balance:variance is 796272.1849435117
INFO:cooler._balance:variance is 98379.90381976687
INFO:cooler._balance:variance is 21251.654062655074
INFO:cooler._balance:variance is 5686.129772515075
INFO:cooler._balance:variance is 1469.2761256743045
INFO:cooler._balance:variance is 396.6063162393465
INFO:cooler._balance:variance is 106.37380551984292
INFO:cooler._balance:variance is 28.885789502540483
INFO:cooler._balance:variance is 7.843979983383774
INFO:cooler._balance:variance is 2.1402300682641027
INFO:cooler._balance:variance is 0.5848814213194311
INFO:cooler._balance:variance is 0.16030536860096065
INFO:cooler._balance:variance is 0.0440345702781447
INFO:cooler._balance:variance is 0.012129661134009307
INFO:cooler._balance:variance is 0.003350652247903702
INFO:cooler._balance:variance is 0.0009285734049108966
INFO:cooler._balance:variance is 0.00025824847882067
INFO:cooler._balance:variance is 7.210665181867567e-05
INFO:cooler._balance:variance is 2.0220880572264926e-05
INFO:cooler._balance:variance is 5.6976823505150945e-06
INFO:cooler._balance:chr11
INFO:cooler._balance:variance is 1177746.8805217447
INFO:cooler._balance:variance is 579271.6593952696
INFO:cooler._balance:variance is 181698.51905950403
INFO:cooler._balance:variance is 117829.69093178681
INFO:cooler._balance:variance is 46784.51952623251
INFO:cooler._balance:variance is 26071.19960799495
INFO:cooler._balance:variance is 11488.220195348435
INFO:cooler._balance:variance is 5951.800024956571
INFO:cooler._balance:variance is 2755.613187896294
INFO:cooler._balance:variance is 1379.0567045749292
INFO:cooler._balance:variance is 653.8164976852519
INFO:cooler._balance:variance is 321.83271686510335
INFO:cooler._balance:variance is 154.33633349825928
INFO:cooler._balance:variance is 75.3675711210251
INFO:cooler._balance:variance is 36.34292231639866
INFO:cooler._balance:variance is 17.679395614522043
INFO:cooler._balance:variance is 8.547952909981738
INFO:cooler._balance:variance is 4.150522904858984
INFO:cooler._balance:variance is 2.00936441154977
INFO:cooler._balance:variance is 0.9747850083163033
INFO:cooler._balance:variance is 0.472211451881208
INFO:cooler._balance:variance is 0.2289799675728312
INFO:cooler._balance:variance is 0.1109575432280514
INFO:cooler._balance:variance is 0.053793048646311584
INFO:cooler._balance:variance is 0.026070496514897443
INFO:cooler._balance:variance is 0.01263787966953475
INFO:cooler._balance:variance is 0.0061253129188681725
INFO:cooler._balance:variance is 0.002969146792730992
INFO:cooler._balance:variance is 0.0014391322943455025
INFO:cooler._balance:variance is 0.0006975794464341619
INFO:cooler._balance:variance is 0.0003381193214183587
INFO:cooler._balance:variance is 0.0001638920506974964
INFO:cooler._balance:variance is 7.943972324032268e-05
INFO:cooler._balance:variance is 3.850553591895088e-05
INFO:cooler._balance:variance is 1.8663999393426682e-05
INFO:cooler._balance:variance is 9.04667468588838e-06
INFO:cooler._balance:chr10
INFO:cooler._balance:variance is 863254.7459261189
INFO:cooler._balance:variance is 125149.78519910335
INFO:cooler._balance:variance is 29588.03032079068
INFO:cooler._balance:variance is 8916.056612120392
INFO:cooler._balance:variance is 2533.7346824150773
INFO:cooler._balance:variance is 762.1120273835556
INFO:cooler._balance:variance is 226.12018109736417
INFO:cooler._balance:variance is 68.24968312480591
INFO:cooler._balance:variance is 20.583846373222418
INFO:cooler._balance:variance is 6.254513951438942
INFO:cooler._balance:variance is 1.905908592951298
INFO:cooler._balance:variance is 0.5838454541170415
INFO:cooler._balance:variance is 0.17960679796014722
INFO:cooler._balance:variance is 0.055534191203512134
INFO:cooler._balance:variance is 0.017257228754625136
INFO:cooler._balance:variance is 0.005391953382815099
INFO:cooler._balance:variance is 0.0016941085094172286
INFO:cooler._balance:variance is 0.0005353814477475099
INFO:cooler._balance:variance is 0.0001701994727738718
INFO:cooler._balance:variance is 5.443344923155245e-05
INFO:cooler._balance:variance is 1.751396840090629e-05
INFO:cooler._balance:variance is 5.6687758558194595e-06
INFO:cooler._balance:chr12
INFO:cooler._balance:variance is 815015.5403931149
INFO:cooler._balance:variance is 243856.74007336967
INFO:cooler._balance:variance is 83494.62217650245
INFO:cooler._balance:variance is 39443.05503204389
INFO:cooler._balance:variance is 15396.637727077823
INFO:cooler._balance:variance is 6903.2766038380305
INFO:cooler._balance:variance is 2838.448313468793
INFO:cooler._balance:variance is 1241.367074374249
INFO:cooler._balance:variance is 522.3586761014045
INFO:cooler._balance:variance is 225.88430474359077
INFO:cooler._balance:variance is 96.03235810952937
INFO:cooler._balance:variance is 41.318438544454565
INFO:cooler._balance:variance is 17.645778967064068
INFO:cooler._balance:variance is 7.575299019812158
INFO:cooler._balance:variance is 3.2415719342511586
INFO:cooler._balance:variance is 1.390246139544746
INFO:cooler._balance:variance is 0.5954166045120547
INFO:cooler._balance:variance is 0.25525453276604454
INFO:cooler._balance:variance is 0.1093614871518196
INFO:cooler._balance:variance is 0.04687461665103507
INFO:cooler._balance:variance is 0.020086235064171197
INFO:cooler._balance:variance is 0.008608704795611006
INFO:cooler._balance:variance is 0.0036891708767365426
INFO:cooler._balance:variance is 0.0015810785657371525
INFO:cooler._balance:variance is 0.0006775750433757096
INFO:cooler._balance:variance is 0.000290386108947245
INFO:cooler._balance:variance is 0.00012444727368964413
INFO:cooler._balance:variance is 5.33336314753591e-05
INFO:cooler._balance:variance is 2.2856678364098584e-05
INFO:cooler._balance:variance is 9.79552569359934e-06
INFO:cooler._balance:chr13
INFO:cooler._balance:variance is 511024.44017965667
INFO:cooler._balance:variance is 52291.08635390028
INFO:cooler._balance:variance is 10482.151505111393
INFO:cooler._balance:variance is 2838.2295751502843
INFO:cooler._balance:variance is 759.0321156591491
INFO:cooler._balance:variance is 220.21519491556438
INFO:cooler._balance:variance is 65.76367389178886
INFO:cooler._balance:variance is 20.445286668720424
INFO:cooler._balance:variance is 6.522318699173175
INFO:cooler._balance:variance is 2.132930263308206
INFO:cooler._balance:variance is 0.7101740096253406
INFO:cooler._balance:variance is 0.24012702670579955
INFO:cooler._balance:variance is 0.08212729190046662
INFO:cooler._balance:variance is 0.02834916014414633
INFO:cooler._balance:variance is 0.009853194473008548
INFO:cooler._balance:variance is 0.0034429827542930037
INFO:cooler._balance:variance is 0.0012078650428050761
INFO:cooler._balance:variance is 0.00042502657314545894
INFO:cooler._balance:variance is 0.00014989564835201296
INFO:cooler._balance:variance is 5.295360825176737e-05
INFO:cooler._balance:variance is 1.8730347133781727e-05
INFO:cooler._balance:variance is 6.631354633226507e-06
INFO:cooler._balance:chr14
INFO:cooler._balance:variance is 501587.0339422523
INFO:cooler._balance:variance is 92687.65653862327
INFO:cooler._balance:variance is 28870.995298943686
INFO:cooler._balance:variance is 12437.182236863577
INFO:cooler._balance:variance is 5086.543976264396
INFO:cooler._balance:variance is 2318.6646531997512
INFO:cooler._balance:variance is 1046.3206411266654
INFO:cooler._balance:variance is 490.98843870233384
INFO:cooler._balance:variance is 230.21161607395774
INFO:cooler._balance:variance is 109.68178150832946
INFO:cooler._balance:variance is 52.250843956574336
INFO:cooler._balance:variance is 25.069047577866005
INFO:cooler._balance:variance is 12.024485964217675
INFO:cooler._balance:variance is 5.786463944061002
INFO:cooler._balance:variance is 2.783816899925511
INFO:cooler._balance:variance is 1.341305959995537
INFO:cooler._balance:variance is 0.646141433576104
INFO:cooler._balance:variance is 0.311483840494482
INFO:cooler._balance:variance is 0.15013727881845415
INFO:cooler._balance:variance is 0.07239118951289336
INFO:cooler._balance:variance is 0.03490206730366514
INFO:cooler._balance:variance is 0.01682999808545974
INFO:cooler._balance:variance is 0.00811520557554014
INFO:cooler._balance:variance is 0.00391333112351671
INFO:cooler._balance:variance is 0.0018870541646273183
INFO:cooler._balance:variance is 0.0009099907157682326
INFO:cooler._balance:variance is 0.00043881827456193883
INFO:cooler._balance:variance is 0.0002116115716844669
INFO:cooler._balance:variance is 0.00010204497611324453
INFO:cooler._balance:variance is 4.92092923106192e-05
INFO:cooler._balance:variance is 2.373019707457894e-05
INFO:cooler._balance:variance is 1.1443453621319134e-05
INFO:cooler._balance:variance is 5.518388163000705e-06
INFO:cooler._balance:chr15
INFO:cooler._balance:variance is 484061.8282170883
INFO:cooler._balance:variance is 36326.55267305214
INFO:cooler._balance:variance is 6928.645147749591
INFO:cooler._balance:variance is 1648.8534607005593
INFO:cooler._balance:variance is 385.0953678666216
INFO:cooler._balance:variance is 96.1829688864742
INFO:cooler._balance:variance is 24.230794762406507
INFO:cooler._balance:variance is 6.3636423303844865
INFO:cooler._balance:variance is 1.7227440379418915
INFO:cooler._balance:variance is 0.4886832236327979
INFO:cooler._balance:variance is 0.1454905701813765
INFO:cooler._balance:variance is 0.04575033449463737
INFO:cooler._balance:variance is 0.015157615323457375
INFO:cooler._balance:variance is 0.005265045180347895
INFO:cooler._balance:variance is 0.0019002991034203997
INFO:cooler._balance:variance is 0.0007062681178822717
INFO:cooler._balance:variance is 0.00026805587505990703
INFO:cooler._balance:variance is 0.00010322321304252372
INFO:cooler._balance:variance is 4.013635841502571e-05
INFO:cooler._balance:variance is 1.5706110963217122e-05
INFO:cooler._balance:variance is 6.1715463190004296e-06
INFO:cooler._balance:chr16
INFO:cooler._balance:variance is 4645384.68415116
INFO:cooler._balance:variance is 109454.45510709501
INFO:cooler._balance:variance is 40074.84148649741
INFO:cooler._balance:variance is 25877.32489074607
INFO:cooler._balance:variance is 12084.239116371606
INFO:cooler._balance:variance is 7410.021237216947
INFO:cooler._balance:variance is 3782.8540617644967
INFO:cooler._balance:variance is 2223.7544587379152
INFO:cooler._balance:variance is 1183.331589725235
INFO:cooler._balance:variance is 678.8881289152371
INFO:cooler._balance:variance is 368.8627820818226
INFO:cooler._balance:variance is 208.77088759193236
INFO:cooler._balance:variance is 114.67793793345506
INFO:cooler._balance:variance is 64.42013613187501
INFO:cooler._balance:variance is 35.594399049720614
INFO:cooler._balance:variance is 19.911904894332455
INFO:cooler._balance:variance is 11.037319064878409
INFO:cooler._balance:variance is 6.160116142093136
INFO:cooler._balance:variance is 3.420616779913322
INFO:cooler._balance:variance is 1.9066477631500915
INFO:cooler._balance:variance is 1.0597623614765654
INFO:cooler._balance:variance is 0.5902872800518196
INFO:cooler._balance:variance is 0.32827327219306973
INFO:cooler._balance:variance is 0.1827752300003188
INFO:cooler._balance:variance is 0.10167620773426995
INFO:cooler._balance:variance is 0.05659848543397391
INFO:cooler._balance:variance is 0.03149045769290728
INFO:cooler._balance:variance is 0.01752713055236027
INFO:cooler._balance:variance is 0.009752705218262686
INFO:cooler._balance:variance is 0.005427840819455879
INFO:cooler._balance:variance is 0.0030203945999215396
INFO:cooler._balance:variance is 0.001680927880739605
INFO:cooler._balance:variance is 0.0009354015183485054
INFO:cooler._balance:variance is 0.0005205641092618386
INFO:cooler._balance:variance is 0.00028968773917016676
INFO:cooler._balance:variance is 0.00016121339398799084
INFO:cooler._balance:variance is 8.971413084161287e-05
INFO:cooler._balance:variance is 4.9926255810652395e-05
INFO:cooler._balance:variance is 2.778375030970919e-05
INFO:cooler._balance:variance is 1.5461706231883585e-05
INFO:cooler._balance:variance is 8.604397716129633e-06
INFO:cooler._balance:chr17
INFO:cooler._balance:variance is 473453.7491313953
INFO:cooler._balance:variance is 66401.05040846349
INFO:cooler._balance:variance is 24174.036987790576
INFO:cooler._balance:variance is 11123.634010287466
INFO:cooler._balance:variance is 5020.4976970581165
INFO:cooler._balance:variance is 2376.4485688546683
INFO:cooler._balance:variance is 1113.0924084967444
INFO:cooler._balance:variance is 528.2274598817121
INFO:cooler._balance:variance is 249.63648157055417
INFO:cooler._balance:variance is 118.47272975534861
INFO:cooler._balance:variance is 56.12992705940436
INFO:cooler._balance:variance is 26.6334688854304
INFO:cooler._balance:variance is 12.6283034151783
INFO:cooler._balance:variance is 5.991311190500162
INFO:cooler._balance:variance is 2.8415627212508396
INFO:cooler._balance:variance is 1.3480382166078084
INFO:cooler._balance:variance is 0.6394141678110203
INFO:cooler._balance:variance is 0.30332672043996445
INFO:cooler._balance:variance is 0.14388280700954928
INFO:cooler._balance:variance is 0.06825415356987267
INFO:cooler._balance:variance is 0.03237688973045566
INFO:cooler._balance:variance is 0.015358588413583348
INFO:cooler._balance:variance is 0.007285524490121772
INFO:cooler._balance:variance is 0.0034560106406083127
INFO:cooler._balance:variance is 0.0016394047124149618
INFO:cooler._balance:variance is 0.0007776774517554847
INFO:cooler._balance:variance is 0.000368902289796584
INFO:cooler._balance:variance is 0.00017499443622063076
INFO:cooler._balance:variance is 8.301114970748393e-05
INFO:cooler._balance:variance is 3.9377588033084166e-05
INFO:cooler._balance:variance is 1.8679337152030258e-05
INFO:cooler._balance:variance is 8.860822659581409e-06
INFO:cooler._balance:chr18
INFO:cooler._balance:variance is 627412.3177930781
INFO:cooler._balance:variance is 97638.46920358454
INFO:cooler._balance:variance is 21980.0482992239
INFO:cooler._balance:variance is 5801.694022418293
INFO:cooler._balance:variance is 1471.9309915811446
INFO:cooler._balance:variance is 389.9723368299185
INFO:cooler._balance:variance is 102.45158388390993
INFO:cooler._balance:variance is 27.277500247663678
INFO:cooler._balance:variance is 7.257418090581117
INFO:cooler._balance:variance is 1.9398890449469002
INFO:cooler._balance:variance is 0.5188631036107245
INFO:cooler._balance:variance is 0.1390366741988895
INFO:cooler._balance:variance is 0.03728016192348261
INFO:cooler._balance:variance is 0.010004260011212672
INFO:cooler._balance:variance is 0.0026857969664575007
INFO:cooler._balance:variance is 0.0007213369012958553
INFO:cooler._balance:variance is 0.00019378150733475263
INFO:cooler._balance:variance is 5.206904187734482e-05
INFO:cooler._balance:variance is 1.3992996347997915e-05
INFO:cooler._balance:variance is 3.760911054195566e-06
INFO:cooler._balance:chr20
INFO:cooler._balance:variance is 288245.6361701614
INFO:cooler._balance:variance is 26155.264131347314
INFO:cooler._balance:variance is 7222.227613997665
INFO:cooler._balance:variance is 2294.803139399681
INFO:cooler._balance:variance is 746.741232713903
INFO:cooler._balance:variance is 258.0475640994202
INFO:cooler._balance:variance is 90.9015127145993
INFO:cooler._balance:variance is 34.04515224681772
INFO:cooler._balance:variance is 13.291546581463013
INFO:cooler._balance:variance is 5.536918767894257
INFO:cooler._balance:variance is 2.422520926031178
INFO:cooler._balance:variance is 1.1163920856692264
INFO:cooler._balance:variance is 0.5333875539743775
INFO:cooler._balance:variance is 0.2627173470655571
INFO:cooler._balance:variance is 0.13193836865547645
INFO:cooler._balance:variance is 0.06723258079113283
INFO:cooler._balance:variance is 0.03456574098698879
INFO:cooler._balance:variance is 0.017883898795718837
INFO:cooler._balance:variance is 0.009288070614407713
INFO:cooler._balance:variance is 0.004836645770233742
INFO:cooler._balance:variance is 0.0025226135395343425
INFO:cooler._balance:variance is 0.0013171640501327894
INFO:cooler._balance:variance is 0.0006882010936304776
INFO:cooler._balance:variance is 0.00035974411064626245
INFO:cooler._balance:variance is 0.00018810130972504456
INFO:cooler._balance:variance is 9.837302756291415e-05
INFO:cooler._balance:variance is 5.145300163638953e-05
INFO:cooler._balance:variance is 2.691425293264337e-05
INFO:cooler._balance:variance is 1.4079114588862332e-05
INFO:cooler._balance:variance is 7.365197048313655e-06
INFO:cooler._balance:chrY
INFO:cooler._balance:chr19
INFO:cooler._balance:variance is 620912.9238415131
INFO:cooler._balance:variance is 209330.2509991306
INFO:cooler._balance:variance is 60048.59643827858
INFO:cooler._balance:variance is 30640.153304926072
INFO:cooler._balance:variance is 11361.671725887543
INFO:cooler._balance:variance is 5471.073475483437
INFO:cooler._balance:variance is 2303.3213406757004
INFO:cooler._balance:variance is 1084.5699241582686
INFO:cooler._balance:variance is 484.4060985944726
INFO:cooler._balance:variance is 226.85343644692983
INFO:cooler._balance:variance is 104.09269584963639
INFO:cooler._balance:variance is 48.74240902454721
INFO:cooler._balance:variance is 22.644704398626672
INFO:cooler._balance:variance is 10.613830365495938
INFO:cooler._balance:variance is 4.9595133874865684
INFO:cooler._balance:variance is 2.3265874431016234
INFO:cooler._balance:variance is 1.0901112909313933
INFO:cooler._balance:variance is 0.5116820383894953
INFO:cooler._balance:variance is 0.24005931674071254
INFO:cooler._balance:variance is 0.1127186547230036
INFO:cooler._balance:variance is 0.05291617491955834
INFO:cooler._balance:variance is 0.024851280652802985
INFO:cooler._balance:variance is 0.01167011684058003
INFO:cooler._balance:variance is 0.005481264921445429
INFO:cooler._balance:variance is 0.0025743814858661318
INFO:cooler._balance:variance is 0.0012092126401642316
INFO:cooler._balance:variance is 0.0005679723456180056
INFO:cooler._balance:variance is 0.00026679011474827857
INFO:cooler._balance:variance is 0.00012531708647637812
INFO:cooler._balance:variance is 5.88653211998449e-05
INFO:cooler._balance:variance is 2.7650821543254898e-05
INFO:cooler._balance:variance is 1.29885523287766e-05
INFO:cooler._balance:variance is 6.1011715051211e-06
INFO:cooler._balance:chr22
INFO:cooler._balance:variance is 258923.92389736706
INFO:cooler._balance:variance is 26892.961442217285
INFO:cooler._balance:variance is 5309.740836462651
INFO:cooler._balance:variance is 1384.0656247627335
INFO:cooler._balance:variance is 397.9182136630316
INFO:cooler._balance:variance is 140.21921756700144
INFO:cooler._balance:variance is 57.612588406492094
INFO:cooler._balance:variance is 26.368633724846596
INFO:cooler._balance:variance is 12.909555759632351
INFO:cooler._balance:variance is 6.490936828098031
INFO:cooler._balance:variance is 3.329787682776674
INFO:cooler._balance:variance is 1.7148322631747643
INFO:cooler._balance:variance is 0.8888454993136896
INFO:cooler._balance:variance is 0.4606024276606139
INFO:cooler._balance:variance is 0.239276842686544
INFO:cooler._balance:variance is 0.1242223267216736
INFO:cooler._balance:variance is 0.06456103274989874
INFO:cooler._balance:variance is 0.033538591024019224
INFO:cooler._balance:variance is 0.017431816888942766
INFO:cooler._balance:variance is 0.009057832188735137
INFO:cooler._balance:variance is 0.004707777960396475
INFO:cooler._balance:variance is 0.0024464884946852317
INFO:cooler._balance:variance is 0.0012715274311008173
INFO:cooler._balance:variance is 0.000660805269079764
INFO:cooler._balance:variance is 0.00034343884449181215
INFO:cooler._balance:variance is 0.0001784870990476537
INFO:cooler._balance:variance is 9.276382954712867e-05
INFO:cooler._balance:variance is 4.821040173257772e-05
INFO:cooler._balance:variance is 2.505591416560353e-05
INFO:cooler._balance:variance is 1.3021908354161443e-05
INFO:cooler._balance:variance is 6.767727236086845e-06
INFO:cooler._balance:chr21
INFO:cooler._balance:variance is 272339.60399473074
INFO:cooler._balance:variance is 45357.729192813866
INFO:cooler._balance:variance is 14556.482457761023
INFO:cooler._balance:variance is 6487.343599840778
INFO:cooler._balance:variance is 3398.7742860124135
INFO:cooler._balance:variance is 2049.413744085148
INFO:cooler._balance:variance is 1302.6815089253148
INFO:cooler._balance:variance is 876.2849901092088
INFO:cooler._balance:variance is 588.1205045530538
INFO:cooler._balance:variance is 407.7607450139852
INFO:cooler._balance:variance is 278.5436547193609
INFO:cooler._balance:variance is 194.77677315936776
INFO:cooler._balance:variance is 134.1430490583126
INFO:cooler._balance:variance is 94.01283020667833
INFO:cooler._balance:variance is 65.05480549625084
INFO:cooler._balance:variance is 45.60127914835467
INFO:cooler._balance:variance is 31.65079096380673
INFO:cooler._balance:variance is 22.175266563523095
INFO:cooler._balance:variance is 15.42215675122033
INFO:cooler._balance:variance is 10.79817971920071
INFO:cooler._balance:variance is 7.519860847485977
INFO:cooler._balance:variance is 5.2620588713058485
INFO:cooler._balance:variance is 3.6678370211823084
INFO:cooler._balance:variance is 2.5653225998688387
INFO:cooler._balance:variance is 1.7892290533425184
INFO:cooler._balance:variance is 1.2509269436985693
INFO:cooler._balance:variance is 0.8728526078160871
INFO:cooler._balance:variance is 0.6100741759238799
INFO:cooler._balance:variance is 0.4258131753682962
INFO:cooler._balance:variance is 0.29755673439495545
INFO:cooler._balance:variance is 0.20772767947186133
INFO:cooler._balance:variance is 0.14513739547464227
INFO:cooler._balance:variance is 0.10133628772089905
INFO:cooler._balance:variance is 0.07079505899118545
INFO:cooler._balance:variance is 0.04943460003352624
INFO:cooler._balance:variance is 0.03453310312695947
INFO:cooler._balance:variance is 0.024115328041472553
INFO:cooler._balance:variance is 0.01684512214180283
INFO:cooler._balance:variance is 0.011763925432765245
INFO:cooler._balance:variance is 0.00821706335339532
INFO:cooler._balance:variance is 0.005738640747407301
INFO:cooler._balance:variance is 0.004008313965626615
INFO:cooler._balance:variance is 0.0027993945062310143
INFO:cooler._balance:variance is 0.0019552784210014533
INFO:cooler._balance:variance is 0.0013655824805017638
INFO:cooler._balance:variance is 0.0009537986364261027
INFO:cooler._balance:variance is 0.0006661482311015202
INFO:cooler._balance:variance is 0.00046527061104000554
INFO:cooler._balance:variance is 0.00032495497438715963
INFO:cooler._balance:variance is 0.00022696302961859572
INFO:cooler._balance:variance is 0.00015851671089672138
INFO:cooler._balance:variance is 0.00011071463099303607
INFO:cooler._balance:variance is 7.73261877805801e-05
INFO:cooler._balance:variance is 5.40076387205848e-05
INFO:cooler._balance:variance is 3.772054205316429e-05
INFO:cooler._balance:variance is 2.634544596469572e-05
INFO:cooler._balance:variance is 1.8400477546804763e-05
INFO:cooler._balance:variance is 1.2851566052984624e-05
INFO:cooler._balance:variance is 8.975944414536923e-06
INFO:cooler._balance:chrM
