INFO:cooler.cli.balance:Balancing "analysis_other/porec/T2T06.hp2/cooler/T2T06.hp2_100000_balanced.cool"
INFO:cooler._balance:chr1
INFO:cooler._balance:variance is 46772.49008885569
INFO:cooler._balance:variance is 2367.0556111923624
INFO:cooler._balance:variance is 543.8398140648371
INFO:cooler._balance:variance is 177.6930434986016
INFO:cooler._balance:variance is 61.63444601794321
INFO:cooler._balance:variance is 22.65308485194563
INFO:cooler._balance:variance is 8.330212098196219
INFO:cooler._balance:variance is 3.1061848010829602
INFO:cooler._balance:variance is 1.1544893317637739
INFO:cooler._balance:variance is 0.43089343626157317
INFO:cooler._balance:variance is 0.16054659216220685
INFO:cooler._balance:variance is 0.05990283648337809
INFO:cooler._balance:variance is 0.022334749026941984
INFO:cooler._balance:variance is 0.008331726327801051
INFO:cooler._balance:variance is 0.003107187647232418
INFO:cooler._balance:variance is 0.0011589931238769145
INFO:cooler._balance:variance is 0.000432263258806633
INFO:cooler._balance:variance is 0.00016122999595363647
INFO:cooler._balance:variance is 6.0134845203289515e-05
INFO:cooler._balance:variance is 2.2429406388894136e-05
INFO:cooler._balance:variance is 8.365713324746338e-06
INFO:cooler._balance:chr2
INFO:cooler._balance:variance is 44727.80014369324
INFO:cooler._balance:variance is 3313.160029246141
INFO:cooler._balance:variance is 538.9689359830339
INFO:cooler._balance:variance is 103.2247263341264
INFO:cooler._balance:variance is 20.1862670603293
INFO:cooler._balance:variance is 4.187723663807686
INFO:cooler._balance:variance is 0.9080721594545167
INFO:cooler._balance:variance is 0.20644538119725414
INFO:cooler._balance:variance is 0.048877744496701764
INFO:cooler._balance:variance is 0.011973464296069405
INFO:cooler._balance:variance is 0.0030117430722113626
INFO:cooler._balance:variance is 0.0007725438922844403
INFO:cooler._balance:variance is 0.00020095416724034767
INFO:cooler._balance:variance is 5.278019701264476e-05
INFO:cooler._balance:variance is 1.39541711019919e-05
INFO:cooler._balance:variance is 3.7055489247340904e-06
INFO:cooler._balance:chr3
INFO:cooler._balance:variance is 35253.331488853204
INFO:cooler._balance:variance is 4326.208069896704
INFO:cooler._balance:variance is 752.28295469284
INFO:cooler._balance:variance is 185.1206750324157
INFO:cooler._balance:variance is 40.77278167089487
INFO:cooler._balance:variance is 9.855369860639932
INFO:cooler._balance:variance is 2.3828852289835765
INFO:cooler._balance:variance is 0.601438353225563
INFO:cooler._balance:variance is 0.1553250301704403
INFO:cooler._balance:variance is 0.041276996696625226
INFO:cooler._balance:variance is 0.01120795190885097
INFO:cooler._balance:variance is 0.0031021942247459657
INFO:cooler._balance:variance is 0.0008713906037088194
INFO:cooler._balance:variance is 0.00024763711381602625
INFO:cooler._balance:variance is 7.099097293738266e-05
INFO:cooler._balance:variance is 2.048435986582697e-05
INFO:cooler._balance:variance is 5.938963792720315e-06
INFO:cooler._balance:chr4
INFO:cooler._balance:variance is 35207.57466153065
INFO:cooler._balance:variance is 4426.713988696777
INFO:cooler._balance:variance is 858.2567044688899
INFO:cooler._balance:variance is 245.66145984744023
INFO:cooler._balance:variance is 63.22870383995467
INFO:cooler._balance:variance is 17.858119729777815
INFO:cooler._balance:variance is 4.948984053486453
INFO:cooler._balance:variance is 1.4074497644369102
INFO:cooler._balance:variance is 0.40003790438673154
INFO:cooler._balance:variance is 0.11468842196465054
INFO:cooler._balance:variance is 0.03293593039896603
INFO:cooler._balance:variance is 0.009490055367158082
INFO:cooler._balance:variance is 0.0027378738911035456
INFO:cooler._balance:variance is 0.0007909915949295772
INFO:cooler._balance:variance is 0.0002286850495799772
INFO:cooler._balance:variance is 6.615729811376937e-05
INFO:cooler._balance:variance is 1.914591626665981e-05
INFO:cooler._balance:variance is 5.542434154379336e-06
INFO:cooler._balance:chr5
INFO:cooler._balance:variance is 30532.26933129128
INFO:cooler._balance:variance is 2465.516221709412
INFO:cooler._balance:variance is 405.72447914086126
INFO:cooler._balance:variance is 76.5254402907104
INFO:cooler._balance:variance is 14.999561593859102
INFO:cooler._balance:variance is 3.1160408879980563
INFO:cooler._balance:variance is 0.6740651518500397
INFO:cooler._balance:variance is 0.15197005962463575
INFO:cooler._balance:variance is 0.03536468863591612
INFO:cooler._balance:variance is 0.008457049892942322
INFO:cooler._balance:variance is 0.0020647838926017813
INFO:cooler._balance:variance is 0.0005124189692490924
INFO:cooler._balance:variance is 0.00012873133598147724
INFO:cooler._balance:variance is 3.2640003111423146e-05
INFO:cooler._balance:variance is 8.332564476457024e-06
INFO:cooler._balance:chr6
INFO:cooler._balance:variance is 41935.46223949216
INFO:cooler._balance:variance is 8496.713094558974
INFO:cooler._balance:variance is 2537.6685737623684
INFO:cooler._balance:variance is 1007.4246718119426
INFO:cooler._balance:variance is 338.9578554993155
INFO:cooler._balance:variance is 127.5133896295466
INFO:cooler._balance:variance is 44.820932744717126
INFO:cooler._balance:variance is 16.460336538660993
INFO:cooler._balance:variance is 5.889026009138669
INFO:cooler._balance:variance is 2.142463188122518
INFO:cooler._balance:variance is 0.7718275557111896
INFO:cooler._balance:variance is 0.2798028543508418
INFO:cooler._balance:variance is 0.10106653957778232
INFO:cooler._balance:variance is 0.03659096288277493
INFO:cooler._balance:variance is 0.013230097350811421
INFO:cooler._balance:variance is 0.004787679667867606
INFO:cooler._balance:variance is 0.0017317183891700952
INFO:cooler._balance:variance is 0.0006265654295656972
INFO:cooler._balance:variance is 0.000226662507911819
INFO:cooler._balance:variance is 8.200553841240163e-05
INFO:cooler._balance:variance is 2.9667390178746502e-05
INFO:cooler._balance:variance is 1.073331601888059e-05
INFO:cooler._balance:variance is 3.883100947359005e-06
INFO:cooler._balance:chr7
INFO:cooler._balance:variance is 29156.177894779365
INFO:cooler._balance:variance is 2259.63045252957
INFO:cooler._balance:variance is 388.3408184613824
INFO:cooler._balance:variance is 80.79446346474955
INFO:cooler._balance:variance is 16.69958758929453
INFO:cooler._balance:variance is 3.6301390421524484
INFO:cooler._balance:variance is 0.7973389551251197
INFO:cooler._balance:variance is 0.17950505013426155
INFO:cooler._balance:variance is 0.041068938664504014
INFO:cooler._balance:variance is 0.00957301295963485
INFO:cooler._balance:variance is 0.0022678668342884394
INFO:cooler._balance:variance is 0.0005456923019542951
INFO:cooler._balance:variance is 0.0001331255763438572
INFO:cooler._balance:variance is 3.287639471031708e-05
INFO:cooler._balance:variance is 8.204453608035797e-06
INFO:cooler._balance:chrX
INFO:cooler._balance:chr9
INFO:cooler._balance:variance is 12245.506228019969
INFO:cooler._balance:variance is 1132.1868460186265
INFO:cooler._balance:variance is 358.6265710555722
INFO:cooler._balance:variance is 157.73645922490215
INFO:cooler._balance:variance is 64.18587899151036
INFO:cooler._balance:variance is 29.405182743680566
INFO:cooler._balance:variance is 12.765456305429241
INFO:cooler._balance:variance is 5.839255951151172
INFO:cooler._balance:variance is 2.6034608412872697
INFO:cooler._balance:variance is 1.1878290256191293
INFO:cooler._balance:variance is 0.5358127320458917
INFO:cooler._balance:variance is 0.2441696857607973
INFO:cooler._balance:variance is 0.1107127773708021
INFO:cooler._balance:variance is 0.05042726529970629
INFO:cooler._balance:variance is 0.022917866541279967
INFO:cooler._balance:variance is 0.010436594863624225
INFO:cooler._balance:variance is 0.004748071312965696
INFO:cooler._balance:variance is 0.00216206513686663
INFO:cooler._balance:variance is 0.000984078212048908
INFO:cooler._balance:variance is 0.00044809247856463316
INFO:cooler._balance:variance is 0.0002039951941519006
INFO:cooler._balance:variance is 9.288644329844204e-05
INFO:cooler._balance:variance is 4.229081192093877e-05
INFO:cooler._balance:variance is 1.925644068642686e-05
INFO:cooler._balance:variance is 8.767756725266017e-06
INFO:cooler._balance:chr8
INFO:cooler._balance:variance is 22362.871195127074
INFO:cooler._balance:variance is 2171.4696269065507
INFO:cooler._balance:variance is 331.77972087040354
INFO:cooler._balance:variance is 67.96509785500041
INFO:cooler._balance:variance is 12.922258096851404
INFO:cooler._balance:variance is 2.609227524133136
INFO:cooler._balance:variance is 0.5227514555609392
INFO:cooler._balance:variance is 0.10678698770882712
INFO:cooler._balance:variance is 0.021994091478437106
INFO:cooler._balance:variance is 0.004591732785967516
INFO:cooler._balance:variance is 0.0009703349865788268
INFO:cooler._balance:variance is 0.00020777571340703716
INFO:cooler._balance:variance is 4.5067692289595144e-05
INFO:cooler._balance:variance is 9.900211332876036e-06
INFO:cooler._balance:chr11
INFO:cooler._balance:variance is 25149.81952854982
INFO:cooler._balance:variance is 3983.5793270953886
INFO:cooler._balance:variance is 1213.844424764495
INFO:cooler._balance:variance is 537.3033001427842
INFO:cooler._balance:variance is 193.99091209067112
INFO:cooler._balance:variance is 81.76127303935705
INFO:cooler._balance:variance is 31.288812422626968
INFO:cooler._balance:variance is 12.794671618444763
INFO:cooler._balance:variance is 5.018675823157035
INFO:cooler._balance:variance is 2.0233760347833694
INFO:cooler._balance:variance is 0.8018064074034658
INFO:cooler._balance:variance is 0.32129882392830617
INFO:cooler._balance:variance is 0.12784995745070954
INFO:cooler._balance:variance is 0.05110258123994205
INFO:cooler._balance:variance is 0.020368400281879064
INFO:cooler._balance:variance is 0.008133033985547046
INFO:cooler._balance:variance is 0.0032438123879343873
INFO:cooler._balance:variance is 0.0012947064693121868
INFO:cooler._balance:variance is 0.0005165232405859123
INFO:cooler._balance:variance is 0.00020612619801501012
INFO:cooler._balance:variance is 8.224278094979718e-05
INFO:cooler._balance:variance is 3.281800578590414e-05
INFO:cooler._balance:variance is 1.3094687813239094e-05
INFO:cooler._balance:variance is 5.225140670773156e-06
INFO:cooler._balance:chr10
INFO:cooler._balance:variance is 28478.294739130124
INFO:cooler._balance:variance is 1948.6383616379615
INFO:cooler._balance:variance is 361.5494806179228
INFO:cooler._balance:variance is 78.68366725464465
INFO:cooler._balance:variance is 18.037618400689343
INFO:cooler._balance:variance is 4.3547452235325075
INFO:cooler._balance:variance is 1.0785126577580821
INFO:cooler._balance:variance is 0.273913399276765
INFO:cooler._balance:variance is 0.0705118466746176
INFO:cooler._balance:variance is 0.018363583961548434
INFO:cooler._balance:variance is 0.004814619926133637
INFO:cooler._balance:variance is 0.0012688968200569501
INFO:cooler._balance:variance is 0.0003354798394652406
INFO:cooler._balance:variance is 8.890161780124868e-05
INFO:cooler._balance:variance is 2.359317217679062e-05
INFO:cooler._balance:variance is 6.26770034780789e-06
INFO:cooler._balance:chr12
INFO:cooler._balance:variance is 22974.65657557268
INFO:cooler._balance:variance is 3151.390232157823
INFO:cooler._balance:variance is 727.3909021334516
INFO:cooler._balance:variance is 210.55805306306547
INFO:cooler._balance:variance is 56.865159922914835
INFO:cooler._balance:variance is 16.320173011567586
INFO:cooler._balance:variance is 4.596171005003321
INFO:cooler._balance:variance is 1.3202287549970497
INFO:cooler._balance:variance is 0.37751160750579926
INFO:cooler._balance:variance is 0.10866561065230508
INFO:cooler._balance:variance is 0.03125327677449645
INFO:cooler._balance:variance is 0.009009420147946928
INFO:cooler._balance:variance is 0.0025971415467464947
INFO:cooler._balance:variance is 0.0007492972754254068
INFO:cooler._balance:variance is 0.00021620130395258208
INFO:cooler._balance:variance is 6.240192599437187e-05
INFO:cooler._balance:variance is 1.8012408931754835e-05
INFO:cooler._balance:variance is 5.199946248121922e-06
INFO:cooler._balance:chr13
INFO:cooler._balance:variance is 16823.236870310826
INFO:cooler._balance:variance is 1317.8767066193352
INFO:cooler._balance:variance is 205.21895392511584
INFO:cooler._balance:variance is 38.99482500997582
INFO:cooler._balance:variance is 7.837396950642419
INFO:cooler._balance:variance is 1.6755727877091906
INFO:cooler._balance:variance is 0.36950843695640695
INFO:cooler._balance:variance is 0.08370314144670932
INFO:cooler._balance:variance is 0.019267910433659725
INFO:cooler._balance:variance is 0.004490391780050955
INFO:cooler._balance:variance is 0.0010548974494521775
INFO:cooler._balance:variance is 0.00024925471094153245
INFO:cooler._balance:variance is 5.912325551197009e-05
INFO:cooler._balance:variance is 1.4062146397331881e-05
INFO:cooler._balance:variance is 3.35077823972288e-06
INFO:cooler._balance:chr14
INFO:cooler._balance:variance is 17538.3354327845
INFO:cooler._balance:variance is 1738.6841240886404
INFO:cooler._balance:variance is 324.37148933893303
INFO:cooler._balance:variance is 82.45389759573627
INFO:cooler._balance:variance is 22.035045598230738
INFO:cooler._balance:variance is 6.468180174008418
INFO:cooler._balance:variance is 1.965442363276578
INFO:cooler._balance:variance is 0.6157542108914555
INFO:cooler._balance:variance is 0.19531655800894407
INFO:cooler._balance:variance is 0.06254185503416487
INFO:cooler._balance:variance is 0.020100816374852316
INFO:cooler._balance:variance is 0.00647871247646074
INFO:cooler._balance:variance is 0.0020903689093875687
INFO:cooler._balance:variance is 0.0006750322874890933
INFO:cooler._balance:variance is 0.0002180497540443594
INFO:cooler._balance:variance is 7.045246689107877e-05
INFO:cooler._balance:variance is 2.276529340432822e-05
INFO:cooler._balance:variance is 7.3567000320948155e-06
INFO:cooler._balance:chr15
INFO:cooler._balance:variance is 9215.82168029548
INFO:cooler._balance:variance is 318.8584947260911
INFO:cooler._balance:variance is 35.625393201666604
INFO:cooler._balance:variance is 5.763325800852443
INFO:cooler._balance:variance is 1.0937709427271436
INFO:cooler._balance:variance is 0.2370745068432458
INFO:cooler._balance:variance is 0.05576382083350125
INFO:cooler._balance:variance is 0.013857971905051994
INFO:cooler._balance:variance is 0.0035625903438984627
INFO:cooler._balance:variance is 0.0009353633087390145
INFO:cooler._balance:variance is 0.0002487621801664243
INFO:cooler._balance:variance is 6.667496924500176e-05
INFO:cooler._balance:variance is 1.795511656736614e-05
INFO:cooler._balance:variance is 4.8488257956812565e-06
INFO:cooler._balance:chr16
INFO:cooler._balance:variance is 10338.536523668166
INFO:cooler._balance:variance is 455.12749072652946
INFO:cooler._balance:variance is 75.80524087748844
INFO:cooler._balance:variance is 20.369227273446732
INFO:cooler._balance:variance is 6.547914485156246
INFO:cooler._balance:variance is 2.469616975022672
INFO:cooler._balance:variance is 0.9500253987244199
INFO:cooler._balance:variance is 0.3796060775252767
INFO:cooler._balance:variance is 0.151285260554025
INFO:cooler._balance:variance is 0.06091845908310588
INFO:cooler._balance:variance is 0.024468146976315244
INFO:cooler._balance:variance is 0.009860496379772234
INFO:cooler._balance:variance is 0.00396872712719717
INFO:cooler._balance:variance is 0.0015992557098857788
INFO:cooler._balance:variance is 0.0006440885804863416
INFO:cooler._balance:variance is 0.0002595172707996135
INFO:cooler._balance:variance is 0.00010454095255982466
INFO:cooler._balance:variance is 4.211930580914463e-05
INFO:cooler._balance:variance is 1.6968149100595732e-05
INFO:cooler._balance:variance is 6.836235630874851e-06
INFO:cooler._balance:chr17
INFO:cooler._balance:variance is 15757.908957907255
INFO:cooler._balance:variance is 2783.3681689145333
INFO:cooler._balance:variance is 893.2409813989754
INFO:cooler._balance:variance is 324.9761940803883
INFO:cooler._balance:variance is 114.08497701791055
INFO:cooler._balance:variance is 41.2370299480421
INFO:cooler._balance:variance is 14.692222220287368
INFO:cooler._balance:variance is 5.286802075191659
INFO:cooler._balance:variance is 1.8921697600821525
INFO:cooler._balance:variance is 0.679633439004183
INFO:cooler._balance:variance is 0.24362409724727588
INFO:cooler._balance:variance is 0.08744369478131062
INFO:cooler._balance:variance is 0.03136291590032745
INFO:cooler._balance:variance is 0.011254049902161771
INFO:cooler._balance:variance is 0.00403723623395483
INFO:cooler._balance:variance is 0.0014485501211950029
INFO:cooler._balance:variance is 0.0005196852263166206
INFO:cooler._balance:variance is 0.0001864549591766515
INFO:cooler._balance:variance is 6.689476478816909e-05
INFO:cooler._balance:variance is 2.4000481038377694e-05
INFO:cooler._balance:variance is 8.610774519710593e-06
INFO:cooler._balance:chr18
INFO:cooler._balance:variance is 11943.953799023506
INFO:cooler._balance:variance is 1061.6846380954337
INFO:cooler._balance:variance is 186.76819533325542
INFO:cooler._balance:variance is 37.76175520193354
INFO:cooler._balance:variance is 7.499770731035617
INFO:cooler._balance:variance is 1.5309174281773716
INFO:cooler._balance:variance is 0.3108806954831565
INFO:cooler._balance:variance is 0.06352491156344864
INFO:cooler._balance:variance is 0.01296659479959521
INFO:cooler._balance:variance is 0.0026504048439527144
INFO:cooler._balance:variance is 0.0005416447821996133
INFO:cooler._balance:variance is 0.00011072660275553533
INFO:cooler._balance:variance is 2.2634814434301843e-05
INFO:cooler._balance:variance is 4.627352510220897e-06
INFO:cooler._balance:chr20
INFO:cooler._balance:variance is 5484.672308355368
INFO:cooler._balance:variance is 298.3402366053135
INFO:cooler._balance:variance is 66.12813104507764
INFO:cooler._balance:variance is 20.59272493350101
INFO:cooler._balance:variance is 7.093028342696992
INFO:cooler._balance:variance is 2.548697600280451
INFO:cooler._balance:variance is 0.9267385167816986
INFO:cooler._balance:variance is 0.339822425236835
INFO:cooler._balance:variance is 0.12487964716457572
INFO:cooler._balance:variance is 0.04598849371635844
INFO:cooler._balance:variance is 0.01694601504288295
INFO:cooler._balance:variance is 0.0062480127287517775
INFO:cooler._balance:variance is 0.0023041051879799093
INFO:cooler._balance:variance is 0.0008498423868031655
INFO:cooler._balance:variance is 0.0003134758484308487
INFO:cooler._balance:variance is 0.00011563599680206571
INFO:cooler._balance:variance is 4.2657184968235744e-05
INFO:cooler._balance:variance is 1.5736156947021128e-05
INFO:cooler._balance:variance is 5.8050857123703105e-06
INFO:cooler._balance:chrY
INFO:cooler._balance:chr19
INFO:cooler._balance:variance is 20442.15711173257
INFO:cooler._balance:variance is 5031.310856357663
INFO:cooler._balance:variance is 1104.3742912864452
INFO:cooler._balance:variance is 435.31566565047683
INFO:cooler._balance:variance is 129.52579308287966
INFO:cooler._balance:variance is 46.01204960704775
INFO:cooler._balance:variance is 14.93911506344353
INFO:cooler._balance:variance is 5.127793454495752
INFO:cooler._balance:variance is 1.7121369399787134
INFO:cooler._balance:variance is 0.5819668355273193
INFO:cooler._balance:variance is 0.19616744354103066
INFO:cooler._balance:variance is 0.06651624356023232
INFO:cooler._balance:variance is 0.022498776859767065
INFO:cooler._balance:variance is 0.007625748766109343
INFO:cooler._balance:variance is 0.0025829249232041367
INFO:cooler._balance:variance is 0.0008755259026201899
INFO:cooler._balance:variance is 0.0002967285005116196
INFO:cooler._balance:variance is 0.00010059555069276897
INFO:cooler._balance:variance is 3.410301305597342e-05
INFO:cooler._balance:variance is 1.1562767844879881e-05
INFO:cooler._balance:variance is 3.920472382743061e-06
INFO:cooler._balance:chr22
INFO:cooler._balance:variance is 9713.642534673963
INFO:cooler._balance:variance is 1039.4224452578435
INFO:cooler._balance:variance is 335.9993784242681
INFO:cooler._balance:variance is 106.16231287895062
INFO:cooler._balance:variance is 39.22934894165611
INFO:cooler._balance:variance is 13.510511841479687
INFO:cooler._balance:variance is 4.906070741712695
INFO:cooler._balance:variance is 1.7302360839182018
INFO:cooler._balance:variance is 0.6217632300428054
INFO:cooler._balance:variance is 0.22103993867429148
INFO:cooler._balance:variance is 0.07910730190668824
INFO:cooler._balance:variance is 0.028202017500396272
INFO:cooler._balance:variance is 0.010078047076866051
INFO:cooler._balance:variance is 0.003596418359889212
INFO:cooler._balance:variance is 0.001284493225302476
INFO:cooler._balance:variance is 0.00045854079800701904
INFO:cooler._balance:variance is 0.00016374015690417935
INFO:cooler._balance:variance is 5.845953985716919e-05
INFO:cooler._balance:variance is 2.0873837641034603e-05
INFO:cooler._balance:variance is 7.452837883743373e-06
INFO:cooler._balance:chr21
INFO:cooler._balance:variance is 7642.560356652949
INFO:cooler._balance:variance is 674.7463620800153
INFO:cooler._balance:variance is 139.97033925877955
INFO:cooler._balance:variance is 44.50134579988415
INFO:cooler._balance:variance is 17.746989768512293
INFO:cooler._balance:variance is 8.4742198464375
INFO:cooler._balance:variance is 4.236338173421395
INFO:cooler._balance:variance is 2.237275685920137
INFO:cooler._balance:variance is 1.176144632525289
INFO:cooler._balance:variance is 0.630148797691472
INFO:cooler._balance:variance is 0.33508393856255764
INFO:cooler._balance:variance is 0.1796438455872627
INFO:cooler._balance:variance is 0.09584843082329962
INFO:cooler._balance:variance is 0.05134401360302966
INFO:cooler._balance:variance is 0.027430278781979324
INFO:cooler._balance:variance is 0.014684616198826857
INFO:cooler._balance:variance is 0.007849932234361853
INFO:cooler._balance:variance is 0.004200860976019448
INFO:cooler._balance:variance is 0.002246330759572423
INFO:cooler._balance:variance is 0.0012018712015085815
INFO:cooler._balance:variance is 0.0006427794054477982
INFO:cooler._balance:variance is 0.0003438733177709882
INFO:cooler._balance:variance is 0.00018392411214233431
INFO:cooler._balance:variance is 9.838968019642988e-05
INFO:cooler._balance:variance is 5.262703711032621e-05
INFO:cooler._balance:variance is 2.815179202739401e-05
INFO:cooler._balance:variance is 1.5058288887940854e-05
INFO:cooler._balance:variance is 8.05499693824019e-06
INFO:cooler._balance:chrM
