INFO:cooler.cli.balance:Balancing "analysis_other/porec/T2T03.hp1/cooler/T2T03.hp1_25000_balanced.cool"
INFO:cooler._balance:chr1
INFO:cooler._balance:variance is 15881318.676691638
INFO:cooler._balance:variance is 80646.37923355392
INFO:cooler._balance:variance is 19358.862976795772
INFO:cooler._balance:variance is 7123.309898560707
INFO:cooler._balance:variance is 2693.5265405426912
INFO:cooler._balance:variance is 1133.9246243640127
INFO:cooler._balance:variance is 480.6235300323746
INFO:cooler._balance:variance is 209.71204170482494
INFO:cooler._balance:variance is 91.30525352715367
INFO:cooler._balance:variance is 40.11444198932147
INFO:cooler._balance:variance is 17.581923923325554
INFO:cooler._balance:variance is 7.731149953148078
INFO:cooler._balance:variance is 3.394864063991033
INFO:cooler._balance:variance is 1.4926473759636611
INFO:cooler._balance:variance is 0.655838912285038
INFO:cooler._balance:variance is 0.2883157676901668
INFO:cooler._balance:variance is 0.12670772442451161
INFO:cooler._balance:variance is 0.05569761283918849
INFO:cooler._balance:variance is 0.024479837836073198
INFO:cooler._balance:variance is 0.010760273082304527
INFO:cooler._balance:variance is 0.004729450213403132
INFO:cooler._balance:variance is 0.0020788190955531457
INFO:cooler._balance:variance is 0.000913714712580011
INFO:cooler._balance:variance is 0.0004016175799283696
INFO:cooler._balance:variance is 0.00017652631940664662
INFO:cooler._balance:variance is 7.75907239131375e-05
INFO:cooler._balance:variance is 3.410419377117034e-05
INFO:cooler._balance:variance is 1.4990197157516201e-05
INFO:cooler._balance:variance is 6.588793046803124e-06
INFO:cooler._balance:chr2
INFO:cooler._balance:variance is 611169.0135418057
INFO:cooler._balance:variance is 54889.76951461541
INFO:cooler._balance:variance is 10710.734406718846
INFO:cooler._balance:variance is 2504.606764240233
INFO:cooler._balance:variance is 574.4179091570901
INFO:cooler._balance:variance is 136.9922488570574
INFO:cooler._balance:variance is 32.96238026291036
INFO:cooler._balance:variance is 8.142713466338417
INFO:cooler._balance:variance is 2.0600195771600625
INFO:cooler._balance:variance is 0.5375167962106454
INFO:cooler._balance:variance is 0.14484394417196253
INFO:cooler._balance:variance is 0.04036882654131264
INFO:cooler._balance:variance is 0.011618223643673068
INFO:cooler._balance:variance is 0.0034424360762273826
INFO:cooler._balance:variance is 0.001045527677075434
INFO:cooler._balance:variance is 0.00032398413639291447
INFO:cooler._balance:variance is 0.00010197686655673151
INFO:cooler._balance:variance is 3.2479123306102835e-05
INFO:cooler._balance:variance is 1.0434785191979651e-05
INFO:cooler._balance:variance is 3.3736217778151086e-06
INFO:cooler._balance:chr3
INFO:cooler._balance:variance is 373534.8730955581
INFO:cooler._balance:variance is 52654.21088603072
INFO:cooler._balance:variance is 9158.21421905249
INFO:cooler._balance:variance is 2394.1050345485605
INFO:cooler._balance:variance is 557.4033634023913
INFO:cooler._balance:variance is 142.64548799095002
INFO:cooler._balance:variance is 35.98830412566955
INFO:cooler._balance:variance is 9.422348365345806
INFO:cooler._balance:variance is 2.50467873280847
INFO:cooler._balance:variance is 0.6857543606117245
INFO:cooler._balance:variance is 0.1926760996918533
INFO:cooler._balance:variance is 0.055750760039727044
INFO:cooler._balance:variance is 0.016579441305178952
INFO:cooler._balance:variance is 0.005059881736105365
INFO:cooler._balance:variance is 0.0015793872267190554
INFO:cooler._balance:variance is 0.0005024711365770409
INFO:cooler._balance:variance is 0.00016233367416150423
INFO:cooler._balance:variance is 5.3083231974509324e-05
INFO:cooler._balance:variance is 1.7519591866722665e-05
INFO:cooler._balance:variance is 5.8225627262703946e-06
INFO:cooler._balance:chr4
INFO:cooler._balance:variance is 326302.6129787955
INFO:cooler._balance:variance is 48805.02204127325
INFO:cooler._balance:variance is 12144.118207181366
INFO:cooler._balance:variance is 3876.884619589803
INFO:cooler._balance:variance is 1207.218135894669
INFO:cooler._balance:variance is 406.4637929186909
INFO:cooler._balance:variance is 136.4252333392479
INFO:cooler._balance:variance is 47.13178792556216
INFO:cooler._balance:variance is 16.303317675012124
INFO:cooler._balance:variance is 5.700801712238935
INFO:cooler._balance:variance is 1.9959552154133264
INFO:cooler._balance:variance is 0.7016862853081776
INFO:cooler._balance:variance is 0.246866821747795
INFO:cooler._balance:variance is 0.08698907927704752
INFO:cooler._balance:variance is 0.030664250215741637
INFO:cooler._balance:variance is 0.01081597607316098
INFO:cooler._balance:variance is 0.003815726834103147
INFO:cooler._balance:variance is 0.0013464605985378268
INFO:cooler._balance:variance is 0.00047516627848234895
INFO:cooler._balance:variance is 0.00016770242094276777
INFO:cooler._balance:variance is 5.919007596188757e-05
INFO:cooler._balance:variance is 2.0891769741248718e-05
INFO:cooler._balance:variance is 7.3740913973743296e-06
INFO:cooler._balance:chr5
INFO:cooler._balance:variance is 425794.42855281645
INFO:cooler._balance:variance is 46970.74535979041
INFO:cooler._balance:variance is 8941.034257499381
INFO:cooler._balance:variance is 1950.093329291615
INFO:cooler._balance:variance is 433.00666754983837
INFO:cooler._balance:variance is 101.3881904221058
INFO:cooler._balance:variance is 24.475356639607952
INFO:cooler._balance:variance is 6.144933637147371
INFO:cooler._balance:variance is 1.5909739337565543
INFO:cooler._balance:variance is 0.4249008109859298
INFO:cooler._balance:variance is 0.11643073158898333
INFO:cooler._balance:variance is 0.03264540430991546
INFO:cooler._balance:variance is 0.0093271604201862
INFO:cooler._balance:variance is 0.0027070696069483808
INFO:cooler._balance:variance is 0.0007956475803327965
INFO:cooler._balance:variance is 0.00023622939535858164
INFO:cooler._balance:variance is 7.069790463569734e-05
INFO:cooler._balance:variance is 2.1290996762569948e-05
INFO:cooler._balance:variance is 6.443174745898353e-06
INFO:cooler._balance:chr6
INFO:cooler._balance:variance is 479377.81635685137
INFO:cooler._balance:variance is 104928.28060397657
INFO:cooler._balance:variance is 39814.15875740359
INFO:cooler._balance:variance is 21640.98534223098
INFO:cooler._balance:variance is 9294.123031150384
INFO:cooler._balance:variance is 4810.668837823631
INFO:cooler._balance:variance is 2184.898457837198
INFO:cooler._balance:variance is 1093.9252106314036
INFO:cooler._balance:variance is 511.7851991768786
INFO:cooler._balance:variance is 251.60399158879937
INFO:cooler._balance:variance is 119.5278150953837
INFO:cooler._balance:variance is 58.206626981561726
INFO:cooler._balance:variance is 27.866224153938717
INFO:cooler._balance:variance is 13.504845860998811
INFO:cooler._balance:variance is 6.490223464261729
INFO:cooler._balance:variance is 3.137816259563191
INFO:cooler._balance:variance is 1.5108267611237043
INFO:cooler._balance:variance is 0.7295704452128918
INFO:cooler._balance:variance is 0.3516032136794592
INFO:cooler._balance:variance is 0.16968861723254128
INFO:cooler._balance:variance is 0.08181477241888928
INFO:cooler._balance:variance is 0.03947373813123769
INFO:cooler._balance:variance is 0.01903622735701869
INFO:cooler._balance:variance is 0.009183270770896567
INFO:cooler._balance:variance is 0.004429097481388569
INFO:cooler._balance:variance is 0.0021364985366134227
INFO:cooler._balance:variance is 0.0010304864078823992
INFO:cooler._balance:variance is 0.000497067646800167
INFO:cooler._balance:variance is 0.00023975390202491935
INFO:cooler._balance:variance is 0.00011564638665924253
INFO:cooler._balance:variance is 5.578113214152897e-05
INFO:cooler._balance:variance is 2.690607790101543e-05
INFO:cooler._balance:variance is 1.297800968721841e-05
INFO:cooler._balance:variance is 6.2599312284054435e-06
INFO:cooler._balance:chr7
INFO:cooler._balance:variance is 392663.43060537736
INFO:cooler._balance:variance is 44884.23724146682
INFO:cooler._balance:variance is 10090.69876826098
INFO:cooler._balance:variance is 3051.6906878422005
INFO:cooler._balance:variance is 821.9102289773422
INFO:cooler._balance:variance is 238.7686900807871
INFO:cooler._balance:variance is 66.89258946680556
INFO:cooler._balance:variance is 19.149740688080495
INFO:cooler._balance:variance is 5.423546132608015
INFO:cooler._balance:variance is 1.545734448040461
INFO:cooler._balance:variance is 0.4391878945130356
INFO:cooler._balance:variance is 0.1250207100938125
INFO:cooler._balance:variance is 0.035559608885723
INFO:cooler._balance:variance is 0.010120421623192754
INFO:cooler._balance:variance is 0.002879856329752838
INFO:cooler._balance:variance is 0.0008196993575320987
INFO:cooler._balance:variance is 0.00023332172056770689
INFO:cooler._balance:variance is 6.642421035906353e-05
INFO:cooler._balance:variance is 1.8912247110637787e-05
INFO:cooler._balance:variance is 5.385461951610969e-06
INFO:cooler._balance:chrX
INFO:cooler._balance:variance is 279192.842209633
INFO:cooler._balance:variance is 4763.730931186254
INFO:cooler._balance:variance is 419.17324703741167
INFO:cooler._balance:variance is 48.3784782486175
INFO:cooler._balance:variance is 6.708629212159363
INFO:cooler._balance:variance is 1.1467676799304876
INFO:cooler._balance:variance is 0.23269271712928533
INFO:cooler._balance:variance is 0.05264780731478185
INFO:cooler._balance:variance is 0.012599686903871988
INFO:cooler._balance:variance is 0.0030946175647915157
INFO:cooler._balance:variance is 0.0007688582613607831
INFO:cooler._balance:variance is 0.00019197165732132965
INFO:cooler._balance:variance is 4.80357044052302e-05
INFO:cooler._balance:variance is 1.203074040915984e-05
INFO:cooler._balance:variance is 3.0143700338759285e-06
INFO:cooler._balance:chr9
INFO:cooler._balance:variance is 201597.57155405515
INFO:cooler._balance:variance is 39304.12360959656
INFO:cooler._balance:variance is 14749.448644178374
INFO:cooler._balance:variance is 6664.317674068328
INFO:cooler._balance:variance is 2883.9479239633074
INFO:cooler._balance:variance is 1381.6380998658267
INFO:cooler._balance:variance is 641.01442500749
INFO:cooler._balance:variance is 321.3248889828741
INFO:cooler._balance:variance is 158.56332786569234
INFO:cooler._balance:variance is 82.74625758380805
INFO:cooler._balance:variance is 42.96000534835532
INFO:cooler._balance:variance is 23.142235901959438
INFO:cooler._balance:variance is 12.460103980941357
INFO:cooler._balance:variance is 6.861194058361925
INFO:cooler._balance:variance is 3.7810349837829387
INFO:cooler._balance:variance is 2.110788512662315
INFO:cooler._balance:variance is 1.1793009296538848
INFO:cooler._balance:variance is 0.6636473242782596
INFO:cooler._balance:variance is 0.37366719242288055
INFO:cooler._balance:variance is 0.2112263337732942
INFO:cooler._balance:variance is 0.11943903297119236
INFO:cooler._balance:variance is 0.06768257155614579
INFO:cooler._balance:variance is 0.03835993158140917
INFO:cooler._balance:variance is 0.021766292425552333
INFO:cooler._balance:variance is 0.012351649506691232
INFO:cooler._balance:variance is 0.007013581788447733
INFO:cooler._balance:variance is 0.003982627668207697
INFO:cooler._balance:variance is 0.0022622923419090045
INFO:cooler._balance:variance is 0.0012850899774884792
INFO:cooler._balance:variance is 0.0007301290482044503
INFO:cooler._balance:variance is 0.000414827384795509
INFO:cooler._balance:variance is 0.00023571086197225137
INFO:cooler._balance:variance is 0.00013393430575941174
INFO:cooler._balance:variance is 7.610765787178118e-05
INFO:cooler._balance:variance is 4.324783856715473e-05
INFO:cooler._balance:variance is 2.4576145984081445e-05
INFO:cooler._balance:variance is 1.3965696417420623e-05
INFO:cooler._balance:variance is 7.936312029645055e-06
INFO:cooler._balance:chr8
INFO:cooler._balance:variance is 221460.4906886326
INFO:cooler._balance:variance is 15276.262458244515
INFO:cooler._balance:variance is 2805.098332736651
INFO:cooler._balance:variance is 647.2947439556345
INFO:cooler._balance:variance is 154.7382516297486
INFO:cooler._balance:variance is 38.76527980116896
INFO:cooler._balance:variance is 9.87000624170747
INFO:cooler._balance:variance is 2.5600967403820363
INFO:cooler._balance:variance is 0.6718447518699087
INFO:cooler._balance:variance is 0.1784267765941993
INFO:cooler._balance:variance is 0.0478590566544155
INFO:cooler._balance:variance is 0.012959667984037339
INFO:cooler._balance:variance is 0.0035393210347699055
INFO:cooler._balance:variance is 0.0009741970429630491
INFO:cooler._balance:variance is 0.00027003630112207685
INFO:cooler._balance:variance is 7.532216591737163e-05
INFO:cooler._balance:variance is 2.112639557163819e-05
INFO:cooler._balance:variance is 5.954254399748527e-06
INFO:cooler._balance:chr11
INFO:cooler._balance:variance is 366218.215910177
INFO:cooler._balance:variance is 131435.3042311551
INFO:cooler._balance:variance is 40264.741304331095
INFO:cooler._balance:variance is 24091.99448461983
INFO:cooler._balance:variance is 9204.665032745832
INFO:cooler._balance:variance is 4902.051829619279
INFO:cooler._balance:variance is 2071.6193403062566
INFO:cooler._balance:variance is 1032.6113966017228
INFO:cooler._balance:variance is 459.0849720251278
INFO:cooler._balance:variance is 221.19393979425897
INFO:cooler._balance:variance is 100.83334142143478
INFO:cooler._balance:variance is 47.77433780258141
INFO:cooler._balance:variance is 22.04418509508591
INFO:cooler._balance:variance is 10.359925199626796
INFO:cooler._balance:variance is 4.8081113365197865
INFO:cooler._balance:variance is 2.2508765955474286
INFO:cooler._balance:variance is 1.0475215796963295
INFO:cooler._balance:variance is 0.48948741133034107
INFO:cooler._balance:variance is 0.22809463983063633
INFO:cooler._balance:variance is 0.10649204605342785
INFO:cooler._balance:variance is 0.049654046556462224
INFO:cooler._balance:variance is 0.023172872910022707
INFO:cooler._balance:variance is 0.010807890702389543
INFO:cooler._balance:variance is 0.00504293384343091
INFO:cooler._balance:variance is 0.0023523509727964623
INFO:cooler._balance:variance is 0.0010975028038367489
INFO:cooler._balance:variance is 0.0005119782097962213
INFO:cooler._balance:variance is 0.00023885638127453432
INFO:cooler._balance:variance is 0.00011142824400141478
INFO:cooler._balance:variance is 5.198429709021503e-05
INFO:cooler._balance:variance is 2.425138203196423e-05
INFO:cooler._balance:variance is 1.1313824054175205e-05
INFO:cooler._balance:variance is 5.2780862188656805e-06
INFO:cooler._balance:chr10
INFO:cooler._balance:variance is 475670.48961203854
INFO:cooler._balance:variance is 25886.38019643266
INFO:cooler._balance:variance is 5323.348304583828
INFO:cooler._balance:variance is 1344.1204971989148
INFO:cooler._balance:variance is 338.22756558585803
INFO:cooler._balance:variance is 89.11367086818457
INFO:cooler._balance:variance is 23.73980497517253
INFO:cooler._balance:variance is 6.458220429985227
INFO:cooler._balance:variance is 1.7804937269931709
INFO:cooler._balance:variance is 0.4984878923488556
INFO:cooler._balance:variance is 0.14140972518143974
INFO:cooler._balance:variance is 0.04065234129999587
INFO:cooler._balance:variance is 0.011829031793892568
INFO:cooler._balance:variance is 0.003481852927573369
INFO:cooler._balance:variance is 0.0010355831776667466
INFO:cooler._balance:variance is 0.0003109270829535092
INFO:cooler._balance:variance is 9.413363155323321e-05
INFO:cooler._balance:variance is 2.8707602087347208e-05
INFO:cooler._balance:variance is 8.809883923861555e-06
INFO:cooler._balance:chr12
INFO:cooler._balance:variance is 390413.883002028
INFO:cooler._balance:variance is 92874.94967159217
INFO:cooler._balance:variance is 26964.714809618836
INFO:cooler._balance:variance is 10694.422778489583
INFO:cooler._balance:variance is 3655.593197390108
INFO:cooler._balance:variance is 1384.7090879003904
INFO:cooler._balance:variance is 496.40157149247534
INFO:cooler._balance:variance is 184.70209102782357
INFO:cooler._balance:variance is 67.34224797672155
INFO:cooler._balance:variance is 24.89317021596152
INFO:cooler._balance:variance is 9.133155779998985
INFO:cooler._balance:variance is 3.3680942552965796
INFO:cooler._balance:variance is 1.2386595263889195
INFO:cooler._balance:variance is 0.4564024802760051
INFO:cooler._balance:variance is 0.167998710455865
INFO:cooler._balance:variance is 0.0618832333475118
INFO:cooler._balance:variance is 0.02278663238228284
INFO:cooler._balance:variance is 0.00839272117622427
INFO:cooler._balance:variance is 0.0030907745307481712
INFO:cooler._balance:variance is 0.0011383481086668812
INFO:cooler._balance:variance is 0.0004192391450928181
INFO:cooler._balance:variance is 0.00015440621757057513
INFO:cooler._balance:variance is 5.6866980965595843e-05
INFO:cooler._balance:variance is 2.0944098096134675e-05
INFO:cooler._balance:variance is 7.713659179954504e-06
INFO:cooler._balance:chr13
INFO:cooler._balance:variance is 190101.89869153925
INFO:cooler._balance:variance is 10060.94778900461
INFO:cooler._balance:variance is 1296.7109013128763
INFO:cooler._balance:variance is 235.26957053558044
INFO:cooler._balance:variance is 46.631958829309056
INFO:cooler._balance:variance is 10.779086655489401
INFO:cooler._balance:variance is 2.735388615947504
INFO:cooler._balance:variance is 0.7453526567439867
INFO:cooler._balance:variance is 0.21207623246965246
INFO:cooler._balance:variance is 0.06207044809743467
INFO:cooler._balance:variance is 0.018494250175417185
INFO:cooler._balance:variance is 0.005576538775057475
INFO:cooler._balance:variance is 0.001695082804018113
INFO:cooler._balance:variance is 0.0005181425047824006
INFO:cooler._balance:variance is 0.00015900837412632932
INFO:cooler._balance:variance is 4.893374857672877e-05
INFO:cooler._balance:variance is 1.5089296350230995e-05
INFO:cooler._balance:variance is 4.659667909804596e-06
INFO:cooler._balance:chr14
INFO:cooler._balance:variance is 189429.0429623145
INFO:cooler._balance:variance is 26898.94721499264
INFO:cooler._balance:variance is 5488.104584943106
INFO:cooler._balance:variance is 1564.378934151171
INFO:cooler._balance:variance is 443.60728336317595
INFO:cooler._balance:variance is 146.78627586566716
INFO:cooler._balance:variance is 51.325211326555696
INFO:cooler._balance:variance is 19.363095233253603
INFO:cooler._balance:variance is 7.586193454360125
INFO:cooler._balance:variance is 3.0674760907338987
INFO:cooler._balance:variance is 1.2602390074294432
INFO:cooler._balance:variance is 0.5237701358393311
INFO:cooler._balance:variance is 0.21891886246377476
INFO:cooler._balance:variance is 0.09187109186874798
INFO:cooler._balance:variance is 0.0386275634400194
INFO:cooler._balance:variance is 0.016263888890968834
INFO:cooler._balance:variance is 0.0068520769582719986
INFO:cooler._balance:variance is 0.0028882367297590004
INFO:cooler._balance:variance is 0.0012176762345946451
INFO:cooler._balance:variance is 0.0005134592858026689
INFO:cooler._balance:variance is 0.00021652545778910756
INFO:cooler._balance:variance is 9.13142937529368e-05
INFO:cooler._balance:variance is 3.851038393818886e-05
INFO:cooler._balance:variance is 1.624151858522844e-05
INFO:cooler._balance:variance is 6.849807692918014e-06
INFO:cooler._balance:chr15
INFO:cooler._balance:variance is 262967.0777247848
INFO:cooler._balance:variance is 17055.245309862246
INFO:cooler._balance:variance is 2917.56286470045
INFO:cooler._balance:variance is 599.8134659926862
INFO:cooler._balance:variance is 126.18733988733888
INFO:cooler._balance:variance is 28.189130636157422
INFO:cooler._balance:variance is 6.566648921222161
INFO:cooler._balance:variance is 1.6168352057365953
INFO:cooler._balance:variance is 0.42165021059218494
INFO:cooler._balance:variance is 0.11662323548328161
INFO:cooler._balance:variance is 0.03403892253574227
INFO:cooler._balance:variance is 0.010389398216288261
INFO:cooler._balance:variance is 0.0032817389667223243
INFO:cooler._balance:variance is 0.0010623673094787972
INFO:cooler._balance:variance is 0.0003497353793900375
INFO:cooler._balance:variance is 0.00011641612324764591
INFO:cooler._balance:variance is 3.9030104435513525e-05
INFO:cooler._balance:variance is 1.314512923609338e-05
INFO:cooler._balance:variance is 4.4399789410860395e-06
INFO:cooler._balance:chr16
INFO:cooler._balance:variance is 4082380.0002704463
INFO:cooler._balance:variance is 41226.02680760441
INFO:cooler._balance:variance is 14504.409239406123
INFO:cooler._balance:variance is 7900.146534918928
INFO:cooler._balance:variance is 3544.036763576203
INFO:cooler._balance:variance is 1910.2460343231367
INFO:cooler._balance:variance is 921.4972690671556
INFO:cooler._balance:variance is 485.0374597621278
INFO:cooler._balance:variance is 241.00178640306885
INFO:cooler._balance:variance is 125.01137206566881
INFO:cooler._balance:variance is 62.955057233869404
INFO:cooler._balance:variance is 32.39650213408051
INFO:cooler._balance:variance is 16.42060101203836
INFO:cooler._balance:variance is 8.414642412169947
INFO:cooler._balance:variance is 4.278774349590797
INFO:cooler._balance:variance is 2.1878724799501725
INFO:cooler._balance:variance is 1.1143103814431756
INFO:cooler._balance:variance is 0.5691448927527599
INFO:cooler._balance:variance is 0.2901094051588562
INFO:cooler._balance:variance is 0.148091198419653
INFO:cooler._balance:variance is 0.07551766636131782
INFO:cooler._balance:variance is 0.038537935845525964
INFO:cooler._balance:variance is 0.019656201596381713
INFO:cooler._balance:variance is 0.010029384637147804
INFO:cooler._balance:variance is 0.005116020074697209
INFO:cooler._balance:variance is 0.0026101990464108683
INFO:cooler._balance:variance is 0.0013315437616133836
INFO:cooler._balance:variance is 0.0006793284886907935
INFO:cooler._balance:variance is 0.0003465563145884724
INFO:cooler._balance:variance is 0.00017680295578806717
INFO:cooler._balance:variance is 9.019650678233362e-05
INFO:cooler._balance:variance is 4.601516607225395e-05
INFO:cooler._balance:variance is 2.3474932779713224e-05
INFO:cooler._balance:variance is 1.1976043725115171e-05
INFO:cooler._balance:variance is 6.10967841998222e-06
INFO:cooler._balance:chr17
INFO:cooler._balance:variance is 193453.1064482439
INFO:cooler._balance:variance is 30668.09569494639
INFO:cooler._balance:variance is 10150.906270788699
INFO:cooler._balance:variance is 4233.916726693354
INFO:cooler._balance:variance is 1756.5767713799014
INFO:cooler._balance:variance is 762.5777659170228
INFO:cooler._balance:variance is 329.9886379067345
INFO:cooler._balance:variance is 144.18351988641302
INFO:cooler._balance:variance is 62.95578766018164
INFO:cooler._balance:variance is 27.546518958512575
INFO:cooler._balance:variance is 12.052448987313708
INFO:cooler._balance:variance is 5.275641886683282
INFO:cooler._balance:variance is 2.3093910790980585
INFO:cooler._balance:variance is 1.011008647486927
INFO:cooler._balance:variance is 0.44262061094739064
INFO:cooler._balance:variance is 0.1937813773911235
INFO:cooler._balance:variance is 0.08484064110772423
INFO:cooler._balance:variance is 0.03714450124410948
INFO:cooler._balance:variance is 0.01626264289428009
INFO:cooler._balance:variance is 0.007120105442931295
INFO:cooler._balance:variance is 0.003117343623483055
INFO:cooler._balance:variance is 0.001364841404064227
INFO:cooler._balance:variance is 0.0005975594306520477
INFO:cooler._balance:variance is 0.0002616252515313311
INFO:cooler._balance:variance is 0.00011454572039155696
INFO:cooler._balance:variance is 5.0150805454087005e-05
INFO:cooler._balance:variance is 2.1957215228045184e-05
INFO:cooler._balance:variance is 9.613389391635292e-06
INFO:cooler._balance:chr18
INFO:cooler._balance:variance is 173884.6102497974
INFO:cooler._balance:variance is 15925.618598169069
INFO:cooler._balance:variance is 3114.5788880904906
INFO:cooler._balance:variance is 709.5970612482336
INFO:cooler._balance:variance is 163.39432055308833
INFO:cooler._balance:variance is 38.97813114969015
INFO:cooler._balance:variance is 9.326009008739788
INFO:cooler._balance:variance is 2.2531326049666993
INFO:cooler._balance:variance is 0.5450872763694982
INFO:cooler._balance:variance is 0.13224984615643715
INFO:cooler._balance:variance is 0.03210853920654982
INFO:cooler._balance:variance is 0.007802922762441191
INFO:cooler._balance:variance is 0.0018968886650121484
INFO:cooler._balance:variance is 0.0004612952509760451
INFO:cooler._balance:variance is 0.00011219909217444805
INFO:cooler._balance:variance is 2.7293736794033714e-05
INFO:cooler._balance:variance is 6.640076882672488e-06
INFO:cooler._balance:chr20
INFO:cooler._balance:variance is 197353.08932717144
INFO:cooler._balance:variance is 12053.440871206592
INFO:cooler._balance:variance is 2718.9049254121014
INFO:cooler._balance:variance is 698.3188513050866
INFO:cooler._balance:variance is 184.1841196241335
INFO:cooler._balance:variance is 49.405016352789715
INFO:cooler._balance:variance is 13.370841003451885
INFO:cooler._balance:variance is 3.6448962808080605
INFO:cooler._balance:variance is 1.0003805973405522
INFO:cooler._balance:variance is 0.2764479279391977
INFO:cooler._balance:variance is 0.07696708470163585
INFO:cooler._balance:variance is 0.021613455550823165
INFO:cooler._balance:variance is 0.006132347853228664
INFO:cooler._balance:variance is 0.0017629698737235756
INFO:cooler._balance:variance is 0.0005156744539661757
INFO:cooler._balance:variance is 0.00015439987236256106
INFO:cooler._balance:variance is 4.769983335963275e-05
INFO:cooler._balance:variance is 1.5350688470110373e-05
INFO:cooler._balance:variance is 5.194844635328988e-06
INFO:cooler._balance:chrY
INFO:cooler._balance:chr19
INFO:cooler._balance:variance is 359272.6747908704
INFO:cooler._balance:variance is 123000.86372253064
INFO:cooler._balance:variance is 28965.73794250564
INFO:cooler._balance:variance is 11975.36835352723
INFO:cooler._balance:variance is 3797.6480734436113
INFO:cooler._balance:variance is 1474.1224783879884
INFO:cooler._balance:variance is 530.0592264704455
INFO:cooler._balance:variance is 205.07482850304163
INFO:cooler._balance:variance is 77.9168629944015
INFO:cooler._balance:variance is 30.42903530026795
INFO:cooler._balance:variance is 11.852582894905606
INFO:cooler._balance:variance is 4.667302972793128
INFO:cooler._balance:variance is 1.8390999828292114
INFO:cooler._balance:variance is 0.7279858461314928
INFO:cooler._balance:variance is 0.28842879518866615
INFO:cooler._balance:variance is 0.11450426940761717
INFO:cooler._balance:variance is 0.045486278369881575
INFO:cooler._balance:variance is 0.018085619194281293
INFO:cooler._balance:variance is 0.007193622042489339
INFO:cooler._balance:variance is 0.00286250182341342
INFO:cooler._balance:variance is 0.0011392836965580851
INFO:cooler._balance:variance is 0.00045352932357236366
INFO:cooler._balance:variance is 0.00018056151262211198
INFO:cooler._balance:variance is 7.189307127302623e-05
INFO:cooler._balance:variance is 2.862680085344873e-05
INFO:cooler._balance:variance is 1.1399321499080353e-05
INFO:cooler._balance:variance is 4.539389039484849e-06
INFO:cooler._balance:chr22
INFO:cooler._balance:variance is 125973.65114448758
INFO:cooler._balance:variance is 10522.84972948756
INFO:cooler._balance:variance is 1845.5591355736499
INFO:cooler._balance:variance is 437.0020907306685
INFO:cooler._balance:variance is 123.58782565895325
INFO:cooler._balance:variance is 42.809375068769725
INFO:cooler._balance:variance is 17.0100941624722
INFO:cooler._balance:variance is 7.306341266063527
INFO:cooler._balance:variance is 3.2944514019466116
INFO:cooler._balance:variance is 1.5141545006575274
INFO:cooler._balance:variance is 0.7064462125069118
INFO:cooler._balance:variance is 0.33092438629201526
INFO:cooler._balance:variance is 0.15579053254346295
INFO:cooler._balance:variance is 0.07338801919910863
INFO:cooler._balance:variance is 0.03463271739758918
INFO:cooler._balance:variance is 0.016342913646603455
INFO:cooler._balance:variance is 0.007717390385314725
INFO:cooler._balance:variance is 0.003643856014032691
INFO:cooler._balance:variance is 0.001720966261458515
INFO:cooler._balance:variance is 0.0008127324757163132
INFO:cooler._balance:variance is 0.0003838606581865886
INFO:cooler._balance:variance is 0.0001812921545071688
INFO:cooler._balance:variance is 8.562616801482204e-05
INFO:cooler._balance:variance is 4.0441121402123646e-05
INFO:cooler._balance:variance is 1.9100719771080757e-05
INFO:cooler._balance:variance is 9.021335505556036e-06
INFO:cooler._balance:chr21
INFO:cooler._balance:variance is 119229.80428883908
INFO:cooler._balance:variance is 17044.046245218033
INFO:cooler._balance:variance is 3582.1923167423884
INFO:cooler._balance:variance is 1165.2989595649174
INFO:cooler._balance:variance is 471.82359874497797
INFO:cooler._balance:variance is 249.46533554077962
INFO:cooler._balance:variance is 146.09617922347633
INFO:cooler._balance:variance is 92.49693497328443
INFO:cooler._balance:variance is 58.916600364487984
INFO:cooler._balance:variance is 38.486178998174076
INFO:cooler._balance:variance is 24.910742248798954
INFO:cooler._balance:variance is 16.33677029590092
INFO:cooler._balance:variance is 10.623273099368058
INFO:cooler._balance:variance is 6.965505972188329
INFO:cooler._balance:variance is 4.539144996908551
INFO:cooler._balance:variance is 2.974173378823348
INFO:cooler._balance:variance is 1.9405562219387242
INFO:cooler._balance:variance is 1.270727747594603
INFO:cooler._balance:variance is 0.829751103181814
INFO:cooler._balance:variance is 0.5430948037201537
INFO:cooler._balance:variance is 0.35480081383416423
INFO:cooler._balance:variance is 0.23215201866071922
INFO:cooler._balance:variance is 0.15171158905481735
INFO:cooler._balance:variance is 0.09924545520443644
INFO:cooler._balance:variance is 0.06487026081474223
INFO:cooler._balance:variance is 0.042429971063859095
INFO:cooler._balance:variance is 0.02773736866073439
INFO:cooler._balance:variance is 0.018140492591195767
INFO:cooler._balance:variance is 0.011859843566757787
INFO:cooler._balance:variance is 0.007755933250077921
INFO:cooler._balance:variance is 0.005070937556052941
INFO:cooler._balance:variance is 0.003316075402652903
INFO:cooler._balance:variance is 0.002168175544058414
INFO:cooler._balance:variance is 0.0014178101656713536
INFO:cooler._balance:variance is 0.0009270399807317807
INFO:cooler._balance:variance is 0.000606197166036418
INFO:cooler._balance:variance is 0.00039637022695697584
INFO:cooler._balance:variance is 0.0002591857244740379
INFO:cooler._balance:variance is 0.0001694738149790047
INFO:cooler._balance:variance is 0.00011081769907584625
INFO:cooler._balance:variance is 7.246086834038177e-05
INFO:cooler._balance:variance is 4.738138431522508e-05
INFO:cooler._balance:variance is 3.098161342909796e-05
INFO:cooler._balance:variance is 2.0258473998898716e-05
INFO:cooler._balance:variance is 1.3246594521315646e-05
INFO:cooler._balance:variance is 8.661756087281667e-06
INFO:cooler._balance:chrM
