INFO:cooler.cli.balance:Balancing "analysis_other/porec/T2T11.hp1/cooler/T2T11.hp1_25000_balanced.cool"
INFO:cooler._balance:chr1
INFO:cooler._balance:variance is 15515416.24179687
INFO:cooler._balance:variance is 289040.4820696084
INFO:cooler._balance:variance is 92534.09420170999
INFO:cooler._balance:variance is 41757.2924254967
INFO:cooler._balance:variance is 18001.560784746183
INFO:cooler._balance:variance is 8495.214371044822
INFO:cooler._balance:variance is 3890.1544377018045
INFO:cooler._balance:variance is 1842.6443073947396
INFO:cooler._balance:variance is 857.7369621958823
INFO:cooler._balance:variance is 405.21479344002586
INFO:cooler._balance:variance is 189.72166095785968
INFO:cooler._balance:variance is 89.43456692473295
INFO:cooler._balance:variance is 41.97433585163265
INFO:cooler._balance:variance is 19.762697198467023
INFO:cooler._balance:variance is 9.285245238035936
INFO:cooler._balance:variance is 4.369091913121771
INFO:cooler._balance:variance is 2.0537834141128393
INFO:cooler._balance:variance is 0.966104889065171
INFO:cooler._balance:variance is 0.4542434582297508
INFO:cooler._balance:variance is 0.21364717684181353
INFO:cooler._balance:variance is 0.10046362722994603
INFO:cooler._balance:variance is 0.047248533158309
INFO:cooler._balance:variance is 0.02221888261421861
INFO:cooler._balance:variance is 0.01044931878211506
INFO:cooler._balance:variance is 0.00491396746447945
INFO:cooler._balance:variance is 0.002310955414249779
INFO:cooler._balance:variance is 0.001086777786057201
INFO:cooler._balance:variance is 0.0005110895346883917
INFO:cooler._balance:variance is 0.00024035240317149062
INFO:cooler._balance:variance is 0.00011303248191590021
INFO:cooler._balance:variance is 5.315643188320884e-05
INFO:cooler._balance:variance is 2.4998269001704338e-05
INFO:cooler._balance:variance is 1.1756092652581248e-05
INFO:cooler._balance:variance is 5.528620705476262e-06
INFO:cooler._balance:chr2
INFO:cooler._balance:variance is 1326101.082146587
INFO:cooler._balance:variance is 220619.4528996831
INFO:cooler._balance:variance is 51945.847993036106
INFO:cooler._balance:variance is 14917.344783351433
INFO:cooler._balance:variance is 4035.7704789622067
INFO:cooler._balance:variance is 1151.2059170717857
INFO:cooler._balance:variance is 325.68566913130655
INFO:cooler._balance:variance is 94.29157954928077
INFO:cooler._balance:variance is 27.525532340714996
INFO:cooler._balance:variance is 8.172559051894025
INFO:cooler._balance:variance is 2.4596362183082787
INFO:cooler._balance:variance is 0.751901156255869
INFO:cooler._balance:variance is 0.23319027970979125
INFO:cooler._balance:variance is 0.07335042523502669
INFO:cooler._balance:variance is 0.023372921248542382
INFO:cooler._balance:variance is 0.007535840251179178
INFO:cooler._balance:variance is 0.0024549763623729873
INFO:cooler._balance:variance is 0.0008069656620621731
INFO:cooler._balance:variance is 0.00026728060679784044
INFO:cooler._balance:variance is 8.90929876577671e-05
INFO:cooler._balance:variance is 2.9853982901243835e-05
INFO:cooler._balance:variance is 1.0046751426365485e-05
INFO:cooler._balance:variance is 3.3928119702669348e-06
INFO:cooler._balance:chr3
INFO:cooler._balance:variance is 924177.375585816
INFO:cooler._balance:variance is 251803.94800887586
INFO:cooler._balance:variance is 51119.41202404746
INFO:cooler._balance:variance is 18917.704363974313
INFO:cooler._balance:variance is 5263.654477993437
INFO:cooler._balance:variance is 1767.3385650813345
INFO:cooler._balance:variance is 549.0486857645724
INFO:cooler._balance:variance is 182.27308223838585
INFO:cooler._balance:variance is 59.82271100945374
INFO:cooler._balance:variance is 20.23320329983637
INFO:cooler._balance:variance is 6.89293002357441
INFO:cooler._balance:variance is 2.390835666987889
INFO:cooler._balance:variance is 0.8380496822935175
INFO:cooler._balance:variance is 0.2974013887151532
INFO:cooler._balance:variance is 0.10650908443692916
INFO:cooler._balance:variance is 0.03847262364790367
INFO:cooler._balance:variance is 0.013991023864592847
INFO:cooler._balance:variance is 0.00511751560975497
INFO:cooler._balance:variance is 0.0018804756669004094
INFO:cooler._balance:variance is 0.0006936121699184569
INFO:cooler._balance:variance is 0.0002566059744129955
INFO:cooler._balance:variance is 9.516141740920122e-05
INFO:cooler._balance:variance is 3.535727496517672e-05
INFO:cooler._balance:variance is 1.3156777232875769e-05
INFO:cooler._balance:variance is 4.901546034618638e-06
INFO:cooler._balance:chr4
INFO:cooler._balance:variance is 802333.28000262
INFO:cooler._balance:variance is 156170.0738495372
INFO:cooler._balance:variance is 31001.484013951063
INFO:cooler._balance:variance is 9612.49789803267
INFO:cooler._balance:variance is 2692.6735582068636
INFO:cooler._balance:variance is 858.1548018654103
INFO:cooler._balance:variance is 270.90552912047406
INFO:cooler._balance:variance is 89.19716694360099
INFO:cooler._balance:variance is 29.476391813793757
INFO:cooler._balance:variance is 9.886856986060959
INFO:cooler._balance:variance is 3.3267026483809214
INFO:cooler._balance:variance is 1.1255895371944702
INFO:cooler._balance:variance is 0.3814914436027508
INFO:cooler._balance:variance is 0.12957643078143585
INFO:cooler._balance:variance is 0.04404773719669454
INFO:cooler._balance:variance is 0.014986414694674282
INFO:cooler._balance:variance is 0.005100799126957142
INFO:cooler._balance:variance is 0.0017367401809252367
INFO:cooler._balance:variance is 0.0005914370419324886
INFO:cooler._balance:variance is 0.00020144142100465847
INFO:cooler._balance:variance is 6.861590239467112e-05
INFO:cooler._balance:variance is 2.3373830257096345e-05
INFO:cooler._balance:variance is 7.96254077410635e-06
INFO:cooler._balance:chr5
INFO:cooler._balance:variance is 876623.1054395147
INFO:cooler._balance:variance is 134899.90690235555
INFO:cooler._balance:variance is 25018.362954581975
INFO:cooler._balance:variance is 5827.335765897381
INFO:cooler._balance:variance is 1265.3967384233
INFO:cooler._balance:variance is 293.7023217016964
INFO:cooler._balance:variance is 68.1672968533772
INFO:cooler._balance:variance is 16.40549896891258
INFO:cooler._balance:variance is 4.035021627706884
INFO:cooler._balance:variance is 1.0244719025131637
INFO:cooler._balance:variance is 0.2674820595848112
INFO:cooler._balance:variance is 0.07190737527960407
INFO:cooler._balance:variance is 0.01984069551659404
INFO:cooler._balance:variance is 0.005605333932995911
INFO:cooler._balance:variance is 0.001615529152776718
INFO:cooler._balance:variance is 0.00047344714561566476
INFO:cooler._balance:variance is 0.00014062399011571003
INFO:cooler._balance:variance is 4.2217251755849585e-05
INFO:cooler._balance:variance is 1.2780519177298783e-05
INFO:cooler._balance:variance is 3.8942626271453815e-06
INFO:cooler._balance:chr6
INFO:cooler._balance:variance is 706400.6609359424
INFO:cooler._balance:variance is 241263.15545695912
INFO:cooler._balance:variance is 88005.71194450786
INFO:cooler._balance:variance is 53651.89516685818
INFO:cooler._balance:variance is 22779.503694288378
INFO:cooler._balance:variance is 12743.449717815445
INFO:cooler._balance:variance is 5840.338132100512
INFO:cooler._balance:variance is 3096.8484211396208
INFO:cooler._balance:variance is 1479.30866213047
INFO:cooler._balance:variance is 761.9808494340253
INFO:cooler._balance:variance is 371.99749051049065
INFO:cooler._balance:variance is 188.72912271326715
INFO:cooler._balance:variance is 93.17589488402226
INFO:cooler._balance:variance is 46.90495922836809
INFO:cooler._balance:variance is 23.28944010981207
INFO:cooler._balance:variance is 11.677602042931067
INFO:cooler._balance:variance is 5.814917926283502
INFO:cooler._balance:variance is 2.9098381080686404
INFO:cooler._balance:variance is 1.4510646766278508
INFO:cooler._balance:variance is 0.7253948158605167
INFO:cooler._balance:variance is 0.36199884134801413
INFO:cooler._balance:variance is 0.18087360242161915
INFO:cooler._balance:variance is 0.09029536394653524
INFO:cooler._balance:variance is 0.04510486216390317
INFO:cooler._balance:variance is 0.022521244297814682
INFO:cooler._balance:variance is 0.011248514294916662
INFO:cooler._balance:variance is 0.00561698853583703
INFO:cooler._balance:variance is 0.002805296315698077
INFO:cooler._balance:variance is 0.0014008988201172556
INFO:cooler._balance:variance is 0.000699629610797518
INFO:cooler._balance:variance is 0.00034938642400814633
INFO:cooler._balance:variance is 0.00017448598286291407
INFO:cooler._balance:variance is 8.713713748620354e-05
INFO:cooler._balance:variance is 4.3516540452315816e-05
INFO:cooler._balance:variance is 2.1731992867722723e-05
INFO:cooler._balance:variance is 1.085297755908444e-05
INFO:cooler._balance:variance is 5.419950483468138e-06
INFO:cooler._balance:chr7
INFO:cooler._balance:variance is 553896.2465161714
INFO:cooler._balance:variance is 111990.2386604098
INFO:cooler._balance:variance is 29644.233108784236
INFO:cooler._balance:variance is 10992.8633758035
INFO:cooler._balance:variance is 3445.5426463559306
INFO:cooler._balance:variance is 1214.47711202323
INFO:cooler._balance:variance is 400.98774323420184
INFO:cooler._balance:variance is 138.1578377703118
INFO:cooler._balance:variance is 46.48129713640627
INFO:cooler._balance:variance is 15.877481946680518
INFO:cooler._balance:variance is 5.378121465537289
INFO:cooler._balance:variance is 1.8314717810648253
INFO:cooler._balance:variance is 0.6218746690290797
INFO:cooler._balance:variance is 0.21155070346298122
INFO:cooler._balance:variance is 0.07189402524238583
INFO:cooler._balance:variance is 0.024448506601713937
INFO:cooler._balance:variance is 0.008311236004642366
INFO:cooler._balance:variance is 0.002826031702489941
INFO:cooler._balance:variance is 0.000960815488070819
INFO:cooler._balance:variance is 0.0003266914249738159
INFO:cooler._balance:variance is 0.00011107595313441317
INFO:cooler._balance:variance is 3.776723227596487e-05
INFO:cooler._balance:variance is 1.2841207276443245e-05
INFO:cooler._balance:variance is 4.366180215755555e-06
INFO:cooler._balance:chrX
INFO:cooler._balance:chr9
INFO:cooler._balance:variance is 304009.36259260896
INFO:cooler._balance:variance is 54413.26731571343
INFO:cooler._balance:variance is 20425.407888927264
INFO:cooler._balance:variance is 10968.46232513109
INFO:cooler._balance:variance is 5275.809555521367
INFO:cooler._balance:variance is 3049.440831831616
INFO:cooler._balance:variance is 1604.9357141024411
INFO:cooler._balance:variance is 945.8845857647966
INFO:cooler._balance:variance is 524.0649994386287
INFO:cooler._balance:variance is 310.44291446790555
INFO:cooler._balance:variance is 177.17877851215678
INFO:cooler._balance:variance is 105.07632161485135
INFO:cooler._balance:variance is 60.98389938062073
INFO:cooler._balance:variance is 36.171671072226914
INFO:cooler._balance:variance is 21.19033294414292
INFO:cooler._balance:variance is 12.567514795571928
INFO:cooler._balance:variance is 7.400642193889729
INFO:cooler._balance:variance is 4.388559720110583
INFO:cooler._balance:variance is 2.5917304820777916
INFO:cooler._balance:variance is 1.5366970351386917
INFO:cooler._balance:variance is 0.9089700874823834
INFO:cooler._balance:variance is 0.5388949591349664
INFO:cooler._balance:variance is 0.3190453177287479
INFO:cooler._balance:variance is 0.18913575441513603
INFO:cooler._balance:variance is 0.11203112123127287
INFO:cooler._balance:variance is 0.06641036010548772
INFO:cooler._balance:variance is 0.03934801950490504
INFO:cooler._balance:variance is 0.023324006036839737
INFO:cooler._balance:variance is 0.013821625536008986
INFO:cooler._balance:variance is 0.008192715525376489
INFO:cooler._balance:variance is 0.00485537696287113
INFO:cooler._balance:variance is 0.0028779551435019674
INFO:cooler._balance:variance is 0.0017056949160919076
INFO:cooler._balance:variance is 0.001011014493422836
INFO:cooler._balance:variance is 0.0005992215510429403
INFO:cooler._balance:variance is 0.00035517320286718233
INFO:cooler._balance:variance is 0.00021051231750171106
INFO:cooler._balance:variance is 0.000124775177748933
INFO:cooler._balance:variance is 7.395536701882189e-05
INFO:cooler._balance:variance is 4.383480350761552e-05
INFO:cooler._balance:variance is 2.5981425101710076e-05
INFO:cooler._balance:variance is 1.5399673379492225e-05
INFO:cooler._balance:variance is 9.127604247919196e-06
INFO:cooler._balance:chr8
INFO:cooler._balance:variance is 432566.12834017165
INFO:cooler._balance:variance is 64265.477129808634
INFO:cooler._balance:variance is 13891.842469399673
INFO:cooler._balance:variance is 3832.449392251581
INFO:cooler._balance:variance is 1008.0091760447726
INFO:cooler._balance:variance is 278.7137158387373
INFO:cooler._balance:variance is 76.22020127001107
INFO:cooler._balance:variance is 21.115059629418948
INFO:cooler._balance:variance is 5.8363198869148505
INFO:cooler._balance:variance is 1.6194160702496017
INFO:cooler._balance:variance is 0.4492624795359194
INFO:cooler._balance:variance is 0.12480915410256195
INFO:cooler._balance:variance is 0.03468286726118151
INFO:cooler._balance:variance is 0.009644596554554956
INFO:cooler._balance:variance is 0.0026830019099363367
INFO:cooler._balance:variance is 0.000746753349157148
INFO:cooler._balance:variance is 0.000207932087329866
INFO:cooler._balance:variance is 5.792630567164481e-05
INFO:cooler._balance:variance is 1.6145102598403777e-05
INFO:cooler._balance:variance is 4.5022882290416415e-06
INFO:cooler._balance:chr11
INFO:cooler._balance:variance is 589219.1011186966
INFO:cooler._balance:variance is 277128.7676020262
INFO:cooler._balance:variance is 86908.34667392357
INFO:cooler._balance:variance is 54794.00314593477
INFO:cooler._balance:variance is 21628.53523363826
INFO:cooler._balance:variance is 11823.276255093253
INFO:cooler._balance:variance is 5162.815098204322
INFO:cooler._balance:variance is 2631.716397484942
INFO:cooler._balance:variance is 1205.4076580556527
INFO:cooler._balance:variance is 594.385648398842
INFO:cooler._balance:variance is 278.5158039384225
INFO:cooler._balance:variance is 135.1846123623631
INFO:cooler._balance:variance is 64.0366230430709
INFO:cooler._balance:variance is 30.84875071894745
INFO:cooler._balance:variance is 14.689039737502055
INFO:cooler._balance:variance is 7.05086664521176
INFO:cooler._balance:variance is 3.365703947993811
INFO:cooler._balance:variance is 1.6127968056411048
INFO:cooler._balance:variance is 0.7707761192738315
INFO:cooler._balance:variance is 0.3690419113015157
INFO:cooler._balance:variance is 0.17646990379072025
INFO:cooler._balance:variance is 0.08445934505525121
INFO:cooler._balance:variance is 0.04039805881446875
INFO:cooler._balance:variance is 0.019331077745483437
INFO:cooler._balance:variance is 0.009247518672462813
INFO:cooler._balance:variance is 0.004424679386496449
INFO:cooler._balance:variance is 0.0021167906962747665
INFO:cooler._balance:variance is 0.0010127817361187087
INFO:cooler._balance:variance is 0.00048453468379862987
INFO:cooler._balance:variance is 0.00023182159634252734
INFO:cooler._balance:variance is 0.00011090958281095412
INFO:cooler._balance:variance is 5.3063247549284026e-05
INFO:cooler._balance:variance is 2.5387033587499104e-05
INFO:cooler._balance:variance is 1.2146038964391306e-05
INFO:cooler._balance:variance is 5.811044670907377e-06
INFO:cooler._balance:chr10
INFO:cooler._balance:variance is 518976.7847724393
INFO:cooler._balance:variance is 65128.146627267575
INFO:cooler._balance:variance is 15590.750003522386
INFO:cooler._balance:variance is 4642.547800980623
INFO:cooler._balance:variance is 1327.5039585205711
INFO:cooler._balance:variance is 400.59557342515194
INFO:cooler._balance:variance is 120.53621932427804
INFO:cooler._balance:variance is 37.041851604410056
INFO:cooler._balance:variance is 11.455249496717524
INFO:cooler._balance:variance is 3.5875714666636007
INFO:cooler._balance:variance is 1.1327503025563823
INFO:cooler._balance:variance is 0.3611768376804777
INFO:cooler._balance:variance is 0.11609385001175321
INFO:cooler._balance:variance is 0.03762571789926723
INFO:cooler._balance:variance is 0.012283641518250933
INFO:cooler._balance:variance is 0.004038212596045647
INFO:cooler._balance:variance is 0.0013358123709985579
INFO:cooler._balance:variance is 0.0004443943697564661
INFO:cooler._balance:variance is 0.00014858497407349572
INFO:cooler._balance:variance is 4.99030004860787e-05
INFO:cooler._balance:variance is 1.682593103299762e-05
INFO:cooler._balance:variance is 5.692696282048774e-06
INFO:cooler._balance:chr12
INFO:cooler._balance:variance is 615460.243092679
INFO:cooler._balance:variance is 198061.555802387
INFO:cooler._balance:variance is 64999.02532724957
INFO:cooler._balance:variance is 29667.35663714135
INFO:cooler._balance:variance is 11155.271197785647
INFO:cooler._balance:variance is 4823.575942253261
INFO:cooler._balance:variance is 1913.4845949524436
INFO:cooler._balance:variance is 806.3349311831122
INFO:cooler._balance:variance is 327.3525149141041
INFO:cooler._balance:variance is 136.35928536574244
INFO:cooler._balance:variance is 55.90770675229699
INFO:cooler._balance:variance is 23.17187242888092
INFO:cooler._balance:variance is 9.54020942059289
INFO:cooler._balance:variance is 3.945673494638718
INFO:cooler._balance:variance is 1.62733589729558
INFO:cooler._balance:variance is 0.6724379537874785
INFO:cooler._balance:variance is 0.27754009957432474
INFO:cooler._balance:variance is 0.11464087420634672
INFO:cooler._balance:variance is 0.04733098211675513
INFO:cooler._balance:variance is 0.019547565791456178
INFO:cooler._balance:variance is 0.008071494878130407
INFO:cooler._balance:variance is 0.003333295142871207
INFO:cooler._balance:variance is 0.0013764426063275364
INFO:cooler._balance:variance is 0.0005684165087528374
INFO:cooler._balance:variance is 0.00023472569438326253
INFO:cooler._balance:variance is 9.693143045701304e-05
INFO:cooler._balance:variance is 4.002787933703198e-05
INFO:cooler._balance:variance is 1.6529689678885156e-05
INFO:cooler._balance:variance is 6.825969362608465e-06
INFO:cooler._balance:chr13
INFO:cooler._balance:variance is 456092.72196068376
INFO:cooler._balance:variance is 52547.625151941225
INFO:cooler._balance:variance is 12223.512258847239
INFO:cooler._balance:variance is 3484.036568652892
INFO:cooler._balance:variance is 1004.0009873254149
INFO:cooler._balance:variance is 306.27929548762285
INFO:cooler._balance:variance is 94.75490094034969
INFO:cooler._balance:variance is 30.05044975578446
INFO:cooler._balance:variance is 9.630423966433883
INFO:cooler._balance:variance is 3.125507977966713
INFO:cooler._balance:variance is 1.0214786617267109
INFO:cooler._balance:variance is 0.33611846573354776
INFO:cooler._balance:variance is 0.11108071651305632
INFO:cooler._balance:variance is 0.03684772183506459
INFO:cooler._balance:variance is 0.012254554418458335
INFO:cooler._balance:variance is 0.004083991038076386
INFO:cooler._balance:variance is 0.001363054937309698
INFO:cooler._balance:variance is 0.00045545060388617954
INFO:cooler._balance:variance is 0.00015231125312176148
INFO:cooler._balance:variance is 5.096823165713554e-05
INFO:cooler._balance:variance is 1.7063590563469017e-05
INFO:cooler._balance:variance is 5.714716710127711e-06
INFO:cooler._balance:chr14
INFO:cooler._balance:variance is 368415.7521168357
INFO:cooler._balance:variance is 69969.57017572956
INFO:cooler._balance:variance is 21783.772691658538
INFO:cooler._balance:variance is 9189.678101227271
INFO:cooler._balance:variance is 3751.3775619784547
INFO:cooler._balance:variance is 1675.6082800872016
INFO:cooler._balance:variance is 743.5046961275899
INFO:cooler._balance:variance is 340.26148196812386
INFO:cooler._balance:variance is 155.32942403303588
INFO:cooler._balance:variance is 71.77006703972314
INFO:cooler._balance:variance is 33.10379236225479
INFO:cooler._balance:variance is 15.346993539941257
INFO:cooler._balance:variance is 7.106797030080269
INFO:cooler._balance:variance is 3.2982881015306176
INFO:cooler._balance:variance is 1.5297299526718846
INFO:cooler._balance:variance is 0.7101796840763444
INFO:cooler._balance:variance is 0.32958400339309074
INFO:cooler._balance:variance is 0.15302244104660007
INFO:cooler._balance:variance is 0.07103365266502042
INFO:cooler._balance:variance is 0.03298064770550673
INFO:cooler._balance:variance is 0.015311379986078188
INFO:cooler._balance:variance is 0.007108997829767168
INFO:cooler._balance:variance is 0.003300524319229206
INFO:cooler._balance:variance is 0.0015324106073179146
INFO:cooler._balance:variance is 0.0007114722454196623
INFO:cooler._balance:variance is 0.00033033061046784494
INFO:cooler._balance:variance is 0.00015336815292991287
INFO:cooler._balance:variance is 7.120741658441728e-05
INFO:cooler._balance:variance is 3.306078353119675e-05
INFO:cooler._balance:variance is 1.5349800588920826e-05
INFO:cooler._balance:variance is 7.126746775523407e-06
INFO:cooler._balance:chr15
INFO:cooler._balance:variance is 300003.3447860362
INFO:cooler._balance:variance is 27554.25557823883
INFO:cooler._balance:variance is 5127.362839958334
INFO:cooler._balance:variance is 1142.4777825440374
INFO:cooler._balance:variance is 253.30254056486788
INFO:cooler._balance:variance is 59.14064930807999
INFO:cooler._balance:variance is 13.881374638270762
INFO:cooler._balance:variance is 3.3346300499028625
INFO:cooler._balance:variance is 0.8099095399994599
INFO:cooler._balance:variance is 0.20028892287849095
INFO:cooler._balance:variance is 0.0504088462183818
INFO:cooler._balance:variance is 0.012990730805202196
INFO:cooler._balance:variance is 0.0034441073209003042
INFO:cooler._balance:variance is 0.0009455489699803246
INFO:cooler._balance:variance is 0.0002701591348529761
INFO:cooler._balance:variance is 8.058190913830921e-05
INFO:cooler._balance:variance is 2.5083501007631378e-05
INFO:cooler._balance:variance is 8.119932230915592e-06
INFO:cooler._balance:chr16
INFO:cooler._balance:variance is 3941268.0463822866
INFO:cooler._balance:variance is 77348.04454150093
INFO:cooler._balance:variance is 29017.41699265445
INFO:cooler._balance:variance is 17479.760589925674
INFO:cooler._balance:variance is 8248.112586697702
INFO:cooler._balance:variance is 4810.008129414203
INFO:cooler._balance:variance is 2433.711555659022
INFO:cooler._balance:variance is 1375.0784252296312
INFO:cooler._balance:variance is 718.2530853818428
INFO:cooler._balance:variance is 398.133773980512
INFO:cooler._balance:variance is 211.3673151767956
INFO:cooler._balance:variance is 115.89220904279874
INFO:cooler._balance:variance is 62.06051558412781
INFO:cooler._balance:variance is 33.821445179206414
INFO:cooler._balance:variance is 18.196032951383902
INFO:cooler._balance:variance is 9.88323605224411
INFO:cooler._balance:variance is 5.330645603442257
INFO:cooler._balance:variance is 2.890057138487621
INFO:cooler._balance:variance is 1.5609227741562193
INFO:cooler._balance:variance is 0.8454235364099245
INFO:cooler._balance:variance is 0.4569530080524335
INFO:cooler._balance:variance is 0.2473595667267777
INFO:cooler._balance:variance is 0.13375207216901505
INFO:cooler._balance:variance is 0.07238186254292986
INFO:cooler._balance:variance is 0.03914678745106246
INFO:cooler._balance:variance is 0.021181465610642623
INFO:cooler._balance:variance is 0.011457070323275717
INFO:cooler._balance:variance is 0.0061986324387727915
INFO:cooler._balance:variance is 0.003353058785847683
INFO:cooler._balance:variance is 0.0018140244133735951
INFO:cooler._balance:variance is 0.00098130363165754
INFO:cooler._balance:variance is 0.0005308775403081102
INFO:cooler._balance:variance is 0.0002871856560076182
INFO:cooler._balance:variance is 0.00015536304679566085
INFO:cooler._balance:variance is 8.404667013287741e-05
INFO:cooler._balance:variance is 4.546762514993965e-05
INFO:cooler._balance:variance is 2.459673306274599e-05
INFO:cooler._balance:variance is 1.3306304012360751e-05
INFO:cooler._balance:variance is 7.198365320469423e-06
INFO:cooler._balance:chr17
INFO:cooler._balance:variance is 283383.9521862014
INFO:cooler._balance:variance is 38670.314147046505
INFO:cooler._balance:variance is 13089.825565617995
INFO:cooler._balance:variance is 5815.056685281628
INFO:cooler._balance:variance is 2562.1985798754813
INFO:cooler._balance:variance is 1188.7071416719493
INFO:cooler._balance:variance is 546.1241423415017
INFO:cooler._balance:variance is 254.4268586537086
INFO:cooler._balance:variance is 117.99435700184033
INFO:cooler._balance:variance is 54.97519757192601
INFO:cooler._balance:variance is 25.561397206374526
INFO:cooler._balance:variance is 11.905982445843616
INFO:cooler._balance:variance is 5.540373397013594
INFO:cooler._balance:variance is 2.580061014150952
INFO:cooler._balance:variance is 1.2009697308872758
INFO:cooler._balance:variance is 0.5592078752352172
INFO:cooler._balance:variance is 0.2603312868717938
INFO:cooler._balance:variance is 0.12121108205072137
INFO:cooler._balance:variance is 0.056430917101132065
INFO:cooler._balance:variance is 0.026273670360268155
INFO:cooler._balance:variance is 0.012232216106022277
INFO:cooler._balance:variance is 0.00569512015758765
INFO:cooler._balance:variance is 0.002651500144881632
INFO:cooler._balance:variance is 0.001234487270570009
INFO:cooler._balance:variance is 0.0005747478909756544
INFO:cooler._balance:variance is 0.00026759071425464475
INFO:cooler._balance:variance is 0.0001245841338924952
INFO:cooler._balance:variance is 5.8003710652634836e-05
INFO:cooler._balance:variance is 2.7005231644009438e-05
INFO:cooler._balance:variance is 1.2573050531392287e-05
INFO:cooler._balance:variance is 5.853734096084742e-06
INFO:cooler._balance:chr18
INFO:cooler._balance:variance is 286689.86776615586
INFO:cooler._balance:variance is 39954.48083418634
INFO:cooler._balance:variance is 9312.952789847363
INFO:cooler._balance:variance is 2503.407322812975
INFO:cooler._balance:variance is 657.8175354823517
INFO:cooler._balance:variance is 179.56684780950516
INFO:cooler._balance:variance is 48.719677086506415
INFO:cooler._balance:variance is 13.374604525708728
INFO:cooler._balance:variance is 3.6692709758932494
INFO:cooler._balance:variance is 1.0107245975483337
INFO:cooler._balance:variance is 0.27854884182534745
INFO:cooler._balance:variance is 0.07688912734772477
INFO:cooler._balance:variance is 0.02123524198545819
INFO:cooler._balance:variance is 0.005869027303491068
INFO:cooler._balance:variance is 0.001622689841079429
INFO:cooler._balance:variance is 0.0004488129998126909
INFO:cooler._balance:variance is 0.00012416407370941077
INFO:cooler._balance:variance is 3.43568636750384e-05
INFO:cooler._balance:variance is 9.508052820402857e-06
INFO:cooler._balance:chr20
INFO:cooler._balance:variance is 236024.10451647287
INFO:cooler._balance:variance is 18152.530675561677
INFO:cooler._balance:variance is 5107.89353867477
INFO:cooler._balance:variance is 2036.7108912749513
INFO:cooler._balance:variance is 774.739869190353
INFO:cooler._balance:variance is 341.0719987861244
INFO:cooler._balance:variance is 148.24612562649213
INFO:cooler._balance:variance is 69.667296301947
INFO:cooler._balance:variance is 32.90450963764582
INFO:cooler._balance:variance is 16.152333295296035
INFO:cooler._balance:variance is 7.977387795494355
INFO:cooler._balance:variance is 4.00951843164662
INFO:cooler._balance:variance is 2.022659323555112
INFO:cooler._balance:variance is 1.0281744707486704
INFO:cooler._balance:variance is 0.5236056813291766
INFO:cooler._balance:variance is 0.2675294979559463
INFO:cooler._balance:variance is 0.13680468106233784
INFO:cooler._balance:variance is 0.07005692726431255
INFO:cooler._balance:variance is 0.035888827774314305
INFO:cooler._balance:variance is 0.01839672356739369
INFO:cooler._balance:variance is 0.009431674530961585
INFO:cooler._balance:variance is 0.004836809040540434
INFO:cooler._balance:variance is 0.002480601055768545
INFO:cooler._balance:variance is 0.001272360079676099
INFO:cooler._balance:variance is 0.0006526411072929045
INFO:cooler._balance:variance is 0.000334783537766896
INFO:cooler._balance:variance is 0.0001717347562750295
INFO:cooler._balance:variance is 8.809759076665828e-05
INFO:cooler._balance:variance is 4.51930378881654e-05
INFO:cooler._balance:variance is 2.3183795628501177e-05
INFO:cooler._balance:variance is 1.1893183809743423e-05
INFO:cooler._balance:variance is 6.1011868413815165e-06
INFO:cooler._balance:chrY
INFO:cooler._balance:chr19
INFO:cooler._balance:variance is 361537.42182523303
INFO:cooler._balance:variance is 127901.28109141631
INFO:cooler._balance:variance is 38891.63123658178
INFO:cooler._balance:variance is 20515.606694213442
INFO:cooler._balance:variance is 7927.600346174021
INFO:cooler._balance:variance is 3944.046263094595
INFO:cooler._balance:variance is 1710.31089537057
INFO:cooler._balance:variance is 828.4536616914917
INFO:cooler._balance:variance is 378.61284594647617
INFO:cooler._balance:variance is 181.56211469215967
INFO:cooler._balance:variance is 84.94013827153023
INFO:cooler._balance:variance is 40.58729652235268
INFO:cooler._balance:variance is 19.18742922924755
INFO:cooler._balance:variance is 9.15686723093353
INFO:cooler._balance:variance is 4.3493197517687925
INFO:cooler._balance:variance is 2.0747043392015025
INFO:cooler._balance:variance is 0.9875633227776613
INFO:cooler._balance:variance is 0.4710078490711364
INFO:cooler._balance:variance is 0.22442308870169436
INFO:cooler._balance:variance is 0.10702946563102105
INFO:cooler._balance:variance is 0.051020287493151725
INFO:cooler._balance:variance is 0.024331438445672104
INFO:cooler._balance:variance is 0.011601147529550961
INFO:cooler._balance:variance is 0.0055324978003853595
INFO:cooler._balance:variance is 0.002638143492317778
INFO:cooler._balance:variance is 0.0012581044778445375
INFO:cooler._balance:variance is 0.0005999493972898671
INFO:cooler._balance:variance is 0.0002861093197874781
INFO:cooler._balance:variance is 0.00013643937696068367
INFO:cooler._balance:variance is 6.506638602209072e-05
INFO:cooler._balance:variance is 3.1029091046585084e-05
INFO:cooler._balance:variance is 1.4797413454152592e-05
INFO:cooler._balance:variance is 7.0566792821056425e-06
INFO:cooler._balance:chr22
INFO:cooler._balance:variance is 213006.0692995145
INFO:cooler._balance:variance is 20504.688009763126
INFO:cooler._balance:variance is 3512.881118583502
INFO:cooler._balance:variance is 736.9348969105017
INFO:cooler._balance:variance is 163.11892434195894
INFO:cooler._balance:variance is 41.017050681492876
INFO:cooler._balance:variance is 11.680573351056175
INFO:cooler._balance:variance is 3.863782860206224
INFO:cooler._balance:variance is 1.4439647688734318
INFO:cooler._balance:variance is 0.5940328357543883
INFO:cooler._balance:variance is 0.2591122294549831
INFO:cooler._balance:variance is 0.11745185369395647
INFO:cooler._balance:variance is 0.05438484045979298
INFO:cooler._balance:variance is 0.025540653171469804
INFO:cooler._balance:variance is 0.012089438347384799
INFO:cooler._balance:variance is 0.005754318103518337
INFO:cooler._balance:variance is 0.002747596793895191
INFO:cooler._balance:variance is 0.0013150108073712327
INFO:cooler._balance:variance is 0.000630214658261409
INFO:cooler._balance:variance is 0.00030233873167354367
INFO:cooler._balance:variance is 0.00014512908868188762
INFO:cooler._balance:variance is 6.969708884859864e-05
INFO:cooler._balance:variance is 3.348022236981022e-05
INFO:cooler._balance:variance is 1.608614786892452e-05
INFO:cooler._balance:variance is 7.72977006149377e-06
INFO:cooler._balance:chr21
INFO:cooler._balance:variance is 261723.69689797863
INFO:cooler._balance:variance is 62570.952430416226
INFO:cooler._balance:variance is 22213.00987705899
INFO:cooler._balance:variance is 10944.87870085116
INFO:cooler._balance:variance is 6055.882286495787
INFO:cooler._balance:variance is 3814.3953345098216
INFO:cooler._balance:variance is 2421.128845859568
INFO:cooler._balance:variance is 1643.8007706356443
INFO:cooler._balance:variance is 1081.8321910909112
INFO:cooler._balance:variance is 747.4070500420441
INFO:cooler._balance:variance is 499.05581612671494
INFO:cooler._balance:variance is 345.75030386261636
INFO:cooler._balance:variance is 232.82576155898826
INFO:cooler._balance:variance is 161.1350041872179
INFO:cooler._balance:variance is 109.12109712339723
INFO:cooler._balance:variance is 75.37606895007572
INFO:cooler._balance:variance is 51.242343312112524
INFO:cooler._balance:variance is 35.33001418372244
INFO:cooler._balance:variance is 24.081849972754732
INFO:cooler._balance:variance is 16.57814935244757
INFO:cooler._balance:variance is 11.32063864105463
INFO:cooler._balance:variance is 7.7840205039055475
INFO:cooler._balance:variance is 5.322053787942244
INFO:cooler._balance:variance is 3.656233423167945
INFO:cooler._balance:variance is 2.5019536677418217
INFO:cooler._balance:variance is 1.7177564275086303
INFO:cooler._balance:variance is 1.1761434981719376
INFO:cooler._balance:variance is 0.8071414285979908
INFO:cooler._balance:variance is 0.5528685291167322
INFO:cooler._balance:variance is 0.3792938730242028
INFO:cooler._balance:variance is 0.25987642031342884
INFO:cooler._balance:variance is 0.17824876927072544
INFO:cooler._balance:variance is 0.12215154712593643
INFO:cooler._balance:variance is 0.08377091634049083
INFO:cooler._balance:variance is 0.05741448183074658
INFO:cooler._balance:variance is 0.039370467816030215
INFO:cooler._balance:variance is 0.026985903115317733
INFO:cooler._balance:variance is 0.01850354516701775
INFO:cooler._balance:variance is 0.012683744951971365
INFO:cooler._balance:variance is 0.008696491112169408
INFO:cooler._balance:variance is 0.0059614863078829615
INFO:cooler._balance:variance is 0.0040872986769890434
INFO:cooler._balance:variance is 0.002801942132101863
INFO:cooler._balance:variance is 0.0019210154828956556
INFO:cooler._balance:variance is 0.0013169281415928997
INFO:cooler._balance:variance is 0.0009028733494602307
INFO:cooler._balance:variance is 0.0006189617655450616
INFO:cooler._balance:variance is 0.0004243496129577172
INFO:cooler._balance:variance is 0.0002909140913208855
INFO:cooler._balance:variance is 0.00019944422924469377
INFO:cooler._balance:variance is 0.00013673041643583983
INFO:cooler._balance:variance is 9.373884749106682e-05
INFO:cooler._balance:variance is 6.42636119733047e-05
INFO:cooler._balance:variance is 4.4057319037533264e-05
INFO:cooler._balance:variance is 3.0204027951125847e-05
INFO:cooler._balance:variance is 2.0706978985126755e-05
INFO:cooler._balance:variance is 1.4195948478585693e-05
INFO:cooler._balance:variance is 9.732301850088059e-06
INFO:cooler._balance:chrM
