INFO:cooler.cli.balance:Balancing "analysis_other/porec/T2T02.hp1/cooler/T2T02.hp1_1000_balanced.cool"
INFO:cooler._balance:chr1
INFO:cooler._balance:variance is 12355.498241571302
INFO:cooler._balance:variance is 66.45739019272484
INFO:cooler._balance:variance is 10.477746506067133
INFO:cooler._balance:variance is 3.4684297825718082
INFO:cooler._balance:variance is 1.2942805601864256
INFO:cooler._balance:variance is 0.5429900194387649
INFO:cooler._balance:variance is 0.22973231989786536
INFO:cooler._balance:variance is 0.10072106413375859
INFO:cooler._balance:variance is 0.044146191891469004
INFO:cooler._balance:variance is 0.019619862741103625
INFO:cooler._balance:variance is 0.008708794683375997
INFO:cooler._balance:variance is 0.0038879530628927357
INFO:cooler._balance:variance is 0.0017341133907645932
INFO:cooler._balance:variance is 0.0007753429585418626
INFO:cooler._balance:variance is 0.00034647586221115626
INFO:cooler._balance:variance is 0.00015499101741387256
INFO:cooler._balance:variance is 6.931314446445023e-05
INFO:cooler._balance:variance is 3.1011386279266005e-05
INFO:cooler._balance:variance is 1.3872830710264862e-05
INFO:cooler._balance:variance is 6.207184044613506e-06
INFO:cooler._balance:chr2
INFO:cooler._balance:variance is 1952.7739219143446
INFO:cooler._balance:variance is 60.94749481955224
INFO:cooler._balance:variance is 8.268733289906223
INFO:cooler._balance:variance is 1.9921879244089278
INFO:cooler._balance:variance is 0.5146524385373455
INFO:cooler._balance:variance is 0.14414276374371846
INFO:cooler._balance:variance is 0.04054861626941474
INFO:cooler._balance:variance is 0.01169808604529917
INFO:cooler._balance:variance is 0.0034066361584106173
INFO:cooler._balance:variance is 0.0010084314294561984
INFO:cooler._balance:variance is 0.00030249493980793947
INFO:cooler._balance:variance is 9.215332175227738e-05
INFO:cooler._balance:variance is 2.8497130459615877e-05
INFO:cooler._balance:variance is 8.94881711460838e-06
INFO:cooler._balance:chr3
INFO:cooler._balance:variance is 1148.429098679764
INFO:cooler._balance:variance is 54.36638557115294
INFO:cooler._balance:variance is 9.209894018866452
INFO:cooler._balance:variance is 3.458619044223486
INFO:cooler._balance:variance is 1.1230080259085444
INFO:cooler._balance:variance is 0.44923366058203934
INFO:cooler._balance:variance is 0.1626620323095936
INFO:cooler._balance:variance is 0.06360472435073108
INFO:cooler._balance:variance is 0.023899320006406724
INFO:cooler._balance:variance is 0.00925862294704278
INFO:cooler._balance:variance is 0.003535801213362136
INFO:cooler._balance:variance is 0.0013675516338520807
INFO:cooler._balance:variance is 0.0005265603520332321
INFO:cooler._balance:variance is 0.0002039023617726276
INFO:cooler._balance:variance is 7.888631538069182e-05
INFO:cooler._balance:variance is 3.060709405464261e-05
INFO:cooler._balance:variance is 1.1878770715945915e-05
INFO:cooler._balance:variance is 4.617821996465712e-06
INFO:cooler._balance:chr4
INFO:cooler._balance:variance is 1009.4656542328488
INFO:cooler._balance:variance is 50.73335110058971
INFO:cooler._balance:variance is 9.481358659509407
INFO:cooler._balance:variance is 3.8572950914474955
INFO:cooler._balance:variance is 1.3342561856672306
INFO:cooler._balance:variance is 0.5905410394860787
INFO:cooler._balance:variance is 0.23194669264921522
INFO:cooler._balance:variance is 0.10049768781935471
INFO:cooler._balance:variance is 0.04128543145171296
INFO:cooler._balance:variance is 0.017663142373304946
INFO:cooler._balance:variance is 0.007393206833597241
INFO:cooler._balance:variance is 0.0031475546836190115
INFO:cooler._balance:variance is 0.0013284331208280142
INFO:cooler._balance:variance is 0.0005647261101201546
INFO:cooler._balance:variance is 0.00023926830566742207
INFO:cooler._balance:variance is 0.00010169365448989441
INFO:cooler._balance:variance is 4.3169024858838396e-05
INFO:cooler._balance:variance is 1.8351133989667415e-05
INFO:cooler._balance:variance is 7.797926198247932e-06
INFO:cooler._balance:chr5
INFO:cooler._balance:variance is 955.0994144124696
INFO:cooler._balance:variance is 49.14231930694068
INFO:cooler._balance:variance is 7.913205486727847
INFO:cooler._balance:variance is 2.2014300920191294
INFO:cooler._balance:variance is 0.6141117016226396
INFO:cooler._balance:variance is 0.1938282981809438
INFO:cooler._balance:variance is 0.059462941638424395
INFO:cooler._balance:variance is 0.018964713631326006
INFO:cooler._balance:variance is 0.005980085615281778
INFO:cooler._balance:variance is 0.0019130279614267707
INFO:cooler._balance:variance is 0.0006103767654251801
INFO:cooler._balance:variance is 0.00019603213643754535
INFO:cooler._balance:variance is 6.301771539165894e-05
INFO:cooler._balance:variance is 2.034439314735604e-05
INFO:cooler._balance:variance is 6.5848108091785035e-06
INFO:cooler._balance:chr6
INFO:cooler._balance:variance is 1040.0921108946748
INFO:cooler._balance:variance is 69.47245292319558
INFO:cooler._balance:variance is 17.72199205380046
INFO:cooler._balance:variance is 8.79638318596664
INFO:cooler._balance:variance is 3.709874194080927
INFO:cooler._balance:variance is 1.9244696997862794
INFO:cooler._balance:variance is 0.874681866137909
INFO:cooler._balance:variance is 0.44157855654619393
INFO:cooler._balance:variance is 0.20740004849453925
INFO:cooler._balance:variance is 0.10286320594609276
INFO:cooler._balance:variance is 0.04914310520427317
INFO:cooler._balance:variance is 0.02414091246681479
INFO:cooler._balance:variance is 0.011636072285787873
INFO:cooler._balance:variance is 0.0056880056554932355
INFO:cooler._balance:variance is 0.0027541757371276317
INFO:cooler._balance:variance is 0.0013429937519680386
INFO:cooler._balance:variance is 0.0006517972785736433
INFO:cooler._balance:variance is 0.00031744371465595506
INFO:cooler._balance:variance is 0.00015424607090095994
INFO:cooler._balance:variance is 7.507772489839454e-05
INFO:cooler._balance:variance is 3.650181833759316e-05
INFO:cooler._balance:variance is 1.776182192375477e-05
INFO:cooler._balance:variance is 8.638123708325228e-06
INFO:cooler._balance:chr7
INFO:cooler._balance:variance is 943.2217665777415
INFO:cooler._balance:variance is 46.18971649801372
INFO:cooler._balance:variance is 7.288476264736258
INFO:cooler._balance:variance is 2.1247660955906693
INFO:cooler._balance:variance is 0.6356462848455876
INFO:cooler._balance:variance is 0.21997513111363193
INFO:cooler._balance:variance is 0.07419219446607399
INFO:cooler._balance:variance is 0.02620266568436178
INFO:cooler._balance:variance is 0.009143578321863952
INFO:cooler._balance:variance is 0.0032442652043447213
INFO:cooler._balance:variance is 0.0011463790601562694
INFO:cooler._balance:variance is 0.00040767739688398234
INFO:cooler._balance:variance is 0.0001448107542151835
INFO:cooler._balance:variance is 5.1570327705612594e-05
INFO:cooler._balance:variance is 1.836142573593662e-05
INFO:cooler._balance:variance is 6.544570686862722e-06
INFO:cooler._balance:chrX
INFO:cooler._balance:chr9
INFO:cooler._balance:variance is 446.8974529729682
INFO:cooler._balance:variance is 35.35529912476407
INFO:cooler._balance:variance is 5.76236633084532
INFO:cooler._balance:variance is 1.787568701714314
INFO:cooler._balance:variance is 0.5173066315972243
INFO:cooler._balance:variance is 0.19171960154625495
INFO:cooler._balance:variance is 0.06972259418415208
INFO:cooler._balance:variance is 0.028314594665966142
INFO:cooler._balance:variance is 0.011673314466165222
INFO:cooler._balance:variance is 0.005104739371815523
INFO:cooler._balance:variance is 0.0022893894713286217
INFO:cooler._balance:variance is 0.0010671359806557503
INFO:cooler._balance:variance is 0.0005104921023793991
INFO:cooler._balance:variance is 0.0002514116354688416
INFO:cooler._balance:variance is 0.00012675926945290673
INFO:cooler._balance:variance is 6.539798887274519e-05
INFO:cooler._balance:variance is 3.4411706821710034e-05
INFO:cooler._balance:variance is 1.8433373527555028e-05
INFO:cooler._balance:variance is 1.0027388476449911e-05
INFO:cooler._balance:variance is 5.527228589787823e-06
INFO:cooler._balance:chr8
INFO:cooler._balance:variance is 853.8865488429134
INFO:cooler._balance:variance is 43.26232959404378
INFO:cooler._balance:variance is 6.874735678873124
INFO:cooler._balance:variance is 2.7149486496193402
INFO:cooler._balance:variance is 0.8879044186599551
INFO:cooler._balance:variance is 0.4191982621715349
INFO:cooler._balance:variance is 0.16263712101748262
INFO:cooler._balance:variance is 0.07509117547731255
INFO:cooler._balance:variance is 0.03124288394255828
INFO:cooler._balance:variance is 0.014114738411270191
INFO:cooler._balance:variance is 0.00606834328414755
INFO:cooler._balance:variance is 0.002710515198272897
INFO:cooler._balance:variance is 0.001183555390252308
INFO:cooler._balance:variance is 0.00052591821775572
INFO:cooler._balance:variance is 0.00023133672066252562
INFO:cooler._balance:variance is 0.00010257203067561682
INFO:cooler._balance:variance is 4.527687581471444e-05
INFO:cooler._balance:variance is 2.005857882130331e-05
INFO:cooler._balance:variance is 8.869227936626834e-06
INFO:cooler._balance:chr11
INFO:cooler._balance:variance is 683.0105126504385
INFO:cooler._balance:variance is 52.49288183816561
INFO:cooler._balance:variance is 13.072356845288956
INFO:cooler._balance:variance is 6.926739271923757
INFO:cooler._balance:variance is 3.0492227535576784
INFO:cooler._balance:variance is 1.7617672841131387
INFO:cooler._balance:variance is 0.8568125901919904
INFO:cooler._balance:variance is 0.4818777584042932
INFO:cooler._balance:variance is 0.2443485686789569
INFO:cooler._balance:variance is 0.13436633994160627
INFO:cooler._balance:variance is 0.06967038574305877
INFO:cooler._balance:variance is 0.0377859355547685
INFO:cooler._balance:variance is 0.019835189689437743
INFO:cooler._balance:variance is 0.0106724867415039
INFO:cooler._balance:variance is 0.0056405185186648036
INFO:cooler._balance:variance is 0.0030214453113301194
INFO:cooler._balance:variance is 0.001602804762229431
INFO:cooler._balance:variance is 0.0008564664325980984
INFO:cooler._balance:variance is 0.0004552527649323437
INFO:cooler._balance:variance is 0.0002429408410955121
INFO:cooler._balance:variance is 0.0001292755931306835
INFO:cooler._balance:variance is 6.893648296438621e-05
INFO:cooler._balance:variance is 3.670457629386244e-05
INFO:cooler._balance:variance is 1.956512698104522e-05
INFO:cooler._balance:variance is 1.0420551242510345e-05
INFO:cooler._balance:variance is 5.553434770703811e-06
INFO:cooler._balance:chr10
INFO:cooler._balance:variance is 687.766398181726
INFO:cooler._balance:variance is 27.09866391701052
INFO:cooler._balance:variance is 4.133547499703463
INFO:cooler._balance:variance is 1.0636446388868215
INFO:cooler._balance:variance is 0.3263905909265797
INFO:cooler._balance:variance is 0.11410235260915975
INFO:cooler._balance:variance is 0.04135318263391917
INFO:cooler._balance:variance is 0.015526603375877815
INFO:cooler._balance:variance is 0.00588107515521014
INFO:cooler._balance:variance is 0.0022570366675081837
INFO:cooler._balance:variance is 0.0008699004934768911
INFO:cooler._balance:variance is 0.0003375947750080169
INFO:cooler._balance:variance is 0.0001314781088145865
INFO:cooler._balance:variance is 5.144865232706118e-05
INFO:cooler._balance:variance is 2.0199907946742073e-05
INFO:cooler._balance:variance is 7.961431571442166e-06
INFO:cooler._balance:chr12
INFO:cooler._balance:variance is 678.0368650269693
INFO:cooler._balance:variance is 36.084899113256604
INFO:cooler._balance:variance is 7.254945923548095
INFO:cooler._balance:variance is 2.7750140404803982
INFO:cooler._balance:variance is 1.0886445011908217
INFO:cooler._balance:variance is 0.4965409930916893
INFO:cooler._balance:variance is 0.21582492048810012
INFO:cooler._balance:variance is 0.09920611076147814
INFO:cooler._balance:variance is 0.044320335153139434
INFO:cooler._balance:variance is 0.020302169086240395
INFO:cooler._balance:variance is 0.009170465482169059
INFO:cooler._balance:variance is 0.004191122726403148
INFO:cooler._balance:variance is 0.0019028509444726596
INFO:cooler._balance:variance is 0.0008687334428676682
INFO:cooler._balance:variance is 0.00039541272355063427
INFO:cooler._balance:variance is 0.00018045027469723677
INFO:cooler._balance:variance is 8.22373235173976e-05
INFO:cooler._balance:variance is 3.7525369681295013e-05
INFO:cooler._balance:variance is 1.7112634686771318e-05
INFO:cooler._balance:variance is 7.808540580132606e-06
INFO:cooler._balance:chr13
INFO:cooler._balance:variance is 747.5286980285139
INFO:cooler._balance:variance is 39.40455591214995
INFO:cooler._balance:variance is 5.834217239372873
INFO:cooler._balance:variance is 1.7895461826583954
INFO:cooler._balance:variance is 0.5041690023687803
INFO:cooler._balance:variance is 0.18901587865898262
INFO:cooler._balance:variance is 0.06460952675188536
INFO:cooler._balance:variance is 0.02495296941211042
INFO:cooler._balance:variance is 0.009180785057578956
INFO:cooler._balance:variance is 0.0035616698484133877
INFO:cooler._balance:variance is 0.0013526578606833843
INFO:cooler._balance:variance is 0.000525769324790503
INFO:cooler._balance:variance is 0.00020267316452232488
INFO:cooler._balance:variance is 7.894369109584795e-05
INFO:cooler._balance:variance is 3.0665946170320456e-05
INFO:cooler._balance:variance is 1.1971371706566754e-05
INFO:cooler._balance:variance is 4.671158439592127e-06
INFO:cooler._balance:chr14
INFO:cooler._balance:variance is 711.0562617599354
INFO:cooler._balance:variance is 40.02052299394892
INFO:cooler._balance:variance is 6.955227826849665
INFO:cooler._balance:variance is 2.2110433012548234
INFO:cooler._balance:variance is 0.709223992991029
INFO:cooler._balance:variance is 0.27516814967840003
INFO:cooler._balance:variance is 0.10595971862843614
INFO:cooler._balance:variance is 0.04400695695091224
INFO:cooler._balance:variance is 0.01834343805863696
INFO:cooler._balance:variance is 0.007923682465215947
INFO:cooler._balance:variance is 0.003448990334007377
INFO:cooler._balance:variance is 0.0015299708719181857
INFO:cooler._balance:variance is 0.0006836726860192612
INFO:cooler._balance:variance is 0.0003088382350390437
INFO:cooler._balance:variance is 0.0001403070328033299
INFO:cooler._balance:variance is 6.41602859037024e-05
INFO:cooler._balance:variance is 2.945842981304398e-05
INFO:cooler._balance:variance is 1.3580456353974462e-05
INFO:cooler._balance:variance is 6.278026075692227e-06
INFO:cooler._balance:chr15
INFO:cooler._balance:variance is 497.5431921995835
INFO:cooler._balance:variance is 24.13797428554515
INFO:cooler._balance:variance is 3.8382452932829545
INFO:cooler._balance:variance is 1.0866159402938527
INFO:cooler._balance:variance is 0.34331184742672294
INFO:cooler._balance:variance is 0.13366125333639836
INFO:cooler._balance:variance is 0.05334310345638977
INFO:cooler._balance:variance is 0.022998524796623496
INFO:cooler._balance:variance is 0.009953336624075226
INFO:cooler._balance:variance is 0.004447285441454943
INFO:cooler._balance:variance is 0.0019863899239646906
INFO:cooler._balance:variance is 0.0009009216192439633
INFO:cooler._balance:variance is 0.00040828011927680074
INFO:cooler._balance:variance is 0.00018657476840241917
INFO:cooler._balance:variance is 8.522102547460901e-05
INFO:cooler._balance:variance is 3.912286880962311e-05
INFO:cooler._balance:variance is 1.7960549518211463e-05
INFO:cooler._balance:variance is 8.27315593943222e-06
INFO:cooler._balance:chr16
INFO:cooler._balance:variance is 3208.4441494220264
INFO:cooler._balance:variance is 20.91477500919359
INFO:cooler._balance:variance is 3.2453037215643414
INFO:cooler._balance:variance is 0.790298722247657
INFO:cooler._balance:variance is 0.21568340803930236
INFO:cooler._balance:variance is 0.06849181247909003
INFO:cooler._balance:variance is 0.023014502095181966
INFO:cooler._balance:variance is 0.00833917061152183
INFO:cooler._balance:variance is 0.0031356214467482242
INFO:cooler._balance:variance is 0.0012356550898346983
INFO:cooler._balance:variance is 0.0005011907266522594
INFO:cooler._balance:variance is 0.0002106476257142724
INFO:cooler._balance:variance is 9.091636439926744e-05
INFO:cooler._balance:variance is 4.0484173813500445e-05
INFO:cooler._balance:variance is 1.851234122292056e-05
INFO:cooler._balance:variance is 8.714967824963572e-06
INFO:cooler._balance:chr17
INFO:cooler._balance:variance is 291.3701004754131
INFO:cooler._balance:variance is 34.06092073147255
INFO:cooler._balance:variance is 10.509333392205862
INFO:cooler._balance:variance is 5.286928558426966
INFO:cooler._balance:variance is 2.498224433810153
INFO:cooler._balance:variance is 1.3491511188987333
INFO:cooler._balance:variance is 0.6874617105423676
INFO:cooler._balance:variance is 0.3696952359059979
INFO:cooler._balance:variance is 0.19282662928538824
INFO:cooler._balance:variance is 0.10308504169912092
INFO:cooler._balance:variance is 0.054275795289035096
INFO:cooler._balance:variance is 0.028917950873572282
INFO:cooler._balance:variance is 0.015290732201897755
INFO:cooler._balance:variance is 0.00813273744444513
INFO:cooler._balance:variance is 0.004309064843139222
INFO:cooler._balance:variance is 0.00228988076635536
INFO:cooler._balance:variance is 0.001214497755268231
INFO:cooler._balance:variance is 0.0006451132422942342
INFO:cooler._balance:variance is 0.00034232660107771224
INFO:cooler._balance:variance is 0.00018179560169772098
INFO:cooler._balance:variance is 9.64942061395768e-05
INFO:cooler._balance:variance is 5.123830896739391e-05
INFO:cooler._balance:variance is 2.720015160816711e-05
INFO:cooler._balance:variance is 1.4442411127541978e-05
INFO:cooler._balance:variance is 7.667379004222993e-06
INFO:cooler._balance:chr18
INFO:cooler._balance:variance is 343.8720723222448
INFO:cooler._balance:variance is 23.078376113080374
INFO:cooler._balance:variance is 4.000430731280935
INFO:cooler._balance:variance is 1.1096868310246342
INFO:cooler._balance:variance is 0.3376897364086846
INFO:cooler._balance:variance is 0.11717260965376942
INFO:cooler._balance:variance is 0.04112915404368282
INFO:cooler._balance:variance is 0.015047997251859251
INFO:cooler._balance:variance is 0.005505734243466721
INFO:cooler._balance:variance is 0.0020438799070426946
INFO:cooler._balance:variance is 0.0007582786537651489
INFO:cooler._balance:variance is 0.000282875854255191
INFO:cooler._balance:variance is 0.00010550580038282938
INFO:cooler._balance:variance is 3.9438931378088014e-05
INFO:cooler._balance:variance is 1.4743088302786626e-05
INFO:cooler._balance:variance is 5.5165513893684665e-06
INFO:cooler._balance:chr20
INFO:cooler._balance:variance is 2284.5217603642736
INFO:cooler._balance:variance is 17.40889184390692
INFO:cooler._balance:variance is 3.3905322315104347
INFO:cooler._balance:variance is 1.0442720279647952
INFO:cooler._balance:variance is 0.4069884012381605
INFO:cooler._balance:variance is 0.18407194437721217
INFO:cooler._balance:variance is 0.08968570473536992
INFO:cooler._balance:variance is 0.04599212891398652
INFO:cooler._balance:variance is 0.024111296117479482
INFO:cooler._balance:variance is 0.012907724513949718
INFO:cooler._balance:variance is 0.006967159455610798
INFO:cooler._balance:variance is 0.0037983675728179645
INFO:cooler._balance:variance is 0.0020794367450141754
INFO:cooler._balance:variance is 0.0011442396531475595
INFO:cooler._balance:variance is 0.0006312135839677947
INFO:cooler._balance:variance is 0.00034915170922101055
INFO:cooler._balance:variance is 0.00019343849864749448
INFO:cooler._balance:variance is 0.0001073272760500364
INFO:cooler._balance:variance is 5.960963757118637e-05
INFO:cooler._balance:variance is 3.3134093697044e-05
INFO:cooler._balance:variance is 1.8429313687748373e-05
INFO:cooler._balance:variance is 1.0255122221209703e-05
INFO:cooler._balance:variance is 5.708772915650446e-06
INFO:cooler._balance:chrY
INFO:cooler._balance:chr19
INFO:cooler._balance:variance is 794.8983998126915
INFO:cooler._balance:variance is 86.10741421144425
INFO:cooler._balance:variance is 22.224338641947238
INFO:cooler._balance:variance is 11.963771939861907
INFO:cooler._balance:variance is 4.81677879697759
INFO:cooler._balance:variance is 2.512652726565917
INFO:cooler._balance:variance is 1.1400278803908246
INFO:cooler._balance:variance is 0.5751393671138136
INFO:cooler._balance:variance is 0.2737449861713191
INFO:cooler._balance:variance is 0.13630035378138824
INFO:cooler._balance:variance is 0.0662614664286654
INFO:cooler._balance:variance is 0.032852347284054825
INFO:cooler._balance:variance is 0.01612859179610755
INFO:cooler._balance:variance is 0.007988270350695869
INFO:cooler._balance:variance is 0.0039404097255583215
INFO:cooler._balance:variance is 0.0019515978969887081
INFO:cooler._balance:variance is 0.0009649552659218089
INFO:cooler._balance:variance is 0.0004780298369947582
INFO:cooler._balance:variance is 0.00023664699499094234
INFO:cooler._balance:variance is 0.00011725969932200113
INFO:cooler._balance:variance is 5.8086333754422875e-05
INFO:cooler._balance:variance is 2.878708526421433e-05
INFO:cooler._balance:variance is 1.4265046935258878e-05
INFO:cooler._balance:variance is 7.070477336588446e-06
INFO:cooler._balance:chr22
INFO:cooler._balance:variance is 274.19358820698903
INFO:cooler._balance:variance is 45.60649696571063
INFO:cooler._balance:variance is 9.687243498473196
INFO:cooler._balance:variance is 6.853521219260628
INFO:cooler._balance:variance is 2.3720896436063503
INFO:cooler._balance:variance is 1.7067249653804297
INFO:cooler._balance:variance is 0.7241292186316431
INFO:cooler._balance:variance is 0.5044142787382442
INFO:cooler._balance:variance is 0.2398361710497251
INFO:cooler._balance:variance is 0.1643218403393426
INFO:cooler._balance:variance is 0.0842208307870591
INFO:cooler._balance:variance is 0.0573933154792961
INFO:cooler._balance:variance is 0.031129785987136362
INFO:cooler._balance:variance is 0.02121524889882722
INFO:cooler._balance:variance is 0.012058049216624641
INFO:cooler._balance:variance is 0.0082371709906785
INFO:cooler._balance:variance is 0.004873690414174548
INFO:cooler._balance:variance is 0.0033395867185814334
INFO:cooler._balance:variance is 0.0020453445019982647
INFO:cooler._balance:variance is 0.0014057308308052334
INFO:cooler._balance:variance is 0.0008863167312430067
INFO:cooler._balance:variance is 0.0006107317649266713
INFO:cooler._balance:variance is 0.0003943151630688082
INFO:cooler._balance:variance is 0.0002722830760581804
INFO:cooler._balance:variance is 0.00017914048202918327
INFO:cooler._balance:variance is 0.00012390627182420875
INFO:cooler._balance:variance is 8.271752820015e-05
INFO:cooler._balance:variance is 5.728778366818418e-05
INFO:cooler._balance:variance is 3.8669579998966286e-05
INFO:cooler._balance:variance is 2.6808850444973095e-05
INFO:cooler._balance:variance is 1.8246352968356865e-05
INFO:cooler._balance:variance is 1.2660155130847796e-05
INFO:cooler._balance:variance is 8.669490597622683e-06
INFO:cooler._balance:chr21
INFO:cooler._balance:variance is 196.78544465418392
INFO:cooler._balance:variance is 16.123769439041503
INFO:cooler._balance:variance is 3.5869839013836016
INFO:cooler._balance:variance is 1.3219882231929698
INFO:cooler._balance:variance is 0.5758220132322147
INFO:cooler._balance:variance is 0.28911081996644405
INFO:cooler._balance:variance is 0.16223370568942352
INFO:cooler._balance:variance is 0.09359849647800694
INFO:cooler._balance:variance is 0.05846872115257391
INFO:cooler._balance:variance is 0.03625875898334215
INFO:cooler._balance:variance is 0.023743496965391887
INFO:cooler._balance:variance is 0.015326822626378397
INFO:cooler._balance:variance is 0.010258034707478655
INFO:cooler._balance:variance is 0.006777831787232498
INFO:cooler._balance:variance is 0.004585408389755882
INFO:cooler._balance:variance is 0.0030722266885526137
INFO:cooler._balance:variance is 0.0020901810625515403
INFO:cooler._balance:variance is 0.0014123265536957652
INFO:cooler._balance:variance is 0.0009638238126662382
INFO:cooler._balance:variance is 0.0006546438513939736
INFO:cooler._balance:variance is 0.0004475191953847635
INFO:cooler._balance:variance is 0.00030493920899633614
INFO:cooler._balance:variance is 0.00020866030491933083
INFO:cooler._balance:variance is 0.00014246481635656205
INFO:cooler._balance:variance is 9.753741573681823e-05
INFO:cooler._balance:variance is 6.667758966556572e-05
INFO:cooler._balance:variance is 4.5664238823627367e-05
INFO:cooler._balance:variance is 3.124095167520721e-05
INFO:cooler._balance:variance is 2.1399012122504274e-05
INFO:cooler._balance:variance is 1.4647238615712315e-05
INFO:cooler._balance:variance is 1.0033779691199669e-05
INFO:cooler._balance:variance is 6.870086167061194e-06
INFO:cooler._balance:chrM
