INFO:cooler.cli.balance:Balancing "analysis_other/porec/T2T00_1.hp1/cooler/T2T00_1.hp1_100000_balanced.cool"
INFO:cooler._balance:chr1
INFO:cooler._balance:variance is 122234506.86506583
INFO:cooler._balance:variance is 1576439.3888207078
INFO:cooler._balance:variance is 420480.6371367992
INFO:cooler._balance:variance is 155987.80123368176
INFO:cooler._balance:variance is 59208.865386592726
INFO:cooler._balance:variance is 23987.30970880639
INFO:cooler._balance:variance is 9576.37353417064
INFO:cooler._balance:variance is 3897.868975451468
INFO:cooler._balance:variance is 1571.7669581079588
INFO:cooler._balance:variance is 638.3516594039822
INFO:cooler._balance:variance is 258.1696323987529
INFO:cooler._balance:variance is 104.70875264045607
INFO:cooler._balance:variance is 42.393492718233226
INFO:cooler._balance:variance is 17.183533531239412
INFO:cooler._balance:variance is 6.960085900206559
INFO:cooler._balance:variance is 2.820447306253704
INFO:cooler._balance:variance is 1.142602103381153
INFO:cooler._balance:variance is 0.4629708147290694
INFO:cooler._balance:variance is 0.18756896667566922
INFO:cooler._balance:variance is 0.07599786966157646
INFO:cooler._balance:variance is 0.03079080891688789
INFO:cooler._balance:variance is 0.012475391383547385
INFO:cooler._balance:variance is 0.0050545076049036426
INFO:cooler._balance:variance is 0.002047901013778049
INFO:cooler._balance:variance is 0.000829727841545674
INFO:cooler._balance:variance is 0.0003361743446650528
INFO:cooler._balance:variance is 0.0001362046993560438
INFO:cooler._balance:variance is 5.518493169302166e-05
INFO:cooler._balance:variance is 2.235879367007806e-05
INFO:cooler._balance:variance is 9.058923428944613e-06
INFO:cooler._balance:chr2
INFO:cooler._balance:variance is 8182585.927725656
INFO:cooler._balance:variance is 1168921.5785228657
INFO:cooler._balance:variance is 196143.8741072223
INFO:cooler._balance:variance is 38454.13844186433
INFO:cooler._balance:variance is 7397.917935202094
INFO:cooler._balance:variance is 1490.0916101201433
INFO:cooler._balance:variance is 307.29267423790714
INFO:cooler._balance:variance is 66.00205745727655
INFO:cooler._balance:variance is 14.79076760473176
INFO:cooler._balance:variance is 3.4759725771570658
INFO:cooler._balance:variance is 0.8559245371876205
INFO:cooler._balance:variance is 0.21993962645299997
INFO:cooler._balance:variance is 0.0585681083288491
INFO:cooler._balance:variance is 0.016036919025893735
INFO:cooler._balance:variance is 0.004482554587661186
INFO:cooler._balance:variance is 0.001271363456204945
INFO:cooler._balance:variance is 0.0003642314666025348
INFO:cooler._balance:variance is 0.00010505719576913317
INFO:cooler._balance:variance is 3.043891935051441e-05
INFO:cooler._balance:variance is 8.845448723087185e-06
INFO:cooler._balance:chr3
INFO:cooler._balance:variance is 5940373.38330209
INFO:cooler._balance:variance is 870562.3657979625
INFO:cooler._balance:variance is 118337.29111159296
INFO:cooler._balance:variance is 21704.392403530663
INFO:cooler._balance:variance is 3809.305949734901
INFO:cooler._balance:variance is 738.0252600082567
INFO:cooler._balance:variance is 151.96449105284634
INFO:cooler._balance:variance is 34.31785289893548
INFO:cooler._balance:variance is 8.414163315707297
INFO:cooler._balance:variance is 2.2154272080380024
INFO:cooler._balance:variance is 0.6139055923638789
INFO:cooler._balance:variance is 0.17599152787037578
INFO:cooler._balance:variance is 0.05151149232733792
INFO:cooler._balance:variance is 0.015263274241296735
INFO:cooler._balance:variance is 0.004554547607263328
INFO:cooler._balance:variance is 0.0013645016654635766
INFO:cooler._balance:variance is 0.00040970669511512754
INFO:cooler._balance:variance is 0.00012317282049517813
INFO:cooler._balance:variance is 3.705603063597697e-05
INFO:cooler._balance:variance is 1.1152477078564944e-05
INFO:cooler._balance:variance is 3.3572012705523955e-06
INFO:cooler._balance:chr4
INFO:cooler._balance:variance is 4922861.754170162
INFO:cooler._balance:variance is 795217.2671408245
INFO:cooler._balance:variance is 173106.9751199892
INFO:cooler._balance:variance is 49318.003333970155
INFO:cooler._balance:variance is 14321.235521626952
INFO:cooler._balance:variance is 4491.15952491417
INFO:cooler._balance:variance is 1425.4627224946191
INFO:cooler._balance:variance is 463.9220298934959
INFO:cooler._balance:variance is 151.8719607514999
INFO:cooler._balance:variance is 50.143767096022806
INFO:cooler._balance:variance is 16.59852072689817
INFO:cooler._balance:variance is 5.510804941042458
INFO:cooler._balance:variance is 1.8315411050339678
INFO:cooler._balance:variance is 0.6093647001026149
INFO:cooler._balance:variance is 0.20282326083967522
INFO:cooler._balance:variance is 0.06753408872662313
INFO:cooler._balance:variance is 0.02249043055374679
INFO:cooler._balance:variance is 0.0074908678420716355
INFO:cooler._balance:variance is 0.002495128918156913
INFO:cooler._balance:variance is 0.0008311425859955493
INFO:cooler._balance:variance is 0.00027686503477488946
INFO:cooler._balance:variance is 9.222923473396388e-05
INFO:cooler._balance:variance is 3.072365500664133e-05
INFO:cooler._balance:variance is 1.0234816251648142e-05
INFO:cooler._balance:variance is 3.4094838776755786e-06
INFO:cooler._balance:chr5
INFO:cooler._balance:variance is 6540225.870405601
INFO:cooler._balance:variance is 825814.0486000141
INFO:cooler._balance:variance is 149765.04604656016
INFO:cooler._balance:variance is 32535.934919605406
INFO:cooler._balance:variance is 7869.000219453577
INFO:cooler._balance:variance is 2094.5925804742187
INFO:cooler._balance:variance is 585.3424128682691
INFO:cooler._balance:variance is 169.75640202856363
INFO:cooler._balance:variance is 50.13648409756154
INFO:cooler._balance:variance is 14.999944262339387
INFO:cooler._balance:variance is 4.518687402773165
INFO:cooler._balance:variance is 1.3676486354527078
INFO:cooler._balance:variance is 0.41506507503568923
INFO:cooler._balance:variance is 0.12619623708222674
INFO:cooler._balance:variance is 0.03841116225991815
INFO:cooler._balance:variance is 0.011700006919454576
INFO:cooler._balance:variance is 0.003565448509299008
INFO:cooler._balance:variance is 0.0010868585111973895
INFO:cooler._balance:variance is 0.0003313715299992734
INFO:cooler._balance:variance is 0.00010104430024812105
INFO:cooler._balance:variance is 3.081366872586088e-05
INFO:cooler._balance:variance is 9.397185059662559e-06
INFO:cooler._balance:chr6
INFO:cooler._balance:variance is 5797360.815285292
INFO:cooler._balance:variance is 2234655.5601208857
INFO:cooler._balance:variance is 590967.2618546973
INFO:cooler._balance:variance is 235458.0648499458
INFO:cooler._balance:variance is 75750.63649399187
INFO:cooler._balance:variance is 27611.914062883938
INFO:cooler._balance:variance is 9407.441625958252
INFO:cooler._balance:variance is 3336.43768239114
INFO:cooler._balance:variance is 1157.9607097269468
INFO:cooler._balance:variance is 407.2736818757603
INFO:cooler._balance:variance is 142.23655606917967
INFO:cooler._balance:variance is 49.89983641269776
INFO:cooler._balance:variance is 17.465245463149422
INFO:cooler._balance:variance is 6.122513190728312
INFO:cooler._balance:variance is 2.144614872912411
INFO:cooler._balance:variance is 0.7516368433003683
INFO:cooler._balance:variance is 0.2633637300913364
INFO:cooler._balance:variance is 0.09229738285357743
INFO:cooler._balance:variance is 0.03234346726795465
INFO:cooler._balance:variance is 0.011334825337418286
INFO:cooler._balance:variance is 0.003972203549881353
INFO:cooler._balance:variance is 0.0013920653992592058
INFO:cooler._balance:variance is 0.00048784764371980144
INFO:cooler._balance:variance is 0.00017096732123939075
INFO:cooler._balance:variance is 5.991574690882543e-05
INFO:cooler._balance:variance is 2.0997641159892054e-05
INFO:cooler._balance:variance is 7.358677809327077e-06
INFO:cooler._balance:chr7
INFO:cooler._balance:variance is 3098657.455073343
INFO:cooler._balance:variance is 509985.21528593823
INFO:cooler._balance:variance is 90834.70245358099
INFO:cooler._balance:variance is 20304.384976623194
INFO:cooler._balance:variance is 4217.174291631384
INFO:cooler._balance:variance is 923.8240309744344
INFO:cooler._balance:variance is 200.47524542229326
INFO:cooler._balance:variance is 44.4121993071584
INFO:cooler._balance:variance is 9.925554231537905
INFO:cooler._balance:variance is 2.256108697863636
INFO:cooler._balance:variance is 0.5211030453154034
INFO:cooler._balance:variance is 0.12266346247158254
INFO:cooler._balance:variance is 0.02944229210840108
INFO:cooler._balance:variance is 0.007210754946921784
INFO:cooler._balance:variance is 0.0018010815666683535
INFO:cooler._balance:variance is 0.00045832488654553325
INFO:cooler._balance:variance is 0.00011862199134605343
INFO:cooler._balance:variance is 3.1162366419121476e-05
INFO:cooler._balance:variance is 8.291327863748004e-06
INFO:cooler._balance:chrX
INFO:cooler._balance:chr9
INFO:cooler._balance:variance is 3410435.658401343
INFO:cooler._balance:variance is 827825.9487109103
INFO:cooler._balance:variance is 277409.26537310117
INFO:cooler._balance:variance is 133365.35447379702
INFO:cooler._balance:variance is 54614.56217032947
INFO:cooler._balance:variance is 26926.537080175243
INFO:cooler._balance:variance is 12097.915221350668
INFO:cooler._balance:variance is 5950.716474693178
INFO:cooler._balance:variance is 2796.4811067591277
INFO:cooler._balance:variance is 1370.8633311968576
INFO:cooler._balance:variance is 657.6433928414983
INFO:cooler._balance:variance is 321.7012713781787
INFO:cooler._balance:variance is 155.76390074070787
INFO:cooler._balance:variance is 76.10393043860624
INFO:cooler._balance:variance is 37.00150156136206
INFO:cooler._balance:variance is 18.066276609232485
INFO:cooler._balance:variance is 8.800159636280345
INFO:cooler._balance:variance is 4.2951621842898
INFO:cooler._balance:variance is 2.0939638110465295
INFO:cooler._balance:variance is 1.021812223311871
INFO:cooler._balance:variance is 0.498343952564288
INFO:cooler._balance:variance is 0.24315571172765513
INFO:cooler._balance:variance is 0.11860975712356166
INFO:cooler._balance:variance is 0.05786967831360091
INFO:cooler._balance:variance is 0.028230802953256855
INFO:cooler._balance:variance is 0.013773395958265076
INFO:cooler._balance:variance is 0.00671939474294945
INFO:cooler._balance:variance is 0.0032782443759388205
INFO:cooler._balance:variance is 0.0015993312797878607
INFO:cooler._balance:variance is 0.0007802723330986175
INFO:cooler._balance:variance is 0.0003806686312068434
INFO:cooler._balance:variance is 0.00018571763500682619
INFO:cooler._balance:variance is 9.06057626255158e-05
INFO:cooler._balance:variance is 4.4203942478580114e-05
INFO:cooler._balance:variance is 2.1565748452193086e-05
INFO:cooler._balance:variance is 1.0521297089909704e-05
INFO:cooler._balance:variance is 5.133023144903706e-06
INFO:cooler._balance:chr8
INFO:cooler._balance:variance is 4763088.952106102
INFO:cooler._balance:variance is 478833.1514714466
INFO:cooler._balance:variance is 68186.78795279926
INFO:cooler._balance:variance is 11782.856607815007
INFO:cooler._balance:variance is 2196.2903025404453
INFO:cooler._balance:variance is 446.9995890132639
INFO:cooler._balance:variance is 97.20724446435135
INFO:cooler._balance:variance is 22.397065917717928
INFO:cooler._balance:variance is 5.38292971033588
INFO:cooler._balance:variance is 1.3341681971029289
INFO:cooler._balance:variance is 0.3375347178406534
INFO:cooler._balance:variance is 0.0865574600182038
INFO:cooler._balance:variance is 0.022388028265420416
INFO:cooler._balance:variance is 0.005822018445366944
INFO:cooler._balance:variance is 0.0015190977930819084
INFO:cooler._balance:variance is 0.0003971888037084441
INFO:cooler._balance:variance is 0.00010398262305218525
INFO:cooler._balance:variance is 2.724354469460193e-05
INFO:cooler._balance:variance is 7.1412483196011985e-06
INFO:cooler._balance:chr11
INFO:cooler._balance:variance is 6090551.246868635
INFO:cooler._balance:variance is 2195269.477572265
INFO:cooler._balance:variance is 574537.0355762878
INFO:cooler._balance:variance is 234921.57688300463
INFO:cooler._balance:variance is 74945.65317728171
INFO:cooler._balance:variance is 27765.102906451895
INFO:cooler._balance:variance is 9433.993609069094
INFO:cooler._balance:variance is 3375.7556889691
INFO:cooler._balance:variance is 1172.0131800141532
INFO:cooler._balance:variance is 414.3213930449192
INFO:cooler._balance:variance is 144.92542574734466
INFO:cooler._balance:variance is 51.01497940677876
INFO:cooler._balance:variance is 17.891065946036008
INFO:cooler._balance:variance is 6.288361596476371
INFO:cooler._balance:variance is 2.207351323789837
INFO:cooler._balance:variance is 0.7754311371048898
INFO:cooler._balance:variance is 0.2722799429399082
INFO:cooler._balance:variance is 0.09563274896722354
INFO:cooler._balance:variance is 0.03358362561758514
INFO:cooler._balance:variance is 0.011794788197001577
INFO:cooler._balance:variance is 0.004142171754042528
INFO:cooler._balance:variance is 0.0014547242353652437
INFO:cooler._balance:variance is 0.0005108867036521257
INFO:cooler._balance:variance is 0.00017942115878920862
INFO:cooler._balance:variance is 6.301147960448771e-05
INFO:cooler._balance:variance is 2.2129291001171593e-05
INFO:cooler._balance:variance is 7.771668281362688e-06
INFO:cooler._balance:chr10
INFO:cooler._balance:variance is 4502373.525750765
INFO:cooler._balance:variance is 575489.7800916686
INFO:cooler._balance:variance is 117206.8477731628
INFO:cooler._balance:variance is 27077.192712929955
INFO:cooler._balance:variance is 6436.072067743347
INFO:cooler._balance:variance is 1614.8202276589675
INFO:cooler._balance:variance is 418.35760349855707
INFO:cooler._balance:variance is 112.31753588035235
INFO:cooler._balance:variance is 30.881153541242686
INFO:cooler._balance:variance is 8.671129417850933
INFO:cooler._balance:variance is 2.4692379057055645
INFO:cooler._balance:variance is 0.7109183527901061
INFO:cooler._balance:variance is 0.20617820974060708
INFO:cooler._balance:variance is 0.06011460510341408
INFO:cooler._balance:variance is 0.017589445324957056
INFO:cooler._balance:variance is 0.005159487928879475
INFO:cooler._balance:variance is 0.0015159351637079284
INFO:cooler._balance:variance is 0.0004459151936335206
INFO:cooler._balance:variance is 0.00013126707707177004
INFO:cooler._balance:variance is 3.866218850273177e-05
INFO:cooler._balance:variance is 1.1391186088235963e-05
INFO:cooler._balance:variance is 3.357026342796899e-06
INFO:cooler._balance:chr12
INFO:cooler._balance:variance is 6376817.310660319
INFO:cooler._balance:variance is 1635323.4954634786
INFO:cooler._balance:variance is 384243.39273575967
INFO:cooler._balance:variance is 111263.66198313284
INFO:cooler._balance:variance is 29519.97235310694
INFO:cooler._balance:variance is 8302.159813542226
INFO:cooler._balance:variance is 2282.90679056233
INFO:cooler._balance:variance is 639.0137527028787
INFO:cooler._balance:variance is 177.93081493780468
INFO:cooler._balance:variance is 49.82899449743902
INFO:cooler._balance:variance is 13.941642990983246
INFO:cooler._balance:variance is 3.9085149787602376
INFO:cooler._balance:variance is 1.0957769954224799
INFO:cooler._balance:variance is 0.30744218845638516
INFO:cooler._balance:variance is 0.0862726253613988
INFO:cooler._balance:variance is 0.02421707822597541
INFO:cooler._balance:variance is 0.006798663045848922
INFO:cooler._balance:variance is 0.0019089247286081126
INFO:cooler._balance:variance is 0.0005360271731530106
INFO:cooler._balance:variance is 0.0001505273999928571
INFO:cooler._balance:variance is 4.2272984450847065e-05
INFO:cooler._balance:variance is 1.1872050387618319e-05
INFO:cooler._balance:variance is 3.3342545520087993e-06
INFO:cooler._balance:chr13
INFO:cooler._balance:variance is 2340489.3063800004
INFO:cooler._balance:variance is 175666.05155863953
INFO:cooler._balance:variance is 25564.345104739976
INFO:cooler._balance:variance is 4721.148638012158
INFO:cooler._balance:variance is 955.1020948353265
INFO:cooler._balance:variance is 208.32224824897216
INFO:cooler._balance:variance is 47.26574315810042
INFO:cooler._balance:variance is 11.045173108259156
INFO:cooler._balance:variance is 2.6275807254992825
INFO:cooler._balance:variance is 0.633015956828468
INFO:cooler._balance:variance is 0.15373600461921733
INFO:cooler._balance:variance is 0.03754161994753181
INFO:cooler._balance:variance is 0.009200144705259039
INFO:cooler._balance:variance is 0.002259971640541556
INFO:cooler._balance:variance is 0.0005560082632376154
INFO:cooler._balance:variance is 0.0001369306939325285
INFO:cooler._balance:variance is 3.374494490225095e-05
INFO:cooler._balance:variance is 8.319665293369775e-06
INFO:cooler._balance:chr14
INFO:cooler._balance:variance is 2744350.350145469
INFO:cooler._balance:variance is 482418.3343479839
INFO:cooler._balance:variance is 98522.27304157423
INFO:cooler._balance:variance is 26515.55351041733
INFO:cooler._balance:variance is 7357.783535733782
INFO:cooler._balance:variance is 2241.377391463361
INFO:cooler._balance:variance is 705.4619058886983
INFO:cooler._balance:variance is 229.66368311078236
INFO:cooler._balance:variance is 75.77058742729557
INFO:cooler._balance:variance is 25.28218725505607
INFO:cooler._balance:variance is 8.472393807484286
INFO:cooler._balance:variance is 2.84948011056889
INFO:cooler._balance:variance is 0.9596099834424776
INFO:cooler._balance:variance is 0.3235320239047602
INFO:cooler._balance:variance is 0.10912124495475777
INFO:cooler._balance:variance is 0.03681764931301397
INFO:cooler._balance:variance is 0.012423756931695198
INFO:cooler._balance:variance is 0.004192744244447671
INFO:cooler._balance:variance is 0.001415006991775302
INFO:cooler._balance:variance is 0.00047756672000484043
INFO:cooler._balance:variance is 0.00016118100973863534
INFO:cooler._balance:variance is 5.439994920660291e-05
INFO:cooler._balance:variance is 1.8360495177688072e-05
INFO:cooler._balance:variance is 6.19686167519434e-06
INFO:cooler._balance:chr15
INFO:cooler._balance:variance is 2463033.526245701
INFO:cooler._balance:variance is 186645.79414285082
INFO:cooler._balance:variance is 26453.98641515699
INFO:cooler._balance:variance is 4241.540313331083
INFO:cooler._balance:variance is 691.0392590852183
INFO:cooler._balance:variance is 116.12225108265878
INFO:cooler._balance:variance is 19.881812743513432
INFO:cooler._balance:variance is 3.4898861785444035
INFO:cooler._balance:variance is 0.6318906335524561
INFO:cooler._balance:variance is 0.11940821701344571
INFO:cooler._balance:variance is 0.023851166567083033
INFO:cooler._balance:variance is 0.005089813861058412
INFO:cooler._balance:variance is 0.0011646357858501979
INFO:cooler._balance:variance is 0.0002842759709484954
INFO:cooler._balance:variance is 7.315462450569583e-05
INFO:cooler._balance:variance is 1.957368769125724e-05
INFO:cooler._balance:variance is 5.3783647570509516e-06
INFO:cooler._balance:chr16
INFO:cooler._balance:variance is 24322836.25213335
INFO:cooler._balance:variance is 885021.4536693121
INFO:cooler._balance:variance is 275460.9480707868
INFO:cooler._balance:variance is 128115.941784034
INFO:cooler._balance:variance is 48517.797946956656
INFO:cooler._balance:variance is 21280.295461646136
INFO:cooler._balance:variance is 8527.85843561041
INFO:cooler._balance:variance is 3628.218372229114
INFO:cooler._balance:variance is 1485.8653628301279
INFO:cooler._balance:variance is 623.7765499823398
INFO:cooler._balance:variance is 257.7257319357908
INFO:cooler._balance:variance is 107.58663426639545
INFO:cooler._balance:variance is 44.614633459369614
INFO:cooler._balance:variance is 18.58041424118358
INFO:cooler._balance:variance is 7.716758281787299
INFO:cooler._balance:variance is 3.210608467162133
INFO:cooler._balance:variance is 1.334262901062577
INFO:cooler._balance:variance is 0.5549027104041289
INFO:cooler._balance:variance is 0.23066678412110972
INFO:cooler._balance:variance is 0.09591507984347368
INFO:cooler._balance:variance is 0.0398751718679218
INFO:cooler._balance:variance is 0.016579590397641734
INFO:cooler._balance:variance is 0.006893014704481086
INFO:cooler._balance:variance is 0.002865944067484024
INFO:cooler._balance:variance is 0.001191547397649251
INFO:cooler._balance:variance is 0.000495409736613077
INFO:cooler._balance:variance is 0.00020597360063873173
INFO:cooler._balance:variance is 8.563722321661405e-05
INFO:cooler._balance:variance is 3.560500231139265e-05
INFO:cooler._balance:variance is 1.4803387913009322e-05
INFO:cooler._balance:variance is 6.154746227002471e-06
INFO:cooler._balance:chr17
INFO:cooler._balance:variance is 2114943.6909799506
INFO:cooler._balance:variance is 301584.7977633855
INFO:cooler._balance:variance is 87025.68520545252
INFO:cooler._balance:variance is 30478.88056797426
INFO:cooler._balance:variance is 10492.632206705779
INFO:cooler._balance:variance is 3730.014464495765
INFO:cooler._balance:variance is 1316.9553239272257
INFO:cooler._balance:variance is 468.5961059063326
INFO:cooler._balance:variance is 166.3581059290423
INFO:cooler._balance:variance is 59.189801734403176
INFO:cooler._balance:variance is 21.043298138002715
INFO:cooler._balance:variance is 7.4865142325923975
INFO:cooler._balance:variance is 2.66273254852858
INFO:cooler._balance:variance is 0.9472700168503084
INFO:cooler._balance:variance is 0.33695979317398767
INFO:cooler._balance:variance is 0.11987143620021286
INFO:cooler._balance:variance is 0.04264207524577053
INFO:cooler._balance:variance is 0.015169541316661154
INFO:cooler._balance:variance is 0.005396363457767656
INFO:cooler._balance:variance is 0.001919702546116838
INFO:cooler._balance:variance is 0.0006829120327014038
INFO:cooler._balance:variance is 0.00024293886250143824
INFO:cooler._balance:variance is 8.642284007225175e-05
INFO:cooler._balance:variance is 3.0744014040506214e-05
INFO:cooler._balance:variance is 1.093685261337426e-05
INFO:cooler._balance:variance is 3.890669356118549e-06
INFO:cooler._balance:chr18
INFO:cooler._balance:variance is 1992057.719322017
INFO:cooler._balance:variance is 225962.34007596778
INFO:cooler._balance:variance is 36703.97193475697
INFO:cooler._balance:variance is 6834.180003265851
INFO:cooler._balance:variance is 1277.1466493475587
INFO:cooler._balance:variance is 245.5422687050634
INFO:cooler._balance:variance is 47.32483903921331
INFO:cooler._balance:variance is 9.184515258937227
INFO:cooler._balance:variance is 1.7849776002277673
INFO:cooler._balance:variance is 0.3475610211070945
INFO:cooler._balance:variance is 0.06771746838814538
INFO:cooler._balance:variance is 0.01320149088784689
INFO:cooler._balance:variance is 0.0025742893308746584
INFO:cooler._balance:variance is 0.0005020859220114922
INFO:cooler._balance:variance is 9.793645747853951e-05
INFO:cooler._balance:variance is 1.910481177515424e-05
INFO:cooler._balance:variance is 3.727003943708281e-06
INFO:cooler._balance:chr20
INFO:cooler._balance:variance is 2387928.8788190503
INFO:cooler._balance:variance is 137335.05040164673
INFO:cooler._balance:variance is 24421.282289868486
INFO:cooler._balance:variance is 5207.092350446005
INFO:cooler._balance:variance is 1244.5708683553796
INFO:cooler._balance:variance is 342.90820789864483
INFO:cooler._balance:variance is 104.56618325388344
INFO:cooler._balance:variance is 35.17703623297775
INFO:cooler._balance:variance is 12.582369546282283
INFO:cooler._balance:variance is 4.693980790873897
INFO:cooler._balance:variance is 1.7913538188596554
INFO:cooler._balance:variance is 0.6928336203295058
INFO:cooler._balance:variance is 0.2698004291980681
INFO:cooler._balance:variance is 0.10546682414775821
INFO:cooler._balance:variance is 0.041307054985438234
INFO:cooler._balance:variance is 0.0161954660277479
INFO:cooler._balance:variance is 0.006353210943788219
INFO:cooler._balance:variance is 0.0024929894108042462
INFO:cooler._balance:variance is 0.0009783874125613716
INFO:cooler._balance:variance is 0.00038400468149808964
INFO:cooler._balance:variance is 0.00015072298020776313
INFO:cooler._balance:variance is 5.9160551899426235e-05
INFO:cooler._balance:variance is 2.322146783561058e-05
INFO:cooler._balance:variance is 9.114856877184643e-06
INFO:cooler._balance:chrY
INFO:cooler._balance:chr19
INFO:cooler._balance:variance is 4473804.108035191
INFO:cooler._balance:variance is 1186542.1044416402
INFO:cooler._balance:variance is 242209.15705867973
INFO:cooler._balance:variance is 73617.39892024241
INFO:cooler._balance:variance is 19610.289203681685
INFO:cooler._balance:variance is 6015.798135753302
INFO:cooler._balance:variance is 1809.103015914423
INFO:cooler._balance:variance is 572.5400064663287
INFO:cooler._balance:variance is 181.79838977424305
INFO:cooler._balance:variance is 58.839047179931626
INFO:cooler._balance:variance is 19.1291131729272
INFO:cooler._balance:variance is 6.265139584083721
INFO:cooler._balance:variance is 2.05739936100534
INFO:cooler._balance:variance is 0.677611676343647
INFO:cooler._balance:variance is 0.22346477246941365
INFO:cooler._balance:variance is 0.0737826103496051
INFO:cooler._balance:variance is 0.02437576204142064
INFO:cooler._balance:variance is 0.00805702837488547
INFO:cooler._balance:variance is 0.002663830654395936
INFO:cooler._balance:variance is 0.0008808999173875209
INFO:cooler._balance:variance is 0.00029133774031893264
INFO:cooler._balance:variance is 9.636155683044718e-05
INFO:cooler._balance:variance is 3.1873708808880796e-05
INFO:cooler._balance:variance is 1.0543307691187943e-05
INFO:cooler._balance:variance is 3.487630895295448e-06
INFO:cooler._balance:chr22
INFO:cooler._balance:variance is 1242158.9188613407
INFO:cooler._balance:variance is 85141.39454919766
INFO:cooler._balance:variance is 9026.291548879046
INFO:cooler._balance:variance is 1191.0757780063348
INFO:cooler._balance:variance is 209.51220780865495
INFO:cooler._balance:variance is 51.50248181997133
INFO:cooler._balance:variance is 15.682199934969718
INFO:cooler._balance:variance is 5.291409363445847
INFO:cooler._balance:variance is 1.8492457725991553
INFO:cooler._balance:variance is 0.6557407071775195
INFO:cooler._balance:variance is 0.23348827659383964
INFO:cooler._balance:variance is 0.08332809161225678
INFO:cooler._balance:variance is 0.029753227830618238
INFO:cooler._balance:variance is 0.010628774670262155
INFO:cooler._balance:variance is 0.003797133004653334
INFO:cooler._balance:variance is 0.0013566929131234688
INFO:cooler._balance:variance is 0.00048473823814505036
INFO:cooler._balance:variance is 0.0001732002021779622
INFO:cooler._balance:variance is 6.18853526409945e-05
INFO:cooler._balance:variance is 2.211220693011515e-05
INFO:cooler._balance:variance is 7.9008780572344e-06
INFO:cooler._balance:chr21
INFO:cooler._balance:variance is 1494378.1745087237
INFO:cooler._balance:variance is 346320.06309790176
INFO:cooler._balance:variance is 131659.00133165938
INFO:cooler._balance:variance is 74984.24816905576
INFO:cooler._balance:variance is 37519.51434235441
INFO:cooler._balance:variance is 22049.14006813469
INFO:cooler._balance:variance is 11660.230002699549
INFO:cooler._balance:variance is 6697.834528067609
INFO:cooler._balance:variance is 3624.57220132569
INFO:cooler._balance:variance is 2050.577327179592
INFO:cooler._balance:variance is 1122.8422512892669
INFO:cooler._balance:variance is 629.9030161481159
INFO:cooler._balance:variance is 347.10333361652613
INFO:cooler._balance:variance is 193.82631562802592
INFO:cooler._balance:variance is 107.17406110565844
INFO:cooler._balance:variance is 59.69620785253715
INFO:cooler._balance:variance is 33.07057005030304
INFO:cooler._balance:variance is 18.394780472118157
INFO:cooler._balance:variance is 10.200940184588415
INFO:cooler._balance:variance is 5.6696900058539565
INFO:cooler._balance:variance is 3.14596526910894
INFO:cooler._balance:variance is 1.7477858252451093
INFO:cooler._balance:variance is 0.970109320997746
INFO:cooler._balance:variance is 0.5388309226060571
INFO:cooler._balance:variance is 0.29913097017957113
INFO:cooler._balance:variance is 0.16612552951659149
INFO:cooler._balance:variance is 0.0922332734258947
INFO:cooler._balance:variance is 0.05121899821036397
INFO:cooler._balance:variance is 0.02843844444124919
INFO:cooler._balance:variance is 0.015791805503395703
INFO:cooler._balance:variance is 0.008768384671363164
INFO:cooler._balance:variance is 0.004868955703225975
INFO:cooler._balance:variance is 0.002703528023861082
INFO:cooler._balance:variance is 0.0015012108972322143
INFO:cooler._balance:variance is 0.0008335675171998012
INFO:cooler._balance:variance is 0.0004628588997556133
INFO:cooler._balance:variance is 0.00025700994338697254
INFO:cooler._balance:variance is 0.0001427105560589377
INFO:cooler._balance:variance is 7.924258703228964e-05
INFO:cooler._balance:variance is 4.400113650931849e-05
INFO:cooler._balance:variance is 2.4432456244908047e-05
INFO:cooler._balance:variance is 1.3566626393926371e-05
INFO:cooler._balance:variance is 7.533130364037989e-06
INFO:cooler._balance:chrM
