INFO:cooler.cli.balance:Balancing "analysis_other/porec/T2T02.hp1/cooler/T2T02.hp1_100000_balanced.cool"
INFO:cooler._balance:chr1
INFO:cooler._balance:variance is 10620207.689041812
INFO:cooler._balance:variance is 186380.7334590348
INFO:cooler._balance:variance is 48422.67029060219
INFO:cooler._balance:variance is 16262.154610894859
INFO:cooler._balance:variance is 5512.197439654409
INFO:cooler._balance:variance is 1965.5490733491629
INFO:cooler._balance:variance is 694.8092922658567
INFO:cooler._balance:variance is 249.0552266846308
INFO:cooler._balance:variance is 88.8137407660203
INFO:cooler._balance:variance is 31.811529428098943
INFO:cooler._balance:variance is 11.36969448638562
INFO:cooler._balance:variance is 4.069722516275495
INFO:cooler._balance:variance is 1.4555395871708416
INFO:cooler._balance:variance is 0.5208483323616908
INFO:cooler._balance:variance is 0.18632360256677122
INFO:cooler._balance:variance is 0.06666614078777626
INFO:cooler._balance:variance is 0.023850395188518284
INFO:cooler._balance:variance is 0.008533254028216385
INFO:cooler._balance:variance is 0.003052929920647555
INFO:cooler._balance:variance is 0.0010922682348263042
INFO:cooler._balance:variance is 0.00039078304232560685
INFO:cooler._balance:variance is 0.0001398124368314462
INFO:cooler._balance:variance is 5.002115702247068e-05
INFO:cooler._balance:variance is 1.7896288920632068e-05
INFO:cooler._balance:variance is 6.4028224229658456e-06
INFO:cooler._balance:chr2
INFO:cooler._balance:variance is 1803422.8505391912
INFO:cooler._balance:variance is 164779.18318936226
INFO:cooler._balance:variance is 24967.08823029637
INFO:cooler._balance:variance is 4315.104951962071
INFO:cooler._balance:variance is 749.4690527615709
INFO:cooler._balance:variance is 136.42204862524
INFO:cooler._balance:variance is 25.737644981062186
INFO:cooler._balance:variance is 5.094202006429214
INFO:cooler._balance:variance is 1.0593429718133216
INFO:cooler._balance:variance is 0.2315221864403552
INFO:cooler._balance:variance is 0.05291512782809596
INFO:cooler._balance:variance is 0.012552172900576539
INFO:cooler._balance:variance is 0.003064214450578976
INFO:cooler._balance:variance is 0.000763837605381313
INFO:cooler._balance:variance is 0.000193210102350947
INFO:cooler._balance:variance is 4.935848646189836e-05
INFO:cooler._balance:variance is 1.2692693751142328e-05
INFO:cooler._balance:variance is 3.2780833697882736e-06
INFO:cooler._balance:chr3
INFO:cooler._balance:variance is 864244.8242118733
INFO:cooler._balance:variance is 123846.57867370867
INFO:cooler._balance:variance is 18468.1423392978
INFO:cooler._balance:variance is 3565.330136907584
INFO:cooler._balance:variance is 653.5294090409917
INFO:cooler._balance:variance is 128.57116410374894
INFO:cooler._balance:variance is 25.978888406853166
INFO:cooler._balance:variance is 5.515738633345122
INFO:cooler._balance:variance is 1.221543261986733
INFO:cooler._balance:variance is 0.2821823264392341
INFO:cooler._balance:variance is 0.06752846008354263
INFO:cooler._balance:variance is 0.016632422092043866
INFO:cooler._balance:variance is 0.004186824085788812
INFO:cooler._balance:variance is 0.001070857124852501
INFO:cooler._balance:variance is 0.000276982375051584
INFO:cooler._balance:variance is 7.220036241649295e-05
INFO:cooler._balance:variance is 1.891959146127708e-05
INFO:cooler._balance:variance is 4.9753124608777145e-06
INFO:cooler._balance:chr4
INFO:cooler._balance:variance is 756523.5976257281
INFO:cooler._balance:variance is 98322.42369727211
INFO:cooler._balance:variance is 18663.659122853576
INFO:cooler._balance:variance is 4619.958737979797
INFO:cooler._balance:variance is 1160.7031949041677
INFO:cooler._balance:variance is 311.1429585260729
INFO:cooler._balance:variance is 84.22643159891688
INFO:cooler._balance:variance is 23.251892627211685
INFO:cooler._balance:variance is 6.452556167330541
INFO:cooler._balance:variance is 1.8027250760486186
INFO:cooler._balance:variance is 0.5049232824581823
INFO:cooler._balance:variance is 0.14177729799319885
INFO:cooler._balance:variance is 0.039855623113320755
INFO:cooler._balance:variance is 0.011214880085900051
INFO:cooler._balance:variance is 0.003157333468040212
INFO:cooler._balance:variance is 0.0008892316056707168
INFO:cooler._balance:variance is 0.00025049808080887244
INFO:cooler._balance:variance is 7.057685735128645e-05
INFO:cooler._balance:variance is 1.9886604776992597e-05
INFO:cooler._balance:variance is 5.6038560524135326e-06
INFO:cooler._balance:chr5
INFO:cooler._balance:variance is 962727.2951988374
INFO:cooler._balance:variance is 101884.00142287905
INFO:cooler._balance:variance is 14467.772672510237
INFO:cooler._balance:variance is 2279.330508635719
INFO:cooler._balance:variance is 369.4436080019463
INFO:cooler._balance:variance is 62.82181976848354
INFO:cooler._balance:variance is 11.14870281761202
INFO:cooler._balance:variance is 2.075691369726815
INFO:cooler._balance:variance is 0.4052991160414885
INFO:cooler._balance:variance is 0.0829907253687245
INFO:cooler._balance:variance is 0.017758087824899224
INFO:cooler._balance:variance is 0.003951254086307195
INFO:cooler._balance:variance is 0.000908382563810117
INFO:cooler._balance:variance is 0.00021437669856771226
INFO:cooler._balance:variance is 5.162237194749774e-05
INFO:cooler._balance:variance is 1.2619407682280196e-05
INFO:cooler._balance:variance is 3.119002819271674e-06
INFO:cooler._balance:chr6
INFO:cooler._balance:variance is 1170738.463238117
INFO:cooler._balance:variance is 365736.3680799432
INFO:cooler._balance:variance is 100573.04000255259
INFO:cooler._balance:variance is 39214.32556368759
INFO:cooler._balance:variance is 12519.304568855228
INFO:cooler._balance:variance is 4511.463247018419
INFO:cooler._balance:variance is 1514.30778635623
INFO:cooler._balance:variance is 530.0378276186684
INFO:cooler._balance:variance is 181.02141250959167
INFO:cooler._balance:variance is 62.72253720377907
INFO:cooler._balance:variance is 21.549688889483868
INFO:cooler._balance:variance is 7.440759919779441
INFO:cooler._balance:variance is 2.561696970760469
INFO:cooler._balance:variance is 0.8834490502674092
INFO:cooler._balance:variance is 0.3043682822939613
INFO:cooler._balance:variance is 0.10492361586290523
INFO:cooler._balance:variance is 0.036157383218319794
INFO:cooler._balance:variance is 0.012462607216787908
INFO:cooler._balance:variance is 0.00429505882115021
INFO:cooler._balance:variance is 0.0014803339605525116
INFO:cooler._balance:variance is 0.0005101906271973533
INFO:cooler._balance:variance is 0.00017583920730630508
INFO:cooler._balance:variance is 6.0602818333115904e-05
INFO:cooler._balance:variance is 2.0886878162725842e-05
INFO:cooler._balance:variance is 7.198667772893585e-06
INFO:cooler._balance:chr7
INFO:cooler._balance:variance is 932724.013616081
INFO:cooler._balance:variance is 112551.48273747777
INFO:cooler._balance:variance is 19045.113483312845
INFO:cooler._balance:variance is 3941.475815178929
INFO:cooler._balance:variance is 769.2219966338877
INFO:cooler._balance:variance is 156.24593734680977
INFO:cooler._balance:variance is 31.366863441708237
INFO:cooler._balance:variance is 6.356307477027176
INFO:cooler._balance:variance is 1.286721847764198
INFO:cooler._balance:variance is 0.2613967820235233
INFO:cooler._balance:variance is 0.053195781478069304
INFO:cooler._balance:variance is 0.010859201519746533
INFO:cooler._balance:variance is 0.002223927497784543
INFO:cooler._balance:variance is 0.00045731266348247884
INFO:cooler._balance:variance is 9.4487575147045e-05
INFO:cooler._balance:variance is 1.96336022258099e-05
INFO:cooler._balance:variance is 4.106755104190604e-06
INFO:cooler._balance:chrX
INFO:cooler._balance:chr9
INFO:cooler._balance:variance is 323216.31992688717
INFO:cooler._balance:variance is 29734.27470075322
INFO:cooler._balance:variance is 8265.61620913194
INFO:cooler._balance:variance is 3014.970497555188
INFO:cooler._balance:variance is 1120.2122214661217
INFO:cooler._balance:variance is 458.4633720205764
INFO:cooler._balance:variance is 186.90007709536823
INFO:cooler._balance:variance is 80.08833984113024
INFO:cooler._balance:variance is 34.31710676989768
INFO:cooler._balance:variance is 15.090700704714905
INFO:cooler._balance:variance is 6.651228271835257
INFO:cooler._balance:variance is 2.9704984329280952
INFO:cooler._balance:variance is 1.3297199639530703
INFO:cooler._balance:variance is 0.5991934809632511
INFO:cooler._balance:variance is 0.27045076180291616
INFO:cooler._balance:variance is 0.12247318750663132
INFO:cooler._balance:variance is 0.05551831772087452
INFO:cooler._balance:variance is 0.025208285938779978
INFO:cooler._balance:variance is 0.011452656757510343
INFO:cooler._balance:variance is 0.00520743267561143
INFO:cooler._balance:variance is 0.0023685557461997028
INFO:cooler._balance:variance is 0.0010777565425642932
INFO:cooler._balance:variance is 0.0004904958667088095
INFO:cooler._balance:variance is 0.00022327434439839896
INFO:cooler._balance:variance is 0.00010164452317297341
INFO:cooler._balance:variance is 4.6277916012677756e-05
INFO:cooler._balance:variance is 2.1071030968262302e-05
INFO:cooler._balance:variance is 9.594454664786836e-06
INFO:cooler._balance:chr8
INFO:cooler._balance:variance is 636875.643364997
INFO:cooler._balance:variance is 53417.24825321977
INFO:cooler._balance:variance is 7470.254571450951
INFO:cooler._balance:variance is 1212.5736921433129
INFO:cooler._balance:variance is 201.6761550830318
INFO:cooler._balance:variance is 35.0703688029473
INFO:cooler._balance:variance is 6.30251306275812
INFO:cooler._balance:variance is 1.1758503505090194
INFO:cooler._balance:variance is 0.22753358437961466
INFO:cooler._balance:variance is 0.04564932061221665
INFO:cooler._balance:variance is 0.009466407608849845
INFO:cooler._balance:variance is 0.002020595839924397
INFO:cooler._balance:variance is 0.0004416819800866649
INFO:cooler._balance:variance is 9.837885187062932e-05
INFO:cooler._balance:variance is 2.2227930976587676e-05
INFO:cooler._balance:variance is 5.0755866536294775e-06
INFO:cooler._balance:chr11
INFO:cooler._balance:variance is 891737.5053267587
INFO:cooler._balance:variance is 256523.5523434953
INFO:cooler._balance:variance is 67333.15002613468
INFO:cooler._balance:variance is 26987.274697894154
INFO:cooler._balance:variance is 8613.440046210704
INFO:cooler._balance:variance is 3158.2673629173455
INFO:cooler._balance:variance is 1069.2988577964154
INFO:cooler._balance:variance is 379.60559759287196
INFO:cooler._balance:variance is 131.08798163487967
INFO:cooler._balance:variance is 46.01514377143911
INFO:cooler._balance:variance is 15.998005286568905
INFO:cooler._balance:variance is 5.593693556225842
INFO:cooler._balance:variance is 1.9492971584734489
INFO:cooler._balance:variance is 0.6806384909266545
INFO:cooler._balance:variance is 0.23738223857019863
INFO:cooler._balance:variance is 0.08284749168961791
INFO:cooler._balance:variance is 0.0289023900386782
INFO:cooler._balance:variance is 0.010085387159084365
INFO:cooler._balance:variance is 0.0035187606759843654
INFO:cooler._balance:variance is 0.001227787794814856
INFO:cooler._balance:variance is 0.00042838610954011526
INFO:cooler._balance:variance is 0.0001494721072990968
INFO:cooler._balance:variance is 5.215277576911214e-05
INFO:cooler._balance:variance is 1.819697225641388e-05
INFO:cooler._balance:variance is 6.349188467353663e-06
INFO:cooler._balance:chr10
INFO:cooler._balance:variance is 477445.24306081614
INFO:cooler._balance:variance is 39572.80386913475
INFO:cooler._balance:variance is 7837.003115962826
INFO:cooler._balance:variance is 1716.9821417976889
INFO:cooler._balance:variance is 384.9693909337899
INFO:cooler._balance:variance is 89.47819548804041
INFO:cooler._balance:variance is 21.186926369932717
INFO:cooler._balance:variance is 5.132747407951817
INFO:cooler._balance:variance is 1.263845010760484
INFO:cooler._balance:variance is 0.31624014622165414
INFO:cooler._balance:variance is 0.08012587844068675
INFO:cooler._balance:variance is 0.020525430782681164
INFO:cooler._balance:variance is 0.005303524370349018
INFO:cooler._balance:variance is 0.0013801280351963027
INFO:cooler._balance:variance is 0.00036114552674926915
INFO:cooler._balance:variance is 9.491880472723536e-05
INFO:cooler._balance:variance is 2.5032051352707365e-05
INFO:cooler._balance:variance is 6.6188797481910424e-06
INFO:cooler._balance:chr12
INFO:cooler._balance:variance is 557966.3132016446
INFO:cooler._balance:variance is 112443.16067000058
INFO:cooler._balance:variance is 28833.863890882007
INFO:cooler._balance:variance is 8991.836017936614
INFO:cooler._balance:variance is 2590.113592671555
INFO:cooler._balance:variance is 790.825422587116
INFO:cooler._balance:variance is 235.42521321750058
INFO:cooler._balance:variance is 71.3951693646767
INFO:cooler._balance:variance is 21.484842898744745
INFO:cooler._balance:variance is 6.50357958921652
INFO:cooler._balance:variance is 1.9641833609061925
INFO:cooler._balance:variance is 0.5943273803800312
INFO:cooler._balance:variance is 0.17971559936168607
INFO:cooler._balance:variance is 0.05437594750038983
INFO:cooler._balance:variance is 0.016449388240962905
INFO:cooler._balance:variance is 0.0049771108034838765
INFO:cooler._balance:variance is 0.0015058598094257836
INFO:cooler._balance:variance is 0.00045563768513345437
INFO:cooler._balance:variance is 0.0001378637107432963
INFO:cooler._balance:variance is 4.1714748112851745e-05
INFO:cooler._balance:variance is 1.2622006858230442e-05
INFO:cooler._balance:variance is 3.81918229173846e-06
INFO:cooler._balance:chr13
INFO:cooler._balance:variance is 408290.3452304652
INFO:cooler._balance:variance is 26462.7391108899
INFO:cooler._balance:variance is 3817.1510287470314
INFO:cooler._balance:variance is 664.9123749764605
INFO:cooler._balance:variance is 125.40701228006476
INFO:cooler._balance:variance is 25.3642571814262
INFO:cooler._balance:variance is 5.342263195516776
INFO:cooler._balance:variance is 1.160773329347389
INFO:cooler._balance:variance is 0.2572003082381532
INFO:cooler._balance:variance is 0.05777201299812002
INFO:cooler._balance:variance is 0.013090123852237706
INFO:cooler._balance:variance is 0.0029831271674574137
INFO:cooler._balance:variance is 0.0006823324861759557
INFO:cooler._balance:variance is 0.0001564417567658793
INFO:cooler._balance:variance is 3.592252511966543e-05
INFO:cooler._balance:variance is 8.256616974218841e-06
INFO:cooler._balance:chr14
INFO:cooler._balance:variance is 456352.2401102601
INFO:cooler._balance:variance is 68904.87548093674
INFO:cooler._balance:variance is 16716.647620515705
INFO:cooler._balance:variance is 4915.037739878795
INFO:cooler._balance:variance is 1464.6378406033405
INFO:cooler._balance:variance is 456.7760972871732
INFO:cooler._balance:variance is 142.93314330971162
INFO:cooler._balance:variance is 45.288910140778285
INFO:cooler._balance:variance is 14.353700869009197
INFO:cooler._balance:variance is 4.565508824801367
INFO:cooler._balance:variance is 1.4519260703207069
INFO:cooler._balance:variance is 0.4622227331622505
INFO:cooler._balance:variance is 0.14713257047510683
INFO:cooler._balance:variance is 0.04684886215042696
INFO:cooler._balance:variance is 0.014916499789269047
INFO:cooler._balance:variance is 0.00474978782181874
INFO:cooler._balance:variance is 0.0015124211347207481
INFO:cooler._balance:variance is 0.0004815962299848095
INFO:cooler._balance:variance is 0.00015335227553236373
INFO:cooler._balance:variance is 4.8831598782897974e-05
INFO:cooler._balance:variance is 1.5549289290588412e-05
INFO:cooler._balance:variance is 4.9513227058431154e-06
INFO:cooler._balance:chr15
INFO:cooler._balance:variance is 298599.39895896165
INFO:cooler._balance:variance is 16330.707920112807
INFO:cooler._balance:variance is 2612.5966349525397
INFO:cooler._balance:variance is 563.125300857229
INFO:cooler._balance:variance is 135.6087688913907
INFO:cooler._balance:variance is 35.15313622245438
INFO:cooler._balance:variance is 9.416682604120815
INFO:cooler._balance:variance is 2.5667359590959706
INFO:cooler._balance:variance is 0.7059289966745075
INFO:cooler._balance:variance is 0.19500075591698166
INFO:cooler._balance:variance is 0.054000060658303324
INFO:cooler._balance:variance is 0.014971282211809489
INFO:cooler._balance:variance is 0.004153641208368754
INFO:cooler._balance:variance is 0.0011527611981990713
INFO:cooler._balance:variance is 0.0003199899518557527
INFO:cooler._balance:variance is 8.883270742413273e-05
INFO:cooler._balance:variance is 2.4662329843762928e-05
INFO:cooler._balance:variance is 6.847098053412507e-06
INFO:cooler._balance:chr16
INFO:cooler._balance:variance is 1779903.3379852301
INFO:cooler._balance:variance is 23375.405239487463
INFO:cooler._balance:variance is 5932.95643340097
INFO:cooler._balance:variance is 2214.404674475496
INFO:cooler._balance:variance is 808.2657102739079
INFO:cooler._balance:variance is 324.6487647810357
INFO:cooler._balance:variance is 126.88122427273254
INFO:cooler._balance:variance is 51.08769934086591
INFO:cooler._balance:variance is 20.300612118333937
INFO:cooler._balance:variance is 8.153287850611726
INFO:cooler._balance:variance is 3.2561048961831855
INFO:cooler._balance:variance is 1.3056541609265515
INFO:cooler._balance:variance is 0.5223237847592221
INFO:cooler._balance:variance is 0.20928657285850719
INFO:cooler._balance:variance is 0.08377757175450806
INFO:cooler._balance:variance is 0.033557313831314176
INFO:cooler._balance:variance is 0.013436268353920857
INFO:cooler._balance:variance is 0.005381195946857735
INFO:cooler._balance:variance is 0.0021548215142866527
INFO:cooler._balance:variance is 0.000862953049556542
INFO:cooler._balance:variance is 0.00034556985880277775
INFO:cooler._balance:variance is 0.0001383890979312172
INFO:cooler._balance:variance is 5.541878460378244e-05
INFO:cooler._balance:variance is 2.2193155199106624e-05
INFO:cooler._balance:variance is 8.887441021800762e-06
INFO:cooler._balance:chr17
INFO:cooler._balance:variance is 336913.7920387262
INFO:cooler._balance:variance is 68271.30248893952
INFO:cooler._balance:variance is 19449.12274850753
INFO:cooler._balance:variance is 6557.7630204254465
INFO:cooler._balance:variance is 2125.123658901995
INFO:cooler._balance:variance is 710.4981769220838
INFO:cooler._balance:variance is 235.2741489953649
INFO:cooler._balance:variance is 78.48102421892425
INFO:cooler._balance:variance is 26.113158129499652
INFO:cooler._balance:variance is 8.705665724930991
INFO:cooler._balance:variance is 2.900207452358638
INFO:cooler._balance:variance is 0.9667251941305319
INFO:cooler._balance:variance is 0.3221671730638738
INFO:cooler._balance:variance is 0.10738305996039121
INFO:cooler._balance:variance is 0.035789901677588803
INFO:cooler._balance:variance is 0.011929156241857324
INFO:cooler._balance:variance is 0.00397602978590387
INFO:cooler._balance:variance is 0.001325249426439454
INFO:cooler._balance:variance is 0.0004417155786052439
INFO:cooler._balance:variance is 0.00014722804416693433
INFO:cooler._balance:variance is 4.907242034404327e-05
INFO:cooler._balance:variance is 1.6356310915817723e-05
INFO:cooler._balance:variance is 5.451712834862346e-06
INFO:cooler._balance:chr18
INFO:cooler._balance:variance is 301827.45040933235
INFO:cooler._balance:variance is 32555.52535223887
INFO:cooler._balance:variance is 5184.18397156403
INFO:cooler._balance:variance is 914.9431959274715
INFO:cooler._balance:variance is 159.7683153621253
INFO:cooler._balance:variance is 28.44886017994571
INFO:cooler._balance:variance is 5.058059246576666
INFO:cooler._balance:variance is 0.9032270691782692
INFO:cooler._balance:variance is 0.16132644295189244
INFO:cooler._balance:variance is 0.02884713755225028
INFO:cooler._balance:variance is 0.0051595814668941725
INFO:cooler._balance:variance is 0.0009231619677956573
INFO:cooler._balance:variance is 0.00016519794514619496
INFO:cooler._balance:variance is 2.9565613044768082e-05
INFO:cooler._balance:variance is 5.291751477846948e-06
INFO:cooler._balance:chr20
INFO:cooler._balance:variance is 526115.6447621607
INFO:cooler._balance:variance is 17891.123781284798
INFO:cooler._balance:variance is 4112.936775809994
INFO:cooler._balance:variance is 843.4267480138423
INFO:cooler._balance:variance is 221.53158320062767
INFO:cooler._balance:variance is 66.17180959987176
INFO:cooler._balance:variance is 21.724119722647618
INFO:cooler._balance:variance is 7.57756055294117
INFO:cooler._balance:variance is 2.7272769309775957
INFO:cooler._balance:variance is 0.9992616634673429
INFO:cooler._balance:variance is 0.3694383756076235
INFO:cooler._balance:variance is 0.13724742890178668
INFO:cooler._balance:variance is 0.05111875589815948
INFO:cooler._balance:variance is 0.01906467517449508
INFO:cooler._balance:variance is 0.007115445507260863
INFO:cooler._balance:variance is 0.0026566482871722957
INFO:cooler._balance:variance is 0.0009921143431240724
INFO:cooler._balance:variance is 0.0003705392192234599
INFO:cooler._balance:variance is 0.00013839974802761388
INFO:cooler._balance:variance is 5.169506198369227e-05
INFO:cooler._balance:variance is 1.930952030356181e-05
INFO:cooler._balance:variance is 7.212693370136932e-06
INFO:cooler._balance:chrY
INFO:cooler._balance:chr19
INFO:cooler._balance:variance is 774151.3239875501
INFO:cooler._balance:variance is 179193.91956484944
INFO:cooler._balance:variance is 32442.932342700547
INFO:cooler._balance:variance is 8559.12598772982
INFO:cooler._balance:variance is 2123.9048151510287
INFO:cooler._balance:variance is 582.7328057225211
INFO:cooler._balance:variance is 161.70456303856926
INFO:cooler._balance:variance is 46.22215232721498
INFO:cooler._balance:variance is 13.342274488090366
INFO:cooler._balance:variance is 3.8876322864070336
INFO:cooler._balance:variance is 1.1376781596254248
INFO:cooler._balance:variance is 0.3339692651699885
INFO:cooler._balance:variance is 0.09820057895579015
INFO:cooler._balance:variance is 0.028905836479663594
INFO:cooler._balance:variance is 0.00851376518569594
INFO:cooler._balance:variance is 0.002508537071211948
INFO:cooler._balance:variance is 0.0007392909659689801
INFO:cooler._balance:variance is 0.00021790553019780562
INFO:cooler._balance:variance is 6.423265916966101e-05
INFO:cooler._balance:variance is 1.893496199606098e-05
INFO:cooler._balance:variance is 5.5819458280537e-06
INFO:cooler._balance:chr22
INFO:cooler._balance:variance is 258471.24452449943
INFO:cooler._balance:variance is 21064.209448022262
INFO:cooler._balance:variance is 3347.4848031310107
INFO:cooler._balance:variance is 829.6924390471335
INFO:cooler._balance:variance is 259.66562649742
INFO:cooler._balance:variance is 86.8123559584139
INFO:cooler._balance:variance is 30.363813798242973
INFO:cooler._balance:variance is 10.60482963352558
INFO:cooler._balance:variance is 3.7419099532580287
INFO:cooler._balance:variance is 1.3162648837661524
INFO:cooler._balance:variance is 0.4644242564817764
INFO:cooler._balance:variance is 0.16364199339577476
INFO:cooler._balance:variance is 0.0577181008185285
INFO:cooler._balance:variance is 0.020347222527904992
INFO:cooler._balance:variance is 0.007175432021948165
INFO:cooler._balance:variance is 0.0025299353962988168
INFO:cooler._balance:variance is 0.0008921189962821157
INFO:cooler._balance:variance is 0.0003145624781902348
INFO:cooler._balance:variance is 0.0001109198296839769
INFO:cooler._balance:variance is 3.911119334397812e-05
INFO:cooler._balance:variance is 1.3791112385748845e-05
INFO:cooler._balance:variance is 4.862883197237991e-06
INFO:cooler._balance:chr21
INFO:cooler._balance:variance is 162923.23136822775
INFO:cooler._balance:variance is 11982.920569389475
INFO:cooler._balance:variance is 2201.6713210785183
INFO:cooler._balance:variance is 593.4152237689502
INFO:cooler._balance:variance is 197.8718860219062
INFO:cooler._balance:variance is 75.60469153755608
INFO:cooler._balance:variance is 31.740999040049694
INFO:cooler._balance:variance is 14.369037857122189
INFO:cooler._balance:variance is 6.869711116928601
INFO:cooler._balance:variance is 3.4236888121126654
INFO:cooler._balance:variance is 1.7516332520440596
INFO:cooler._balance:variance is 0.9135956602408886
INFO:cooler._balance:variance is 0.4814598904097134
INFO:cooler._balance:variance is 0.25577765164463484
INFO:cooler._balance:variance is 0.13637430964142724
INFO:cooler._balance:variance is 0.07294908223681718
INFO:cooler._balance:variance is 0.03906629874714534
INFO:cooler._balance:variance is 0.02094899613423001
INFO:cooler._balance:variance is 0.011237242901188129
INFO:cooler._balance:variance is 0.006031126987937679
INFO:cooler._balance:variance is 0.0032371474609583684
INFO:cooler._balance:variance is 0.001737926253525073
INFO:cooler._balance:variance is 0.0009330322514172292
INFO:cooler._balance:variance is 0.000500966963353064
INFO:cooler._balance:variance is 0.0002689759517767362
INFO:cooler._balance:variance is 0.00014442413744740191
INFO:cooler._balance:variance is 7.754603014095088e-05
INFO:cooler._balance:variance is 4.1638007500051094e-05
INFO:cooler._balance:variance is 2.2357127389266595e-05
INFO:cooler._balance:variance is 1.2004589304843275e-05
INFO:cooler._balance:variance is 6.445787949280657e-06
INFO:cooler._balance:chrM
