INFO:cooler.cli.balance:Balancing "analysis_other/porec/T2T05/cooler/T2T05_40000_balanced.cool"
INFO:cooler._balance:chr1
INFO:cooler._balance:variance is 184094.462644924
INFO:cooler._balance:variance is 31214.37725390264
INFO:cooler._balance:variance is 9411.146838545026
INFO:cooler._balance:variance is 4259.934495847127
INFO:cooler._balance:variance is 1885.916074579828
INFO:cooler._balance:variance is 948.5125748430576
INFO:cooler._balance:variance is 472.6592378708272
INFO:cooler._balance:variance is 247.3790250682627
INFO:cooler._balance:variance is 129.00621595069163
INFO:cooler._balance:variance is 68.70485744918236
INFO:cooler._balance:variance is 36.49239743880856
INFO:cooler._balance:variance is 19.57051347757627
INFO:cooler._balance:variance is 10.474004386314654
INFO:cooler._balance:variance is 5.6315844602233245
INFO:cooler._balance:variance is 3.023710897304112
INFO:cooler._balance:variance is 1.6272087399349082
INFO:cooler._balance:variance is 0.8749110093952717
INFO:cooler._balance:variance is 0.47096329947317284
INFO:cooler._balance:variance is 0.25338580985517395
INFO:cooler._balance:variance is 0.13640676914409983
INFO:cooler._balance:variance is 0.07341049562197724
INFO:cooler._balance:variance is 0.039519810630131956
INFO:cooler._balance:variance is 0.021271467165734175
INFO:cooler._balance:variance is 0.011451190353207371
INFO:cooler._balance:variance is 0.0061639999447077164
INFO:cooler._balance:variance is 0.0033182716130516266
INFO:cooler._balance:variance is 0.0017862348564815032
INFO:cooler._balance:variance is 0.0009615790839179982
INFO:cooler._balance:variance is 0.0005176295448578132
INFO:cooler._balance:variance is 0.0002786529674272994
INFO:cooler._balance:variance is 0.0001500035509319824
INFO:cooler._balance:variance is 8.075046963316604e-05
INFO:cooler._balance:variance is 4.34695268907237e-05
INFO:cooler._balance:variance is 2.3400643290598405e-05
INFO:cooler._balance:variance is 1.2597045520715716e-05
INFO:cooler._balance:variance is 6.78127293910833e-06
INFO:cooler._balance:chr2
INFO:cooler._balance:variance is 201769.01724646863
INFO:cooler._balance:variance is 35086.92723040074
INFO:cooler._balance:variance is 9349.487926473415
INFO:cooler._balance:variance is 3125.9569697815555
INFO:cooler._balance:variance is 1012.604820569928
INFO:cooler._balance:variance is 349.49160577737854
INFO:cooler._balance:variance is 120.98028159530817
INFO:cooler._balance:variance is 43.145273919396516
INFO:cooler._balance:variance is 15.596992156805781
INFO:cooler._balance:variance is 5.754567215763004
INFO:cooler._balance:variance is 2.155509959349232
INFO:cooler._balance:variance is 0.8202741029130767
INFO:cooler._balance:variance is 0.3162809540933763
INFO:cooler._balance:variance is 0.12342089396268915
INFO:cooler._balance:variance is 0.048646806893439025
INFO:cooler._balance:variance is 0.01933855427362789
INFO:cooler._balance:variance is 0.007741725613732105
INFO:cooler._balance:variance is 0.0031170572445913393
INFO:cooler._balance:variance is 0.0012608488608833268
INFO:cooler._balance:variance is 0.0005119067363023676
INFO:cooler._balance:variance is 0.0002084483924718529
INFO:cooler._balance:variance is 8.507782616247182e-05
INFO:cooler._balance:variance is 3.478800543635694e-05
INFO:cooler._balance:variance is 1.4245089151511172e-05
INFO:cooler._balance:variance is 5.8396625683527536e-06
INFO:cooler._balance:chr3
INFO:cooler._balance:variance is 189543.4685679916
INFO:cooler._balance:variance is 59589.73134318859
INFO:cooler._balance:variance is 16640.67848512362
INFO:cooler._balance:variance is 8338.437087231896
INFO:cooler._balance:variance is 3083.071941588387
INFO:cooler._balance:variance is 1448.5406279798049
INFO:cooler._balance:variance is 592.61338730936
INFO:cooler._balance:variance is 268.722424317718
INFO:cooler._balance:variance is 114.78004666600883
INFO:cooler._balance:variance is 51.29423910110359
INFO:cooler._balance:variance is 22.35671092479422
INFO:cooler._balance:variance is 9.94452761712596
INFO:cooler._balance:variance is 4.379391956940458
INFO:cooler._balance:variance is 1.9469696755605626
INFO:cooler._balance:variance is 0.8623945012866653
INFO:cooler._balance:variance is 0.38376858050285506
INFO:cooler._balance:variance is 0.1705915334952058
INFO:cooler._balance:variance is 0.07601563351178835
INFO:cooler._balance:variance is 0.0338693562698425
INFO:cooler._balance:variance is 0.015111614532239083
INFO:cooler._balance:variance is 0.006744058674069379
INFO:cooler._balance:variance is 0.0030123121736418553
INFO:cooler._balance:variance is 0.0013459190279257755
INFO:cooler._balance:variance is 0.0006016993231274013
INFO:cooler._balance:variance is 0.0002690742023726055
INFO:cooler._balance:variance is 0.00012037363049752189
INFO:cooler._balance:variance is 5.3864364295325546e-05
INFO:cooler._balance:variance is 2.4109642769563932e-05
INFO:cooler._balance:variance is 1.0793655600902915e-05
INFO:cooler._balance:variance is 4.8331822392290184e-06
INFO:cooler._balance:chr4
INFO:cooler._balance:variance is 189403.99220607086
INFO:cooler._balance:variance is 43130.505360773095
INFO:cooler._balance:variance is 12826.822132635009
INFO:cooler._balance:variance is 4871.160878043431
INFO:cooler._balance:variance is 1782.92310437637
INFO:cooler._balance:variance is 717.2380124116999
INFO:cooler._balance:variance is 287.6397444052491
INFO:cooler._balance:variance is 120.57987466364565
INFO:cooler._balance:variance is 50.786975981734976
INFO:cooler._balance:variance is 21.853918131486797
INFO:cooler._balance:variance is 9.448091574835672
INFO:cooler._balance:variance is 4.127035368401291
INFO:cooler._balance:variance is 1.8084304188089833
INFO:cooler._balance:variance is 0.7963719266053156
INFO:cooler._balance:variance is 0.35134368486957446
INFO:cooler._balance:variance is 0.1553754621815658
INFO:cooler._balance:variance is 0.06878170580233221
INFO:cooler._balance:variance is 0.030483362110157
INFO:cooler._balance:variance is 0.013517185453725326
INFO:cooler._balance:variance is 0.005997249552196427
INFO:cooler._balance:variance is 0.0026615794125397223
INFO:cooler._balance:variance is 0.0011815306607157955
INFO:cooler._balance:variance is 0.0005245815624119694
INFO:cooler._balance:variance is 0.00023293726288967125
INFO:cooler._balance:variance is 0.00010344197425727113
INFO:cooler._balance:variance is 4.593916458263534e-05
INFO:cooler._balance:variance is 2.0402603392188362e-05
INFO:cooler._balance:variance is 9.061541876267795e-06
INFO:cooler._balance:chr5
INFO:cooler._balance:variance is 266696.9328363135
INFO:cooler._balance:variance is 49394.42548915067
INFO:cooler._balance:variance is 12657.10654472507
INFO:cooler._balance:variance is 3957.888499077545
INFO:cooler._balance:variance is 1213.3838701093948
INFO:cooler._balance:variance is 394.5615107757304
INFO:cooler._balance:variance is 130.6133196190273
INFO:cooler._balance:variance is 44.90635033247703
INFO:cooler._balance:variance is 15.844019922626634
INFO:cooler._balance:variance is 5.7701448057025
INFO:cooler._balance:variance is 2.1551903931640966
INFO:cooler._balance:variance is 0.825879751084302
INFO:cooler._balance:variance is 0.3231100884770709
INFO:cooler._balance:variance is 0.1288077229423027
INFO:cooler._balance:variance is 0.05212228231327488
INFO:cooler._balance:variance is 0.021358548774401548
INFO:cooler._balance:variance is 0.008838771179846383
INFO:cooler._balance:variance is 0.0036868105910636334
INFO:cooler._balance:variance is 0.0015472582087311124
INFO:cooler._balance:variance is 0.0006524608428002945
INFO:cooler._balance:variance is 0.0002761458230237577
INFO:cooler._balance:variance is 0.00011720668649182346
INFO:cooler._balance:variance is 4.985448329821072e-05
INFO:cooler._balance:variance is 2.1240989630040357e-05
INFO:cooler._balance:variance is 9.061337610536392e-06
INFO:cooler._balance:chr6
INFO:cooler._balance:variance is 295548.4198216141
INFO:cooler._balance:variance is 97313.79012896844
INFO:cooler._balance:variance is 34395.29704978926
INFO:cooler._balance:variance is 22035.086258661668
INFO:cooler._balance:variance is 9642.638142461343
INFO:cooler._balance:variance is 5622.95164892236
INFO:cooler._balance:variance is 2689.890412534935
INFO:cooler._balance:variance is 1486.5310558873102
INFO:cooler._balance:variance is 742.0313808044356
INFO:cooler._balance:variance is 398.7384804157577
INFO:cooler._balance:variance is 203.3016142778079
INFO:cooler._balance:variance is 107.67094861270424
INFO:cooler._balance:variance is 55.492020228001344
INFO:cooler._balance:variance is 29.16844612934219
INFO:cooler._balance:variance is 15.116462207821101
INFO:cooler._balance:variance is 7.914605781193404
INFO:cooler._balance:variance is 4.113482443155237
INFO:cooler._balance:variance is 2.149321835606906
INFO:cooler._balance:variance is 1.1187344836636628
INFO:cooler._balance:variance is 0.5839240643676112
INFO:cooler._balance:variance is 0.3041707193462876
INFO:cooler._balance:variance is 0.15867395918108537
INFO:cooler._balance:variance is 0.08268777438726478
INFO:cooler._balance:variance is 0.04312249180033871
INFO:cooler._balance:variance is 0.022476591073463136
INFO:cooler._balance:variance is 0.011719995455989441
INFO:cooler._balance:variance is 0.0061094403996227046
INFO:cooler._balance:variance is 0.0031854020425892957
INFO:cooler._balance:variance is 0.001660592012055164
INFO:cooler._balance:variance is 0.0008657807913214154
INFO:cooler._balance:variance is 0.00045135630372231025
INFO:cooler._balance:variance is 0.00023531804005110313
INFO:cooler._balance:variance is 0.00012267992476235818
INFO:cooler._balance:variance is 6.395939791789837e-05
INFO:cooler._balance:variance is 3.3344648567430404e-05
INFO:cooler._balance:variance is 1.7384190993999403e-05
INFO:cooler._balance:variance is 9.063127440054311e-06
INFO:cooler._balance:chr7
INFO:cooler._balance:variance is 199809.7963205459
INFO:cooler._balance:variance is 42982.21742160152
INFO:cooler._balance:variance is 12156.28628397137
INFO:cooler._balance:variance is 4667.909414041661
INFO:cooler._balance:variance is 1572.9739764925691
INFO:cooler._balance:variance is 582.4484852719023
INFO:cooler._balance:variance is 205.53806101346572
INFO:cooler._balance:variance is 74.87628653229301
INFO:cooler._balance:variance is 26.81846192247144
INFO:cooler._balance:variance is 9.712771325136675
INFO:cooler._balance:variance is 3.4966633954879054
INFO:cooler._balance:variance is 1.2637873285757102
INFO:cooler._balance:variance is 0.4557982289063808
INFO:cooler._balance:variance is 0.16462043128661188
INFO:cooler._balance:variance is 0.0594110457431068
INFO:cooler._balance:variance is 0.021452190885206224
INFO:cooler._balance:variance is 0.007743897963338882
INFO:cooler._balance:variance is 0.002795939998592094
INFO:cooler._balance:variance is 0.0010093802695531145
INFO:cooler._balance:variance is 0.00036442753165168157
INFO:cooler._balance:variance is 0.00013156886043907154
INFO:cooler._balance:variance is 4.750135784352358e-05
INFO:cooler._balance:variance is 1.7149603647488466e-05
INFO:cooler._balance:variance is 6.1916508772065235e-06
INFO:cooler._balance:chrX
INFO:cooler._balance:variance is 42328.39730243417
INFO:cooler._balance:variance is 4308.951826720571
INFO:cooler._balance:variance is 989.7093144357701
INFO:cooler._balance:variance is 306.01372363791535
INFO:cooler._balance:variance is 95.9482015939496
INFO:cooler._balance:variance is 32.42690404055131
INFO:cooler._balance:variance is 11.13662490405736
INFO:cooler._balance:variance is 3.969612349453485
INFO:cooler._balance:variance is 1.44144049106858
INFO:cooler._balance:variance is 0.5384452941349475
INFO:cooler._balance:variance is 0.2056971400109633
INFO:cooler._balance:variance is 0.08072884819718397
INFO:cooler._balance:variance is 0.03248727571677237
INFO:cooler._balance:variance is 0.013421372224881104
INFO:cooler._balance:variance is 0.005682550706180919
INFO:cooler._balance:variance is 0.0024627171168955875
INFO:cooler._balance:variance is 0.0010897638160500493
INFO:cooler._balance:variance is 0.0004911428296095506
INFO:cooler._balance:variance is 0.00022481752954460553
INFO:cooler._balance:variance is 0.00010424621987992035
INFO:cooler._balance:variance is 4.884830426450374e-05
INFO:cooler._balance:variance is 2.3082661380837528e-05
INFO:cooler._balance:variance is 1.0980039391616315e-05
INFO:cooler._balance:variance is 5.250168422371519e-06
INFO:cooler._balance:chr9
INFO:cooler._balance:variance is 198090.9161382128
INFO:cooler._balance:variance is 57732.7156617274
INFO:cooler._balance:variance is 23553.969814118624
INFO:cooler._balance:variance is 13653.722357510675
INFO:cooler._balance:variance is 6915.174725832081
INFO:cooler._balance:variance is 4337.11210435366
INFO:cooler._balance:variance is 2407.0288757869116
INFO:cooler._balance:variance is 1549.9666432099089
INFO:cooler._balance:variance is 913.4996448593063
INFO:cooler._balance:variance is 593.6013745932801
INFO:cooler._balance:variance is 363.2643233741693
INFO:cooler._balance:variance is 236.43576549979304
INFO:cooler._balance:variance is 147.94147631289727
INFO:cooler._balance:variance is 96.18190970867549
INFO:cooler._balance:variance is 60.95572363484474
INFO:cooler._balance:variance is 39.55903352073594
INFO:cooler._balance:variance is 25.254446253692
INFO:cooler._balance:variance is 16.362552929188542
INFO:cooler._balance:variance is 10.489898201504708
INFO:cooler._balance:variance is 6.787590849753507
INFO:cooler._balance:variance is 4.362185969459486
INFO:cooler._balance:variance is 2.8198786604532877
INFO:cooler._balance:variance is 1.8149013470156532
INFO:cooler._balance:variance is 1.1724236056321238
INFO:cooler._balance:variance is 0.7552473921172678
INFO:cooler._balance:variance is 0.4876614144778409
INFO:cooler._balance:variance is 0.3143087360980578
INFO:cooler._balance:variance is 0.20288457535328105
INFO:cooler._balance:variance is 0.13080709545782737
INFO:cooler._balance:variance is 0.08441756017881659
INFO:cooler._balance:variance is 0.05443836092929396
INFO:cooler._balance:variance is 0.035127424328944994
INFO:cooler._balance:variance is 0.022655576463935838
INFO:cooler._balance:variance is 0.014617624629555577
INFO:cooler._balance:variance is 0.009428473716295368
INFO:cooler._balance:variance is 0.00608299126906197
INFO:cooler._balance:variance is 0.003923778839633817
INFO:cooler._balance:variance is 0.0025314155356973545
INFO:cooler._balance:variance is 0.0016329213668948774
INFO:cooler._balance:variance is 0.0010534482769877865
INFO:cooler._balance:variance is 0.0006795545490854539
INFO:cooler._balance:variance is 0.00043839455004679505
INFO:cooler._balance:variance is 0.00028280181932806986
INFO:cooler._balance:variance is 0.00018243930345441224
INFO:cooler._balance:variance is 0.00011768992196519016
INFO:cooler._balance:variance is 7.592284839503121e-05
INFO:cooler._balance:variance is 4.8977410074625504e-05
INFO:cooler._balance:variance is 3.159563596608953e-05
INFO:cooler._balance:variance is 2.0382244288522546e-05
INFO:cooler._balance:variance is 1.3148676444427592e-05
INFO:cooler._balance:variance is 8.482189206603863e-06
INFO:cooler._balance:chr8
INFO:cooler._balance:variance is 138333.98194406836
INFO:cooler._balance:variance is 22624.76215453022
INFO:cooler._balance:variance is 5416.980940439247
INFO:cooler._balance:variance is 1685.5927720476516
INFO:cooler._balance:variance is 530.932474816699
INFO:cooler._balance:variance is 180.01048157017678
INFO:cooler._balance:variance is 62.46017276039913
INFO:cooler._balance:variance is 22.39458156612921
INFO:cooler._balance:variance is 8.17390478269098
INFO:cooler._balance:variance is 3.0371659471288006
INFO:cooler._balance:variance is 1.1419698048084133
INFO:cooler._balance:variance is 0.4338633056838426
INFO:cooler._balance:variance is 0.16608414101924623
INFO:cooler._balance:variance is 0.06397428925666944
INFO:cooler._balance:variance is 0.024759122163581383
INFO:cooler._balance:variance is 0.009618512633535536
INFO:cooler._balance:variance is 0.003747622805088392
INFO:cooler._balance:variance is 0.001463559673843031
INFO:cooler._balance:variance is 0.0005726030572531788
INFO:cooler._balance:variance is 0.00022434456932201205
INFO:cooler._balance:variance is 8.799615944179831e-05
INFO:cooler._balance:variance is 3.4545571870326906e-05
INFO:cooler._balance:variance is 1.3571262588667616e-05
INFO:cooler._balance:variance is 5.334356972175753e-06
INFO:cooler._balance:chr11
INFO:cooler._balance:variance is 203838.22520051844
INFO:cooler._balance:variance is 100635.62454285845
INFO:cooler._balance:variance is 39877.17857873202
INFO:cooler._balance:variance is 28054.740711784772
INFO:cooler._balance:variance is 13022.967174956057
INFO:cooler._balance:variance is 8433.237479273326
INFO:cooler._balance:variance is 4249.376828379035
INFO:cooler._balance:variance is 2598.8053193407945
INFO:cooler._balance:variance is 1373.0423161526487
INFO:cooler._balance:variance is 811.1455491694812
INFO:cooler._balance:variance is 440.4725117721046
INFO:cooler._balance:variance is 254.98501826217625
INFO:cooler._balance:variance is 140.6649308862167
INFO:cooler._balance:variance is 80.47912591941395
INFO:cooler._balance:variance is 44.79945266418675
INFO:cooler._balance:variance is 25.459386124786796
INFO:cooler._balance:variance is 14.245189071710612
INFO:cooler._balance:variance is 8.064507281899491
INFO:cooler._balance:variance is 4.5254737707666655
INFO:cooler._balance:variance is 2.556394135896004
INFO:cooler._balance:variance is 1.4369138089370692
INFO:cooler._balance:variance is 0.8106972246051267
INFO:cooler._balance:variance is 0.4561069386914371
INFO:cooler._balance:variance is 0.2571530380251857
INFO:cooler._balance:variance is 0.14475326115743314
INFO:cooler._balance:variance is 0.08157971817557244
INFO:cooler._balance:variance is 0.04593544419684627
INFO:cooler._balance:variance is 0.025882437840918857
INFO:cooler._balance:variance is 0.014576177511319635
INFO:cooler._balance:variance is 0.008211952505274112
INFO:cooler._balance:variance is 0.004625150860986893
INFO:cooler._balance:variance is 0.002605541328169341
INFO:cooler._balance:variance is 0.0014675758187792656
INFO:cooler._balance:variance is 0.0008267140070762047
INFO:cooler._balance:variance is 0.0004656621042188475
INFO:cooler._balance:variance is 0.0002623106278924896
INFO:cooler._balance:variance is 0.0001477538554320059
INFO:cooler._balance:variance is 8.322969711243073e-05
INFO:cooler._balance:variance is 4.6881919092328944e-05
INFO:cooler._balance:variance is 2.6408380882055332e-05
INFO:cooler._balance:variance is 1.4875486204255178e-05
INFO:cooler._balance:variance is 8.379262927608543e-06
INFO:cooler._balance:chr10
INFO:cooler._balance:variance is 163042.09909529396
INFO:cooler._balance:variance is 26350.457338892178
INFO:cooler._balance:variance is 7567.417830963044
INFO:cooler._balance:variance is 2697.633460383179
INFO:cooler._balance:variance is 939.2747871491698
INFO:cooler._balance:variance is 345.2512316343303
INFO:cooler._balance:variance is 126.01669388454634
INFO:cooler._balance:variance is 46.95169421484435
INFO:cooler._balance:variance is 17.533278002741312
INFO:cooler._balance:variance is 6.624354927760768
INFO:cooler._balance:variance is 2.517334821253068
INFO:cooler._balance:variance is 0.9654753142969962
INFO:cooler._balance:variance is 0.37295526278826474
INFO:cooler._balance:variance is 0.14529418994664045
INFO:cooler._balance:variance is 0.05703485211933874
INFO:cooler._balance:variance is 0.022568213106189634
INFO:cooler._balance:variance is 0.008996541593201153
INFO:cooler._balance:variance is 0.003612719048723572
INFO:cooler._balance:variance is 0.0014606381863530478
INFO:cooler._balance:variance is 0.0005943565768704753
INFO:cooler._balance:variance is 0.00024328080307997713
INFO:cooler._balance:variance is 0.00010011969234223901
INFO:cooler._balance:variance is 4.1404221561123776e-05
INFO:cooler._balance:variance is 1.7197632747197585e-05
INFO:cooler._balance:variance is 7.170895237221649e-06
INFO:cooler._balance:chr12
INFO:cooler._balance:variance is 184099.20452544768
INFO:cooler._balance:variance is 54636.22616694787
INFO:cooler._balance:variance is 20323.222832447816
INFO:cooler._balance:variance is 9860.576581931251
INFO:cooler._balance:variance is 4248.487454897478
INFO:cooler._balance:variance is 2049.384079914113
INFO:cooler._balance:variance is 930.6782379947332
INFO:cooler._balance:variance is 446.65823867047743
INFO:cooler._balance:variance is 208.08396166177312
INFO:cooler._balance:variance is 99.68552041929655
INFO:cooler._balance:variance is 47.067006368527885
INFO:cooler._balance:variance is 22.540257406058245
INFO:cooler._balance:variance is 10.719054089257854
INFO:cooler._balance:variance is 5.134201333767677
INFO:cooler._balance:variance is 2.4509922645696816
INFO:cooler._balance:variance is 1.1743215071217004
INFO:cooler._balance:variance is 0.5617661050942417
INFO:cooler._balance:variance is 0.26922786376888125
INFO:cooler._balance:variance is 0.12893602500380838
INFO:cooler._balance:variance is 0.06180606751084949
INFO:cooler._balance:variance is 0.029617543726150185
INFO:cooler._balance:variance is 0.014199440470987845
INFO:cooler._balance:variance is 0.006806645622929447
INFO:cooler._balance:variance is 0.0032636171224712123
INFO:cooler._balance:variance is 0.0015647330994410702
INFO:cooler._balance:variance is 0.0007502997018811454
INFO:cooler._balance:variance is 0.00035976561903817517
INFO:cooler._balance:variance is 0.00017251710438645178
INFO:cooler._balance:variance is 8.272589248149114e-05
INFO:cooler._balance:variance is 3.9670269767936435e-05
INFO:cooler._balance:variance is 1.902340032831619e-05
INFO:cooler._balance:variance is 9.122601542060292e-06
INFO:cooler._balance:chr13
INFO:cooler._balance:variance is 94700.34624247026
INFO:cooler._balance:variance is 11797.698008813484
INFO:cooler._balance:variance is 2214.485609659678
INFO:cooler._balance:variance is 552.4411415760056
INFO:cooler._balance:variance is 142.36841433900537
INFO:cooler._balance:variance is 40.76881354589067
INFO:cooler._balance:variance is 12.388741285407553
INFO:cooler._balance:variance is 4.014941787273177
INFO:cooler._balance:variance is 1.3654893732209206
INFO:cooler._balance:variance is 0.48389514564144814
INFO:cooler._balance:variance is 0.1767862458461008
INFO:cooler._balance:variance is 0.06614167002605278
INFO:cooler._balance:variance is 0.025171795672230966
INFO:cooler._balance:variance is 0.009703537178909425
INFO:cooler._balance:variance is 0.0037748441891371945
INFO:cooler._balance:variance is 0.0014784300279374048
INFO:cooler._balance:variance is 0.0005818170487065995
INFO:cooler._balance:variance is 0.0002297804514353062
INFO:cooler._balance:variance is 9.097976506746763e-05
INFO:cooler._balance:variance is 3.609069531066487e-05
INFO:cooler._balance:variance is 1.4336383262635963e-05
INFO:cooler._balance:variance is 5.7006701944978305e-06
INFO:cooler._balance:chr14
INFO:cooler._balance:variance is 148312.14616673425
INFO:cooler._balance:variance is 42696.55903478826
INFO:cooler._balance:variance is 11418.05989696719
INFO:cooler._balance:variance is 4407.311305339784
INFO:cooler._balance:variance is 1467.7238458459838
INFO:cooler._balance:variance is 575.2429233988987
INFO:cooler._balance:variance is 215.35439632490798
INFO:cooler._balance:variance is 87.15373971777541
INFO:cooler._balance:variance is 35.31086358608787
INFO:cooler._balance:variance is 14.944656458908344
INFO:cooler._balance:variance is 6.430824608905432
INFO:cooler._balance:variance is 2.8463764298196232
INFO:cooler._balance:variance is 1.282025962525059
INFO:cooler._balance:variance is 0.5883591068815502
INFO:cooler._balance:variance is 0.27363699550987974
INFO:cooler._balance:variance is 0.12879787877102244
INFO:cooler._balance:variance is 0.06115898737241827
INFO:cooler._balance:variance is 0.02925331298910977
INFO:cooler._balance:variance is 0.014067557214556974
INFO:cooler._balance:variance is 0.006793848870842468
INFO:cooler._balance:variance is 0.0032913532101513693
INFO:cooler._balance:variance is 0.0015984327357098634
INFO:cooler._balance:variance is 0.0007776645595398578
INFO:cooler._balance:variance is 0.0003788698090271271
INFO:cooler._balance:variance is 0.0001847682086183056
INFO:cooler._balance:variance is 9.017811305788909e-05
INFO:cooler._balance:variance is 4.403743023000304e-05
INFO:cooler._balance:variance is 2.1514495034532248e-05
INFO:cooler._balance:variance is 1.0514260118013756e-05
INFO:cooler._balance:variance is 5.139626315913805e-06
INFO:cooler._balance:chr15
INFO:cooler._balance:variance is 107995.19450630661
INFO:cooler._balance:variance is 17612.58444616372
INFO:cooler._balance:variance is 4814.348878034293
INFO:cooler._balance:variance is 1593.1263713797507
INFO:cooler._balance:variance is 548.7788128635509
INFO:cooler._balance:variance is 203.1734427368909
INFO:cooler._balance:variance is 77.67788217745516
INFO:cooler._balance:variance is 30.89827810511264
INFO:cooler._balance:variance is 12.600391354589414
INFO:cooler._balance:variance is 5.261089210790179
INFO:cooler._balance:variance is 2.2342693179795075
INFO:cooler._balance:variance is 0.9622056438618137
INFO:cooler._balance:variance is 0.4187700052413577
INFO:cooler._balance:variance is 0.18373425281909694
INFO:cooler._balance:variance is 0.0811116902888063
INFO:cooler._balance:variance is 0.035971132385123915
INFO:cooler._balance:variance is 0.016008069252886354
INFO:cooler._balance:variance is 0.007142016103474109
INFO:cooler._balance:variance is 0.003192577850312399
INFO:cooler._balance:variance is 0.0014291076644859216
INFO:cooler._balance:variance is 0.0006403949295902014
INFO:cooler._balance:variance is 0.00028718399404404314
INFO:cooler._balance:variance is 0.0001288613757992687
INFO:cooler._balance:variance is 5.7844859989022226e-05
INFO:cooler._balance:variance is 2.597422415789483e-05
INFO:cooler._balance:variance is 1.1665893824314884e-05
INFO:cooler._balance:variance is 5.2404315561532346e-06
INFO:cooler._balance:chr16
INFO:cooler._balance:variance is 155255.72201662147
INFO:cooler._balance:variance is 48626.63362774187
INFO:cooler._balance:variance is 15443.686257373232
INFO:cooler._balance:variance is 8360.633318504113
INFO:cooler._balance:variance is 3803.6807364400197
INFO:cooler._balance:variance is 2278.7635593536897
INFO:cooler._balance:variance is 1200.9079154517253
INFO:cooler._balance:variance is 734.9920214556472
INFO:cooler._balance:variance is 414.4375637544232
INFO:cooler._balance:variance is 253.2335887959722
INFO:cooler._balance:variance is 147.42344673303745
INFO:cooler._balance:variance is 89.6533741947417
INFO:cooler._balance:variance is 53.01321281822461
INFO:cooler._balance:variance is 32.11580077888885
INFO:cooler._balance:variance is 19.14123249176304
INFO:cooler._balance:variance is 11.565832415453963
INFO:cooler._balance:variance is 6.922005915157585
INFO:cooler._balance:variance is 4.175576996282969
INFO:cooler._balance:variance is 2.5046598464400103
INFO:cooler._balance:variance is 1.50931784694253
INFO:cooler._balance:variance is 0.9064746168429221
INFO:cooler._balance:variance is 0.5458926676018865
INFO:cooler._balance:variance is 0.3280873648197872
INFO:cooler._balance:variance is 0.19750069134162512
INFO:cooler._balance:variance is 0.11874832184862257
INFO:cooler._balance:variance is 0.07146623950387856
INFO:cooler._balance:variance is 0.04297960618989068
INFO:cooler._balance:variance is 0.025862551506632605
INFO:cooler._balance:variance is 0.015555823769881537
INFO:cooler._balance:variance is 0.00935971583756024
INFO:cooler._balance:variance is 0.005630147450774508
INFO:cooler._balance:variance is 0.003387392651530432
INFO:cooler._balance:variance is 0.0020377159626435042
INFO:cooler._balance:variance is 0.0012259561368996152
INFO:cooler._balance:variance is 0.0007375059340859184
INFO:cooler._balance:variance is 0.0004436985656639096
INFO:cooler._balance:variance is 0.000266923031052633
INFO:cooler._balance:variance is 0.00016058435811178731
INFO:cooler._balance:variance is 9.660635630678906e-05
INFO:cooler._balance:variance is 5.8119207175475855e-05
INFO:cooler._balance:variance is 3.4964296730705646e-05
INFO:cooler._balance:variance is 2.103472482477982e-05
INFO:cooler._balance:variance is 1.2654457730275886e-05
INFO:cooler._balance:variance is 7.61297501958935e-06
INFO:cooler._balance:chr17
INFO:cooler._balance:variance is 120539.82160700436
INFO:cooler._balance:variance is 34670.408778276695
INFO:cooler._balance:variance is 12603.935337759538
INFO:cooler._balance:variance is 6123.814774099457
INFO:cooler._balance:variance is 2779.965044397034
INFO:cooler._balance:variance is 1411.7143701155376
INFO:cooler._balance:variance is 700.2248756039778
INFO:cooler._balance:variance is 363.9721194455234
INFO:cooler._balance:variance is 187.7745106450998
INFO:cooler._balance:variance is 98.77956752262882
INFO:cooler._balance:variance is 51.84952215702148
INFO:cooler._balance:variance is 27.4386640920121
INFO:cooler._balance:variance is 14.513085748814149
INFO:cooler._balance:variance is 7.70311139686689
INFO:cooler._balance:variance is 4.088487266027776
INFO:cooler._balance:variance is 2.1733021672667188
INFO:cooler._balance:variance is 1.1553524793760392
INFO:cooler._balance:variance is 0.6146206824930668
INFO:cooler._balance:variance is 0.32699159000515315
INFO:cooler._balance:variance is 0.1740222808385522
INFO:cooler._balance:variance is 0.09261894856424628
INFO:cooler._balance:variance is 0.04930165143564276
INFO:cooler._balance:variance is 0.026244627907115334
INFO:cooler._balance:variance is 0.013971796575845897
INFO:cooler._balance:variance is 0.007438317655072571
INFO:cooler._balance:variance is 0.003960169959753521
INFO:cooler._balance:variance is 0.002108430317713909
INFO:cooler._balance:variance is 0.0011225696082867026
INFO:cooler._balance:variance is 0.0005976831326175785
INFO:cooler._balance:variance is 0.0003182242309718029
INFO:cooler._balance:variance is 0.00016943285253073152
INFO:cooler._balance:variance is 9.021202198570308e-05
INFO:cooler._balance:variance is 4.803219493386521e-05
INFO:cooler._balance:variance is 2.5574182238377447e-05
INFO:cooler._balance:variance is 1.3616697051331064e-05
INFO:cooler._balance:variance is 7.250075137470346e-06
INFO:cooler._balance:chr18
INFO:cooler._balance:variance is 111884.67100767735
INFO:cooler._balance:variance is 18332.93975093604
INFO:cooler._balance:variance is 4488.8593178454685
INFO:cooler._balance:variance is 1322.6821368584685
INFO:cooler._balance:variance is 399.9651585080506
INFO:cooler._balance:variance is 128.49762029056313
INFO:cooler._balance:variance is 41.59101044950208
INFO:cooler._balance:variance is 13.763889407112595
INFO:cooler._balance:variance is 4.567865586171396
INFO:cooler._balance:variance is 1.528590208316409
INFO:cooler._balance:variance is 0.5122792262961345
INFO:cooler._balance:variance is 0.17223663616162677
INFO:cooler._balance:variance is 0.05795617743693435
INFO:cooler._balance:variance is 0.01952748534897632
INFO:cooler._balance:variance is 0.006582445635168938
INFO:cooler._balance:variance is 0.0022201015042036245
INFO:cooler._balance:variance is 0.0007489657581140919
INFO:cooler._balance:variance is 0.00025273194694862717
INFO:cooler._balance:variance is 8.529284869463992e-05
INFO:cooler._balance:variance is 2.8788270728584102e-05
INFO:cooler._balance:variance is 9.717326525995245e-06
INFO:cooler._balance:chr20
INFO:cooler._balance:variance is 118164.86663278591
INFO:cooler._balance:variance is 21915.82354241123
INFO:cooler._balance:variance is 5981.953134403627
INFO:cooler._balance:variance is 2060.3756261739386
INFO:cooler._balance:variance is 711.5558649500923
INFO:cooler._balance:variance is 261.69187333260425
INFO:cooler._balance:variance is 95.00222490797658
INFO:cooler._balance:variance is 35.23105495418008
INFO:cooler._balance:variance is 12.987496586868179
INFO:cooler._balance:variance is 4.834637433499148
INFO:cooler._balance:variance is 1.799924705274234
INFO:cooler._balance:variance is 0.6754518135777803
INFO:cooler._balance:variance is 0.25494200329671424
INFO:cooler._balance:variance is 0.09732790831701077
INFO:cooler._balance:variance is 0.037662516320568544
INFO:cooler._balance:variance is 0.014863202106067152
INFO:cooler._balance:variance is 0.006012192608287176
INFO:cooler._balance:variance is 0.0025090581982429977
INFO:cooler._balance:variance is 0.0010856532474895655
INFO:cooler._balance:variance is 0.0004887554210834482
INFO:cooler._balance:variance is 0.0002289946257516177
INFO:cooler._balance:variance is 0.00011137716778946737
INFO:cooler._balance:variance is 5.5957092952904244e-05
INFO:cooler._balance:variance is 2.886785651199643e-05
INFO:cooler._balance:variance is 1.5200715665630177e-05
INFO:cooler._balance:variance is 8.126860910384978e-06
INFO:cooler._balance:chrY
INFO:cooler._balance:variance is 136037.54676404383
INFO:cooler._balance:variance is 246213.8848820644
INFO:cooler._balance:variance is 201224.95349559703
INFO:cooler._balance:variance is 289221.50654685294
INFO:cooler._balance:variance is 176243.03839270695
INFO:cooler._balance:variance is 200898.44440368353
INFO:cooler._balance:variance is 117054.10943456671
INFO:cooler._balance:variance is 112270.4110424526
INFO:cooler._balance:variance is 67133.72642665214
INFO:cooler._balance:variance is 57365.73747394962
INFO:cooler._balance:variance is 35585.01917407775
INFO:cooler._balance:variance is 28249.450554434647
INFO:cooler._balance:variance is 18087.45693703485
INFO:cooler._balance:variance is 13707.842999203564
INFO:cooler._balance:variance is 8990.543986578912
INFO:cooler._balance:variance is 6615.917138517707
INFO:cooler._balance:variance is 4415.371222420523
INFO:cooler._balance:variance is 3188.188394494298
INFO:cooler._balance:variance is 2154.144023299505
INFO:cooler._balance:variance is 1536.300483026073
INFO:cooler._balance:variance is 1047.032203067515
INFO:cooler._balance:variance is 740.6263871855125
INFO:cooler._balance:variance is 507.8103607921086
INFO:cooler._balance:variance is 357.2329263386983
INFO:cooler._balance:variance is 245.9668385287327
INFO:cooler._balance:variance is 172.38867448127274
INFO:cooler._balance:variance is 119.04226790366504
INFO:cooler._balance:variance is 83.22043740534363
INFO:cooler._balance:variance is 57.584193233239574
INFO:cooler._balance:variance is 40.18606455396914
INFO:cooler._balance:variance is 27.84587274705654
INFO:cooler._balance:variance is 19.409401758461748
INFO:cooler._balance:variance is 13.462409425380194
INFO:cooler._balance:variance is 9.375933204849744
INFO:cooler._balance:variance is 6.507597218953137
INFO:cooler._balance:variance is 4.52963915158716
INFO:cooler._balance:variance is 3.1453944631393886
INFO:cooler._balance:variance is 2.1884957964666345
INFO:cooler._balance:variance is 1.5201972235778292
INFO:cooler._balance:variance is 1.0574285153306853
INFO:cooler._balance:variance is 0.7346904807235357
INFO:cooler._balance:variance is 0.5109431179910348
INFO:cooler._balance:variance is 0.35505438251660404
INFO:cooler._balance:variance is 0.24689109745552984
INFO:cooler._balance:variance is 0.17158355505059852
INFO:cooler._balance:variance is 0.11930158535114628
INFO:cooler._balance:variance is 0.08291817700534394
INFO:cooler._balance:variance is 0.057649097007346994
INFO:cooler._balance:variance is 0.0400699854715583
INFO:cooler._balance:variance is 0.027857532044276097
INFO:cooler._balance:variance is 0.019363568800648604
INFO:cooler._balance:variance is 0.013461561427104387
INFO:cooler._balance:variance is 0.009357274816948853
INFO:cooler._balance:variance is 0.006505041810392441
INFO:cooler._balance:variance is 0.004521804827756234
INFO:cooler._balance:variance is 0.0031434462473395523
INFO:cooler._balance:variance is 0.002185109287267432
INFO:cooler._balance:variance is 0.001519017867054772
INFO:cooler._balance:variance is 0.0010559266791718214
INFO:cooler._balance:variance is 0.0007340410540569691
INFO:cooler._balance:variance is 0.0005102627227044683
INFO:cooler._balance:variance is 0.00035471393663176026
INFO:cooler._balance:variance is 0.000246577564764709
INFO:cooler._balance:variance is 0.00017141011875446957
INFO:cooler._balance:variance is 0.00011915520673810975
INFO:cooler._balance:variance is 8.28313747107179e-05
INFO:cooler._balance:variance is 5.7580086769273645e-05
INFO:cooler._balance:variance is 4.0027035683323654e-05
INFO:cooler._balance:variance is 2.7824763641502714e-05
INFO:cooler._balance:variance is 1.9342476991062048e-05
INFO:cooler._balance:variance is 1.3445921402320931e-05
INFO:cooler._balance:variance is 9.346969378770178e-06
INFO:cooler._balance:chr19
INFO:cooler._balance:variance is 380071.56399866333
INFO:cooler._balance:variance is 161769.12584442328
INFO:cooler._balance:variance is 53144.67114238826
INFO:cooler._balance:variance is 26781.578928810653
INFO:cooler._balance:variance is 10457.513158117683
INFO:cooler._balance:variance is 5284.868935252367
INFO:cooler._balance:variance is 2336.473531442786
INFO:cooler._balance:variance is 1190.6677396932648
INFO:cooler._balance:variance is 571.1246933842309
INFO:cooler._balance:variance is 294.8022750032613
INFO:cooler._balance:variance is 148.41399572779875
INFO:cooler._balance:variance is 77.50543557011854
INFO:cooler._balance:variance is 40.080528667113875
INFO:cooler._balance:variance is 21.105287246738506
INFO:cooler._balance:variance is 11.071875642093156
INFO:cooler._balance:variance is 5.860519318699948
INFO:cooler._balance:variance is 3.0976527434863157
INFO:cooler._balance:variance is 1.6446227433476743
INFO:cooler._balance:variance is 0.8726978592532284
INFO:cooler._balance:variance is 0.464127631137182
INFO:cooler._balance:variance is 0.2467854827540086
INFO:cooler._balance:variance is 0.13137072521630214
INFO:cooler._balance:variance is 0.0699264352073909
INFO:cooler._balance:variance is 0.037242549099148925
INFO:cooler._balance:variance is 0.0198345598809526
INFO:cooler._balance:variance is 0.010566662410298857
INFO:cooler._balance:variance is 0.00562920074917374
INFO:cooler._balance:variance is 0.0029993311400216046
INFO:cooler._balance:variance is 0.001598082604340873
INFO:cooler._balance:variance is 0.0008515497069016129
INFO:cooler._balance:variance is 0.0004537528989679332
INFO:cooler._balance:variance is 0.00024179521483607964
INFO:cooler._balance:variance is 0.00012884729395772017
INFO:cooler._balance:variance is 6.86614289332706e-05
INFO:cooler._balance:variance is 3.658895544411243e-05
INFO:cooler._balance:variance is 1.949810584298944e-05
INFO:cooler._balance:variance is 1.0390456773036999e-05
INFO:cooler._balance:variance is 5.5370650069318025e-06
INFO:cooler._balance:chr22
INFO:cooler._balance:variance is 104510.815475032
INFO:cooler._balance:variance is 45481.742392931024
INFO:cooler._balance:variance is 9617.967011222798
INFO:cooler._balance:variance is 10507.928170195299
INFO:cooler._balance:variance is 2951.808933550086
INFO:cooler._balance:variance is 3470.8210825209626
INFO:cooler._balance:variance is 1255.1612439954852
INFO:cooler._balance:variance is 1300.3368208477643
INFO:cooler._balance:variance is 568.0803022459529
INFO:cooler._balance:variance is 516.3430033978483
INFO:cooler._balance:variance is 257.59805534238944
INFO:cooler._balance:variance is 211.9811151985861
INFO:cooler._balance:variance is 115.88996361752343
INFO:cooler._balance:variance is 88.90487857963963
INFO:cooler._balance:variance is 51.73898500733709
INFO:cooler._balance:variance is 37.82251508163008
INFO:cooler._balance:variance is 22.96460559742792
INFO:cooler._balance:variance is 16.24714910276564
INFO:cooler._balance:variance is 10.151229255542873
INFO:cooler._balance:variance is 7.025288580034022
INFO:cooler._balance:variance is 4.474734904069601
INFO:cooler._balance:variance is 3.0513947156680588
INFO:cooler._balance:variance is 1.968833383749804
INFO:cooler._balance:variance is 1.3294041606691107
INFO:cooler._balance:variance is 0.865206678430888
INFO:cooler._balance:variance is 0.5803841826799593
INFO:cooler._balance:variance is 0.37991388714845287
INFO:cooler._balance:variance is 0.2537377244649233
INFO:cooler._balance:variance is 0.16673521009436093
INFO:cooler._balance:variance is 0.11103734461002948
INFO:cooler._balance:variance is 0.07315204600800061
INFO:cooler._balance:variance is 0.04862216903135953
INFO:cooler._balance:variance is 0.03208741191621461
INFO:cooler._balance:variance is 0.021300528986050633
INFO:cooler._balance:variance is 0.014072961998934097
INFO:cooler._balance:variance is 0.009334174748639235
INFO:cooler._balance:variance is 0.0061716379590721635
INFO:cooler._balance:variance is 0.004091187364242333
INFO:cooler._balance:variance is 0.002706407157247699
INFO:cooler._balance:variance is 0.0017934221348424148
INFO:cooler._balance:variance is 0.0011867854561996589
INFO:cooler._balance:variance is 0.0007862420645506959
INFO:cooler._balance:variance is 0.0005204069504679777
INFO:cooler._balance:variance is 0.000344712984199011
INFO:cooler._balance:variance is 0.00022819656401872344
INFO:cooler._balance:variance is 0.0001511394422209528
INFO:cooler._balance:variance is 0.00010006272072046826
INFO:cooler._balance:variance is 6.626905937087246e-05
INFO:cooler._balance:variance is 4.387669929185806e-05
INFO:cooler._balance:variance is 2.905711839235186e-05
INFO:cooler._balance:variance is 1.923954361277817e-05
INFO:cooler._balance:variance is 1.2740904278423861e-05
INFO:cooler._balance:variance is 8.436361567422143e-06
INFO:cooler._balance:chr21
INFO:cooler._balance:variance is 103559.22614643227
INFO:cooler._balance:variance is 25215.474467166357
INFO:cooler._balance:variance is 6568.737806157967
INFO:cooler._balance:variance is 2723.830096096718
INFO:cooler._balance:variance is 1330.38945735052
INFO:cooler._balance:variance is 822.3794189701111
INFO:cooler._balance:variance is 518.4660411156356
INFO:cooler._balance:variance is 360.4996179905274
INFO:cooler._balance:variance is 242.67655672592412
INFO:cooler._balance:variance is 171.95354050197764
INFO:cooler._balance:variance is 118.05079109336936
INFO:cooler._balance:variance is 83.66462247336996
INFO:cooler._balance:variance is 57.925093212436664
INFO:cooler._balance:variance is 40.95535175394189
INFO:cooler._balance:variance is 28.488012510006758
INFO:cooler._balance:variance is 20.098716643455788
INFO:cooler._balance:variance is 14.020895675606141
INFO:cooler._balance:variance is 9.87599495616514
INFO:cooler._balance:variance is 6.902455872096857
INFO:cooler._balance:variance is 4.856330404975528
INFO:cooler._balance:variance is 3.398378333148182
INFO:cooler._balance:variance is 2.3890392287019764
INFO:cooler._balance:variance is 1.6732076888306122
INFO:cooler._balance:variance is 1.1755824836872062
INFO:cooler._balance:variance is 0.8238072725901406
INFO:cooler._balance:variance is 0.5785678552142531
INFO:cooler._balance:variance is 0.40559684903575804
INFO:cooler._balance:variance is 0.2847741006340826
INFO:cooler._balance:variance is 0.19968977400839674
INFO:cooler._balance:variance is 0.14017656052153188
INFO:cooler._balance:variance is 0.09831278942564153
INFO:cooler._balance:variance is 0.06900314141147182
INFO:cooler._balance:variance is 0.04840144303372348
INFO:cooler._balance:variance is 0.03396834922904571
INFO:cooler._balance:variance is 0.02382878605226949
INFO:cooler._balance:variance is 0.01672199211202424
INFO:cooler._balance:variance is 0.011731186249982962
INFO:cooler._balance:variance is 0.008232029324164603
INFO:cooler._balance:variance is 0.00577536240221563
INFO:cooler._balance:variance is 0.0040525592787190685
INFO:cooler._balance:variance is 0.002843246782674731
INFO:cooler._balance:variance is 0.0019950521817121702
INFO:cooler._balance:variance is 0.001399743350240782
INFO:cooler._balance:variance is 0.0009821567058531228
INFO:cooler._balance:variance is 0.0006890983549393089
INFO:cooler._balance:variance is 0.0004835133140059911
INFO:cooler._balance:variance is 0.0003392448420097283
INFO:cooler._balance:variance is 0.00023803283044926215
INFO:cooler._balance:variance is 0.00016701087418492024
INFO:cooler._balance:variance is 0.00011718332512076158
INFO:cooler._balance:variance is 8.221969424755303e-05
INFO:cooler._balance:variance is 5.768928308824814e-05
INFO:cooler._balance:variance is 4.047684837756943e-05
INFO:cooler._balance:variance is 2.840041737166773e-05
INFO:cooler._balance:variance is 1.9926789227257246e-05
INFO:cooler._balance:variance is 1.3981522975761967e-05
INFO:cooler._balance:variance is 9.80997331594455e-06
INFO:cooler._balance:chrM
