INFO:cooler.cli.balance:Balancing "analysis_other/porec/T2T01.hp1/cooler/T2T01.hp1_100000_balanced.cool"
INFO:cooler._balance:chr1
INFO:cooler._balance:variance is 33414431.34505452
INFO:cooler._balance:variance is 916022.3876321322
INFO:cooler._balance:variance is 200331.88349557185
INFO:cooler._balance:variance is 69272.80478597924
INFO:cooler._balance:variance is 25618.03817294711
INFO:cooler._balance:variance is 10560.545640099468
INFO:cooler._balance:variance is 4399.1765760419385
INFO:cooler._balance:variance is 1879.1182391235711
INFO:cooler._balance:variance is 800.8551498387219
INFO:cooler._balance:variance is 343.7756501514815
INFO:cooler._balance:variance is 147.23286897678545
INFO:cooler._balance:variance is 63.21546209239988
INFO:cooler._balance:variance is 27.109086433674538
INFO:cooler._balance:variance is 11.636746037165615
INFO:cooler._balance:variance is 4.992338099364937
INFO:cooler._balance:variance is 2.142651069697411
INFO:cooler._balance:variance is 0.9193710642612455
INFO:cooler._balance:variance is 0.3945517501204997
INFO:cooler._balance:variance is 0.16930513602958824
INFO:cooler._balance:variance is 0.07265536555977149
INFO:cooler._balance:variance is 0.03117776471086199
INFO:cooler._balance:variance is 0.013379370573450176
INFO:cooler._balance:variance is 0.005741398172016553
INFO:cooler._balance:variance is 0.002463799716494176
INFO:cooler._balance:variance is 0.0010572784661784195
INFO:cooler._balance:variance is 0.0004537073743254905
INFO:cooler._balance:variance is 0.00019469763661592504
INFO:cooler._balance:variance is 8.355002395190074e-05
INFO:cooler._balance:variance is 3.5853518909790046e-05
INFO:cooler._balance:variance is 1.538570666607266e-05
INFO:cooler._balance:variance is 6.602414909929441e-06
INFO:cooler._balance:chr2
INFO:cooler._balance:variance is 5126340.426152362
INFO:cooler._balance:variance is 420395.7296276061
INFO:cooler._balance:variance is 71318.74470598101
INFO:cooler._balance:variance is 15508.880397661636
INFO:cooler._balance:variance is 3410.3592272230253
INFO:cooler._balance:variance is 774.7928733953672
INFO:cooler._balance:variance is 176.02704303337492
INFO:cooler._balance:variance is 40.21255304667599
INFO:cooler._balance:variance is 9.184391454483416
INFO:cooler._balance:variance is 2.0999571472442526
INFO:cooler._balance:variance is 0.4801092130685674
INFO:cooler._balance:variance is 0.10979221157136082
INFO:cooler._balance:variance is 0.025107082103925506
INFO:cooler._balance:variance is 0.005741757463526616
INFO:cooler._balance:variance is 0.0013130858037108293
INFO:cooler._balance:variance is 0.00030029512717016807
INFO:cooler._balance:variance is 6.86760377737974e-05
INFO:cooler._balance:variance is 1.5706020105933664e-05
INFO:cooler._balance:variance is 3.5919529997454245e-06
INFO:cooler._balance:chr3
INFO:cooler._balance:variance is 3141231.3389517725
INFO:cooler._balance:variance is 533477.0569959849
INFO:cooler._balance:variance is 84684.32074690778
INFO:cooler._balance:variance is 20806.36367293888
INFO:cooler._balance:variance is 4670.73074274078
INFO:cooler._balance:variance is 1152.3101759011365
INFO:cooler._balance:variance is 284.3828536724789
INFO:cooler._balance:variance is 72.81100708341664
INFO:cooler._balance:variance is 19.029169026316165
INFO:cooler._balance:variance is 5.118969250277749
INFO:cooler._balance:variance is 1.4130369895225776
INFO:cooler._balance:variance is 0.4005386985612692
INFO:cooler._balance:variance is 0.11629003717977346
INFO:cooler._balance:variance is 0.03449783266904539
INFO:cooler._balance:variance is 0.010421836165619857
INFO:cooler._balance:variance is 0.003196022040652286
INFO:cooler._balance:variance is 0.0009918710274049068
INFO:cooler._balance:variance is 0.0003106968162994009
INFO:cooler._balance:variance is 9.80163834918542e-05
INFO:cooler._balance:variance is 3.108714675385934e-05
INFO:cooler._balance:variance is 9.898982550515138e-06
INFO:cooler._balance:chr4
INFO:cooler._balance:variance is 3237340.982369975
INFO:cooler._balance:variance is 441453.394542818
INFO:cooler._balance:variance is 86643.27177006629
INFO:cooler._balance:variance is 21914.417960679228
INFO:cooler._balance:variance is 5519.367029130768
INFO:cooler._balance:variance is 1510.0060536316214
INFO:cooler._balance:variance is 422.26792329650976
INFO:cooler._balance:variance is 122.50448989249115
INFO:cooler._balance:variance is 36.12796827016324
INFO:cooler._balance:variance is 10.83389275032265
INFO:cooler._balance:variance is 3.2778628467522113
INFO:cooler._balance:variance is 0.999119310205632
INFO:cooler._balance:variance is 0.3058519531390018
INFO:cooler._balance:variance is 0.09393298162833559
INFO:cooler._balance:variance is 0.028905799870902988
INFO:cooler._balance:variance is 0.008907800611438827
INFO:cooler._balance:variance is 0.002747541175245877
INFO:cooler._balance:variance is 0.0008479873589347027
INFO:cooler._balance:variance is 0.0002618233246377027
INFO:cooler._balance:variance is 8.08624301022816e-05
INFO:cooler._balance:variance is 2.4978293903406146e-05
INFO:cooler._balance:variance is 7.716698272638186e-06
INFO:cooler._balance:chr5
INFO:cooler._balance:variance is 4630307.682803866
INFO:cooler._balance:variance is 484866.7725875583
INFO:cooler._balance:variance is 75874.10865508932
INFO:cooler._balance:variance is 13907.368929834136
INFO:cooler._balance:variance is 2640.8657084867978
INFO:cooler._balance:variance is 528.5478068402999
INFO:cooler._balance:variance is 109.79756949926971
INFO:cooler._balance:variance is 23.748852440661995
INFO:cooler._balance:variance is 5.330875122257634
INFO:cooler._balance:variance is 1.242265549059748
INFO:cooler._balance:variance is 0.2997635547063766
INFO:cooler._balance:variance is 0.07472286999595999
INFO:cooler._balance:variance is 0.019167554763969807
INFO:cooler._balance:variance is 0.005039411065561768
INFO:cooler._balance:variance is 0.001352227341866927
INFO:cooler._balance:variance is 0.0003688753609139851
INFO:cooler._balance:variance is 0.00010194296231084221
INFO:cooler._balance:variance is 2.8458842504721272e-05
INFO:cooler._balance:variance is 8.006255159831209e-06
INFO:cooler._balance:chr6
INFO:cooler._balance:variance is 3321624.264548759
INFO:cooler._balance:variance is 1142559.6690273674
INFO:cooler._balance:variance is 368523.75107471744
INFO:cooler._balance:variance is 198294.3896604702
INFO:cooler._balance:variance is 78542.06820990634
INFO:cooler._balance:variance is 38666.15741524689
INFO:cooler._balance:variance is 16521.50233451111
INFO:cooler._balance:variance is 7776.85432184268
INFO:cooler._balance:variance is 3432.564796063857
INFO:cooler._balance:variance is 1582.632516362681
INFO:cooler._balance:variance is 708.6852391001182
INFO:cooler._balance:variance is 323.6734848531313
INFO:cooler._balance:variance is 145.88066393315313
INFO:cooler._balance:variance is 66.34074033980912
INFO:cooler._balance:variance is 29.987887807647333
INFO:cooler._balance:variance is 13.610600718047685
INFO:cooler._balance:variance is 6.160569604040841
INFO:cooler._balance:variance is 2.7936082832976132
INFO:cooler._balance:variance is 1.26523512212247
INFO:cooler._balance:variance is 0.5735090415336382
INFO:cooler._balance:variance is 0.25981539931843295
INFO:cooler._balance:variance is 0.1177481875955125
INFO:cooler._balance:variance is 0.05334979524229804
INFO:cooler._balance:variance is 0.024176083969264
INFO:cooler._balance:variance is 0.010954408155072592
INFO:cooler._balance:variance is 0.004963930900656318
INFO:cooler._balance:variance is 0.0022492605522366742
INFO:cooler._balance:variance is 0.0010192228350131805
INFO:cooler._balance:variance is 0.000461836447777942
INFO:cooler._balance:variance is 0.0002092734888299961
INFO:cooler._balance:variance is 9.482777230878668e-05
INFO:cooler._balance:variance is 4.296947347287687e-05
INFO:cooler._balance:variance is 1.9470737262749357e-05
INFO:cooler._balance:variance is 8.82279499714185e-06
INFO:cooler._balance:chr7
INFO:cooler._balance:variance is 2499323.444678977
INFO:cooler._balance:variance is 327024.5017751805
INFO:cooler._balance:variance is 67847.12973890829
INFO:cooler._balance:variance is 18823.380155271872
INFO:cooler._balance:variance is 4859.07076625091
INFO:cooler._balance:variance is 1326.510210454643
INFO:cooler._balance:variance is 354.5274700252418
INFO:cooler._balance:variance is 96.0324431414482
INFO:cooler._balance:variance is 25.864527614427367
INFO:cooler._balance:variance is 6.990608027216009
INFO:cooler._balance:variance is 1.886659053559476
INFO:cooler._balance:variance is 0.50969551398978
INFO:cooler._balance:variance is 0.1376568633523251
INFO:cooler._balance:variance is 0.03719136806630444
INFO:cooler._balance:variance is 0.010048294703853752
INFO:cooler._balance:variance is 0.0027153523520749294
INFO:cooler._balance:variance is 0.0007338437273753261
INFO:cooler._balance:variance is 0.0001983562533182474
INFO:cooler._balance:variance is 5.362197878131701e-05
INFO:cooler._balance:variance is 1.4497750207695012e-05
INFO:cooler._balance:variance is 3.920278495304202e-06
INFO:cooler._balance:chrX
INFO:cooler._balance:variance is 3194987.155653722
INFO:cooler._balance:variance is 73145.74556933281
INFO:cooler._balance:variance is 8419.017404319302
INFO:cooler._balance:variance is 1440.6087919174993
INFO:cooler._balance:variance is 304.1254872682649
INFO:cooler._balance:variance is 71.8239102818001
INFO:cooler._balance:variance is 17.738291574964705
INFO:cooler._balance:variance is 4.4671901952281265
INFO:cooler._balance:variance is 1.1326061596103834
INFO:cooler._balance:variance is 0.28802034462272524
INFO:cooler._balance:variance is 0.07331358161754119
INFO:cooler._balance:variance is 0.01867024576777234
INFO:cooler._balance:variance is 0.00475526303614758
INFO:cooler._balance:variance is 0.0012112471112886555
INFO:cooler._balance:variance is 0.000308531129946637
INFO:cooler._balance:variance is 7.85906847960746e-05
INFO:cooler._balance:variance is 2.0019081140197916e-05
INFO:cooler._balance:variance is 5.099390571520838e-06
INFO:cooler._balance:chr9
INFO:cooler._balance:variance is 2175378.7970575457
INFO:cooler._balance:variance is 469535.93537118373
INFO:cooler._balance:variance is 160308.64385731233
INFO:cooler._balance:variance is 69432.8003160044
INFO:cooler._balance:variance is 28362.983023227658
INFO:cooler._balance:variance is 12892.575650819846
INFO:cooler._balance:variance is 5658.676146308934
INFO:cooler._balance:variance is 2669.530750042037
INFO:cooler._balance:variance is 1243.3784797428973
INFO:cooler._balance:variance is 608.7662575738914
INFO:cooler._balance:variance is 297.9701823167361
INFO:cooler._balance:variance is 150.7045073689747
INFO:cooler._balance:variance is 76.53746500104955
INFO:cooler._balance:variance is 39.662115476160594
INFO:cooler._balance:variance is 20.643166313577044
INFO:cooler._balance:variance is 10.871220154014242
INFO:cooler._balance:variance is 5.743859612950919
INFO:cooler._balance:variance is 3.0548936065212873
INFO:cooler._balance:variance is 1.628225357691395
INFO:cooler._balance:variance is 0.8709836075358569
INFO:cooler._balance:variance is 0.4665153381235869
INFO:cooler._balance:variance is 0.2503686275231079
INFO:cooler._balance:variance is 0.1344682438649074
INFO:cooler._balance:variance is 0.0722976314141353
INFO:cooler._balance:variance is 0.038887808265967334
INFO:cooler._balance:variance is 0.020929260953955586
INFO:cooler._balance:variance is 0.011266731693682447
INFO:cooler._balance:variance is 0.00606705101535862
INFO:cooler._balance:variance is 0.0032674945155596233
INFO:cooler._balance:variance is 0.0017600516438094076
INFO:cooler._balance:variance is 0.0009481296056059703
INFO:cooler._balance:variance is 0.0005107985679962385
INFO:cooler._balance:variance is 0.00027520042241672884
INFO:cooler._balance:variance is 0.0001482757044464538
INFO:cooler._balance:variance is 7.989148149024906e-05
INFO:cooler._balance:variance is 4.3046969917375535e-05
INFO:cooler._balance:variance is 2.3194763277411543e-05
INFO:cooler._balance:variance is 1.2498088848723812e-05
INFO:cooler._balance:variance is 6.734419099198764e-06
INFO:cooler._balance:chr8
INFO:cooler._balance:variance is 1941019.71200649
INFO:cooler._balance:variance is 113847.54709920965
INFO:cooler._balance:variance is 16242.652179118322
INFO:cooler._balance:variance is 3188.2693157096887
INFO:cooler._balance:variance is 680.3505584755283
INFO:cooler._balance:variance is 154.70196800924805
INFO:cooler._balance:variance is 36.099911146197016
INFO:cooler._balance:variance is 8.603436709381347
INFO:cooler._balance:variance is 2.078053008942217
INFO:cooler._balance:variance is 0.5082975901084457
INFO:cooler._balance:variance is 0.12572687890895953
INFO:cooler._balance:variance is 0.03145120268459945
INFO:cooler._balance:variance is 0.007955783081960618
INFO:cooler._balance:variance is 0.002035169226931033
INFO:cooler._balance:variance is 0.0005264113103090514
INFO:cooler._balance:variance is 0.00013763861758871136
INFO:cooler._balance:variance is 3.6361238128787034e-05
INFO:cooler._balance:variance is 9.699449398070128e-06
INFO:cooler._balance:chr11
INFO:cooler._balance:variance is 3733968.1733665345
INFO:cooler._balance:variance is 1389434.7117233619
INFO:cooler._balance:variance is 360166.3467261725
INFO:cooler._balance:variance is 176531.54325683188
INFO:cooler._balance:variance is 62585.05952191083
INFO:cooler._balance:variance is 27340.36371500332
INFO:cooler._balance:variance is 10621.25715276502
INFO:cooler._balance:variance is 4446.958823293323
INFO:cooler._balance:variance is 1781.1505498376914
INFO:cooler._balance:variance is 733.9914262983445
INFO:cooler._balance:variance is 297.2644574981744
INFO:cooler._balance:variance is 121.74298313950278
INFO:cooler._balance:variance is 49.51452015615513
INFO:cooler._balance:variance is 20.228256664097728
INFO:cooler._balance:variance is 8.240774689524017
INFO:cooler._balance:variance is 3.363248168518934
INFO:cooler._balance:variance is 1.3710589096048005
INFO:cooler._balance:variance is 0.5593324367198164
INFO:cooler._balance:variance is 0.22807779560454186
INFO:cooler._balance:variance is 0.09303036539084517
INFO:cooler._balance:variance is 0.03793888797755738
INFO:cooler._balance:variance is 0.01547379587797702
INFO:cooler._balance:variance is 0.006310674233090823
INFO:cooler._balance:variance is 0.002573807166282667
INFO:cooler._balance:variance is 0.0010496938254333434
INFO:cooler._balance:variance is 0.0004281125699895617
INFO:cooler._balance:variance is 0.0001746014182105316
INFO:cooler._balance:variance is 7.12100189550968e-05
INFO:cooler._balance:variance is 2.9042377915523417e-05
INFO:cooler._balance:variance is 1.1844717025071638e-05
INFO:cooler._balance:variance is 4.830769148931136e-06
INFO:cooler._balance:chr10
INFO:cooler._balance:variance is 3162387.603973511
INFO:cooler._balance:variance is 249713.6900728532
INFO:cooler._balance:variance is 44373.770579889264
INFO:cooler._balance:variance is 10142.36644802799
INFO:cooler._balance:variance is 2507.7495683188286
INFO:cooler._balance:variance is 660.4535960137946
INFO:cooler._balance:variance is 179.31839967750446
INFO:cooler._balance:variance is 49.981990907840334
INFO:cooler._balance:variance is 14.16997575975519
INFO:cooler._balance:variance is 4.07905392543332
INFO:cooler._balance:variance is 1.1878643561536861
INFO:cooler._balance:variance is 0.3495028639264207
INFO:cooler._balance:variance is 0.10369053483854375
INFO:cooler._balance:variance is 0.030985045557064102
INFO:cooler._balance:variance is 0.009313717770806248
INFO:cooler._balance:variance is 0.00281353712907506
INFO:cooler._balance:variance is 0.0008533903182963333
INFO:cooler._balance:variance is 0.0002597187826651032
INFO:cooler._balance:variance is 7.925866318328945e-05
INFO:cooler._balance:variance is 2.4241501818925593e-05
INFO:cooler._balance:variance is 7.427727549988748e-06
INFO:cooler._balance:chr12
INFO:cooler._balance:variance is 3027987.248116535
INFO:cooler._balance:variance is 720060.8417069218
INFO:cooler._balance:variance is 197870.18626111452
INFO:cooler._balance:variance is 75542.26249480518
INFO:cooler._balance:variance is 25357.262558331942
INFO:cooler._balance:variance is 9323.168952448332
INFO:cooler._balance:variance is 3278.8901588095296
INFO:cooler._balance:variance is 1187.861369086645
INFO:cooler._balance:variance is 423.73530035997726
INFO:cooler._balance:variance is 152.71114956896062
INFO:cooler._balance:variance is 54.73654835384598
INFO:cooler._balance:variance is 19.69048809173063
INFO:cooler._balance:variance is 7.069566182171452
INFO:cooler._balance:variance is 2.5415040591915607
INFO:cooler._balance:variance is 0.9130366826971059
INFO:cooler._balance:variance is 0.3281613124279369
INFO:cooler._balance:variance is 0.1179177577512196
INFO:cooler._balance:variance is 0.042378316557214024
INFO:cooler._balance:variance is 0.015228947153311485
INFO:cooler._balance:variance is 0.005472960008391533
INFO:cooler._balance:variance is 0.001966803634223718
INFO:cooler._balance:variance is 0.0007068206059209027
INFO:cooler._balance:variance is 0.0002540110031054249
INFO:cooler._balance:variance is 9.128497136455452e-05
INFO:cooler._balance:variance is 3.280532181951014e-05
INFO:cooler._balance:variance is 1.178936903486733e-05
INFO:cooler._balance:variance is 4.236782844209012e-06
INFO:cooler._balance:chr13
INFO:cooler._balance:variance is 1308728.024016262
INFO:cooler._balance:variance is 86628.11465465528
INFO:cooler._balance:variance is 11223.79466424767
INFO:cooler._balance:variance is 2006.4759456201184
INFO:cooler._balance:variance is 424.45545688677976
INFO:cooler._balance:variance is 105.58981329469437
INFO:cooler._balance:variance is 28.686194543364014
INFO:cooler._balance:variance is 8.21955035001928
INFO:cooler._balance:variance is 2.4174222014202793
INFO:cooler._balance:variance is 0.7220325193289315
INFO:cooler._balance:variance is 0.21743051593470566
INFO:cooler._balance:variance is 0.06582199576446893
INFO:cooler._balance:variance is 0.019988230594998553
INFO:cooler._balance:variance is 0.006082658517372704
INFO:cooler._balance:variance is 0.0018534988089747152
INFO:cooler._balance:variance is 0.0005653146563432528
INFO:cooler._balance:variance is 0.0001725240427665582
INFO:cooler._balance:variance is 5.267313877312808e-05
INFO:cooler._balance:variance is 1.6086027900284173e-05
INFO:cooler._balance:variance is 4.913499890146283e-06
INFO:cooler._balance:chr14
INFO:cooler._balance:variance is 2504820.0292274547
INFO:cooler._balance:variance is 455439.42433771427
INFO:cooler._balance:variance is 75375.52436710587
INFO:cooler._balance:variance is 17426.61478880577
INFO:cooler._balance:variance is 3663.890621771622
INFO:cooler._balance:variance is 870.7565132952116
INFO:cooler._balance:variance is 215.81136215507217
INFO:cooler._balance:variance is 59.875711054083844
INFO:cooler._balance:variance is 18.381923470989236
INFO:cooler._balance:variance is 6.242802080276835
INFO:cooler._balance:variance is 2.281352014092715
INFO:cooler._balance:variance is 0.8758470137955258
INFO:cooler._balance:variance is 0.34610078849026615
INFO:cooler._balance:variance is 0.1390338697351974
INFO:cooler._balance:variance is 0.056346542731978394
INFO:cooler._balance:variance is 0.022945161623441904
INFO:cooler._balance:variance is 0.009366936589776215
INFO:cooler._balance:variance is 0.0038290240996083787
INFO:cooler._balance:variance is 0.0015663175975426705
INFO:cooler._balance:variance is 0.0006409669912760885
INFO:cooler._balance:variance is 0.0002623465937400377
INFO:cooler._balance:variance is 0.0001073894812691202
INFO:cooler._balance:variance is 4.396140782715996e-05
INFO:cooler._balance:variance is 1.7996780463961886e-05
INFO:cooler._balance:variance is 7.367577139472179e-06
INFO:cooler._balance:chr15
INFO:cooler._balance:variance is 2369047.3461072766
INFO:cooler._balance:variance is 210992.280153429
INFO:cooler._balance:variance is 34195.683639463
INFO:cooler._balance:variance is 6552.327022597465
INFO:cooler._balance:variance is 1263.4495351122182
INFO:cooler._balance:variance is 258.5042009449534
INFO:cooler._balance:variance is 55.0335199585608
INFO:cooler._balance:variance is 12.452324253265429
INFO:cooler._balance:variance is 3.0070522412211576
INFO:cooler._balance:variance is 0.7792101471534402
INFO:cooler._balance:variance is 0.21544056218528207
INFO:cooler._balance:variance is 0.06287317553148897
INFO:cooler._balance:variance is 0.01910289791930609
INFO:cooler._balance:variance is 0.005968407464185525
INFO:cooler._balance:variance is 0.001899104569612303
INFO:cooler._balance:variance is 0.0006112887550479089
INFO:cooler._balance:variance is 0.0001981669857845544
INFO:cooler._balance:variance is 6.451966328223844e-05
INFO:cooler._balance:variance is 2.1061224627510146e-05
INFO:cooler._balance:variance is 6.885769805406576e-06
INFO:cooler._balance:chr16
INFO:cooler._balance:variance is 11086428.052335383
INFO:cooler._balance:variance is 791990.6326800903
INFO:cooler._balance:variance is 247907.17315614675
INFO:cooler._balance:variance is 136971.0296294579
INFO:cooler._balance:variance is 57464.07498222764
INFO:cooler._balance:variance is 30563.386558294813
INFO:cooler._balance:variance is 14005.451049917578
INFO:cooler._balance:variance is 7164.348806403334
INFO:cooler._balance:variance is 3402.699787234327
INFO:cooler._balance:variance is 1703.4669854807585
INFO:cooler._balance:variance is 822.3825671762797
INFO:cooler._balance:variance is 407.26936840781394
INFO:cooler._balance:variance is 198.1503063462247
INFO:cooler._balance:variance is 97.61005841006967
INFO:cooler._balance:variance is 47.6690929828244
INFO:cooler._balance:variance is 23.421174689374997
INFO:cooler._balance:variance is 11.458913780422742
INFO:cooler._balance:variance is 5.622945531840275
INFO:cooler._balance:variance is 2.753501877070066
INFO:cooler._balance:variance is 1.350318097055088
INFO:cooler._balance:variance is 0.6615255851684554
INFO:cooler._balance:variance is 0.32431372141493514
INFO:cooler._balance:variance is 0.1589162833618003
INFO:cooler._balance:variance is 0.07789730120224339
INFO:cooler._balance:variance is 0.03817427429685651
INFO:cooler._balance:variance is 0.018710832922891798
INFO:cooler._balance:variance is 0.009169880785598248
INFO:cooler._balance:variance is 0.004494387321995988
INFO:cooler._balance:variance is 0.002202682683753022
INFO:cooler._balance:variance is 0.0010795708197816078
INFO:cooler._balance:variance is 0.0005291001753800873
INFO:cooler._balance:variance is 0.00025931842599214436
INFO:cooler._balance:variance is 0.00012709332906783182
INFO:cooler._balance:variance is 6.228972304519068e-05
INFO:cooler._balance:variance is 3.0528611915747426e-05
INFO:cooler._balance:variance is 1.4962349902134936e-05
INFO:cooler._balance:variance is 7.333158835369894e-06
INFO:cooler._balance:chr17
INFO:cooler._balance:variance is 1771346.8666481993
INFO:cooler._balance:variance is 248592.99797335948
INFO:cooler._balance:variance is 81058.78497295351
INFO:cooler._balance:variance is 32461.438488435677
INFO:cooler._balance:variance is 13036.100560531286
INFO:cooler._balance:variance is 5378.535486574119
INFO:cooler._balance:variance is 2210.1160047928724
INFO:cooler._balance:variance is 913.6185810297293
INFO:cooler._balance:variance is 376.98271271975767
INFO:cooler._balance:variance is 155.8216376573398
INFO:cooler._balance:variance is 64.35824002719814
INFO:cooler._balance:variance is 26.597294191414534
INFO:cooler._balance:variance is 10.98837619521589
INFO:cooler._balance:variance is 4.540741090630835
INFO:cooler._balance:variance is 1.8761295026914722
INFO:cooler._balance:variance is 0.7752423490044186
INFO:cooler._balance:variance is 0.32032319970882933
INFO:cooler._balance:variance is 0.13235946009459176
INFO:cooler._balance:variance is 0.054690476743617926
INFO:cooler._balance:variance is 0.022598253178075206
INFO:cooler._balance:variance is 0.009337571452036897
INFO:cooler._balance:variance is 0.0038582970398287563
INFO:cooler._balance:variance is 0.0015942472866620997
INFO:cooler._balance:variance is 0.000658744206478868
INFO:cooler._balance:variance is 0.00027219317380334216
INFO:cooler._balance:variance is 0.00011247036457701368
INFO:cooler._balance:variance is 4.6472783580534556e-05
INFO:cooler._balance:variance is 1.9202574398844193e-05
INFO:cooler._balance:variance is 7.934509906524416e-06
INFO:cooler._balance:chr18
INFO:cooler._balance:variance is 1774467.4019649376
INFO:cooler._balance:variance is 159407.83644862313
INFO:cooler._balance:variance is 27490.864484588186
INFO:cooler._balance:variance is 5653.592797675943
INFO:cooler._balance:variance is 1199.0627854905638
INFO:cooler._balance:variance is 264.3576075123803
INFO:cooler._balance:variance is 58.79166382181437
INFO:cooler._balance:variance is 13.211536349322552
INFO:cooler._balance:variance is 2.978175908747776
INFO:cooler._balance:variance is 0.6734023614080016
INFO:cooler._balance:variance is 0.152446266982858
INFO:cooler._balance:variance is 0.034545195783241014
INFO:cooler._balance:variance is 0.007831792442326
INFO:cooler._balance:variance is 0.0017761740435225475
INFO:cooler._balance:variance is 0.0004028941849712127
INFO:cooler._balance:variance is 9.140148148715078e-05
INFO:cooler._balance:variance is 2.0737126364061574e-05
INFO:cooler._balance:variance is 4.7050722415814225e-06
INFO:cooler._balance:chr20
INFO:cooler._balance:variance is 1640425.457787992
INFO:cooler._balance:variance is 240045.94507194252
INFO:cooler._balance:variance is 55605.432264529256
INFO:cooler._balance:variance is 18409.376652442657
INFO:cooler._balance:variance is 5932.557375564823
INFO:cooler._balance:variance is 2214.021324757282
INFO:cooler._balance:variance is 845.4128550288697
INFO:cooler._balance:variance is 342.81541014402245
INFO:cooler._balance:variance is 141.37142096896955
INFO:cooler._balance:variance is 59.54088544528524
INFO:cooler._balance:variance is 25.25463513539663
INFO:cooler._balance:variance is 10.785455659743704
INFO:cooler._balance:variance is 4.617724762207156
INFO:cooler._balance:variance is 1.9813664178346795
INFO:cooler._balance:variance is 0.8508750436705764
INFO:cooler._balance:variance is 0.365653773950797
INFO:cooler._balance:variance is 0.1571781087375808
INFO:cooler._balance:variance is 0.0675790871942172
INFO:cooler._balance:variance is 0.029058273384767998
INFO:cooler._balance:variance is 0.012495670962436657
INFO:cooler._balance:variance is 0.005373544745080583
INFO:cooler._balance:variance is 0.0023108562666098536
INFO:cooler._balance:variance is 0.000993775903196631
INFO:cooler._balance:variance is 0.0004273735547151659
INFO:cooler._balance:variance is 0.00018379251878309036
INFO:cooler._balance:variance is 7.904042664225439e-05
INFO:cooler._balance:variance is 3.39915518831151e-05
INFO:cooler._balance:variance is 1.4618174893758553e-05
INFO:cooler._balance:variance is 6.286593490581632e-06
INFO:cooler._balance:chrY
INFO:cooler._balance:chr19
INFO:cooler._balance:variance is 3842488.056060791
INFO:cooler._balance:variance is 1311555.4900220938
INFO:cooler._balance:variance is 307431.413934259
INFO:cooler._balance:variance is 122469.80006858177
INFO:cooler._balance:variance is 38215.245169949274
INFO:cooler._balance:variance is 14795.629548027728
INFO:cooler._balance:variance is 5309.638276898573
INFO:cooler._balance:variance is 2068.9353034776664
INFO:cooler._balance:variance is 789.7857631033291
INFO:cooler._balance:variance is 310.9154747494151
INFO:cooler._balance:variance is 121.77883271963064
INFO:cooler._balance:variance is 48.255076497938596
INFO:cooler._balance:variance is 19.099642023765828
INFO:cooler._balance:variance is 7.593535695747799
INFO:cooler._balance:variance is 3.018416760795336
INFO:cooler._balance:variance is 1.2019110730276328
INFO:cooler._balance:variance is 0.4785917299448471
INFO:cooler._balance:variance is 0.19070377680405265
INFO:cooler._balance:variance is 0.07599127366566992
INFO:cooler._balance:variance is 0.03028930133312497
INFO:cooler._balance:variance is 0.012073200752246263
INFO:cooler._balance:variance is 0.0048128759283581155
INFO:cooler._balance:variance is 0.0019186299235323884
INFO:cooler._balance:variance is 0.0007648878494178613
INFO:cooler._balance:variance is 0.0003049344561988674
INFO:cooler._balance:variance is 0.00012156916166518677
INFO:cooler._balance:variance is 4.8466471346909874e-05
INFO:cooler._balance:variance is 1.932247430767156e-05
INFO:cooler._balance:variance is 7.703437647381321e-06
INFO:cooler._balance:chr22
INFO:cooler._balance:variance is 1088432.8666299358
INFO:cooler._balance:variance is 80235.95300420528
INFO:cooler._balance:variance is 9269.085993564517
INFO:cooler._balance:variance is 1326.502075809785
INFO:cooler._balance:variance is 236.3113562313031
INFO:cooler._balance:variance is 59.68687114741505
INFO:cooler._balance:variance is 20.279514133546996
INFO:cooler._balance:variance is 8.063434937928932
INFO:cooler._balance:variance is 3.4247629245549955
INFO:cooler._balance:variance is 1.485950551885609
INFO:cooler._balance:variance is 0.6507433261725959
INFO:cooler._balance:variance is 0.28560661509005436
INFO:cooler._balance:variance is 0.12555496696813645
INFO:cooler._balance:variance is 0.055200162325720406
INFO:cooler._balance:variance is 0.024278468271366732
INFO:cooler._balance:variance is 0.010677473631487492
INFO:cooler._balance:variance is 0.004696478369105696
INFO:cooler._balance:variance is 0.002065633262416844
INFO:cooler._balance:variance is 0.0009085642375722734
INFO:cooler._balance:variance is 0.00039961939766223114
INFO:cooler._balance:variance is 0.00017577064236524363
INFO:cooler._balance:variance is 7.731091213642079e-05
INFO:cooler._balance:variance is 3.400470662177408e-05
INFO:cooler._balance:variance is 1.495666873286185e-05
INFO:cooler._balance:variance is 6.5785829550717175e-06
INFO:cooler._balance:chr21
INFO:cooler._balance:variance is 1101105.1977961431
INFO:cooler._balance:variance is 138641.2229160279
INFO:cooler._balance:variance is 28620.516627226476
INFO:cooler._balance:variance is 9363.108782547788
INFO:cooler._balance:variance is 3969.6882554574113
INFO:cooler._balance:variance is 2127.2092330930027
INFO:cooler._balance:variance is 1190.99626237745
INFO:cooler._balance:variance is 719.4606472499644
INFO:cooler._balance:variance is 430.78971418889176
INFO:cooler._balance:variance is 266.27755448257506
INFO:cooler._balance:variance is 162.95004761250138
INFO:cooler._balance:variance is 101.31724151467375
INFO:cooler._balance:variance is 62.57460787576973
INFO:cooler._balance:variance is 38.97783556757985
INFO:cooler._balance:variance is 24.177083296299777
INFO:cooler._balance:variance is 15.067914331607557
INFO:cooler._balance:variance is 9.366075783810532
INFO:cooler._balance:variance is 5.8377151741391575
INFO:cooler._balance:variance is 3.6325603327934206
INFO:cooler._balance:variance is 2.263982800468834
INFO:cooler._balance:variance is 1.4095675933045826
INFO:cooler._balance:variance is 0.8784339429000857
INFO:cooler._balance:variance is 0.5470817405542668
INFO:cooler._balance:variance is 0.3409121194835613
INFO:cooler._balance:variance is 0.21235250054477947
INFO:cooler._balance:variance is 0.13231909305236478
INFO:cooler._balance:variance is 0.0824286163923746
INFO:cooler._balance:variance is 0.05136004962322768
INFO:cooler._balance:variance is 0.031996635728250906
INFO:cooler._balance:variance is 0.01993607924656546
INFO:cooler._balance:variance is 0.012420307889392072
INFO:cooler._balance:variance is 0.007738555253761393
INFO:cooler._balance:variance is 0.004821261334231777
INFO:cooler._balance:variance is 0.0030038834030287707
INFO:cooler._balance:variance is 0.0018714954663242957
INFO:cooler._balance:variance is 0.0011660250794482928
INFO:cooler._balance:variance is 0.0007264681696992585
INFO:cooler._balance:variance is 0.00045261986751809184
INFO:cooler._balance:variance is 0.00028199677461638895
INFO:cooler._balance:variance is 0.0001756951782372052
INFO:cooler._balance:variance is 0.00010946404559360778
INFO:cooler._balance:variance is 6.8200312560985e-05
INFO:cooler._balance:variance is 4.249117202692605e-05
INFO:cooler._balance:variance is 2.6473603396579056e-05
INFO:cooler._balance:variance is 1.6493994011953145e-05
INFO:cooler._balance:variance is 1.0276372859047546e-05
INFO:cooler._balance:variance is 6.402548741657261e-06
INFO:cooler._balance:chrM
