INFO:cooler.cli.balance:Balancing "analysis_other/porec/T2T16/cooler/T2T16_1000_balanced.cool"
INFO:cooler._balance:chr1
INFO:cooler._balance:variance is 1914.4579591028303
INFO:cooler._balance:variance is 104.57135192305556
INFO:cooler._balance:variance is 29.379036515375102
INFO:cooler._balance:variance is 15.593516888896437
INFO:cooler._balance:variance is 7.9744493106733625
INFO:cooler._balance:variance is 4.789130272481773
INFO:cooler._balance:variance is 2.762048679502253
INFO:cooler._balance:variance is 1.708967797418781
INFO:cooler._balance:variance is 1.0284530185557197
INFO:cooler._balance:variance is 0.6411998393549369
INFO:cooler._balance:variance is 0.39269445822955695
INFO:cooler._balance:variance is 0.24521928426036807
INFO:cooler._balance:variance is 0.15141260212647956
INFO:cooler._balance:variance is 0.09454898208019098
INFO:cooler._balance:variance is 0.058623518759853686
INFO:cooler._balance:variance is 0.03659348998385725
INFO:cooler._balance:variance is 0.02274035636910055
INFO:cooler._balance:variance is 0.014189309419483096
INFO:cooler._balance:variance is 0.008828872934045435
INFO:cooler._balance:variance is 0.005507245092663403
INFO:cooler._balance:variance is 0.003429226735337338
INFO:cooler._balance:variance is 0.002138586408358018
INFO:cooler._balance:variance is 0.0013322176661493923
INFO:cooler._balance:variance is 0.000830686557293979
INFO:cooler._balance:variance is 0.0005176025912847415
INFO:cooler._balance:variance is 0.0003227097073407672
INFO:cooler._balance:variance is 0.00020111188970419714
INFO:cooler._balance:variance is 0.0001253783465226654
INFO:cooler._balance:variance is 7.814268930402446e-05
INFO:cooler._balance:variance is 4.8713908928376547e-05
INFO:cooler._balance:variance is 3.0362890517439057e-05
INFO:cooler._balance:variance is 1.8927561468095382e-05
INFO:cooler._balance:variance is 1.1797761387041533e-05
INFO:cooler._balance:variance is 7.354323762407412e-06
INFO:cooler._balance:chr2
INFO:cooler._balance:variance is 2370.8608429775554
INFO:cooler._balance:variance is 138.50568146629996
INFO:cooler._balance:variance is 43.788467729175096
INFO:cooler._balance:variance is 21.817987695640664
INFO:cooler._balance:variance is 9.481201979676298
INFO:cooler._balance:variance is 4.651240767689276
INFO:cooler._balance:variance is 2.122360050300289
INFO:cooler._balance:variance is 1.0232587911517421
INFO:cooler._balance:variance is 0.4772937181299646
INFO:cooler._balance:variance is 0.228487950466004
INFO:cooler._balance:variance is 0.10781198308109939
INFO:cooler._balance:variance is 0.05151997752852704
INFO:cooler._balance:variance is 0.02447709876466009
INFO:cooler._balance:variance is 0.011705701521031571
INFO:cooler._balance:variance is 0.005587588708818659
INFO:cooler._balance:variance is 0.002677195204532727
INFO:cooler._balance:variance is 0.0012826069955609893
INFO:cooler._balance:variance is 0.0006159728383207647
INFO:cooler._balance:variance is 0.00029601858732802215
INFO:cooler._balance:variance is 0.00014251186463041585
INFO:cooler._balance:variance is 6.867560015047927e-05
INFO:cooler._balance:variance is 3.314217560911733e-05
INFO:cooler._balance:variance is 1.6010909977364407e-05
INFO:cooler._balance:variance is 7.744432800982132e-06
INFO:cooler._balance:chr3
INFO:cooler._balance:variance is 1997.7473216627388
INFO:cooler._balance:variance is 133.57147023945407
INFO:cooler._balance:variance is 45.3873879634166
INFO:cooler._balance:variance is 30.803074605170632
INFO:cooler._balance:variance is 14.710566911607017
INFO:cooler._balance:variance is 9.701239394035992
INFO:cooler._balance:variance is 5.0287470501721305
INFO:cooler._balance:variance is 3.176505658615789
INFO:cooler._balance:variance is 1.7281693555547835
INFO:cooler._balance:variance is 1.0600458797324657
INFO:cooler._balance:variance is 0.5939693186498528
INFO:cooler._balance:variance is 0.35768009284360736
INFO:cooler._balance:variance is 0.20403455773504806
INFO:cooler._balance:variance is 0.12149614571180023
INFO:cooler._balance:variance is 0.07005746627111474
INFO:cooler._balance:variance is 0.04143839799769316
INFO:cooler._balance:variance is 0.02404939314377699
INFO:cooler._balance:variance is 0.014168950143329969
INFO:cooler._balance:variance is 0.00825507787417213
INFO:cooler._balance:variance is 0.00485239983715585
INFO:cooler._balance:variance is 0.00283367119881128
INFO:cooler._balance:variance is 0.0016634599546221825
INFO:cooler._balance:variance is 0.0009727806313803594
INFO:cooler._balance:variance is 0.0005706326146211187
INFO:cooler._balance:variance is 0.00033398939412809765
INFO:cooler._balance:variance is 0.00019583995935476542
INFO:cooler._balance:variance is 0.00011468650311296555
INFO:cooler._balance:variance is 6.723504995707885e-05
INFO:cooler._balance:variance is 3.9387758339590194e-05
INFO:cooler._balance:variance is 2.3089385185740422e-05
INFO:cooler._balance:variance is 1.3529661838202553e-05
INFO:cooler._balance:variance is 7.93119658195348e-06
INFO:cooler._balance:chr4
INFO:cooler._balance:variance is 2018.4248847633467
INFO:cooler._balance:variance is 196.81022631328094
INFO:cooler._balance:variance is 65.25673336648386
INFO:cooler._balance:variance is 49.98805226476555
INFO:cooler._balance:variance is 22.303360006511628
INFO:cooler._balance:variance is 16.740235521600415
INFO:cooler._balance:variance is 8.373243663099775
INFO:cooler._balance:variance is 5.937245214122645
INFO:cooler._balance:variance is 3.2018634083958037
INFO:cooler._balance:variance is 2.1656942364334397
INFO:cooler._balance:variance is 1.226307844455319
INFO:cooler._balance:variance is 0.8021997902109902
INFO:cooler._balance:variance is 0.46858282107587534
INFO:cooler._balance:variance is 0.29977598137450245
INFO:cooler._balance:variance is 0.17857287325245227
INFO:cooler._balance:variance is 0.11260735359451904
INFO:cooler._balance:variance is 0.06790790627009126
INFO:cooler._balance:variance is 0.04243151073311869
INFO:cooler._balance:variance is 0.02578519942569971
INFO:cooler._balance:variance is 0.016018803529392896
INFO:cooler._balance:variance is 0.009780986166545297
INFO:cooler._balance:variance is 0.0060544267731117785
INFO:cooler._balance:variance is 0.0037077551565051184
INFO:cooler._balance:variance is 0.002289941680709993
INFO:cooler._balance:variance is 0.0014049448501310148
INFO:cooler._balance:variance is 0.0008664955857664397
INFO:cooler._balance:variance is 0.0005322241962413867
INFO:cooler._balance:variance is 0.00032796413711860264
INFO:cooler._balance:variance is 0.00020158577423669513
INFO:cooler._balance:variance is 0.00012415370542956681
INFO:cooler._balance:variance is 7.634523863457262e-05
INFO:cooler._balance:variance is 4.700441346881553e-05
INFO:cooler._balance:variance is 2.891196156230718e-05
INFO:cooler._balance:variance is 1.7796967890970686e-05
INFO:cooler._balance:variance is 1.0948560043759261e-05
INFO:cooler._balance:variance is 6.738622568934509e-06
INFO:cooler._balance:chr5
INFO:cooler._balance:variance is 2709.5360569818317
INFO:cooler._balance:variance is 146.41513113841688
INFO:cooler._balance:variance is 41.57896220767834
INFO:cooler._balance:variance is 20.13114977826643
INFO:cooler._balance:variance is 7.92040977530828
INFO:cooler._balance:variance is 3.8425219254913925
INFO:cooler._balance:variance is 1.641421253343895
INFO:cooler._balance:variance is 0.7864535503862051
INFO:cooler._balance:variance is 0.35295457977977024
INFO:cooler._balance:variance is 0.1684867358351808
INFO:cooler._balance:variance is 0.07800547363682664
INFO:cooler._balance:variance is 0.037327922265894264
INFO:cooler._balance:variance is 0.017637588137965766
INFO:cooler._balance:variance is 0.00848615892612012
INFO:cooler._balance:variance is 0.004066585266094044
INFO:cooler._balance:variance is 0.0019692263067498405
INFO:cooler._balance:variance is 0.0009534448931888986
INFO:cooler._balance:variance is 0.000464654344083685
INFO:cooler._balance:variance is 0.00022676902479601055
INFO:cooler._balance:variance is 0.00011116190249681052
INFO:cooler._balance:variance is 5.459664343057222e-05
INFO:cooler._balance:variance is 2.6901154776547206e-05
INFO:cooler._balance:variance is 1.3280827900776312e-05
INFO:cooler._balance:variance is 6.572752324596667e-06
INFO:cooler._balance:chr6
INFO:cooler._balance:variance is 3447.2159813248563
INFO:cooler._balance:variance is 161.3519021128523
INFO:cooler._balance:variance is 68.53339377726672
INFO:cooler._balance:variance is 52.987734322416436
INFO:cooler._balance:variance is 29.04564015696916
INFO:cooler._balance:variance is 22.36211567439945
INFO:cooler._balance:variance is 13.007755248954126
INFO:cooler._balance:variance is 9.68258269812117
INFO:cooler._balance:variance is 5.873584849949492
INFO:cooler._balance:variance is 4.244668051297476
INFO:cooler._balance:variance is 2.654173641321082
INFO:cooler._balance:variance is 1.8753318403375288
INFO:cooler._balance:variance is 1.1981649800714431
INFO:cooler._balance:variance is 0.8328342857770377
INFO:cooler._balance:variance is 0.5401659194187143
INFO:cooler._balance:variance is 0.3711411458718695
INFO:cooler._balance:variance is 0.2432267410987176
INFO:cooler._balance:variance is 0.16577474116198232
INFO:cooler._balance:variance is 0.10941323558953565
INFO:cooler._balance:variance is 0.07415842361419749
INFO:cooler._balance:variance is 0.0491818266812168
INFO:cooler._balance:variance is 0.033207925094823836
INFO:cooler._balance:variance is 0.022095406272846292
INFO:cooler._balance:variance is 0.0148803677224393
INFO:cooler._balance:variance is 0.009922686426742627
INFO:cooler._balance:variance is 0.006670801240457282
INFO:cooler._balance:variance is 0.004454887520712742
INFO:cooler._balance:variance is 0.0029913675572225853
INFO:cooler._balance:variance is 0.001999681455077457
INFO:cooler._balance:variance is 0.0013416710102179012
INFO:cooler._balance:variance is 0.0008974852871548376
INFO:cooler._balance:variance is 0.000601836255873406
INFO:cooler._balance:variance is 0.00040276747566880664
INFO:cooler._balance:variance is 0.0002699901313825419
INFO:cooler._balance:variance is 0.0001807401027550876
INFO:cooler._balance:variance is 0.00012112734242229826
INFO:cooler._balance:variance is 8.110289527606912e-05
INFO:cooler._balance:variance is 5.434417030610629e-05
INFO:cooler._balance:variance is 3.639198898124354e-05
INFO:cooler._balance:variance is 2.438230226393302e-05
INFO:cooler._balance:variance is 1.632927277228632e-05
INFO:cooler._balance:variance is 1.0939658755036451e-05
INFO:cooler._balance:variance is 7.326933308703293e-06
INFO:cooler._balance:chr7
INFO:cooler._balance:variance is 1791.934639892419
INFO:cooler._balance:variance is 126.9262608305075
INFO:cooler._balance:variance is 41.47922246214354
INFO:cooler._balance:variance is 22.765947456776352
INFO:cooler._balance:variance is 10.464132290144814
INFO:cooler._balance:variance is 5.766087910721929
INFO:cooler._balance:variance is 2.83036832191615
INFO:cooler._balance:variance is 1.5313584269048972
INFO:cooler._balance:variance is 0.7765748380162951
INFO:cooler._balance:variance is 0.4149741342351784
INFO:cooler._balance:variance is 0.21410035010948833
INFO:cooler._balance:variance is 0.11359593263526656
INFO:cooler._balance:variance is 0.059153620274085564
INFO:cooler._balance:variance is 0.031266208157411726
INFO:cooler._balance:variance is 0.016363568770855506
INFO:cooler._balance:variance is 0.008632449972876459
INFO:cooler._balance:variance is 0.00453045507187026
INFO:cooler._balance:variance is 0.0023878004359916194
INFO:cooler._balance:variance is 0.0012551223574925714
INFO:cooler._balance:variance is 0.0006612578690492529
INFO:cooler._balance:variance is 0.0003479011565834923
INFO:cooler._balance:variance is 0.00018326732352196774
INFO:cooler._balance:variance is 9.647447276164687e-05
INFO:cooler._balance:variance is 5.08209436011011e-05
INFO:cooler._balance:variance is 2.6762514006016433e-05
INFO:cooler._balance:variance is 1.4098890229484448e-05
INFO:cooler._balance:variance is 7.426391291889561e-06
INFO:cooler._balance:chrX
INFO:cooler._balance:variance is 2033.0539335641515
INFO:cooler._balance:variance is 45.575530046456024
INFO:cooler._balance:variance is 5.375789742897834
INFO:cooler._balance:variance is 1.3412102925262377
INFO:cooler._balance:variance is 0.3671506367859558
INFO:cooler._balance:variance is 0.11365839602030109
INFO:cooler._balance:variance is 0.036109175832216324
INFO:cooler._balance:variance is 0.012350115300278583
INFO:cooler._balance:variance is 0.004387930909353729
INFO:cooler._balance:variance is 0.001645809095281079
INFO:cooler._balance:variance is 0.0006391155883715422
INFO:cooler._balance:variance is 0.00025694268870739945
INFO:cooler._balance:variance is 0.00010568955119935123
INFO:cooler._balance:variance is 4.4308630813220734e-05
INFO:cooler._balance:variance is 1.881171702880957e-05
INFO:cooler._balance:variance is 8.063714993523139e-06
INFO:cooler._balance:chr9
INFO:cooler._balance:variance is 1539.3976292515845
INFO:cooler._balance:variance is 149.2350729855256
INFO:cooler._balance:variance is 41.66150304150681
INFO:cooler._balance:variance is 24.66855837081513
INFO:cooler._balance:variance is 11.526467107330486
INFO:cooler._balance:variance is 7.489280675746693
INFO:cooler._balance:variance is 4.157934908953499
INFO:cooler._balance:variance is 2.8434303417227214
INFO:cooler._balance:variance is 1.7435403198364872
INFO:cooler._balance:variance is 1.236909435275328
INFO:cooler._balance:variance is 0.8085453271810815
INFO:cooler._balance:variance is 0.5865618663659878
INFO:cooler._balance:variance is 0.3996281355717484
INFO:cooler._balance:variance is 0.2931454015861467
INFO:cooler._balance:variance is 0.20503394064089994
INFO:cooler._balance:variance is 0.15105278419217855
INFO:cooler._balance:variance is 0.10740293314166503
INFO:cooler._balance:variance is 0.07919984607092045
INFO:cooler._balance:variance is 0.056898043253550884
INFO:cooler._balance:variance is 0.04193604914438514
INFO:cooler._balance:variance is 0.03032563816756392
INFO:cooler._balance:variance is 0.022329506052916243
INFO:cooler._balance:variance is 0.01621597226758447
INFO:cooler._balance:variance is 0.011928173876109734
INFO:cooler._balance:variance is 0.008686620377609998
INFO:cooler._balance:variance is 0.006384063799632115
INFO:cooler._balance:variance is 0.004657880779372111
INFO:cooler._balance:variance is 0.0034207582788864785
INFO:cooler._balance:variance is 0.0024990200594957796
INFO:cooler._balance:variance is 0.0018342590898096252
INFO:cooler._balance:variance is 0.0013412009880409792
INFO:cooler._balance:variance is 0.0009840123868503155
INFO:cooler._balance:variance is 0.0007199543866527815
INFO:cooler._balance:variance is 0.0005280493596590389
INFO:cooler._balance:variance is 0.00038651984793218117
INFO:cooler._balance:variance is 0.0002834265719998648
INFO:cooler._balance:variance is 0.00020752782783065805
INFO:cooler._balance:variance is 0.00015214996587626403
INFO:cooler._balance:variance is 0.00011143149559356034
INFO:cooler._balance:variance is 8.168658877965877e-05
INFO:cooler._balance:variance is 5.983566360128322e-05
INFO:cooler._balance:variance is 4.385966844119064e-05
INFO:cooler._balance:variance is 3.213132145827906e-05
INFO:cooler._balance:variance is 2.3550891174592244e-05
INFO:cooler._balance:variance is 1.7254824222928774e-05
INFO:cooler._balance:variance is 1.2646516043551131e-05
INFO:cooler._balance:variance is 9.266248619471543e-06
INFO:cooler._balance:chr8
INFO:cooler._balance:variance is 1729.1590363390098
INFO:cooler._balance:variance is 158.31203607655212
INFO:cooler._balance:variance is 48.12608377326434
INFO:cooler._balance:variance is 40.36849636181361
INFO:cooler._balance:variance is 16.89346618761494
INFO:cooler._balance:variance is 14.591064172888844
INFO:cooler._balance:variance is 6.967929721307736
INFO:cooler._balance:variance is 5.735541731688524
INFO:cooler._balance:variance is 3.0313299253472
INFO:cooler._balance:variance is 2.356261689269104
INFO:cooler._balance:variance is 1.3396884841951815
INFO:cooler._balance:variance is 0.9923560563401018
INFO:cooler._balance:variance is 0.5933209030279585
INFO:cooler._balance:variance is 0.42399825434022215
INFO:cooler._balance:variance is 0.26223511974762254
INFO:cooler._balance:variance is 0.1827148654452361
INFO:cooler._balance:variance is 0.11558380594460319
INFO:cooler._balance:variance is 0.07914853689791376
INFO:cooler._balance:variance is 0.050823148640309686
INFO:cooler._balance:variance is 0.034396640159244846
INFO:cooler._balance:variance is 0.02230657121235486
INFO:cooler._balance:variance is 0.014978799960521462
INFO:cooler._balance:variance is 0.009777672681844233
INFO:cooler._balance:variance is 0.006531408600894252
INFO:cooler._balance:variance is 0.00428196902174302
INFO:cooler._balance:variance is 0.002850392236289299
INFO:cooler._balance:variance is 0.001874056109354638
INFO:cooler._balance:variance is 0.0012446350031857722
INFO:cooler._balance:variance is 0.0008198612541673972
INFO:cooler._balance:variance is 0.0005436710061263229
INFO:cooler._balance:variance is 0.0003585723182123603
INFO:cooler._balance:variance is 0.00023753808363217408
INFO:cooler._balance:variance is 0.00015679501232298946
INFO:cooler._balance:variance is 0.0001038001616265991
INFO:cooler._balance:variance is 6.855417996700138e-05
INFO:cooler._balance:variance is 4.5363590538122484e-05
INFO:cooler._balance:variance is 2.9970911047517428e-05
INFO:cooler._balance:variance is 1.982650838305603e-05
INFO:cooler._balance:variance is 1.3102141727227443e-05
INFO:cooler._balance:variance is 8.665716475617412e-06
INFO:cooler._balance:chr11
INFO:cooler._balance:variance is 1535.6263156911052
INFO:cooler._balance:variance is 148.83096597452948
INFO:cooler._balance:variance is 67.67144236969244
INFO:cooler._balance:variance is 52.55143342867783
INFO:cooler._balance:variance is 30.451740818307606
INFO:cooler._balance:variance is 23.69569242226889
INFO:cooler._balance:variance is 14.426001101919121
INFO:cooler._balance:variance is 10.96805191394259
INFO:cooler._balance:variance is 6.9117186899867535
INFO:cooler._balance:variance is 5.144643862201643
INFO:cooler._balance:variance is 3.3271011305317173
INFO:cooler._balance:variance is 2.4337885298051694
INFO:cooler._balance:variance is 1.6048891602728281
INFO:cooler._balance:variance is 1.1580247331831788
INFO:cooler._balance:variance is 0.7747337764098643
INFO:cooler._balance:variance is 0.553189724057482
INFO:cooler._balance:variance is 0.3740280297039362
INFO:cooler._balance:variance is 0.26498091146204006
INFO:cooler._balance:variance is 0.18053972429456475
INFO:cooler._balance:variance is 0.1271653868248482
INFO:cooler._balance:variance is 0.08711933302259543
INFO:cooler._balance:variance is 0.061105670388712084
INFO:cooler._balance:variance is 0.0420268381184157
INFO:cooler._balance:variance is 0.02938843193637948
INFO:cooler._balance:variance is 0.020268624042738714
INFO:cooler._balance:variance is 0.014142715170120619
INFO:cooler._balance:variance is 0.009772995345686254
INFO:cooler._balance:variance is 0.0068087578160016485
INFO:cooler._balance:variance is 0.004711478584933228
INFO:cooler._balance:variance is 0.003278876737569381
INFO:cooler._balance:variance is 0.002271069553716909
INFO:cooler._balance:variance is 0.0015793040323271465
INFO:cooler._balance:variance is 0.0010946155482315929
INFO:cooler._balance:variance is 0.0007607876466555521
INFO:cooler._balance:variance is 0.0005275478822758663
INFO:cooler._balance:variance is 0.00036652212336113135
INFO:cooler._balance:variance is 0.0002542375460587527
INFO:cooler._balance:variance is 0.0001765890064058994
INFO:cooler._balance:variance is 0.00012251839547742927
INFO:cooler._balance:variance is 8.508352015399004e-05
INFO:cooler._balance:variance is 5.904067624795941e-05
INFO:cooler._balance:variance is 4.0995841225447336e-05
INFO:cooler._balance:variance is 2.8450709028087863e-05
INFO:cooler._balance:variance is 1.9753442128073992e-05
INFO:cooler._balance:variance is 1.3709733565775202e-05
INFO:cooler._balance:variance is 9.518131432279081e-06
INFO:cooler._balance:chr10
INFO:cooler._balance:variance is 2200.1865052784665
INFO:cooler._balance:variance is 86.34612051026407
INFO:cooler._balance:variance is 24.951504301643528
INFO:cooler._balance:variance is 11.482712715688129
INFO:cooler._balance:variance is 5.101054001187732
INFO:cooler._balance:variance is 2.4966294618905827
INFO:cooler._balance:variance is 1.1748224261788562
INFO:cooler._balance:variance is 0.5797699085294034
INFO:cooler._balance:variance is 0.27974933342368474
INFO:cooler._balance:variance is 0.13828918600683138
INFO:cooler._balance:variance is 0.06755933369754609
INFO:cooler._balance:variance is 0.03341256055166875
INFO:cooler._balance:variance is 0.01642741038124517
INFO:cooler._balance:variance is 0.008127265431898336
INFO:cooler._balance:variance is 0.004009417882632357
INFO:cooler._balance:variance is 0.001984389859729955
INFO:cooler._balance:variance is 0.0009808534512989232
INFO:cooler._balance:variance is 0.00048566460377077135
INFO:cooler._balance:variance is 0.00024034465993093707
INFO:cooler._balance:variance is 0.00011905849984612387
INFO:cooler._balance:variance is 5.896824849764458e-05
INFO:cooler._balance:variance is 2.922401507946331e-05
INFO:cooler._balance:variance is 1.4483595661698375e-05
INFO:cooler._balance:variance is 7.1811619501796694e-06
INFO:cooler._balance:chr12
INFO:cooler._balance:variance is 1694.7566558266146
INFO:cooler._balance:variance is 116.18724785922059
INFO:cooler._balance:variance is 47.647890646724065
INFO:cooler._balance:variance is 30.1357471779876
INFO:cooler._balance:variance is 16.410286985485918
INFO:cooler._balance:variance is 10.463677676528224
INFO:cooler._balance:variance is 5.947263728516423
INFO:cooler._balance:variance is 3.7381636786802526
INFO:cooler._balance:variance is 2.1773962760150045
INFO:cooler._balance:variance is 1.352665049670361
INFO:cooler._balance:variance is 0.800055465105797
INFO:cooler._balance:variance is 0.4929449161365398
INFO:cooler._balance:variance is 0.2943929150357287
INFO:cooler._balance:variance is 0.18039322470984867
INFO:cooler._balance:variance is 0.10839101563003779
INFO:cooler._balance:variance is 0.06618154929335812
INFO:cooler._balance:variance is 0.03991771495010478
INFO:cooler._balance:variance is 0.02431759981888175
INFO:cooler._balance:variance is 0.01470213544958078
INFO:cooler._balance:variance is 0.008943601256052385
INFO:cooler._balance:variance is 0.005415156487429099
INFO:cooler._balance:variance is 0.003291198044506134
INFO:cooler._balance:variance is 0.0019945591858955523
INFO:cooler._balance:variance is 0.0012115706789432928
INFO:cooler._balance:variance is 0.000734656435010517
INFO:cooler._balance:variance is 0.00044610531096461276
INFO:cooler._balance:variance is 0.0002705962870707536
INFO:cooler._balance:variance is 0.00016427959259006017
INFO:cooler._balance:variance is 9.966880923869956e-05
INFO:cooler._balance:variance is 6.050136300911987e-05
INFO:cooler._balance:variance is 3.671103251327353e-05
INFO:cooler._balance:variance is 2.2282728290143512e-05
INFO:cooler._balance:variance is 1.3521780654669253e-05
INFO:cooler._balance:variance is 8.2070080773994e-06
INFO:cooler._balance:chr13
INFO:cooler._balance:variance is 1962.8394573557175
INFO:cooler._balance:variance is 152.11429448682438
INFO:cooler._balance:variance is 36.71050388556193
INFO:cooler._balance:variance is 28.286396940520106
INFO:cooler._balance:variance is 10.69343219899275
INFO:cooler._balance:variance is 7.9130341688897845
INFO:cooler._balance:variance is 3.531519565690852
INFO:cooler._balance:variance is 2.487978421453764
INFO:cooler._balance:variance is 1.224583109903221
INFO:cooler._balance:variance is 0.8423469068869291
INFO:cooler._balance:variance is 0.4402782343098568
INFO:cooler._balance:variance is 0.30398851079691924
INFO:cooler._balance:variance is 0.16523342616408757
INFO:cooler._balance:variance is 0.11757216931944164
INFO:cooler._balance:variance is 0.06591413939719741
INFO:cooler._balance:variance is 0.049370184320408905
INFO:cooler._balance:variance is 0.028591100131134334
INFO:cooler._balance:variance is 0.022768717246207087
INFO:cooler._balance:variance is 0.01370975403713438
INFO:cooler._balance:variance is 0.011547028647316626
INFO:cooler._balance:variance is 0.007267767480486037
INFO:cooler._balance:variance is 0.006364806599773236
INFO:cooler._balance:variance is 0.004188612990350691
INFO:cooler._balance:variance is 0.0037399815700133077
INFO:cooler._balance:variance is 0.002562278936600027
INFO:cooler._balance:variance is 0.0022973666786756607
INFO:cooler._balance:variance is 0.0016281485787835934
INFO:cooler._balance:variance is 0.0014527115703042205
INFO:cooler._balance:variance is 0.0010582591514247284
INFO:cooler._balance:variance is 0.0009357074575800676
INFO:cooler._balance:variance is 0.0006968488357631304
INFO:cooler._balance:variance is 0.0006098308089985052
INFO:cooler._balance:variance is 0.00046226606962908903
INFO:cooler._balance:variance is 0.00040050374579070916
INFO:cooler._balance:variance is 0.00030794564340497666
INFO:cooler._balance:variance is 0.00026438999382823387
INFO:cooler._balance:variance is 0.00020564401583707153
INFO:cooler._balance:variance is 0.0001751665785579704
INFO:cooler._balance:variance is 0.00013752720964776556
INFO:cooler._balance:variance is 0.00011635781077098367
INFO:cooler._balance:variance is 9.205533816447658e-05
INFO:cooler._balance:variance is 7.744493003360995e-05
INFO:cooler._balance:variance is 6.165341256343548e-05
INFO:cooler._balance:variance is 5.1623413533007164e-05
INFO:cooler._balance:variance is 4.130761373410192e-05
INFO:cooler._balance:variance is 3.4452056706162845e-05
INFO:cooler._balance:variance is 2.7683253774581646e-05
INFO:cooler._balance:variance is 2.3014043192062767e-05
INFO:cooler._balance:variance is 1.855606556270195e-05
INFO:cooler._balance:variance is 1.538506707288454e-05
INFO:cooler._balance:variance is 1.2439847064184548e-05
INFO:cooler._balance:variance is 1.029133119846361e-05
INFO:cooler._balance:variance is 8.340457746697876e-06
INFO:cooler._balance:chr14
INFO:cooler._balance:variance is 1408.1097590465026
INFO:cooler._balance:variance is 390.21063286458144
INFO:cooler._balance:variance is 81.15051777308803
INFO:cooler._balance:variance is 76.8528669674706
INFO:cooler._balance:variance is 24.408441006862077
INFO:cooler._balance:variance is 20.282342643725134
INFO:cooler._balance:variance is 7.829205077338463
INFO:cooler._balance:variance is 6.141407087115317
INFO:cooler._balance:variance is 2.669889992284858
INFO:cooler._balance:variance is 2.074866660534824
INFO:cooler._balance:variance is 0.980208866979742
INFO:cooler._balance:variance is 0.772634867185879
INFO:cooler._balance:variance is 0.3895319593098633
INFO:cooler._balance:variance is 0.31388028591920336
INFO:cooler._balance:variance is 0.16708165634297142
INFO:cooler._balance:variance is 0.13756133982815438
INFO:cooler._balance:variance is 0.0767511758446043
INFO:cooler._balance:variance is 0.06430835281252828
INFO:cooler._balance:variance is 0.03741631416751225
INFO:cooler._balance:variance is 0.03174733072574432
INFO:cooler._balance:variance is 0.019196041970163374
INFO:cooler._balance:variance is 0.016413351873395765
INFO:cooler._balance:variance is 0.010288761133721293
INFO:cooler._balance:variance is 0.008826017191346725
INFO:cooler._balance:variance is 0.005723696703525814
INFO:cooler._balance:variance is 0.004907652176338045
INFO:cooler._balance:variance is 0.003284878957376554
INFO:cooler._balance:variance is 0.002807143199275828
INFO:cooler._balance:variance is 0.0019339188796877282
INFO:cooler._balance:variance is 0.0016439269300245803
INFO:cooler._balance:variance is 0.0011620024118803498
INFO:cooler._balance:variance is 0.0009814597947286512
INFO:cooler._balance:variance is 0.0007093905530012075
INFO:cooler._balance:variance is 0.0005951122196807606
INFO:cooler._balance:variance is 0.00043838055286025713
INFO:cooler._balance:variance is 0.0003653097751204982
INFO:cooler._balance:variance is 0.0002733993411845547
INFO:cooler._balance:variance is 0.00022640973146576272
INFO:cooler._balance:variance is 0.00017167278080870013
INFO:cooler._balance:variance is 0.00014136941515552855
INFO:cooler._balance:variance is 0.00010833820907746617
INFO:cooler._balance:variance is 8.877516162819254e-05
INFO:cooler._balance:variance is 6.86200418431396e-05
INFO:cooler._balance:variance is 5.5990672488279965e-05
INFO:cooler._balance:variance is 4.3578671357039726e-05
INFO:cooler._balance:variance is 3.543023596085424e-05
INFO:cooler._balance:variance is 2.7728778039512682e-05
INFO:cooler._balance:variance is 2.2475981888594297e-05
INFO:cooler._balance:variance is 1.7668013970958702e-05
INFO:cooler._balance:variance is 1.4285146427643122e-05
INFO:cooler._balance:variance is 1.1268742588072216e-05
INFO:cooler._balance:variance is 9.092248641584158e-06
INFO:cooler._balance:chr15
INFO:cooler._balance:variance is 1172.9632720024858
INFO:cooler._balance:variance is 153.75586213080524
INFO:cooler._balance:variance is 30.512060309351657
INFO:cooler._balance:variance is 32.64291249510049
INFO:cooler._balance:variance is 10.846940046540992
INFO:cooler._balance:variance is 10.672207783270476
INFO:cooler._balance:variance is 4.434019806216717
INFO:cooler._balance:variance is 3.9021204453521823
INFO:cooler._balance:variance is 1.8726593683088821
INFO:cooler._balance:variance is 1.5135349573359174
INFO:cooler._balance:variance is 0.8007966806089588
INFO:cooler._balance:variance is 0.609118454257584
INFO:cooler._balance:variance is 0.34465219248669704
INFO:cooler._balance:variance is 0.2514058692151954
INFO:cooler._balance:variance is 0.14907369287727573
INFO:cooler._balance:variance is 0.10574442662718611
INFO:cooler._balance:variance is 0.06483162209583195
INFO:cooler._balance:variance is 0.045185658086970365
INFO:cooler._balance:variance is 0.028395168690729777
INFO:cooler._balance:variance is 0.019600937102832495
INFO:cooler._balance:variance is 0.012558294383164905
INFO:cooler._balance:variance is 0.008642256335480943
INFO:cooler._balance:variance is 0.00563019969055183
INFO:cooler._balance:variance is 0.003885333319875558
INFO:cooler._balance:variance is 0.0025723058103066976
INFO:cooler._balance:variance is 0.0017900983197513755
INFO:cooler._balance:variance is 0.0012058046680523235
INFO:cooler._balance:variance is 0.0008508818113776434
INFO:cooler._balance:variance is 0.00058454917931685
INFO:cooler._balance:variance is 0.0004203783716328666
INFO:cooler._balance:variance is 0.00029538504705165067
INFO:cooler._balance:variance is 0.0002173179186676035
INFO:cooler._balance:variance is 0.00015654032969405351
INFO:cooler._balance:variance is 0.00011802542414898486
INFO:cooler._balance:variance is 8.721416473325335e-05
INFO:cooler._balance:variance is 6.733417496969313e-05
INFO:cooler._balance:variance is 5.0974060175024994e-05
INFO:cooler._balance:variance is 4.017991404263003e-05
INFO:cooler._balance:variance is 3.1068157565086387e-05
INFO:cooler._balance:variance is 2.4898658687096916e-05
INFO:cooler._balance:variance is 1.9588170920950698e-05
INFO:cooler._balance:variance is 1.589202468965102e-05
INFO:cooler._balance:variance is 1.2671117059870003e-05
INFO:cooler._balance:variance is 1.0367941872921149e-05
INFO:cooler._balance:variance is 8.34964367806396e-06
INFO:cooler._balance:chr16
INFO:cooler._balance:variance is 1005.7697444318301
INFO:cooler._balance:variance is 100.71294568124297
INFO:cooler._balance:variance is 22.87273873068338
INFO:cooler._balance:variance is 11.694174692983356
INFO:cooler._balance:variance is 4.772387916491712
INFO:cooler._balance:variance is 2.548331495340372
INFO:cooler._balance:variance is 1.2260791586210575
INFO:cooler._balance:variance is 0.6664998573699112
INFO:cooler._balance:variance is 0.34560131131545885
INFO:cooler._balance:variance is 0.1907784828603813
INFO:cooler._balance:variance is 0.10286678252832351
INFO:cooler._balance:variance is 0.05745186158965915
INFO:cooler._balance:variance is 0.031690768271430476
INFO:cooler._balance:variance is 0.017860160605663485
INFO:cooler._balance:variance is 0.010000139405217882
INFO:cooler._balance:variance is 0.005679377470306656
INFO:cooler._balance:variance is 0.0032161045016400273
INFO:cooler._balance:variance is 0.0018401586108274636
INFO:cooler._balance:variance is 0.0010525019074043892
INFO:cooler._balance:variance is 0.0006071140952540219
INFO:cooler._balance:variance is 0.00035082297904121153
INFO:cooler._balance:variance is 0.00020433560167746817
INFO:cooler._balance:variance is 0.0001194750498100765
INFO:cooler._balance:variance is 7.044239080254517e-05
INFO:cooler._balance:variance is 4.178635238853513e-05
INFO:cooler._balance:variance is 2.5024304053038155e-05
INFO:cooler._balance:variance is 1.5113136648611754e-05
INFO:cooler._balance:variance is 9.22899037032378e-06
INFO:cooler._balance:chr17
INFO:cooler._balance:variance is 1686.23926200519
INFO:cooler._balance:variance is 120.73429436083765
INFO:cooler._balance:variance is 44.59298429227097
INFO:cooler._balance:variance is 33.36944894487009
INFO:cooler._balance:variance is 18.7373505237702
INFO:cooler._balance:variance is 13.68953658060647
INFO:cooler._balance:variance is 8.38385714914725
INFO:cooler._balance:variance is 5.939312812036591
INFO:cooler._balance:variance is 3.7916204312742168
INFO:cooler._balance:variance is 2.635931429553117
INFO:cooler._balance:variance is 1.7216048479287158
INFO:cooler._balance:variance is 1.1834799035890105
INFO:cooler._balance:variance is 0.7831719737991234
INFO:cooler._balance:variance is 0.5347539522226048
INFO:cooler._balance:variance is 0.3566250086178617
INFO:cooler._balance:variance is 0.24250833008755437
INFO:cooler._balance:variance is 0.16248340010643653
INFO:cooler._balance:variance is 0.11021082966000444
INFO:cooler._balance:variance is 0.07405383109521163
INFO:cooler._balance:variance is 0.05015040283298984
INFO:cooler._balance:variance is 0.0337574811828096
INFO:cooler._balance:variance is 0.022838113141893646
INFO:cooler._balance:variance is 0.015390153672028038
INFO:cooler._balance:variance is 0.010405257352803865
INFO:cooler._balance:variance is 0.007016916429884821
INFO:cooler._balance:variance is 0.004742140572932772
INFO:cooler._balance:variance is 0.0031993962879028697
INFO:cooler._balance:variance is 0.0021616098558377927
INFO:cooler._balance:variance is 0.0014588171516585233
INFO:cooler._balance:variance is 0.0009854438373019835
INFO:cooler._balance:variance is 0.0006651817886837868
INFO:cooler._balance:variance is 0.00044928253663080816
INFO:cooler._balance:variance is 0.00030330796904522953
INFO:cooler._balance:variance is 0.00020484648758233072
INFO:cooler._balance:variance is 0.00013830237797508033
INFO:cooler._balance:variance is 9.340095449718628e-05
INFO:cooler._balance:variance is 6.306332305173273e-05
INFO:cooler._balance:variance is 4.2587592334879324e-05
INFO:cooler._balance:variance is 2.8755759897521987e-05
INFO:cooler._balance:variance is 1.941872552887897e-05
INFO:cooler._balance:variance is 1.311213137624562e-05
INFO:cooler._balance:variance is 8.8544623394926e-06
INFO:cooler._balance:chr18
INFO:cooler._balance:variance is 1244.0522441805513
INFO:cooler._balance:variance is 83.1228911442567
INFO:cooler._balance:variance is 21.97154324958659
INFO:cooler._balance:variance is 9.312065287084044
INFO:cooler._balance:variance is 3.713217906019202
INFO:cooler._balance:variance is 1.6381056682456903
INFO:cooler._balance:variance is 0.7005107036771256
INFO:cooler._balance:variance is 0.31256960607178724
INFO:cooler._balance:variance is 0.13769167590735565
INFO:cooler._balance:variance is 0.06187880765179509
INFO:cooler._balance:variance is 0.027659644364284315
INFO:cooler._balance:variance is 0.012485313797471208
INFO:cooler._balance:variance is 0.005623618533448708
INFO:cooler._balance:variance is 0.00254543879182808
INFO:cooler._balance:variance is 0.001151265272144988
INFO:cooler._balance:variance is 0.0005220095381308316
INFO:cooler._balance:variance is 0.00023664518454479796
INFO:cooler._balance:variance is 0.00010742070150729305
INFO:cooler._balance:variance is 4.876286670767223e-05
INFO:cooler._balance:variance is 2.2151253605055408e-05
INFO:cooler._balance:variance is 1.0063455227796384e-05
INFO:cooler._balance:variance is 4.573700819360822e-06
INFO:cooler._balance:chr20
INFO:cooler._balance:variance is 1133.9021715782812
INFO:cooler._balance:variance is 57.952604900555365
INFO:cooler._balance:variance is 13.935056556465595
INFO:cooler._balance:variance is 6.669917906104035
INFO:cooler._balance:variance is 2.788432245767242
INFO:cooler._balance:variance is 1.429304062269943
INFO:cooler._balance:variance is 0.6740515140610139
INFO:cooler._balance:variance is 0.35329759605120936
INFO:cooler._balance:variance is 0.17957088714572642
INFO:cooler._balance:variance is 0.09742907780979741
INFO:cooler._balance:variance is 0.052841279894265285
INFO:cooler._balance:variance is 0.030032355786956295
INFO:cooler._balance:variance is 0.017330304232105347
INFO:cooler._balance:variance is 0.010365523421987459
INFO:cooler._balance:variance is 0.006323883634019007
INFO:cooler._balance:variance is 0.00396131262146705
INFO:cooler._balance:variance is 0.0025252308318961425
INFO:cooler._balance:variance is 0.0016386279322536123
INFO:cooler._balance:variance is 0.0010768954684682317
INFO:cooler._balance:variance is 0.0007155372207027148
INFO:cooler._balance:variance is 0.00047935357114032234
INFO:cooler._balance:variance is 0.0003231784333301933
INFO:cooler._balance:variance is 0.00021897415783517088
INFO:cooler._balance:variance is 0.00014889533257838938
INFO:cooler._balance:variance is 0.00010154121281130705
INFO:cooler._balance:variance is 6.938058525736337e-05
INFO:cooler._balance:variance is 4.748681009264545e-05
INFO:cooler._balance:variance is 3.253516189927203e-05
INFO:cooler._balance:variance is 2.2313184243273102e-05
INFO:cooler._balance:variance is 1.5311016724977787e-05
INFO:cooler._balance:variance is 1.0512255790439796e-05
INFO:cooler._balance:variance is 7.219529753183e-06
INFO:cooler._balance:chrY
INFO:cooler._balance:variance is 127.77364597839589
INFO:cooler._balance:variance is 119.51366768887077
INFO:cooler._balance:variance is 100.39304282760268
INFO:cooler._balance:variance is 173.1276973044937
INFO:cooler._balance:variance is 109.91835840628706
INFO:cooler._balance:variance is 197.36860639357434
INFO:cooler._balance:variance is 113.21845208790695
INFO:cooler._balance:variance is 198.6891550058863
INFO:cooler._balance:variance is 109.43468528744604
INFO:cooler._balance:variance is 187.66974529163573
INFO:cooler._balance:variance is 101.86670992714798
INFO:cooler._balance:variance is 172.3187031066843
INFO:cooler._balance:variance is 93.24700199052492
INFO:cooler._balance:variance is 157.03217703029256
INFO:cooler._balance:variance is 85.11379073922191
INFO:cooler._balance:variance is 143.69874042650963
INFO:cooler._balance:variance is 78.12491804818505
INFO:cooler._balance:variance is 132.8512955884823
INFO:cooler._balance:variance is 72.437501115712
INFO:cooler._balance:variance is 124.4016225168391
INFO:cooler._balance:variance is 67.96947894226314
INFO:cooler._balance:variance is 118.02996789350874
INFO:cooler._balance:variance is 64.5483843205121
INFO:cooler._balance:variance is 113.368700922205
INFO:cooler._balance:variance is 61.985952856807245
INFO:cooler._balance:variance is 110.07847254037516
INFO:cooler._balance:variance is 60.11063518275785
INFO:cooler._balance:variance is 107.87286518782994
INFO:cooler._balance:variance is 58.778410282215695
INFO:cooler._balance:variance is 106.52048456607764
INFO:cooler._balance:variance is 57.87347838622994
INFO:cooler._balance:variance is 105.8385695686688
INFO:cooler._balance:variance is 57.30492139104481
INFO:cooler._balance:variance is 105.68449517012193
INFO:cooler._balance:variance is 57.00228340935247
INFO:cooler._balance:variance is 105.94772409972738
INFO:cooler._balance:variance is 56.91134424221536
INFO:cooler._balance:variance is 106.54299138850384
INFO:cooler._balance:variance is 56.99052344875799
INFO:cooler._balance:variance is 107.40478025096844
INFO:cooler._balance:variance is 57.20797973939607
INFO:cooler._balance:variance is 108.482916425622
INFO:cooler._balance:variance is 57.53933081180688
INFO:cooler._balance:variance is 109.73907703116625
INFO:cooler._balance:variance is 57.965884284833734
INFO:cooler._balance:variance is 111.14403886576287
INFO:cooler._balance:variance is 58.473275885078515
INFO:cooler._balance:variance is 112.67552542069184
INFO:cooler._balance:variance is 59.05042749973536
INFO:cooler._balance:variance is 114.3165379960953
INFO:cooler._balance:variance is 59.688754447719745
INFO:cooler._balance:variance is 116.05407508979414
INFO:cooler._balance:variance is 60.38156554634885
INFO:cooler._balance:variance is 117.87815911880386
INFO:cooler._balance:variance is 61.12361116084564
INFO:cooler._balance:variance is 119.78110270632305
INFO:cooler._balance:variance is 61.91074389315857
INFO:cooler._balance:variance is 121.75695891681413
INFO:cooler._balance:variance is 62.73966431163222
INFO:cooler._balance:variance is 123.80111086002032
INFO:cooler._balance:variance is 63.60773042505297
INFO:cooler._balance:variance is 125.90996574108932
INFO:cooler._balance:variance is 64.51281466662482
INFO:cooler._balance:variance is 128.08072654315853
INFO:cooler._balance:variance is 65.45319615117899
INFO:cooler._balance:variance is 130.31122109457678
INFO:cooler._balance:variance is 66.42747907073765
INFO:cooler._balance:variance is 132.5997734304514
INFO:cooler._balance:variance is 67.43453046089282
INFO:cooler._balance:variance is 134.94510631224563
INFO:cooler._balance:variance is 68.47343235164655
INFO:cooler._balance:variance is 137.34626674332395
INFO:cooler._balance:variance is 69.543444640929
INFO:cooler._balance:variance is 139.80256852296048
INFO:cooler._balance:variance is 70.64397600508313
INFO:cooler._balance:variance is 142.3135474977429
INFO:cooler._balance:variance is 71.77456087511526
INFO:cooler._balance:variance is 144.87892634528652
INFO:cooler._balance:variance is 72.93484102828248
INFO:cooler._balance:variance is 147.4985865764533
INFO:cooler._balance:variance is 74.12455072331603
INFO:cooler._balance:variance is 150.17254605688876
INFO:cooler._balance:variance is 75.34350458292383
INFO:cooler._balance:variance is 152.90094079229956
INFO:cooler._balance:variance is 76.59158762770929
INFO:cooler._balance:variance is 155.68401004257672
INFO:cooler._balance:variance is 77.86874701208188
INFO:cooler._balance:variance is 158.52208406251327
INFO:cooler._balance:variance is 79.1749851201927
INFO:cooler._balance:variance is 161.4155739365045
INFO:cooler._balance:variance is 80.51035375924361
INFO:cooler._balance:variance is 164.36496309915108
INFO:cooler._balance:variance is 81.8749492464758
INFO:cooler._balance:variance is 167.37080022581364
INFO:cooler._balance:variance is 83.2689082303149
INFO:cooler._balance:variance is 170.43369324595847
INFO:cooler._balance:variance is 84.69240411953267
INFO:cooler._balance:variance is 173.55430428397605
INFO:cooler._balance:variance is 86.14564401974322
INFO:cooler._balance:variance is 176.7333453716362
INFO:cooler._balance:variance is 87.62886609614927
INFO:cooler._balance:variance is 179.97157480671353
INFO:cooler._balance:variance is 89.14233729668923
INFO:cooler._balance:variance is 183.26979405593525
INFO:cooler._balance:variance is 90.68635138167713
INFO:cooler._balance:variance is 186.6288451189215
INFO:cooler._balance:variance is 92.26122721549294
INFO:cooler._balance:variance is 190.04960828449228
INFO:cooler._balance:variance is 93.86730728342506
INFO:cooler._balance:variance is 193.5330002224477
INFO:cooler._balance:variance is 95.50495640285418
INFO:cooler._balance:variance is 197.0799723634025
INFO:cooler._balance:variance is 97.17456060289484
INFO:cooler._balance:variance is 200.69150952694588
INFO:cooler._balance:variance is 98.87652615064755
INFO:cooler._balance:variance is 204.36862876468857
INFO:cooler._balance:variance is 100.6112787055245
INFO:cooler._balance:variance is 208.11237838993708
INFO:cooler._balance:variance is 102.37926258586462
INFO:cooler._balance:variance is 211.92383717002485
INFO:cooler._balance:variance is 104.1809401343313
INFO:cooler._balance:variance is 215.80411366089035
INFO:cooler._balance:variance is 106.0167911705042
INFO:cooler._balance:variance is 219.75434566648244
INFO:cooler._balance:variance is 107.88731252068038
INFO:cooler._balance:variance is 223.77569980807056
INFO:cooler._balance:variance is 109.79301761625949
INFO:cooler._balance:variance is 227.86937119064876
INFO:cooler._balance:variance is 111.73443615324075
INFO:cooler._balance:variance is 232.0365831554076
INFO:cooler._balance:variance is 113.71211380633555
INFO:cooler._balance:variance is 236.27858710876654
INFO:cooler._balance:variance is 115.726611992042
INFO:cooler._balance:variance is 240.5966624197403
INFO:cooler._balance:variance is 117.77850767574476
INFO:cooler._balance:variance is 244.99211637852625
INFO:cooler._balance:variance is 119.86839321851625
INFO:cooler._balance:variance is 249.46628421013202
INFO:cooler._balance:variance is 121.9968762598358
INFO:cooler._balance:variance is 254.0205291376774
INFO:cooler._balance:variance is 124.16457963289822
INFO:cooler._balance:variance is 258.65624249070333
INFO:cooler._balance:variance is 126.37214130958475
INFO:cooler._balance:variance is 263.37484385441564
INFO:cooler._balance:variance is 128.62021437251667
INFO:cooler._balance:variance is 268.1777812563169
INFO:cooler._balance:variance is 130.90946701191575
INFO:cooler._balance:variance is 273.0665313871299
INFO:cooler._balance:variance is 133.24058254525877
INFO:cooler._balance:variance is 278.0425998532994
INFO:cooler._balance:variance is 135.61425945794608
INFO:cooler._balance:variance is 283.1075214587148
INFO:cooler._balance:variance is 138.0312114634062
INFO:cooler._balance:variance is 288.26286051357425
INFO:cooler._balance:variance is 140.4921675812412
INFO:cooler._balance:variance is 293.5102111685909
INFO:cooler._balance:variance is 142.9978722321684
INFO:cooler._balance:variance is 298.8511977729455
INFO:cooler._balance:variance is 145.54908534866144
INFO:cooler._balance:variance is 304.28747525461745
INFO:cooler._balance:variance is 148.14658250030948
INFO:cooler._balance:variance is 309.82072952186877
INFO:cooler._balance:variance is 150.7911550330271
INFO:cooler._balance:variance is 315.4526778848445
INFO:cooler._balance:variance is 153.4836102213445
INFO:cooler._balance:variance is 321.18506949635406
INFO:cooler._balance:variance is 156.22477143308816
INFO:cooler._balance:variance is 327.01968581105353
INFO:cooler._balance:variance is 159.0154783058489
INFO:cooler._balance:variance is 332.9583410623211
INFO:cooler._balance:variance is 161.8565869346932
INFO:cooler._balance:variance is 339.0028827562411
INFO:cooler._balance:variance is 164.7489700706416
INFO:cooler._balance:variance is 345.1551921821802
INFO:cooler._balance:variance is 167.69351732948962
INFO:cooler._balance:variance is 351.41718493951726
INFO:cooler._balance:variance is 170.69113541059917
INFO:cooler._balance:variance is 357.79081148015706
INFO:cooler._balance:variance is 173.74274832532763
INFO:cooler._balance:variance is 364.27805766651574
INFO:cooler._balance:variance is 176.84929763480972
INFO:cooler._balance:variance is 370.8809453447255
INFO:cooler._balance:variance is 180.0117426968356
INFO:cooler._balance:variance is 377.6015329328433
INFO:cooler._balance:variance is 183.23106092160663
INFO:cooler._balance:variance is 384.4419160239004
INFO:cooler._balance:variance is 186.50824803617607
INFO:cooler._balance:variance is 391.4042280036665
INFO:cooler._balance:variance is 189.84431835741452
INFO:cooler._balance:variance is 398.49064068303903
INFO:cooler._balance:variance is 193.24030507335624
INFO:cooler._balance:variance is 405.70336494499344
INFO:cooler._balance:variance is 196.69726053281357
INFO:cooler._balance:variance is 413.04465140606794
INFO:cooler._balance:variance is 200.21625654315838
INFO:cooler._balance:variance is 420.51679109238097
INFO:cooler._balance:variance is 203.79838467619686
INFO:cooler._balance:variance is 428.1221161301993
INFO:cooler._balance:variance is 207.4447565820743
INFO:cooler._balance:variance is 435.8630004511007
INFO:cooler._balance:variance is 211.15650431116327
INFO:cooler._balance:variance is 443.74186051179584
INFO:cooler._balance:variance is 214.93478064390828
INFO:cooler._balance:variance is 451.76115602869316
INFO:cooler._balance:variance is 218.78075942860642
INFO:cooler._balance:variance is 459.92339072730385
INFO:cooler._balance:variance is 222.69563592711842
INFO:cooler._balance:variance is 468.23111310660784
INFO:cooler._balance:variance is 226.68062716851986
INFO:cooler._balance:variance is 476.6869172185077
INFO:cooler._balance:variance is 230.7369723107054
INFO:cooler._balance:variance is 485.2934434625196
INFO:cooler._balance:variance is 234.86593300997643
INFO:cooler._balance:variance is 494.0533793958635
INFO:cooler._balance:variance is 239.06879379864506
INFO:cooler._balance:variance is 502.96946055911445
INFO:cooler._balance:variance is 243.3468624707033
INFO:cooler._balance:variance is 512.0444713176114
INFO:cooler._balance:variance is 247.7014704756065
INFO:cooler._balance:variance is 521.2812457188053
INFO:cooler._balance:variance is 252.13397332023416
INFO:cooler._balance:variance is 530.6826683657684
INFO:cooler._balance:variance is 256.64575097909545
INFO:cooler._balance:variance is 540.2516753070588
INFO:cooler._balance:variance is 261.2382083128559
INFO:cooler._balance:variance is 549.9912549431916
INFO:cooler._balance:variance is 265.9127754952628
INFO:cooler._balance:variance is 559.9044489499266
INFO:cooler._balance:variance is 270.6709084485622
INFO:cooler._balance:variance is 569.9943532186367
INFO:cooler._balance:variance is 275.51408928749794
INFO:cooler._balance:variance is 580.2641188140009
INFO:cooler._balance:variance is 280.4438267719935
INFO:cooler._balance:variance is 590.7169529492805
INFO:cooler._balance:variance is 285.46165676862006
INFO:cooler._balance:variance is 601.3561199794622
INFO:cooler._balance:variance is 290.5691427209647
INFO:cooler._balance:variance is 612.184942412527
INFO:cooler._balance:variance is 295.7678761290102
INFO:cooler._balance:variance is 623.206801939153
INFO:cooler._balance:variance is 301.05947703764866
INFO:cooler._balance:variance is 634.4251404811278
INFO:cooler._balance:variance is 306.445594534457
INFO:cooler._balance:variance is 645.8434612587881
INFO:cooler._balance:variance is 311.92790725685904
INFO:cooler._balance:variance is 657.4653298777796
INFO:cooler._balance:variance is 317.5081239088124
INFO:cooler._balance:variance is 669.2943754354814
INFO:cooler._balance:variance is 323.187983787161
INFO:cooler._balance:variance is 681.3342916473836
INFO:cooler._balance:variance is 328.9692573177925
INFO:cooler._balance:variance is 693.5888379937924
INFO:cooler._balance:variance is 334.8537466017535
INFO:cooler._balance:variance is 706.0618408871717
INFO:cooler._balance:variance is 340.8432859714723
INFO:cooler._balance:variance is 718.7571948604842
INFO:cooler._balance:variance is 346.9397425572455
INFO:cooler._balance:variance is 731.6788637768824
INFO:cooler._balance:variance is 353.1450168641524
INFO:cooler._balance:variance is 744.8308820611242
INFO:cooler._balance:variance is 359.4610433595615
INFO:cooler._balance:variance is 758.2173559530687
INFO:cooler._balance:variance is 365.8897910713964
INFO:cooler._balance:variance is 771.8424647836392
INFO:cooler._balance:variance is 372.43326419733717
INFO:cooler._balance:variance is 785.7104622736479
INFO:cooler._balance:variance is 379.0935027251384
INFO:cooler._balance:variance is 799.8256778558639
INFO:cooler._balance:variance is 385.87258306423473
INFO:cooler._balance:variance is 814.1925180207276
INFO:cooler._balance:variance is 392.7726186888364
INFO:cooler._balance:variance is 828.8154676861445
INFO:cooler._balance:variance is 399.79576079269407
INFO:cooler._balance:variance is 843.6990915917403
INFO:cooler._balance:variance is 406.9441989557245
INFO:cooler._balance:variance is 858.8480357180315
INFO:cooler._balance:variance is 414.22016182271403
INFO:cooler._balance:variance is 874.2670287309503
INFO:cooler._balance:variance is 421.6259177942819
INFO:cooler._balance:variance is 889.960883452133
INFO:cooler._balance:variance is 429.16377573032344
INFO:cooler._balance:variance is 905.9344983554622
INFO:cooler._balance:variance is 436.8360856661416
INFO:cooler._balance:variance is 922.1928590903022
INFO:cooler._balance:variance is 444.6452395414875
INFO:cooler._balance:variance is 938.7410400319047
INFO:cooler._balance:variance is 452.5936719427204
INFO:cooler._balance:variance is 955.5842058594525
INFO:cooler._balance:variance is 460.683860858322
INFO:cooler._balance:variance is 972.7276131622425
INFO:cooler._balance:variance is 468.91832844799313
INFO:cooler._balance:variance is 990.1766120744863
INFO:cooler._balance:variance is 477.2996418255592
INFO:cooler._balance:variance is 1007.9366479392545
INFO:cooler._balance:variance is 485.8304138559368
INFO:cooler._balance:variance is 1026.0132630020491
INFO:cooler._balance:variance is 494.513303966386
INFO:cooler._balance:variance is 1044.412098134564
INFO:cooler._balance:variance is 503.3510189723206
INFO:cooler._balance:variance is 1063.1388945891335
INFO:cooler._balance:variance is 512.3463139179058
INFO:cooler._balance:variance is 1082.1994957844356
INFO:cooler._balance:variance is 521.501992931714
INFO:cooler._balance:variance is 1101.5998491229807
INFO:cooler._balance:variance is 530.8209100976982
INFO:cooler._balance:variance is 1121.3460078409694
INFO:cooler._balance:variance is 540.3059703417513
INFO:cooler._balance:variance is 1141.4441328910866
INFO:cooler._balance:variance is 549.9601303341237
INFO:cooler._balance:variance is 1161.900494858799
INFO:cooler._balance:variance is 559.7863994079686
INFO:cooler._balance:variance is 1182.721475912767
INFO:cooler._balance:variance is 569.7878404943185
INFO:cooler._balance:variance is 1203.9135717899815
INFO:cooler._balance:variance is 579.967571073752
INFO:cooler._balance:variance is 1225.4833938162105
INFO:cooler._balance:variance is 590.3287641450747
INFO:cooler._balance:variance is 1247.4376709624314
INFO:cooler._balance:variance is 600.8746492112872
INFO:cooler._balance:variance is 1269.7832519378187
INFO:cooler._balance:variance is 611.608513283161
INFO:cooler._balance:variance is 1292.5271073200072
INFO:cooler._balance:variance is 622.5337019007205
INFO:cooler._balance:variance is 1315.6763317232362
INFO:cooler._balance:variance is 633.6536201729598
INFO:cooler._balance:variance is 1339.2381460050913
INFO:cooler._balance:variance is 644.9717338361048
INFO:cooler._balance:variance is 1363.2198995124957
INFO:cooler._balance:variance is 656.4915703307508
INFO:cooler._balance:variance is 1387.6290723676498
INFO:cooler._balance:variance is 668.2167198982073
INFO:cooler._balance:variance is 1412.4732777946592
INFO:cooler._balance:variance is 680.1508366963951
INFO:cooler._balance:variance is 1437.760264487542
INFO:cooler._balance:variance is 692.2976399356381
INFO:cooler._balance:variance is 1463.497919020359
INFO:cooler._balance:variance is 704.6609150346901
INFO:cooler._balance:variance is 1489.6942683002158
INFO:cooler._balance:variance is 717.2445147973746
INFO:cooler._balance:variance is 1516.3574820639108
INFO:cooler._balance:variance is 730.0523606101898
INFO:cooler._balance:variance is 1543.4958754189793
INFO:cooler._balance:variance is 743.0884436612462
INFO:cooler._balance:variance is 1571.117911429948
INFO:cooler._balance:variance is 756.3568261809304
INFO:cooler._balance:variance is 1599.2322037505805
INFO:cooler._balance:variance is 769.8616427046567
INFO:cooler._balance:variance is 1627.8475193029528
INFO:cooler._balance:variance is 783.6071013581192
INFO:cooler._balance:variance is 1656.9727810041707
INFO:cooler._balance:variance is 797.5974851654322
INFO:cooler._balance:variance is 1686.6170705415893
INFO:cooler._balance:variance is 811.8371533805628
INFO:cooler._balance:variance is 1716.7896311973968
INFO:cooler._balance:variance is 826.3305428424777
INFO:cooler._balance:variance is 1747.4998707234327
INFO:cooler._balance:variance is 841.0821693544126
INFO:cooler._balance:variance is 1778.757364267121
INFO:cooler._balance:variance is 856.0966290876999
INFO:cooler._balance:variance is 1810.571857349481
INFO:cooler._balance:variance is 871.3786000105924
INFO:cooler._balance:variance is 1842.9532688960535
INFO:cooler._balance:variance is 886.9328433425164
INFO:cooler._balance:variance is 1875.9116943217682
INFO:cooler._balance:variance is 902.764205034213
INFO:cooler._balance:variance is 1909.4574086706664
INFO:cooler._balance:variance is 918.8776172742273
INFO:cooler._balance:variance is 1943.6008698114456
INFO:cooler._balance:variance is 935.2781000222043
INFO:cooler._balance:variance is 1978.3527216898642
INFO:cooler._balance:variance is 951.9707625694851
INFO:cooler._balance:variance is 2013.7237976389656
INFO:cooler._balance:variance is 968.9608051274591
INFO:cooler._balance:variance is 2049.7251237481796
INFO:cooler._balance:variance is 986.2535204441996
INFO:cooler._balance:variance is 2086.3679222923492
INFO:cooler._balance:variance is 1003.8542954498587
INFO:cooler._balance:variance is 2123.6636152217184
INFO:cooler._balance:variance is 1021.7686129313367
INFO:cooler._balance:variance is 2161.6238277140096
INFO:cooler._balance:variance is 1040.002053236759
INFO:cooler._balance:variance is 2200.260391789662
INFO:cooler._balance:variance is 1058.5602960102765
INFO:cooler._balance:variance is 2239.5853499913505
INFO:cooler._balance:variance is 1077.4491219577274
INFO:cooler._balance:variance is 2279.6109591289596
INFO:cooler._balance:variance is 1096.674414643724
INFO:cooler._balance:variance is 2320.349694091152
INFO:cooler._balance:variance is 1116.2421623206978
INFO:cooler._balance:variance is 2361.8142517246993
INFO:cooler._balance:variance is 1136.1584597904996
INFO:cooler._balance:variance is 2404.0175547828435
INFO:cooler._balance:variance is 1156.4295102991052
INFO:cooler._balance:variance is 2446.9727559438347
INFO:cooler._balance:variance is 1177.0616274650342
INFO:cooler._balance:variance is 2490.69324190094
INFO:cooler._balance:variance is 1198.0612372420694
INFO:cooler._balance:variance is 2535.192637525214
INFO:cooler._balance:variance is 1219.4348799168984
INFO:cooler._balance:variance is 2580.4848101022544
INFO:cooler._balance:variance is 1241.189212142279
INFO:cooler._balance:variance is 2626.58387364433
INFO:cooler._balance:variance is 1263.331009006381
INFO:cooler._balance:variance is 2673.5041932792055
INFO:cooler._balance:variance is 1285.8671661389367
INFO:cooler._balance:variance is 2721.2603897169674
INFO:cooler._balance:variance is 1308.8047018548411
INFO:cooler._balance:variance is 2769.8673437963084
INFO:cooler._balance:variance is 1332.150759335894
INFO:cooler._balance:variance is 2819.3402011116814
INFO:cooler._balance:variance is 1355.9126088513497
INFO:cooler._balance:variance is 2869.6943767227017
INFO:cooler._balance:variance is 1380.0976500179486
INFO:cooler._balance:variance is 2920.9455599473076
INFO:cooler._balance:variance is 1404.7134141001595
INFO:cooler._balance:variance is 2973.1097192401858
INFO:cooler._balance:variance is 1429.7675663513357
INFO:cooler._balance:variance is 3026.2031071578836
INFO:cooler._balance:variance is 1455.2679083964817
INFO:cooler._balance:variance is 3080.242265412302
INFO:cooler._balance:variance is 1481.2223806574534
INFO:cooler._balance:variance is 3135.244030013973
INFO:cooler._balance:variance is 1507.6390648212298
INFO:cooler._balance:variance is 3191.2255365068468
INFO:cooler._balance:variance is 1534.5261863521314
INFO:cooler._balance:variance is 3248.204225296167
INFO:cooler._balance:variance is 1561.8921170486856
INFO:cooler._balance:variance is 3306.197847071045
INFO:cooler._balance:variance is 1589.7453776459872
INFO:cooler._balance:variance is 3365.224468323532
INFO:cooler._balance:variance is 1618.0946404643298
INFO:cooler._balance:variance is 3425.3024769657773
INFO:cooler._balance:variance is 1646.9487321049444
INFO:cooler._balance:variance is 3486.4505880470965
INFO:cooler._balance:variance is 1676.3166361936655
INFO:cooler._balance:variance is 3548.6878495726996
INFO:cooler._balance:variance is 1706.2074961734313
INFO:cooler._balance:variance is 3612.0336484259074
INFO:cooler._balance:variance is 1736.630618146389
INFO:cooler._balance:variance is 3676.507716395638
INFO:cooler._balance:variance is 1767.5954737665872
INFO:cooler._balance:variance is 3742.1301363111284
INFO:cooler._balance:variance is 1799.111703184089
INFO:cooler._balance:variance is 3808.921348285701
INFO:cooler._balance:variance is 1831.1891180414568
INFO:cooler._balance:variance is 3876.9021560716137
INFO:cooler._balance:variance is 1863.8377045235072
INFO:cooler._balance:variance is 3946.093733527829
INFO:cooler._balance:variance is 1897.0676264613091
INFO:cooler._balance:variance is 4016.51763120289
INFO:cooler._balance:variance is 1930.8892284913857
INFO:cooler._balance:variance is 4088.1957830347847
INFO:cooler._balance:variance is 1965.3130392710846
INFO:cooler._balance:variance is 4161.150513169985
INFO:cooler._balance:variance is 2000.3497747511358
INFO:cooler._balance:variance is 4235.404542903745
INFO:cooler._balance:variance is 2036.0103415064
INFO:cooler._balance:variance is 4310.980997743769
INFO:cooler._balance:variance is 2072.3058401258486
INFO:cooler._balance:variance is 4387.903414599543
INFO:cooler._balance:variance is 2109.2475686628277
INFO:cooler._balance:variance is 4466.195749099481
INFO:cooler._balance:variance is 2146.8470261466687
INFO:cooler._balance:variance is 4545.882383038192
INFO:cooler._balance:variance is 2185.1159161567525
INFO:cooler._balance:variance is 4626.98813195615
INFO:cooler._balance:variance is 2224.066150460126
INFO:cooler._balance:variance is 4709.538252854174
INFO:cooler._balance:variance is 2263.7098527137928
INFO:cooler._balance:variance is 4793.5584520450975
INFO:cooler._balance:variance is 2304.0593622328656
INFO:cooler._balance:variance is 4879.074893145008
INFO:cooler._balance:variance is 2345.1272378256826
INFO:cooler._balance:variance is 4966.1142052066325
INFO:cooler._balance:variance is 2386.926261697165
INFO:cooler._balance:variance is 5054.70349099732
INFO:cooler._balance:variance is 2429.469443421543
INFO:cooler._balance:variance is 5144.870335424257
INFO:cooler._balance:variance is 2472.7700239857645
INFO:cooler._balance:variance is 5236.642814109442
INFO:cooler._balance:variance is 2516.8414799047578
INFO:cooler._balance:variance is 5330.049502117192
INFO:cooler._balance:variance is 2561.6975274099027
INFO:cooler._balance:variance is 5425.119482836819
INFO:cooler._balance:variance is 2607.3521267119772
INFO:cooler._balance:variance is 5521.882357023249
INFO:cooler._balance:variance is 2653.8194863398903
INFO:cooler._balance:variance is 5620.368251998426
INFO:cooler._balance:variance is 2701.1140675565653
INFO:cooler._balance:variance is 5720.6078310162475
INFO:cooler._balance:variance is 2749.250588853362
INFO:cooler._balance:variance is 5822.6323027941635
INFO:cooler._balance:variance is 2798.2440305244004
INFO:cooler._balance:variance is 5926.473431214152
INFO:cooler._balance:variance is 2848.1096393222188
INFO:cooler._balance:variance is 6032.163545196196
INFO:cooler._balance:variance is 2898.8629331962297
INFO:cooler._balance:variance is 6139.735548747419
INFO:cooler._balance:variance is 2950.51970611542
INFO:cooler._balance:variance is 6249.222931189797
INFO:cooler._balance:chr19
INFO:cooler._balance:variance is 1499.8503890058428
INFO:cooler._balance:variance is 198.35559198522066
INFO:cooler._balance:variance is 70.94923538386577
INFO:cooler._balance:variance is 42.17218165049717
INFO:cooler._balance:variance is 19.37485734810043
INFO:cooler._balance:variance is 11.577490146221825
INFO:cooler._balance:variance is 5.895714064093761
INFO:cooler._balance:variance is 3.5259848838931815
INFO:cooler._balance:variance is 1.9326600618001821
INFO:cooler._balance:variance is 1.16475629215742
INFO:cooler._balance:variance is 0.671266285083596
INFO:cooler._balance:variance is 0.4085680903333805
INFO:cooler._balance:variance is 0.24323606067099884
INFO:cooler._balance:variance is 0.14936809909990617
INFO:cooler._balance:variance is 0.09074468118586587
INFO:cooler._balance:variance is 0.056105187765156835
INFO:cooler._balance:variance is 0.03450896746094848
INFO:cooler._balance:variance is 0.02143782719812782
INFO:cooler._balance:variance is 0.013284370921854397
INFO:cooler._balance:variance is 0.008278766179904154
INFO:cooler._balance:variance is 0.005153017504251827
INFO:cooler._balance:variance is 0.0032179188132852375
INFO:cooler._balance:variance is 0.002008305851897381
INFO:cooler._balance:variance is 0.0012557621609178887
INFO:cooler._balance:variance is 0.0007849772227265812
INFO:cooler._balance:variance is 0.000491234364565228
INFO:cooler._balance:variance is 0.0003073664192811017
INFO:cooler._balance:variance is 0.00019244605639388593
INFO:cooler._balance:variance is 0.00012048391714355081
INFO:cooler._balance:variance is 7.54603733729684e-05
INFO:cooler._balance:variance is 4.725981031198072e-05
INFO:cooler._balance:variance is 2.960512874798316e-05
INFO:cooler._balance:variance is 1.8545264029319176e-05
INFO:cooler._balance:variance is 1.1618784687854708e-05
INFO:cooler._balance:variance is 7.279198381756399e-06
INFO:cooler._balance:chr22
INFO:cooler._balance:variance is 1545.5247294856572
INFO:cooler._balance:variance is 955.6507099871062
INFO:cooler._balance:variance is 323.2775981953867
INFO:cooler._balance:variance is 611.0901505983296
INFO:cooler._balance:variance is 266.78040400374135
INFO:cooler._balance:variance is 441.80887675458956
INFO:cooler._balance:variance is 214.1341276407781
INFO:cooler._balance:variance is 316.98660485150083
INFO:cooler._balance:variance is 166.47345258852624
INFO:cooler._balance:variance is 224.1926002873184
INFO:cooler._balance:variance is 126.14678102168095
INFO:cooler._balance:variance is 156.88498073531375
INFO:cooler._balance:variance is 93.72936798913415
INFO:cooler._balance:variance is 109.04683444094381
INFO:cooler._balance:variance is 68.61332917999387
INFO:cooler._balance:variance is 75.50169841257528
INFO:cooler._balance:variance is 49.66456662621928
INFO:cooler._balance:variance is 52.17229914109354
INFO:cooler._balance:variance is 35.642613894723794
INFO:cooler._balance:variance is 36.02379265222016
INFO:cooler._balance:variance is 25.413140608372426
INFO:cooler._balance:variance is 24.87290577883119
INFO:cooler._balance:variance is 18.02901183813503
INFO:cooler._balance:variance is 17.180551202951392
INFO:cooler._balance:variance is 12.741035936992509
INFO:cooler._balance:variance is 11.874608440854436
INFO:cooler._balance:variance is 8.976969548569915
INFO:cooler._balance:variance is 8.213264686824955
INFO:cooler._balance:variance is 6.310009939760603
INFO:cooler._balance:variance is 5.685062370099752
INFO:cooler._balance:variance is 4.42712681660718
INFO:cooler._balance:variance is 3.9379123440737906
INFO:cooler._balance:variance is 3.1015019015133922
INFO:cooler._balance:variance is 2.7295167938327634
INFO:cooler._balance:variance is 2.1702484626818674
INFO:cooler._balance:variance is 1.8930702796425518
INFO:cooler._balance:variance is 1.517172837044365
INFO:cooler._balance:variance is 1.3136500258467763
INFO:cooler._balance:variance is 1.0598104884908348
INFO:cooler._balance:variance is 0.9120022205682016
INFO:cooler._balance:variance is 0.7398637824401039
INFO:cooler._balance:variance is 0.6334151888562034
INFO:cooler._balance:variance is 0.5162449427028265
INFO:cooler._balance:variance is 0.4400812774865039
INFO:cooler._balance:variance is 0.3600646505387067
INFO:cooler._balance:variance is 0.3058491409438252
INFO:cooler._balance:variance is 0.2510487995118242
INFO:cooler._balance:variance is 0.21261423223169415
INFO:cooler._balance:variance is 0.17499070915610196
INFO:cooler._balance:variance is 0.14783298151596802
INFO:cooler._balance:variance is 0.12194733394726351
INFO:cooler._balance:variance is 0.10280868674054146
INFO:cooler._balance:variance is 0.08496645252873897
INFO:cooler._balance:variance is 0.07150811957047298
INFO:cooler._balance:variance is 0.05919087363201296
INFO:cooler._balance:variance is 0.04974362082838152
INFO:cooler._balance:variance is 0.04122928333152694
INFO:cooler._balance:variance is 0.03460723743555189
INFO:cooler._balance:variance is 0.028715091895028334
INFO:cooler._balance:variance is 0.024078884323277726
INFO:cooler._balance:variance is 0.019997511557344607
INFO:cooler._balance:variance is 0.01675480000237664
INFO:cooler._balance:variance is 0.01392546089475868
INFO:cooler._balance:variance is 0.011659238258233595
INFO:cooler._balance:variance is 0.00969653343417702
INFO:cooler._balance:variance is 0.008113805425172921
INFO:cooler._balance:variance is 0.006751514653693904
INFO:cooler._balance:variance is 0.005646751199186696
INFO:cooler._balance:variance is 0.004700753221732475
INFO:cooler._balance:variance is 0.0039299692775977765
INFO:cooler._balance:variance is 0.003272791271262446
INFO:cooler._balance:variance is 0.002735227172839999
INFO:cooler._balance:variance is 0.00227853841215639
INFO:cooler._balance:variance is 0.001903746583391965
INFO:cooler._balance:variance is 0.0015862941766124447
INFO:cooler._balance:variance is 0.0013250567239990083
INFO:cooler._balance:variance is 0.0011043385028233182
INFO:cooler._balance:variance is 0.0009222906840716277
INFO:cooler._balance:variance is 0.0007687998469526168
INFO:cooler._balance:variance is 0.0006419598550464833
INFO:cooler._balance:variance is 0.0005352025640898129
INFO:cooler._balance:variance is 0.0004468415100488279
INFO:cooler._balance:variance is 0.00037257862278084944
INFO:cooler._balance:variance is 0.0003110311027968675
INFO:cooler._balance:variance is 0.00025936620460385753
INFO:cooler._balance:variance is 0.0002165000631529864
INFO:cooler._balance:variance is 0.00018055322923798075
INFO:cooler._balance:variance is 0.00015070077583444525
INFO:cooler._balance:variance is 0.00012568809611392
INFO:cooler._balance:variance is 0.00010490004261347998
INFO:cooler._balance:variance is 8.74944579207899e-05
INFO:cooler._balance:variance is 7.301937437954604e-05
INFO:cooler._balance:variance is 6.090667127692163e-05
INFO:cooler._balance:variance is 5.0827932240606094e-05
INFO:cooler._balance:variance is 4.2398203213461564e-05
INFO:cooler._balance:variance is 3.538085759255356e-05
INFO:cooler._balance:variance is 2.9514035426521575e-05
INFO:cooler._balance:variance is 2.462836526804532e-05
INFO:cooler._balance:variance is 2.054511283717805e-05
INFO:cooler._balance:variance is 1.7143674640456345e-05
INFO:cooler._balance:variance is 1.4301693344844824e-05
INFO:cooler._balance:variance is 1.193364633584477e-05
INFO:cooler._balance:variance is 9.95555678005613e-06
INFO:cooler._balance:chr21
INFO:cooler._balance:variance is 914.2194501000084
INFO:cooler._balance:variance is 356.63244105036233
INFO:cooler._balance:variance is 61.90094109410769
INFO:cooler._balance:variance is 109.78053543455401
INFO:cooler._balance:variance is 24.17834180345833
INFO:cooler._balance:variance is 46.235467707409036
INFO:cooler._balance:variance is 11.903307347566686
INFO:cooler._balance:variance is 22.264448820750903
INFO:cooler._balance:variance is 6.715482849649793
INFO:cooler._balance:variance is 11.669866542587666
INFO:cooler._balance:variance is 4.081612163570502
INFO:cooler._balance:variance is 6.490872592379619
INFO:cooler._balance:variance is 2.5827338335065417
INFO:cooler._balance:variance is 3.7732895515750253
INFO:cooler._balance:variance is 1.6733365358912076
INFO:cooler._balance:variance is 2.27091759556313
INFO:cooler._balance:variance is 1.1014675047255438
INFO:cooler._balance:variance is 1.4066361980186974
INFO:cooler._balance:variance is 0.7341299512017466
INFO:cooler._balance:variance is 0.8935604319225189
INFO:cooler._balance:variance is 0.4948991536553496
INFO:cooler._balance:variance is 0.5810417571932474
INFO:cooler._balance:variance is 0.3375443282132811
INFO:cooler._balance:variance is 0.386481474124423
INFO:cooler._balance:variance is 0.2332090862465968
INFO:cooler._balance:variance is 0.2629987865573491
INFO:cooler._balance:variance is 0.16352164059755397
INFO:cooler._balance:variance is 0.18322592031416937
INFO:cooler._balance:variance is 0.11663199823025906
INFO:cooler._balance:variance is 0.13080974639177004
INFO:cooler._balance:variance is 0.0848280751334693
INFO:cooler._balance:variance is 0.09578521401458036
INFO:cooler._balance:variance is 0.06305819288487798
INFO:cooler._balance:variance is 0.07197699475789864
INFO:cooler._balance:variance is 0.047996760553186635
INFO:cooler._balance:variance is 0.05550155126687274
INFO:cooler._balance:variance is 0.037445315435722805
INFO:cooler._balance:variance is 0.04388426093445267
INFO:cooler._balance:variance is 0.029944920329926832
INFO:cooler._balance:variance is 0.035529122993531684
INFO:cooler._balance:variance is 0.024523676670857017
INFO:cooler._balance:variance is 0.029395017656250393
INFO:cooler._balance:variance is 0.020531469776657908
INFO:cooler._balance:variance is 0.024795250680109304
INFO:cooler._balance:variance is 0.017531419744374523
INFO:cooler._balance:variance is 0.021271884361656813
INFO:cooler._balance:variance is 0.01522837373228974
INFO:cooler._balance:variance is 0.018516079201076813
INFO:cooler._balance:variance is 0.013421680750324598
INFO:cooler._balance:variance is 0.016317095059337604
INFO:cooler._balance:variance is 0.01197392862288278
INFO:cooler._balance:variance is 0.014529340516152532
INFO:cooler._balance:variance is 0.01079019759584438
INFO:cooler._balance:variance is 0.013050899834099888
INFO:cooler._balance:variance is 0.009804256941890533
INFO:cooler._balance:variance is 0.011809424014785203
INFO:cooler._balance:variance is 0.008969354320745153
INFO:cooler._balance:variance is 0.010752785371550428
INFO:cooler._balance:variance is 0.008252049400713222
INFO:cooler._balance:variance is 0.009842837020564429
INFO:cooler._balance:variance is 0.007628069763755935
INFO:cooler._balance:variance is 0.009051210995598908
INFO:cooler._balance:variance is 0.007079513474855243
INFO:cooler._balance:variance is 0.008356464426228453
INFO:cooler._balance:variance is 0.006592950887647845
INFO:cooler._balance:variance is 0.007742123474245569
INFO:cooler._balance:variance is 0.006158128815404529
INFO:cooler._balance:variance is 0.007195329465119978
INFO:cooler._balance:variance is 0.0057670796775797515
INFO:cooler._balance:variance is 0.00670589198350191
INFO:cooler._balance:variance is 0.005413504066628639
INFO:cooler._balance:variance is 0.006265619162064673
INFO:cooler._balance:variance is 0.005092338820954978
INFO:cooler._balance:variance is 0.005867838355099097
INFO:cooler._balance:variance is 0.004799451673053282
INFO:cooler._balance:variance is 0.00550704874648416
INFO:cooler._balance:variance is 0.00453142283039318
INFO:cooler._balance:variance is 0.005178666266090949
INFO:cooler._balance:variance is 0.004285386713259442
INFO:cooler._balance:variance is 0.004878833755525095
INFO:cooler._balance:variance is 0.004058915679440485
INFO:cooler._balance:variance is 0.0046042777622945
INFO:cooler._balance:variance is 0.003849933338841355
INFO:cooler._balance:variance is 0.0043521990416740845
INFO:cooler._balance:variance is 0.0036566489474526382
INFO:cooler._balance:variance is 0.004120187720681286
INFO:cooler._balance:variance is 0.0034775069966444866
INFO:cooler._balance:variance is 0.003906156730864981
INFO:cooler._balance:variance is 0.003311147896906858
INFO:cooler._balance:variance is 0.0037082889451343407
INFO:cooler._balance:variance is 0.003156376872016648
INFO:cooler._balance:variance is 0.0035249947243064894
INFO:cooler._balance:variance is 0.0030121390149454247
INFO:cooler._balance:variance is 0.003354877469174079
INFO:cooler._balance:variance is 0.0028774990341166556
INFO:cooler._balance:variance is 0.003196705403149959
INFO:cooler._balance:variance is 0.0027516246206275405
INFO:cooler._balance:variance is 0.0030493882596483854
INFO:cooler._balance:variance is 0.0026337726493849438
INFO:cooler._balance:variance is 0.0029119578721255356
INFO:cooler._balance:variance is 0.002523277627270218
INFO:cooler._balance:variance is 0.0027835519005694693
INFO:cooler._balance:variance is 0.002419541944827997
INFO:cooler._balance:variance is 0.0026634001019336224
INFO:cooler._balance:variance is 0.002322027591832274
INFO:cooler._balance:variance is 0.002550812681350148
INFO:cooler._balance:variance is 0.00223024907320141
INFO:cooler._balance:variance is 0.0024451703583366754
INFO:cooler._balance:variance is 0.002143767318216389
INFO:cooler._balance:variance is 0.002345915856333123
INFO:cooler._balance:variance is 0.0020621844184375245
INFO:cooler._balance:variance is 0.0022525465809282615
INFO:cooler._balance:variance is 0.001985139062010132
INFO:cooler._balance:variance is 0.0021646082964603074
INFO:cooler._balance:variance is 0.0019123025569336145
INFO:cooler._balance:variance is 0.002081689645467079
INFO:cooler._balance:variance is 0.0018433753552724583
INFO:cooler._balance:variance is 0.002003417383021638
INFO:cooler._balance:variance is 0.0017780840055933735
INFO:cooler._balance:variance is 0.0019294522200112843
INFO:cooler._balance:variance is 0.0017161784731146293
INFO:cooler._balance:variance is 0.001859485187151899
INFO:cooler._balance:variance is 0.0016574297768794642
INFO:cooler._balance:variance is 0.0017932344459193387
INFO:cooler._balance:variance is 0.0016016279012469846
INFO:cooler._balance:variance is 0.001730442484329028
INFO:cooler._balance:variance is 0.0015485799455331687
INFO:cooler._balance:variance is 0.0016708736451520397
INFO:cooler._balance:variance is 0.0014981084810298231
INFO:cooler._balance:variance is 0.0016143119421338503
INFO:cooler._balance:variance is 0.0014500500891104847
INFO:cooler._balance:variance is 0.0015605591264097566
INFO:cooler._balance:variance is 0.0014042540578768487
INFO:cooler._balance:variance is 0.0015094329708386517
INFO:cooler._balance:variance is 0.0013605812179440686
INFO:cooler._balance:variance is 0.0014607657446127382
INFO:cooler._balance:variance is 0.0013189029006171376
INFO:cooler._balance:variance is 0.0014144028543968976
INFO:cooler._balance:variance is 0.0012791000039597041
INFO:cooler._balance:variance is 0.0013702016315444367
INFO:cooler._balance:variance is 0.0012410621541702927
INFO:cooler._balance:variance is 0.0013280302477243682
INFO:cooler._balance:variance is 0.001204686951314154
INFO:cooler._balance:variance is 0.0012877667436656933
INFO:cooler._balance:variance is 0.0011698792898584781
INFO:cooler._balance:variance is 0.0012492981577450174
INFO:cooler._balance:variance is 0.0011365507456601298
INFO:cooler._balance:variance is 0.0012125197428709573
INFO:cooler._balance:variance is 0.0011046190220903218
INFO:cooler._balance:variance is 0.0011773342615997056
INFO:cooler._balance:variance is 0.0010740074488750002
INFO:cooler._balance:variance is 0.0011436513506881745
INFO:cooler._balance:variance is 0.0010446445280026934
INFO:cooler._balance:variance is 0.0011113869473870666
INFO:cooler._balance:variance is 0.0010164635217238171
INFO:cooler._balance:variance is 0.0010804627707223587
INFO:cooler._balance:variance is 0.0009894020782485224
INFO:cooler._balance:variance is 0.0010508058518322253
INFO:cooler._balance:variance is 0.000963401891258945
INFO:cooler._balance:variance is 0.0010223481081363735
INFO:cooler._balance:variance is 0.0009384083897957689
INFO:cooler._balance:variance is 0.0009950259567312893
INFO:cooler._balance:variance is 0.0009143704554670589
INFO:cooler._balance:variance is 0.000968779962941976
INFO:cooler._balance:variance is 0.0008912401642678274
INFO:cooler._balance:variance is 0.0009435545204290351
INFO:cooler._balance:variance is 0.0008689725505971493
INFO:cooler._balance:variance is 0.0009192975596589627
INFO:cooler._balance:variance is 0.0008475253913223242
INFO:cooler._balance:variance is 0.0008959602819041059
INFO:cooler._balance:variance is 0.0008268590079706832
INFO:cooler._balance:variance is 0.0008734969162524366
INFO:cooler._balance:variance is 0.0008069360853338924
INFO:cooler._balance:variance is 0.0008518644973840362
INFO:cooler._balance:variance is 0.0007877215049494401
INFO:cooler._balance:variance is 0.0008310226621130653
INFO:cooler._balance:variance is 0.0007691821920834885
INFO:cooler._balance:variance is 0.0008109334629085363
INFO:cooler._balance:variance is 0.000751286974980778
INFO:cooler._balance:variance is 0.0007915611967962785
INFO:cooler._balance:variance is 0.0007340064552722076
INFO:cooler._balance:variance is 0.0007728722482109266
INFO:cooler._balance:variance is 0.0007173128885426789
INFO:cooler._balance:variance is 0.0007548349445150123
INFO:cooler._balance:variance is 0.0007011800741601395
INFO:cooler._balance:variance is 0.0007374194230332571
INFO:cooler._balance:variance is 0.0006855832535557172
INFO:cooler._balance:variance is 0.0007205975085662171
INFO:cooler._balance:variance is 0.0006704990162233155
INFO:cooler._balance:variance is 0.0007043426004515114
INFO:cooler._balance:variance is 0.0006559052127774974
INFO:cooler._balance:variance is 0.0006886295683325527
INFO:cooler._balance:variance is 0.0006417808744714074
INFO:cooler._balance:variance is 0.0006734346558768447
INFO:cooler._balance:variance is 0.0006281061386327464
INFO:cooler._balance:variance is 0.0006587353917593406
INFO:cooler._balance:variance is 0.0006148621795265069
INFO:cooler._balance:variance is 0.0006445105072920462
INFO:cooler._balance:variance is 0.0006020311441985779
INFO:cooler._balance:variance is 0.0006307398601391825
INFO:cooler._balance:variance is 0.0005895960928946366
INFO:cooler._balance:variance is 0.0006174043636104244
INFO:cooler._balance:variance is 0.0005775409436861372
INFO:cooler._balance:variance is 0.0006044859210712607
INFO:cooler._balance:variance is 0.0005658504209676515
INFO:cooler._balance:variance is 0.0005919673650522357
INFO:cooler._balance:variance is 0.0005545100075196726
INFO:cooler._balance:variance is 0.0005798324006766745
INFO:cooler._balance:variance is 0.0005435058998582008
INFO:cooler._balance:variance is 0.0005680655530607826
INFO:cooler._balance:variance is 0.0005328249666162166
INFO:cooler._balance:variance is 0.0005566521183710216
INFO:cooler._balance:variance is 0.0005224547097246303
INFO:cooler._balance:variance is 0.0005455781182512691
INFO:cooler._balance:variance is 0.0005123832281796074
INFO:cooler._balance:variance is 0.0005348302573574391
INFO:cooler._balance:variance is 0.0005025991842016047
INFO:cooler._balance:variance is 0.0005243958837601922
INFO:cooler._balance:variance is 0.0004930917716076712
INFO:cooler._balance:variance is 0.0005142629519966574
INFO:cooler._balance:variance is 0.0004838506862332726
INFO:cooler._balance:variance is 0.0005044199885707329
INFO:cooler._balance:variance is 0.0004748660982534694
INFO:cooler._balance:variance is 0.0004948560597184837
INFO:cooler._balance:variance is 0.0004661286262655002
INFO:cooler._balance:variance is 0.0004855607412705844
INFO:cooler._balance:variance is 0.00045762931300611065
INFO:cooler._balance:variance is 0.0004765240904573371
INFO:cooler._balance:variance is 0.0004493596025868853
INFO:cooler._balance:variance is 0.0004677366195147551
INFO:cooler._balance:variance is 0.00044131131914028614
INFO:cooler._balance:variance is 0.00045918927096145844
INFO:cooler._balance:variance is 0.0004334766467774477
INFO:cooler._balance:variance is 0.0004508733944267683
INFO:cooler._balance:variance is 0.0004258481107666082
INFO:cooler._balance:variance is 0.0004427807249199449
INFO:cooler._balance:variance is 0.00041841855984810206
INFO:cooler._balance:variance is 0.00043490336243898577
INFO:cooler._balance:variance is 0.0004111811496080672
INFO:cooler._balance:variance is 0.00042723375282576045
INFO:cooler._balance:variance is 0.00040412932683947566
INFO:cooler._balance:variance is 0.00041976466978109543
INFO:cooler._balance:variance is 0.0003972568148237246
INFO:cooler._balance:variance is 0.0004124891979602602
INFO:cooler._balance:variance is 0.0003905575994717356
INFO:cooler._balance:variance is 0.00040540071707552053
INFO:cooler._balance:variance is 0.00038402591626771553
INFO:cooler._balance:variance is 0.00039849288693775395
INFO:cooler._balance:variance is 0.00037765623796276714
INFO:cooler._balance:variance is 0.0003917596333743253
INFO:cooler._balance:variance is 0.00037144326296986355
INFO:cooler._balance:variance is 0.0003851951349651273
INFO:cooler._balance:variance is 0.00036538190441470645
INFO:cooler._balance:variance is 0.0003787938105429284
INFO:cooler._balance:variance is 0.00035946727980057185
INFO:cooler._balance:variance is 0.00037255030740829926
INFO:cooler._balance:variance is 0.0003536947012482345
INFO:cooler._balance:variance is 0.0003664594902125809
INFO:cooler._balance:variance is 0.00034805966627456927
INFO:cooler._balance:variance is 0.0003605164304662794
INFO:cooler._balance:variance is 0.00034255784907631545
INFO:cooler._balance:variance is 0.0003547163966329176
INFO:cooler._balance:variance is 0.0003371850922875304
INFO:cooler._balance:variance is 0.0003490548447712582
INFO:cooler._balance:variance is 0.00033193739918165076
INFO:cooler._balance:variance is 0.0003435274096916979
INFO:cooler._balance:variance is 0.0003268109262910167
INFO:cooler._balance:variance is 0.0003381298965947539
INFO:cooler._balance:variance is 0.00032180197641845746
INFO:cooler._balance:variance is 0.0003328582731616461
INFO:cooler._balance:variance is 0.00031690699201731816
INFO:cooler._balance:variance is 0.00032770866206970203
INFO:cooler._balance:variance is 0.0003121225489181278
INFO:cooler._balance:variance is 0.00032267733390637494
INFO:cooler._balance:variance is 0.00030744535038107056
INFO:cooler._balance:variance is 0.0003177607004580241
INFO:cooler._balance:variance is 0.0003028722214552851
INFO:cooler._balance:variance is 0.0003129553083508244
INFO:cooler._balance:variance is 0.00029840010362691113
INFO:cooler._balance:variance is 0.00030825783302304316
INFO:cooler._balance:variance is 0.00029402604973927825
INFO:cooler._balance:variance is 0.00030366507300900943
INFO:cooler._balance:variance is 0.00028974721916939176
INFO:cooler._balance:variance is 0.0002991739445164936
INFO:cooler._balance:variance is 0.00028556087324620606
INFO:cooler._balance:variance is 0.00029478147628053973
INFO:cooler._balance:variance is 0.00028146437089686784
INFO:cooler._balance:variance is 0.00029048480467762746
INFO:cooler._balance:variance is 0.00027745516450804046
INFO:cooler._balance:variance is 0.0002862811690853195
INFO:cooler._balance:variance is 0.00027353079599038376
INFO:cooler._balance:variance is 0.00028216790747342274
INFO:cooler._balance:variance is 0.00026968889303473
INFO:cooler._balance:variance is 0.0002781424522134879
INFO:cooler._balance:variance is 0.00026592716554948753
INFO:cooler._balance:variance is 0.00027420232609449323
INFO:cooler._balance:variance is 0.0002622434022692828
INFO:cooler._balance:variance is 0.000270345138533121
INFO:cooler._balance:variance is 0.0002586354675255033
INFO:cooler._balance:variance is 0.00026656858196788487
INFO:cooler._balance:variance is 0.00025510129816999096
INFO:cooler._balance:variance is 0.00026287042842703117
INFO:cooler._balance:variance is 0.0002516389006436136
INFO:cooler._balance:variance is 0.0002592485262605967
INFO:cooler._balance:variance is 0.000248246348182049
INFO:cooler._balance:variance is 0.0002557007970279003
INFO:cooler._balance:variance is 0.0002449217781513901
INFO:cooler._balance:variance is 0.0002522252325318699
INFO:cooler._balance:variance is 0.00024166338950686904
INFO:cooler._balance:variance is 0.0002488198919926051
INFO:cooler._balance:variance is 0.00023846944036813394
INFO:cooler._balance:variance is 0.00024548289935246744
INFO:cooler._balance:variance is 0.00023533824570500498
INFO:cooler._balance:variance is 0.00024221244070595651
INFO:cooler._balance:variance is 0.00023226817512810092
INFO:cooler._balance:variance is 0.0002390067618478141
INFO:cooler._balance:variance is 0.0002292576507788947
INFO:cooler._balance:variance is 0.00023586416593307844
INFO:cooler._balance:variance is 0.00022630514531411854
INFO:cooler._balance:variance is 0.00023278301124338532
INFO:cooler._balance:variance is 0.00022340917997966985
INFO:cooler._balance:variance is 0.00022976170905393393
INFO:cooler._balance:variance is 0.0002205683227696155
INFO:cooler._balance:variance is 0.0002267987215961332
INFO:cooler._balance:variance is 0.0002177811866659996
INFO:cooler._balance:variance is 0.0002238925601109108
INFO:cooler._balance:variance is 0.00021504642795536802
INFO:cooler._balance:variance is 0.00022104178298814023
INFO:cooler._balance:variance is 0.00021236274461829043
INFO:cooler._balance:variance is 0.00021824499398797576
INFO:cooler._balance:variance is 0.0002097288747882477
INFO:cooler._balance:variance is 0.00021550084053978554
INFO:cooler._balance:variance is 0.00020714359527648128
INFO:cooler._balance:variance is 0.00021280801211506325
INFO:cooler._balance:variance is 0.000204605720159693
INFO:cooler._balance:variance is 0.0002101652386705537
INFO:cooler._balance:variance is 0.00020211409942737143
INFO:cooler._balance:variance is 0.0002075712891581174
INFO:cooler._balance:variance is 0.0001996676176861337
INFO:cooler._balance:variance is 0.0002050249700982002
INFO:cooler._balance:variance is 0.00019726519291811596
INFO:cooler._balance:variance is 0.0002025251242137594
INFO:cooler._balance:variance is 0.00019490577529105102
INFO:cooler._balance:variance is 0.000200070629121683
INFO:cooler._balance:variance is 0.0001925883460173684
INFO:cooler._balance:variance is 0.00019766039607907546
INFO:cooler._balance:variance is 0.0001903119162603163
INFO:cooler._balance:variance is 0.0001952933687817347
INFO:cooler._balance:variance is 0.00018807552608464645
INFO:cooler._balance:variance is 0.00019296852221235906
INFO:cooler._balance:variance is 0.00018587824344991463
INFO:cooler._balance:variance is 0.00019068486153610365
INFO:cooler._balance:variance is 0.00018371916324444595
INFO:cooler._balance:variance is 0.00018844142104137068
INFO:cooler._balance:variance is 0.0001815974063580156
INFO:cooler._balance:variance is 0.00018623726312364054
INFO:cooler._balance:variance is 0.0001795121187915894
INFO:cooler._balance:variance is 0.00018407147731042814
INFO:cooler._balance:variance is 0.00017746247080237699
INFO:cooler._balance:variance is 0.00018194317932541913
INFO:cooler._balance:variance is 0.0001754476560826354
INFO:cooler._balance:variance is 0.00017985151019006885
INFO:cooler._balance:variance is 0.0001734668909706545
INFO:cooler._balance:variance is 0.00017779563536079603
INFO:cooler._balance:variance is 0.0001715194136925494
INFO:cooler._balance:variance is 0.00017577474390043383
INFO:cooler._balance:variance is 0.00016960448363353468
INFO:cooler._balance:variance is 0.00017378804768216125
INFO:cooler._balance:variance is 0.00016772138063724337
INFO:cooler._balance:variance is 0.00017183478062456103
INFO:cooler._balance:variance is 0.00016586940433198304
INFO:cooler._balance:variance is 0.00016991419795646457
INFO:cooler._balance:variance is 0.00016404787348273133
INFO:cooler._balance:variance is 0.00016802557551013386
INFO:cooler._balance:variance is 0.00016225612536767119
INFO:cooler._balance:variance is 0.00016616820904169998
INFO:cooler._balance:variance is 0.00016049351517835738
INFO:cooler._balance:variance is 0.00016434141357755483
INFO:cooler._balance:variance is 0.0001587594154423677
INFO:cooler._balance:variance is 0.00016254452278562103
INFO:cooler._balance:variance is 0.00015705321546753142
INFO:cooler._balance:variance is 0.00016077688837036065
INFO:cooler._balance:variance is 0.0001553743208068199
INFO:cooler._balance:variance is 0.00015903787949061196
INFO:cooler._balance:variance is 0.00015372215274304043
INFO:cooler._balance:variance is 0.00015732688219916485
INFO:cooler._balance:variance is 0.00015209614779245577
INFO:cooler._balance:variance is 0.0001556432989032594
INFO:cooler._balance:variance is 0.00015049575722661114
INFO:cooler._balance:variance is 0.00015398654784497967
INFO:cooler._balance:variance is 0.00014892044661149397
INFO:cooler._balance:variance is 0.0001523560626008584
INFO:cooler._balance:variance is 0.0001473696953634524
INFO:cooler._balance:variance is 0.0001507512915998067
INFO:cooler._balance:variance is 0.0001458429963211
INFO:cooler._balance:variance is 0.00014917169765862076
INFO:cooler._balance:variance is 0.00014433985533254297
INFO:cooler._balance:variance is 0.00014761675753429687
INFO:cooler._balance:variance is 0.00014285979085733379
INFO:cooler._balance:variance is 0.00014608596149257155
INFO:cooler._balance:variance is 0.00014140233358258728
INFO:cooler._balance:variance is 0.0001445788128918873
INFO:cooler._balance:variance is 0.0001399670260525812
INFO:cooler._balance:variance is 0.00014309482778224303
INFO:cooler._balance:variance is 0.00013855342231142818
INFO:cooler._balance:variance is 0.00014163353451831964
INFO:cooler._balance:variance is 0.00013716108755823698
INFO:cooler._balance:variance is 0.00014019447338626108
INFO:cooler._balance:variance is 0.00013578959781422636
INFO:cooler._balance:variance is 0.0001387771962435885
INFO:cooler._balance:variance is 0.00013443853960140188
INFO:cooler._balance:variance is 0.00013738126617173445
INFO:cooler._balance:variance is 0.00013310750963227715
INFO:cooler._balance:variance is 0.00013600625714065855
INFO:cooler._balance:variance is 0.00013179611451024452
INFO:cooler._balance:variance is 0.00013465175368510942
INFO:cooler._balance:variance is 0.00013050397044013837
INFO:cooler._balance:variance is 0.00013331735059204225
INFO:cooler._balance:variance is 0.0001292307029486857
INFO:cooler._balance:variance is 0.00013200265259877928
INFO:cooler._balance:variance is 0.00012797594661432654
INFO:cooler._balance:variance is 0.00013070727410147582
INFO:cooler._balance:variance is 0.0001267393448061776
INFO:cooler._balance:variance is 0.00012943083887345208
INFO:cooler._balance:variance is 0.00012552054943165447
INFO:cooler._balance:variance is 0.0001281729797931294
INFO:cooler._balance:variance is 0.00012431922069261657
INFO:cooler._balance:variance is 0.00012693333858107398
INFO:cooler._balance:variance is 0.00012313502684947638
INFO:cooler._balance:variance is 0.00012571156554588996
INFO:cooler._balance:variance is 0.00012196764399318002
INFO:cooler._balance:variance is 0.00012450731933852914
INFO:cooler._balance:variance is 0.00012081675582459522
INFO:cooler._balance:variance is 0.00012332026671481823
INFO:cooler._balance:variance is 0.00011968205344119123
INFO:cooler._balance:variance is 0.00012215008230577573
INFO:cooler._balance:variance is 0.00011856323513058722
INFO:cooler._balance:variance is 0.00012099644839553251
INFO:cooler._balance:variance is 0.00011746000617085214
INFO:cooler._balance:variance is 0.00011985905470649517
INFO:cooler._balance:variance is 0.0001163720786371856
INFO:cooler._balance:variance is 0.00011873759819149653
INFO:cooler._balance:variance is 0.00011529917121483786
INFO:cooler._balance:variance is 0.00011763178283271404
INFO:cooler._balance:variance is 0.00011424100901797221
INFO:cooler._balance:variance is 0.00011654131944702063
INFO:cooler._balance:variance is 0.00011319732341433376
INFO:cooler._balance:variance is 0.00011546592549770584
INFO:cooler._balance:variance is 0.00011216785185542989
INFO:cooler._balance:variance is 0.00011440532491206828
INFO:cooler._balance:variance is 0.00011115233771207801
INFO:cooler._balance:variance is 0.00011335924790494288
INFO:cooler._balance:variance is 0.00011015053011510061
INFO:cooler._balance:variance is 0.00011232743080775069
INFO:cooler._balance:variance is 0.00010916218380102785
INFO:cooler._balance:variance is 0.00011130961590298074
INFO:cooler._balance:variance is 0.00010818705896256187
INFO:cooler._balance:variance is 0.00011030555126382674
INFO:cooler._balance:variance is 0.00010722492110368097
INFO:cooler._balance:variance is 0.00010931499059888127
INFO:cooler._balance:variance is 0.00010627554089921445
INFO:cooler._balance:variance is 0.00010833769310164914
INFO:cooler._balance:variance is 0.00010533869405874301
INFO:cooler._balance:variance is 0.00010737342330472727
INFO:cooler._balance:variance is 0.00010441416119461266
INFO:cooler._balance:variance is 0.00010642195093847521
INFO:cooler._balance:variance is 0.00010350172769402053
INFO:cooler._balance:variance is 0.00010548305079403977
INFO:cooler._balance:variance is 0.00010260118359492616
INFO:cooler._balance:variance is 0.00010455650259058018
INFO:cooler._balance:variance is 0.0001017123234657471
INFO:cooler._balance:variance is 0.00010364209084649485
INFO:cooler._balance:variance is 0.00010083494628862219
INFO:cooler._balance:variance is 0.00010273960475460905
INFO:cooler._balance:variance is 9.996885534621553e-05
INFO:cooler._balance:variance is 0.00010184883806108866
INFO:cooler._balance:variance is 9.911385811184834e-05
INFO:cooler._balance:variance is 0.0001009695889480164
INFO:cooler._balance:variance is 9.82697661429263e-05
INFO:cooler._balance:variance is 0.00010010165991949457
INFO:cooler._balance:variance is 9.743639497747493e-05
INFO:cooler._balance:variance is 9.924485769109057e-05
INFO:cooler._balance:variance is 9.661356403375738e-05
INFO:cooler._balance:variance is 9.839899308263455e-05
INFO:cooler._balance:variance is 9.58010965127911e-05
INFO:cooler._balance:variance is 9.756388091414498e-05
INFO:cooler._balance:variance is 9.499881930376647e-05
INFO:cooler._balance:variance is 9.673933990483572e-05
INFO:cooler._balance:variance is 9.420656289212808e-05
INFO:cooler._balance:variance is 9.592519257504891e-05
INFO:cooler._balance:variance is 9.34241612703987e-05
INFO:cooler._balance:variance is 9.512126515109844e-05
INFO:cooler._balance:variance is 9.265145185149939e-05
INFO:cooler._balance:variance is 9.432738747284588e-05
INFO:cooler._balance:variance is 9.188827538462099e-05
INFO:cooler._balance:variance is 9.354339290397792e-05
INFO:cooler._balance:variance is 9.113447587346284e-05
INFO:cooler._balance:variance is 9.276911824485021e-05
INFO:cooler._balance:variance is 9.038990049678909e-05
INFO:cooler._balance:variance is 9.200440364783899e-05
INFO:cooler._balance:chrM
INFO:cooler._balance:variance is 38323.66089965397
INFO:cooler._balance:variance is 5225.925067055774
INFO:cooler._balance:variance is 1202.874757451349
INFO:cooler._balance:variance is 229.78238368852905
INFO:cooler._balance:variance is 54.212869241623984
INFO:cooler._balance:variance is 12.190256795858339
INFO:cooler._balance:variance is 2.8795734884900694
INFO:cooler._balance:variance is 0.6735280414437089
INFO:cooler._balance:variance is 0.15955569378908988
INFO:cooler._balance:variance is 0.03780944882662633
INFO:cooler._balance:variance is 0.009013484902660166
INFO:cooler._balance:variance is 0.0021567637367390685
INFO:cooler._balance:variance is 0.0005189756689994415
INFO:cooler._balance:variance is 0.0001255870046973429
INFO:cooler._balance:variance is 3.0594292787491055e-05
INFO:cooler._balance:variance is 7.507306886168307e-06
ERROR:cooler.cli.balance:Iteration limit reached without convergence
ERROR:cooler.cli.balance:Storing final result. Check log to assess convergence.
