INFO:cooler.cli.zoomify:Recursively aggregating "analysis_other/porec/T2T12/cooler/T2T12_1000.cool"
INFO:cooler.cli.zoomify:Writing to "analysis_other/porec/T2T12/cooler/T2T12.mcool"
INFO:cooler._reduce:Copying base matrices and producing 5 new zoom levels.
INFO:cooler._reduce:Bin size: 1000
INFO:cooler._reduce:Aggregating from 1000 to 5000.
INFO:cooler.create:Creating cooler at "/mnt/storage3b/projects/no_ngsd/ahthapp1_T2T_ONT/analysis_other/porec/T2T12/cooler/T2T12.mcool::/resolutions/5000"
INFO:cooler.create:Writing chroms
INFO:cooler.create:Writing bins
INFO:cooler.create:Writing pixels
INFO:cooler._reduce:0 10002735
INFO:cooler._reduce:10002735 20000727
INFO:cooler._reduce:20000727 30001577
INFO:cooler._reduce:30001577 40001568
INFO:cooler._reduce:40001568 50000709
INFO:cooler._reduce:50000709 60001116
INFO:cooler._reduce:60001116 70000920
INFO:cooler._reduce:70000920 80002001
INFO:cooler._reduce:80002001 90000612
INFO:cooler._reduce:90000612 100000318
INFO:cooler._reduce:100000318 110001770
INFO:cooler._reduce:110001770 120001848
INFO:cooler._reduce:120001848 130001112
INFO:cooler._reduce:130001112 140000598
INFO:cooler._reduce:140000598 150001210
INFO:cooler._reduce:150001210 160001560
INFO:cooler._reduce:160001560 170002302
INFO:cooler._reduce:170002302 180001692
INFO:cooler._reduce:180001692 190002117
INFO:cooler._reduce:190002117 200000856
INFO:cooler._reduce:200000856 210001957
INFO:cooler._reduce:210001957 220000222
INFO:cooler._reduce:220000222 230002253
INFO:cooler._reduce:230002253 240000037
INFO:cooler._reduce:240000037 250002575
INFO:cooler._reduce:250002575 260002183
INFO:cooler._reduce:260002183 270001855
INFO:cooler._reduce:270001855 280002135
INFO:cooler._reduce:280002135 290000914
INFO:cooler._reduce:290000914 300001554
INFO:cooler._reduce:300001554 310002259
INFO:cooler._reduce:310002259 320001171
INFO:cooler._reduce:320001171 330001719
INFO:cooler._reduce:330001719 340000621
INFO:cooler._reduce:340000621 350000196
INFO:cooler._reduce:350000196 360000888
INFO:cooler._reduce:360000888 370000244
INFO:cooler._reduce:370000244 380001078
INFO:cooler._reduce:380001078 390001219
INFO:cooler._reduce:390001219 400001269
INFO:cooler._reduce:400001269 410000160
INFO:cooler._reduce:410000160 420001194
INFO:cooler._reduce:420001194 430001092
INFO:cooler._reduce:430001092 440000395
INFO:cooler._reduce:440000395 450001506
INFO:cooler._reduce:450001506 460001730
INFO:cooler._reduce:460001730 470000074
INFO:cooler._reduce:470000074 480000604
INFO:cooler._reduce:480000604 490000863
INFO:cooler._reduce:490000863 500000796
INFO:cooler._reduce:500000796 510000374
INFO:cooler._reduce:510000374 520000224
INFO:cooler._reduce:520000224 530000894
INFO:cooler._reduce:530000894 540000735
INFO:cooler._reduce:540000735 550001196
INFO:cooler._reduce:550001196 560001039
INFO:cooler._reduce:560001039 570000829
INFO:cooler._reduce:570000829 580002004
INFO:cooler._reduce:580002004 590001499
INFO:cooler._reduce:590001499 600000257
INFO:cooler._reduce:600000257 610000008
INFO:cooler._reduce:610000008 620000951
INFO:cooler._reduce:620000951 630001407
INFO:cooler._reduce:630001407 640001137
INFO:cooler._reduce:640001137 650000929
INFO:cooler._reduce:650000929 660001686
INFO:cooler._reduce:660001686 670001225
INFO:cooler._reduce:670001225 680000713
INFO:cooler._reduce:680000713 690001510
INFO:cooler._reduce:690001510 700000009
INFO:cooler._reduce:700000009 710001670
INFO:cooler._reduce:710001670 720000497
INFO:cooler._reduce:720000497 730000147
INFO:cooler._reduce:730000147 740000557
INFO:cooler._reduce:740000557 750001115
INFO:cooler._reduce:750001115 760000167
INFO:cooler._reduce:760000167 770000691
INFO:cooler._reduce:770000691 780000517
INFO:cooler._reduce:780000517 790000313
INFO:cooler._reduce:790000313 800000698
INFO:cooler._reduce:800000698 810000356
INFO:cooler._reduce:810000356 820001277
INFO:cooler._reduce:820001277 830000890
INFO:cooler._reduce:830000890 840000071
INFO:cooler._reduce:840000071 850000552
INFO:cooler._reduce:850000552 860000276
INFO:cooler._reduce:860000276 870000652
INFO:cooler._reduce:870000652 880000906
INFO:cooler._reduce:880000906 890000655
INFO:cooler._reduce:890000655 900000947
INFO:cooler._reduce:900000947 910000238
INFO:cooler._reduce:910000238 920000425
INFO:cooler._reduce:920000425 930000471
INFO:cooler._reduce:930000471 940000001
INFO:cooler._reduce:940000001 950000253
INFO:cooler._reduce:950000253 960000240
INFO:cooler._reduce:960000240 970000929
INFO:cooler._reduce:970000929 980000209
INFO:cooler._reduce:980000209 984142957
INFO:cooler.create:Writing indexes
INFO:cooler.create:Writing info
INFO:cooler._reduce:Aggregating from 5000 to 10000.
INFO:cooler.create:Creating cooler at "/mnt/storage3b/projects/no_ngsd/ahthapp1_T2T_ONT/analysis_other/porec/T2T12/cooler/T2T12.mcool::/resolutions/10000"
INFO:cooler.create:Writing chroms
INFO:cooler.create:Writing bins
INFO:cooler.create:Writing pixels
INFO:cooler._reduce:0 10004144
INFO:cooler._reduce:10004144 20002511
INFO:cooler._reduce:20002511 30003088
INFO:cooler._reduce:30003088 40003601
INFO:cooler._reduce:40003601 50002896
INFO:cooler._reduce:50002896 60000987
INFO:cooler._reduce:60000987 70003171
INFO:cooler._reduce:70003171 80002791
INFO:cooler._reduce:80002791 90000920
INFO:cooler._reduce:90000920 100003862
INFO:cooler._reduce:100003862 110002975
INFO:cooler._reduce:110002975 120005236
INFO:cooler._reduce:120005236 130004036
INFO:cooler._reduce:130004036 140002024
INFO:cooler._reduce:140002024 150002322
INFO:cooler._reduce:150002322 160002018
INFO:cooler._reduce:160002018 170003023
INFO:cooler._reduce:170003023 180000085
INFO:cooler._reduce:180000085 190000057
INFO:cooler._reduce:190000057 200001369
INFO:cooler._reduce:200001369 210002625
INFO:cooler._reduce:210002625 220002662
INFO:cooler._reduce:220002662 230002386
INFO:cooler._reduce:230002386 240004772
INFO:cooler._reduce:240004772 250000754
INFO:cooler._reduce:250000754 260003052
INFO:cooler._reduce:260003052 270004041
INFO:cooler._reduce:270004041 280001261
INFO:cooler._reduce:280001261 290001843
INFO:cooler._reduce:290001843 300001779
INFO:cooler._reduce:300001779 310003844
INFO:cooler._reduce:310003844 320000773
INFO:cooler._reduce:320000773 330000093
INFO:cooler._reduce:330000093 340003235
INFO:cooler._reduce:340003235 350000633
INFO:cooler._reduce:350000633 360000058
INFO:cooler._reduce:360000058 370001980
INFO:cooler._reduce:370001980 380003016
INFO:cooler._reduce:380003016 390001471
INFO:cooler._reduce:390001471 400001377
INFO:cooler._reduce:400001377 410000177
INFO:cooler._reduce:410000177 420000072
INFO:cooler._reduce:420000072 430002612
INFO:cooler._reduce:430002612 440002284
INFO:cooler._reduce:440002284 450001498
INFO:cooler._reduce:450001498 460002388
INFO:cooler._reduce:460002388 470003311
INFO:cooler._reduce:470003311 480001433
INFO:cooler._reduce:480001433 490001526
INFO:cooler._reduce:490001526 500001687
INFO:cooler._reduce:500001687 510000392
INFO:cooler._reduce:510000392 520003114
INFO:cooler._reduce:520003114 530000826
INFO:cooler._reduce:530000826 540000623
INFO:cooler._reduce:540000623 550000895
INFO:cooler._reduce:550000895 560001998
INFO:cooler._reduce:560001998 570003896
INFO:cooler._reduce:570003896 580001350
INFO:cooler._reduce:580001350 590002995
INFO:cooler._reduce:590002995 600000390
INFO:cooler._reduce:600000390 610001402
INFO:cooler._reduce:610001402 620001941
INFO:cooler._reduce:620001941 630001678
INFO:cooler._reduce:630001678 640002073
INFO:cooler._reduce:640002073 650000255
INFO:cooler._reduce:650000255 660000882
INFO:cooler._reduce:660000882 670001963
INFO:cooler._reduce:670001963 680000576
INFO:cooler._reduce:680000576 690001914
INFO:cooler._reduce:690001914 700000751
INFO:cooler._reduce:700000751 710002260
INFO:cooler._reduce:710002260 720001535
INFO:cooler._reduce:720001535 730000578
INFO:cooler._reduce:730000578 740000446
INFO:cooler._reduce:740000446 750001606
INFO:cooler._reduce:750001606 760001400
INFO:cooler._reduce:760001400 770000357
INFO:cooler._reduce:770000357 780001736
INFO:cooler._reduce:780001736 790001683
INFO:cooler._reduce:790001683 800001551
INFO:cooler._reduce:800001551 810000347
INFO:cooler._reduce:810000347 820000595
INFO:cooler._reduce:820000595 830001275
INFO:cooler._reduce:830001275 840000406
INFO:cooler._reduce:840000406 850000389
INFO:cooler._reduce:850000389 860000497
INFO:cooler._reduce:860000497 870000243
INFO:cooler._reduce:870000243 880000179
INFO:cooler._reduce:880000179 888721978
INFO:cooler.create:Writing indexes
INFO:cooler.create:Writing info
INFO:cooler._reduce:Aggregating from 10000 to 50000.
INFO:cooler.create:Creating cooler at "/mnt/storage3b/projects/no_ngsd/ahthapp1_T2T_ONT/analysis_other/porec/T2T12/cooler/T2T12.mcool::/resolutions/50000"
INFO:cooler.create:Writing chroms
INFO:cooler.create:Writing bins
INFO:cooler.create:Writing pixels
INFO:cooler._reduce:0 10019953
INFO:cooler._reduce:10019953 20013682
INFO:cooler._reduce:20013682 30002201
INFO:cooler._reduce:30002201 40007220
INFO:cooler._reduce:40007220 50001523
INFO:cooler._reduce:50001523 60000007
INFO:cooler._reduce:60000007 70018192
INFO:cooler._reduce:70018192 80004822
INFO:cooler._reduce:80004822 90013429
INFO:cooler._reduce:90013429 100011356
INFO:cooler._reduce:100011356 110008408
INFO:cooler._reduce:110008408 120022562
INFO:cooler._reduce:120022562 130009158
INFO:cooler._reduce:130009158 140007436
INFO:cooler._reduce:140007436 150007535
INFO:cooler._reduce:150007535 160013848
INFO:cooler._reduce:160013848 170000571
INFO:cooler._reduce:170000571 180007357
INFO:cooler._reduce:180007357 190016878
INFO:cooler._reduce:190016878 200007559
INFO:cooler._reduce:200007559 210015107
INFO:cooler._reduce:210015107 220004276
INFO:cooler._reduce:220004276 230014909
INFO:cooler._reduce:230014909 240009304
INFO:cooler._reduce:240009304 250019885
INFO:cooler._reduce:250019885 260013916
INFO:cooler._reduce:260013916 270017310
INFO:cooler._reduce:270017310 280006787
INFO:cooler._reduce:280006787 290004056
INFO:cooler._reduce:290004056 300007431
INFO:cooler._reduce:300007431 310007514
INFO:cooler._reduce:310007514 320012930
INFO:cooler._reduce:320012930 330016169
INFO:cooler._reduce:330016169 340005104
INFO:cooler._reduce:340005104 350007761
INFO:cooler._reduce:350007761 360004241
INFO:cooler._reduce:360004241 370009706
INFO:cooler._reduce:370009706 380007749
INFO:cooler._reduce:380007749 390004272
INFO:cooler._reduce:390004272 400000551
INFO:cooler._reduce:400000551 410009036
INFO:cooler._reduce:410009036 420015946
INFO:cooler._reduce:420015946 430019108
INFO:cooler._reduce:430019108 440016273
INFO:cooler._reduce:440016273 450013689
INFO:cooler._reduce:450013689 460002923
INFO:cooler._reduce:460002923 470017158
INFO:cooler._reduce:470017158 480011428
INFO:cooler._reduce:480011428 490004979
INFO:cooler._reduce:490004979 500003763
INFO:cooler._reduce:500003763 510004764
INFO:cooler._reduce:510004764 520010111
INFO:cooler._reduce:520010111 530003926
INFO:cooler._reduce:530003926 540004199
INFO:cooler._reduce:540004199 550001332
INFO:cooler._reduce:550001332 560000749
INFO:cooler._reduce:560000749 570011835
INFO:cooler._reduce:570011835 580004200
INFO:cooler._reduce:580004200 590004668
INFO:cooler._reduce:590004668 600012575
INFO:cooler._reduce:600012575 610008899
INFO:cooler._reduce:610008899 620006501
INFO:cooler._reduce:620006501 630006402
INFO:cooler._reduce:630006402 640003009
INFO:cooler._reduce:640003009 650007985
INFO:cooler._reduce:650007985 660011079
INFO:cooler._reduce:660011079 670003055
INFO:cooler._reduce:670003055 680004872
INFO:cooler._reduce:680004872 690007889
INFO:cooler._reduce:690007889 700009482
INFO:cooler._reduce:700009482 710006065
INFO:cooler._reduce:710006065 720003073
INFO:cooler._reduce:720003073 730004048
INFO:cooler._reduce:730004048 740008275
INFO:cooler._reduce:740008275 750005061
INFO:cooler._reduce:750005061 760001359
INFO:cooler._reduce:760001359 770001472
INFO:cooler._reduce:770001472 780005593
INFO:cooler._reduce:780005593 790001237
INFO:cooler._reduce:790001237 800000804
INFO:cooler._reduce:800000804 810001574
INFO:cooler._reduce:810001574 820001373
INFO:cooler._reduce:820001373 823311799
INFO:cooler.create:Writing indexes
INFO:cooler.create:Writing info
INFO:cooler._reduce:Aggregating from 50000 to 100000.
INFO:cooler.create:Creating cooler at "/mnt/storage3b/projects/no_ngsd/ahthapp1_T2T_ONT/analysis_other/porec/T2T12/cooler/T2T12.mcool::/resolutions/100000"
INFO:cooler.create:Writing chroms
INFO:cooler.create:Writing bins
INFO:cooler.create:Writing pixels
INFO:cooler._reduce:0 10020558
INFO:cooler._reduce:10020558 20029605
INFO:cooler._reduce:20029605 30026413
INFO:cooler._reduce:30026413 40024445
INFO:cooler._reduce:40024445 50009601
INFO:cooler._reduce:50009601 60001859
INFO:cooler._reduce:60001859 70017965
INFO:cooler._reduce:70017965 80022258
INFO:cooler._reduce:80022258 90029295
INFO:cooler._reduce:90029295 100027826
INFO:cooler._reduce:100027826 110010543
INFO:cooler._reduce:110010543 120009518
INFO:cooler._reduce:120009518 130006388
INFO:cooler._reduce:130006388 140020504
INFO:cooler._reduce:140020504 150011337
INFO:cooler._reduce:150011337 160017234
INFO:cooler._reduce:160017234 170017361
INFO:cooler._reduce:170017361 180024463
INFO:cooler._reduce:180024463 190015680
INFO:cooler._reduce:190015680 200023357
INFO:cooler._reduce:200023357 210020120
INFO:cooler._reduce:210020120 220009506
INFO:cooler._reduce:220009506 230021834
INFO:cooler._reduce:230021834 240020570
INFO:cooler._reduce:240020570 250016692
INFO:cooler._reduce:250016692 260014955
INFO:cooler._reduce:260014955 270013351
INFO:cooler._reduce:270013351 280002495
INFO:cooler._reduce:280002495 290017913
INFO:cooler._reduce:290017913 300023758
INFO:cooler._reduce:300023758 310008761
INFO:cooler._reduce:310008761 320006982
INFO:cooler._reduce:320006982 330000655
INFO:cooler._reduce:330000655 340001601
INFO:cooler._reduce:340001601 350014408
INFO:cooler._reduce:350014408 360002322
INFO:cooler._reduce:360002322 370012765
INFO:cooler._reduce:370012765 380014393
INFO:cooler._reduce:380014393 390013633
INFO:cooler._reduce:390013633 400019321
INFO:cooler._reduce:400019321 410008710
INFO:cooler._reduce:410008710 420013809
INFO:cooler._reduce:420013809 430008236
INFO:cooler._reduce:430008236 440002671
INFO:cooler._reduce:440002671 450000167
INFO:cooler._reduce:450000167 460007681
INFO:cooler._reduce:460007681 470010512
INFO:cooler._reduce:470010512 480008107
INFO:cooler._reduce:480008107 490010428
INFO:cooler._reduce:490010428 500002533
INFO:cooler._reduce:500002533 510002872
INFO:cooler._reduce:510002872 520001737
INFO:cooler._reduce:520001737 530003197
INFO:cooler._reduce:530003197 535398814
INFO:cooler.create:Writing indexes
INFO:cooler.create:Writing info
