INFO:cooler.cli.zoomify:Recursively aggregating "analysis_other/porec/T2T02.hp1/cooler/T2T02.hp1_1000.cool"
INFO:cooler.cli.zoomify:Writing to "analysis_other/porec/T2T02.hp1/cooler/T2T02.hp1.mcool"
INFO:cooler._reduce:Copying base matrices and producing 5 new zoom levels.
INFO:cooler._reduce:Bin size: 1000
INFO:cooler._reduce:Aggregating from 1000 to 5000.
INFO:cooler.create:Creating cooler at "/mnt/storage3b/projects/no_ngsd/ahthapp1_T2T_ONT/analysis_other/porec/T2T02.hp1/cooler/T2T02.hp1.mcool::/resolutions/5000"
INFO:cooler.create:Writing chroms
INFO:cooler.create:Writing bins
INFO:cooler.create:Writing pixels
INFO:cooler._reduce:0 10000122
INFO:cooler._reduce:10000122 20000101
INFO:cooler._reduce:20000101 30000025
INFO:cooler._reduce:30000025 40000124
INFO:cooler._reduce:40000124 50000026
INFO:cooler._reduce:50000026 60000042
INFO:cooler._reduce:60000042 70000046
INFO:cooler._reduce:70000046 80000060
INFO:cooler._reduce:80000060 82980738
INFO:cooler.create:Writing indexes
INFO:cooler.create:Writing info
INFO:cooler._reduce:Aggregating from 5000 to 10000.
INFO:cooler.create:Creating cooler at "/mnt/storage3b/projects/no_ngsd/ahthapp1_T2T_ONT/analysis_other/porec/T2T02.hp1/cooler/T2T02.hp1.mcool::/resolutions/10000"
INFO:cooler.create:Writing chroms
INFO:cooler.create:Writing bins
INFO:cooler.create:Writing pixels
INFO:cooler._reduce:0 10000163
INFO:cooler._reduce:10000163 20000293
INFO:cooler._reduce:20000293 30000284
INFO:cooler._reduce:30000284 40000098
INFO:cooler._reduce:40000098 50000168
INFO:cooler._reduce:50000168 60000054
INFO:cooler._reduce:60000054 70000251
INFO:cooler._reduce:70000251 79161554
INFO:cooler.create:Writing indexes
INFO:cooler.create:Writing info
INFO:cooler._reduce:Aggregating from 10000 to 50000.
INFO:cooler.create:Creating cooler at "/mnt/storage3b/projects/no_ngsd/ahthapp1_T2T_ONT/analysis_other/porec/T2T02.hp1/cooler/T2T02.hp1.mcool::/resolutions/50000"
INFO:cooler.create:Writing chroms
INFO:cooler.create:Writing bins
INFO:cooler.create:Writing pixels
INFO:cooler._reduce:0 10001757
INFO:cooler._reduce:10001757 20002446
INFO:cooler._reduce:20002446 30001256
INFO:cooler._reduce:30001256 40000655
INFO:cooler._reduce:40000655 50000881
INFO:cooler._reduce:50000881 60001268
INFO:cooler._reduce:60001268 70000384
INFO:cooler._reduce:70000384 73230155
INFO:cooler.create:Writing indexes
INFO:cooler.create:Writing info
INFO:cooler._reduce:Aggregating from 50000 to 100000.
INFO:cooler.create:Creating cooler at "/mnt/storage3b/projects/no_ngsd/ahthapp1_T2T_ONT/analysis_other/porec/T2T02.hp1/cooler/T2T02.hp1.mcool::/resolutions/100000"
INFO:cooler.create:Writing chroms
INFO:cooler.create:Writing bins
INFO:cooler.create:Writing pixels
INFO:cooler._reduce:0 10000249
INFO:cooler._reduce:10000249 20002738
INFO:cooler._reduce:20002738 30001091
INFO:cooler._reduce:30001091 38380508
INFO:cooler.create:Writing indexes
INFO:cooler.create:Writing info
