INFO:cooler.cli.zoomify:Recursively aggregating "analysis_other/porec/T2T17.hp2/cooler/T2T17.hp2_1000.cool"
INFO:cooler.cli.zoomify:Writing to "analysis_other/porec/T2T17.hp2/cooler/T2T17.hp2.mcool"
INFO:cooler._reduce:Copying base matrices and producing 5 new zoom levels.
INFO:cooler._reduce:Bin size: 1000
INFO:cooler._reduce:Aggregating from 1000 to 5000.
INFO:cooler.create:Creating cooler at "/mnt/storage3b/projects/no_ngsd/ahthapp1_T2T_ONT/analysis_other/porec/T2T17.hp2/cooler/T2T17.hp2.mcool::/resolutions/5000"
INFO:cooler.create:Writing chroms
INFO:cooler.create:Writing bins
INFO:cooler.create:Writing pixels
INFO:cooler._reduce:0 10000181
INFO:cooler._reduce:10000181 20000127
INFO:cooler._reduce:20000127 30000190
INFO:cooler._reduce:30000190 40000351
INFO:cooler._reduce:40000351 50000436
INFO:cooler._reduce:50000436 60000526
INFO:cooler._reduce:60000526 70000400
INFO:cooler._reduce:70000400 80000235
INFO:cooler._reduce:80000235 90000104
INFO:cooler._reduce:90000104 100000012
INFO:cooler._reduce:100000012 110000278
INFO:cooler._reduce:110000278 120000021
INFO:cooler._reduce:120000021 130000274
INFO:cooler._reduce:130000274 140000353
INFO:cooler._reduce:140000353 150000202
INFO:cooler._reduce:150000202 160000306
INFO:cooler._reduce:160000306 170000355
INFO:cooler._reduce:170000355 180000225
INFO:cooler._reduce:180000225 190000177
INFO:cooler._reduce:190000177 200000167
INFO:cooler._reduce:200000167 210000019
INFO:cooler._reduce:210000019 211644912
INFO:cooler.create:Writing indexes
INFO:cooler.create:Writing info
INFO:cooler._reduce:Aggregating from 5000 to 10000.
INFO:cooler.create:Creating cooler at "/mnt/storage3b/projects/no_ngsd/ahthapp1_T2T_ONT/analysis_other/porec/T2T17.hp2/cooler/T2T17.hp2.mcool::/resolutions/10000"
INFO:cooler.create:Writing chroms
INFO:cooler.create:Writing bins
INFO:cooler.create:Writing pixels
INFO:cooler._reduce:0 10000714
INFO:cooler._reduce:10000714 20000664
INFO:cooler._reduce:20000664 30000299
INFO:cooler._reduce:30000299 40000346
INFO:cooler._reduce:40000346 50001005
INFO:cooler._reduce:50001005 60000422
INFO:cooler._reduce:60000422 70000377
INFO:cooler._reduce:70000377 80000111
INFO:cooler._reduce:80000111 90000154
INFO:cooler._reduce:90000154 100000386
INFO:cooler._reduce:100000386 110000009
INFO:cooler._reduce:110000009 120000191
INFO:cooler._reduce:120000191 130000300
INFO:cooler._reduce:130000300 140000604
INFO:cooler._reduce:140000604 150000080
INFO:cooler._reduce:150000080 160000352
INFO:cooler._reduce:160000352 170000205
INFO:cooler._reduce:170000205 180000229
INFO:cooler._reduce:180000229 186554412
INFO:cooler.create:Writing indexes
INFO:cooler.create:Writing info
INFO:cooler._reduce:Aggregating from 10000 to 50000.
INFO:cooler.create:Creating cooler at "/mnt/storage3b/projects/no_ngsd/ahthapp1_T2T_ONT/analysis_other/porec/T2T17.hp2/cooler/T2T17.hp2.mcool::/resolutions/50000"
INFO:cooler.create:Writing chroms
INFO:cooler.create:Writing bins
INFO:cooler.create:Writing pixels
INFO:cooler._reduce:0 10002914
INFO:cooler._reduce:10002914 20002754
INFO:cooler._reduce:20002754 30003038
INFO:cooler._reduce:30003038 40001847
INFO:cooler._reduce:40001847 50003788
INFO:cooler._reduce:50003788 60002089
INFO:cooler._reduce:60002089 70000850
INFO:cooler._reduce:70000850 80000483
INFO:cooler._reduce:80000483 90001046
INFO:cooler._reduce:90001046 100000968
INFO:cooler._reduce:100000968 110001668
INFO:cooler._reduce:110001668 120002665
INFO:cooler._reduce:120002665 130001983
INFO:cooler._reduce:130001983 140000322
INFO:cooler._reduce:140000322 150001777
INFO:cooler._reduce:150001777 158303487
INFO:cooler.create:Writing indexes
INFO:cooler.create:Writing info
INFO:cooler._reduce:Aggregating from 50000 to 100000.
INFO:cooler.create:Creating cooler at "/mnt/storage3b/projects/no_ngsd/ahthapp1_T2T_ONT/analysis_other/porec/T2T17.hp2/cooler/T2T17.hp2.mcool::/resolutions/100000"
INFO:cooler.create:Writing chroms
INFO:cooler.create:Writing bins
INFO:cooler.create:Writing pixels
INFO:cooler._reduce:0 10000377
INFO:cooler._reduce:10000377 20001213
INFO:cooler._reduce:20001213 30002271
INFO:cooler._reduce:30002271 40000482
INFO:cooler._reduce:40000482 50000859
INFO:cooler._reduce:50000859 55329327
INFO:cooler.create:Writing indexes
INFO:cooler.create:Writing info
