INFO:cooler.cli.zoomify:Recursively aggregating "analysis_other/porec/T2T05/cooler/T2T05_1000.cool"
INFO:cooler.cli.zoomify:Writing to "analysis_other/porec/T2T05/cooler/T2T05.mcool"
INFO:cooler._reduce:Copying base matrices and producing 5 new zoom levels.
INFO:cooler._reduce:Bin size: 1000
INFO:cooler._reduce:Aggregating from 1000 to 5000.
INFO:cooler.create:Creating cooler at "/mnt/storage3b/projects/no_ngsd/ahthapp1_T2T_ONT/analysis_other/porec/T2T05/cooler/T2T05.mcool::/resolutions/5000"
INFO:cooler.create:Writing chroms
INFO:cooler.create:Writing bins
INFO:cooler.create:Writing pixels
INFO:cooler._reduce:0 10000626
INFO:cooler._reduce:10000626 20000583
INFO:cooler._reduce:20000583 30000257
INFO:cooler._reduce:30000257 40000157
INFO:cooler._reduce:40000157 50000228
INFO:cooler._reduce:50000228 60000027
INFO:cooler._reduce:60000027 70000937
INFO:cooler._reduce:70000937 80000602
INFO:cooler._reduce:80000602 90000713
INFO:cooler._reduce:90000713 100000557
INFO:cooler._reduce:100000557 110000552
INFO:cooler._reduce:110000552 120000759
INFO:cooler._reduce:120000759 130000272
INFO:cooler._reduce:130000272 140000602
INFO:cooler._reduce:140000602 150000704
INFO:cooler._reduce:150000704 160000260
INFO:cooler._reduce:160000260 170000503
INFO:cooler._reduce:170000503 180000614
INFO:cooler._reduce:180000614 190000435
INFO:cooler._reduce:190000435 200000071
INFO:cooler._reduce:200000071 210000433
INFO:cooler._reduce:210000433 220000032
INFO:cooler._reduce:220000032 230000578
INFO:cooler._reduce:230000578 240000476
INFO:cooler._reduce:240000476 250000436
INFO:cooler._reduce:250000436 260000062
INFO:cooler._reduce:260000062 270000591
INFO:cooler._reduce:270000591 280000169
INFO:cooler._reduce:280000169 290000453
INFO:cooler._reduce:290000453 300000318
INFO:cooler._reduce:300000318 310000412
INFO:cooler._reduce:310000412 320000295
INFO:cooler._reduce:320000295 330000054
INFO:cooler._reduce:330000054 339934955
INFO:cooler.create:Writing indexes
INFO:cooler.create:Writing info
INFO:cooler._reduce:Aggregating from 5000 to 10000.
INFO:cooler.create:Creating cooler at "/mnt/storage3b/projects/no_ngsd/ahthapp1_T2T_ONT/analysis_other/porec/T2T05/cooler/T2T05.mcool::/resolutions/10000"
INFO:cooler.create:Writing chroms
INFO:cooler.create:Writing bins
INFO:cooler.create:Writing pixels
INFO:cooler._reduce:0 10000173
INFO:cooler._reduce:10000173 20001323
INFO:cooler._reduce:20001323 30000840
INFO:cooler._reduce:30000840 40000147
INFO:cooler._reduce:40000147 50000700
INFO:cooler._reduce:50000700 60000150
INFO:cooler._reduce:60000150 70000724
INFO:cooler._reduce:70000724 80000868
INFO:cooler._reduce:80000868 90001713
INFO:cooler._reduce:90001713 100000609
INFO:cooler._reduce:100000609 110001119
INFO:cooler._reduce:110001119 120000176
INFO:cooler._reduce:120000176 130000001
INFO:cooler._reduce:130000001 140000990
INFO:cooler._reduce:140000990 150001158
INFO:cooler._reduce:150001158 160000785
INFO:cooler._reduce:160000785 170000835
INFO:cooler._reduce:170000835 180000221
INFO:cooler._reduce:180000221 190000012
INFO:cooler._reduce:190000012 200000319
INFO:cooler._reduce:200000319 210001265
INFO:cooler._reduce:210001265 220001041
INFO:cooler._reduce:220001041 230000841
INFO:cooler._reduce:230000841 240000795
INFO:cooler._reduce:240000795 250000457
INFO:cooler._reduce:250000457 260000245
INFO:cooler._reduce:260000245 270000107
INFO:cooler._reduce:270000107 280000083
INFO:cooler._reduce:280000083 290000095
INFO:cooler._reduce:290000095 300000478
INFO:cooler._reduce:300000478 310000317
INFO:cooler._reduce:310000317 312242937
INFO:cooler.create:Writing indexes
INFO:cooler.create:Writing info
INFO:cooler._reduce:Aggregating from 10000 to 50000.
INFO:cooler.create:Creating cooler at "/mnt/storage3b/projects/no_ngsd/ahthapp1_T2T_ONT/analysis_other/porec/T2T05/cooler/T2T05.mcool::/resolutions/50000"
INFO:cooler.create:Writing chroms
INFO:cooler.create:Writing bins
INFO:cooler.create:Writing pixels
INFO:cooler._reduce:0 10002181
INFO:cooler._reduce:10002181 20001022
INFO:cooler._reduce:20001022 30000486
INFO:cooler._reduce:30000486 40002737
INFO:cooler._reduce:40002737 50003375
INFO:cooler._reduce:50003375 60001872
INFO:cooler._reduce:60001872 70003486
INFO:cooler._reduce:70003486 80005522
INFO:cooler._reduce:80005522 90006430
INFO:cooler._reduce:90006430 100005840
INFO:cooler._reduce:100005840 110000895
INFO:cooler._reduce:110000895 120002566
INFO:cooler._reduce:120002566 130001993
INFO:cooler._reduce:130001993 140001403
INFO:cooler._reduce:140001403 150004724
INFO:cooler._reduce:150004724 160005764
INFO:cooler._reduce:160005764 170003434
INFO:cooler._reduce:170003434 180003744
INFO:cooler._reduce:180003744 190002820
INFO:cooler._reduce:190002820 200001122
INFO:cooler._reduce:200001122 210004710
INFO:cooler._reduce:210004710 220000953
INFO:cooler._reduce:220000953 230002721
INFO:cooler._reduce:230002721 240002883
INFO:cooler._reduce:240002883 250002747
INFO:cooler._reduce:250002747 260001148
INFO:cooler._reduce:260001148 270001623
INFO:cooler._reduce:270001623 280000895
INFO:cooler._reduce:280000895 290001812
INFO:cooler._reduce:290001812 293244994
INFO:cooler.create:Writing indexes
INFO:cooler.create:Writing info
INFO:cooler._reduce:Aggregating from 50000 to 100000.
INFO:cooler.create:Creating cooler at "/mnt/storage3b/projects/no_ngsd/ahthapp1_T2T_ONT/analysis_other/porec/T2T05/cooler/T2T05.mcool::/resolutions/100000"
INFO:cooler.create:Writing chroms
INFO:cooler.create:Writing bins
INFO:cooler.create:Writing pixels
INFO:cooler._reduce:0 10013742
INFO:cooler._reduce:10013742 20011647
INFO:cooler._reduce:20011647 30011004
INFO:cooler._reduce:30011004 40010179
INFO:cooler._reduce:40010179 50002745
INFO:cooler._reduce:50002745 60002426
INFO:cooler._reduce:60002426 70003584
INFO:cooler._reduce:70003584 80005457
INFO:cooler._reduce:80005457 90006815
INFO:cooler._reduce:90006815 100002293
INFO:cooler._reduce:100002293 110005941
INFO:cooler._reduce:110005941 120008523
INFO:cooler._reduce:120008523 130004679
INFO:cooler._reduce:130004679 140004017
INFO:cooler._reduce:140004017 150011166
INFO:cooler._reduce:150011166 160000972
INFO:cooler._reduce:160000972 170007954
INFO:cooler._reduce:170007954 180000292
INFO:cooler._reduce:180000292 190001027
INFO:cooler._reduce:190001027 200000311
INFO:cooler._reduce:200000311 210002687
INFO:cooler._reduce:210002687 220000896
INFO:cooler._reduce:220000896 222083130
INFO:cooler.create:Writing indexes
INFO:cooler.create:Writing info
