INFO:cooler.cli.zoomify:Recursively aggregating "analysis_other/porec/T2T06.hp1/cooler/T2T06.hp1_1000.cool"
INFO:cooler.cli.zoomify:Writing to "analysis_other/porec/T2T06.hp1/cooler/T2T06.hp1.mcool"
INFO:cooler._reduce:Copying base matrices and producing 5 new zoom levels.
INFO:cooler._reduce:Bin size: 1000
INFO:cooler._reduce:Aggregating from 1000 to 5000.
INFO:cooler.create:Creating cooler at "/mnt/storage3b/projects/no_ngsd/ahthapp1_T2T_ONT/analysis_other/porec/T2T06.hp1/cooler/T2T06.hp1.mcool::/resolutions/5000"
INFO:cooler.create:Writing chroms
INFO:cooler.create:Writing bins
INFO:cooler.create:Writing pixels
INFO:cooler._reduce:0 10000125
INFO:cooler._reduce:10000125 20000055
INFO:cooler._reduce:20000055 30000094
INFO:cooler._reduce:30000094 40000035
INFO:cooler._reduce:40000035 41703283
INFO:cooler.create:Writing indexes
INFO:cooler.create:Writing info
INFO:cooler._reduce:Aggregating from 5000 to 10000.
INFO:cooler.create:Creating cooler at "/mnt/storage3b/projects/no_ngsd/ahthapp1_T2T_ONT/analysis_other/porec/T2T06.hp1/cooler/T2T06.hp1.mcool::/resolutions/10000"
INFO:cooler.create:Writing chroms
INFO:cooler.create:Writing bins
INFO:cooler.create:Writing pixels
INFO:cooler._reduce:0 10000143
INFO:cooler._reduce:10000143 20000010
INFO:cooler._reduce:20000010 30000033
INFO:cooler._reduce:30000033 40000046
INFO:cooler._reduce:40000046 40410111
INFO:cooler.create:Writing indexes
INFO:cooler.create:Writing info
INFO:cooler._reduce:Aggregating from 10000 to 50000.
INFO:cooler.create:Creating cooler at "/mnt/storage3b/projects/no_ngsd/ahthapp1_T2T_ONT/analysis_other/porec/T2T06.hp1/cooler/T2T06.hp1.mcool::/resolutions/50000"
INFO:cooler.create:Writing chroms
INFO:cooler.create:Writing bins
INFO:cooler.create:Writing pixels
INFO:cooler._reduce:0 10000192
INFO:cooler._reduce:10000192 20000051
INFO:cooler._reduce:20000051 30000440
INFO:cooler._reduce:30000440 38423583
INFO:cooler.create:Writing indexes
INFO:cooler.create:Writing info
INFO:cooler._reduce:Aggregating from 50000 to 100000.
INFO:cooler.create:Creating cooler at "/mnt/storage3b/projects/no_ngsd/ahthapp1_T2T_ONT/analysis_other/porec/T2T06.hp1/cooler/T2T06.hp1.mcool::/resolutions/100000"
INFO:cooler.create:Writing chroms
INFO:cooler.create:Writing bins
INFO:cooler.create:Writing pixels
INFO:cooler._reduce:0 10000803
INFO:cooler._reduce:10000803 20001080
INFO:cooler._reduce:20001080 24438903
INFO:cooler.create:Writing indexes
INFO:cooler.create:Writing info
