INFO:cooler.create:Writing chunk 0: /mnt/storage3b/projects/no_ngsd/ahthapp1_T2T_ONT/analysis_other/porec/T2T00_1.hp1/cooler/tmp4uum379k.multi.cool::0
INFO:cooler.create:Creating cooler at "/mnt/storage3b/projects/no_ngsd/ahthapp1_T2T_ONT/analysis_other/porec/T2T00_1.hp1/cooler/tmp4uum379k.multi.cool::/0"
INFO:cooler.create:Writing chroms
INFO:cooler.create:Writing bins
INFO:cooler.create:Writing pixels
INFO:cooler.create:Writing indexes
INFO:cooler.create:Writing info
INFO:cooler.create:Writing chunk 1: /mnt/storage3b/projects/no_ngsd/ahthapp1_T2T_ONT/analysis_other/porec/T2T00_1.hp1/cooler/tmp4uum379k.multi.cool::1
INFO:cooler.create:Creating cooler at "/mnt/storage3b/projects/no_ngsd/ahthapp1_T2T_ONT/analysis_other/porec/T2T00_1.hp1/cooler/tmp4uum379k.multi.cool::/1"
INFO:cooler.create:Writing chroms
INFO:cooler.create:Writing bins
INFO:cooler.create:Writing pixels
INFO:cooler.create:Writing indexes
INFO:cooler.create:Writing info
INFO:cooler.create:Writing chunk 2: /mnt/storage3b/projects/no_ngsd/ahthapp1_T2T_ONT/analysis_other/porec/T2T00_1.hp1/cooler/tmp4uum379k.multi.cool::2
INFO:cooler.create:Creating cooler at "/mnt/storage3b/projects/no_ngsd/ahthapp1_T2T_ONT/analysis_other/porec/T2T00_1.hp1/cooler/tmp4uum379k.multi.cool::/2"
INFO:cooler.create:Writing chroms
INFO:cooler.create:Writing bins
INFO:cooler.create:Writing pixels
INFO:cooler.create:Writing indexes
INFO:cooler.create:Writing info
INFO:cooler.create:Writing chunk 3: /mnt/storage3b/projects/no_ngsd/ahthapp1_T2T_ONT/analysis_other/porec/T2T00_1.hp1/cooler/tmp4uum379k.multi.cool::3
INFO:cooler.create:Creating cooler at "/mnt/storage3b/projects/no_ngsd/ahthapp1_T2T_ONT/analysis_other/porec/T2T00_1.hp1/cooler/tmp4uum379k.multi.cool::/3"
INFO:cooler.create:Writing chroms
INFO:cooler.create:Writing bins
INFO:cooler.create:Writing pixels
INFO:cooler.create:Writing indexes
INFO:cooler.create:Writing info
INFO:cooler.create:Writing chunk 4: /mnt/storage3b/projects/no_ngsd/ahthapp1_T2T_ONT/analysis_other/porec/T2T00_1.hp1/cooler/tmp4uum379k.multi.cool::4
INFO:cooler.create:Creating cooler at "/mnt/storage3b/projects/no_ngsd/ahthapp1_T2T_ONT/analysis_other/porec/T2T00_1.hp1/cooler/tmp4uum379k.multi.cool::/4"
INFO:cooler.create:Writing chroms
INFO:cooler.create:Writing bins
INFO:cooler.create:Writing pixels
INFO:cooler.create:Writing indexes
INFO:cooler.create:Writing info
INFO:cooler.create:Writing chunk 5: /mnt/storage3b/projects/no_ngsd/ahthapp1_T2T_ONT/analysis_other/porec/T2T00_1.hp1/cooler/tmp4uum379k.multi.cool::5
INFO:cooler.create:Creating cooler at "/mnt/storage3b/projects/no_ngsd/ahthapp1_T2T_ONT/analysis_other/porec/T2T00_1.hp1/cooler/tmp4uum379k.multi.cool::/5"
INFO:cooler.create:Writing chroms
INFO:cooler.create:Writing bins
INFO:cooler.create:Writing pixels
INFO:cooler.create:Writing indexes
INFO:cooler.create:Writing info
INFO:cooler.create:Writing chunk 6: /mnt/storage3b/projects/no_ngsd/ahthapp1_T2T_ONT/analysis_other/porec/T2T00_1.hp1/cooler/tmp4uum379k.multi.cool::6
INFO:cooler.create:Creating cooler at "/mnt/storage3b/projects/no_ngsd/ahthapp1_T2T_ONT/analysis_other/porec/T2T00_1.hp1/cooler/tmp4uum379k.multi.cool::/6"
INFO:cooler.create:Writing chroms
INFO:cooler.create:Writing bins
INFO:cooler.create:Writing pixels
INFO:cooler.create:Writing indexes
INFO:cooler.create:Writing info
INFO:cooler.create:Writing chunk 7: /mnt/storage3b/projects/no_ngsd/ahthapp1_T2T_ONT/analysis_other/porec/T2T00_1.hp1/cooler/tmp4uum379k.multi.cool::7
INFO:cooler.create:Creating cooler at "/mnt/storage3b/projects/no_ngsd/ahthapp1_T2T_ONT/analysis_other/porec/T2T00_1.hp1/cooler/tmp4uum379k.multi.cool::/7"
INFO:cooler.create:Writing chroms
INFO:cooler.create:Writing bins
INFO:cooler.create:Writing pixels
INFO:cooler.create:Writing indexes
INFO:cooler.create:Writing info
INFO:cooler.create:Writing chunk 8: /mnt/storage3b/projects/no_ngsd/ahthapp1_T2T_ONT/analysis_other/porec/T2T00_1.hp1/cooler/tmp4uum379k.multi.cool::8
INFO:cooler.create:Creating cooler at "/mnt/storage3b/projects/no_ngsd/ahthapp1_T2T_ONT/analysis_other/porec/T2T00_1.hp1/cooler/tmp4uum379k.multi.cool::/8"
INFO:cooler.create:Writing chroms
INFO:cooler.create:Writing bins
INFO:cooler.create:Writing pixels
INFO:cooler.create:Writing indexes
INFO:cooler.create:Writing info
INFO:cooler.create:Writing chunk 9: /mnt/storage3b/projects/no_ngsd/ahthapp1_T2T_ONT/analysis_other/porec/T2T00_1.hp1/cooler/tmp4uum379k.multi.cool::9
INFO:cooler.create:Creating cooler at "/mnt/storage3b/projects/no_ngsd/ahthapp1_T2T_ONT/analysis_other/porec/T2T00_1.hp1/cooler/tmp4uum379k.multi.cool::/9"
INFO:cooler.create:Writing chroms
INFO:cooler.create:Writing bins
INFO:cooler.create:Writing pixels
INFO:cooler.create:Writing indexes
INFO:cooler.create:Writing info
INFO:cooler.create:Writing chunk 10: /mnt/storage3b/projects/no_ngsd/ahthapp1_T2T_ONT/analysis_other/porec/T2T00_1.hp1/cooler/tmp4uum379k.multi.cool::10
INFO:cooler.create:Creating cooler at "/mnt/storage3b/projects/no_ngsd/ahthapp1_T2T_ONT/analysis_other/porec/T2T00_1.hp1/cooler/tmp4uum379k.multi.cool::/10"
INFO:cooler.create:Writing chroms
INFO:cooler.create:Writing bins
INFO:cooler.create:Writing pixels
INFO:cooler.create:Writing indexes
INFO:cooler.create:Writing info
INFO:cooler.create:Writing chunk 11: /mnt/storage3b/projects/no_ngsd/ahthapp1_T2T_ONT/analysis_other/porec/T2T00_1.hp1/cooler/tmp4uum379k.multi.cool::11
INFO:cooler.create:Creating cooler at "/mnt/storage3b/projects/no_ngsd/ahthapp1_T2T_ONT/analysis_other/porec/T2T00_1.hp1/cooler/tmp4uum379k.multi.cool::/11"
INFO:cooler.create:Writing chroms
INFO:cooler.create:Writing bins
INFO:cooler.create:Writing pixels
INFO:cooler.create:Writing indexes
INFO:cooler.create:Writing info
INFO:cooler.create:Writing chunk 12: /mnt/storage3b/projects/no_ngsd/ahthapp1_T2T_ONT/analysis_other/porec/T2T00_1.hp1/cooler/tmp4uum379k.multi.cool::12
INFO:cooler.create:Creating cooler at "/mnt/storage3b/projects/no_ngsd/ahthapp1_T2T_ONT/analysis_other/porec/T2T00_1.hp1/cooler/tmp4uum379k.multi.cool::/12"
INFO:cooler.create:Writing chroms
INFO:cooler.create:Writing bins
INFO:cooler.create:Writing pixels
INFO:cooler.create:Writing indexes
INFO:cooler.create:Writing info
INFO:cooler.create:Writing chunk 13: /mnt/storage3b/projects/no_ngsd/ahthapp1_T2T_ONT/analysis_other/porec/T2T00_1.hp1/cooler/tmp4uum379k.multi.cool::13
INFO:cooler.create:Creating cooler at "/mnt/storage3b/projects/no_ngsd/ahthapp1_T2T_ONT/analysis_other/porec/T2T00_1.hp1/cooler/tmp4uum379k.multi.cool::/13"
INFO:cooler.create:Writing chroms
INFO:cooler.create:Writing bins
INFO:cooler.create:Writing pixels
INFO:cooler.create:Writing indexes
INFO:cooler.create:Writing info
INFO:cooler.create:Writing chunk 14: /mnt/storage3b/projects/no_ngsd/ahthapp1_T2T_ONT/analysis_other/porec/T2T00_1.hp1/cooler/tmp4uum379k.multi.cool::14
INFO:cooler.create:Creating cooler at "/mnt/storage3b/projects/no_ngsd/ahthapp1_T2T_ONT/analysis_other/porec/T2T00_1.hp1/cooler/tmp4uum379k.multi.cool::/14"
INFO:cooler.create:Writing chroms
INFO:cooler.create:Writing bins
INFO:cooler.create:Writing pixels
INFO:cooler.create:Writing indexes
INFO:cooler.create:Writing info
INFO:cooler.create:Writing chunk 15: /mnt/storage3b/projects/no_ngsd/ahthapp1_T2T_ONT/analysis_other/porec/T2T00_1.hp1/cooler/tmp4uum379k.multi.cool::15
INFO:cooler.create:Creating cooler at "/mnt/storage3b/projects/no_ngsd/ahthapp1_T2T_ONT/analysis_other/porec/T2T00_1.hp1/cooler/tmp4uum379k.multi.cool::/15"
INFO:cooler.create:Writing chroms
INFO:cooler.create:Writing bins
INFO:cooler.create:Writing pixels
INFO:cooler.create:Writing indexes
INFO:cooler.create:Writing info
INFO:cooler.create:Writing chunk 16: /mnt/storage3b/projects/no_ngsd/ahthapp1_T2T_ONT/analysis_other/porec/T2T00_1.hp1/cooler/tmp4uum379k.multi.cool::16
INFO:cooler.create:Creating cooler at "/mnt/storage3b/projects/no_ngsd/ahthapp1_T2T_ONT/analysis_other/porec/T2T00_1.hp1/cooler/tmp4uum379k.multi.cool::/16"
INFO:cooler.create:Writing chroms
INFO:cooler.create:Writing bins
INFO:cooler.create:Writing pixels
INFO:cooler.create:Writing indexes
INFO:cooler.create:Writing info
INFO:cooler.create:Merging into analysis_other/porec/T2T00_1.hp1/cooler/T2T00_1.hp1_5000.cool
INFO:cooler.create:Creating cooler at "/mnt/storage3b/projects/no_ngsd/ahthapp1_T2T_ONT/analysis_other/porec/T2T00_1.hp1/cooler/T2T00_1.hp1_5000.cool::/"
INFO:cooler.create:Writing chroms
INFO:cooler.create:Writing bins
INFO:cooler.create:Writing pixels
INFO:cooler._reduce:n_merge_epochs: 14
INFO:cooler._reduce:nnzs: [12455164, 12531956, 12503044, 12765731, 12425617, 12555622, 12340086, 12319199, 11844496, 11341099, 11903012, 11847215, 11741222, 11729591, 11023421, 10715046, 6140231]
INFO:cooler._reduce:records consumed: [np.int64(7582365), np.int64(7418118), np.int64(0), np.int64(0), np.int64(0), np.int64(0), np.int64(0), np.int64(0), np.int64(0), np.int64(0), np.int64(0), np.int64(0), np.int64(0), np.int64(0), np.int64(0), np.int64(0), np.int64(0)]
INFO:cooler._reduce:records consumed: [np.int64(12455164), np.int64(12268452), np.int64(2744280), np.int64(2533083), np.int64(0), np.int64(0), np.int64(0), np.int64(0), np.int64(0), np.int64(0), np.int64(0), np.int64(0), np.int64(0), np.int64(0), np.int64(0), np.int64(0), np.int64(0)]
INFO:cooler._reduce:records consumed: [np.int64(12455164), np.int64(12475920), np.int64(10431611), np.int64(9638660), np.int64(0), np.int64(0), np.int64(0), np.int64(0), np.int64(0), np.int64(0), np.int64(0), np.int64(0), np.int64(0), np.int64(0), np.int64(0), np.int64(0), np.int64(0)]
INFO:cooler._reduce:records consumed: [np.int64(12455164), np.int64(12531956), np.int64(12503044), np.int64(12264815), np.int64(7330154), np.int64(2916429), np.int64(0), np.int64(0), np.int64(0), np.int64(0), np.int64(0), np.int64(0), np.int64(0), np.int64(0), np.int64(0), np.int64(0), np.int64(0)]
INFO:cooler._reduce:records consumed: [np.int64(12455164), np.int64(12531956), np.int64(12503044), np.int64(12765731), np.int64(12425617), np.int64(8484221), np.int64(3836055), np.int64(0), np.int64(0), np.int64(0), np.int64(0), np.int64(0), np.int64(0), np.int64(0), np.int64(0), np.int64(0), np.int64(0)]
INFO:cooler._reduce:records consumed: [np.int64(12455164), np.int64(12531956), np.int64(12503044), np.int64(12765731), np.int64(12425617), np.int64(12555622), np.int64(10115038), np.int64(4649695), np.int64(0), np.int64(0), np.int64(0), np.int64(0), np.int64(0), np.int64(0), np.int64(0), np.int64(0), np.int64(0)]
INFO:cooler._reduce:records consumed: [np.int64(12455164), np.int64(12531956), np.int64(12503044), np.int64(12765731), np.int64(12425617), np.int64(12555622), np.int64(12340086), np.int64(11382460), np.int64(6042498), np.int64(0), np.int64(0), np.int64(0), np.int64(0), np.int64(0), np.int64(0), np.int64(0), np.int64(0)]
INFO:cooler._reduce:records consumed: [np.int64(12455164), np.int64(12531956), np.int64(12503044), np.int64(12765731), np.int64(12425617), np.int64(12555622), np.int64(12340086), np.int64(12319199), np.int64(11844496), np.int64(7976315), np.int64(285317), np.int64(0), np.int64(0), np.int64(0), np.int64(0), np.int64(0), np.int64(0)]
INFO:cooler._reduce:records consumed: [np.int64(12455164), np.int64(12531956), np.int64(12503044), np.int64(12765731), np.int64(12425617), np.int64(12555622), np.int64(12340086), np.int64(12319199), np.int64(11844496), np.int64(11341099), np.int64(9649440), np.int64(2271187), np.int64(0), np.int64(0), np.int64(0), np.int64(0), np.int64(0)]
INFO:cooler._reduce:records consumed: [np.int64(12455164), np.int64(12531956), np.int64(12503044), np.int64(12765731), np.int64(12425617), np.int64(12555622), np.int64(12340086), np.int64(12319199), np.int64(11844496), np.int64(11341099), np.int64(11903012), np.int64(11617170), np.int64(3400795), np.int64(0), np.int64(0), np.int64(0), np.int64(0)]
INFO:cooler._reduce:records consumed: [np.int64(12455164), np.int64(12531956), np.int64(12503044), np.int64(12765731), np.int64(12425617), np.int64(12555622), np.int64(12340086), np.int64(12319199), np.int64(11844496), np.int64(11341099), np.int64(11903012), np.int64(11847215), np.int64(11741222), np.int64(6421599), np.int64(7963), np.int64(0), np.int64(0)]
INFO:cooler._reduce:records consumed: [np.int64(12455164), np.int64(12531956), np.int64(12503044), np.int64(12765731), np.int64(12425617), np.int64(12555622), np.int64(12340086), np.int64(12319199), np.int64(11844496), np.int64(11341099), np.int64(11903012), np.int64(11847215), np.int64(11741222), np.int64(11729591), np.int64(9412586), np.int64(287428), np.int64(0)]
INFO:cooler._reduce:records consumed: [np.int64(12455164), np.int64(12531956), np.int64(12503044), np.int64(12765731), np.int64(12425617), np.int64(12555622), np.int64(12340086), np.int64(12319199), np.int64(11844496), np.int64(11341099), np.int64(11903012), np.int64(11847215), np.int64(11741222), np.int64(11729591), np.int64(11023421), np.int64(10715046), np.int64(2961651)]
INFO:cooler._reduce:records consumed: [np.int64(12455164), np.int64(12531956), np.int64(12503044), np.int64(12765731), np.int64(12425617), np.int64(12555622), np.int64(12340086), np.int64(12319199), np.int64(11844496), np.int64(11341099), np.int64(11903012), np.int64(11847215), np.int64(11741222), np.int64(11729591), np.int64(11023421), np.int64(10715046), np.int64(6140231)]
INFO:cooler.create:Writing indexes
INFO:cooler.create:Writing info
