INFO:cooler.create:Writing chunk 0: /mnt/storage3b/projects/no_ngsd/ahthapp1_T2T_ONT/analysis_other/porec/T2T05/cooler/tmp1we5emfb.multi.cool::0
INFO:cooler.create:Creating cooler at "/mnt/storage3b/projects/no_ngsd/ahthapp1_T2T_ONT/analysis_other/porec/T2T05/cooler/tmp1we5emfb.multi.cool::/0"
INFO:cooler.create:Writing chroms
INFO:cooler.create:Writing bins
INFO:cooler.create:Writing pixels
INFO:cooler.create:Writing indexes
INFO:cooler.create:Writing info
INFO:cooler.create:Writing chunk 1: /mnt/storage3b/projects/no_ngsd/ahthapp1_T2T_ONT/analysis_other/porec/T2T05/cooler/tmp1we5emfb.multi.cool::1
INFO:cooler.create:Creating cooler at "/mnt/storage3b/projects/no_ngsd/ahthapp1_T2T_ONT/analysis_other/porec/T2T05/cooler/tmp1we5emfb.multi.cool::/1"
INFO:cooler.create:Writing chroms
INFO:cooler.create:Writing bins
INFO:cooler.create:Writing pixels
INFO:cooler.create:Writing indexes
INFO:cooler.create:Writing info
INFO:cooler.create:Writing chunk 2: /mnt/storage3b/projects/no_ngsd/ahthapp1_T2T_ONT/analysis_other/porec/T2T05/cooler/tmp1we5emfb.multi.cool::2
INFO:cooler.create:Creating cooler at "/mnt/storage3b/projects/no_ngsd/ahthapp1_T2T_ONT/analysis_other/porec/T2T05/cooler/tmp1we5emfb.multi.cool::/2"
INFO:cooler.create:Writing chroms
INFO:cooler.create:Writing bins
INFO:cooler.create:Writing pixels
INFO:cooler.create:Writing indexes
INFO:cooler.create:Writing info
INFO:cooler.create:Writing chunk 3: /mnt/storage3b/projects/no_ngsd/ahthapp1_T2T_ONT/analysis_other/porec/T2T05/cooler/tmp1we5emfb.multi.cool::3
INFO:cooler.create:Creating cooler at "/mnt/storage3b/projects/no_ngsd/ahthapp1_T2T_ONT/analysis_other/porec/T2T05/cooler/tmp1we5emfb.multi.cool::/3"
INFO:cooler.create:Writing chroms
INFO:cooler.create:Writing bins
INFO:cooler.create:Writing pixels
INFO:cooler.create:Writing indexes
INFO:cooler.create:Writing info
INFO:cooler.create:Writing chunk 4: /mnt/storage3b/projects/no_ngsd/ahthapp1_T2T_ONT/analysis_other/porec/T2T05/cooler/tmp1we5emfb.multi.cool::4
INFO:cooler.create:Creating cooler at "/mnt/storage3b/projects/no_ngsd/ahthapp1_T2T_ONT/analysis_other/porec/T2T05/cooler/tmp1we5emfb.multi.cool::/4"
INFO:cooler.create:Writing chroms
INFO:cooler.create:Writing bins
INFO:cooler.create:Writing pixels
INFO:cooler.create:Writing indexes
INFO:cooler.create:Writing info
INFO:cooler.create:Writing chunk 5: /mnt/storage3b/projects/no_ngsd/ahthapp1_T2T_ONT/analysis_other/porec/T2T05/cooler/tmp1we5emfb.multi.cool::5
INFO:cooler.create:Creating cooler at "/mnt/storage3b/projects/no_ngsd/ahthapp1_T2T_ONT/analysis_other/porec/T2T05/cooler/tmp1we5emfb.multi.cool::/5"
INFO:cooler.create:Writing chroms
INFO:cooler.create:Writing bins
INFO:cooler.create:Writing pixels
INFO:cooler.create:Writing indexes
INFO:cooler.create:Writing info
INFO:cooler.create:Writing chunk 6: /mnt/storage3b/projects/no_ngsd/ahthapp1_T2T_ONT/analysis_other/porec/T2T05/cooler/tmp1we5emfb.multi.cool::6
INFO:cooler.create:Creating cooler at "/mnt/storage3b/projects/no_ngsd/ahthapp1_T2T_ONT/analysis_other/porec/T2T05/cooler/tmp1we5emfb.multi.cool::/6"
INFO:cooler.create:Writing chroms
INFO:cooler.create:Writing bins
INFO:cooler.create:Writing pixels
INFO:cooler.create:Writing indexes
INFO:cooler.create:Writing info
INFO:cooler.create:Writing chunk 7: /mnt/storage3b/projects/no_ngsd/ahthapp1_T2T_ONT/analysis_other/porec/T2T05/cooler/tmp1we5emfb.multi.cool::7
INFO:cooler.create:Creating cooler at "/mnt/storage3b/projects/no_ngsd/ahthapp1_T2T_ONT/analysis_other/porec/T2T05/cooler/tmp1we5emfb.multi.cool::/7"
INFO:cooler.create:Writing chroms
INFO:cooler.create:Writing bins
INFO:cooler.create:Writing pixels
INFO:cooler.create:Writing indexes
INFO:cooler.create:Writing info
INFO:cooler.create:Writing chunk 8: /mnt/storage3b/projects/no_ngsd/ahthapp1_T2T_ONT/analysis_other/porec/T2T05/cooler/tmp1we5emfb.multi.cool::8
INFO:cooler.create:Creating cooler at "/mnt/storage3b/projects/no_ngsd/ahthapp1_T2T_ONT/analysis_other/porec/T2T05/cooler/tmp1we5emfb.multi.cool::/8"
INFO:cooler.create:Writing chroms
INFO:cooler.create:Writing bins
INFO:cooler.create:Writing pixels
INFO:cooler.create:Writing indexes
INFO:cooler.create:Writing info
INFO:cooler.create:Writing chunk 9: /mnt/storage3b/projects/no_ngsd/ahthapp1_T2T_ONT/analysis_other/porec/T2T05/cooler/tmp1we5emfb.multi.cool::9
INFO:cooler.create:Creating cooler at "/mnt/storage3b/projects/no_ngsd/ahthapp1_T2T_ONT/analysis_other/porec/T2T05/cooler/tmp1we5emfb.multi.cool::/9"
INFO:cooler.create:Writing chroms
INFO:cooler.create:Writing bins
INFO:cooler.create:Writing pixels
INFO:cooler.create:Writing indexes
INFO:cooler.create:Writing info
INFO:cooler.create:Writing chunk 10: /mnt/storage3b/projects/no_ngsd/ahthapp1_T2T_ONT/analysis_other/porec/T2T05/cooler/tmp1we5emfb.multi.cool::10
INFO:cooler.create:Creating cooler at "/mnt/storage3b/projects/no_ngsd/ahthapp1_T2T_ONT/analysis_other/porec/T2T05/cooler/tmp1we5emfb.multi.cool::/10"
INFO:cooler.create:Writing chroms
INFO:cooler.create:Writing bins
INFO:cooler.create:Writing pixels
INFO:cooler.create:Writing indexes
INFO:cooler.create:Writing info
INFO:cooler.create:Writing chunk 11: /mnt/storage3b/projects/no_ngsd/ahthapp1_T2T_ONT/analysis_other/porec/T2T05/cooler/tmp1we5emfb.multi.cool::11
INFO:cooler.create:Creating cooler at "/mnt/storage3b/projects/no_ngsd/ahthapp1_T2T_ONT/analysis_other/porec/T2T05/cooler/tmp1we5emfb.multi.cool::/11"
INFO:cooler.create:Writing chroms
INFO:cooler.create:Writing bins
INFO:cooler.create:Writing pixels
INFO:cooler.create:Writing indexes
INFO:cooler.create:Writing info
INFO:cooler.create:Writing chunk 12: /mnt/storage3b/projects/no_ngsd/ahthapp1_T2T_ONT/analysis_other/porec/T2T05/cooler/tmp1we5emfb.multi.cool::12
INFO:cooler.create:Creating cooler at "/mnt/storage3b/projects/no_ngsd/ahthapp1_T2T_ONT/analysis_other/porec/T2T05/cooler/tmp1we5emfb.multi.cool::/12"
INFO:cooler.create:Writing chroms
INFO:cooler.create:Writing bins
INFO:cooler.create:Writing pixels
INFO:cooler.create:Writing indexes
INFO:cooler.create:Writing info
INFO:cooler.create:Writing chunk 13: /mnt/storage3b/projects/no_ngsd/ahthapp1_T2T_ONT/analysis_other/porec/T2T05/cooler/tmp1we5emfb.multi.cool::13
INFO:cooler.create:Creating cooler at "/mnt/storage3b/projects/no_ngsd/ahthapp1_T2T_ONT/analysis_other/porec/T2T05/cooler/tmp1we5emfb.multi.cool::/13"
INFO:cooler.create:Writing chroms
INFO:cooler.create:Writing bins
INFO:cooler.create:Writing pixels
INFO:cooler.create:Writing indexes
INFO:cooler.create:Writing info
INFO:cooler.create:Writing chunk 14: /mnt/storage3b/projects/no_ngsd/ahthapp1_T2T_ONT/analysis_other/porec/T2T05/cooler/tmp1we5emfb.multi.cool::14
INFO:cooler.create:Creating cooler at "/mnt/storage3b/projects/no_ngsd/ahthapp1_T2T_ONT/analysis_other/porec/T2T05/cooler/tmp1we5emfb.multi.cool::/14"
INFO:cooler.create:Writing chroms
INFO:cooler.create:Writing bins
INFO:cooler.create:Writing pixels
INFO:cooler.create:Writing indexes
INFO:cooler.create:Writing info
INFO:cooler.create:Writing chunk 15: /mnt/storage3b/projects/no_ngsd/ahthapp1_T2T_ONT/analysis_other/porec/T2T05/cooler/tmp1we5emfb.multi.cool::15
INFO:cooler.create:Creating cooler at "/mnt/storage3b/projects/no_ngsd/ahthapp1_T2T_ONT/analysis_other/porec/T2T05/cooler/tmp1we5emfb.multi.cool::/15"
INFO:cooler.create:Writing chroms
INFO:cooler.create:Writing bins
INFO:cooler.create:Writing pixels
INFO:cooler.create:Writing indexes
INFO:cooler.create:Writing info
INFO:cooler.create:Writing chunk 16: /mnt/storage3b/projects/no_ngsd/ahthapp1_T2T_ONT/analysis_other/porec/T2T05/cooler/tmp1we5emfb.multi.cool::16
INFO:cooler.create:Creating cooler at "/mnt/storage3b/projects/no_ngsd/ahthapp1_T2T_ONT/analysis_other/porec/T2T05/cooler/tmp1we5emfb.multi.cool::/16"
INFO:cooler.create:Writing chroms
INFO:cooler.create:Writing bins
INFO:cooler.create:Writing pixels
INFO:cooler.create:Writing indexes
INFO:cooler.create:Writing info
INFO:cooler.create:Writing chunk 17: /mnt/storage3b/projects/no_ngsd/ahthapp1_T2T_ONT/analysis_other/porec/T2T05/cooler/tmp1we5emfb.multi.cool::17
INFO:cooler.create:Creating cooler at "/mnt/storage3b/projects/no_ngsd/ahthapp1_T2T_ONT/analysis_other/porec/T2T05/cooler/tmp1we5emfb.multi.cool::/17"
INFO:cooler.create:Writing chroms
INFO:cooler.create:Writing bins
INFO:cooler.create:Writing pixels
INFO:cooler.create:Writing indexes
INFO:cooler.create:Writing info
INFO:cooler.create:Writing chunk 18: /mnt/storage3b/projects/no_ngsd/ahthapp1_T2T_ONT/analysis_other/porec/T2T05/cooler/tmp1we5emfb.multi.cool::18
INFO:cooler.create:Creating cooler at "/mnt/storage3b/projects/no_ngsd/ahthapp1_T2T_ONT/analysis_other/porec/T2T05/cooler/tmp1we5emfb.multi.cool::/18"
INFO:cooler.create:Writing chroms
INFO:cooler.create:Writing bins
INFO:cooler.create:Writing pixels
INFO:cooler.create:Writing indexes
INFO:cooler.create:Writing info
INFO:cooler.create:Writing chunk 19: /mnt/storage3b/projects/no_ngsd/ahthapp1_T2T_ONT/analysis_other/porec/T2T05/cooler/tmp1we5emfb.multi.cool::19
INFO:cooler.create:Creating cooler at "/mnt/storage3b/projects/no_ngsd/ahthapp1_T2T_ONT/analysis_other/porec/T2T05/cooler/tmp1we5emfb.multi.cool::/19"
INFO:cooler.create:Writing chroms
INFO:cooler.create:Writing bins
INFO:cooler.create:Writing pixels
INFO:cooler.create:Writing indexes
INFO:cooler.create:Writing info
INFO:cooler.create:Writing chunk 20: /mnt/storage3b/projects/no_ngsd/ahthapp1_T2T_ONT/analysis_other/porec/T2T05/cooler/tmp1we5emfb.multi.cool::20
INFO:cooler.create:Creating cooler at "/mnt/storage3b/projects/no_ngsd/ahthapp1_T2T_ONT/analysis_other/porec/T2T05/cooler/tmp1we5emfb.multi.cool::/20"
INFO:cooler.create:Writing chroms
INFO:cooler.create:Writing bins
INFO:cooler.create:Writing pixels
INFO:cooler.create:Writing indexes
INFO:cooler.create:Writing info
INFO:cooler.create:Writing chunk 21: /mnt/storage3b/projects/no_ngsd/ahthapp1_T2T_ONT/analysis_other/porec/T2T05/cooler/tmp1we5emfb.multi.cool::21
INFO:cooler.create:Creating cooler at "/mnt/storage3b/projects/no_ngsd/ahthapp1_T2T_ONT/analysis_other/porec/T2T05/cooler/tmp1we5emfb.multi.cool::/21"
INFO:cooler.create:Writing chroms
INFO:cooler.create:Writing bins
INFO:cooler.create:Writing pixels
INFO:cooler.create:Writing indexes
INFO:cooler.create:Writing info
INFO:cooler.create:Writing chunk 22: /mnt/storage3b/projects/no_ngsd/ahthapp1_T2T_ONT/analysis_other/porec/T2T05/cooler/tmp1we5emfb.multi.cool::22
INFO:cooler.create:Creating cooler at "/mnt/storage3b/projects/no_ngsd/ahthapp1_T2T_ONT/analysis_other/porec/T2T05/cooler/tmp1we5emfb.multi.cool::/22"
INFO:cooler.create:Writing chroms
INFO:cooler.create:Writing bins
INFO:cooler.create:Writing pixels
INFO:cooler.create:Writing indexes
INFO:cooler.create:Writing info
INFO:cooler.create:Writing chunk 23: /mnt/storage3b/projects/no_ngsd/ahthapp1_T2T_ONT/analysis_other/porec/T2T05/cooler/tmp1we5emfb.multi.cool::23
INFO:cooler.create:Creating cooler at "/mnt/storage3b/projects/no_ngsd/ahthapp1_T2T_ONT/analysis_other/porec/T2T05/cooler/tmp1we5emfb.multi.cool::/23"
INFO:cooler.create:Writing chroms
INFO:cooler.create:Writing bins
INFO:cooler.create:Writing pixels
INFO:cooler.create:Writing indexes
INFO:cooler.create:Writing info
INFO:cooler.create:Writing chunk 24: /mnt/storage3b/projects/no_ngsd/ahthapp1_T2T_ONT/analysis_other/porec/T2T05/cooler/tmp1we5emfb.multi.cool::24
INFO:cooler.create:Creating cooler at "/mnt/storage3b/projects/no_ngsd/ahthapp1_T2T_ONT/analysis_other/porec/T2T05/cooler/tmp1we5emfb.multi.cool::/24"
INFO:cooler.create:Writing chroms
INFO:cooler.create:Writing bins
INFO:cooler.create:Writing pixels
INFO:cooler.create:Writing indexes
INFO:cooler.create:Writing info
INFO:cooler.create:Writing chunk 25: /mnt/storage3b/projects/no_ngsd/ahthapp1_T2T_ONT/analysis_other/porec/T2T05/cooler/tmp1we5emfb.multi.cool::25
INFO:cooler.create:Creating cooler at "/mnt/storage3b/projects/no_ngsd/ahthapp1_T2T_ONT/analysis_other/porec/T2T05/cooler/tmp1we5emfb.multi.cool::/25"
INFO:cooler.create:Writing chroms
INFO:cooler.create:Writing bins
INFO:cooler.create:Writing pixels
INFO:cooler.create:Writing indexes
INFO:cooler.create:Writing info
INFO:cooler.create:Writing chunk 26: /mnt/storage3b/projects/no_ngsd/ahthapp1_T2T_ONT/analysis_other/porec/T2T05/cooler/tmp1we5emfb.multi.cool::26
INFO:cooler.create:Creating cooler at "/mnt/storage3b/projects/no_ngsd/ahthapp1_T2T_ONT/analysis_other/porec/T2T05/cooler/tmp1we5emfb.multi.cool::/26"
INFO:cooler.create:Writing chroms
INFO:cooler.create:Writing bins
INFO:cooler.create:Writing pixels
INFO:cooler.create:Writing indexes
INFO:cooler.create:Writing info
INFO:cooler.create:Writing chunk 27: /mnt/storage3b/projects/no_ngsd/ahthapp1_T2T_ONT/analysis_other/porec/T2T05/cooler/tmp1we5emfb.multi.cool::27
INFO:cooler.create:Creating cooler at "/mnt/storage3b/projects/no_ngsd/ahthapp1_T2T_ONT/analysis_other/porec/T2T05/cooler/tmp1we5emfb.multi.cool::/27"
INFO:cooler.create:Writing chroms
INFO:cooler.create:Writing bins
INFO:cooler.create:Writing pixels
INFO:cooler.create:Writing indexes
INFO:cooler.create:Writing info
INFO:cooler.create:Writing chunk 28: /mnt/storage3b/projects/no_ngsd/ahthapp1_T2T_ONT/analysis_other/porec/T2T05/cooler/tmp1we5emfb.multi.cool::28
INFO:cooler.create:Creating cooler at "/mnt/storage3b/projects/no_ngsd/ahthapp1_T2T_ONT/analysis_other/porec/T2T05/cooler/tmp1we5emfb.multi.cool::/28"
INFO:cooler.create:Writing chroms
INFO:cooler.create:Writing bins
INFO:cooler.create:Writing pixels
INFO:cooler.create:Writing indexes
INFO:cooler.create:Writing info
INFO:cooler.create:Writing chunk 29: /mnt/storage3b/projects/no_ngsd/ahthapp1_T2T_ONT/analysis_other/porec/T2T05/cooler/tmp1we5emfb.multi.cool::29
INFO:cooler.create:Creating cooler at "/mnt/storage3b/projects/no_ngsd/ahthapp1_T2T_ONT/analysis_other/porec/T2T05/cooler/tmp1we5emfb.multi.cool::/29"
INFO:cooler.create:Writing chroms
INFO:cooler.create:Writing bins
INFO:cooler.create:Writing pixels
INFO:cooler.create:Writing indexes
INFO:cooler.create:Writing info
INFO:cooler.create:Writing chunk 30: /mnt/storage3b/projects/no_ngsd/ahthapp1_T2T_ONT/analysis_other/porec/T2T05/cooler/tmp1we5emfb.multi.cool::30
INFO:cooler.create:Creating cooler at "/mnt/storage3b/projects/no_ngsd/ahthapp1_T2T_ONT/analysis_other/porec/T2T05/cooler/tmp1we5emfb.multi.cool::/30"
INFO:cooler.create:Writing chroms
INFO:cooler.create:Writing bins
INFO:cooler.create:Writing pixels
INFO:cooler.create:Writing indexes
INFO:cooler.create:Writing info
INFO:cooler.create:Writing chunk 31: /mnt/storage3b/projects/no_ngsd/ahthapp1_T2T_ONT/analysis_other/porec/T2T05/cooler/tmp1we5emfb.multi.cool::31
INFO:cooler.create:Creating cooler at "/mnt/storage3b/projects/no_ngsd/ahthapp1_T2T_ONT/analysis_other/porec/T2T05/cooler/tmp1we5emfb.multi.cool::/31"
INFO:cooler.create:Writing chroms
INFO:cooler.create:Writing bins
INFO:cooler.create:Writing pixels
INFO:cooler.create:Writing indexes
INFO:cooler.create:Writing info
INFO:cooler.create:Writing chunk 32: /mnt/storage3b/projects/no_ngsd/ahthapp1_T2T_ONT/analysis_other/porec/T2T05/cooler/tmp1we5emfb.multi.cool::32
INFO:cooler.create:Creating cooler at "/mnt/storage3b/projects/no_ngsd/ahthapp1_T2T_ONT/analysis_other/porec/T2T05/cooler/tmp1we5emfb.multi.cool::/32"
INFO:cooler.create:Writing chroms
INFO:cooler.create:Writing bins
INFO:cooler.create:Writing pixels
INFO:cooler.create:Writing indexes
INFO:cooler.create:Writing info
INFO:cooler.create:Writing chunk 33: /mnt/storage3b/projects/no_ngsd/ahthapp1_T2T_ONT/analysis_other/porec/T2T05/cooler/tmp1we5emfb.multi.cool::33
INFO:cooler.create:Creating cooler at "/mnt/storage3b/projects/no_ngsd/ahthapp1_T2T_ONT/analysis_other/porec/T2T05/cooler/tmp1we5emfb.multi.cool::/33"
INFO:cooler.create:Writing chroms
INFO:cooler.create:Writing bins
INFO:cooler.create:Writing pixels
INFO:cooler.create:Writing indexes
INFO:cooler.create:Writing info
INFO:cooler.create:Writing chunk 34: /mnt/storage3b/projects/no_ngsd/ahthapp1_T2T_ONT/analysis_other/porec/T2T05/cooler/tmp1we5emfb.multi.cool::34
INFO:cooler.create:Creating cooler at "/mnt/storage3b/projects/no_ngsd/ahthapp1_T2T_ONT/analysis_other/porec/T2T05/cooler/tmp1we5emfb.multi.cool::/34"
INFO:cooler.create:Writing chroms
INFO:cooler.create:Writing bins
INFO:cooler.create:Writing pixels
INFO:cooler.create:Writing indexes
INFO:cooler.create:Writing info
INFO:cooler.create:Writing chunk 35: /mnt/storage3b/projects/no_ngsd/ahthapp1_T2T_ONT/analysis_other/porec/T2T05/cooler/tmp1we5emfb.multi.cool::35
INFO:cooler.create:Creating cooler at "/mnt/storage3b/projects/no_ngsd/ahthapp1_T2T_ONT/analysis_other/porec/T2T05/cooler/tmp1we5emfb.multi.cool::/35"
INFO:cooler.create:Writing chroms
INFO:cooler.create:Writing bins
INFO:cooler.create:Writing pixels
INFO:cooler.create:Writing indexes
INFO:cooler.create:Writing info
INFO:cooler.create:Writing chunk 36: /mnt/storage3b/projects/no_ngsd/ahthapp1_T2T_ONT/analysis_other/porec/T2T05/cooler/tmp1we5emfb.multi.cool::36
INFO:cooler.create:Creating cooler at "/mnt/storage3b/projects/no_ngsd/ahthapp1_T2T_ONT/analysis_other/porec/T2T05/cooler/tmp1we5emfb.multi.cool::/36"
INFO:cooler.create:Writing chroms
INFO:cooler.create:Writing bins
INFO:cooler.create:Writing pixels
INFO:cooler.create:Writing indexes
INFO:cooler.create:Writing info
INFO:cooler.create:Writing chunk 37: /mnt/storage3b/projects/no_ngsd/ahthapp1_T2T_ONT/analysis_other/porec/T2T05/cooler/tmp1we5emfb.multi.cool::37
INFO:cooler.create:Creating cooler at "/mnt/storage3b/projects/no_ngsd/ahthapp1_T2T_ONT/analysis_other/porec/T2T05/cooler/tmp1we5emfb.multi.cool::/37"
INFO:cooler.create:Writing chroms
INFO:cooler.create:Writing bins
INFO:cooler.create:Writing pixels
INFO:cooler.create:Writing indexes
INFO:cooler.create:Writing info
INFO:cooler.create:Writing chunk 38: /mnt/storage3b/projects/no_ngsd/ahthapp1_T2T_ONT/analysis_other/porec/T2T05/cooler/tmp1we5emfb.multi.cool::38
INFO:cooler.create:Creating cooler at "/mnt/storage3b/projects/no_ngsd/ahthapp1_T2T_ONT/analysis_other/porec/T2T05/cooler/tmp1we5emfb.multi.cool::/38"
INFO:cooler.create:Writing chroms
INFO:cooler.create:Writing bins
INFO:cooler.create:Writing pixels
INFO:cooler.create:Writing indexes
INFO:cooler.create:Writing info
INFO:cooler.create:Writing chunk 39: /mnt/storage3b/projects/no_ngsd/ahthapp1_T2T_ONT/analysis_other/porec/T2T05/cooler/tmp1we5emfb.multi.cool::39
INFO:cooler.create:Creating cooler at "/mnt/storage3b/projects/no_ngsd/ahthapp1_T2T_ONT/analysis_other/porec/T2T05/cooler/tmp1we5emfb.multi.cool::/39"
INFO:cooler.create:Writing chroms
INFO:cooler.create:Writing bins
INFO:cooler.create:Writing pixels
INFO:cooler.create:Writing indexes
INFO:cooler.create:Writing info
INFO:cooler.create:Writing chunk 40: /mnt/storage3b/projects/no_ngsd/ahthapp1_T2T_ONT/analysis_other/porec/T2T05/cooler/tmp1we5emfb.multi.cool::40
INFO:cooler.create:Creating cooler at "/mnt/storage3b/projects/no_ngsd/ahthapp1_T2T_ONT/analysis_other/porec/T2T05/cooler/tmp1we5emfb.multi.cool::/40"
INFO:cooler.create:Writing chroms
INFO:cooler.create:Writing bins
INFO:cooler.create:Writing pixels
INFO:cooler.create:Writing indexes
INFO:cooler.create:Writing info
INFO:cooler.create:Writing chunk 41: /mnt/storage3b/projects/no_ngsd/ahthapp1_T2T_ONT/analysis_other/porec/T2T05/cooler/tmp1we5emfb.multi.cool::41
INFO:cooler.create:Creating cooler at "/mnt/storage3b/projects/no_ngsd/ahthapp1_T2T_ONT/analysis_other/porec/T2T05/cooler/tmp1we5emfb.multi.cool::/41"
INFO:cooler.create:Writing chroms
INFO:cooler.create:Writing bins
INFO:cooler.create:Writing pixels
INFO:cooler.create:Writing indexes
INFO:cooler.create:Writing info
INFO:cooler.create:Writing chunk 42: /mnt/storage3b/projects/no_ngsd/ahthapp1_T2T_ONT/analysis_other/porec/T2T05/cooler/tmp1we5emfb.multi.cool::42
INFO:cooler.create:Creating cooler at "/mnt/storage3b/projects/no_ngsd/ahthapp1_T2T_ONT/analysis_other/porec/T2T05/cooler/tmp1we5emfb.multi.cool::/42"
INFO:cooler.create:Writing chroms
INFO:cooler.create:Writing bins
INFO:cooler.create:Writing pixels
INFO:cooler.create:Writing indexes
INFO:cooler.create:Writing info
INFO:cooler.create:Writing chunk 43: /mnt/storage3b/projects/no_ngsd/ahthapp1_T2T_ONT/analysis_other/porec/T2T05/cooler/tmp1we5emfb.multi.cool::43
INFO:cooler.create:Creating cooler at "/mnt/storage3b/projects/no_ngsd/ahthapp1_T2T_ONT/analysis_other/porec/T2T05/cooler/tmp1we5emfb.multi.cool::/43"
INFO:cooler.create:Writing chroms
INFO:cooler.create:Writing bins
INFO:cooler.create:Writing pixels
INFO:cooler.create:Writing indexes
INFO:cooler.create:Writing info
INFO:cooler.create:Writing chunk 44: /mnt/storage3b/projects/no_ngsd/ahthapp1_T2T_ONT/analysis_other/porec/T2T05/cooler/tmp1we5emfb.multi.cool::44
INFO:cooler.create:Creating cooler at "/mnt/storage3b/projects/no_ngsd/ahthapp1_T2T_ONT/analysis_other/porec/T2T05/cooler/tmp1we5emfb.multi.cool::/44"
INFO:cooler.create:Writing chroms
INFO:cooler.create:Writing bins
INFO:cooler.create:Writing pixels
INFO:cooler.create:Writing indexes
INFO:cooler.create:Writing info
INFO:cooler.create:Writing chunk 45: /mnt/storage3b/projects/no_ngsd/ahthapp1_T2T_ONT/analysis_other/porec/T2T05/cooler/tmp1we5emfb.multi.cool::45
INFO:cooler.create:Creating cooler at "/mnt/storage3b/projects/no_ngsd/ahthapp1_T2T_ONT/analysis_other/porec/T2T05/cooler/tmp1we5emfb.multi.cool::/45"
INFO:cooler.create:Writing chroms
INFO:cooler.create:Writing bins
INFO:cooler.create:Writing pixels
INFO:cooler.create:Writing indexes
INFO:cooler.create:Writing info
INFO:cooler.create:Writing chunk 46: /mnt/storage3b/projects/no_ngsd/ahthapp1_T2T_ONT/analysis_other/porec/T2T05/cooler/tmp1we5emfb.multi.cool::46
INFO:cooler.create:Creating cooler at "/mnt/storage3b/projects/no_ngsd/ahthapp1_T2T_ONT/analysis_other/porec/T2T05/cooler/tmp1we5emfb.multi.cool::/46"
INFO:cooler.create:Writing chroms
INFO:cooler.create:Writing bins
INFO:cooler.create:Writing pixels
INFO:cooler.create:Writing indexes
INFO:cooler.create:Writing info
INFO:cooler.create:Writing chunk 47: /mnt/storage3b/projects/no_ngsd/ahthapp1_T2T_ONT/analysis_other/porec/T2T05/cooler/tmp1we5emfb.multi.cool::47
INFO:cooler.create:Creating cooler at "/mnt/storage3b/projects/no_ngsd/ahthapp1_T2T_ONT/analysis_other/porec/T2T05/cooler/tmp1we5emfb.multi.cool::/47"
INFO:cooler.create:Writing chroms
INFO:cooler.create:Writing bins
INFO:cooler.create:Writing pixels
INFO:cooler.create:Writing indexes
INFO:cooler.create:Writing info
INFO:cooler.create:Writing chunk 48: /mnt/storage3b/projects/no_ngsd/ahthapp1_T2T_ONT/analysis_other/porec/T2T05/cooler/tmp1we5emfb.multi.cool::48
INFO:cooler.create:Creating cooler at "/mnt/storage3b/projects/no_ngsd/ahthapp1_T2T_ONT/analysis_other/porec/T2T05/cooler/tmp1we5emfb.multi.cool::/48"
INFO:cooler.create:Writing chroms
INFO:cooler.create:Writing bins
INFO:cooler.create:Writing pixels
INFO:cooler.create:Writing indexes
INFO:cooler.create:Writing info
INFO:cooler.create:Writing chunk 49: /mnt/storage3b/projects/no_ngsd/ahthapp1_T2T_ONT/analysis_other/porec/T2T05/cooler/tmp1we5emfb.multi.cool::49
INFO:cooler.create:Creating cooler at "/mnt/storage3b/projects/no_ngsd/ahthapp1_T2T_ONT/analysis_other/porec/T2T05/cooler/tmp1we5emfb.multi.cool::/49"
INFO:cooler.create:Writing chroms
INFO:cooler.create:Writing bins
INFO:cooler.create:Writing pixels
INFO:cooler.create:Writing indexes
INFO:cooler.create:Writing info
INFO:cooler.create:Writing chunk 50: /mnt/storage3b/projects/no_ngsd/ahthapp1_T2T_ONT/analysis_other/porec/T2T05/cooler/tmp1we5emfb.multi.cool::50
INFO:cooler.create:Creating cooler at "/mnt/storage3b/projects/no_ngsd/ahthapp1_T2T_ONT/analysis_other/porec/T2T05/cooler/tmp1we5emfb.multi.cool::/50"
INFO:cooler.create:Writing chroms
INFO:cooler.create:Writing bins
INFO:cooler.create:Writing pixels
INFO:cooler.create:Writing indexes
INFO:cooler.create:Writing info
INFO:cooler.create:Writing chunk 51: /mnt/storage3b/projects/no_ngsd/ahthapp1_T2T_ONT/analysis_other/porec/T2T05/cooler/tmp1we5emfb.multi.cool::51
INFO:cooler.create:Creating cooler at "/mnt/storage3b/projects/no_ngsd/ahthapp1_T2T_ONT/analysis_other/porec/T2T05/cooler/tmp1we5emfb.multi.cool::/51"
INFO:cooler.create:Writing chroms
INFO:cooler.create:Writing bins
INFO:cooler.create:Writing pixels
INFO:cooler.create:Writing indexes
INFO:cooler.create:Writing info
INFO:cooler.create:Writing chunk 52: /mnt/storage3b/projects/no_ngsd/ahthapp1_T2T_ONT/analysis_other/porec/T2T05/cooler/tmp1we5emfb.multi.cool::52
INFO:cooler.create:Creating cooler at "/mnt/storage3b/projects/no_ngsd/ahthapp1_T2T_ONT/analysis_other/porec/T2T05/cooler/tmp1we5emfb.multi.cool::/52"
INFO:cooler.create:Writing chroms
INFO:cooler.create:Writing bins
INFO:cooler.create:Writing pixels
INFO:cooler.create:Writing indexes
INFO:cooler.create:Writing info
INFO:cooler.create:Writing chunk 53: /mnt/storage3b/projects/no_ngsd/ahthapp1_T2T_ONT/analysis_other/porec/T2T05/cooler/tmp1we5emfb.multi.cool::53
INFO:cooler.create:Creating cooler at "/mnt/storage3b/projects/no_ngsd/ahthapp1_T2T_ONT/analysis_other/porec/T2T05/cooler/tmp1we5emfb.multi.cool::/53"
INFO:cooler.create:Writing chroms
INFO:cooler.create:Writing bins
INFO:cooler.create:Writing pixels
INFO:cooler.create:Writing indexes
INFO:cooler.create:Writing info
INFO:cooler.create:Merging into analysis_other/porec/T2T05/cooler/T2T05_25000.cool
INFO:cooler.create:Creating cooler at "/mnt/storage3b/projects/no_ngsd/ahthapp1_T2T_ONT/analysis_other/porec/T2T05/cooler/T2T05_25000.cool::/"
INFO:cooler.create:Writing chroms
INFO:cooler.create:Writing bins
INFO:cooler.create:Writing pixels
INFO:cooler._reduce:n_merge_epochs: 22
INFO:cooler._reduce:nnzs: [5814605, 5689369, 5757826, 5748287, 5747769, 5715529, 5758362, 5975107, 6161200, 6156499, 6155182, 6161381, 6163754, 6169783, 6184047, 6149349, 6180947, 6162396, 6165699, 6159868, 6174409, 6138415, 6163907, 6167041, 6150027, 6152163, 6178781, 6163560, 6152662, 5891245, 5729949, 5736917, 5733753, 5796395, 5732457, 5756306, 5712292, 5762068, 5782873, 5706684, 5730866, 5730896, 5734077, 6104797, 6165537, 6136463, 6152519, 6181237, 6148763, 6167112, 6156449, 6170803, 6136015, 6132564]
INFO:cooler._reduce:records consumed: [np.int64(268457), np.int64(263831), np.int64(265963), np.int64(265521), np.int64(264451), np.int64(264402), np.int64(267613), np.int64(275830), np.int64(284838), np.int64(286675), np.int64(286356), np.int64(284094), np.int64(284817), np.int64(286274), np.int64(288626), np.int64(284544), np.int64(288114), np.int64(284496), np.int64(285045), np.int64(284141), np.int64(286855), np.int64(285746), np.int64(286130), np.int64(286832), np.int64(285970), np.int64(285341), np.int64(287119), np.int64(284341), np.int64(284119), np.int64(272999), np.int64(265590), np.int64(263756), np.int64(263300), np.int64(268585), np.int64(265756), np.int64(268239), np.int64(262285), np.int64(269292), np.int64(267607), np.int64(261002), np.int64(264095), np.int64(264568), np.int64(264078), np.int64(283933), np.int64(287220), np.int64(287140), np.int64(285461), np.int64(288514), np.int64(286510), np.int64(287311), np.int64(284581), np.int64(286477), np.int64(283309), np.int64(284442)]
INFO:cooler._reduce:records consumed: [np.int64(536284), np.int64(526151), np.int64(533074), np.int64(532779), np.int64(530487), np.int64(528360), np.int64(534066), np.int64(552525), np.int64(571901), np.int64(572510), np.int64(572697), np.int64(569356), np.int64(570559), np.int64(573219), np.int64(578960), np.int64(568872), np.int64(573970), np.int64(571807), np.int64(571917), np.int64(568584), np.int64(573839), np.int64(570794), np.int64(571731), np.int64(572080), np.int64(569767), np.int64(568780), np.int64(572546), np.int64(569335), np.int64(570448), np.int64(545711), np.int64(529873), np.int64(527867), np.int64(527312), np.int64(536774), np.int64(530503), np.int64(533988), np.int64(526709), np.int64(536029), np.int64(536919), np.int64(523328), np.int64(527851), np.int64(529898), np.int64(529863), np.int64(567724), np.int64(574037), np.int64(571745), np.int64(572172), np.int64(575543), np.int64(572059), np.int64(573606), np.int64(571192), np.int64(571338), np.int64(567507), np.int64(569380)]
INFO:cooler._reduce:records consumed: [np.int64(804029), np.int64(791066), np.int64(800828), np.int64(800126), np.int64(794095), np.int64(793071), np.int64(800814), np.int64(829484), np.int64(856376), np.int64(858811), np.int64(857439), np.int64(855249), np.int64(854827), np.int64(858736), np.int64(866152), np.int64(853510), np.int64(861089), np.int64(857703), np.int64(857318), np.int64(853891), np.int64(860210), np.int64(854800), np.int64(856721), np.int64(857976), np.int64(854701), np.int64(855244), np.int64(858191), np.int64(856234), np.int64(855732), np.int64(818414), np.int64(794234), np.int64(791236), np.int64(791662), np.int64(805248), np.int64(795267), np.int64(800253), np.int64(790560), np.int64(801271), np.int64(804867), np.int64(785592), np.int64(793772), np.int64(794959), np.int64(795506), np.int64(851782), np.int64(860577), np.int64(856111), np.int64(858854), np.int64(862592), np.int64(857221), np.int64(859311), np.int64(857671), np.int64(858386), np.int64(852397), np.int64(854634)]
INFO:cooler._reduce:records consumed: [np.int64(1072643), np.int64(1054520), np.int64(1068229), np.int64(1066282), np.int64(1059422), np.int64(1057539), np.int64(1068208), np.int64(1107562), np.int64(1141741), np.int64(1143887), np.int64(1141678), np.int64(1139656), np.int64(1141693), np.int64(1144482), np.int64(1153115), np.int64(1136954), np.int64(1147359), np.int64(1142590), np.int64(1143198), np.int64(1139336), np.int64(1147230), np.int64(1138588), np.int64(1143081), np.int64(1144021), np.int64(1142111), np.int64(1139460), np.int64(1145111), np.int64(1141458), np.int64(1140980), np.int64(1090717), np.int64(1061328), np.int64(1058091), np.int64(1056110), np.int64(1072200), np.int64(1060708), np.int64(1065389), np.int64(1053637), np.int64(1068075), np.int64(1071611), np.int64(1049977), np.int64(1059674), np.int64(1059893), np.int64(1060715), np.int64(1133614), np.int64(1147799), np.int64(1142233), np.int64(1143904), np.int64(1148923), np.int64(1142927), np.int64(1145385), np.int64(1142592), np.int64(1144322), np.int64(1138472), np.int64(1138636)]
INFO:cooler._reduce:records consumed: [np.int64(1342541), np.int64(1319600), np.int64(1336305), np.int64(1332685), np.int64(1324956), np.int64(1321385), np.int64(1334120), np.int64(1385450), np.int64(1428766), np.int64(1427852), np.int64(1428891), np.int64(1425502), np.int64(1427695), np.int64(1429122), np.int64(1438539), np.int64(1423766), np.int64(1431712), np.int64(1429241), np.int64(1428329), np.int64(1424299), np.int64(1433696), np.int64(1422330), np.int64(1428228), np.int64(1430305), np.int64(1429283), np.int64(1423814), np.int64(1429922), np.int64(1426896), np.int64(1427631), np.int64(1363208), np.int64(1327628), np.int64(1323554), np.int64(1321033), np.int64(1338726), np.int64(1327115), np.int64(1330255), np.int64(1317105), np.int64(1335392), np.int64(1339796), np.int64(1315647), np.int64(1324638), np.int64(1325862), np.int64(1325269), np.int64(1416386), np.int64(1433350), np.int64(1428345), np.int64(1426292), np.int64(1435913), np.int64(1428049), np.int64(1430854), np.int64(1429252), np.int64(1428157), np.int64(1423605), np.int64(1422693)]
INFO:cooler._reduce:records consumed: [np.int64(1611646), np.int64(1582959), np.int64(1601920), np.int64(1598729), np.int64(1592030), np.int64(1585998), np.int64(1600417), np.int64(1662309), np.int64(1713715), np.int64(1712963), np.int64(1713407), np.int64(1711179), np.int64(1713599), np.int64(1714585), np.int64(1724281), np.int64(1708854), np.int64(1718704), np.int64(1715136), np.int64(1714733), np.int64(1710480), np.int64(1721296), np.int64(1706465), np.int64(1714722), np.int64(1714707), np.int64(1714252), np.int64(1709309), np.int64(1715643), np.int64(1712450), np.int64(1711776), np.int64(1634980), np.int64(1593833), np.int64(1588291), np.int64(1586218), np.int64(1607761), np.int64(1592763), np.int64(1596794), np.int64(1581808), np.int64(1601609), np.int64(1606835), np.int64(1581775), np.int64(1591498), np.int64(1590695), np.int64(1590499), np.int64(1697738), np.int64(1719088), np.int64(1712337), np.int64(1713064), np.int64(1723045), np.int64(1711721), np.int64(1716623), np.int64(1716226), np.int64(1713925), np.int64(1709829), np.int64(1706942)]
INFO:cooler._reduce:records consumed: [np.int64(1879870), np.int64(1846735), np.int64(1869231), np.int64(1864635), np.int64(1859664), np.int64(1848969), np.int64(1866245), np.int64(1938835), np.int64(1998691), np.int64(1997721), np.int64(1999758), np.int64(1999157), np.int64(1997444), np.int64(2000162), np.int64(2010590), np.int64(1993549), np.int64(2004309), np.int64(2001531), np.int64(1999323), np.int64(1996098), np.int64(2007764), np.int64(1990101), np.int64(2003207), np.int64(2000585), np.int64(1999874), np.int64(1994930), np.int64(2001919), np.int64(1999886), np.int64(1997068), np.int64(1906558), np.int64(1858752), np.int64(1856740), np.int64(1850717), np.int64(1875673), np.int64(1858149), np.int64(1862476), np.int64(1845585), np.int64(1869078), np.int64(1873821), np.int64(1846049), np.int64(1856913), np.int64(1854399), np.int64(1857910), np.int64(1980863), np.int64(2003546), np.int64(1996242), np.int64(1998283), np.int64(2008739), np.int64(1997185), np.int64(2003827), np.int64(2002296), np.int64(1999890), np.int64(1993345), np.int64(1992545)]
INFO:cooler._reduce:records consumed: [np.int64(2146562), np.int64(2108258), np.int64(2136399), np.int64(2130738), np.int64(2126523), np.int64(2115028), np.int64(2131249), np.int64(2215638), np.int64(2283785), np.int64(2282241), np.int64(2284695), np.int64(2284703), np.int64(2283126), np.int64(2284780), np.int64(2295885), np.int64(2278051), np.int64(2289980), np.int64(2288156), np.int64(2283412), np.int64(2281747), np.int64(2291738), np.int64(2275576), np.int64(2290502), np.int64(2285841), np.int64(2285092), np.int64(2280307), np.int64(2289855), np.int64(2285426), np.int64(2282030), np.int64(2179042), np.int64(2124176), np.int64(2123929), np.int64(2116732), np.int64(2144846), np.int64(2124152), np.int64(2129068), np.int64(2110738), np.int64(2134112), np.int64(2142057), np.int64(2110044), np.int64(2121367), np.int64(2118885), np.int64(2124829), np.int64(2263750), np.int64(2290237), np.int64(2280561), np.int64(2283742), np.int64(2295130), np.int64(2283793), np.int64(2291005), np.int64(2287921), np.int64(2288786), np.int64(2277885), np.int64(2274739)]
INFO:cooler._reduce:records consumed: [np.int64(2415477), np.int64(2370624), np.int64(2402700), np.int64(2396170), np.int64(2393267), np.int64(2379121), np.int64(2397526), np.int64(2492103), np.int64(2569825), np.int64(2568446), np.int64(2569296), np.int64(2570220), np.int64(2568697), np.int64(2569462), np.int64(2582892), np.int64(2562575), np.int64(2575841), np.int64(2575656), np.int64(2568925), np.int64(2567397), np.int64(2579003), np.int64(2561699), np.int64(2575944), np.int64(2571396), np.int64(2570339), np.int64(2566356), np.int64(2577609), np.int64(2573126), np.int64(2568193), np.int64(2450964), np.int64(2387255), np.int64(2389836), np.int64(2384420), np.int64(2412016), np.int64(2388361), np.int64(2395352), np.int64(2376547), np.int64(2396846), np.int64(2409431), np.int64(2374395), np.int64(2387174), np.int64(2384296), np.int64(2389423), np.int64(2545463), np.int64(2576456), np.int64(2565679), np.int64(2567238), np.int64(2584726), np.int64(2568012), np.int64(2576507), np.int64(2573204), np.int64(2575104), np.int64(2562032), np.int64(2560317)]
INFO:cooler._reduce:records consumed: [np.int64(2685876), np.int64(2634303), np.int64(2670025), np.int64(2662204), np.int64(2661534), np.int64(2643268), np.int64(2664470), np.int64(2767491), np.int64(2856279), np.int64(2854128), np.int64(2855697), np.int64(2854856), np.int64(2854948), np.int64(2853818), np.int64(2870486), np.int64(2847817), np.int64(2861424), np.int64(2862117), np.int64(2854608), np.int64(2853259), np.int64(2865221), np.int64(2846076), np.int64(2861934), np.int64(2859224), np.int64(2853140), np.int64(2851998), np.int64(2863900), np.int64(2858784), np.int64(2853038), np.int64(2723414), np.int64(2652569), np.int64(2653988), np.int64(2648962), np.int64(2679721), np.int64(2652726), np.int64(2660507), np.int64(2640331), np.int64(2662576), np.int64(2677533), np.int64(2638388), np.int64(2652886), np.int64(2650375), np.int64(2654930), np.int64(2827866), np.int64(2862754), np.int64(2850541), np.int64(2852729), np.int64(2871816), np.int64(2854079), np.int64(2861631), np.int64(2858734), np.int64(2861990), np.int64(2846973), np.int64(2844780)]
INFO:cooler._reduce:records consumed: [np.int64(2953081), np.int64(2897278), np.int64(2935648), np.int64(2928310), np.int64(2927448), np.int64(2908019), np.int64(2931745), np.int64(3045730), np.int64(3141297), np.int64(3139587), np.int64(3140566), np.int64(3139769), np.int64(3140903), np.int64(3137433), np.int64(3158582), np.int64(3133722), np.int64(3147861), np.int64(3149786), np.int64(3141661), np.int64(3139120), np.int64(3151578), np.int64(3132610), np.int64(3145750), np.int64(3146993), np.int64(3137240), np.int64(3140320), np.int64(3151193), np.int64(3144618), np.int64(3138932), np.int64(2997424), np.int64(2917369), np.int64(2919668), np.int64(2913464), np.int64(2945044), np.int64(2917356), np.int64(2927274), np.int64(2904299), np.int64(2930886), np.int64(2944326), np.int64(2901814), np.int64(2916971), np.int64(2914551), np.int64(2921794), np.int64(3109918), np.int64(3148645), np.int64(3135373), np.int64(3136183), np.int64(3157939), np.int64(3140120), np.int64(3146366), np.int64(3143303), np.int64(3149632), np.int64(3131244), np.int64(3129760)]
INFO:cooler._reduce:records consumed: [np.int64(3223771), np.int64(3161225), np.int64(3201819), np.int64(3194409), np.int64(3193528), np.int64(3172210), np.int64(3198901), np.int64(3321644), np.int64(3428364), np.int64(3426531), np.int64(3426573), np.int64(3424862), np.int64(3427159), np.int64(3424695), np.int64(3444462), np.int64(3417933), np.int64(3435522), np.int64(3434338), np.int64(3427331), np.int64(3424128), np.int64(3437745), np.int64(3418753), np.int64(3430989), np.int64(3432750), np.int64(3421303), np.int64(3424831), np.int64(3437341), np.int64(3430621), np.int64(3425214), np.int64(3270853), np.int64(3181856), np.int64(3184764), np.int64(3179524), np.int64(3214326), np.int64(3182434), np.int64(3194322), np.int64(3167749), np.int64(3197663), np.int64(3212171), np.int64(3166242), np.int64(3182968), np.int64(3178447), np.int64(3186067), np.int64(3391977), np.int64(3431950), np.int64(3419268), np.int64(3421734), np.int64(3445046), np.int64(3424627), np.int64(3431952), np.int64(3427754), np.int64(3437425), np.int64(3415873), np.int64(3414634)]
INFO:cooler._reduce:records consumed: [np.int64(3494112), np.int64(3424768), np.int64(3468638), np.int64(3461483), np.int64(3458680), np.int64(3435833), np.int64(3464749), np.int64(3598012), np.int64(3712905), np.int64(3710583), np.int64(3711318), np.int64(3710967), np.int64(3712803), np.int64(3711872), np.int64(3730087), np.int64(3703400), np.int64(3722850), np.int64(3718767), np.int64(3712977), np.int64(3708361), np.int64(3723018), np.int64(3702602), np.int64(3716533), np.int64(3718706), np.int64(3708259), np.int64(3709988), np.int64(3724889), np.int64(3716888), np.int64(3710753), np.int64(3544786), np.int64(3447218), np.int64(3450821), np.int64(3444501), np.int64(3485217), np.int64(3448758), np.int64(3461213), np.int64(3432686), np.int64(3464254), np.int64(3479868), np.int64(3431102), np.int64(3447782), np.int64(3444003), np.int64(3451256), np.int64(3675461), np.int64(3717366), np.int64(3702144), np.int64(3706464), np.int64(3730314), np.int64(3709054), np.int64(3715858), np.int64(3712519), np.int64(3722920), np.int64(3701046), np.int64(3699746)]
INFO:cooler._reduce:records consumed: [np.int64(3766146), np.int64(3689081), np.int64(3734672), np.int64(3727866), np.int64(3724656), np.int64(3701189), np.int64(3732020), np.int64(3874530), np.int64(3997594), np.int64(3996293), np.int64(3997581), np.int64(3997549), np.int64(3999252), np.int64(3999545), np.int64(4015964), np.int64(3990345), np.int64(4009441), np.int64(4002142), np.int64(3998755), np.int64(3994059), np.int64(4006770), np.int64(3987617), np.int64(4002765), np.int64(4004347), np.int64(3994559), np.int64(3994463), np.int64(4009529), np.int64(4002342), np.int64(3995702), np.int64(3816211), np.int64(3713082), np.int64(3716810), np.int64(3712927), np.int64(3753576), np.int64(3714366), np.int64(3726735), np.int64(3696825), np.int64(3731908), np.int64(3746133), np.int64(3692973), np.int64(3713279), np.int64(3708962), np.int64(3715533), np.int64(3958812), np.int64(4004066), np.int64(3986271), np.int64(3992190), np.int64(4015658), np.int64(3994000), np.int64(4000493), np.int64(3996554), np.int64(4009957), np.int64(3985454), np.int64(3981695)]
INFO:cooler._reduce:records consumed: [np.int64(4036023), np.int64(3953206), np.int64(4001155), np.int64(3993718), np.int64(3990777), np.int64(3966253), np.int64(3998003), np.int64(4150410), np.int64(4283598), np.int64(4282186), np.int64(4283727), np.int64(4283302), np.int64(4285429), np.int64(4286062), np.int64(4302442), np.int64(4276158), np.int64(4296291), np.int64(4286967), np.int64(4284164), np.int64(4280407), np.int64(4292505), np.int64(4271922), np.int64(4287469), np.int64(4288406), np.int64(4279290), np.int64(4278764), np.int64(4295679), np.int64(4286612), np.int64(4280688), np.int64(4090038), np.int64(3976846), np.int64(3981863), np.int64(3980007), np.int64(4021582), np.int64(3980428), np.int64(3992966), np.int64(3962111), np.int64(3998841), np.int64(4014787), np.int64(3956259), np.int64(3979314), np.int64(3977361), np.int64(3981377), np.int64(4241036), np.int64(4287568), np.int64(4272025), np.int64(4277955), np.int64(4301636), np.int64(4279217), np.int64(4286646), np.int64(4280810), np.int64(4295346), np.int64(4269612), np.int64(4265477)]
INFO:cooler._reduce:records consumed: [np.int64(4306754), np.int64(4216720), np.int64(4266662), np.int64(4259771), np.int64(4257819), np.int64(4230421), np.int64(4263364), np.int64(4427488), np.int64(4569290), np.int64(4567244), np.int64(4569002), np.int64(4567536), np.int64(4569570), np.int64(4571486), np.int64(4587660), np.int64(4560174), np.int64(4582020), np.int64(4573095), np.int64(4569330), np.int64(4566038), np.int64(4577897), np.int64(4555512), np.int64(4574267), np.int64(4575365), np.int64(4564875), np.int64(4565433), np.int64(4581757), np.int64(4571816), np.int64(4566431), np.int64(4364178), np.int64(4241618), np.int64(4246330), np.int64(4246022), np.int64(4291128), np.int64(4246917), np.int64(4261536), np.int64(4227960), np.int64(4265195), np.int64(4281001), np.int64(4221065), np.int64(4244921), np.int64(4243689), np.int64(4247556), np.int64(4523129), np.int64(4575250), np.int64(4555450), np.int64(4562783), np.int64(4586856), np.int64(4562318), np.int64(4573590), np.int64(4566699), np.int64(4580074), np.int64(4554575), np.int64(4549239)]
INFO:cooler._reduce:records consumed: [np.int64(4575535), np.int64(4480299), np.int64(4534537), np.int64(4526089), np.int64(4525544), np.int64(4494969), np.int64(4529643), np.int64(4703220), np.int64(4856533), np.int64(4852888), np.int64(4853294), np.int64(4851250), np.int64(4855690), np.int64(4857986), np.int64(4873010), np.int64(4846306), np.int64(4868933), np.int64(4857556), np.int64(4854480), np.int64(4850995), np.int64(4865771), np.int64(4840349), np.int64(4859850), np.int64(4860291), np.int64(4848098), np.int64(4849149), np.int64(4868099), np.int64(4858050), np.int64(4850086), np.int64(4637881), np.int64(4507734), np.int64(4511830), np.int64(4511717), np.int64(4560765), np.int64(4512193), np.int64(4527843), np.int64(4494019), np.int64(4531155), np.int64(4549129), np.int64(4487785), np.int64(4510158), np.int64(4509488), np.int64(4512817), np.int64(4806285), np.int64(4860869), np.int64(4839241), np.int64(4847994), np.int64(4872498), np.int64(4844416), np.int64(4860377), np.int64(4853041), np.int64(4866077), np.int64(4838361), np.int64(4832969)]
INFO:cooler._reduce:records consumed: [np.int64(4845180), np.int64(4742386), np.int64(4802038), np.int64(4791948), np.int64(4792594), np.int64(4760709), np.int64(4797525), np.int64(4979909), np.int64(5142547), np.int64(5136620), np.int64(5138436), np.int64(5137576), np.int64(5140546), np.int64(5144552), np.int64(5159747), np.int64(5131308), np.int64(5155732), np.int64(5141965), np.int64(5139281), np.int64(5137888), np.int64(5152020), np.int64(5123363), np.int64(5143408), np.int64(5145394), np.int64(5133702), np.int64(5134025), np.int64(5155005), np.int64(5144331), np.int64(5134113), np.int64(4911226), np.int64(4775705), np.int64(4777924), np.int64(4777425), np.int64(4830977), np.int64(4777601), np.int64(4796342), np.int64(4758673), np.int64(4797677), np.int64(4815935), np.int64(4754590), np.int64(4775326), np.int64(4775563), np.int64(4779108), np.int64(5089203), np.int64(5144933), np.int64(5122956), np.int64(5131375), np.int64(5157673), np.int64(5127469), np.int64(5146238), np.int64(5135596), np.int64(5152290), np.int64(5122065), np.int64(5118875)]
INFO:cooler._reduce:records consumed: [np.int64(5116136), np.int64(5004558), np.int64(5067449), np.int64(5058637), np.int64(5058908), np.int64(5026456), np.int64(5064647), np.int64(5257264), np.int64(5428209), np.int64(5421730), np.int64(5422822), np.int64(5422542), np.int64(5426059), np.int64(5431890), np.int64(5445820), np.int64(5415470), np.int64(5442433), np.int64(5427294), np.int64(5426651), np.int64(5421264), np.int64(5437248), np.int64(5407020), np.int64(5427725), np.int64(5431547), np.int64(5416648), np.int64(5418344), np.int64(5440274), np.int64(5429943), np.int64(5420241), np.int64(5184355), np.int64(5042133), np.int64(5043904), np.int64(5043692), np.int64(5100196), np.int64(5042725), np.int64(5064696), np.int64(5024526), np.int64(5064863), np.int64(5086052), np.int64(5019751), np.int64(5039920), np.int64(5042561), np.int64(5044392), np.int64(5372941), np.int64(5430348), np.int64(5406061), np.int64(5416523), np.int64(5444249), np.int64(5412422), np.int64(5431844), np.int64(5421228), np.int64(5437062), np.int64(5403717), np.int64(5402812)]
INFO:cooler._reduce:records consumed: [np.int64(5386749), np.int64(5268815), np.int64(5335583), np.int64(5325477), np.int64(5324624), np.int64(5291682), np.int64(5331590), np.int64(5535694), np.int64(5712548), np.int64(5706893), np.int64(5707338), np.int64(5709120), np.int64(5711479), np.int64(5717149), np.int64(5732846), np.int64(5699866), np.int64(5728115), np.int64(5713233), np.int64(5712417), np.int64(5706203), np.int64(5722048), np.int64(5690198), np.int64(5712051), np.int64(5715969), np.int64(5699911), np.int64(5703253), np.int64(5726536), np.int64(5716534), np.int64(5704678), np.int64(5457262), np.int64(5306809), np.int64(5311818), np.int64(5311219), np.int64(5368836), np.int64(5309062), np.int64(5330041), np.int64(5289201), np.int64(5333723), np.int64(5355643), np.int64(5284289), np.int64(5306365), np.int64(5308747), np.int64(5310711), np.int64(5655540), np.int64(5714098), np.int64(5688736), np.int64(5700733), np.int64(5729649), np.int64(5697843), np.int64(5717866), np.int64(5706753), np.int64(5720977), np.int64(5687995), np.int64(5685984)]
INFO:cooler._reduce:records consumed: [np.int64(5655926), np.int64(5533821), np.int64(5601936), np.int64(5592501), np.int64(5590599), np.int64(5558909), np.int64(5600860), np.int64(5812389), np.int64(5996372), np.int64(5991464), np.int64(5991097), np.int64(5994855), np.int64(5997413), np.int64(6004032), np.int64(6017362), np.int64(5983549), np.int64(6013417), np.int64(5996453), np.int64(5998072), np.int64(5992375), np.int64(6007414), np.int64(5972618), np.int64(5998300), np.int64(6000146), np.int64(5984640), np.int64(5987187), np.int64(6012817), np.int64(5999472), np.int64(5988128), np.int64(5731438), np.int64(5573795), np.int64(5580063), np.int64(5577503), np.int64(5638287), np.int64(5575818), np.int64(5597914), np.int64(5556381), np.int64(5602953), np.int64(5625054), np.int64(5549610), np.int64(5573610), np.int64(5574316), np.int64(5577298), np.int64(5939153), np.int64(5998545), np.int64(5971895), np.int64(5986226), np.int64(6014584), np.int64(5982970), np.int64(6001079), np.int64(5991303), np.int64(6004932), np.int64(5971676), np.int64(5968216)]
INFO:cooler._reduce:records consumed: [np.int64(5814605), np.int64(5689369), np.int64(5757826), np.int64(5748287), np.int64(5747769), np.int64(5715529), np.int64(5758362), np.int64(5975107), np.int64(6161200), np.int64(6156499), np.int64(6155182), np.int64(6161381), np.int64(6163754), np.int64(6169783), np.int64(6184047), np.int64(6149349), np.int64(6180947), np.int64(6162396), np.int64(6165699), np.int64(6159868), np.int64(6174409), np.int64(6138415), np.int64(6163907), np.int64(6167041), np.int64(6150027), np.int64(6152163), np.int64(6178781), np.int64(6163560), np.int64(6152662), np.int64(5891245), np.int64(5729949), np.int64(5736917), np.int64(5733753), np.int64(5796395), np.int64(5732457), np.int64(5756306), np.int64(5712292), np.int64(5762068), np.int64(5782873), np.int64(5706684), np.int64(5730866), np.int64(5730896), np.int64(5734077), np.int64(6104797), np.int64(6165537), np.int64(6136463), np.int64(6152519), np.int64(6181237), np.int64(6148763), np.int64(6167112), np.int64(6156449), np.int64(6170803), np.int64(6136015), np.int64(6132564)]
INFO:cooler.create:Writing indexes
INFO:cooler.create:Writing info
