INFO:cooler.create:Writing chunk 0: /mnt/storage3b/projects/no_ngsd/ahthapp1_T2T_ONT/analysis_other/porec/T2T09/cooler/tmp9dxnyin2.multi.cool::0
INFO:cooler.create:Creating cooler at "/mnt/storage3b/projects/no_ngsd/ahthapp1_T2T_ONT/analysis_other/porec/T2T09/cooler/tmp9dxnyin2.multi.cool::/0"
INFO:cooler.create:Writing chroms
INFO:cooler.create:Writing bins
INFO:cooler.create:Writing pixels
INFO:cooler.create:Writing indexes
INFO:cooler.create:Writing info
INFO:cooler.create:Writing chunk 1: /mnt/storage3b/projects/no_ngsd/ahthapp1_T2T_ONT/analysis_other/porec/T2T09/cooler/tmp9dxnyin2.multi.cool::1
INFO:cooler.create:Creating cooler at "/mnt/storage3b/projects/no_ngsd/ahthapp1_T2T_ONT/analysis_other/porec/T2T09/cooler/tmp9dxnyin2.multi.cool::/1"
INFO:cooler.create:Writing chroms
INFO:cooler.create:Writing bins
INFO:cooler.create:Writing pixels
INFO:cooler.create:Writing indexes
INFO:cooler.create:Writing info
INFO:cooler.create:Writing chunk 2: /mnt/storage3b/projects/no_ngsd/ahthapp1_T2T_ONT/analysis_other/porec/T2T09/cooler/tmp9dxnyin2.multi.cool::2
INFO:cooler.create:Creating cooler at "/mnt/storage3b/projects/no_ngsd/ahthapp1_T2T_ONT/analysis_other/porec/T2T09/cooler/tmp9dxnyin2.multi.cool::/2"
INFO:cooler.create:Writing chroms
INFO:cooler.create:Writing bins
INFO:cooler.create:Writing pixels
INFO:cooler.create:Writing indexes
INFO:cooler.create:Writing info
INFO:cooler.create:Writing chunk 3: /mnt/storage3b/projects/no_ngsd/ahthapp1_T2T_ONT/analysis_other/porec/T2T09/cooler/tmp9dxnyin2.multi.cool::3
INFO:cooler.create:Creating cooler at "/mnt/storage3b/projects/no_ngsd/ahthapp1_T2T_ONT/analysis_other/porec/T2T09/cooler/tmp9dxnyin2.multi.cool::/3"
INFO:cooler.create:Writing chroms
INFO:cooler.create:Writing bins
INFO:cooler.create:Writing pixels
INFO:cooler.create:Writing indexes
INFO:cooler.create:Writing info
INFO:cooler.create:Writing chunk 4: /mnt/storage3b/projects/no_ngsd/ahthapp1_T2T_ONT/analysis_other/porec/T2T09/cooler/tmp9dxnyin2.multi.cool::4
INFO:cooler.create:Creating cooler at "/mnt/storage3b/projects/no_ngsd/ahthapp1_T2T_ONT/analysis_other/porec/T2T09/cooler/tmp9dxnyin2.multi.cool::/4"
INFO:cooler.create:Writing chroms
INFO:cooler.create:Writing bins
INFO:cooler.create:Writing pixels
INFO:cooler.create:Writing indexes
INFO:cooler.create:Writing info
INFO:cooler.create:Writing chunk 5: /mnt/storage3b/projects/no_ngsd/ahthapp1_T2T_ONT/analysis_other/porec/T2T09/cooler/tmp9dxnyin2.multi.cool::5
INFO:cooler.create:Creating cooler at "/mnt/storage3b/projects/no_ngsd/ahthapp1_T2T_ONT/analysis_other/porec/T2T09/cooler/tmp9dxnyin2.multi.cool::/5"
INFO:cooler.create:Writing chroms
INFO:cooler.create:Writing bins
INFO:cooler.create:Writing pixels
INFO:cooler.create:Writing indexes
INFO:cooler.create:Writing info
INFO:cooler.create:Writing chunk 6: /mnt/storage3b/projects/no_ngsd/ahthapp1_T2T_ONT/analysis_other/porec/T2T09/cooler/tmp9dxnyin2.multi.cool::6
INFO:cooler.create:Creating cooler at "/mnt/storage3b/projects/no_ngsd/ahthapp1_T2T_ONT/analysis_other/porec/T2T09/cooler/tmp9dxnyin2.multi.cool::/6"
INFO:cooler.create:Writing chroms
INFO:cooler.create:Writing bins
INFO:cooler.create:Writing pixels
INFO:cooler.create:Writing indexes
INFO:cooler.create:Writing info
INFO:cooler.create:Writing chunk 7: /mnt/storage3b/projects/no_ngsd/ahthapp1_T2T_ONT/analysis_other/porec/T2T09/cooler/tmp9dxnyin2.multi.cool::7
INFO:cooler.create:Creating cooler at "/mnt/storage3b/projects/no_ngsd/ahthapp1_T2T_ONT/analysis_other/porec/T2T09/cooler/tmp9dxnyin2.multi.cool::/7"
INFO:cooler.create:Writing chroms
INFO:cooler.create:Writing bins
INFO:cooler.create:Writing pixels
INFO:cooler.create:Writing indexes
INFO:cooler.create:Writing info
INFO:cooler.create:Writing chunk 8: /mnt/storage3b/projects/no_ngsd/ahthapp1_T2T_ONT/analysis_other/porec/T2T09/cooler/tmp9dxnyin2.multi.cool::8
INFO:cooler.create:Creating cooler at "/mnt/storage3b/projects/no_ngsd/ahthapp1_T2T_ONT/analysis_other/porec/T2T09/cooler/tmp9dxnyin2.multi.cool::/8"
INFO:cooler.create:Writing chroms
INFO:cooler.create:Writing bins
INFO:cooler.create:Writing pixels
INFO:cooler.create:Writing indexes
INFO:cooler.create:Writing info
INFO:cooler.create:Writing chunk 9: /mnt/storage3b/projects/no_ngsd/ahthapp1_T2T_ONT/analysis_other/porec/T2T09/cooler/tmp9dxnyin2.multi.cool::9
INFO:cooler.create:Creating cooler at "/mnt/storage3b/projects/no_ngsd/ahthapp1_T2T_ONT/analysis_other/porec/T2T09/cooler/tmp9dxnyin2.multi.cool::/9"
INFO:cooler.create:Writing chroms
INFO:cooler.create:Writing bins
INFO:cooler.create:Writing pixels
INFO:cooler.create:Writing indexes
INFO:cooler.create:Writing info
INFO:cooler.create:Writing chunk 10: /mnt/storage3b/projects/no_ngsd/ahthapp1_T2T_ONT/analysis_other/porec/T2T09/cooler/tmp9dxnyin2.multi.cool::10
INFO:cooler.create:Creating cooler at "/mnt/storage3b/projects/no_ngsd/ahthapp1_T2T_ONT/analysis_other/porec/T2T09/cooler/tmp9dxnyin2.multi.cool::/10"
INFO:cooler.create:Writing chroms
INFO:cooler.create:Writing bins
INFO:cooler.create:Writing pixels
INFO:cooler.create:Writing indexes
INFO:cooler.create:Writing info
INFO:cooler.create:Writing chunk 11: /mnt/storage3b/projects/no_ngsd/ahthapp1_T2T_ONT/analysis_other/porec/T2T09/cooler/tmp9dxnyin2.multi.cool::11
INFO:cooler.create:Creating cooler at "/mnt/storage3b/projects/no_ngsd/ahthapp1_T2T_ONT/analysis_other/porec/T2T09/cooler/tmp9dxnyin2.multi.cool::/11"
INFO:cooler.create:Writing chroms
INFO:cooler.create:Writing bins
INFO:cooler.create:Writing pixels
INFO:cooler.create:Writing indexes
INFO:cooler.create:Writing info
INFO:cooler.create:Writing chunk 12: /mnt/storage3b/projects/no_ngsd/ahthapp1_T2T_ONT/analysis_other/porec/T2T09/cooler/tmp9dxnyin2.multi.cool::12
INFO:cooler.create:Creating cooler at "/mnt/storage3b/projects/no_ngsd/ahthapp1_T2T_ONT/analysis_other/porec/T2T09/cooler/tmp9dxnyin2.multi.cool::/12"
INFO:cooler.create:Writing chroms
INFO:cooler.create:Writing bins
INFO:cooler.create:Writing pixels
INFO:cooler.create:Writing indexes
INFO:cooler.create:Writing info
INFO:cooler.create:Writing chunk 13: /mnt/storage3b/projects/no_ngsd/ahthapp1_T2T_ONT/analysis_other/porec/T2T09/cooler/tmp9dxnyin2.multi.cool::13
INFO:cooler.create:Creating cooler at "/mnt/storage3b/projects/no_ngsd/ahthapp1_T2T_ONT/analysis_other/porec/T2T09/cooler/tmp9dxnyin2.multi.cool::/13"
INFO:cooler.create:Writing chroms
INFO:cooler.create:Writing bins
INFO:cooler.create:Writing pixels
INFO:cooler.create:Writing indexes
INFO:cooler.create:Writing info
INFO:cooler.create:Writing chunk 14: /mnt/storage3b/projects/no_ngsd/ahthapp1_T2T_ONT/analysis_other/porec/T2T09/cooler/tmp9dxnyin2.multi.cool::14
INFO:cooler.create:Creating cooler at "/mnt/storage3b/projects/no_ngsd/ahthapp1_T2T_ONT/analysis_other/porec/T2T09/cooler/tmp9dxnyin2.multi.cool::/14"
INFO:cooler.create:Writing chroms
INFO:cooler.create:Writing bins
INFO:cooler.create:Writing pixels
INFO:cooler.create:Writing indexes
INFO:cooler.create:Writing info
INFO:cooler.create:Writing chunk 15: /mnt/storage3b/projects/no_ngsd/ahthapp1_T2T_ONT/analysis_other/porec/T2T09/cooler/tmp9dxnyin2.multi.cool::15
INFO:cooler.create:Creating cooler at "/mnt/storage3b/projects/no_ngsd/ahthapp1_T2T_ONT/analysis_other/porec/T2T09/cooler/tmp9dxnyin2.multi.cool::/15"
INFO:cooler.create:Writing chroms
INFO:cooler.create:Writing bins
INFO:cooler.create:Writing pixels
INFO:cooler.create:Writing indexes
INFO:cooler.create:Writing info
INFO:cooler.create:Writing chunk 16: /mnt/storage3b/projects/no_ngsd/ahthapp1_T2T_ONT/analysis_other/porec/T2T09/cooler/tmp9dxnyin2.multi.cool::16
INFO:cooler.create:Creating cooler at "/mnt/storage3b/projects/no_ngsd/ahthapp1_T2T_ONT/analysis_other/porec/T2T09/cooler/tmp9dxnyin2.multi.cool::/16"
INFO:cooler.create:Writing chroms
INFO:cooler.create:Writing bins
INFO:cooler.create:Writing pixels
INFO:cooler.create:Writing indexes
INFO:cooler.create:Writing info
INFO:cooler.create:Writing chunk 17: /mnt/storage3b/projects/no_ngsd/ahthapp1_T2T_ONT/analysis_other/porec/T2T09/cooler/tmp9dxnyin2.multi.cool::17
INFO:cooler.create:Creating cooler at "/mnt/storage3b/projects/no_ngsd/ahthapp1_T2T_ONT/analysis_other/porec/T2T09/cooler/tmp9dxnyin2.multi.cool::/17"
INFO:cooler.create:Writing chroms
INFO:cooler.create:Writing bins
INFO:cooler.create:Writing pixels
INFO:cooler.create:Writing indexes
INFO:cooler.create:Writing info
INFO:cooler.create:Writing chunk 18: /mnt/storage3b/projects/no_ngsd/ahthapp1_T2T_ONT/analysis_other/porec/T2T09/cooler/tmp9dxnyin2.multi.cool::18
INFO:cooler.create:Creating cooler at "/mnt/storage3b/projects/no_ngsd/ahthapp1_T2T_ONT/analysis_other/porec/T2T09/cooler/tmp9dxnyin2.multi.cool::/18"
INFO:cooler.create:Writing chroms
INFO:cooler.create:Writing bins
INFO:cooler.create:Writing pixels
INFO:cooler.create:Writing indexes
INFO:cooler.create:Writing info
INFO:cooler.create:Writing chunk 19: /mnt/storage3b/projects/no_ngsd/ahthapp1_T2T_ONT/analysis_other/porec/T2T09/cooler/tmp9dxnyin2.multi.cool::19
INFO:cooler.create:Creating cooler at "/mnt/storage3b/projects/no_ngsd/ahthapp1_T2T_ONT/analysis_other/porec/T2T09/cooler/tmp9dxnyin2.multi.cool::/19"
INFO:cooler.create:Writing chroms
INFO:cooler.create:Writing bins
INFO:cooler.create:Writing pixels
INFO:cooler.create:Writing indexes
INFO:cooler.create:Writing info
INFO:cooler.create:Writing chunk 20: /mnt/storage3b/projects/no_ngsd/ahthapp1_T2T_ONT/analysis_other/porec/T2T09/cooler/tmp9dxnyin2.multi.cool::20
INFO:cooler.create:Creating cooler at "/mnt/storage3b/projects/no_ngsd/ahthapp1_T2T_ONT/analysis_other/porec/T2T09/cooler/tmp9dxnyin2.multi.cool::/20"
INFO:cooler.create:Writing chroms
INFO:cooler.create:Writing bins
INFO:cooler.create:Writing pixels
INFO:cooler.create:Writing indexes
INFO:cooler.create:Writing info
INFO:cooler.create:Writing chunk 21: /mnt/storage3b/projects/no_ngsd/ahthapp1_T2T_ONT/analysis_other/porec/T2T09/cooler/tmp9dxnyin2.multi.cool::21
INFO:cooler.create:Creating cooler at "/mnt/storage3b/projects/no_ngsd/ahthapp1_T2T_ONT/analysis_other/porec/T2T09/cooler/tmp9dxnyin2.multi.cool::/21"
INFO:cooler.create:Writing chroms
INFO:cooler.create:Writing bins
INFO:cooler.create:Writing pixels
INFO:cooler.create:Writing indexes
INFO:cooler.create:Writing info
INFO:cooler.create:Writing chunk 22: /mnt/storage3b/projects/no_ngsd/ahthapp1_T2T_ONT/analysis_other/porec/T2T09/cooler/tmp9dxnyin2.multi.cool::22
INFO:cooler.create:Creating cooler at "/mnt/storage3b/projects/no_ngsd/ahthapp1_T2T_ONT/analysis_other/porec/T2T09/cooler/tmp9dxnyin2.multi.cool::/22"
INFO:cooler.create:Writing chroms
INFO:cooler.create:Writing bins
INFO:cooler.create:Writing pixels
INFO:cooler.create:Writing indexes
INFO:cooler.create:Writing info
INFO:cooler.create:Writing chunk 23: /mnt/storage3b/projects/no_ngsd/ahthapp1_T2T_ONT/analysis_other/porec/T2T09/cooler/tmp9dxnyin2.multi.cool::23
INFO:cooler.create:Creating cooler at "/mnt/storage3b/projects/no_ngsd/ahthapp1_T2T_ONT/analysis_other/porec/T2T09/cooler/tmp9dxnyin2.multi.cool::/23"
INFO:cooler.create:Writing chroms
INFO:cooler.create:Writing bins
INFO:cooler.create:Writing pixels
INFO:cooler.create:Writing indexes
INFO:cooler.create:Writing info
INFO:cooler.create:Writing chunk 24: /mnt/storage3b/projects/no_ngsd/ahthapp1_T2T_ONT/analysis_other/porec/T2T09/cooler/tmp9dxnyin2.multi.cool::24
INFO:cooler.create:Creating cooler at "/mnt/storage3b/projects/no_ngsd/ahthapp1_T2T_ONT/analysis_other/porec/T2T09/cooler/tmp9dxnyin2.multi.cool::/24"
INFO:cooler.create:Writing chroms
INFO:cooler.create:Writing bins
INFO:cooler.create:Writing pixels
INFO:cooler.create:Writing indexes
INFO:cooler.create:Writing info
INFO:cooler.create:Writing chunk 25: /mnt/storage3b/projects/no_ngsd/ahthapp1_T2T_ONT/analysis_other/porec/T2T09/cooler/tmp9dxnyin2.multi.cool::25
INFO:cooler.create:Creating cooler at "/mnt/storage3b/projects/no_ngsd/ahthapp1_T2T_ONT/analysis_other/porec/T2T09/cooler/tmp9dxnyin2.multi.cool::/25"
INFO:cooler.create:Writing chroms
INFO:cooler.create:Writing bins
INFO:cooler.create:Writing pixels
INFO:cooler.create:Writing indexes
INFO:cooler.create:Writing info
INFO:cooler.create:Writing chunk 26: /mnt/storage3b/projects/no_ngsd/ahthapp1_T2T_ONT/analysis_other/porec/T2T09/cooler/tmp9dxnyin2.multi.cool::26
INFO:cooler.create:Creating cooler at "/mnt/storage3b/projects/no_ngsd/ahthapp1_T2T_ONT/analysis_other/porec/T2T09/cooler/tmp9dxnyin2.multi.cool::/26"
INFO:cooler.create:Writing chroms
INFO:cooler.create:Writing bins
INFO:cooler.create:Writing pixels
INFO:cooler.create:Writing indexes
INFO:cooler.create:Writing info
INFO:cooler.create:Writing chunk 27: /mnt/storage3b/projects/no_ngsd/ahthapp1_T2T_ONT/analysis_other/porec/T2T09/cooler/tmp9dxnyin2.multi.cool::27
INFO:cooler.create:Creating cooler at "/mnt/storage3b/projects/no_ngsd/ahthapp1_T2T_ONT/analysis_other/porec/T2T09/cooler/tmp9dxnyin2.multi.cool::/27"
INFO:cooler.create:Writing chroms
INFO:cooler.create:Writing bins
INFO:cooler.create:Writing pixels
INFO:cooler.create:Writing indexes
INFO:cooler.create:Writing info
INFO:cooler.create:Writing chunk 28: /mnt/storage3b/projects/no_ngsd/ahthapp1_T2T_ONT/analysis_other/porec/T2T09/cooler/tmp9dxnyin2.multi.cool::28
INFO:cooler.create:Creating cooler at "/mnt/storage3b/projects/no_ngsd/ahthapp1_T2T_ONT/analysis_other/porec/T2T09/cooler/tmp9dxnyin2.multi.cool::/28"
INFO:cooler.create:Writing chroms
INFO:cooler.create:Writing bins
INFO:cooler.create:Writing pixels
INFO:cooler.create:Writing indexes
INFO:cooler.create:Writing info
INFO:cooler.create:Writing chunk 29: /mnt/storage3b/projects/no_ngsd/ahthapp1_T2T_ONT/analysis_other/porec/T2T09/cooler/tmp9dxnyin2.multi.cool::29
INFO:cooler.create:Creating cooler at "/mnt/storage3b/projects/no_ngsd/ahthapp1_T2T_ONT/analysis_other/porec/T2T09/cooler/tmp9dxnyin2.multi.cool::/29"
INFO:cooler.create:Writing chroms
INFO:cooler.create:Writing bins
INFO:cooler.create:Writing pixels
INFO:cooler.create:Writing indexes
INFO:cooler.create:Writing info
INFO:cooler.create:Writing chunk 30: /mnt/storage3b/projects/no_ngsd/ahthapp1_T2T_ONT/analysis_other/porec/T2T09/cooler/tmp9dxnyin2.multi.cool::30
INFO:cooler.create:Creating cooler at "/mnt/storage3b/projects/no_ngsd/ahthapp1_T2T_ONT/analysis_other/porec/T2T09/cooler/tmp9dxnyin2.multi.cool::/30"
INFO:cooler.create:Writing chroms
INFO:cooler.create:Writing bins
INFO:cooler.create:Writing pixels
INFO:cooler.create:Writing indexes
INFO:cooler.create:Writing info
INFO:cooler.create:Writing chunk 31: /mnt/storage3b/projects/no_ngsd/ahthapp1_T2T_ONT/analysis_other/porec/T2T09/cooler/tmp9dxnyin2.multi.cool::31
INFO:cooler.create:Creating cooler at "/mnt/storage3b/projects/no_ngsd/ahthapp1_T2T_ONT/analysis_other/porec/T2T09/cooler/tmp9dxnyin2.multi.cool::/31"
INFO:cooler.create:Writing chroms
INFO:cooler.create:Writing bins
INFO:cooler.create:Writing pixels
INFO:cooler.create:Writing indexes
INFO:cooler.create:Writing info
INFO:cooler.create:Writing chunk 32: /mnt/storage3b/projects/no_ngsd/ahthapp1_T2T_ONT/analysis_other/porec/T2T09/cooler/tmp9dxnyin2.multi.cool::32
INFO:cooler.create:Creating cooler at "/mnt/storage3b/projects/no_ngsd/ahthapp1_T2T_ONT/analysis_other/porec/T2T09/cooler/tmp9dxnyin2.multi.cool::/32"
INFO:cooler.create:Writing chroms
INFO:cooler.create:Writing bins
INFO:cooler.create:Writing pixels
INFO:cooler.create:Writing indexes
INFO:cooler.create:Writing info
INFO:cooler.create:Writing chunk 33: /mnt/storage3b/projects/no_ngsd/ahthapp1_T2T_ONT/analysis_other/porec/T2T09/cooler/tmp9dxnyin2.multi.cool::33
INFO:cooler.create:Creating cooler at "/mnt/storage3b/projects/no_ngsd/ahthapp1_T2T_ONT/analysis_other/porec/T2T09/cooler/tmp9dxnyin2.multi.cool::/33"
INFO:cooler.create:Writing chroms
INFO:cooler.create:Writing bins
INFO:cooler.create:Writing pixels
INFO:cooler.create:Writing indexes
INFO:cooler.create:Writing info
INFO:cooler.create:Writing chunk 34: /mnt/storage3b/projects/no_ngsd/ahthapp1_T2T_ONT/analysis_other/porec/T2T09/cooler/tmp9dxnyin2.multi.cool::34
INFO:cooler.create:Creating cooler at "/mnt/storage3b/projects/no_ngsd/ahthapp1_T2T_ONT/analysis_other/porec/T2T09/cooler/tmp9dxnyin2.multi.cool::/34"
INFO:cooler.create:Writing chroms
INFO:cooler.create:Writing bins
INFO:cooler.create:Writing pixels
INFO:cooler.create:Writing indexes
INFO:cooler.create:Writing info
INFO:cooler.create:Writing chunk 35: /mnt/storage3b/projects/no_ngsd/ahthapp1_T2T_ONT/analysis_other/porec/T2T09/cooler/tmp9dxnyin2.multi.cool::35
INFO:cooler.create:Creating cooler at "/mnt/storage3b/projects/no_ngsd/ahthapp1_T2T_ONT/analysis_other/porec/T2T09/cooler/tmp9dxnyin2.multi.cool::/35"
INFO:cooler.create:Writing chroms
INFO:cooler.create:Writing bins
INFO:cooler.create:Writing pixels
INFO:cooler.create:Writing indexes
INFO:cooler.create:Writing info
INFO:cooler.create:Writing chunk 36: /mnt/storage3b/projects/no_ngsd/ahthapp1_T2T_ONT/analysis_other/porec/T2T09/cooler/tmp9dxnyin2.multi.cool::36
INFO:cooler.create:Creating cooler at "/mnt/storage3b/projects/no_ngsd/ahthapp1_T2T_ONT/analysis_other/porec/T2T09/cooler/tmp9dxnyin2.multi.cool::/36"
INFO:cooler.create:Writing chroms
INFO:cooler.create:Writing bins
INFO:cooler.create:Writing pixels
INFO:cooler.create:Writing indexes
INFO:cooler.create:Writing info
INFO:cooler.create:Writing chunk 37: /mnt/storage3b/projects/no_ngsd/ahthapp1_T2T_ONT/analysis_other/porec/T2T09/cooler/tmp9dxnyin2.multi.cool::37
INFO:cooler.create:Creating cooler at "/mnt/storage3b/projects/no_ngsd/ahthapp1_T2T_ONT/analysis_other/porec/T2T09/cooler/tmp9dxnyin2.multi.cool::/37"
INFO:cooler.create:Writing chroms
INFO:cooler.create:Writing bins
INFO:cooler.create:Writing pixels
INFO:cooler.create:Writing indexes
INFO:cooler.create:Writing info
INFO:cooler.create:Writing chunk 38: /mnt/storage3b/projects/no_ngsd/ahthapp1_T2T_ONT/analysis_other/porec/T2T09/cooler/tmp9dxnyin2.multi.cool::38
INFO:cooler.create:Creating cooler at "/mnt/storage3b/projects/no_ngsd/ahthapp1_T2T_ONT/analysis_other/porec/T2T09/cooler/tmp9dxnyin2.multi.cool::/38"
INFO:cooler.create:Writing chroms
INFO:cooler.create:Writing bins
INFO:cooler.create:Writing pixels
INFO:cooler.create:Writing indexes
INFO:cooler.create:Writing info
INFO:cooler.create:Writing chunk 39: /mnt/storage3b/projects/no_ngsd/ahthapp1_T2T_ONT/analysis_other/porec/T2T09/cooler/tmp9dxnyin2.multi.cool::39
INFO:cooler.create:Creating cooler at "/mnt/storage3b/projects/no_ngsd/ahthapp1_T2T_ONT/analysis_other/porec/T2T09/cooler/tmp9dxnyin2.multi.cool::/39"
INFO:cooler.create:Writing chroms
INFO:cooler.create:Writing bins
INFO:cooler.create:Writing pixels
INFO:cooler.create:Writing indexes
INFO:cooler.create:Writing info
INFO:cooler.create:Writing chunk 40: /mnt/storage3b/projects/no_ngsd/ahthapp1_T2T_ONT/analysis_other/porec/T2T09/cooler/tmp9dxnyin2.multi.cool::40
INFO:cooler.create:Creating cooler at "/mnt/storage3b/projects/no_ngsd/ahthapp1_T2T_ONT/analysis_other/porec/T2T09/cooler/tmp9dxnyin2.multi.cool::/40"
INFO:cooler.create:Writing chroms
INFO:cooler.create:Writing bins
INFO:cooler.create:Writing pixels
INFO:cooler.create:Writing indexes
INFO:cooler.create:Writing info
INFO:cooler.create:Writing chunk 41: /mnt/storage3b/projects/no_ngsd/ahthapp1_T2T_ONT/analysis_other/porec/T2T09/cooler/tmp9dxnyin2.multi.cool::41
INFO:cooler.create:Creating cooler at "/mnt/storage3b/projects/no_ngsd/ahthapp1_T2T_ONT/analysis_other/porec/T2T09/cooler/tmp9dxnyin2.multi.cool::/41"
INFO:cooler.create:Writing chroms
INFO:cooler.create:Writing bins
INFO:cooler.create:Writing pixels
INFO:cooler.create:Writing indexes
INFO:cooler.create:Writing info
INFO:cooler.create:Writing chunk 42: /mnt/storage3b/projects/no_ngsd/ahthapp1_T2T_ONT/analysis_other/porec/T2T09/cooler/tmp9dxnyin2.multi.cool::42
INFO:cooler.create:Creating cooler at "/mnt/storage3b/projects/no_ngsd/ahthapp1_T2T_ONT/analysis_other/porec/T2T09/cooler/tmp9dxnyin2.multi.cool::/42"
INFO:cooler.create:Writing chroms
INFO:cooler.create:Writing bins
INFO:cooler.create:Writing pixels
INFO:cooler.create:Writing indexes
INFO:cooler.create:Writing info
INFO:cooler.create:Writing chunk 43: /mnt/storage3b/projects/no_ngsd/ahthapp1_T2T_ONT/analysis_other/porec/T2T09/cooler/tmp9dxnyin2.multi.cool::43
INFO:cooler.create:Creating cooler at "/mnt/storage3b/projects/no_ngsd/ahthapp1_T2T_ONT/analysis_other/porec/T2T09/cooler/tmp9dxnyin2.multi.cool::/43"
INFO:cooler.create:Writing chroms
INFO:cooler.create:Writing bins
INFO:cooler.create:Writing pixels
INFO:cooler.create:Writing indexes
INFO:cooler.create:Writing info
INFO:cooler.create:Writing chunk 44: /mnt/storage3b/projects/no_ngsd/ahthapp1_T2T_ONT/analysis_other/porec/T2T09/cooler/tmp9dxnyin2.multi.cool::44
INFO:cooler.create:Creating cooler at "/mnt/storage3b/projects/no_ngsd/ahthapp1_T2T_ONT/analysis_other/porec/T2T09/cooler/tmp9dxnyin2.multi.cool::/44"
INFO:cooler.create:Writing chroms
INFO:cooler.create:Writing bins
INFO:cooler.create:Writing pixels
INFO:cooler.create:Writing indexes
INFO:cooler.create:Writing info
INFO:cooler.create:Writing chunk 45: /mnt/storage3b/projects/no_ngsd/ahthapp1_T2T_ONT/analysis_other/porec/T2T09/cooler/tmp9dxnyin2.multi.cool::45
INFO:cooler.create:Creating cooler at "/mnt/storage3b/projects/no_ngsd/ahthapp1_T2T_ONT/analysis_other/porec/T2T09/cooler/tmp9dxnyin2.multi.cool::/45"
INFO:cooler.create:Writing chroms
INFO:cooler.create:Writing bins
INFO:cooler.create:Writing pixels
INFO:cooler.create:Writing indexes
INFO:cooler.create:Writing info
INFO:cooler.create:Writing chunk 46: /mnt/storage3b/projects/no_ngsd/ahthapp1_T2T_ONT/analysis_other/porec/T2T09/cooler/tmp9dxnyin2.multi.cool::46
INFO:cooler.create:Creating cooler at "/mnt/storage3b/projects/no_ngsd/ahthapp1_T2T_ONT/analysis_other/porec/T2T09/cooler/tmp9dxnyin2.multi.cool::/46"
INFO:cooler.create:Writing chroms
INFO:cooler.create:Writing bins
INFO:cooler.create:Writing pixels
INFO:cooler.create:Writing indexes
INFO:cooler.create:Writing info
INFO:cooler.create:Merging into analysis_other/porec/T2T09/cooler/T2T09_10000.cool
INFO:cooler.create:Creating cooler at "/mnt/storage3b/projects/no_ngsd/ahthapp1_T2T_ONT/analysis_other/porec/T2T09/cooler/T2T09_10000.cool::/"
INFO:cooler.create:Writing chroms
INFO:cooler.create:Writing bins
INFO:cooler.create:Writing pixels
INFO:cooler._reduce:n_merge_epochs: 25
INFO:cooler._reduce:nnzs: [7766544, 7750594, 7744379, 7760991, 7720143, 7769406, 7775484, 7754176, 7795607, 7778108, 7773287, 7754541, 7738559, 7788841, 7759107, 7775994, 7762586, 7746811, 7773651, 7722350, 7779620, 7755669, 7760137, 7772768, 7751117, 7774653, 7782437, 7764674, 7760934, 7765027, 7780668, 7744266, 7744959, 7778692, 7738517, 7780891, 7760914, 7784967, 7787032, 7800252, 7786327, 7792441, 7802864, 7769730, 7774901, 7767928, 6495423]
INFO:cooler._reduce:records consumed: [np.int64(321223), np.int64(320819), np.int64(319238), np.int64(320035), np.int64(319034), np.int64(318727), np.int64(319847), np.int64(319928), np.int64(322857), np.int64(319620), np.int64(319305), np.int64(318164), np.int64(319032), np.int64(318043), np.int64(318246), np.int64(320175), np.int64(318246), np.int64(318201), np.int64(317617), np.int64(316758), np.int64(319973), np.int64(318746), np.int64(320692), np.int64(321429), np.int64(318428), np.int64(320769), np.int64(319442), np.int64(319511), np.int64(321688), np.int64(321831), np.int64(322099), np.int64(320338), np.int64(319932), np.int64(321144), np.int64(321366), np.int64(319238), np.int64(322640), np.int64(321634), np.int64(321789), np.int64(322392), np.int64(322040), np.int64(323037), np.int64(324533), np.int64(321628), np.int64(320466), np.int64(321115), np.int64(267038)]
INFO:cooler._reduce:records consumed: [np.int64(641989), np.int64(640553), np.int64(638969), np.int64(640321), np.int64(637077), np.int64(638002), np.int64(640733), np.int64(639216), np.int64(646053), np.int64(639756), np.int64(639865), np.int64(636806), np.int64(638702), np.int64(639955), np.int64(636534), np.int64(639033), np.int64(637838), np.int64(635836), np.int64(636530), np.int64(635002), np.int64(640249), np.int64(639240), np.int64(640325), np.int64(641925), np.int64(636803), np.int64(641190), np.int64(639380), np.int64(638794), np.int64(641469), np.int64(641730), np.int64(643449), np.int64(640465), np.int64(639099), np.int64(643708), np.int64(643029), np.int64(638596), np.int64(642721), np.int64(643308), np.int64(644768), np.int64(644312), np.int64(644799), np.int64(645156), np.int64(647606), np.int64(642538), np.int64(642105), np.int64(641228), np.int64(534181)]
INFO:cooler._reduce:records consumed: [np.int64(962065), np.int64(958410), np.int64(960103), np.int64(959927), np.int64(955108), np.int64(958444), np.int64(960338), np.int64(960129), np.int64(968420), np.int64(962350), np.int64(959733), np.int64(958035), np.int64(956498), np.int64(959898), np.int64(955483), np.int64(957520), np.int64(955395), np.int64(953727), np.int64(956693), np.int64(950560), np.int64(960863), np.int64(958330), np.int64(958684), np.int64(962493), np.int64(955350), np.int64(961519), np.int64(958721), np.int64(957757), np.int64(961870), np.int64(963528), np.int64(964162), np.int64(959477), np.int64(959949), np.int64(966606), np.int64(963477), np.int64(960604), np.int64(962079), np.int64(965033), np.int64(965910), np.int64(968210), np.int64(966352), np.int64(966881), np.int64(969643), np.int64(964249), np.int64(963643), np.int64(964539), np.int64(802763)]
INFO:cooler._reduce:records consumed: [np.int64(1283497), np.int64(1278549), np.int64(1280450), np.int64(1279826), np.int64(1273643), np.int64(1278724), np.int64(1279965), np.int64(1281084), np.int64(1291789), np.int64(1283575), np.int64(1279132), np.int64(1277081), np.int64(1274447), np.int64(1280511), np.int64(1274640), np.int64(1279300), np.int64(1272973), np.int64(1273794), np.int64(1275194), np.int64(1267803), np.int64(1281495), np.int64(1275665), np.int64(1277379), np.int64(1283123), np.int64(1276273), np.int64(1280252), np.int64(1276783), np.int64(1275425), np.int64(1281814), np.int64(1283783), np.int64(1286014), np.int64(1278561), np.int64(1279663), np.int64(1289239), np.int64(1283178), np.int64(1282937), np.int64(1281713), np.int64(1287391), np.int64(1287392), np.int64(1290265), np.int64(1288421), np.int64(1290350), np.int64(1292065), np.int64(1285151), np.int64(1283546), np.int64(1287051), np.int64(1071723)]
INFO:cooler._reduce:records consumed: [np.int64(1603382), np.int64(1597371), np.int64(1599690), np.int64(1600021), np.int64(1590890), np.int64(1601418), np.int64(1599511), np.int64(1600485), np.int64(1613705), np.int64(1603644), np.int64(1597673), np.int64(1594729), np.int64(1592364), np.int64(1600199), np.int64(1593806), np.int64(1601267), np.int64(1591054), np.int64(1593644), np.int64(1595133), np.int64(1584760), np.int64(1602889), np.int64(1594085), np.int64(1597021), np.int64(1603905), np.int64(1595948), np.int64(1599771), np.int64(1598216), np.int64(1594417), np.int64(1601366), np.int64(1604097), np.int64(1608498), np.int64(1598998), np.int64(1599674), np.int64(1611037), np.int64(1603494), np.int64(1604270), np.int64(1602602), np.int64(1608894), np.int64(1608396), np.int64(1612532), np.int64(1610970), np.int64(1613395), np.int64(1614615), np.int64(1604902), np.int64(1605005), np.int64(1609480), np.int64(1339603)]
INFO:cooler._reduce:records consumed: [np.int64(1923393), np.int64(1915896), np.int64(1920456), np.int64(1919515), np.int64(1909055), np.int64(1921123), np.int64(1919246), np.int64(1920008), np.int64(1937527), np.int64(1923612), np.int64(1916069), np.int64(1912445), np.int64(1911668), np.int64(1920669), np.int64(1914002), np.int64(1922243), np.int64(1908063), np.int64(1912764), np.int64(1915286), np.int64(1902127), np.int64(1924265), np.int64(1912517), np.int64(1916586), np.int64(1923141), np.int64(1915653), np.int64(1920440), np.int64(1917281), np.int64(1915254), np.int64(1920815), np.int64(1925352), np.int64(1930357), np.int64(1920091), np.int64(1921647), np.int64(1933382), np.int64(1922907), np.int64(1925722), np.int64(1921958), np.int64(1931068), np.int64(1930101), np.int64(1935956), np.int64(1934242), np.int64(1935707), np.int64(1936605), np.int64(1925509), np.int64(1925967), np.int64(1931294), np.int64(1605954)]
INFO:cooler._reduce:records consumed: [np.int64(2245262), np.int64(2235203), np.int64(2240357), np.int64(2237246), np.int64(2226920), np.int64(2242297), np.int64(2239371), np.int64(2239898), np.int64(2258669), np.int64(2245065), np.int64(2234659), np.int64(2230855), np.int64(2229048), np.int64(2242021), np.int64(2234554), np.int64(2240254), np.int64(2225987), np.int64(2231965), np.int64(2236024), np.int64(2219104), np.int64(2244348), np.int64(2231344), np.int64(2235150), np.int64(2244191), np.int64(2234959), np.int64(2241508), np.int64(2236805), np.int64(2234076), np.int64(2239992), np.int64(2246241), np.int64(2252994), np.int64(2240848), np.int64(2242606), np.int64(2255568), np.int64(2243530), np.int64(2248110), np.int64(2242294), np.int64(2252222), np.int64(2251697), np.int64(2258965), np.int64(2258400), np.int64(2257441), np.int64(2257909), np.int64(2245627), np.int64(2248023), np.int64(2253596), np.int64(1872622)]
INFO:cooler._reduce:records consumed: [np.int64(2565418), np.int64(2552969), np.int64(2562139), np.int64(2557148), np.int64(2544510), np.int64(2560908), np.int64(2558610), np.int64(2557606), np.int64(2580259), np.int64(2565243), np.int64(2553875), np.int64(2549690), np.int64(2547974), np.int64(2564552), np.int64(2554372), np.int64(2561044), np.int64(2545612), np.int64(2552919), np.int64(2556161), np.int64(2535515), np.int64(2565175), np.int64(2551219), np.int64(2553197), np.int64(2565323), np.int64(2552911), np.int64(2561387), np.int64(2555581), np.int64(2554499), np.int64(2560896), np.int64(2566828), np.int64(2573748), np.int64(2561728), np.int64(2563527), np.int64(2578176), np.int64(2563279), np.int64(2571370), np.int64(2563339), np.int64(2573879), np.int64(2574227), np.int64(2581349), np.int64(2580408), np.int64(2579142), np.int64(2580737), np.int64(2566859), np.int64(2569144), np.int64(2573491), np.int64(2139624)]
INFO:cooler._reduce:records consumed: [np.int64(2885368), np.int64(2871649), np.int64(2882078), np.int64(2876762), np.int64(2864222), np.int64(2881951), np.int64(2879030), np.int64(2875982), np.int64(2902809), np.int64(2884594), np.int64(2873699), np.int64(2870111), np.int64(2866850), np.int64(2885161), np.int64(2872941), np.int64(2881648), np.int64(2863297), np.int64(2872617), np.int64(2877538), np.int64(2853126), np.int64(2885302), np.int64(2870332), np.int64(2872116), np.int64(2884769), np.int64(2872632), np.int64(2882251), np.int64(2875344), np.int64(2874757), np.int64(2879452), np.int64(2888395), np.int64(2895765), np.int64(2881629), np.int64(2884296), np.int64(2899897), np.int64(2883329), np.int64(2891817), np.int64(2884790), np.int64(2895708), np.int64(2894875), np.int64(2902360), np.int64(2902743), np.int64(2900582), np.int64(2904359), np.int64(2888075), np.int64(2889313), np.int64(2894860), np.int64(2407560)]
INFO:cooler._reduce:records consumed: [np.int64(3205756), np.int64(3192079), np.int64(3201501), np.int64(3195783), np.int64(3183439), np.int64(3202923), np.int64(3200463), np.int64(3195842), np.int64(3224611), np.int64(3203311), np.int64(3195165), np.int64(3188401), np.int64(3184693), np.int64(3205725), np.int64(3191612), np.int64(3201617), np.int64(3184449), np.int64(3191913), np.int64(3198185), np.int64(3171289), np.int64(3205161), np.int64(3190613), np.int64(3191827), np.int64(3204550), np.int64(3192607), np.int64(3200883), np.int64(3196739), np.int64(3193174), np.int64(3198314), np.int64(3210479), np.int64(3218532), np.int64(3202073), np.int64(3205641), np.int64(3220719), np.int64(3203586), np.int64(3212284), np.int64(3203764), np.int64(3216364), np.int64(3215821), np.int64(3223085), np.int64(3223399), np.int64(3224150), np.int64(3225517), np.int64(3208268), np.int64(3211772), np.int64(3215370), np.int64(2675337)]
INFO:cooler._reduce:records consumed: [np.int64(3525453), np.int64(3511275), np.int64(3521602), np.int64(3518051), np.int64(3501033), np.int64(3523380), np.int64(3519358), np.int64(3514583), np.int64(3545099), np.int64(3523423), np.int64(3514853), np.int64(3507426), np.int64(3504670), np.int64(3527538), np.int64(3512110), np.int64(3521290), np.int64(3503946), np.int64(3510874), np.int64(3518689), np.int64(3486358), np.int64(3525700), np.int64(3509975), np.int64(3512182), np.int64(3525109), np.int64(3513691), np.int64(3521802), np.int64(3518421), np.int64(3512166), np.int64(3518155), np.int64(3531270), np.int64(3539822), np.int64(3524451), np.int64(3526717), np.int64(3541664), np.int64(3523093), np.int64(3534495), np.int64(3523051), np.int64(3536891), np.int64(3535799), np.int64(3545675), np.int64(3544251), np.int64(3545452), np.int64(3547616), np.int64(3528856), np.int64(3532489), np.int64(3536052), np.int64(2943011)]
INFO:cooler._reduce:records consumed: [np.int64(3845486), np.int64(3831214), np.int64(3841796), np.int64(3837821), np.int64(3819257), np.int64(3844248), np.int64(3839794), np.int64(3835212), np.int64(3867145), np.int64(3843350), np.int64(3834294), np.int64(3826026), np.int64(3823610), np.int64(3848625), np.int64(3832008), np.int64(3840105), np.int64(3823949), np.int64(3831173), np.int64(3838447), np.int64(3804582), np.int64(3846227), np.int64(3829630), np.int64(3832317), np.int64(3846655), np.int64(3833231), np.int64(3843995), np.int64(3839481), np.int64(3832687), np.int64(3839066), np.int64(3850905), np.int64(3861192), np.int64(3842769), np.int64(3847701), np.int64(3863612), np.int64(3842224), np.int64(3854336), np.int64(3843248), np.int64(3860679), np.int64(3857415), np.int64(3867148), np.int64(3864748), np.int64(3865510), np.int64(3869819), np.int64(3850115), np.int64(3852813), np.int64(3855467), np.int64(3209400)]
INFO:cooler._reduce:records consumed: [np.int64(4166316), np.int64(4151053), np.int64(4160841), np.int64(4158429), np.int64(4137704), np.int64(4164277), np.int64(4158806), np.int64(4155250), np.int64(4188217), np.int64(4164689), np.int64(4153909), np.int64(4145395), np.int64(4142680), np.int64(4168139), np.int64(4151627), np.int64(4160082), np.int64(4145020), np.int64(4151713), np.int64(4159118), np.int64(4122571), np.int64(4167234), np.int64(4148536), np.int64(4152637), np.int64(4166532), np.int64(4152972), np.int64(4164852), np.int64(4162276), np.int64(4151622), np.int64(4157257), np.int64(4171987), np.int64(4183762), np.int64(4162259), np.int64(4167374), np.int64(4184768), np.int64(4159625), np.int64(4176234), np.int64(4163500), np.int64(4182116), np.int64(4180121), np.int64(4190693), np.int64(4185504), np.int64(4187087), np.int64(4189481), np.int64(4172400), np.int64(4172714), np.int64(4175020), np.int64(3477156)]
INFO:cooler._reduce:records consumed: [np.int64(4486212), np.int64(4468927), np.int64(4480170), np.int64(4478061), np.int64(4455275), np.int64(4483567), np.int64(4478387), np.int64(4475645), np.int64(4510262), np.int64(4487246), np.int64(4475064), np.int64(4465318), np.int64(4460704), np.int64(4489863), np.int64(4472797), np.int64(4481803), np.int64(4465729), np.int64(4471234), np.int64(4479234), np.int64(4441888), np.int64(4486990), np.int64(4468109), np.int64(4472716), np.int64(4486697), np.int64(4470095), np.int64(4483980), np.int64(4482493), np.int64(4470703), np.int64(4477861), np.int64(4493622), np.int64(4505296), np.int64(4480582), np.int64(4487108), np.int64(4506856), np.int64(4478755), np.int64(4498414), np.int64(4483570), np.int64(4501552), np.int64(4501164), np.int64(4513927), np.int64(4506649), np.int64(4509251), np.int64(4509518), np.int64(4494161), np.int64(4493186), np.int64(4496387), np.int64(3745845)]
INFO:cooler._reduce:records consumed: [np.int64(4806437), np.int64(4788552), np.int64(4798811), np.int64(4797306), np.int64(4774306), np.int64(4803944), np.int64(4800125), np.int64(4796941), np.int64(4830943), np.int64(4808947), np.int64(4794850), np.int64(4786396), np.int64(4782071), np.int64(4811118), np.int64(4792916), np.int64(4802977), np.int64(4785369), np.int64(4791287), np.int64(4799510), np.int64(4761956), np.int64(4805135), np.int64(4786010), np.int64(4793715), np.int64(4805980), np.int64(4788797), np.int64(4805114), np.int64(4803996), np.int64(4793076), np.int64(4796147), np.int64(4815917), np.int64(4825035), np.int64(4798337), np.int64(4807089), np.int64(4828341), np.int64(4800258), np.int64(4817881), np.int64(4802431), np.int64(4822111), np.int64(4820790), np.int64(4834249), np.int64(4826865), np.int64(4831157), np.int64(4830415), np.int64(4815612), np.int64(4814553), np.int64(4817096), np.int64(4013052)]
INFO:cooler._reduce:records consumed: [np.int64(5126479), np.int64(5109077), np.int64(5118687), np.int64(5115395), np.int64(5093508), np.int64(5125045), np.int64(5121557), np.int64(5116823), np.int64(5152422), np.int64(5130999), np.int64(5116984), np.int64(5106447), np.int64(5101118), np.int64(5132636), np.int64(5112033), np.int64(5125377), np.int64(5104696), np.int64(5109481), np.int64(5120646), np.int64(5080578), np.int64(5126967), np.int64(5103989), np.int64(5112761), np.int64(5126657), np.int64(5106247), np.int64(5125245), np.int64(5126482), np.int64(5113893), np.int64(5116148), np.int64(5136803), np.int64(5144298), np.int64(5117810), np.int64(5125390), np.int64(5147803), np.int64(5119044), np.int64(5139665), np.int64(5120931), np.int64(5144998), np.int64(5140841), np.int64(5156936), np.int64(5148732), np.int64(5152870), np.int64(5152832), np.int64(5135356), np.int64(5134039), np.int64(5137701), np.int64(4280267)]
INFO:cooler._reduce:records consumed: [np.int64(5447136), np.int64(5427864), np.int64(5438367), np.int64(5433484), np.int64(5412409), np.int64(5445387), np.int64(5443416), np.int64(5436840), np.int64(5473639), np.int64(5452137), np.int64(5437826), np.int64(5426928), np.int64(5420539), np.int64(5453739), np.int64(5430864), np.int64(5445920), np.int64(5426071), np.int64(5430003), np.int64(5440240), np.int64(5400185), np.int64(5448597), np.int64(5423911), np.int64(5432153), np.int64(5447696), np.int64(5425740), np.int64(5445882), np.int64(5448184), np.int64(5433549), np.int64(5436599), np.int64(5458209), np.int64(5464862), np.int64(5436503), np.int64(5445012), np.int64(5468474), np.int64(5437811), np.int64(5459990), np.int64(5441136), np.int64(5466132), np.int64(5461922), np.int64(5477873), np.int64(5472034), np.int64(5472531), np.int64(5474249), np.int64(5454174), np.int64(5454384), np.int64(5457309), np.int64(4547315)]
INFO:cooler._reduce:records consumed: [np.int64(5767200), np.int64(5747508), np.int64(5757777), np.int64(5755500), np.int64(5730428), np.int64(5765773), np.int64(5763495), np.int64(5756083), np.int64(5796385), np.int64(5772775), np.int64(5758846), np.int64(5747324), np.int64(5740516), np.int64(5773917), np.int64(5753616), np.int64(5767061), np.int64(5747345), np.int64(5748200), np.int64(5761398), np.int64(5718668), np.int64(5768648), np.int64(5746162), np.int64(5753127), np.int64(5766548), np.int64(5745494), np.int64(5766768), np.int64(5768457), np.int64(5754062), np.int64(5756904), np.int64(5778057), np.int64(5783841), np.int64(5757182), np.int64(5763611), np.int64(5788154), np.int64(5755913), np.int64(5780363), np.int64(5761201), np.int64(5785924), np.int64(5783192), np.int64(5801024), np.int64(5793565), np.int64(5792551), np.int64(5796494), np.int64(5772680), np.int64(5775273), np.int64(5776523), np.int64(4814695)]
INFO:cooler._reduce:records consumed: [np.int64(6085886), np.int64(6068365), np.int64(6077539), np.int64(6075348), np.int64(6047967), np.int64(6084666), np.int64(6084271), np.int64(6076672), np.int64(6118326), np.int64(6094625), np.int64(6081093), np.int64(6067314), np.int64(6057966), np.int64(6095499), np.int64(6074094), np.int64(6086109), np.int64(6069215), np.int64(6068171), np.int64(6081407), np.int64(6037727), np.int64(6089417), np.int64(6066737), np.int64(6074131), np.int64(6087953), np.int64(6066391), np.int64(6088067), np.int64(6089422), np.int64(6074933), np.int64(6077813), np.int64(6098043), np.int64(6103730), np.int64(6074850), np.int64(6082567), np.int64(6109044), np.int64(6075316), np.int64(6101751), np.int64(6082252), np.int64(6106695), np.int64(6104727), np.int64(6122655), np.int64(6112984), np.int64(6112875), np.int64(6117483), np.int64(6092502), np.int64(6094258), np.int64(6096967), np.int64(5081232)]
INFO:cooler._reduce:records consumed: [np.int64(6406310), np.int64(6388644), np.int64(6397572), np.int64(6394769), np.int64(6366040), np.int64(6403803), np.int64(6405329), np.int64(6397219), np.int64(6438934), np.int64(6414881), np.int64(6401015), np.int64(6388400), np.int64(6377353), np.int64(6417328), np.int64(6393711), np.int64(6407442), np.int64(6391328), np.int64(6388621), np.int64(6402964), np.int64(6356284), np.int64(6411231), np.int64(6386438), np.int64(6393173), np.int64(6408265), np.int64(6386789), np.int64(6409767), np.int64(6411673), np.int64(6395448), np.int64(6398438), np.int64(6416519), np.int64(6423672), np.int64(6393587), np.int64(6402374), np.int64(6428796), np.int64(6392640), np.int64(6422183), np.int64(6402865), np.int64(6426856), np.int64(6425168), np.int64(6443987), np.int64(6431834), np.int64(6434427), np.int64(6439369), np.int64(6412764), np.int64(6415920), np.int64(6415872), np.int64(5349357)]
INFO:cooler._reduce:records consumed: [np.int64(6726521), np.int64(6708617), np.int64(6715255), np.int64(6716135), np.int64(6683052), np.int64(6725421), np.int64(6725417), np.int64(6716654), np.int64(6760656), np.int64(6734904), np.int64(6720510), np.int64(6708885), np.int64(6697210), np.int64(6739473), np.int64(6713595), np.int64(6727883), np.int64(6711309), np.int64(6707244), np.int64(6726235), np.int64(6675534), np.int64(6732179), np.int64(6709061), np.int64(6713260), np.int64(6728297), np.int64(6707951), np.int64(6730946), np.int64(6733651), np.int64(6714947), np.int64(6718187), np.int64(6736765), np.int64(6744895), np.int64(6713990), np.int64(6720780), np.int64(6749756), np.int64(6709239), np.int64(6743540), np.int64(6721268), np.int64(6745777), np.int64(6747107), np.int64(6764850), np.int64(6751838), np.int64(6755005), np.int64(6759917), np.int64(6732511), np.int64(6736968), np.int64(6736247), np.int64(5618275)]
INFO:cooler._reduce:records consumed: [np.int64(7044670), np.int64(7028669), np.int64(7032742), np.int64(7035204), np.int64(7000823), np.int64(7046611), np.int64(7046959), np.int64(7038275), np.int64(7081117), np.int64(7056784), np.int64(7043797), np.int64(7030460), np.int64(7016559), np.int64(7062888), np.int64(7034385), np.int64(7049346), np.int64(7032521), np.int64(7028209), np.int64(7047250), np.int64(6996296), np.int64(7052422), np.int64(7028427), np.int64(7035185), np.int64(7048874), np.int64(7027712), np.int64(7051549), np.int64(7055941), np.int64(7037402), np.int64(7038795), np.int64(7054664), np.int64(7064297), np.int64(7032522), np.int64(7037589), np.int64(7067752), np.int64(7026317), np.int64(7063778), np.int64(7040272), np.int64(7065307), np.int64(7068363), np.int64(7085968), np.int64(7072347), np.int64(7075593), np.int64(7080648), np.int64(7053975), np.int64(7056592), np.int64(7054322), np.int64(5888098)]
INFO:cooler._reduce:records consumed: [np.int64(7364267), np.int64(7349294), np.int64(7350561), np.int64(7355310), np.int64(7321780), np.int64(7366775), np.int64(7369218), np.int64(7357011), np.int64(7399757), np.int64(7377100), np.int64(7367093), np.int64(7351059), np.int64(7337104), np.int64(7384864), np.int64(7354916), np.int64(7371775), np.int64(7356732), np.int64(7347516), np.int64(7369732), np.int64(7317916), np.int64(7375154), np.int64(7349528), np.int64(7357150), np.int64(7370043), np.int64(7348390), np.int64(7372704), np.int64(7377871), np.int64(7359886), np.int64(7359836), np.int64(7372229), np.int64(7383317), np.int64(7350424), np.int64(7352652), np.int64(7385077), np.int64(7344625), np.int64(7383829), np.int64(7361631), np.int64(7384652), np.int64(7388459), np.int64(7403713), np.int64(7391917), np.int64(7395346), np.int64(7403551), np.int64(7372358), np.int64(7375809), np.int64(7373043), np.int64(6155359)]
INFO:cooler._reduce:records consumed: [np.int64(7685865), np.int64(7669793), np.int64(7666348), np.int64(7679635), np.int64(7640477), np.int64(7687411), np.int64(7693003), np.int64(7674445), np.int64(7717031), np.int64(7698340), np.int64(7691667), np.int64(7673482), np.int64(7658269), np.int64(7707533), np.int64(7678219), np.int64(7693819), np.int64(7680850), np.int64(7666930), np.int64(7692138), np.int64(7641250), np.int64(7698795), np.int64(7673975), np.int64(7678579), np.int64(7692395), np.int64(7670063), np.int64(7693803), np.int64(7701057), np.int64(7683430), np.int64(7680898), np.int64(7687975), np.int64(7702115), np.int64(7665820), np.int64(7667270), np.int64(7700333), np.int64(7660407), np.int64(7701649), np.int64(7681076), np.int64(7704784), np.int64(7707038), np.int64(7721522), np.int64(7708678), np.int64(7713654), np.int64(7723501), np.int64(7691105), np.int64(7695306), np.int64(7689997), np.int64(6426662)]
INFO:cooler._reduce:records consumed: [np.int64(7766544), np.int64(7750594), np.int64(7744379), np.int64(7760991), np.int64(7720143), np.int64(7769406), np.int64(7775484), np.int64(7754176), np.int64(7795607), np.int64(7778108), np.int64(7773287), np.int64(7754541), np.int64(7738559), np.int64(7788841), np.int64(7759107), np.int64(7775994), np.int64(7762586), np.int64(7746811), np.int64(7773651), np.int64(7722350), np.int64(7779620), np.int64(7755669), np.int64(7760137), np.int64(7772768), np.int64(7751117), np.int64(7774653), np.int64(7782437), np.int64(7764674), np.int64(7760934), np.int64(7765027), np.int64(7780668), np.int64(7744266), np.int64(7744959), np.int64(7778692), np.int64(7738517), np.int64(7780891), np.int64(7760914), np.int64(7784967), np.int64(7787032), np.int64(7800252), np.int64(7786327), np.int64(7792441), np.int64(7802864), np.int64(7769730), np.int64(7774901), np.int64(7767928), np.int64(6495423)]
INFO:cooler.create:Writing indexes
INFO:cooler.create:Writing info
