INFO:cooler.create:Writing chunk 0: /mnt/storage3b/projects/no_ngsd/ahthapp1_T2T_ONT/analysis_other/porec/T2T01/cooler/tmpdsqytftc.multi.cool::0
INFO:cooler.create:Creating cooler at "/mnt/storage3b/projects/no_ngsd/ahthapp1_T2T_ONT/analysis_other/porec/T2T01/cooler/tmpdsqytftc.multi.cool::/0"
INFO:cooler.create:Writing chroms
INFO:cooler.create:Writing bins
INFO:cooler.create:Writing pixels
INFO:cooler.create:Writing indexes
INFO:cooler.create:Writing info
INFO:cooler.create:Writing chunk 1: /mnt/storage3b/projects/no_ngsd/ahthapp1_T2T_ONT/analysis_other/porec/T2T01/cooler/tmpdsqytftc.multi.cool::1
INFO:cooler.create:Creating cooler at "/mnt/storage3b/projects/no_ngsd/ahthapp1_T2T_ONT/analysis_other/porec/T2T01/cooler/tmpdsqytftc.multi.cool::/1"
INFO:cooler.create:Writing chroms
INFO:cooler.create:Writing bins
INFO:cooler.create:Writing pixels
INFO:cooler.create:Writing indexes
INFO:cooler.create:Writing info
INFO:cooler.create:Writing chunk 2: /mnt/storage3b/projects/no_ngsd/ahthapp1_T2T_ONT/analysis_other/porec/T2T01/cooler/tmpdsqytftc.multi.cool::2
INFO:cooler.create:Creating cooler at "/mnt/storage3b/projects/no_ngsd/ahthapp1_T2T_ONT/analysis_other/porec/T2T01/cooler/tmpdsqytftc.multi.cool::/2"
INFO:cooler.create:Writing chroms
INFO:cooler.create:Writing bins
INFO:cooler.create:Writing pixels
INFO:cooler.create:Writing indexes
INFO:cooler.create:Writing info
INFO:cooler.create:Writing chunk 3: /mnt/storage3b/projects/no_ngsd/ahthapp1_T2T_ONT/analysis_other/porec/T2T01/cooler/tmpdsqytftc.multi.cool::3
INFO:cooler.create:Creating cooler at "/mnt/storage3b/projects/no_ngsd/ahthapp1_T2T_ONT/analysis_other/porec/T2T01/cooler/tmpdsqytftc.multi.cool::/3"
INFO:cooler.create:Writing chroms
INFO:cooler.create:Writing bins
INFO:cooler.create:Writing pixels
INFO:cooler.create:Writing indexes
INFO:cooler.create:Writing info
INFO:cooler.create:Writing chunk 4: /mnt/storage3b/projects/no_ngsd/ahthapp1_T2T_ONT/analysis_other/porec/T2T01/cooler/tmpdsqytftc.multi.cool::4
INFO:cooler.create:Creating cooler at "/mnt/storage3b/projects/no_ngsd/ahthapp1_T2T_ONT/analysis_other/porec/T2T01/cooler/tmpdsqytftc.multi.cool::/4"
INFO:cooler.create:Writing chroms
INFO:cooler.create:Writing bins
INFO:cooler.create:Writing pixels
INFO:cooler.create:Writing indexes
INFO:cooler.create:Writing info
INFO:cooler.create:Writing chunk 5: /mnt/storage3b/projects/no_ngsd/ahthapp1_T2T_ONT/analysis_other/porec/T2T01/cooler/tmpdsqytftc.multi.cool::5
INFO:cooler.create:Creating cooler at "/mnt/storage3b/projects/no_ngsd/ahthapp1_T2T_ONT/analysis_other/porec/T2T01/cooler/tmpdsqytftc.multi.cool::/5"
INFO:cooler.create:Writing chroms
INFO:cooler.create:Writing bins
INFO:cooler.create:Writing pixels
INFO:cooler.create:Writing indexes
INFO:cooler.create:Writing info
INFO:cooler.create:Writing chunk 6: /mnt/storage3b/projects/no_ngsd/ahthapp1_T2T_ONT/analysis_other/porec/T2T01/cooler/tmpdsqytftc.multi.cool::6
INFO:cooler.create:Creating cooler at "/mnt/storage3b/projects/no_ngsd/ahthapp1_T2T_ONT/analysis_other/porec/T2T01/cooler/tmpdsqytftc.multi.cool::/6"
INFO:cooler.create:Writing chroms
INFO:cooler.create:Writing bins
INFO:cooler.create:Writing pixels
INFO:cooler.create:Writing indexes
INFO:cooler.create:Writing info
INFO:cooler.create:Writing chunk 7: /mnt/storage3b/projects/no_ngsd/ahthapp1_T2T_ONT/analysis_other/porec/T2T01/cooler/tmpdsqytftc.multi.cool::7
INFO:cooler.create:Creating cooler at "/mnt/storage3b/projects/no_ngsd/ahthapp1_T2T_ONT/analysis_other/porec/T2T01/cooler/tmpdsqytftc.multi.cool::/7"
INFO:cooler.create:Writing chroms
INFO:cooler.create:Writing bins
INFO:cooler.create:Writing pixels
INFO:cooler.create:Writing indexes
INFO:cooler.create:Writing info
INFO:cooler.create:Writing chunk 8: /mnt/storage3b/projects/no_ngsd/ahthapp1_T2T_ONT/analysis_other/porec/T2T01/cooler/tmpdsqytftc.multi.cool::8
INFO:cooler.create:Creating cooler at "/mnt/storage3b/projects/no_ngsd/ahthapp1_T2T_ONT/analysis_other/porec/T2T01/cooler/tmpdsqytftc.multi.cool::/8"
INFO:cooler.create:Writing chroms
INFO:cooler.create:Writing bins
INFO:cooler.create:Writing pixels
INFO:cooler.create:Writing indexes
INFO:cooler.create:Writing info
INFO:cooler.create:Writing chunk 9: /mnt/storage3b/projects/no_ngsd/ahthapp1_T2T_ONT/analysis_other/porec/T2T01/cooler/tmpdsqytftc.multi.cool::9
INFO:cooler.create:Creating cooler at "/mnt/storage3b/projects/no_ngsd/ahthapp1_T2T_ONT/analysis_other/porec/T2T01/cooler/tmpdsqytftc.multi.cool::/9"
INFO:cooler.create:Writing chroms
INFO:cooler.create:Writing bins
INFO:cooler.create:Writing pixels
INFO:cooler.create:Writing indexes
INFO:cooler.create:Writing info
INFO:cooler.create:Writing chunk 10: /mnt/storage3b/projects/no_ngsd/ahthapp1_T2T_ONT/analysis_other/porec/T2T01/cooler/tmpdsqytftc.multi.cool::10
INFO:cooler.create:Creating cooler at "/mnt/storage3b/projects/no_ngsd/ahthapp1_T2T_ONT/analysis_other/porec/T2T01/cooler/tmpdsqytftc.multi.cool::/10"
INFO:cooler.create:Writing chroms
INFO:cooler.create:Writing bins
INFO:cooler.create:Writing pixels
INFO:cooler.create:Writing indexes
INFO:cooler.create:Writing info
INFO:cooler.create:Writing chunk 11: /mnt/storage3b/projects/no_ngsd/ahthapp1_T2T_ONT/analysis_other/porec/T2T01/cooler/tmpdsqytftc.multi.cool::11
INFO:cooler.create:Creating cooler at "/mnt/storage3b/projects/no_ngsd/ahthapp1_T2T_ONT/analysis_other/porec/T2T01/cooler/tmpdsqytftc.multi.cool::/11"
INFO:cooler.create:Writing chroms
INFO:cooler.create:Writing bins
INFO:cooler.create:Writing pixels
INFO:cooler.create:Writing indexes
INFO:cooler.create:Writing info
INFO:cooler.create:Writing chunk 12: /mnt/storage3b/projects/no_ngsd/ahthapp1_T2T_ONT/analysis_other/porec/T2T01/cooler/tmpdsqytftc.multi.cool::12
INFO:cooler.create:Creating cooler at "/mnt/storage3b/projects/no_ngsd/ahthapp1_T2T_ONT/analysis_other/porec/T2T01/cooler/tmpdsqytftc.multi.cool::/12"
INFO:cooler.create:Writing chroms
INFO:cooler.create:Writing bins
INFO:cooler.create:Writing pixels
INFO:cooler.create:Writing indexes
INFO:cooler.create:Writing info
INFO:cooler.create:Writing chunk 13: /mnt/storage3b/projects/no_ngsd/ahthapp1_T2T_ONT/analysis_other/porec/T2T01/cooler/tmpdsqytftc.multi.cool::13
INFO:cooler.create:Creating cooler at "/mnt/storage3b/projects/no_ngsd/ahthapp1_T2T_ONT/analysis_other/porec/T2T01/cooler/tmpdsqytftc.multi.cool::/13"
INFO:cooler.create:Writing chroms
INFO:cooler.create:Writing bins
INFO:cooler.create:Writing pixels
INFO:cooler.create:Writing indexes
INFO:cooler.create:Writing info
INFO:cooler.create:Writing chunk 14: /mnt/storage3b/projects/no_ngsd/ahthapp1_T2T_ONT/analysis_other/porec/T2T01/cooler/tmpdsqytftc.multi.cool::14
INFO:cooler.create:Creating cooler at "/mnt/storage3b/projects/no_ngsd/ahthapp1_T2T_ONT/analysis_other/porec/T2T01/cooler/tmpdsqytftc.multi.cool::/14"
INFO:cooler.create:Writing chroms
INFO:cooler.create:Writing bins
INFO:cooler.create:Writing pixels
INFO:cooler.create:Writing indexes
INFO:cooler.create:Writing info
INFO:cooler.create:Writing chunk 15: /mnt/storage3b/projects/no_ngsd/ahthapp1_T2T_ONT/analysis_other/porec/T2T01/cooler/tmpdsqytftc.multi.cool::15
INFO:cooler.create:Creating cooler at "/mnt/storage3b/projects/no_ngsd/ahthapp1_T2T_ONT/analysis_other/porec/T2T01/cooler/tmpdsqytftc.multi.cool::/15"
INFO:cooler.create:Writing chroms
INFO:cooler.create:Writing bins
INFO:cooler.create:Writing pixels
INFO:cooler.create:Writing indexes
INFO:cooler.create:Writing info
INFO:cooler.create:Writing chunk 16: /mnt/storage3b/projects/no_ngsd/ahthapp1_T2T_ONT/analysis_other/porec/T2T01/cooler/tmpdsqytftc.multi.cool::16
INFO:cooler.create:Creating cooler at "/mnt/storage3b/projects/no_ngsd/ahthapp1_T2T_ONT/analysis_other/porec/T2T01/cooler/tmpdsqytftc.multi.cool::/16"
INFO:cooler.create:Writing chroms
INFO:cooler.create:Writing bins
INFO:cooler.create:Writing pixels
INFO:cooler.create:Writing indexes
INFO:cooler.create:Writing info
INFO:cooler.create:Writing chunk 17: /mnt/storage3b/projects/no_ngsd/ahthapp1_T2T_ONT/analysis_other/porec/T2T01/cooler/tmpdsqytftc.multi.cool::17
INFO:cooler.create:Creating cooler at "/mnt/storage3b/projects/no_ngsd/ahthapp1_T2T_ONT/analysis_other/porec/T2T01/cooler/tmpdsqytftc.multi.cool::/17"
INFO:cooler.create:Writing chroms
INFO:cooler.create:Writing bins
INFO:cooler.create:Writing pixels
INFO:cooler.create:Writing indexes
INFO:cooler.create:Writing info
INFO:cooler.create:Writing chunk 18: /mnt/storage3b/projects/no_ngsd/ahthapp1_T2T_ONT/analysis_other/porec/T2T01/cooler/tmpdsqytftc.multi.cool::18
INFO:cooler.create:Creating cooler at "/mnt/storage3b/projects/no_ngsd/ahthapp1_T2T_ONT/analysis_other/porec/T2T01/cooler/tmpdsqytftc.multi.cool::/18"
INFO:cooler.create:Writing chroms
INFO:cooler.create:Writing bins
INFO:cooler.create:Writing pixels
INFO:cooler.create:Writing indexes
INFO:cooler.create:Writing info
INFO:cooler.create:Writing chunk 19: /mnt/storage3b/projects/no_ngsd/ahthapp1_T2T_ONT/analysis_other/porec/T2T01/cooler/tmpdsqytftc.multi.cool::19
INFO:cooler.create:Creating cooler at "/mnt/storage3b/projects/no_ngsd/ahthapp1_T2T_ONT/analysis_other/porec/T2T01/cooler/tmpdsqytftc.multi.cool::/19"
INFO:cooler.create:Writing chroms
INFO:cooler.create:Writing bins
INFO:cooler.create:Writing pixels
INFO:cooler.create:Writing indexes
INFO:cooler.create:Writing info
INFO:cooler.create:Writing chunk 20: /mnt/storage3b/projects/no_ngsd/ahthapp1_T2T_ONT/analysis_other/porec/T2T01/cooler/tmpdsqytftc.multi.cool::20
INFO:cooler.create:Creating cooler at "/mnt/storage3b/projects/no_ngsd/ahthapp1_T2T_ONT/analysis_other/porec/T2T01/cooler/tmpdsqytftc.multi.cool::/20"
INFO:cooler.create:Writing chroms
INFO:cooler.create:Writing bins
INFO:cooler.create:Writing pixels
INFO:cooler.create:Writing indexes
INFO:cooler.create:Writing info
INFO:cooler.create:Writing chunk 21: /mnt/storage3b/projects/no_ngsd/ahthapp1_T2T_ONT/analysis_other/porec/T2T01/cooler/tmpdsqytftc.multi.cool::21
INFO:cooler.create:Creating cooler at "/mnt/storage3b/projects/no_ngsd/ahthapp1_T2T_ONT/analysis_other/porec/T2T01/cooler/tmpdsqytftc.multi.cool::/21"
INFO:cooler.create:Writing chroms
INFO:cooler.create:Writing bins
INFO:cooler.create:Writing pixels
INFO:cooler.create:Writing indexes
INFO:cooler.create:Writing info
INFO:cooler.create:Writing chunk 22: /mnt/storage3b/projects/no_ngsd/ahthapp1_T2T_ONT/analysis_other/porec/T2T01/cooler/tmpdsqytftc.multi.cool::22
INFO:cooler.create:Creating cooler at "/mnt/storage3b/projects/no_ngsd/ahthapp1_T2T_ONT/analysis_other/porec/T2T01/cooler/tmpdsqytftc.multi.cool::/22"
INFO:cooler.create:Writing chroms
INFO:cooler.create:Writing bins
INFO:cooler.create:Writing pixels
INFO:cooler.create:Writing indexes
INFO:cooler.create:Writing info
INFO:cooler.create:Writing chunk 23: /mnt/storage3b/projects/no_ngsd/ahthapp1_T2T_ONT/analysis_other/porec/T2T01/cooler/tmpdsqytftc.multi.cool::23
INFO:cooler.create:Creating cooler at "/mnt/storage3b/projects/no_ngsd/ahthapp1_T2T_ONT/analysis_other/porec/T2T01/cooler/tmpdsqytftc.multi.cool::/23"
INFO:cooler.create:Writing chroms
INFO:cooler.create:Writing bins
INFO:cooler.create:Writing pixels
INFO:cooler.create:Writing indexes
INFO:cooler.create:Writing info
INFO:cooler.create:Writing chunk 24: /mnt/storage3b/projects/no_ngsd/ahthapp1_T2T_ONT/analysis_other/porec/T2T01/cooler/tmpdsqytftc.multi.cool::24
INFO:cooler.create:Creating cooler at "/mnt/storage3b/projects/no_ngsd/ahthapp1_T2T_ONT/analysis_other/porec/T2T01/cooler/tmpdsqytftc.multi.cool::/24"
INFO:cooler.create:Writing chroms
INFO:cooler.create:Writing bins
INFO:cooler.create:Writing pixels
INFO:cooler.create:Writing indexes
INFO:cooler.create:Writing info
INFO:cooler.create:Writing chunk 25: /mnt/storage3b/projects/no_ngsd/ahthapp1_T2T_ONT/analysis_other/porec/T2T01/cooler/tmpdsqytftc.multi.cool::25
INFO:cooler.create:Creating cooler at "/mnt/storage3b/projects/no_ngsd/ahthapp1_T2T_ONT/analysis_other/porec/T2T01/cooler/tmpdsqytftc.multi.cool::/25"
INFO:cooler.create:Writing chroms
INFO:cooler.create:Writing bins
INFO:cooler.create:Writing pixels
INFO:cooler.create:Writing indexes
INFO:cooler.create:Writing info
INFO:cooler.create:Writing chunk 26: /mnt/storage3b/projects/no_ngsd/ahthapp1_T2T_ONT/analysis_other/porec/T2T01/cooler/tmpdsqytftc.multi.cool::26
INFO:cooler.create:Creating cooler at "/mnt/storage3b/projects/no_ngsd/ahthapp1_T2T_ONT/analysis_other/porec/T2T01/cooler/tmpdsqytftc.multi.cool::/26"
INFO:cooler.create:Writing chroms
INFO:cooler.create:Writing bins
INFO:cooler.create:Writing pixels
INFO:cooler.create:Writing indexes
INFO:cooler.create:Writing info
INFO:cooler.create:Writing chunk 27: /mnt/storage3b/projects/no_ngsd/ahthapp1_T2T_ONT/analysis_other/porec/T2T01/cooler/tmpdsqytftc.multi.cool::27
INFO:cooler.create:Creating cooler at "/mnt/storage3b/projects/no_ngsd/ahthapp1_T2T_ONT/analysis_other/porec/T2T01/cooler/tmpdsqytftc.multi.cool::/27"
INFO:cooler.create:Writing chroms
INFO:cooler.create:Writing bins
INFO:cooler.create:Writing pixels
INFO:cooler.create:Writing indexes
INFO:cooler.create:Writing info
INFO:cooler.create:Writing chunk 28: /mnt/storage3b/projects/no_ngsd/ahthapp1_T2T_ONT/analysis_other/porec/T2T01/cooler/tmpdsqytftc.multi.cool::28
INFO:cooler.create:Creating cooler at "/mnt/storage3b/projects/no_ngsd/ahthapp1_T2T_ONT/analysis_other/porec/T2T01/cooler/tmpdsqytftc.multi.cool::/28"
INFO:cooler.create:Writing chroms
INFO:cooler.create:Writing bins
INFO:cooler.create:Writing pixels
INFO:cooler.create:Writing indexes
INFO:cooler.create:Writing info
INFO:cooler.create:Writing chunk 29: /mnt/storage3b/projects/no_ngsd/ahthapp1_T2T_ONT/analysis_other/porec/T2T01/cooler/tmpdsqytftc.multi.cool::29
INFO:cooler.create:Creating cooler at "/mnt/storage3b/projects/no_ngsd/ahthapp1_T2T_ONT/analysis_other/porec/T2T01/cooler/tmpdsqytftc.multi.cool::/29"
INFO:cooler.create:Writing chroms
INFO:cooler.create:Writing bins
INFO:cooler.create:Writing pixels
INFO:cooler.create:Writing indexes
INFO:cooler.create:Writing info
INFO:cooler.create:Writing chunk 30: /mnt/storage3b/projects/no_ngsd/ahthapp1_T2T_ONT/analysis_other/porec/T2T01/cooler/tmpdsqytftc.multi.cool::30
INFO:cooler.create:Creating cooler at "/mnt/storage3b/projects/no_ngsd/ahthapp1_T2T_ONT/analysis_other/porec/T2T01/cooler/tmpdsqytftc.multi.cool::/30"
INFO:cooler.create:Writing chroms
INFO:cooler.create:Writing bins
INFO:cooler.create:Writing pixels
INFO:cooler.create:Writing indexes
INFO:cooler.create:Writing info
INFO:cooler.create:Writing chunk 31: /mnt/storage3b/projects/no_ngsd/ahthapp1_T2T_ONT/analysis_other/porec/T2T01/cooler/tmpdsqytftc.multi.cool::31
INFO:cooler.create:Creating cooler at "/mnt/storage3b/projects/no_ngsd/ahthapp1_T2T_ONT/analysis_other/porec/T2T01/cooler/tmpdsqytftc.multi.cool::/31"
INFO:cooler.create:Writing chroms
INFO:cooler.create:Writing bins
INFO:cooler.create:Writing pixels
INFO:cooler.create:Writing indexes
INFO:cooler.create:Writing info
INFO:cooler.create:Writing chunk 32: /mnt/storage3b/projects/no_ngsd/ahthapp1_T2T_ONT/analysis_other/porec/T2T01/cooler/tmpdsqytftc.multi.cool::32
INFO:cooler.create:Creating cooler at "/mnt/storage3b/projects/no_ngsd/ahthapp1_T2T_ONT/analysis_other/porec/T2T01/cooler/tmpdsqytftc.multi.cool::/32"
INFO:cooler.create:Writing chroms
INFO:cooler.create:Writing bins
INFO:cooler.create:Writing pixels
INFO:cooler.create:Writing indexes
INFO:cooler.create:Writing info
INFO:cooler.create:Writing chunk 33: /mnt/storage3b/projects/no_ngsd/ahthapp1_T2T_ONT/analysis_other/porec/T2T01/cooler/tmpdsqytftc.multi.cool::33
INFO:cooler.create:Creating cooler at "/mnt/storage3b/projects/no_ngsd/ahthapp1_T2T_ONT/analysis_other/porec/T2T01/cooler/tmpdsqytftc.multi.cool::/33"
INFO:cooler.create:Writing chroms
INFO:cooler.create:Writing bins
INFO:cooler.create:Writing pixels
INFO:cooler.create:Writing indexes
INFO:cooler.create:Writing info
INFO:cooler.create:Writing chunk 34: /mnt/storage3b/projects/no_ngsd/ahthapp1_T2T_ONT/analysis_other/porec/T2T01/cooler/tmpdsqytftc.multi.cool::34
INFO:cooler.create:Creating cooler at "/mnt/storage3b/projects/no_ngsd/ahthapp1_T2T_ONT/analysis_other/porec/T2T01/cooler/tmpdsqytftc.multi.cool::/34"
INFO:cooler.create:Writing chroms
INFO:cooler.create:Writing bins
INFO:cooler.create:Writing pixels
INFO:cooler.create:Writing indexes
INFO:cooler.create:Writing info
INFO:cooler.create:Writing chunk 35: /mnt/storage3b/projects/no_ngsd/ahthapp1_T2T_ONT/analysis_other/porec/T2T01/cooler/tmpdsqytftc.multi.cool::35
INFO:cooler.create:Creating cooler at "/mnt/storage3b/projects/no_ngsd/ahthapp1_T2T_ONT/analysis_other/porec/T2T01/cooler/tmpdsqytftc.multi.cool::/35"
INFO:cooler.create:Writing chroms
INFO:cooler.create:Writing bins
INFO:cooler.create:Writing pixels
INFO:cooler.create:Writing indexes
INFO:cooler.create:Writing info
INFO:cooler.create:Writing chunk 36: /mnt/storage3b/projects/no_ngsd/ahthapp1_T2T_ONT/analysis_other/porec/T2T01/cooler/tmpdsqytftc.multi.cool::36
INFO:cooler.create:Creating cooler at "/mnt/storage3b/projects/no_ngsd/ahthapp1_T2T_ONT/analysis_other/porec/T2T01/cooler/tmpdsqytftc.multi.cool::/36"
INFO:cooler.create:Writing chroms
INFO:cooler.create:Writing bins
INFO:cooler.create:Writing pixels
INFO:cooler.create:Writing indexes
INFO:cooler.create:Writing info
INFO:cooler.create:Writing chunk 37: /mnt/storage3b/projects/no_ngsd/ahthapp1_T2T_ONT/analysis_other/porec/T2T01/cooler/tmpdsqytftc.multi.cool::37
INFO:cooler.create:Creating cooler at "/mnt/storage3b/projects/no_ngsd/ahthapp1_T2T_ONT/analysis_other/porec/T2T01/cooler/tmpdsqytftc.multi.cool::/37"
INFO:cooler.create:Writing chroms
INFO:cooler.create:Writing bins
INFO:cooler.create:Writing pixels
INFO:cooler.create:Writing indexes
INFO:cooler.create:Writing info
INFO:cooler.create:Writing chunk 38: /mnt/storage3b/projects/no_ngsd/ahthapp1_T2T_ONT/analysis_other/porec/T2T01/cooler/tmpdsqytftc.multi.cool::38
INFO:cooler.create:Creating cooler at "/mnt/storage3b/projects/no_ngsd/ahthapp1_T2T_ONT/analysis_other/porec/T2T01/cooler/tmpdsqytftc.multi.cool::/38"
INFO:cooler.create:Writing chroms
INFO:cooler.create:Writing bins
INFO:cooler.create:Writing pixels
INFO:cooler.create:Writing indexes
INFO:cooler.create:Writing info
INFO:cooler.create:Writing chunk 39: /mnt/storage3b/projects/no_ngsd/ahthapp1_T2T_ONT/analysis_other/porec/T2T01/cooler/tmpdsqytftc.multi.cool::39
INFO:cooler.create:Creating cooler at "/mnt/storage3b/projects/no_ngsd/ahthapp1_T2T_ONT/analysis_other/porec/T2T01/cooler/tmpdsqytftc.multi.cool::/39"
INFO:cooler.create:Writing chroms
INFO:cooler.create:Writing bins
INFO:cooler.create:Writing pixels
INFO:cooler.create:Writing indexes
INFO:cooler.create:Writing info
INFO:cooler.create:Writing chunk 40: /mnt/storage3b/projects/no_ngsd/ahthapp1_T2T_ONT/analysis_other/porec/T2T01/cooler/tmpdsqytftc.multi.cool::40
INFO:cooler.create:Creating cooler at "/mnt/storage3b/projects/no_ngsd/ahthapp1_T2T_ONT/analysis_other/porec/T2T01/cooler/tmpdsqytftc.multi.cool::/40"
INFO:cooler.create:Writing chroms
INFO:cooler.create:Writing bins
INFO:cooler.create:Writing pixels
INFO:cooler.create:Writing indexes
INFO:cooler.create:Writing info
INFO:cooler.create:Writing chunk 41: /mnt/storage3b/projects/no_ngsd/ahthapp1_T2T_ONT/analysis_other/porec/T2T01/cooler/tmpdsqytftc.multi.cool::41
INFO:cooler.create:Creating cooler at "/mnt/storage3b/projects/no_ngsd/ahthapp1_T2T_ONT/analysis_other/porec/T2T01/cooler/tmpdsqytftc.multi.cool::/41"
INFO:cooler.create:Writing chroms
INFO:cooler.create:Writing bins
INFO:cooler.create:Writing pixels
INFO:cooler.create:Writing indexes
INFO:cooler.create:Writing info
INFO:cooler.create:Writing chunk 42: /mnt/storage3b/projects/no_ngsd/ahthapp1_T2T_ONT/analysis_other/porec/T2T01/cooler/tmpdsqytftc.multi.cool::42
INFO:cooler.create:Creating cooler at "/mnt/storage3b/projects/no_ngsd/ahthapp1_T2T_ONT/analysis_other/porec/T2T01/cooler/tmpdsqytftc.multi.cool::/42"
INFO:cooler.create:Writing chroms
INFO:cooler.create:Writing bins
INFO:cooler.create:Writing pixels
INFO:cooler.create:Writing indexes
INFO:cooler.create:Writing info
INFO:cooler.create:Writing chunk 43: /mnt/storage3b/projects/no_ngsd/ahthapp1_T2T_ONT/analysis_other/porec/T2T01/cooler/tmpdsqytftc.multi.cool::43
INFO:cooler.create:Creating cooler at "/mnt/storage3b/projects/no_ngsd/ahthapp1_T2T_ONT/analysis_other/porec/T2T01/cooler/tmpdsqytftc.multi.cool::/43"
INFO:cooler.create:Writing chroms
INFO:cooler.create:Writing bins
INFO:cooler.create:Writing pixels
INFO:cooler.create:Writing indexes
INFO:cooler.create:Writing info
INFO:cooler.create:Writing chunk 44: /mnt/storage3b/projects/no_ngsd/ahthapp1_T2T_ONT/analysis_other/porec/T2T01/cooler/tmpdsqytftc.multi.cool::44
INFO:cooler.create:Creating cooler at "/mnt/storage3b/projects/no_ngsd/ahthapp1_T2T_ONT/analysis_other/porec/T2T01/cooler/tmpdsqytftc.multi.cool::/44"
INFO:cooler.create:Writing chroms
INFO:cooler.create:Writing bins
INFO:cooler.create:Writing pixels
INFO:cooler.create:Writing indexes
INFO:cooler.create:Writing info
INFO:cooler.create:Writing chunk 45: /mnt/storage3b/projects/no_ngsd/ahthapp1_T2T_ONT/analysis_other/porec/T2T01/cooler/tmpdsqytftc.multi.cool::45
INFO:cooler.create:Creating cooler at "/mnt/storage3b/projects/no_ngsd/ahthapp1_T2T_ONT/analysis_other/porec/T2T01/cooler/tmpdsqytftc.multi.cool::/45"
INFO:cooler.create:Writing chroms
INFO:cooler.create:Writing bins
INFO:cooler.create:Writing pixels
INFO:cooler.create:Writing indexes
INFO:cooler.create:Writing info
INFO:cooler.create:Writing chunk 46: /mnt/storage3b/projects/no_ngsd/ahthapp1_T2T_ONT/analysis_other/porec/T2T01/cooler/tmpdsqytftc.multi.cool::46
INFO:cooler.create:Creating cooler at "/mnt/storage3b/projects/no_ngsd/ahthapp1_T2T_ONT/analysis_other/porec/T2T01/cooler/tmpdsqytftc.multi.cool::/46"
INFO:cooler.create:Writing chroms
INFO:cooler.create:Writing bins
INFO:cooler.create:Writing pixels
INFO:cooler.create:Writing indexes
INFO:cooler.create:Writing info
INFO:cooler.create:Writing chunk 47: /mnt/storage3b/projects/no_ngsd/ahthapp1_T2T_ONT/analysis_other/porec/T2T01/cooler/tmpdsqytftc.multi.cool::47
INFO:cooler.create:Creating cooler at "/mnt/storage3b/projects/no_ngsd/ahthapp1_T2T_ONT/analysis_other/porec/T2T01/cooler/tmpdsqytftc.multi.cool::/47"
INFO:cooler.create:Writing chroms
INFO:cooler.create:Writing bins
INFO:cooler.create:Writing pixels
INFO:cooler.create:Writing indexes
INFO:cooler.create:Writing info
INFO:cooler.create:Writing chunk 48: /mnt/storage3b/projects/no_ngsd/ahthapp1_T2T_ONT/analysis_other/porec/T2T01/cooler/tmpdsqytftc.multi.cool::48
INFO:cooler.create:Creating cooler at "/mnt/storage3b/projects/no_ngsd/ahthapp1_T2T_ONT/analysis_other/porec/T2T01/cooler/tmpdsqytftc.multi.cool::/48"
INFO:cooler.create:Writing chroms
INFO:cooler.create:Writing bins
INFO:cooler.create:Writing pixels
INFO:cooler.create:Writing indexes
INFO:cooler.create:Writing info
INFO:cooler.create:Writing chunk 49: /mnt/storage3b/projects/no_ngsd/ahthapp1_T2T_ONT/analysis_other/porec/T2T01/cooler/tmpdsqytftc.multi.cool::49
INFO:cooler.create:Creating cooler at "/mnt/storage3b/projects/no_ngsd/ahthapp1_T2T_ONT/analysis_other/porec/T2T01/cooler/tmpdsqytftc.multi.cool::/49"
INFO:cooler.create:Writing chroms
INFO:cooler.create:Writing bins
INFO:cooler.create:Writing pixels
INFO:cooler.create:Writing indexes
INFO:cooler.create:Writing info
INFO:cooler.create:Writing chunk 50: /mnt/storage3b/projects/no_ngsd/ahthapp1_T2T_ONT/analysis_other/porec/T2T01/cooler/tmpdsqytftc.multi.cool::50
INFO:cooler.create:Creating cooler at "/mnt/storage3b/projects/no_ngsd/ahthapp1_T2T_ONT/analysis_other/porec/T2T01/cooler/tmpdsqytftc.multi.cool::/50"
INFO:cooler.create:Writing chroms
INFO:cooler.create:Writing bins
INFO:cooler.create:Writing pixels
INFO:cooler.create:Writing indexes
INFO:cooler.create:Writing info
INFO:cooler.create:Writing chunk 51: /mnt/storage3b/projects/no_ngsd/ahthapp1_T2T_ONT/analysis_other/porec/T2T01/cooler/tmpdsqytftc.multi.cool::51
INFO:cooler.create:Creating cooler at "/mnt/storage3b/projects/no_ngsd/ahthapp1_T2T_ONT/analysis_other/porec/T2T01/cooler/tmpdsqytftc.multi.cool::/51"
INFO:cooler.create:Writing chroms
INFO:cooler.create:Writing bins
INFO:cooler.create:Writing pixels
INFO:cooler.create:Writing indexes
INFO:cooler.create:Writing info
INFO:cooler.create:Writing chunk 52: /mnt/storage3b/projects/no_ngsd/ahthapp1_T2T_ONT/analysis_other/porec/T2T01/cooler/tmpdsqytftc.multi.cool::52
INFO:cooler.create:Creating cooler at "/mnt/storage3b/projects/no_ngsd/ahthapp1_T2T_ONT/analysis_other/porec/T2T01/cooler/tmpdsqytftc.multi.cool::/52"
INFO:cooler.create:Writing chroms
INFO:cooler.create:Writing bins
INFO:cooler.create:Writing pixels
INFO:cooler.create:Writing indexes
INFO:cooler.create:Writing info
INFO:cooler.create:Writing chunk 53: /mnt/storage3b/projects/no_ngsd/ahthapp1_T2T_ONT/analysis_other/porec/T2T01/cooler/tmpdsqytftc.multi.cool::53
INFO:cooler.create:Creating cooler at "/mnt/storage3b/projects/no_ngsd/ahthapp1_T2T_ONT/analysis_other/porec/T2T01/cooler/tmpdsqytftc.multi.cool::/53"
INFO:cooler.create:Writing chroms
INFO:cooler.create:Writing bins
INFO:cooler.create:Writing pixels
INFO:cooler.create:Writing indexes
INFO:cooler.create:Writing info
INFO:cooler.create:Merging into analysis_other/porec/T2T01/cooler/T2T01_1000.cool
INFO:cooler.create:Creating cooler at "/mnt/storage3b/projects/no_ngsd/ahthapp1_T2T_ONT/analysis_other/porec/T2T01/cooler/T2T01_1000.cool::/"
INFO:cooler.create:Writing chroms
INFO:cooler.create:Writing bins
INFO:cooler.create:Writing pixels
INFO:cooler._reduce:n_merge_epochs: 29
INFO:cooler._reduce:nnzs: [8062397, 8069173, 8059494, 8078730, 8028358, 8035310, 8062048, 8052794, 8054381, 8068647, 8040921, 8028166, 8000947, 8027047, 8000085, 8082161, 8068723, 8035235, 8074817, 8073498, 8066549, 8086111, 8085757, 8069224, 8075778, 8039734, 8087475, 8077026, 8063277, 8071614, 8036099, 8003454, 8007934, 8047234, 8010236, 8027332, 7994162, 8003108, 7985902, 8021491, 8008853, 8006559, 7990651, 8016716, 8009879, 7986191, 8012217, 8026394, 8008552, 7990184, 8020381, 7969161, 7970110, 4979107]
INFO:cooler._reduce:records consumed: [np.int64(282159), np.int64(281674), np.int64(283310), np.int64(284822), np.int64(279818), np.int64(281127), np.int64(281140), np.int64(281424), np.int64(280394), np.int64(281971), np.int64(280328), np.int64(279707), np.int64(277944), np.int64(278934), np.int64(280791), np.int64(282720), np.int64(282311), np.int64(278623), np.int64(280969), np.int64(284041), np.int64(282340), np.int64(282974), np.int64(281907), np.int64(282444), np.int64(283149), np.int64(283016), np.int64(283734), np.int64(284003), np.int64(283914), np.int64(281965), np.int64(278933), np.int64(278620), np.int64(277081), np.int64(280076), np.int64(276181), np.int64(279427), np.int64(276800), np.int64(276034), np.int64(276571), np.int64(277054), np.int64(278124), np.int64(277154), np.int64(276264), np.int64(275961), np.int64(277944), np.int64(276951), np.int64(279102), np.int64(277483), np.int64(277523), np.int64(276331), np.int64(276885), np.int64(274022), np.int64(276403), np.int64(169500)]
INFO:cooler._reduce:records consumed: [np.int64(562401), np.int64(563876), np.int64(565656), np.int64(569333), np.int64(560203), np.int64(560577), np.int64(563751), np.int64(563853), np.int64(562421), np.int64(564096), np.int64(560256), np.int64(558937), np.int64(556674), np.int64(557654), np.int64(561524), np.int64(565341), np.int64(564765), np.int64(557314), np.int64(561423), np.int64(565244), np.int64(566057), np.int64(563932), np.int64(565377), np.int64(561812), np.int64(563248), np.int64(564090), np.int64(567025), np.int64(568022), np.int64(565995), np.int64(562152), np.int64(557524), np.int64(557102), np.int64(554595), np.int64(559624), np.int64(555252), np.int64(556588), np.int64(555742), np.int64(552743), np.int64(553507), np.int64(554575), np.int64(557316), np.int64(555581), np.int64(552018), np.int64(554395), np.int64(556115), np.int64(554717), np.int64(558028), np.int64(555275), np.int64(557395), np.int64(553865), np.int64(554949), np.int64(548861), np.int64(551305), np.int64(340090)]
INFO:cooler._reduce:records consumed: [np.int64(843196), np.int64(844247), np.int64(846570), np.int64(850184), np.int64(841487), np.int64(838579), np.int64(845280), np.int64(846271), np.int64(844635), np.int64(847644), np.int64(838799), np.int64(837460), np.int64(833485), np.int64(835810), np.int64(839432), np.int64(846409), np.int64(844735), np.int64(836856), np.int64(842638), np.int64(848395), np.int64(849249), np.int64(846334), np.int64(848148), np.int64(843577), np.int64(845708), np.int64(843593), np.int64(849232), np.int64(852443), np.int64(848693), np.int64(843932), np.int64(836776), np.int64(835880), np.int64(833101), np.int64(840059), np.int64(833882), np.int64(834455), np.int64(834371), np.int64(832201), np.int64(829966), np.int64(831486), np.int64(836455), np.int64(834619), np.int64(828454), np.int64(833100), np.int64(835349), np.int64(832236), np.int64(835956), np.int64(832333), np.int64(836437), np.int64(832150), np.int64(834504), np.int64(825011), np.int64(827294), np.int64(511288)]
INFO:cooler._reduce:records consumed: [np.int64(1125406), np.int64(1126703), np.int64(1127823), np.int64(1132025), np.int64(1121607), np.int64(1119247), np.int64(1129488), np.int64(1128543), np.int64(1126154), np.int64(1129294), np.int64(1119133), np.int64(1115242), np.int64(1110876), np.int64(1114967), np.int64(1118254), np.int64(1128744), np.int64(1127558), np.int64(1116245), np.int64(1124762), np.int64(1131400), np.int64(1129329), np.int64(1128411), np.int64(1131842), np.int64(1124535), np.int64(1127605), np.int64(1123872), np.int64(1132306), np.int64(1133728), np.int64(1127566), np.int64(1125242), np.int64(1115838), np.int64(1111632), np.int64(1110016), np.int64(1119712), np.int64(1111983), np.int64(1112764), np.int64(1113390), np.int64(1108358), np.int64(1106512), np.int64(1111612), np.int64(1114233), np.int64(1112251), np.int64(1106053), np.int64(1110714), np.int64(1113484), np.int64(1111045), np.int64(1114275), np.int64(1110085), np.int64(1114122), np.int64(1109436), np.int64(1116067), np.int64(1101527), np.int64(1103552), np.int64(684060)]
INFO:cooler._reduce:records consumed: [np.int64(1403607), np.int64(1409485), np.int64(1409809), np.int64(1413120), np.int64(1403016), np.int64(1401514), np.int64(1413678), np.int64(1408688), np.int64(1408941), np.int64(1409928), np.int64(1399233), np.int64(1394388), np.int64(1387834), np.int64(1394819), np.int64(1397113), np.int64(1410948), np.int64(1411504), np.int64(1397178), np.int64(1409137), np.int64(1412918), np.int64(1410862), np.int64(1411936), np.int64(1416715), np.int64(1405290), np.int64(1409915), np.int64(1406920), np.int64(1414588), np.int64(1416665), np.int64(1408112), np.int64(1407455), np.int64(1395660), np.int64(1389160), np.int64(1386057), np.int64(1398120), np.int64(1389647), np.int64(1389997), np.int64(1390486), np.int64(1384869), np.int64(1384502), np.int64(1391353), np.int64(1391180), np.int64(1387694), np.int64(1382293), np.int64(1388342), np.int64(1392305), np.int64(1387242), np.int64(1392969), np.int64(1387548), np.int64(1391540), np.int64(1385437), np.int64(1394983), np.int64(1377385), np.int64(1380452), np.int64(856324)]
INFO:cooler._reduce:records consumed: [np.int64(1685744), np.int64(1691694), np.int64(1691291), np.int64(1694577), np.int64(1681680), np.int64(1683059), np.int64(1693212), np.int64(1689832), np.int64(1689797), np.int64(1694170), np.int64(1679016), np.int64(1672570), np.int64(1666778), np.int64(1675079), np.int64(1675431), np.int64(1695237), np.int64(1692862), np.int64(1676859), np.int64(1691221), np.int64(1695927), np.int64(1693199), np.int64(1694198), np.int64(1697209), np.int64(1687698), np.int64(1692906), np.int64(1683931), np.int64(1696924), np.int64(1700557), np.int64(1690565), np.int64(1685199), np.int64(1676230), np.int64(1668804), np.int64(1664730), np.int64(1678601), np.int64(1666366), np.int64(1666944), np.int64(1666977), np.int64(1661348), np.int64(1660439), np.int64(1668759), np.int64(1668019), np.int64(1666891), np.int64(1659146), np.int64(1664998), np.int64(1671284), np.int64(1664414), np.int64(1669044), np.int64(1667755), np.int64(1670112), np.int64(1663521), np.int64(1673709), np.int64(1656032), np.int64(1658715), np.int64(1029681)]
INFO:cooler._reduce:records consumed: [np.int64(1968001), np.int64(1973049), np.int64(1972157), np.int64(1977454), np.int64(1963447), np.int64(1963429), np.int64(1975010), np.int64(1971313), np.int64(1969488), np.int64(1977422), np.int64(1961032), np.int64(1952507), np.int64(1942409), np.int64(1953652), np.int64(1955289), np.int64(1977260), np.int64(1975406), np.int64(1960258), np.int64(1973908), np.int64(1978021), np.int64(1975111), np.int64(1974891), np.int64(1978447), np.int64(1970155), np.int64(1975480), np.int64(1964335), np.int64(1979772), np.int64(1983934), np.int64(1970063), np.int64(1965823), np.int64(1954663), np.int64(1946569), np.int64(1944321), np.int64(1956007), np.int64(1943455), np.int64(1946270), np.int64(1944862), np.int64(1940926), np.int64(1934822), np.int64(1944997), np.int64(1946629), np.int64(1944906), np.int64(1935828), np.int64(1941762), np.int64(1950075), np.int64(1941332), np.int64(1945726), np.int64(1945916), np.int64(1947971), np.int64(1941603), np.int64(1952989), np.int64(1933446), np.int64(1936463), np.int64(1200939)]
INFO:cooler._reduce:records consumed: [np.int64(2250835), np.int64(2254938), np.int64(2252867), np.int64(2259152), np.int64(2245038), np.int64(2243555), np.int64(2255492), np.int64(2252456), np.int64(2249772), np.int64(2258685), np.int64(2240183), np.int64(2229188), np.int64(2220395), np.int64(2230978), np.int64(2235170), np.int64(2259830), np.int64(2256705), np.int64(2241593), np.int64(2257121), np.int64(2261304), np.int64(2255040), np.int64(2256035), np.int64(2260784), np.int64(2252714), np.int64(2258839), np.int64(2244918), np.int64(2262372), np.int64(2267429), np.int64(2252033), np.int64(2248252), np.int64(2233501), np.int64(2224340), np.int64(2221740), np.int64(2234093), np.int64(2219964), np.int64(2223823), np.int64(2221337), np.int64(2220420), np.int64(2212227), np.int64(2224725), np.int64(2225491), np.int64(2223136), np.int64(2214710), np.int64(2222651), np.int64(2227795), np.int64(2218329), np.int64(2224496), np.int64(2223531), np.int64(2225524), np.int64(2217916), np.int64(2231852), np.int64(2209578), np.int64(2213580), np.int64(1372655)]
INFO:cooler._reduce:records consumed: [np.int64(2531938), np.int64(2534073), np.int64(2534820), np.int64(2540030), np.int64(2526934), np.int64(2524789), np.int64(2537817), np.int64(2531391), np.int64(2529875), np.int64(2540607), np.int64(2522295), np.int64(2509075), np.int64(2498666), np.int64(2507135), np.int64(2514933), np.int64(2540415), np.int64(2536584), np.int64(2521823), np.int64(2538269), np.int64(2542379), np.int64(2536028), np.int64(2537457), np.int64(2546672), np.int64(2533622), np.int64(2541785), np.int64(2525967), np.int64(2543487), np.int64(2549856), np.int64(2534460), np.int64(2528798), np.int64(2512782), np.int64(2503314), np.int64(2499116), np.int64(2512127), np.int64(2497854), np.int64(2499711), np.int64(2497590), np.int64(2499144), np.int64(2489877), np.int64(2503860), np.int64(2503884), np.int64(2501405), np.int64(2493107), np.int64(2503491), np.int64(2506121), np.int64(2494374), np.int64(2504193), np.int64(2504355), np.int64(2504553), np.int64(2494992), np.int64(2509565), np.int64(2488211), np.int64(2490558), np.int64(1545015)]
INFO:cooler._reduce:records consumed: [np.int64(2813416), np.int64(2816045), np.int64(2817000), np.int64(2822248), np.int64(2806419), np.int64(2803517), np.int64(2817402), np.int64(2812453), np.int64(2811081), np.int64(2822383), np.int64(2800711), np.int64(2787853), np.int64(2777953), np.int64(2784318), np.int64(2792164), np.int64(2822929), np.int64(2818338), np.int64(2802779), np.int64(2817946), np.int64(2823782), np.int64(2817010), np.int64(2822035), np.int64(2827609), np.int64(2815953), np.int64(2822830), np.int64(2805556), np.int64(2827721), np.int64(2830170), np.int64(2815629), np.int64(2809943), np.int64(2793725), np.int64(2779307), np.int64(2778100), np.int64(2792630), np.int64(2776683), np.int64(2778786), np.int64(2774409), np.int64(2776580), np.int64(2766862), np.int64(2784812), np.int64(2783357), np.int64(2778827), np.int64(2770014), np.int64(2783080), np.int64(2784696), np.int64(2772861), np.int64(2782925), np.int64(2783818), np.int64(2782998), np.int64(2772962), np.int64(2789490), np.int64(2765453), np.int64(2767240), np.int64(1716463)]
INFO:cooler._reduce:records consumed: [np.int64(3093594), np.int64(3097587), np.int64(3096833), np.int64(3104386), np.int64(3087408), np.int64(3082584), np.int64(3097396), np.int64(3092769), np.int64(3092932), np.int64(3102843), np.int64(3083390), np.int64(3067047), np.int64(3056092), np.int64(3064515), np.int64(3069830), np.int64(3105036), np.int64(3098524), np.int64(3083629), np.int64(3100430), np.int64(3105847), np.int64(3099506), np.int64(3105637), np.int64(3107426), np.int64(3095533), np.int64(3104549), np.int64(3085207), np.int64(3111488), np.int64(3110866), np.int64(3096567), np.int64(3093735), np.int64(3074025), np.int64(3053523), np.int64(3056844), np.int64(3072516), np.int64(3055002), np.int64(3059627), np.int64(3051847), np.int64(3055625), np.int64(3043274), np.int64(3063532), np.int64(3062801), np.int64(3056732), np.int64(3049310), np.int64(3062407), np.int64(3062920), np.int64(3049751), np.int64(3060059), np.int64(3061842), np.int64(3062606), np.int64(3050227), np.int64(3068365), np.int64(3041064), np.int64(3044429), np.int64(1889886)]
INFO:cooler._reduce:records consumed: [np.int64(3374636), np.int64(3377586), np.int64(3378814), np.int64(3387481), np.int64(3368607), np.int64(3361831), np.int64(3376623), np.int64(3372424), np.int64(3372554), np.int64(3384045), np.int64(3366294), np.int64(3346093), np.int64(3335203), np.int64(3344185), np.int64(3349193), np.int64(3387162), np.int64(3380805), np.int64(3365018), np.int64(3381424), np.int64(3387458), np.int64(3381635), np.int64(3387079), np.int64(3388750), np.int64(3376019), np.int64(3387135), np.int64(3363653), np.int64(3392439), np.int64(3393561), np.int64(3377721), np.int64(3376587), np.int64(3351783), np.int64(3332530), np.int64(3334661), np.int64(3354140), np.int64(3334391), np.int64(3336867), np.int64(3327929), np.int64(3334776), np.int64(3320084), np.int64(3341660), np.int64(3340514), np.int64(3335280), np.int64(3328716), np.int64(3342321), np.int64(3340536), np.int64(3326729), np.int64(3337827), np.int64(3342339), np.int64(3339032), np.int64(3329386), np.int64(3345818), np.int64(3317434), np.int64(3320870), np.int64(2063821)]
INFO:cooler._reduce:records consumed: [np.int64(3657814), np.int64(3658530), np.int64(3658377), np.int64(3668926), np.int64(3648977), np.int64(3640433), np.int64(3656845), np.int64(3652537), np.int64(3653663), np.int64(3666267), np.int64(3645585), np.int64(3624477), np.int64(3611416), np.int64(3622591), np.int64(3625817), np.int64(3669006), np.int64(3662589), np.int64(3645413), np.int64(3663911), np.int64(3668607), np.int64(3663936), np.int64(3670690), np.int64(3669681), np.int64(3656327), np.int64(3668989), np.int64(3644262), np.int64(3673046), np.int64(3675251), np.int64(3657944), np.int64(3658528), np.int64(3630522), np.int64(3609496), np.int64(3613602), np.int64(3635125), np.int64(3612600), np.int64(3615985), np.int64(3604910), np.int64(3613859), np.int64(3598446), np.int64(3621037), np.int64(3621645), np.int64(3613724), np.int64(3605004), np.int64(3622049), np.int64(3619769), np.int64(3602870), np.int64(3616868), np.int64(3620415), np.int64(3617282), np.int64(3608605), np.int64(3624511), np.int64(3596748), np.int64(3599193), np.int64(2236930)]
INFO:cooler._reduce:records consumed: [np.int64(3938888), np.int64(3940061), np.int64(3938961), np.int64(3950696), np.int64(3929971), np.int64(3922283), np.int64(3938506), np.int64(3932965), np.int64(3934117), np.int64(3947794), np.int64(3924438), np.int64(3901650), np.int64(3889333), np.int64(3901589), np.int64(3902737), np.int64(3950761), np.int64(3943559), np.int64(3925159), np.int64(3946482), np.int64(3949755), np.int64(3944191), np.int64(3952034), np.int64(3953975), np.int64(3937259), np.int64(3949525), np.int64(3926524), np.int64(3954369), np.int64(3958948), np.int64(3940144), np.int64(3940668), np.int64(3911162), np.int64(3887617), np.int64(3892484), np.int64(3914791), np.int64(3893854), np.int64(3895420), np.int64(3882595), np.int64(3893651), np.int64(3876587), np.int64(3899511), np.int64(3898570), np.int64(3892161), np.int64(3882586), np.int64(3900894), np.int64(3894843), np.int64(3879129), np.int64(3896808), np.int64(3898286), np.int64(3895359), np.int64(3886386), np.int64(3903071), np.int64(3875008), np.int64(3874900), np.int64(2408664)]
INFO:cooler._reduce:records consumed: [np.int64(4220122), np.int64(4220289), np.int64(4220755), np.int64(4230990), np.int64(4210234), np.int64(4203514), np.int64(4222455), np.int64(4213759), np.int64(4214090), np.int64(4228338), np.int64(4205749), np.int64(4181284), np.int64(4169804), np.int64(4179040), np.int64(4183293), np.int64(4231869), np.int64(4225580), np.int64(4201647), np.int64(4225639), np.int64(4231681), np.int64(4223599), np.int64(4232650), np.int64(4238276), np.int64(4215900), np.int64(4230914), np.int64(4207388), np.int64(4236554), np.int64(4239010), np.int64(4218895), np.int64(4221620), np.int64(4190461), np.int64(4165522), np.int64(4172726), np.int64(4193668), np.int64(4173067), np.int64(4174613), np.int64(4159603), np.int64(4173307), np.int64(4155217), np.int64(4178665), np.int64(4176882), np.int64(4172715), np.int64(4160156), np.int64(4180387), np.int64(4174149), np.int64(4156349), np.int64(4177176), np.int64(4178714), np.int64(4172112), np.int64(4163653), np.int64(4181753), np.int64(4153314), np.int64(4152312), np.int64(2580233)]
INFO:cooler._reduce:records consumed: [np.int64(4501232), np.int64(4501207), np.int64(4501536), np.int64(4513479), np.int64(4490456), np.int64(4483086), np.int64(4504425), np.int64(4495263), np.int64(4494923), np.int64(4510705), np.int64(4485199), np.int64(4462722), np.int64(4446686), np.int64(4458372), np.int64(4461888), np.int64(4513373), np.int64(4505986), np.int64(4479388), np.int64(4506787), np.int64(4512349), np.int64(4504243), np.int64(4515799), np.int64(4521254), np.int64(4497754), np.int64(4512994), np.int64(4489404), np.int64(4518064), np.int64(4519561), np.int64(4501453), np.int64(4502429), np.int64(4468328), np.int64(4444011), np.int64(4450970), np.int64(4474226), np.int64(4452928), np.int64(4453861), np.int64(4437164), np.int64(4451558), np.int64(4432510), np.int64(4457591), np.int64(4455295), np.int64(4449338), np.int64(4438061), np.int64(4456902), np.int64(4452095), np.int64(4435368), np.int64(4455182), np.int64(4457602), np.int64(4449057), np.int64(4440243), np.int64(4462194), np.int64(4431774), np.int64(4430020), np.int64(2753473)]
INFO:cooler._reduce:records consumed: [np.int64(4781477), np.int64(4781851), np.int64(4782484), np.int64(4794628), np.int64(4771375), np.int64(4764271), np.int64(4785904), np.int64(4775834), np.int64(4774966), np.int64(4791054), np.int64(4766445), np.int64(4744943), np.int64(4724394), np.int64(4738660), np.int64(4739893), np.int64(4794578), np.int64(4786747), np.int64(4759855), np.int64(4787811), np.int64(4790635), np.int64(4785073), np.int64(4797942), np.int64(4801994), np.int64(4779715), np.int64(4792850), np.int64(4771306), np.int64(4800682), np.int64(4801092), np.int64(4781745), np.int64(4783644), np.int64(4747154), np.int64(4722299), np.int64(4729881), np.int64(4754942), np.int64(4730904), np.int64(4731680), np.int64(4715322), np.int64(4729953), np.int64(4709668), np.int64(4737103), np.int64(4733738), np.int64(4726599), np.int64(4714953), np.int64(4735155), np.int64(4732065), np.int64(4714597), np.int64(4733593), np.int64(4735991), np.int64(4727586), np.int64(4720382), np.int64(4740146), np.int64(4709998), np.int64(4708017), np.int64(2926282)]
INFO:cooler._reduce:records consumed: [np.int64(5062888), np.int64(5062881), np.int64(5061537), np.int64(5075883), np.int64(5051194), np.int64(5042124), np.int64(5066306), np.int64(5057714), np.int64(5058200), np.int64(5070253), np.int64(5045891), np.int64(5025576), np.int64(5003059), np.int64(5018457), np.int64(5017620), np.int64(5075749), np.int64(5067271), np.int64(5041128), np.int64(5071057), np.int64(5070516), np.int64(5065415), np.int64(5078862), np.int64(5080694), np.int64(5058589), np.int64(5072878), np.int64(5051469), np.int64(5083003), np.int64(5083700), np.int64(5061796), np.int64(5066220), np.int64(5030540), np.int64(4999504), np.int64(5007830), np.int64(5032916), np.int64(5009519), np.int64(5012504), np.int64(4992451), np.int64(5008638), np.int64(4985186), np.int64(5017203), np.int64(5011683), np.int64(5006750), np.int64(4993446), np.int64(5013968), np.int64(5010218), np.int64(4992584), np.int64(5012566), np.int64(5015897), np.int64(5007935), np.int64(4998297), np.int64(5020229), np.int64(4987540), np.int64(4987030), np.int64(3099528)]
INFO:cooler._reduce:records consumed: [np.int64(5341324), np.int64(5342502), np.int64(5340543), np.int64(5356191), np.int64(5330275), np.int64(5321310), np.int64(5346531), np.int64(5337419), np.int64(5336381), np.int64(5350376), np.int64(5325680), np.int64(5306727), np.int64(5282360), np.int64(5299020), np.int64(5295504), np.int64(5355092), np.int64(5347571), np.int64(5319696), np.int64(5353018), np.int64(5352730), np.int64(5345034), np.int64(5360743), np.int64(5363927), np.int64(5338931), np.int64(5353502), np.int64(5332397), np.int64(5365393), np.int64(5363137), np.int64(5343360), np.int64(5347406), np.int64(5311695), np.int64(5278400), np.int64(5287602), np.int64(5314145), np.int64(5289218), np.int64(5292393), np.int64(5272185), np.int64(5289495), np.int64(5264931), np.int64(5295347), np.int64(5289093), np.int64(5285539), np.int64(5270999), np.int64(5294259), np.int64(5288801), np.int64(5271176), np.int64(5290793), np.int64(5295449), np.int64(5286303), np.int64(5276660), np.int64(5300005), np.int64(5264183), np.int64(5265302), np.int64(3273944)]
INFO:cooler._reduce:records consumed: [np.int64(5621439), np.int64(5623241), np.int64(5621694), np.int64(5638778), np.int64(5609524), np.int64(5600466), np.int64(5626640), np.int64(5618385), np.int64(5615565), np.int64(5628875), np.int64(5602600), np.int64(5586236), np.int64(5560435), np.int64(5578165), np.int64(5573968), np.int64(5636520), np.int64(5628931), np.int64(5600267), np.int64(5634133), np.int64(5634003), np.int64(5624349), np.int64(5641674), np.int64(5644604), np.int64(5620967), np.int64(5634075), np.int64(5611143), np.int64(5646069), np.int64(5642570), np.int64(5626073), np.int64(5627832), np.int64(5591439), np.int64(5556939), np.int64(5566295), np.int64(5594991), np.int64(5569782), np.int64(5572225), np.int64(5552461), np.int64(5567494), np.int64(5544036), np.int64(5576395), np.int64(5568474), np.int64(5563379), np.int64(5549954), np.int64(5575808), np.int64(5568055), np.int64(5547592), np.int64(5570214), np.int64(5575078), np.int64(5564918), np.int64(5555843), np.int64(5578503), np.int64(5541578), np.int64(5542389), np.int64(3449068)]
INFO:cooler._reduce:records consumed: [np.int64(5901960), np.int64(5904594), np.int64(5902835), np.int64(5919465), np.int64(5889041), np.int64(5879495), np.int64(5907716), np.int64(5899538), np.int64(5895092), np.int64(5908552), np.int64(5882920), np.int64(5863365), np.int64(5838992), np.int64(5859134), np.int64(5853044), np.int64(5917045), np.int64(5908702), np.int64(5879736), np.int64(5916572), np.int64(5913879), np.int64(5905501), np.int64(5921763), np.int64(5924915), np.int64(5901503), np.int64(5915000), np.int64(5889102), np.int64(5927169), np.int64(5922042), np.int64(5908300), np.int64(5907564), np.int64(5869595), np.int64(5837399), np.int64(5845497), np.int64(5875011), np.int64(5848497), np.int64(5852543), np.int64(5831866), np.int64(5846954), np.int64(5822614), np.int64(5857222), np.int64(5846380), np.int64(5843957), np.int64(5829441), np.int64(5856587), np.int64(5846194), np.int64(5827423), np.int64(5847565), np.int64(5854641), np.int64(5844010), np.int64(5833650), np.int64(5858383), np.int64(5819537), np.int64(5819043), np.int64(3623672)]
INFO:cooler._reduce:records consumed: [np.int64(6180515), np.int64(6186216), np.int64(6182501), np.int64(6200264), np.int64(6168510), np.int64(6162082), np.int64(6187343), np.int64(6178885), np.int64(6174975), np.int64(6187863), np.int64(6164686), np.int64(6144451), np.int64(6119864), np.int64(6138718), np.int64(6132771), np.int64(6198423), np.int64(6189768), np.int64(6158023), np.int64(6194982), np.int64(6193835), np.int64(6187623), np.int64(6203607), np.int64(6205186), np.int64(6181878), np.int64(6197042), np.int64(6169728), np.int64(6206920), np.int64(6200492), np.int64(6185210), np.int64(6188317), np.int64(6150908), np.int64(6115845), np.int64(6125323), np.int64(6155765), np.int64(6127973), np.int64(6133406), np.int64(6111950), np.int64(6127571), np.int64(6102109), np.int64(6136051), np.int64(6124976), np.int64(6121754), np.int64(6107741), np.int64(6134969), np.int64(6125286), np.int64(6104922), np.int64(6125891), np.int64(6134909), np.int64(6123730), np.int64(6111551), np.int64(6138751), np.int64(6095565), np.int64(6096417), np.int64(3798251)]
INFO:cooler._reduce:records consumed: [np.int64(6460247), np.int64(6468400), np.int64(6462740), np.int64(6479304), np.int64(6447211), np.int64(6440631), np.int64(6466967), np.int64(6458740), np.int64(6453629), np.int64(6468483), np.int64(6445115), np.int64(6421943), np.int64(6396424), np.int64(6418925), np.int64(6410118), np.int64(6481313), np.int64(6471349), np.int64(6436789), np.int64(6475132), np.int64(6474863), np.int64(6469743), np.int64(6485372), np.int64(6488736), np.int64(6462987), np.int64(6477980), np.int64(6448066), np.int64(6487509), np.int64(6479415), np.int64(6467802), np.int64(6467453), np.int64(6430454), np.int64(6396641), np.int64(6405303), np.int64(6436434), np.int64(6409057), np.int64(6416245), np.int64(6390370), np.int64(6404621), np.int64(6381489), np.int64(6415176), np.int64(6404969), np.int64(6401297), np.int64(6386641), np.int64(6413267), np.int64(6405639), np.int64(6385402), np.int64(6407241), np.int64(6415663), np.int64(6402561), np.int64(6389736), np.int64(6415411), np.int64(6372066), np.int64(6372299), np.int64(3970985)]
INFO:cooler._reduce:records consumed: [np.int64(6741207), np.int64(6749599), np.int64(6742737), np.int64(6758307), np.int64(6723993), np.int64(6720087), np.int64(6746428), np.int64(6738645), np.int64(6733606), np.int64(6748941), np.int64(6724913), np.int64(6702995), np.int64(6675258), np.int64(6699233), np.int64(6689836), np.int64(6762288), np.int64(6752777), np.int64(6716352), np.int64(6754247), np.int64(6754250), np.int64(6748469), np.int64(6766511), np.int64(6768780), np.int64(6743403), np.int64(6756602), np.int64(6726562), np.int64(6768232), np.int64(6758970), np.int64(6746378), np.int64(6748343), np.int64(6711224), np.int64(6675923), np.int64(6684296), np.int64(6716824), np.int64(6687166), np.int64(6697522), np.int64(6668621), np.int64(6683955), np.int64(6661598), np.int64(6695367), np.int64(6685516), np.int64(6679752), np.int64(6666579), np.int64(6692178), np.int64(6685466), np.int64(6664738), np.int64(6685806), np.int64(6697052), np.int64(6684134), np.int64(6669621), np.int64(6694683), np.int64(6649449), np.int64(6651723), np.int64(4145259)]
INFO:cooler._reduce:records consumed: [np.int64(7021130), np.int64(7030345), np.int64(7022588), np.int64(7039410), np.int64(6999892), np.int64(6999685), np.int64(7024051), np.int64(7017952), np.int64(7013879), np.int64(7028189), np.int64(7004306), np.int64(6983594), np.int64(6956268), np.int64(6979333), np.int64(6968045), np.int64(7042289), np.int64(7031741), np.int64(6994123), np.int64(7032122), np.int64(7034236), np.int64(7026557), np.int64(7045249), np.int64(7046884), np.int64(7024761), np.int64(7034459), np.int64(7005057), np.int64(7047976), np.int64(7038461), np.int64(7026921), np.int64(7027148), np.int64(6992293), np.int64(6957676), np.int64(6965226), np.int64(6996401), np.int64(6969127), np.int64(6978462), np.int64(6948471), np.int64(6963764), np.int64(6939625), np.int64(6976197), np.int64(6964329), np.int64(6960565), np.int64(6946510), np.int64(6971362), np.int64(6965478), np.int64(6945450), np.int64(6967714), np.int64(6976960), np.int64(6964102), np.int64(6947904), np.int64(6975634), np.int64(6928241), np.int64(6931295), np.int64(4323036)]
INFO:cooler._reduce:records consumed: [np.int64(7301921), np.int64(7310730), np.int64(7301926), np.int64(7318541), np.int64(7276326), np.int64(7279339), np.int64(7303904), np.int64(7296400), np.int64(7293745), np.int64(7309622), np.int64(7282534), np.int64(7262320), np.int64(7236784), np.int64(7259287), np.int64(7246977), np.int64(7320960), np.int64(7311161), np.int64(7274858), np.int64(7314538), np.int64(7313857), np.int64(7305318), np.int64(7325938), np.int64(7326954), np.int64(7304607), np.int64(7314165), np.int64(7282886), np.int64(7327635), np.int64(7316597), np.int64(7305242), np.int64(7308854), np.int64(7271722), np.int64(7239084), np.int64(7244789), np.int64(7277102), np.int64(7248085), np.int64(7257972), np.int64(7229559), np.int64(7241611), np.int64(7221149), np.int64(7256320), np.int64(7244090), np.int64(7240342), np.int64(7225545), np.int64(7251533), np.int64(7244608), np.int64(7224157), np.int64(7248106), np.int64(7257297), np.int64(7243865), np.int64(7226081), np.int64(7256184), np.int64(7207600), np.int64(7211827), np.int64(4499956)]
INFO:cooler._reduce:records consumed: [np.int64(7580378), np.int64(7589973), np.int64(7580297), np.int64(7599611), np.int64(7552806), np.int64(7557857), np.int64(7583071), np.int64(7575539), np.int64(7574165), np.int64(7589310), np.int64(7560603), np.int64(7541885), np.int64(7515400), np.int64(7540233), np.int64(7525076), np.int64(7600778), np.int64(7589145), np.int64(7554681), np.int64(7594314), np.int64(7593895), np.int64(7584437), np.int64(7606188), np.int64(7606219), np.int64(7586359), np.int64(7595195), np.int64(7562119), np.int64(7609347), np.int64(7597515), np.int64(7584471), np.int64(7588583), np.int64(7551386), np.int64(7518364), np.int64(7523807), np.int64(7559116), np.int64(7527892), np.int64(7540545), np.int64(7509466), np.int64(7520571), np.int64(7502674), np.int64(7538201), np.int64(7523492), np.int64(7520385), np.int64(7505443), np.int64(7532744), np.int64(7524557), np.int64(7502595), np.int64(7527896), np.int64(7538845), np.int64(7523832), np.int64(7506315), np.int64(7536406), np.int64(7486614), np.int64(7488072), np.int64(4673899)]
INFO:cooler._reduce:records consumed: [np.int64(7859690), np.int64(7867777), np.int64(7859117), np.int64(7878383), np.int64(7829891), np.int64(7834793), np.int64(7861029), np.int64(7854370), np.int64(7854092), np.int64(7867816), np.int64(7837954), np.int64(7824741), np.int64(7796791), np.int64(7822506), np.int64(7799306), np.int64(7879513), np.int64(7867808), np.int64(7833946), np.int64(7872720), np.int64(7871999), np.int64(7864011), np.int64(7884964), np.int64(7885364), np.int64(7866646), np.int64(7872855), np.int64(7840026), np.int64(7887720), np.int64(7875786), np.int64(7862209), np.int64(7869174), np.int64(7831232), np.int64(7798907), np.int64(7803775), np.int64(7842312), np.int64(7808463), np.int64(7822850), np.int64(7792570), np.int64(7801537), np.int64(7781537), np.int64(7818596), np.int64(7804539), np.int64(7801058), np.int64(7786865), np.int64(7813512), np.int64(7806499), np.int64(7783352), np.int64(7808355), np.int64(7821150), np.int64(7805556), np.int64(7787064), np.int64(7817151), np.int64(7766586), np.int64(7766397), np.int64(4849796)]
INFO:cooler._reduce:records consumed: [np.int64(8062397), np.int64(8069173), np.int64(8059494), np.int64(8078730), np.int64(8028358), np.int64(8035310), np.int64(8062048), np.int64(8052794), np.int64(8054381), np.int64(8068647), np.int64(8040921), np.int64(8028166), np.int64(8000947), np.int64(8027047), np.int64(8000085), np.int64(8082161), np.int64(8068723), np.int64(8035235), np.int64(8074817), np.int64(8073498), np.int64(8066549), np.int64(8086111), np.int64(8085757), np.int64(8069224), np.int64(8075778), np.int64(8039734), np.int64(8087475), np.int64(8077026), np.int64(8063277), np.int64(8071614), np.int64(8036099), np.int64(8003454), np.int64(8007934), np.int64(8047234), np.int64(8010236), np.int64(8027332), np.int64(7994162), np.int64(8003108), np.int64(7985902), np.int64(8021491), np.int64(8008853), np.int64(8006559), np.int64(7990651), np.int64(8016716), np.int64(8009879), np.int64(7986191), np.int64(8012217), np.int64(8026394), np.int64(8008552), np.int64(7990184), np.int64(8020381), np.int64(7969161), np.int64(7970110), np.int64(4979107)]
INFO:cooler.create:Writing indexes
INFO:cooler.create:Writing info
