INFO:cooler.create:Writing chunk 0: /mnt/storage3b/projects/no_ngsd/ahthapp1_T2T_ONT/analysis_other/porec/T2T11.hp1/cooler/tmpb6sid5z8.multi.cool::0
INFO:cooler.create:Creating cooler at "/mnt/storage3b/projects/no_ngsd/ahthapp1_T2T_ONT/analysis_other/porec/T2T11.hp1/cooler/tmpb6sid5z8.multi.cool::/0"
INFO:cooler.create:Writing chroms
INFO:cooler.create:Writing bins
INFO:cooler.create:Writing pixels
INFO:cooler.create:Writing indexes
INFO:cooler.create:Writing info
INFO:cooler.create:Writing chunk 1: /mnt/storage3b/projects/no_ngsd/ahthapp1_T2T_ONT/analysis_other/porec/T2T11.hp1/cooler/tmpb6sid5z8.multi.cool::1
INFO:cooler.create:Creating cooler at "/mnt/storage3b/projects/no_ngsd/ahthapp1_T2T_ONT/analysis_other/porec/T2T11.hp1/cooler/tmpb6sid5z8.multi.cool::/1"
INFO:cooler.create:Writing chroms
INFO:cooler.create:Writing bins
INFO:cooler.create:Writing pixels
INFO:cooler.create:Writing indexes
INFO:cooler.create:Writing info
INFO:cooler.create:Writing chunk 2: /mnt/storage3b/projects/no_ngsd/ahthapp1_T2T_ONT/analysis_other/porec/T2T11.hp1/cooler/tmpb6sid5z8.multi.cool::2
INFO:cooler.create:Creating cooler at "/mnt/storage3b/projects/no_ngsd/ahthapp1_T2T_ONT/analysis_other/porec/T2T11.hp1/cooler/tmpb6sid5z8.multi.cool::/2"
INFO:cooler.create:Writing chroms
INFO:cooler.create:Writing bins
INFO:cooler.create:Writing pixels
INFO:cooler.create:Writing indexes
INFO:cooler.create:Writing info
INFO:cooler.create:Writing chunk 3: /mnt/storage3b/projects/no_ngsd/ahthapp1_T2T_ONT/analysis_other/porec/T2T11.hp1/cooler/tmpb6sid5z8.multi.cool::3
INFO:cooler.create:Creating cooler at "/mnt/storage3b/projects/no_ngsd/ahthapp1_T2T_ONT/analysis_other/porec/T2T11.hp1/cooler/tmpb6sid5z8.multi.cool::/3"
INFO:cooler.create:Writing chroms
INFO:cooler.create:Writing bins
INFO:cooler.create:Writing pixels
INFO:cooler.create:Writing indexes
INFO:cooler.create:Writing info
INFO:cooler.create:Writing chunk 4: /mnt/storage3b/projects/no_ngsd/ahthapp1_T2T_ONT/analysis_other/porec/T2T11.hp1/cooler/tmpb6sid5z8.multi.cool::4
INFO:cooler.create:Creating cooler at "/mnt/storage3b/projects/no_ngsd/ahthapp1_T2T_ONT/analysis_other/porec/T2T11.hp1/cooler/tmpb6sid5z8.multi.cool::/4"
INFO:cooler.create:Writing chroms
INFO:cooler.create:Writing bins
INFO:cooler.create:Writing pixels
INFO:cooler.create:Writing indexes
INFO:cooler.create:Writing info
INFO:cooler.create:Writing chunk 5: /mnt/storage3b/projects/no_ngsd/ahthapp1_T2T_ONT/analysis_other/porec/T2T11.hp1/cooler/tmpb6sid5z8.multi.cool::5
INFO:cooler.create:Creating cooler at "/mnt/storage3b/projects/no_ngsd/ahthapp1_T2T_ONT/analysis_other/porec/T2T11.hp1/cooler/tmpb6sid5z8.multi.cool::/5"
INFO:cooler.create:Writing chroms
INFO:cooler.create:Writing bins
INFO:cooler.create:Writing pixels
INFO:cooler.create:Writing indexes
INFO:cooler.create:Writing info
INFO:cooler.create:Writing chunk 6: /mnt/storage3b/projects/no_ngsd/ahthapp1_T2T_ONT/analysis_other/porec/T2T11.hp1/cooler/tmpb6sid5z8.multi.cool::6
INFO:cooler.create:Creating cooler at "/mnt/storage3b/projects/no_ngsd/ahthapp1_T2T_ONT/analysis_other/porec/T2T11.hp1/cooler/tmpb6sid5z8.multi.cool::/6"
INFO:cooler.create:Writing chroms
INFO:cooler.create:Writing bins
INFO:cooler.create:Writing pixels
INFO:cooler.create:Writing indexes
INFO:cooler.create:Writing info
INFO:cooler.create:Writing chunk 7: /mnt/storage3b/projects/no_ngsd/ahthapp1_T2T_ONT/analysis_other/porec/T2T11.hp1/cooler/tmpb6sid5z8.multi.cool::7
INFO:cooler.create:Creating cooler at "/mnt/storage3b/projects/no_ngsd/ahthapp1_T2T_ONT/analysis_other/porec/T2T11.hp1/cooler/tmpb6sid5z8.multi.cool::/7"
INFO:cooler.create:Writing chroms
INFO:cooler.create:Writing bins
INFO:cooler.create:Writing pixels
INFO:cooler.create:Writing indexes
INFO:cooler.create:Writing info
INFO:cooler.create:Writing chunk 8: /mnt/storage3b/projects/no_ngsd/ahthapp1_T2T_ONT/analysis_other/porec/T2T11.hp1/cooler/tmpb6sid5z8.multi.cool::8
INFO:cooler.create:Creating cooler at "/mnt/storage3b/projects/no_ngsd/ahthapp1_T2T_ONT/analysis_other/porec/T2T11.hp1/cooler/tmpb6sid5z8.multi.cool::/8"
INFO:cooler.create:Writing chroms
INFO:cooler.create:Writing bins
INFO:cooler.create:Writing pixels
INFO:cooler.create:Writing indexes
INFO:cooler.create:Writing info
INFO:cooler.create:Writing chunk 9: /mnt/storage3b/projects/no_ngsd/ahthapp1_T2T_ONT/analysis_other/porec/T2T11.hp1/cooler/tmpb6sid5z8.multi.cool::9
INFO:cooler.create:Creating cooler at "/mnt/storage3b/projects/no_ngsd/ahthapp1_T2T_ONT/analysis_other/porec/T2T11.hp1/cooler/tmpb6sid5z8.multi.cool::/9"
INFO:cooler.create:Writing chroms
INFO:cooler.create:Writing bins
INFO:cooler.create:Writing pixels
INFO:cooler.create:Writing indexes
INFO:cooler.create:Writing info
INFO:cooler.create:Writing chunk 10: /mnt/storage3b/projects/no_ngsd/ahthapp1_T2T_ONT/analysis_other/porec/T2T11.hp1/cooler/tmpb6sid5z8.multi.cool::10
INFO:cooler.create:Creating cooler at "/mnt/storage3b/projects/no_ngsd/ahthapp1_T2T_ONT/analysis_other/porec/T2T11.hp1/cooler/tmpb6sid5z8.multi.cool::/10"
INFO:cooler.create:Writing chroms
INFO:cooler.create:Writing bins
INFO:cooler.create:Writing pixels
INFO:cooler.create:Writing indexes
INFO:cooler.create:Writing info
INFO:cooler.create:Writing chunk 11: /mnt/storage3b/projects/no_ngsd/ahthapp1_T2T_ONT/analysis_other/porec/T2T11.hp1/cooler/tmpb6sid5z8.multi.cool::11
INFO:cooler.create:Creating cooler at "/mnt/storage3b/projects/no_ngsd/ahthapp1_T2T_ONT/analysis_other/porec/T2T11.hp1/cooler/tmpb6sid5z8.multi.cool::/11"
INFO:cooler.create:Writing chroms
INFO:cooler.create:Writing bins
INFO:cooler.create:Writing pixels
INFO:cooler.create:Writing indexes
INFO:cooler.create:Writing info
INFO:cooler.create:Writing chunk 12: /mnt/storage3b/projects/no_ngsd/ahthapp1_T2T_ONT/analysis_other/porec/T2T11.hp1/cooler/tmpb6sid5z8.multi.cool::12
INFO:cooler.create:Creating cooler at "/mnt/storage3b/projects/no_ngsd/ahthapp1_T2T_ONT/analysis_other/porec/T2T11.hp1/cooler/tmpb6sid5z8.multi.cool::/12"
INFO:cooler.create:Writing chroms
INFO:cooler.create:Writing bins
INFO:cooler.create:Writing pixels
INFO:cooler.create:Writing indexes
INFO:cooler.create:Writing info
INFO:cooler.create:Writing chunk 13: /mnt/storage3b/projects/no_ngsd/ahthapp1_T2T_ONT/analysis_other/porec/T2T11.hp1/cooler/tmpb6sid5z8.multi.cool::13
INFO:cooler.create:Creating cooler at "/mnt/storage3b/projects/no_ngsd/ahthapp1_T2T_ONT/analysis_other/porec/T2T11.hp1/cooler/tmpb6sid5z8.multi.cool::/13"
INFO:cooler.create:Writing chroms
INFO:cooler.create:Writing bins
INFO:cooler.create:Writing pixels
INFO:cooler.create:Writing indexes
INFO:cooler.create:Writing info
INFO:cooler.create:Writing chunk 14: /mnt/storage3b/projects/no_ngsd/ahthapp1_T2T_ONT/analysis_other/porec/T2T11.hp1/cooler/tmpb6sid5z8.multi.cool::14
INFO:cooler.create:Creating cooler at "/mnt/storage3b/projects/no_ngsd/ahthapp1_T2T_ONT/analysis_other/porec/T2T11.hp1/cooler/tmpb6sid5z8.multi.cool::/14"
INFO:cooler.create:Writing chroms
INFO:cooler.create:Writing bins
INFO:cooler.create:Writing pixels
INFO:cooler.create:Writing indexes
INFO:cooler.create:Writing info
INFO:cooler.create:Writing chunk 15: /mnt/storage3b/projects/no_ngsd/ahthapp1_T2T_ONT/analysis_other/porec/T2T11.hp1/cooler/tmpb6sid5z8.multi.cool::15
INFO:cooler.create:Creating cooler at "/mnt/storage3b/projects/no_ngsd/ahthapp1_T2T_ONT/analysis_other/porec/T2T11.hp1/cooler/tmpb6sid5z8.multi.cool::/15"
INFO:cooler.create:Writing chroms
INFO:cooler.create:Writing bins
INFO:cooler.create:Writing pixels
INFO:cooler.create:Writing indexes
INFO:cooler.create:Writing info
INFO:cooler.create:Writing chunk 16: /mnt/storage3b/projects/no_ngsd/ahthapp1_T2T_ONT/analysis_other/porec/T2T11.hp1/cooler/tmpb6sid5z8.multi.cool::16
INFO:cooler.create:Creating cooler at "/mnt/storage3b/projects/no_ngsd/ahthapp1_T2T_ONT/analysis_other/porec/T2T11.hp1/cooler/tmpb6sid5z8.multi.cool::/16"
INFO:cooler.create:Writing chroms
INFO:cooler.create:Writing bins
INFO:cooler.create:Writing pixels
INFO:cooler.create:Writing indexes
INFO:cooler.create:Writing info
INFO:cooler.create:Writing chunk 17: /mnt/storage3b/projects/no_ngsd/ahthapp1_T2T_ONT/analysis_other/porec/T2T11.hp1/cooler/tmpb6sid5z8.multi.cool::17
INFO:cooler.create:Creating cooler at "/mnt/storage3b/projects/no_ngsd/ahthapp1_T2T_ONT/analysis_other/porec/T2T11.hp1/cooler/tmpb6sid5z8.multi.cool::/17"
INFO:cooler.create:Writing chroms
INFO:cooler.create:Writing bins
INFO:cooler.create:Writing pixels
INFO:cooler.create:Writing indexes
INFO:cooler.create:Writing info
INFO:cooler.create:Writing chunk 18: /mnt/storage3b/projects/no_ngsd/ahthapp1_T2T_ONT/analysis_other/porec/T2T11.hp1/cooler/tmpb6sid5z8.multi.cool::18
INFO:cooler.create:Creating cooler at "/mnt/storage3b/projects/no_ngsd/ahthapp1_T2T_ONT/analysis_other/porec/T2T11.hp1/cooler/tmpb6sid5z8.multi.cool::/18"
INFO:cooler.create:Writing chroms
INFO:cooler.create:Writing bins
INFO:cooler.create:Writing pixels
INFO:cooler.create:Writing indexes
INFO:cooler.create:Writing info
INFO:cooler.create:Writing chunk 19: /mnt/storage3b/projects/no_ngsd/ahthapp1_T2T_ONT/analysis_other/porec/T2T11.hp1/cooler/tmpb6sid5z8.multi.cool::19
INFO:cooler.create:Creating cooler at "/mnt/storage3b/projects/no_ngsd/ahthapp1_T2T_ONT/analysis_other/porec/T2T11.hp1/cooler/tmpb6sid5z8.multi.cool::/19"
INFO:cooler.create:Writing chroms
INFO:cooler.create:Writing bins
INFO:cooler.create:Writing pixels
INFO:cooler.create:Writing indexes
INFO:cooler.create:Writing info
INFO:cooler.create:Merging into analysis_other/porec/T2T11.hp1/cooler/T2T11.hp1_1000.cool
INFO:cooler.create:Creating cooler at "/mnt/storage3b/projects/no_ngsd/ahthapp1_T2T_ONT/analysis_other/porec/T2T11.hp1/cooler/T2T11.hp1_1000.cool::/"
INFO:cooler.create:Writing chroms
INFO:cooler.create:Writing bins
INFO:cooler.create:Writing pixels
INFO:cooler._reduce:n_merge_epochs: 17
INFO:cooler._reduce:nnzs: [13587705, 13530387, 13541890, 13546910, 13609810, 13487664, 13590306, 13327376, 13156901, 13266170, 13036812, 12665589, 12375384, 12743066, 12629980, 12860985, 12589825, 11978490, 12126649, 6440479]
INFO:cooler._reduce:records consumed: [np.int64(6258608), np.int64(6231238), np.int64(2510362), np.int64(0), np.int64(0), np.int64(0), np.int64(0), np.int64(0), np.int64(0), np.int64(0), np.int64(0), np.int64(0), np.int64(0), np.int64(0), np.int64(0), np.int64(0), np.int64(0), np.int64(0), np.int64(0), np.int64(0)]
INFO:cooler._reduce:records consumed: [np.int64(12516825), np.int64(12458109), np.int64(5025391), np.int64(0), np.int64(0), np.int64(0), np.int64(0), np.int64(0), np.int64(0), np.int64(0), np.int64(0), np.int64(0), np.int64(0), np.int64(0), np.int64(0), np.int64(0), np.int64(0), np.int64(0), np.int64(0), np.int64(0)]
INFO:cooler._reduce:records consumed: [np.int64(13587705), np.int64(13530387), np.int64(8401369), np.int64(4917547), np.int64(4563379), np.int64(0), np.int64(0), np.int64(0), np.int64(0), np.int64(0), np.int64(0), np.int64(0), np.int64(0), np.int64(0), np.int64(0), np.int64(0), np.int64(0), np.int64(0), np.int64(0), np.int64(0)]
INFO:cooler._reduce:records consumed: [np.int64(13587705), np.int64(13530387), np.int64(11958461), np.int64(10876990), np.int64(10046912), np.int64(0), np.int64(0), np.int64(0), np.int64(0), np.int64(0), np.int64(0), np.int64(0), np.int64(0), np.int64(0), np.int64(0), np.int64(0), np.int64(0), np.int64(0), np.int64(0), np.int64(0)]
INFO:cooler._reduce:records consumed: [np.int64(13587705), np.int64(13530387), np.int64(13541890), np.int64(13546910), np.int64(12892698), np.int64(4671815), np.int64(3229100), np.int64(0), np.int64(0), np.int64(0), np.int64(0), np.int64(0), np.int64(0), np.int64(0), np.int64(0), np.int64(0), np.int64(0), np.int64(0), np.int64(0), np.int64(0)]
INFO:cooler._reduce:records consumed: [np.int64(13587705), np.int64(13530387), np.int64(13541890), np.int64(13546910), np.int64(13580354), np.int64(13139684), np.int64(9073620), np.int64(0), np.int64(0), np.int64(0), np.int64(0), np.int64(0), np.int64(0), np.int64(0), np.int64(0), np.int64(0), np.int64(0), np.int64(0), np.int64(0), np.int64(0)]
INFO:cooler._reduce:records consumed: [np.int64(13587705), np.int64(13530387), np.int64(13541890), np.int64(13546910), np.int64(13609810), np.int64(13487664), np.int64(12242740), np.int64(9091462), np.int64(2361994), np.int64(0), np.int64(0), np.int64(0), np.int64(0), np.int64(0), np.int64(0), np.int64(0), np.int64(0), np.int64(0), np.int64(0), np.int64(0)]
INFO:cooler._reduce:records consumed: [np.int64(13587705), np.int64(13530387), np.int64(13541890), np.int64(13546910), np.int64(13609810), np.int64(13487664), np.int64(13590306), np.int64(13327376), np.int64(7739691), np.int64(4038985), np.int64(0), np.int64(0), np.int64(0), np.int64(0), np.int64(0), np.int64(0), np.int64(0), np.int64(0), np.int64(0), np.int64(0)]
INFO:cooler._reduce:records consumed: [np.int64(13587705), np.int64(13530387), np.int64(13541890), np.int64(13546910), np.int64(13609810), np.int64(13487664), np.int64(13590306), np.int64(13327376), np.int64(13156901), np.int64(10228722), np.int64(3368566), np.int64(24489), np.int64(0), np.int64(0), np.int64(0), np.int64(0), np.int64(0), np.int64(0), np.int64(0), np.int64(0)]
INFO:cooler._reduce:records consumed: [np.int64(13587705), np.int64(13530387), np.int64(13541890), np.int64(13546910), np.int64(13609810), np.int64(13487664), np.int64(13590306), np.int64(13327376), np.int64(13156901), np.int64(13266170), np.int64(13036812), np.int64(2235472), np.int64(83361), np.int64(0), np.int64(0), np.int64(0), np.int64(0), np.int64(0), np.int64(0), np.int64(0)]
INFO:cooler._reduce:records consumed: [np.int64(13587705), np.int64(13530387), np.int64(13541890), np.int64(13546910), np.int64(13609810), np.int64(13487664), np.int64(13590306), np.int64(13327376), np.int64(13156901), np.int64(13266170), np.int64(13036812), np.int64(12665589), np.int64(4653284), np.int64(0), np.int64(0), np.int64(0), np.int64(0), np.int64(0), np.int64(0), np.int64(0)]
INFO:cooler._reduce:records consumed: [np.int64(13587705), np.int64(13530387), np.int64(13541890), np.int64(13546910), np.int64(13609810), np.int64(13487664), np.int64(13590306), np.int64(13327376), np.int64(13156901), np.int64(13266170), np.int64(13036812), np.int64(12665589), np.int64(12258988), np.int64(7394350), np.int64(0), np.int64(0), np.int64(0), np.int64(0), np.int64(0), np.int64(0)]
INFO:cooler._reduce:records consumed: [np.int64(13587705), np.int64(13530387), np.int64(13541890), np.int64(13546910), np.int64(13609810), np.int64(13487664), np.int64(13590306), np.int64(13327376), np.int64(13156901), np.int64(13266170), np.int64(13036812), np.int64(12665589), np.int64(12375384), np.int64(12743066), np.int64(8278065), np.int64(1256998), np.int64(0), np.int64(0), np.int64(0), np.int64(0)]
INFO:cooler._reduce:records consumed: [np.int64(13587705), np.int64(13530387), np.int64(13541890), np.int64(13546910), np.int64(13609810), np.int64(13487664), np.int64(13590306), np.int64(13327376), np.int64(13156901), np.int64(13266170), np.int64(13036812), np.int64(12665589), np.int64(12375384), np.int64(12743066), np.int64(12629980), np.int64(11349826), np.int64(555322), np.int64(0), np.int64(0), np.int64(0)]
INFO:cooler._reduce:records consumed: [np.int64(13587705), np.int64(13530387), np.int64(13541890), np.int64(13546910), np.int64(13609810), np.int64(13487664), np.int64(13590306), np.int64(13327376), np.int64(13156901), np.int64(13266170), np.int64(13036812), np.int64(12665589), np.int64(12375384), np.int64(12743066), np.int64(12629980), np.int64(12860985), np.int64(12415041), np.int64(1629140), np.int64(0), np.int64(0)]
INFO:cooler._reduce:records consumed: [np.int64(13587705), np.int64(13530387), np.int64(13541890), np.int64(13546910), np.int64(13609810), np.int64(13487664), np.int64(13590306), np.int64(13327376), np.int64(13156901), np.int64(13266170), np.int64(13036812), np.int64(12665589), np.int64(12375384), np.int64(12743066), np.int64(12629980), np.int64(12860985), np.int64(12589825), np.int64(11978490), np.int64(4475902), np.int64(0)]
INFO:cooler._reduce:records consumed: [np.int64(13587705), np.int64(13530387), np.int64(13541890), np.int64(13546910), np.int64(13609810), np.int64(13487664), np.int64(13590306), np.int64(13327376), np.int64(13156901), np.int64(13266170), np.int64(13036812), np.int64(12665589), np.int64(12375384), np.int64(12743066), np.int64(12629980), np.int64(12860985), np.int64(12589825), np.int64(11978490), np.int64(12126649), np.int64(6440479)]
INFO:cooler.create:Writing indexes
INFO:cooler.create:Writing info
