INFO:cooler.create:Writing chunk 0: /mnt/storage3b/projects/no_ngsd/ahthapp1_T2T_ONT/analysis_other/porec/T2T12.hp2/cooler/tmpt_4ud94j.multi.cool::0
INFO:cooler.create:Creating cooler at "/mnt/storage3b/projects/no_ngsd/ahthapp1_T2T_ONT/analysis_other/porec/T2T12.hp2/cooler/tmpt_4ud94j.multi.cool::/0"
INFO:cooler.create:Writing chroms
INFO:cooler.create:Writing bins
INFO:cooler.create:Writing pixels
INFO:cooler.create:Writing indexes
INFO:cooler.create:Writing info
INFO:cooler.create:Writing chunk 1: /mnt/storage3b/projects/no_ngsd/ahthapp1_T2T_ONT/analysis_other/porec/T2T12.hp2/cooler/tmpt_4ud94j.multi.cool::1
INFO:cooler.create:Creating cooler at "/mnt/storage3b/projects/no_ngsd/ahthapp1_T2T_ONT/analysis_other/porec/T2T12.hp2/cooler/tmpt_4ud94j.multi.cool::/1"
INFO:cooler.create:Writing chroms
INFO:cooler.create:Writing bins
INFO:cooler.create:Writing pixels
INFO:cooler.create:Writing indexes
INFO:cooler.create:Writing info
INFO:cooler.create:Writing chunk 2: /mnt/storage3b/projects/no_ngsd/ahthapp1_T2T_ONT/analysis_other/porec/T2T12.hp2/cooler/tmpt_4ud94j.multi.cool::2
INFO:cooler.create:Creating cooler at "/mnt/storage3b/projects/no_ngsd/ahthapp1_T2T_ONT/analysis_other/porec/T2T12.hp2/cooler/tmpt_4ud94j.multi.cool::/2"
INFO:cooler.create:Writing chroms
INFO:cooler.create:Writing bins
INFO:cooler.create:Writing pixels
INFO:cooler.create:Writing indexes
INFO:cooler.create:Writing info
INFO:cooler.create:Writing chunk 3: /mnt/storage3b/projects/no_ngsd/ahthapp1_T2T_ONT/analysis_other/porec/T2T12.hp2/cooler/tmpt_4ud94j.multi.cool::3
INFO:cooler.create:Creating cooler at "/mnt/storage3b/projects/no_ngsd/ahthapp1_T2T_ONT/analysis_other/porec/T2T12.hp2/cooler/tmpt_4ud94j.multi.cool::/3"
INFO:cooler.create:Writing chroms
INFO:cooler.create:Writing bins
INFO:cooler.create:Writing pixels
INFO:cooler.create:Writing indexes
INFO:cooler.create:Writing info
INFO:cooler.create:Writing chunk 4: /mnt/storage3b/projects/no_ngsd/ahthapp1_T2T_ONT/analysis_other/porec/T2T12.hp2/cooler/tmpt_4ud94j.multi.cool::4
INFO:cooler.create:Creating cooler at "/mnt/storage3b/projects/no_ngsd/ahthapp1_T2T_ONT/analysis_other/porec/T2T12.hp2/cooler/tmpt_4ud94j.multi.cool::/4"
INFO:cooler.create:Writing chroms
INFO:cooler.create:Writing bins
INFO:cooler.create:Writing pixels
INFO:cooler.create:Writing indexes
INFO:cooler.create:Writing info
INFO:cooler.create:Writing chunk 5: /mnt/storage3b/projects/no_ngsd/ahthapp1_T2T_ONT/analysis_other/porec/T2T12.hp2/cooler/tmpt_4ud94j.multi.cool::5
INFO:cooler.create:Creating cooler at "/mnt/storage3b/projects/no_ngsd/ahthapp1_T2T_ONT/analysis_other/porec/T2T12.hp2/cooler/tmpt_4ud94j.multi.cool::/5"
INFO:cooler.create:Writing chroms
INFO:cooler.create:Writing bins
INFO:cooler.create:Writing pixels
INFO:cooler.create:Writing indexes
INFO:cooler.create:Writing info
INFO:cooler.create:Writing chunk 6: /mnt/storage3b/projects/no_ngsd/ahthapp1_T2T_ONT/analysis_other/porec/T2T12.hp2/cooler/tmpt_4ud94j.multi.cool::6
INFO:cooler.create:Creating cooler at "/mnt/storage3b/projects/no_ngsd/ahthapp1_T2T_ONT/analysis_other/porec/T2T12.hp2/cooler/tmpt_4ud94j.multi.cool::/6"
INFO:cooler.create:Writing chroms
INFO:cooler.create:Writing bins
INFO:cooler.create:Writing pixels
INFO:cooler.create:Writing indexes
INFO:cooler.create:Writing info
INFO:cooler.create:Writing chunk 7: /mnt/storage3b/projects/no_ngsd/ahthapp1_T2T_ONT/analysis_other/porec/T2T12.hp2/cooler/tmpt_4ud94j.multi.cool::7
INFO:cooler.create:Creating cooler at "/mnt/storage3b/projects/no_ngsd/ahthapp1_T2T_ONT/analysis_other/porec/T2T12.hp2/cooler/tmpt_4ud94j.multi.cool::/7"
INFO:cooler.create:Writing chroms
INFO:cooler.create:Writing bins
INFO:cooler.create:Writing pixels
INFO:cooler.create:Writing indexes
INFO:cooler.create:Writing info
INFO:cooler.create:Writing chunk 8: /mnt/storage3b/projects/no_ngsd/ahthapp1_T2T_ONT/analysis_other/porec/T2T12.hp2/cooler/tmpt_4ud94j.multi.cool::8
INFO:cooler.create:Creating cooler at "/mnt/storage3b/projects/no_ngsd/ahthapp1_T2T_ONT/analysis_other/porec/T2T12.hp2/cooler/tmpt_4ud94j.multi.cool::/8"
INFO:cooler.create:Writing chroms
INFO:cooler.create:Writing bins
INFO:cooler.create:Writing pixels
INFO:cooler.create:Writing indexes
INFO:cooler.create:Writing info
INFO:cooler.create:Writing chunk 9: /mnt/storage3b/projects/no_ngsd/ahthapp1_T2T_ONT/analysis_other/porec/T2T12.hp2/cooler/tmpt_4ud94j.multi.cool::9
INFO:cooler.create:Creating cooler at "/mnt/storage3b/projects/no_ngsd/ahthapp1_T2T_ONT/analysis_other/porec/T2T12.hp2/cooler/tmpt_4ud94j.multi.cool::/9"
INFO:cooler.create:Writing chroms
INFO:cooler.create:Writing bins
INFO:cooler.create:Writing pixels
INFO:cooler.create:Writing indexes
INFO:cooler.create:Writing info
INFO:cooler.create:Writing chunk 10: /mnt/storage3b/projects/no_ngsd/ahthapp1_T2T_ONT/analysis_other/porec/T2T12.hp2/cooler/tmpt_4ud94j.multi.cool::10
INFO:cooler.create:Creating cooler at "/mnt/storage3b/projects/no_ngsd/ahthapp1_T2T_ONT/analysis_other/porec/T2T12.hp2/cooler/tmpt_4ud94j.multi.cool::/10"
INFO:cooler.create:Writing chroms
INFO:cooler.create:Writing bins
INFO:cooler.create:Writing pixels
INFO:cooler.create:Writing indexes
INFO:cooler.create:Writing info
INFO:cooler.create:Writing chunk 11: /mnt/storage3b/projects/no_ngsd/ahthapp1_T2T_ONT/analysis_other/porec/T2T12.hp2/cooler/tmpt_4ud94j.multi.cool::11
INFO:cooler.create:Creating cooler at "/mnt/storage3b/projects/no_ngsd/ahthapp1_T2T_ONT/analysis_other/porec/T2T12.hp2/cooler/tmpt_4ud94j.multi.cool::/11"
INFO:cooler.create:Writing chroms
INFO:cooler.create:Writing bins
INFO:cooler.create:Writing pixels
INFO:cooler.create:Writing indexes
INFO:cooler.create:Writing info
INFO:cooler.create:Writing chunk 12: /mnt/storage3b/projects/no_ngsd/ahthapp1_T2T_ONT/analysis_other/porec/T2T12.hp2/cooler/tmpt_4ud94j.multi.cool::12
INFO:cooler.create:Creating cooler at "/mnt/storage3b/projects/no_ngsd/ahthapp1_T2T_ONT/analysis_other/porec/T2T12.hp2/cooler/tmpt_4ud94j.multi.cool::/12"
INFO:cooler.create:Writing chroms
INFO:cooler.create:Writing bins
INFO:cooler.create:Writing pixels
INFO:cooler.create:Writing indexes
INFO:cooler.create:Writing info
INFO:cooler.create:Writing chunk 13: /mnt/storage3b/projects/no_ngsd/ahthapp1_T2T_ONT/analysis_other/porec/T2T12.hp2/cooler/tmpt_4ud94j.multi.cool::13
INFO:cooler.create:Creating cooler at "/mnt/storage3b/projects/no_ngsd/ahthapp1_T2T_ONT/analysis_other/porec/T2T12.hp2/cooler/tmpt_4ud94j.multi.cool::/13"
INFO:cooler.create:Writing chroms
INFO:cooler.create:Writing bins
INFO:cooler.create:Writing pixels
INFO:cooler.create:Writing indexes
INFO:cooler.create:Writing info
INFO:cooler.create:Writing chunk 14: /mnt/storage3b/projects/no_ngsd/ahthapp1_T2T_ONT/analysis_other/porec/T2T12.hp2/cooler/tmpt_4ud94j.multi.cool::14
INFO:cooler.create:Creating cooler at "/mnt/storage3b/projects/no_ngsd/ahthapp1_T2T_ONT/analysis_other/porec/T2T12.hp2/cooler/tmpt_4ud94j.multi.cool::/14"
INFO:cooler.create:Writing chroms
INFO:cooler.create:Writing bins
INFO:cooler.create:Writing pixels
INFO:cooler.create:Writing indexes
INFO:cooler.create:Writing info
INFO:cooler.create:Writing chunk 15: /mnt/storage3b/projects/no_ngsd/ahthapp1_T2T_ONT/analysis_other/porec/T2T12.hp2/cooler/tmpt_4ud94j.multi.cool::15
INFO:cooler.create:Creating cooler at "/mnt/storage3b/projects/no_ngsd/ahthapp1_T2T_ONT/analysis_other/porec/T2T12.hp2/cooler/tmpt_4ud94j.multi.cool::/15"
INFO:cooler.create:Writing chroms
INFO:cooler.create:Writing bins
INFO:cooler.create:Writing pixels
INFO:cooler.create:Writing indexes
INFO:cooler.create:Writing info
INFO:cooler.create:Writing chunk 16: /mnt/storage3b/projects/no_ngsd/ahthapp1_T2T_ONT/analysis_other/porec/T2T12.hp2/cooler/tmpt_4ud94j.multi.cool::16
INFO:cooler.create:Creating cooler at "/mnt/storage3b/projects/no_ngsd/ahthapp1_T2T_ONT/analysis_other/porec/T2T12.hp2/cooler/tmpt_4ud94j.multi.cool::/16"
INFO:cooler.create:Writing chroms
INFO:cooler.create:Writing bins
INFO:cooler.create:Writing pixels
INFO:cooler.create:Writing indexes
INFO:cooler.create:Writing info
INFO:cooler.create:Writing chunk 17: /mnt/storage3b/projects/no_ngsd/ahthapp1_T2T_ONT/analysis_other/porec/T2T12.hp2/cooler/tmpt_4ud94j.multi.cool::17
INFO:cooler.create:Creating cooler at "/mnt/storage3b/projects/no_ngsd/ahthapp1_T2T_ONT/analysis_other/porec/T2T12.hp2/cooler/tmpt_4ud94j.multi.cool::/17"
INFO:cooler.create:Writing chroms
INFO:cooler.create:Writing bins
INFO:cooler.create:Writing pixels
INFO:cooler.create:Writing indexes
INFO:cooler.create:Writing info
INFO:cooler.create:Writing chunk 18: /mnt/storage3b/projects/no_ngsd/ahthapp1_T2T_ONT/analysis_other/porec/T2T12.hp2/cooler/tmpt_4ud94j.multi.cool::18
INFO:cooler.create:Creating cooler at "/mnt/storage3b/projects/no_ngsd/ahthapp1_T2T_ONT/analysis_other/porec/T2T12.hp2/cooler/tmpt_4ud94j.multi.cool::/18"
INFO:cooler.create:Writing chroms
INFO:cooler.create:Writing bins
INFO:cooler.create:Writing pixels
INFO:cooler.create:Writing indexes
INFO:cooler.create:Writing info
INFO:cooler.create:Writing chunk 19: /mnt/storage3b/projects/no_ngsd/ahthapp1_T2T_ONT/analysis_other/porec/T2T12.hp2/cooler/tmpt_4ud94j.multi.cool::19
INFO:cooler.create:Creating cooler at "/mnt/storage3b/projects/no_ngsd/ahthapp1_T2T_ONT/analysis_other/porec/T2T12.hp2/cooler/tmpt_4ud94j.multi.cool::/19"
INFO:cooler.create:Writing chroms
INFO:cooler.create:Writing bins
INFO:cooler.create:Writing pixels
INFO:cooler.create:Writing indexes
INFO:cooler.create:Writing info
INFO:cooler.create:Writing chunk 20: /mnt/storage3b/projects/no_ngsd/ahthapp1_T2T_ONT/analysis_other/porec/T2T12.hp2/cooler/tmpt_4ud94j.multi.cool::20
INFO:cooler.create:Creating cooler at "/mnt/storage3b/projects/no_ngsd/ahthapp1_T2T_ONT/analysis_other/porec/T2T12.hp2/cooler/tmpt_4ud94j.multi.cool::/20"
INFO:cooler.create:Writing chroms
INFO:cooler.create:Writing bins
INFO:cooler.create:Writing pixels
INFO:cooler.create:Writing indexes
INFO:cooler.create:Writing info
INFO:cooler.create:Writing chunk 21: /mnt/storage3b/projects/no_ngsd/ahthapp1_T2T_ONT/analysis_other/porec/T2T12.hp2/cooler/tmpt_4ud94j.multi.cool::21
INFO:cooler.create:Creating cooler at "/mnt/storage3b/projects/no_ngsd/ahthapp1_T2T_ONT/analysis_other/porec/T2T12.hp2/cooler/tmpt_4ud94j.multi.cool::/21"
INFO:cooler.create:Writing chroms
INFO:cooler.create:Writing bins
INFO:cooler.create:Writing pixels
INFO:cooler.create:Writing indexes
INFO:cooler.create:Writing info
INFO:cooler.create:Writing chunk 22: /mnt/storage3b/projects/no_ngsd/ahthapp1_T2T_ONT/analysis_other/porec/T2T12.hp2/cooler/tmpt_4ud94j.multi.cool::22
INFO:cooler.create:Creating cooler at "/mnt/storage3b/projects/no_ngsd/ahthapp1_T2T_ONT/analysis_other/porec/T2T12.hp2/cooler/tmpt_4ud94j.multi.cool::/22"
INFO:cooler.create:Writing chroms
INFO:cooler.create:Writing bins
INFO:cooler.create:Writing pixels
INFO:cooler.create:Writing indexes
INFO:cooler.create:Writing info
INFO:cooler.create:Writing chunk 23: /mnt/storage3b/projects/no_ngsd/ahthapp1_T2T_ONT/analysis_other/porec/T2T12.hp2/cooler/tmpt_4ud94j.multi.cool::23
INFO:cooler.create:Creating cooler at "/mnt/storage3b/projects/no_ngsd/ahthapp1_T2T_ONT/analysis_other/porec/T2T12.hp2/cooler/tmpt_4ud94j.multi.cool::/23"
INFO:cooler.create:Writing chroms
INFO:cooler.create:Writing bins
INFO:cooler.create:Writing pixels
INFO:cooler.create:Writing indexes
INFO:cooler.create:Writing info
INFO:cooler.create:Writing chunk 24: /mnt/storage3b/projects/no_ngsd/ahthapp1_T2T_ONT/analysis_other/porec/T2T12.hp2/cooler/tmpt_4ud94j.multi.cool::24
INFO:cooler.create:Creating cooler at "/mnt/storage3b/projects/no_ngsd/ahthapp1_T2T_ONT/analysis_other/porec/T2T12.hp2/cooler/tmpt_4ud94j.multi.cool::/24"
INFO:cooler.create:Writing chroms
INFO:cooler.create:Writing bins
INFO:cooler.create:Writing pixels
INFO:cooler.create:Writing indexes
INFO:cooler.create:Writing info
INFO:cooler.create:Writing chunk 25: /mnt/storage3b/projects/no_ngsd/ahthapp1_T2T_ONT/analysis_other/porec/T2T12.hp2/cooler/tmpt_4ud94j.multi.cool::25
INFO:cooler.create:Creating cooler at "/mnt/storage3b/projects/no_ngsd/ahthapp1_T2T_ONT/analysis_other/porec/T2T12.hp2/cooler/tmpt_4ud94j.multi.cool::/25"
INFO:cooler.create:Writing chroms
INFO:cooler.create:Writing bins
INFO:cooler.create:Writing pixels
INFO:cooler.create:Writing indexes
INFO:cooler.create:Writing info
INFO:cooler.create:Writing chunk 26: /mnt/storage3b/projects/no_ngsd/ahthapp1_T2T_ONT/analysis_other/porec/T2T12.hp2/cooler/tmpt_4ud94j.multi.cool::26
INFO:cooler.create:Creating cooler at "/mnt/storage3b/projects/no_ngsd/ahthapp1_T2T_ONT/analysis_other/porec/T2T12.hp2/cooler/tmpt_4ud94j.multi.cool::/26"
INFO:cooler.create:Writing chroms
INFO:cooler.create:Writing bins
INFO:cooler.create:Writing pixels
INFO:cooler.create:Writing indexes
INFO:cooler.create:Writing info
INFO:cooler.create:Writing chunk 27: /mnt/storage3b/projects/no_ngsd/ahthapp1_T2T_ONT/analysis_other/porec/T2T12.hp2/cooler/tmpt_4ud94j.multi.cool::27
INFO:cooler.create:Creating cooler at "/mnt/storage3b/projects/no_ngsd/ahthapp1_T2T_ONT/analysis_other/porec/T2T12.hp2/cooler/tmpt_4ud94j.multi.cool::/27"
INFO:cooler.create:Writing chroms
INFO:cooler.create:Writing bins
INFO:cooler.create:Writing pixels
INFO:cooler.create:Writing indexes
INFO:cooler.create:Writing info
INFO:cooler.create:Writing chunk 28: /mnt/storage3b/projects/no_ngsd/ahthapp1_T2T_ONT/analysis_other/porec/T2T12.hp2/cooler/tmpt_4ud94j.multi.cool::28
INFO:cooler.create:Creating cooler at "/mnt/storage3b/projects/no_ngsd/ahthapp1_T2T_ONT/analysis_other/porec/T2T12.hp2/cooler/tmpt_4ud94j.multi.cool::/28"
INFO:cooler.create:Writing chroms
INFO:cooler.create:Writing bins
INFO:cooler.create:Writing pixels
INFO:cooler.create:Writing indexes
INFO:cooler.create:Writing info
INFO:cooler.create:Writing chunk 29: /mnt/storage3b/projects/no_ngsd/ahthapp1_T2T_ONT/analysis_other/porec/T2T12.hp2/cooler/tmpt_4ud94j.multi.cool::29
INFO:cooler.create:Creating cooler at "/mnt/storage3b/projects/no_ngsd/ahthapp1_T2T_ONT/analysis_other/porec/T2T12.hp2/cooler/tmpt_4ud94j.multi.cool::/29"
INFO:cooler.create:Writing chroms
INFO:cooler.create:Writing bins
INFO:cooler.create:Writing pixels
INFO:cooler.create:Writing indexes
INFO:cooler.create:Writing info
INFO:cooler.create:Writing chunk 30: /mnt/storage3b/projects/no_ngsd/ahthapp1_T2T_ONT/analysis_other/porec/T2T12.hp2/cooler/tmpt_4ud94j.multi.cool::30
INFO:cooler.create:Creating cooler at "/mnt/storage3b/projects/no_ngsd/ahthapp1_T2T_ONT/analysis_other/porec/T2T12.hp2/cooler/tmpt_4ud94j.multi.cool::/30"
INFO:cooler.create:Writing chroms
INFO:cooler.create:Writing bins
INFO:cooler.create:Writing pixels
INFO:cooler.create:Writing indexes
INFO:cooler.create:Writing info
INFO:cooler.create:Writing chunk 31: /mnt/storage3b/projects/no_ngsd/ahthapp1_T2T_ONT/analysis_other/porec/T2T12.hp2/cooler/tmpt_4ud94j.multi.cool::31
INFO:cooler.create:Creating cooler at "/mnt/storage3b/projects/no_ngsd/ahthapp1_T2T_ONT/analysis_other/porec/T2T12.hp2/cooler/tmpt_4ud94j.multi.cool::/31"
INFO:cooler.create:Writing chroms
INFO:cooler.create:Writing bins
INFO:cooler.create:Writing pixels
INFO:cooler.create:Writing indexes
INFO:cooler.create:Writing info
INFO:cooler.create:Writing chunk 32: /mnt/storage3b/projects/no_ngsd/ahthapp1_T2T_ONT/analysis_other/porec/T2T12.hp2/cooler/tmpt_4ud94j.multi.cool::32
INFO:cooler.create:Creating cooler at "/mnt/storage3b/projects/no_ngsd/ahthapp1_T2T_ONT/analysis_other/porec/T2T12.hp2/cooler/tmpt_4ud94j.multi.cool::/32"
INFO:cooler.create:Writing chroms
INFO:cooler.create:Writing bins
INFO:cooler.create:Writing pixels
INFO:cooler.create:Writing indexes
INFO:cooler.create:Writing info
INFO:cooler.create:Writing chunk 33: /mnt/storage3b/projects/no_ngsd/ahthapp1_T2T_ONT/analysis_other/porec/T2T12.hp2/cooler/tmpt_4ud94j.multi.cool::33
INFO:cooler.create:Creating cooler at "/mnt/storage3b/projects/no_ngsd/ahthapp1_T2T_ONT/analysis_other/porec/T2T12.hp2/cooler/tmpt_4ud94j.multi.cool::/33"
INFO:cooler.create:Writing chroms
INFO:cooler.create:Writing bins
INFO:cooler.create:Writing pixels
INFO:cooler.create:Writing indexes
INFO:cooler.create:Writing info
INFO:cooler.create:Writing chunk 34: /mnt/storage3b/projects/no_ngsd/ahthapp1_T2T_ONT/analysis_other/porec/T2T12.hp2/cooler/tmpt_4ud94j.multi.cool::34
INFO:cooler.create:Creating cooler at "/mnt/storage3b/projects/no_ngsd/ahthapp1_T2T_ONT/analysis_other/porec/T2T12.hp2/cooler/tmpt_4ud94j.multi.cool::/34"
INFO:cooler.create:Writing chroms
INFO:cooler.create:Writing bins
INFO:cooler.create:Writing pixels
INFO:cooler.create:Writing indexes
INFO:cooler.create:Writing info
INFO:cooler.create:Writing chunk 35: /mnt/storage3b/projects/no_ngsd/ahthapp1_T2T_ONT/analysis_other/porec/T2T12.hp2/cooler/tmpt_4ud94j.multi.cool::35
INFO:cooler.create:Creating cooler at "/mnt/storage3b/projects/no_ngsd/ahthapp1_T2T_ONT/analysis_other/porec/T2T12.hp2/cooler/tmpt_4ud94j.multi.cool::/35"
INFO:cooler.create:Writing chroms
INFO:cooler.create:Writing bins
INFO:cooler.create:Writing pixels
INFO:cooler.create:Writing indexes
INFO:cooler.create:Writing info
INFO:cooler.create:Writing chunk 36: /mnt/storage3b/projects/no_ngsd/ahthapp1_T2T_ONT/analysis_other/porec/T2T12.hp2/cooler/tmpt_4ud94j.multi.cool::36
INFO:cooler.create:Creating cooler at "/mnt/storage3b/projects/no_ngsd/ahthapp1_T2T_ONT/analysis_other/porec/T2T12.hp2/cooler/tmpt_4ud94j.multi.cool::/36"
INFO:cooler.create:Writing chroms
INFO:cooler.create:Writing bins
INFO:cooler.create:Writing pixels
INFO:cooler.create:Writing indexes
INFO:cooler.create:Writing info
INFO:cooler.create:Writing chunk 37: /mnt/storage3b/projects/no_ngsd/ahthapp1_T2T_ONT/analysis_other/porec/T2T12.hp2/cooler/tmpt_4ud94j.multi.cool::37
INFO:cooler.create:Creating cooler at "/mnt/storage3b/projects/no_ngsd/ahthapp1_T2T_ONT/analysis_other/porec/T2T12.hp2/cooler/tmpt_4ud94j.multi.cool::/37"
INFO:cooler.create:Writing chroms
INFO:cooler.create:Writing bins
INFO:cooler.create:Writing pixels
INFO:cooler.create:Writing indexes
INFO:cooler.create:Writing info
INFO:cooler.create:Writing chunk 38: /mnt/storage3b/projects/no_ngsd/ahthapp1_T2T_ONT/analysis_other/porec/T2T12.hp2/cooler/tmpt_4ud94j.multi.cool::38
INFO:cooler.create:Creating cooler at "/mnt/storage3b/projects/no_ngsd/ahthapp1_T2T_ONT/analysis_other/porec/T2T12.hp2/cooler/tmpt_4ud94j.multi.cool::/38"
INFO:cooler.create:Writing chroms
INFO:cooler.create:Writing bins
INFO:cooler.create:Writing pixels
INFO:cooler.create:Writing indexes
INFO:cooler.create:Writing info
INFO:cooler.create:Writing chunk 39: /mnt/storage3b/projects/no_ngsd/ahthapp1_T2T_ONT/analysis_other/porec/T2T12.hp2/cooler/tmpt_4ud94j.multi.cool::39
INFO:cooler.create:Creating cooler at "/mnt/storage3b/projects/no_ngsd/ahthapp1_T2T_ONT/analysis_other/porec/T2T12.hp2/cooler/tmpt_4ud94j.multi.cool::/39"
INFO:cooler.create:Writing chroms
INFO:cooler.create:Writing bins
INFO:cooler.create:Writing pixels
INFO:cooler.create:Writing indexes
INFO:cooler.create:Writing info
INFO:cooler.create:Writing chunk 40: /mnt/storage3b/projects/no_ngsd/ahthapp1_T2T_ONT/analysis_other/porec/T2T12.hp2/cooler/tmpt_4ud94j.multi.cool::40
INFO:cooler.create:Creating cooler at "/mnt/storage3b/projects/no_ngsd/ahthapp1_T2T_ONT/analysis_other/porec/T2T12.hp2/cooler/tmpt_4ud94j.multi.cool::/40"
INFO:cooler.create:Writing chroms
INFO:cooler.create:Writing bins
INFO:cooler.create:Writing pixels
INFO:cooler.create:Writing indexes
INFO:cooler.create:Writing info
INFO:cooler.create:Writing chunk 41: /mnt/storage3b/projects/no_ngsd/ahthapp1_T2T_ONT/analysis_other/porec/T2T12.hp2/cooler/tmpt_4ud94j.multi.cool::41
INFO:cooler.create:Creating cooler at "/mnt/storage3b/projects/no_ngsd/ahthapp1_T2T_ONT/analysis_other/porec/T2T12.hp2/cooler/tmpt_4ud94j.multi.cool::/41"
INFO:cooler.create:Writing chroms
INFO:cooler.create:Writing bins
INFO:cooler.create:Writing pixels
INFO:cooler.create:Writing indexes
INFO:cooler.create:Writing info
INFO:cooler.create:Writing chunk 42: /mnt/storage3b/projects/no_ngsd/ahthapp1_T2T_ONT/analysis_other/porec/T2T12.hp2/cooler/tmpt_4ud94j.multi.cool::42
INFO:cooler.create:Creating cooler at "/mnt/storage3b/projects/no_ngsd/ahthapp1_T2T_ONT/analysis_other/porec/T2T12.hp2/cooler/tmpt_4ud94j.multi.cool::/42"
INFO:cooler.create:Writing chroms
INFO:cooler.create:Writing bins
INFO:cooler.create:Writing pixels
INFO:cooler.create:Writing indexes
INFO:cooler.create:Writing info
INFO:cooler.create:Writing chunk 43: /mnt/storage3b/projects/no_ngsd/ahthapp1_T2T_ONT/analysis_other/porec/T2T12.hp2/cooler/tmpt_4ud94j.multi.cool::43
INFO:cooler.create:Creating cooler at "/mnt/storage3b/projects/no_ngsd/ahthapp1_T2T_ONT/analysis_other/porec/T2T12.hp2/cooler/tmpt_4ud94j.multi.cool::/43"
INFO:cooler.create:Writing chroms
INFO:cooler.create:Writing bins
INFO:cooler.create:Writing pixels
INFO:cooler.create:Writing indexes
INFO:cooler.create:Writing info
INFO:cooler.create:Writing chunk 44: /mnt/storage3b/projects/no_ngsd/ahthapp1_T2T_ONT/analysis_other/porec/T2T12.hp2/cooler/tmpt_4ud94j.multi.cool::44
INFO:cooler.create:Creating cooler at "/mnt/storage3b/projects/no_ngsd/ahthapp1_T2T_ONT/analysis_other/porec/T2T12.hp2/cooler/tmpt_4ud94j.multi.cool::/44"
INFO:cooler.create:Writing chroms
INFO:cooler.create:Writing bins
INFO:cooler.create:Writing pixels
INFO:cooler.create:Writing indexes
INFO:cooler.create:Writing info
INFO:cooler.create:Writing chunk 45: /mnt/storage3b/projects/no_ngsd/ahthapp1_T2T_ONT/analysis_other/porec/T2T12.hp2/cooler/tmpt_4ud94j.multi.cool::45
INFO:cooler.create:Creating cooler at "/mnt/storage3b/projects/no_ngsd/ahthapp1_T2T_ONT/analysis_other/porec/T2T12.hp2/cooler/tmpt_4ud94j.multi.cool::/45"
INFO:cooler.create:Writing chroms
INFO:cooler.create:Writing bins
INFO:cooler.create:Writing pixels
INFO:cooler.create:Writing indexes
INFO:cooler.create:Writing info
INFO:cooler.create:Writing chunk 46: /mnt/storage3b/projects/no_ngsd/ahthapp1_T2T_ONT/analysis_other/porec/T2T12.hp2/cooler/tmpt_4ud94j.multi.cool::46
INFO:cooler.create:Creating cooler at "/mnt/storage3b/projects/no_ngsd/ahthapp1_T2T_ONT/analysis_other/porec/T2T12.hp2/cooler/tmpt_4ud94j.multi.cool::/46"
INFO:cooler.create:Writing chroms
INFO:cooler.create:Writing bins
INFO:cooler.create:Writing pixels
INFO:cooler.create:Writing indexes
INFO:cooler.create:Writing info
INFO:cooler.create:Writing chunk 47: /mnt/storage3b/projects/no_ngsd/ahthapp1_T2T_ONT/analysis_other/porec/T2T12.hp2/cooler/tmpt_4ud94j.multi.cool::47
INFO:cooler.create:Creating cooler at "/mnt/storage3b/projects/no_ngsd/ahthapp1_T2T_ONT/analysis_other/porec/T2T12.hp2/cooler/tmpt_4ud94j.multi.cool::/47"
INFO:cooler.create:Writing chroms
INFO:cooler.create:Writing bins
INFO:cooler.create:Writing pixels
INFO:cooler.create:Writing indexes
INFO:cooler.create:Writing info
INFO:cooler.create:Writing chunk 48: /mnt/storage3b/projects/no_ngsd/ahthapp1_T2T_ONT/analysis_other/porec/T2T12.hp2/cooler/tmpt_4ud94j.multi.cool::48
INFO:cooler.create:Creating cooler at "/mnt/storage3b/projects/no_ngsd/ahthapp1_T2T_ONT/analysis_other/porec/T2T12.hp2/cooler/tmpt_4ud94j.multi.cool::/48"
INFO:cooler.create:Writing chroms
INFO:cooler.create:Writing bins
INFO:cooler.create:Writing pixels
INFO:cooler.create:Writing indexes
INFO:cooler.create:Writing info
INFO:cooler.create:Writing chunk 49: /mnt/storage3b/projects/no_ngsd/ahthapp1_T2T_ONT/analysis_other/porec/T2T12.hp2/cooler/tmpt_4ud94j.multi.cool::49
INFO:cooler.create:Creating cooler at "/mnt/storage3b/projects/no_ngsd/ahthapp1_T2T_ONT/analysis_other/porec/T2T12.hp2/cooler/tmpt_4ud94j.multi.cool::/49"
INFO:cooler.create:Writing chroms
INFO:cooler.create:Writing bins
INFO:cooler.create:Writing pixels
INFO:cooler.create:Writing indexes
INFO:cooler.create:Writing info
INFO:cooler.create:Writing chunk 50: /mnt/storage3b/projects/no_ngsd/ahthapp1_T2T_ONT/analysis_other/porec/T2T12.hp2/cooler/tmpt_4ud94j.multi.cool::50
INFO:cooler.create:Creating cooler at "/mnt/storage3b/projects/no_ngsd/ahthapp1_T2T_ONT/analysis_other/porec/T2T12.hp2/cooler/tmpt_4ud94j.multi.cool::/50"
INFO:cooler.create:Writing chroms
INFO:cooler.create:Writing bins
INFO:cooler.create:Writing pixels
INFO:cooler.create:Writing indexes
INFO:cooler.create:Writing info
INFO:cooler.create:Writing chunk 51: /mnt/storage3b/projects/no_ngsd/ahthapp1_T2T_ONT/analysis_other/porec/T2T12.hp2/cooler/tmpt_4ud94j.multi.cool::51
INFO:cooler.create:Creating cooler at "/mnt/storage3b/projects/no_ngsd/ahthapp1_T2T_ONT/analysis_other/porec/T2T12.hp2/cooler/tmpt_4ud94j.multi.cool::/51"
INFO:cooler.create:Writing chroms
INFO:cooler.create:Writing bins
INFO:cooler.create:Writing pixels
INFO:cooler.create:Writing indexes
INFO:cooler.create:Writing info
INFO:cooler.create:Writing chunk 52: /mnt/storage3b/projects/no_ngsd/ahthapp1_T2T_ONT/analysis_other/porec/T2T12.hp2/cooler/tmpt_4ud94j.multi.cool::52
INFO:cooler.create:Creating cooler at "/mnt/storage3b/projects/no_ngsd/ahthapp1_T2T_ONT/analysis_other/porec/T2T12.hp2/cooler/tmpt_4ud94j.multi.cool::/52"
INFO:cooler.create:Writing chroms
INFO:cooler.create:Writing bins
INFO:cooler.create:Writing pixels
INFO:cooler.create:Writing indexes
INFO:cooler.create:Writing info
INFO:cooler.create:Writing chunk 53: /mnt/storage3b/projects/no_ngsd/ahthapp1_T2T_ONT/analysis_other/porec/T2T12.hp2/cooler/tmpt_4ud94j.multi.cool::53
INFO:cooler.create:Creating cooler at "/mnt/storage3b/projects/no_ngsd/ahthapp1_T2T_ONT/analysis_other/porec/T2T12.hp2/cooler/tmpt_4ud94j.multi.cool::/53"
INFO:cooler.create:Writing chroms
INFO:cooler.create:Writing bins
INFO:cooler.create:Writing pixels
INFO:cooler.create:Writing indexes
INFO:cooler.create:Writing info
INFO:cooler.create:Writing chunk 54: /mnt/storage3b/projects/no_ngsd/ahthapp1_T2T_ONT/analysis_other/porec/T2T12.hp2/cooler/tmpt_4ud94j.multi.cool::54
INFO:cooler.create:Creating cooler at "/mnt/storage3b/projects/no_ngsd/ahthapp1_T2T_ONT/analysis_other/porec/T2T12.hp2/cooler/tmpt_4ud94j.multi.cool::/54"
INFO:cooler.create:Writing chroms
INFO:cooler.create:Writing bins
INFO:cooler.create:Writing pixels
INFO:cooler.create:Writing indexes
INFO:cooler.create:Writing info
INFO:cooler.create:Writing chunk 55: /mnt/storage3b/projects/no_ngsd/ahthapp1_T2T_ONT/analysis_other/porec/T2T12.hp2/cooler/tmpt_4ud94j.multi.cool::55
INFO:cooler.create:Creating cooler at "/mnt/storage3b/projects/no_ngsd/ahthapp1_T2T_ONT/analysis_other/porec/T2T12.hp2/cooler/tmpt_4ud94j.multi.cool::/55"
INFO:cooler.create:Writing chroms
INFO:cooler.create:Writing bins
INFO:cooler.create:Writing pixels
INFO:cooler.create:Writing indexes
INFO:cooler.create:Writing info
INFO:cooler.create:Writing chunk 56: /mnt/storage3b/projects/no_ngsd/ahthapp1_T2T_ONT/analysis_other/porec/T2T12.hp2/cooler/tmpt_4ud94j.multi.cool::56
INFO:cooler.create:Creating cooler at "/mnt/storage3b/projects/no_ngsd/ahthapp1_T2T_ONT/analysis_other/porec/T2T12.hp2/cooler/tmpt_4ud94j.multi.cool::/56"
INFO:cooler.create:Writing chroms
INFO:cooler.create:Writing bins
INFO:cooler.create:Writing pixels
INFO:cooler.create:Writing indexes
INFO:cooler.create:Writing info
INFO:cooler.create:Writing chunk 57: /mnt/storage3b/projects/no_ngsd/ahthapp1_T2T_ONT/analysis_other/porec/T2T12.hp2/cooler/tmpt_4ud94j.multi.cool::57
INFO:cooler.create:Creating cooler at "/mnt/storage3b/projects/no_ngsd/ahthapp1_T2T_ONT/analysis_other/porec/T2T12.hp2/cooler/tmpt_4ud94j.multi.cool::/57"
INFO:cooler.create:Writing chroms
INFO:cooler.create:Writing bins
INFO:cooler.create:Writing pixels
INFO:cooler.create:Writing indexes
INFO:cooler.create:Writing info
INFO:cooler.create:Writing chunk 58: /mnt/storage3b/projects/no_ngsd/ahthapp1_T2T_ONT/analysis_other/porec/T2T12.hp2/cooler/tmpt_4ud94j.multi.cool::58
INFO:cooler.create:Creating cooler at "/mnt/storage3b/projects/no_ngsd/ahthapp1_T2T_ONT/analysis_other/porec/T2T12.hp2/cooler/tmpt_4ud94j.multi.cool::/58"
INFO:cooler.create:Writing chroms
INFO:cooler.create:Writing bins
INFO:cooler.create:Writing pixels
INFO:cooler.create:Writing indexes
INFO:cooler.create:Writing info
INFO:cooler.create:Writing chunk 59: /mnt/storage3b/projects/no_ngsd/ahthapp1_T2T_ONT/analysis_other/porec/T2T12.hp2/cooler/tmpt_4ud94j.multi.cool::59
INFO:cooler.create:Creating cooler at "/mnt/storage3b/projects/no_ngsd/ahthapp1_T2T_ONT/analysis_other/porec/T2T12.hp2/cooler/tmpt_4ud94j.multi.cool::/59"
INFO:cooler.create:Writing chroms
INFO:cooler.create:Writing bins
INFO:cooler.create:Writing pixels
INFO:cooler.create:Writing indexes
INFO:cooler.create:Writing info
INFO:cooler.create:Writing chunk 60: /mnt/storage3b/projects/no_ngsd/ahthapp1_T2T_ONT/analysis_other/porec/T2T12.hp2/cooler/tmpt_4ud94j.multi.cool::60
INFO:cooler.create:Creating cooler at "/mnt/storage3b/projects/no_ngsd/ahthapp1_T2T_ONT/analysis_other/porec/T2T12.hp2/cooler/tmpt_4ud94j.multi.cool::/60"
INFO:cooler.create:Writing chroms
INFO:cooler.create:Writing bins
INFO:cooler.create:Writing pixels
INFO:cooler.create:Writing indexes
INFO:cooler.create:Writing info
INFO:cooler.create:Writing chunk 61: /mnt/storage3b/projects/no_ngsd/ahthapp1_T2T_ONT/analysis_other/porec/T2T12.hp2/cooler/tmpt_4ud94j.multi.cool::61
INFO:cooler.create:Creating cooler at "/mnt/storage3b/projects/no_ngsd/ahthapp1_T2T_ONT/analysis_other/porec/T2T12.hp2/cooler/tmpt_4ud94j.multi.cool::/61"
INFO:cooler.create:Writing chroms
INFO:cooler.create:Writing bins
INFO:cooler.create:Writing pixels
INFO:cooler.create:Writing indexes
INFO:cooler.create:Writing info
INFO:cooler.create:Merging into analysis_other/porec/T2T12.hp2/cooler/T2T12.hp2_10000.cool
INFO:cooler.create:Creating cooler at "/mnt/storage3b/projects/no_ngsd/ahthapp1_T2T_ONT/analysis_other/porec/T2T12.hp2/cooler/T2T12.hp2_10000.cool::/"
INFO:cooler.create:Writing chroms
INFO:cooler.create:Writing bins
INFO:cooler.create:Writing pixels
INFO:cooler._reduce:n_merge_epochs: 42
INFO:cooler._reduce:nnzs: [11142359, 11190734, 11209089, 11109505, 11188309, 11153053, 11194405, 12008205, 11423688, 11557926, 11479482, 11388283, 11500427, 11432485, 11967393, 11007347, 11065123, 10936084, 11056354, 11011344, 10918385, 10553250, 10655692, 10569479, 11369827, 10369188, 10450360, 10524507, 11224784, 10058806, 10083429, 10294169, 10655185, 10052823, 10065418, 11364362, 10828989, 11110263, 11052785, 8405138, 9482870, 9865031, 10025916, 10431984, 9559053, 9672324, 10189741, 9783489, 9612751, 9330876, 9301159, 9811225, 8299778, 8407434, 8689706, 8311382, 7845576, 7751726, 7764132, 7254820, 6289733, 2704237]
INFO:cooler._reduce:records consumed: [np.int64(1991491), np.int64(1986088), np.int64(1991089), np.int64(1976294), np.int64(1994103), np.int64(1988125), np.int64(2005665), np.int64(1068755), np.int64(0), np.int64(0), np.int64(0), np.int64(0), np.int64(0), np.int64(0), np.int64(0), np.int64(0), np.int64(0), np.int64(0), np.int64(0), np.int64(0), np.int64(0), np.int64(0), np.int64(0), np.int64(0), np.int64(0), np.int64(0), np.int64(0), np.int64(0), np.int64(0), np.int64(0), np.int64(0), np.int64(0), np.int64(0), np.int64(0), np.int64(0), np.int64(0), np.int64(0), np.int64(0), np.int64(0), np.int64(0), np.int64(0), np.int64(0), np.int64(0), np.int64(0), np.int64(0), np.int64(0), np.int64(0), np.int64(0), np.int64(0), np.int64(0), np.int64(0), np.int64(0), np.int64(0), np.int64(0), np.int64(0), np.int64(0), np.int64(0), np.int64(0), np.int64(0), np.int64(0), np.int64(0), np.int64(0)]
INFO:cooler._reduce:records consumed: [np.int64(3977346), np.int64(3971060), np.int64(3984107), np.int64(3956395), np.int64(3999078), np.int64(3983611), np.int64(4016029), np.int64(2117285), np.int64(0), np.int64(0), np.int64(0), np.int64(0), np.int64(0), np.int64(0), np.int64(0), np.int64(0), np.int64(0), np.int64(0), np.int64(0), np.int64(0), np.int64(0), np.int64(0), np.int64(0), np.int64(0), np.int64(0), np.int64(0), np.int64(0), np.int64(0), np.int64(0), np.int64(0), np.int64(0), np.int64(0), np.int64(0), np.int64(0), np.int64(0), np.int64(0), np.int64(0), np.int64(0), np.int64(0), np.int64(0), np.int64(0), np.int64(0), np.int64(0), np.int64(0), np.int64(0), np.int64(0), np.int64(0), np.int64(0), np.int64(0), np.int64(0), np.int64(0), np.int64(0), np.int64(0), np.int64(0), np.int64(0), np.int64(0), np.int64(0), np.int64(0), np.int64(0), np.int64(0), np.int64(0), np.int64(0)]
INFO:cooler._reduce:records consumed: [np.int64(5968263), np.int64(5971553), np.int64(5989409), np.int64(5941434), np.int64(5992570), np.int64(5972923), np.int64(6007304), np.int64(3161842), np.int64(0), np.int64(0), np.int64(0), np.int64(0), np.int64(0), np.int64(0), np.int64(0), np.int64(0), np.int64(0), np.int64(0), np.int64(0), np.int64(0), np.int64(0), np.int64(0), np.int64(0), np.int64(0), np.int64(0), np.int64(0), np.int64(0), np.int64(0), np.int64(0), np.int64(0), np.int64(0), np.int64(0), np.int64(0), np.int64(0), np.int64(0), np.int64(0), np.int64(0), np.int64(0), np.int64(0), np.int64(0), np.int64(0), np.int64(0), np.int64(0), np.int64(0), np.int64(0), np.int64(0), np.int64(0), np.int64(0), np.int64(0), np.int64(0), np.int64(0), np.int64(0), np.int64(0), np.int64(0), np.int64(0), np.int64(0), np.int64(0), np.int64(0), np.int64(0), np.int64(0), np.int64(0), np.int64(0)]
INFO:cooler._reduce:records consumed: [np.int64(7962055), np.int64(7979046), np.int64(7999040), np.int64(7917426), np.int64(7982975), np.int64(7960072), np.int64(7988585), np.int64(4219354), np.int64(0), np.int64(0), np.int64(0), np.int64(0), np.int64(0), np.int64(0), np.int64(0), np.int64(0), np.int64(0), np.int64(0), np.int64(0), np.int64(0), np.int64(0), np.int64(0), np.int64(0), np.int64(0), np.int64(0), np.int64(0), np.int64(0), np.int64(0), np.int64(0), np.int64(0), np.int64(0), np.int64(0), np.int64(0), np.int64(0), np.int64(0), np.int64(0), np.int64(0), np.int64(0), np.int64(0), np.int64(0), np.int64(0), np.int64(0), np.int64(0), np.int64(0), np.int64(0), np.int64(0), np.int64(0), np.int64(0), np.int64(0), np.int64(0), np.int64(0), np.int64(0), np.int64(0), np.int64(0), np.int64(0), np.int64(0), np.int64(0), np.int64(0), np.int64(0), np.int64(0), np.int64(0), np.int64(0)]
INFO:cooler._reduce:records consumed: [np.int64(9936134), np.int64(9977731), np.int64(10006661), np.int64(9908398), np.int64(9977152), np.int64(9948874), np.int64(9983914), np.int64(5272211), np.int64(0), np.int64(0), np.int64(0), np.int64(0), np.int64(0), np.int64(0), np.int64(0), np.int64(0), np.int64(0), np.int64(0), np.int64(0), np.int64(0), np.int64(0), np.int64(0), np.int64(0), np.int64(0), np.int64(0), np.int64(0), np.int64(0), np.int64(0), np.int64(0), np.int64(0), np.int64(0), np.int64(0), np.int64(0), np.int64(0), np.int64(0), np.int64(0), np.int64(0), np.int64(0), np.int64(0), np.int64(0), np.int64(0), np.int64(0), np.int64(0), np.int64(0), np.int64(0), np.int64(0), np.int64(0), np.int64(0), np.int64(0), np.int64(0), np.int64(0), np.int64(0), np.int64(0), np.int64(0), np.int64(0), np.int64(0), np.int64(0), np.int64(0), np.int64(0), np.int64(0), np.int64(0), np.int64(0)]
INFO:cooler._reduce:records consumed: [np.int64(11142359), np.int64(11190734), np.int64(11209089), np.int64(11109505), np.int64(11188309), np.int64(11153053), np.int64(11194405), np.int64(6357103), np.int64(797965), np.int64(817742), np.int64(813104), np.int64(795191), np.int64(800114), np.int64(800246), np.int64(645249), np.int64(0), np.int64(0), np.int64(0), np.int64(0), np.int64(0), np.int64(0), np.int64(0), np.int64(0), np.int64(0), np.int64(0), np.int64(0), np.int64(0), np.int64(0), np.int64(0), np.int64(0), np.int64(0), np.int64(0), np.int64(0), np.int64(0), np.int64(0), np.int64(0), np.int64(0), np.int64(0), np.int64(0), np.int64(0), np.int64(0), np.int64(0), np.int64(0), np.int64(0), np.int64(0), np.int64(0), np.int64(0), np.int64(0), np.int64(0), np.int64(0), np.int64(0), np.int64(0), np.int64(0), np.int64(0), np.int64(0), np.int64(0), np.int64(0), np.int64(0), np.int64(0), np.int64(0), np.int64(0), np.int64(0)]
INFO:cooler._reduce:records consumed: [np.int64(11142359), np.int64(11190734), np.int64(11209089), np.int64(11109505), np.int64(11188309), np.int64(11153053), np.int64(11194405), np.int64(7430631), np.int64(2839500), np.int64(2878139), np.int64(2868422), np.int64(2827579), np.int64(2851686), np.int64(2833983), np.int64(2299666), np.int64(0), np.int64(0), np.int64(0), np.int64(0), np.int64(0), np.int64(0), np.int64(0), np.int64(0), np.int64(0), np.int64(0), np.int64(0), np.int64(0), np.int64(0), np.int64(0), np.int64(0), np.int64(0), np.int64(0), np.int64(0), np.int64(0), np.int64(0), np.int64(0), np.int64(0), np.int64(0), np.int64(0), np.int64(0), np.int64(0), np.int64(0), np.int64(0), np.int64(0), np.int64(0), np.int64(0), np.int64(0), np.int64(0), np.int64(0), np.int64(0), np.int64(0), np.int64(0), np.int64(0), np.int64(0), np.int64(0), np.int64(0), np.int64(0), np.int64(0), np.int64(0), np.int64(0), np.int64(0), np.int64(0)]
INFO:cooler._reduce:records consumed: [np.int64(11142359), np.int64(11190734), np.int64(11209089), np.int64(11109505), np.int64(11188309), np.int64(11153053), np.int64(11194405), np.int64(8497377), np.int64(4882282), np.int64(4934444), np.int64(4920010), np.int64(4854655), np.int64(4900638), np.int64(4867994), np.int64(3972371), np.int64(0), np.int64(0), np.int64(0), np.int64(0), np.int64(0), np.int64(0), np.int64(0), np.int64(0), np.int64(0), np.int64(0), np.int64(0), np.int64(0), np.int64(0), np.int64(0), np.int64(0), np.int64(0), np.int64(0), np.int64(0), np.int64(0), np.int64(0), np.int64(0), np.int64(0), np.int64(0), np.int64(0), np.int64(0), np.int64(0), np.int64(0), np.int64(0), np.int64(0), np.int64(0), np.int64(0), np.int64(0), np.int64(0), np.int64(0), np.int64(0), np.int64(0), np.int64(0), np.int64(0), np.int64(0), np.int64(0), np.int64(0), np.int64(0), np.int64(0), np.int64(0), np.int64(0), np.int64(0), np.int64(0)]
INFO:cooler._reduce:records consumed: [np.int64(11142359), np.int64(11190734), np.int64(11209089), np.int64(11109505), np.int64(11188309), np.int64(11153053), np.int64(11194405), np.int64(9568140), np.int64(6919770), np.int64(6996552), np.int64(6971037), np.int64(6882736), np.int64(6945935), np.int64(6908202), np.int64(5641184), np.int64(0), np.int64(0), np.int64(0), np.int64(0), np.int64(0), np.int64(0), np.int64(0), np.int64(0), np.int64(0), np.int64(0), np.int64(0), np.int64(0), np.int64(0), np.int64(0), np.int64(0), np.int64(0), np.int64(0), np.int64(0), np.int64(0), np.int64(0), np.int64(0), np.int64(0), np.int64(0), np.int64(0), np.int64(0), np.int64(0), np.int64(0), np.int64(0), np.int64(0), np.int64(0), np.int64(0), np.int64(0), np.int64(0), np.int64(0), np.int64(0), np.int64(0), np.int64(0), np.int64(0), np.int64(0), np.int64(0), np.int64(0), np.int64(0), np.int64(0), np.int64(0), np.int64(0), np.int64(0), np.int64(0)]
INFO:cooler._reduce:records consumed: [np.int64(11142359), np.int64(11190734), np.int64(11209089), np.int64(11109505), np.int64(11188309), np.int64(11153053), np.int64(11194405), np.int64(10668421), np.int64(8961083), np.int64(9050820), np.int64(9014650), np.int64(8908783), np.int64(9005091), np.int64(8946961), np.int64(7279075), np.int64(0), np.int64(0), np.int64(0), np.int64(0), np.int64(0), np.int64(0), np.int64(0), np.int64(0), np.int64(0), np.int64(0), np.int64(0), np.int64(0), np.int64(0), np.int64(0), np.int64(0), np.int64(0), np.int64(0), np.int64(0), np.int64(0), np.int64(0), np.int64(0), np.int64(0), np.int64(0), np.int64(0), np.int64(0), np.int64(0), np.int64(0), np.int64(0), np.int64(0), np.int64(0), np.int64(0), np.int64(0), np.int64(0), np.int64(0), np.int64(0), np.int64(0), np.int64(0), np.int64(0), np.int64(0), np.int64(0), np.int64(0), np.int64(0), np.int64(0), np.int64(0), np.int64(0), np.int64(0), np.int64(0)]
INFO:cooler._reduce:records consumed: [np.int64(11142359), np.int64(11190734), np.int64(11209089), np.int64(11109505), np.int64(11188309), np.int64(11153053), np.int64(11194405), np.int64(11756134), np.int64(10981593), np.int64(11114890), np.int64(11034481), np.int64(10945116), np.int64(11059748), np.int64(10998132), np.int64(8945522), np.int64(0), np.int64(0), np.int64(0), np.int64(0), np.int64(0), np.int64(0), np.int64(0), np.int64(0), np.int64(0), np.int64(0), np.int64(0), np.int64(0), np.int64(0), np.int64(0), np.int64(0), np.int64(0), np.int64(0), np.int64(0), np.int64(0), np.int64(0), np.int64(0), np.int64(0), np.int64(0), np.int64(0), np.int64(0), np.int64(0), np.int64(0), np.int64(0), np.int64(0), np.int64(0), np.int64(0), np.int64(0), np.int64(0), np.int64(0), np.int64(0), np.int64(0), np.int64(0), np.int64(0), np.int64(0), np.int64(0), np.int64(0), np.int64(0), np.int64(0), np.int64(0), np.int64(0), np.int64(0), np.int64(0)]
INFO:cooler._reduce:records consumed: [np.int64(11142359), np.int64(11190734), np.int64(11209089), np.int64(11109505), np.int64(11188309), np.int64(11153053), np.int64(11194405), np.int64(12008205), np.int64(11423688), np.int64(11557926), np.int64(11479482), np.int64(11388283), np.int64(11500427), np.int64(11432485), np.int64(9843894), np.int64(2229708), np.int64(2244978), np.int64(2209400), np.int64(2254345), np.int64(2224829), np.int64(40810), np.int64(0), np.int64(0), np.int64(0), np.int64(0), np.int64(0), np.int64(0), np.int64(0), np.int64(0), np.int64(0), np.int64(0), np.int64(0), np.int64(0), np.int64(0), np.int64(0), np.int64(0), np.int64(0), np.int64(0), np.int64(0), np.int64(0), np.int64(0), np.int64(0), np.int64(0), np.int64(0), np.int64(0), np.int64(0), np.int64(0), np.int64(0), np.int64(0), np.int64(0), np.int64(0), np.int64(0), np.int64(0), np.int64(0), np.int64(0), np.int64(0), np.int64(0), np.int64(0), np.int64(0), np.int64(0), np.int64(0), np.int64(0)]
INFO:cooler._reduce:records consumed: [np.int64(11142359), np.int64(11190734), np.int64(11209089), np.int64(11109505), np.int64(11188309), np.int64(11153053), np.int64(11194405), np.int64(12008205), np.int64(11423688), np.int64(11557926), np.int64(11479482), np.int64(11388283), np.int64(11500427), np.int64(11432485), np.int64(10520845), np.int64(5093708), np.int64(5119696), np.int64(5018479), np.int64(5114128), np.int64(5089472), np.int64(94426), np.int64(0), np.int64(0), np.int64(0), np.int64(0), np.int64(0), np.int64(0), np.int64(0), np.int64(0), np.int64(0), np.int64(0), np.int64(0), np.int64(0), np.int64(0), np.int64(0), np.int64(0), np.int64(0), np.int64(0), np.int64(0), np.int64(0), np.int64(0), np.int64(0), np.int64(0), np.int64(0), np.int64(0), np.int64(0), np.int64(0), np.int64(0), np.int64(0), np.int64(0), np.int64(0), np.int64(0), np.int64(0), np.int64(0), np.int64(0), np.int64(0), np.int64(0), np.int64(0), np.int64(0), np.int64(0), np.int64(0), np.int64(0)]
INFO:cooler._reduce:records consumed: [np.int64(11142359), np.int64(11190734), np.int64(11209089), np.int64(11109505), np.int64(11188309), np.int64(11153053), np.int64(11194405), np.int64(12008205), np.int64(11423688), np.int64(11557926), np.int64(11479482), np.int64(11388283), np.int64(11500427), np.int64(11432485), np.int64(11195791), np.int64(7939264), np.int64(7985117), np.int64(7868791), np.int64(7970989), np.int64(7945265), np.int64(148292), np.int64(0), np.int64(0), np.int64(0), np.int64(0), np.int64(0), np.int64(0), np.int64(0), np.int64(0), np.int64(0), np.int64(0), np.int64(0), np.int64(0), np.int64(0), np.int64(0), np.int64(0), np.int64(0), np.int64(0), np.int64(0), np.int64(0), np.int64(0), np.int64(0), np.int64(0), np.int64(0), np.int64(0), np.int64(0), np.int64(0), np.int64(0), np.int64(0), np.int64(0), np.int64(0), np.int64(0), np.int64(0), np.int64(0), np.int64(0), np.int64(0), np.int64(0), np.int64(0), np.int64(0), np.int64(0), np.int64(0), np.int64(0)]
INFO:cooler._reduce:records consumed: [np.int64(11142359), np.int64(11190734), np.int64(11209089), np.int64(11109505), np.int64(11188309), np.int64(11153053), np.int64(11194405), np.int64(12008205), np.int64(11423688), np.int64(11557926), np.int64(11479482), np.int64(11388283), np.int64(11500427), np.int64(11432485), np.int64(11902166), np.int64(10783353), np.int64(10839300), np.int64(10710398), np.int64(10832511), np.int64(10784425), np.int64(201955), np.int64(0), np.int64(0), np.int64(0), np.int64(0), np.int64(0), np.int64(0), np.int64(0), np.int64(0), np.int64(0), np.int64(0), np.int64(0), np.int64(0), np.int64(0), np.int64(0), np.int64(0), np.int64(0), np.int64(0), np.int64(0), np.int64(0), np.int64(0), np.int64(0), np.int64(0), np.int64(0), np.int64(0), np.int64(0), np.int64(0), np.int64(0), np.int64(0), np.int64(0), np.int64(0), np.int64(0), np.int64(0), np.int64(0), np.int64(0), np.int64(0), np.int64(0), np.int64(0), np.int64(0), np.int64(0), np.int64(0), np.int64(0)]
INFO:cooler._reduce:records consumed: [np.int64(11142359), np.int64(11190734), np.int64(11209089), np.int64(11109505), np.int64(11188309), np.int64(11153053), np.int64(11194405), np.int64(12008205), np.int64(11423688), np.int64(11557926), np.int64(11479482), np.int64(11388283), np.int64(11500427), np.int64(11432485), np.int64(11967393), np.int64(11007347), np.int64(11065123), np.int64(10936084), np.int64(11056354), np.int64(11011344), np.int64(3353378), np.int64(3098868), np.int64(3125771), np.int64(3101764), np.int64(1331989), np.int64(0), np.int64(0), np.int64(0), np.int64(0), np.int64(0), np.int64(0), np.int64(0), np.int64(0), np.int64(0), np.int64(0), np.int64(0), np.int64(0), np.int64(0), np.int64(0), np.int64(0), np.int64(0), np.int64(0), np.int64(0), np.int64(0), np.int64(0), np.int64(0), np.int64(0), np.int64(0), np.int64(0), np.int64(0), np.int64(0), np.int64(0), np.int64(0), np.int64(0), np.int64(0), np.int64(0), np.int64(0), np.int64(0), np.int64(0), np.int64(0), np.int64(0), np.int64(0)]
INFO:cooler._reduce:records consumed: [np.int64(11142359), np.int64(11190734), np.int64(11209089), np.int64(11109505), np.int64(11188309), np.int64(11153053), np.int64(11194405), np.int64(12008205), np.int64(11423688), np.int64(11557926), np.int64(11479482), np.int64(11388283), np.int64(11500427), np.int64(11432485), np.int64(11967393), np.int64(11007347), np.int64(11065123), np.int64(10936084), np.int64(11056354), np.int64(11011344), np.int64(6784712), np.int64(6457018), np.int64(6520040), np.int64(6480401), np.int64(2772240), np.int64(0), np.int64(0), np.int64(0), np.int64(0), np.int64(0), np.int64(0), np.int64(0), np.int64(0), np.int64(0), np.int64(0), np.int64(0), np.int64(0), np.int64(0), np.int64(0), np.int64(0), np.int64(0), np.int64(0), np.int64(0), np.int64(0), np.int64(0), np.int64(0), np.int64(0), np.int64(0), np.int64(0), np.int64(0), np.int64(0), np.int64(0), np.int64(0), np.int64(0), np.int64(0), np.int64(0), np.int64(0), np.int64(0), np.int64(0), np.int64(0), np.int64(0), np.int64(0)]
INFO:cooler._reduce:records consumed: [np.int64(11142359), np.int64(11190734), np.int64(11209089), np.int64(11109505), np.int64(11188309), np.int64(11153053), np.int64(11194405), np.int64(12008205), np.int64(11423688), np.int64(11557926), np.int64(11479482), np.int64(11388283), np.int64(11500427), np.int64(11432485), np.int64(11967393), np.int64(11007347), np.int64(11065123), np.int64(10936084), np.int64(11056354), np.int64(11011344), np.int64(10190691), np.int64(9823694), np.int64(9923575), np.int64(9845459), np.int64(4231830), np.int64(0), np.int64(0), np.int64(0), np.int64(0), np.int64(0), np.int64(0), np.int64(0), np.int64(0), np.int64(0), np.int64(0), np.int64(0), np.int64(0), np.int64(0), np.int64(0), np.int64(0), np.int64(0), np.int64(0), np.int64(0), np.int64(0), np.int64(0), np.int64(0), np.int64(0), np.int64(0), np.int64(0), np.int64(0), np.int64(0), np.int64(0), np.int64(0), np.int64(0), np.int64(0), np.int64(0), np.int64(0), np.int64(0), np.int64(0), np.int64(0), np.int64(0), np.int64(0)]
INFO:cooler._reduce:records consumed: [np.int64(11142359), np.int64(11190734), np.int64(11209089), np.int64(11109505), np.int64(11188309), np.int64(11153053), np.int64(11194405), np.int64(12008205), np.int64(11423688), np.int64(11557926), np.int64(11479482), np.int64(11388283), np.int64(11500427), np.int64(11432485), np.int64(11967393), np.int64(11007347), np.int64(11065123), np.int64(10936084), np.int64(11056354), np.int64(11011344), np.int64(10918385), np.int64(10553250), np.int64(10655692), np.int64(10569479), np.int64(6421586), np.int64(2839811), np.int64(2857891), np.int64(2889729), np.int64(1310802), np.int64(0), np.int64(0), np.int64(0), np.int64(0), np.int64(0), np.int64(0), np.int64(0), np.int64(0), np.int64(0), np.int64(0), np.int64(0), np.int64(0), np.int64(0), np.int64(0), np.int64(0), np.int64(0), np.int64(0), np.int64(0), np.int64(0), np.int64(0), np.int64(0), np.int64(0), np.int64(0), np.int64(0), np.int64(0), np.int64(0), np.int64(0), np.int64(0), np.int64(0), np.int64(0), np.int64(0), np.int64(0), np.int64(0)]
INFO:cooler._reduce:records consumed: [np.int64(11142359), np.int64(11190734), np.int64(11209089), np.int64(11109505), np.int64(11188309), np.int64(11153053), np.int64(11194405), np.int64(12008205), np.int64(11423688), np.int64(11557926), np.int64(11479482), np.int64(11388283), np.int64(11500427), np.int64(11432485), np.int64(11967393), np.int64(11007347), np.int64(11065123), np.int64(10936084), np.int64(11056354), np.int64(11011344), np.int64(10918385), np.int64(10553250), np.int64(10655692), np.int64(10569479), np.int64(8783787), np.int64(6474146), np.int64(6524350), np.int64(6574979), np.int64(2963859), np.int64(0), np.int64(0), np.int64(0), np.int64(0), np.int64(0), np.int64(0), np.int64(0), np.int64(0), np.int64(0), np.int64(0), np.int64(0), np.int64(0), np.int64(0), np.int64(0), np.int64(0), np.int64(0), np.int64(0), np.int64(0), np.int64(0), np.int64(0), np.int64(0), np.int64(0), np.int64(0), np.int64(0), np.int64(0), np.int64(0), np.int64(0), np.int64(0), np.int64(0), np.int64(0), np.int64(0), np.int64(0), np.int64(0)]
INFO:cooler._reduce:records consumed: [np.int64(11142359), np.int64(11190734), np.int64(11209089), np.int64(11109505), np.int64(11188309), np.int64(11153053), np.int64(11194405), np.int64(12008205), np.int64(11423688), np.int64(11557926), np.int64(11479482), np.int64(11388283), np.int64(11500427), np.int64(11432485), np.int64(11967393), np.int64(11007347), np.int64(11065123), np.int64(10936084), np.int64(11056354), np.int64(11011344), np.int64(10918385), np.int64(10553250), np.int64(10655692), np.int64(10569479), np.int64(11170670), np.int64(10082628), np.int64(10162971), np.int64(10237141), np.int64(4667718), np.int64(0), np.int64(0), np.int64(0), np.int64(0), np.int64(0), np.int64(0), np.int64(0), np.int64(0), np.int64(0), np.int64(0), np.int64(0), np.int64(0), np.int64(0), np.int64(0), np.int64(0), np.int64(0), np.int64(0), np.int64(0), np.int64(0), np.int64(0), np.int64(0), np.int64(0), np.int64(0), np.int64(0), np.int64(0), np.int64(0), np.int64(0), np.int64(0), np.int64(0), np.int64(0), np.int64(0), np.int64(0), np.int64(0)]
INFO:cooler._reduce:records consumed: [np.int64(11142359), np.int64(11190734), np.int64(11209089), np.int64(11109505), np.int64(11188309), np.int64(11153053), np.int64(11194405), np.int64(12008205), np.int64(11423688), np.int64(11557926), np.int64(11479482), np.int64(11388283), np.int64(11500427), np.int64(11432485), np.int64(11967393), np.int64(11007347), np.int64(11065123), np.int64(10936084), np.int64(11056354), np.int64(11011344), np.int64(10918385), np.int64(10553250), np.int64(10655692), np.int64(10569479), np.int64(11369827), np.int64(10369188), np.int64(10450360), np.int64(10524507), np.int64(7094331), np.int64(3594692), np.int64(3587326), np.int64(3692927), np.int64(638498), np.int64(0), np.int64(0), np.int64(0), np.int64(0), np.int64(0), np.int64(0), np.int64(0), np.int64(0), np.int64(0), np.int64(0), np.int64(0), np.int64(0), np.int64(0), np.int64(0), np.int64(0), np.int64(0), np.int64(0), np.int64(0), np.int64(0), np.int64(0), np.int64(0), np.int64(0), np.int64(0), np.int64(0), np.int64(0), np.int64(0), np.int64(0), np.int64(0), np.int64(0)]
INFO:cooler._reduce:records consumed: [np.int64(11142359), np.int64(11190734), np.int64(11209089), np.int64(11109505), np.int64(11188309), np.int64(11153053), np.int64(11194405), np.int64(12008205), np.int64(11423688), np.int64(11557926), np.int64(11479482), np.int64(11388283), np.int64(11500427), np.int64(11432485), np.int64(11967393), np.int64(11007347), np.int64(11065123), np.int64(10936084), np.int64(11056354), np.int64(11011344), np.int64(10918385), np.int64(10553250), np.int64(10655692), np.int64(10569479), np.int64(11369827), np.int64(10369188), np.int64(10450360), np.int64(10524507), np.int64(9565785), np.int64(7514094), np.int64(7509380), np.int64(7684528), np.int64(1334946), np.int64(0), np.int64(0), np.int64(0), np.int64(0), np.int64(0), np.int64(0), np.int64(0), np.int64(0), np.int64(0), np.int64(0), np.int64(0), np.int64(0), np.int64(0), np.int64(0), np.int64(0), np.int64(0), np.int64(0), np.int64(0), np.int64(0), np.int64(0), np.int64(0), np.int64(0), np.int64(0), np.int64(0), np.int64(0), np.int64(0), np.int64(0), np.int64(0), np.int64(0)]
INFO:cooler._reduce:records consumed: [np.int64(11142359), np.int64(11190734), np.int64(11209089), np.int64(11109505), np.int64(11188309), np.int64(11153053), np.int64(11194405), np.int64(12008205), np.int64(11423688), np.int64(11557926), np.int64(11479482), np.int64(11388283), np.int64(11500427), np.int64(11432485), np.int64(11967393), np.int64(11007347), np.int64(11065123), np.int64(10936084), np.int64(11056354), np.int64(11011344), np.int64(10918385), np.int64(10553250), np.int64(10655692), np.int64(10569479), np.int64(11369827), np.int64(10369188), np.int64(10450360), np.int64(10524507), np.int64(11224784), np.int64(10058806), np.int64(10083429), np.int64(10294169), np.int64(3173760), np.int64(1525820), np.int64(1526904), np.int64(721173), np.int64(0), np.int64(0), np.int64(0), np.int64(0), np.int64(0), np.int64(0), np.int64(0), np.int64(0), np.int64(0), np.int64(0), np.int64(0), np.int64(0), np.int64(0), np.int64(0), np.int64(0), np.int64(0), np.int64(0), np.int64(0), np.int64(0), np.int64(0), np.int64(0), np.int64(0), np.int64(0), np.int64(0), np.int64(0), np.int64(0)]
INFO:cooler._reduce:records consumed: [np.int64(11142359), np.int64(11190734), np.int64(11209089), np.int64(11109505), np.int64(11188309), np.int64(11153053), np.int64(11194405), np.int64(12008205), np.int64(11423688), np.int64(11557926), np.int64(11479482), np.int64(11388283), np.int64(11500427), np.int64(11432485), np.int64(11967393), np.int64(11007347), np.int64(11065123), np.int64(10936084), np.int64(11056354), np.int64(11011344), np.int64(10918385), np.int64(10553250), np.int64(10655692), np.int64(10569479), np.int64(11369827), np.int64(10369188), np.int64(10450360), np.int64(10524507), np.int64(11224784), np.int64(10058806), np.int64(10083429), np.int64(10294169), np.int64(7106799), np.int64(5996076), np.int64(6010134), np.int64(2836009), np.int64(0), np.int64(0), np.int64(0), np.int64(0), np.int64(0), np.int64(0), np.int64(0), np.int64(0), np.int64(0), np.int64(0), np.int64(0), np.int64(0), np.int64(0), np.int64(0), np.int64(0), np.int64(0), np.int64(0), np.int64(0), np.int64(0), np.int64(0), np.int64(0), np.int64(0), np.int64(0), np.int64(0), np.int64(0), np.int64(0)]
INFO:cooler._reduce:records consumed: [np.int64(11142359), np.int64(11190734), np.int64(11209089), np.int64(11109505), np.int64(11188309), np.int64(11153053), np.int64(11194405), np.int64(12008205), np.int64(11423688), np.int64(11557926), np.int64(11479482), np.int64(11388283), np.int64(11500427), np.int64(11432485), np.int64(11967393), np.int64(11007347), np.int64(11065123), np.int64(10936084), np.int64(11056354), np.int64(11011344), np.int64(10918385), np.int64(10553250), np.int64(10655692), np.int64(10569479), np.int64(11369827), np.int64(10369188), np.int64(10450360), np.int64(10524507), np.int64(11224784), np.int64(10058806), np.int64(10083429), np.int64(10294169), np.int64(10655185), np.int64(10052823), np.int64(10065418), np.int64(5030182), np.int64(402578), np.int64(414140), np.int64(331822), np.int64(0), np.int64(0), np.int64(0), np.int64(0), np.int64(0), np.int64(0), np.int64(0), np.int64(0), np.int64(0), np.int64(0), np.int64(0), np.int64(0), np.int64(0), np.int64(0), np.int64(0), np.int64(0), np.int64(0), np.int64(0), np.int64(0), np.int64(0), np.int64(0), np.int64(0), np.int64(0)]
INFO:cooler._reduce:records consumed: [np.int64(11142359), np.int64(11190734), np.int64(11209089), np.int64(11109505), np.int64(11188309), np.int64(11153053), np.int64(11194405), np.int64(12008205), np.int64(11423688), np.int64(11557926), np.int64(11479482), np.int64(11388283), np.int64(11500427), np.int64(11432485), np.int64(11967393), np.int64(11007347), np.int64(11065123), np.int64(10936084), np.int64(11056354), np.int64(11011344), np.int64(10918385), np.int64(10553250), np.int64(10655692), np.int64(10569479), np.int64(11369827), np.int64(10369188), np.int64(10450360), np.int64(10524507), np.int64(11224784), np.int64(10058806), np.int64(10083429), np.int64(10294169), np.int64(10655185), np.int64(10052823), np.int64(10065418), np.int64(7624515), np.int64(4738605), np.int64(4884745), np.int64(3931997), np.int64(0), np.int64(0), np.int64(0), np.int64(0), np.int64(0), np.int64(0), np.int64(0), np.int64(0), np.int64(0), np.int64(0), np.int64(0), np.int64(0), np.int64(0), np.int64(0), np.int64(0), np.int64(0), np.int64(0), np.int64(0), np.int64(0), np.int64(0), np.int64(0), np.int64(0), np.int64(0)]
INFO:cooler._reduce:records consumed: [np.int64(11142359), np.int64(11190734), np.int64(11209089), np.int64(11109505), np.int64(11188309), np.int64(11153053), np.int64(11194405), np.int64(12008205), np.int64(11423688), np.int64(11557926), np.int64(11479482), np.int64(11388283), np.int64(11500427), np.int64(11432485), np.int64(11967393), np.int64(11007347), np.int64(11065123), np.int64(10936084), np.int64(11056354), np.int64(11011344), np.int64(10918385), np.int64(10553250), np.int64(10655692), np.int64(10569479), np.int64(11369827), np.int64(10369188), np.int64(10450360), np.int64(10524507), np.int64(11224784), np.int64(10058806), np.int64(10083429), np.int64(10294169), np.int64(10655185), np.int64(10052823), np.int64(10065418), np.int64(10257586), np.int64(9068201), np.int64(9322852), np.int64(7532637), np.int64(0), np.int64(0), np.int64(0), np.int64(0), np.int64(0), np.int64(0), np.int64(0), np.int64(0), np.int64(0), np.int64(0), np.int64(0), np.int64(0), np.int64(0), np.int64(0), np.int64(0), np.int64(0), np.int64(0), np.int64(0), np.int64(0), np.int64(0), np.int64(0), np.int64(0), np.int64(0)]
INFO:cooler._reduce:records consumed: [np.int64(11142359), np.int64(11190734), np.int64(11209089), np.int64(11109505), np.int64(11188309), np.int64(11153053), np.int64(11194405), np.int64(12008205), np.int64(11423688), np.int64(11557926), np.int64(11479482), np.int64(11388283), np.int64(11500427), np.int64(11432485), np.int64(11967393), np.int64(11007347), np.int64(11065123), np.int64(10936084), np.int64(11056354), np.int64(11011344), np.int64(10918385), np.int64(10553250), np.int64(10655692), np.int64(10569479), np.int64(11369827), np.int64(10369188), np.int64(10450360), np.int64(10524507), np.int64(11224784), np.int64(10058806), np.int64(10083429), np.int64(10294169), np.int64(10655185), np.int64(10052823), np.int64(10065418), np.int64(11364362), np.int64(10828989), np.int64(11110263), np.int64(10006233), np.int64(4295907), np.int64(3577554), np.int64(0), np.int64(0), np.int64(0), np.int64(0), np.int64(0), np.int64(0), np.int64(0), np.int64(0), np.int64(0), np.int64(0), np.int64(0), np.int64(0), np.int64(0), np.int64(0), np.int64(0), np.int64(0), np.int64(0), np.int64(0), np.int64(0), np.int64(0), np.int64(0)]
INFO:cooler._reduce:records consumed: [np.int64(11142359), np.int64(11190734), np.int64(11209089), np.int64(11109505), np.int64(11188309), np.int64(11153053), np.int64(11194405), np.int64(12008205), np.int64(11423688), np.int64(11557926), np.int64(11479482), np.int64(11388283), np.int64(11500427), np.int64(11432485), np.int64(11967393), np.int64(11007347), np.int64(11065123), np.int64(10936084), np.int64(11056354), np.int64(11011344), np.int64(10918385), np.int64(10553250), np.int64(10655692), np.int64(10569479), np.int64(11369827), np.int64(10369188), np.int64(10450360), np.int64(10524507), np.int64(11224784), np.int64(10058806), np.int64(10083429), np.int64(10294169), np.int64(10655185), np.int64(10052823), np.int64(10065418), np.int64(11364362), np.int64(10828989), np.int64(11110263), np.int64(11052785), np.int64(8405138), np.int64(7556292), np.int64(2084598), np.int64(2116236), np.int64(1665380), np.int64(0), np.int64(0), np.int64(0), np.int64(0), np.int64(0), np.int64(0), np.int64(0), np.int64(0), np.int64(0), np.int64(0), np.int64(0), np.int64(0), np.int64(0), np.int64(0), np.int64(0), np.int64(0), np.int64(0), np.int64(0)]
INFO:cooler._reduce:records consumed: [np.int64(11142359), np.int64(11190734), np.int64(11209089), np.int64(11109505), np.int64(11188309), np.int64(11153053), np.int64(11194405), np.int64(12008205), np.int64(11423688), np.int64(11557926), np.int64(11479482), np.int64(11388283), np.int64(11500427), np.int64(11432485), np.int64(11967393), np.int64(11007347), np.int64(11065123), np.int64(10936084), np.int64(11056354), np.int64(11011344), np.int64(10918385), np.int64(10553250), np.int64(10655692), np.int64(10569479), np.int64(11369827), np.int64(10369188), np.int64(10450360), np.int64(10524507), np.int64(11224784), np.int64(10058806), np.int64(10083429), np.int64(10294169), np.int64(10655185), np.int64(10052823), np.int64(10065418), np.int64(11364362), np.int64(10828989), np.int64(11110263), np.int64(11052785), np.int64(8405138), np.int64(8732942), np.int64(6981816), np.int64(7106556), np.int64(5601850), np.int64(0), np.int64(0), np.int64(0), np.int64(0), np.int64(0), np.int64(0), np.int64(0), np.int64(0), np.int64(0), np.int64(0), np.int64(0), np.int64(0), np.int64(0), np.int64(0), np.int64(0), np.int64(0), np.int64(0), np.int64(0)]
INFO:cooler._reduce:records consumed: [np.int64(11142359), np.int64(11190734), np.int64(11209089), np.int64(11109505), np.int64(11188309), np.int64(11153053), np.int64(11194405), np.int64(12008205), np.int64(11423688), np.int64(11557926), np.int64(11479482), np.int64(11388283), np.int64(11500427), np.int64(11432485), np.int64(11967393), np.int64(11007347), np.int64(11065123), np.int64(10936084), np.int64(11056354), np.int64(11011344), np.int64(10918385), np.int64(10553250), np.int64(10655692), np.int64(10569479), np.int64(11369827), np.int64(10369188), np.int64(10450360), np.int64(10524507), np.int64(11224784), np.int64(10058806), np.int64(10083429), np.int64(10294169), np.int64(10655185), np.int64(10052823), np.int64(10065418), np.int64(11364362), np.int64(10828989), np.int64(11110263), np.int64(11052785), np.int64(8405138), np.int64(9482870), np.int64(9865031), np.int64(10025916), np.int64(8543383), np.int64(2348046), np.int64(2386200), np.int64(774965), np.int64(0), np.int64(0), np.int64(0), np.int64(0), np.int64(0), np.int64(0), np.int64(0), np.int64(0), np.int64(0), np.int64(0), np.int64(0), np.int64(0), np.int64(0), np.int64(0), np.int64(0)]
INFO:cooler._reduce:records consumed: [np.int64(11142359), np.int64(11190734), np.int64(11209089), np.int64(11109505), np.int64(11188309), np.int64(11153053), np.int64(11194405), np.int64(12008205), np.int64(11423688), np.int64(11557926), np.int64(11479482), np.int64(11388283), np.int64(11500427), np.int64(11432485), np.int64(11967393), np.int64(11007347), np.int64(11065123), np.int64(10936084), np.int64(11056354), np.int64(11011344), np.int64(10918385), np.int64(10553250), np.int64(10655692), np.int64(10569479), np.int64(11369827), np.int64(10369188), np.int64(10450360), np.int64(10524507), np.int64(11224784), np.int64(10058806), np.int64(10083429), np.int64(10294169), np.int64(10655185), np.int64(10052823), np.int64(10065418), np.int64(11364362), np.int64(10828989), np.int64(11110263), np.int64(11052785), np.int64(8405138), np.int64(9482870), np.int64(9865031), np.int64(10025916), np.int64(10016391), np.int64(8101295), np.int64(8199120), np.int64(2737065), np.int64(0), np.int64(0), np.int64(0), np.int64(0), np.int64(0), np.int64(0), np.int64(0), np.int64(0), np.int64(0), np.int64(0), np.int64(0), np.int64(0), np.int64(0), np.int64(0), np.int64(0)]
INFO:cooler._reduce:records consumed: [np.int64(11142359), np.int64(11190734), np.int64(11209089), np.int64(11109505), np.int64(11188309), np.int64(11153053), np.int64(11194405), np.int64(12008205), np.int64(11423688), np.int64(11557926), np.int64(11479482), np.int64(11388283), np.int64(11500427), np.int64(11432485), np.int64(11967393), np.int64(11007347), np.int64(11065123), np.int64(10936084), np.int64(11056354), np.int64(11011344), np.int64(10918385), np.int64(10553250), np.int64(10655692), np.int64(10569479), np.int64(11369827), np.int64(10369188), np.int64(10450360), np.int64(10524507), np.int64(11224784), np.int64(10058806), np.int64(10083429), np.int64(10294169), np.int64(10655185), np.int64(10052823), np.int64(10065418), np.int64(11364362), np.int64(10828989), np.int64(11110263), np.int64(11052785), np.int64(8405138), np.int64(9482870), np.int64(9865031), np.int64(10025916), np.int64(10431984), np.int64(9559053), np.int64(9672324), np.int64(6149129), np.int64(4107662), np.int64(4015634), np.int64(119755), np.int64(0), np.int64(0), np.int64(0), np.int64(0), np.int64(0), np.int64(0), np.int64(0), np.int64(0), np.int64(0), np.int64(0), np.int64(0), np.int64(0)]
INFO:cooler._reduce:records consumed: [np.int64(11142359), np.int64(11190734), np.int64(11209089), np.int64(11109505), np.int64(11188309), np.int64(11153053), np.int64(11194405), np.int64(12008205), np.int64(11423688), np.int64(11557926), np.int64(11479482), np.int64(11388283), np.int64(11500427), np.int64(11432485), np.int64(11967393), np.int64(11007347), np.int64(11065123), np.int64(10936084), np.int64(11056354), np.int64(11011344), np.int64(10918385), np.int64(10553250), np.int64(10655692), np.int64(10569479), np.int64(11369827), np.int64(10369188), np.int64(10450360), np.int64(10524507), np.int64(11224784), np.int64(10058806), np.int64(10083429), np.int64(10294169), np.int64(10655185), np.int64(10052823), np.int64(10065418), np.int64(11364362), np.int64(10828989), np.int64(11110263), np.int64(11052785), np.int64(8405138), np.int64(9482870), np.int64(9865031), np.int64(10025916), np.int64(10431984), np.int64(9559053), np.int64(9672324), np.int64(10053260), np.int64(9609515), np.int64(9438271), np.int64(291542), np.int64(0), np.int64(0), np.int64(0), np.int64(0), np.int64(0), np.int64(0), np.int64(0), np.int64(0), np.int64(0), np.int64(0), np.int64(0), np.int64(0)]
INFO:cooler._reduce:records consumed: [np.int64(11142359), np.int64(11190734), np.int64(11209089), np.int64(11109505), np.int64(11188309), np.int64(11153053), np.int64(11194405), np.int64(12008205), np.int64(11423688), np.int64(11557926), np.int64(11479482), np.int64(11388283), np.int64(11500427), np.int64(11432485), np.int64(11967393), np.int64(11007347), np.int64(11065123), np.int64(10936084), np.int64(11056354), np.int64(11011344), np.int64(10918385), np.int64(10553250), np.int64(10655692), np.int64(10569479), np.int64(11369827), np.int64(10369188), np.int64(10450360), np.int64(10524507), np.int64(11224784), np.int64(10058806), np.int64(10083429), np.int64(10294169), np.int64(10655185), np.int64(10052823), np.int64(10065418), np.int64(11364362), np.int64(10828989), np.int64(11110263), np.int64(11052785), np.int64(8405138), np.int64(9482870), np.int64(9865031), np.int64(10025916), np.int64(10431984), np.int64(9559053), np.int64(9672324), np.int64(10189741), np.int64(9783489), np.int64(9612751), np.int64(6018443), np.int64(5888659), np.int64(2901148), np.int64(0), np.int64(0), np.int64(0), np.int64(0), np.int64(0), np.int64(0), np.int64(0), np.int64(0), np.int64(0), np.int64(0)]
INFO:cooler._reduce:records consumed: [np.int64(11142359), np.int64(11190734), np.int64(11209089), np.int64(11109505), np.int64(11188309), np.int64(11153053), np.int64(11194405), np.int64(12008205), np.int64(11423688), np.int64(11557926), np.int64(11479482), np.int64(11388283), np.int64(11500427), np.int64(11432485), np.int64(11967393), np.int64(11007347), np.int64(11065123), np.int64(10936084), np.int64(11056354), np.int64(11011344), np.int64(10918385), np.int64(10553250), np.int64(10655692), np.int64(10569479), np.int64(11369827), np.int64(10369188), np.int64(10450360), np.int64(10524507), np.int64(11224784), np.int64(10058806), np.int64(10083429), np.int64(10294169), np.int64(10655185), np.int64(10052823), np.int64(10065418), np.int64(11364362), np.int64(10828989), np.int64(11110263), np.int64(11052785), np.int64(8405138), np.int64(9482870), np.int64(9865031), np.int64(10025916), np.int64(10431984), np.int64(9559053), np.int64(9672324), np.int64(10189741), np.int64(9783489), np.int64(9612751), np.int64(9330876), np.int64(9301159), np.int64(6882588), np.int64(3669631), np.int64(625338), np.int64(0), np.int64(0), np.int64(0), np.int64(0), np.int64(0), np.int64(0), np.int64(0), np.int64(0)]
INFO:cooler._reduce:records consumed: [np.int64(11142359), np.int64(11190734), np.int64(11209089), np.int64(11109505), np.int64(11188309), np.int64(11153053), np.int64(11194405), np.int64(12008205), np.int64(11423688), np.int64(11557926), np.int64(11479482), np.int64(11388283), np.int64(11500427), np.int64(11432485), np.int64(11967393), np.int64(11007347), np.int64(11065123), np.int64(10936084), np.int64(11056354), np.int64(11011344), np.int64(10918385), np.int64(10553250), np.int64(10655692), np.int64(10569479), np.int64(11369827), np.int64(10369188), np.int64(10450360), np.int64(10524507), np.int64(11224784), np.int64(10058806), np.int64(10083429), np.int64(10294169), np.int64(10655185), np.int64(10052823), np.int64(10065418), np.int64(11364362), np.int64(10828989), np.int64(11110263), np.int64(11052785), np.int64(8405138), np.int64(9482870), np.int64(9865031), np.int64(10025916), np.int64(10431984), np.int64(9559053), np.int64(9672324), np.int64(10189741), np.int64(9783489), np.int64(9612751), np.int64(9330876), np.int64(9301159), np.int64(9811225), np.int64(8299778), np.int64(5605576), np.int64(2461080), np.int64(0), np.int64(0), np.int64(0), np.int64(0), np.int64(0), np.int64(0), np.int64(0)]
INFO:cooler._reduce:records consumed: [np.int64(11142359), np.int64(11190734), np.int64(11209089), np.int64(11109505), np.int64(11188309), np.int64(11153053), np.int64(11194405), np.int64(12008205), np.int64(11423688), np.int64(11557926), np.int64(11479482), np.int64(11388283), np.int64(11500427), np.int64(11432485), np.int64(11967393), np.int64(11007347), np.int64(11065123), np.int64(10936084), np.int64(11056354), np.int64(11011344), np.int64(10918385), np.int64(10553250), np.int64(10655692), np.int64(10569479), np.int64(11369827), np.int64(10369188), np.int64(10450360), np.int64(10524507), np.int64(11224784), np.int64(10058806), np.int64(10083429), np.int64(10294169), np.int64(10655185), np.int64(10052823), np.int64(10065418), np.int64(11364362), np.int64(10828989), np.int64(11110263), np.int64(11052785), np.int64(8405138), np.int64(9482870), np.int64(9865031), np.int64(10025916), np.int64(10431984), np.int64(9559053), np.int64(9672324), np.int64(10189741), np.int64(9783489), np.int64(9612751), np.int64(9330876), np.int64(9301159), np.int64(9811225), np.int64(8299778), np.int64(8407434), np.int64(8689706), np.int64(5556476), np.int64(414776), np.int64(0), np.int64(0), np.int64(0), np.int64(0), np.int64(0)]
INFO:cooler._reduce:records consumed: [np.int64(11142359), np.int64(11190734), np.int64(11209089), np.int64(11109505), np.int64(11188309), np.int64(11153053), np.int64(11194405), np.int64(12008205), np.int64(11423688), np.int64(11557926), np.int64(11479482), np.int64(11388283), np.int64(11500427), np.int64(11432485), np.int64(11967393), np.int64(11007347), np.int64(11065123), np.int64(10936084), np.int64(11056354), np.int64(11011344), np.int64(10918385), np.int64(10553250), np.int64(10655692), np.int64(10569479), np.int64(11369827), np.int64(10369188), np.int64(10450360), np.int64(10524507), np.int64(11224784), np.int64(10058806), np.int64(10083429), np.int64(10294169), np.int64(10655185), np.int64(10052823), np.int64(10065418), np.int64(11364362), np.int64(10828989), np.int64(11110263), np.int64(11052785), np.int64(8405138), np.int64(9482870), np.int64(9865031), np.int64(10025916), np.int64(10431984), np.int64(9559053), np.int64(9672324), np.int64(10189741), np.int64(9783489), np.int64(9612751), np.int64(9330876), np.int64(9301159), np.int64(9811225), np.int64(8299778), np.int64(8407434), np.int64(8689706), np.int64(8311382), np.int64(7447664), np.int64(5212828), np.int64(0), np.int64(0), np.int64(0), np.int64(0)]
INFO:cooler._reduce:records consumed: [np.int64(11142359), np.int64(11190734), np.int64(11209089), np.int64(11109505), np.int64(11188309), np.int64(11153053), np.int64(11194405), np.int64(12008205), np.int64(11423688), np.int64(11557926), np.int64(11479482), np.int64(11388283), np.int64(11500427), np.int64(11432485), np.int64(11967393), np.int64(11007347), np.int64(11065123), np.int64(10936084), np.int64(11056354), np.int64(11011344), np.int64(10918385), np.int64(10553250), np.int64(10655692), np.int64(10569479), np.int64(11369827), np.int64(10369188), np.int64(10450360), np.int64(10524507), np.int64(11224784), np.int64(10058806), np.int64(10083429), np.int64(10294169), np.int64(10655185), np.int64(10052823), np.int64(10065418), np.int64(11364362), np.int64(10828989), np.int64(11110263), np.int64(11052785), np.int64(8405138), np.int64(9482870), np.int64(9865031), np.int64(10025916), np.int64(10431984), np.int64(9559053), np.int64(9672324), np.int64(10189741), np.int64(9783489), np.int64(9612751), np.int64(9330876), np.int64(9301159), np.int64(9811225), np.int64(8299778), np.int64(8407434), np.int64(8689706), np.int64(8311382), np.int64(7845576), np.int64(7751726), np.int64(7764132), np.int64(4299179), np.int64(0), np.int64(0)]
INFO:cooler._reduce:records consumed: [np.int64(11142359), np.int64(11190734), np.int64(11209089), np.int64(11109505), np.int64(11188309), np.int64(11153053), np.int64(11194405), np.int64(12008205), np.int64(11423688), np.int64(11557926), np.int64(11479482), np.int64(11388283), np.int64(11500427), np.int64(11432485), np.int64(11967393), np.int64(11007347), np.int64(11065123), np.int64(10936084), np.int64(11056354), np.int64(11011344), np.int64(10918385), np.int64(10553250), np.int64(10655692), np.int64(10569479), np.int64(11369827), np.int64(10369188), np.int64(10450360), np.int64(10524507), np.int64(11224784), np.int64(10058806), np.int64(10083429), np.int64(10294169), np.int64(10655185), np.int64(10052823), np.int64(10065418), np.int64(11364362), np.int64(10828989), np.int64(11110263), np.int64(11052785), np.int64(8405138), np.int64(9482870), np.int64(9865031), np.int64(10025916), np.int64(10431984), np.int64(9559053), np.int64(9672324), np.int64(10189741), np.int64(9783489), np.int64(9612751), np.int64(9330876), np.int64(9301159), np.int64(9811225), np.int64(8299778), np.int64(8407434), np.int64(8689706), np.int64(8311382), np.int64(7845576), np.int64(7751726), np.int64(7764132), np.int64(7254820), np.int64(6289733), np.int64(2704237)]
INFO:cooler.create:Writing indexes
INFO:cooler.create:Writing info
