INFO:cooler.create:Writing chunk 0: /mnt/storage3b/projects/no_ngsd/ahthapp1_T2T_ONT/analysis_other/porec/T2T10/cooler/tmp3bjrvy0w.multi.cool::0
INFO:cooler.create:Creating cooler at "/mnt/storage3b/projects/no_ngsd/ahthapp1_T2T_ONT/analysis_other/porec/T2T10/cooler/tmp3bjrvy0w.multi.cool::/0"
INFO:cooler.create:Writing chroms
INFO:cooler.create:Writing bins
INFO:cooler.create:Writing pixels
INFO:cooler.create:Writing indexes
INFO:cooler.create:Writing info
INFO:cooler.create:Writing chunk 1: /mnt/storage3b/projects/no_ngsd/ahthapp1_T2T_ONT/analysis_other/porec/T2T10/cooler/tmp3bjrvy0w.multi.cool::1
INFO:cooler.create:Creating cooler at "/mnt/storage3b/projects/no_ngsd/ahthapp1_T2T_ONT/analysis_other/porec/T2T10/cooler/tmp3bjrvy0w.multi.cool::/1"
INFO:cooler.create:Writing chroms
INFO:cooler.create:Writing bins
INFO:cooler.create:Writing pixels
INFO:cooler.create:Writing indexes
INFO:cooler.create:Writing info
INFO:cooler.create:Writing chunk 2: /mnt/storage3b/projects/no_ngsd/ahthapp1_T2T_ONT/analysis_other/porec/T2T10/cooler/tmp3bjrvy0w.multi.cool::2
INFO:cooler.create:Creating cooler at "/mnt/storage3b/projects/no_ngsd/ahthapp1_T2T_ONT/analysis_other/porec/T2T10/cooler/tmp3bjrvy0w.multi.cool::/2"
INFO:cooler.create:Writing chroms
INFO:cooler.create:Writing bins
INFO:cooler.create:Writing pixels
INFO:cooler.create:Writing indexes
INFO:cooler.create:Writing info
INFO:cooler.create:Writing chunk 3: /mnt/storage3b/projects/no_ngsd/ahthapp1_T2T_ONT/analysis_other/porec/T2T10/cooler/tmp3bjrvy0w.multi.cool::3
INFO:cooler.create:Creating cooler at "/mnt/storage3b/projects/no_ngsd/ahthapp1_T2T_ONT/analysis_other/porec/T2T10/cooler/tmp3bjrvy0w.multi.cool::/3"
INFO:cooler.create:Writing chroms
INFO:cooler.create:Writing bins
INFO:cooler.create:Writing pixels
INFO:cooler.create:Writing indexes
INFO:cooler.create:Writing info
INFO:cooler.create:Writing chunk 4: /mnt/storage3b/projects/no_ngsd/ahthapp1_T2T_ONT/analysis_other/porec/T2T10/cooler/tmp3bjrvy0w.multi.cool::4
INFO:cooler.create:Creating cooler at "/mnt/storage3b/projects/no_ngsd/ahthapp1_T2T_ONT/analysis_other/porec/T2T10/cooler/tmp3bjrvy0w.multi.cool::/4"
INFO:cooler.create:Writing chroms
INFO:cooler.create:Writing bins
INFO:cooler.create:Writing pixels
INFO:cooler.create:Writing indexes
INFO:cooler.create:Writing info
INFO:cooler.create:Writing chunk 5: /mnt/storage3b/projects/no_ngsd/ahthapp1_T2T_ONT/analysis_other/porec/T2T10/cooler/tmp3bjrvy0w.multi.cool::5
INFO:cooler.create:Creating cooler at "/mnt/storage3b/projects/no_ngsd/ahthapp1_T2T_ONT/analysis_other/porec/T2T10/cooler/tmp3bjrvy0w.multi.cool::/5"
INFO:cooler.create:Writing chroms
INFO:cooler.create:Writing bins
INFO:cooler.create:Writing pixels
INFO:cooler.create:Writing indexes
INFO:cooler.create:Writing info
INFO:cooler.create:Writing chunk 6: /mnt/storage3b/projects/no_ngsd/ahthapp1_T2T_ONT/analysis_other/porec/T2T10/cooler/tmp3bjrvy0w.multi.cool::6
INFO:cooler.create:Creating cooler at "/mnt/storage3b/projects/no_ngsd/ahthapp1_T2T_ONT/analysis_other/porec/T2T10/cooler/tmp3bjrvy0w.multi.cool::/6"
INFO:cooler.create:Writing chroms
INFO:cooler.create:Writing bins
INFO:cooler.create:Writing pixels
INFO:cooler.create:Writing indexes
INFO:cooler.create:Writing info
INFO:cooler.create:Writing chunk 7: /mnt/storage3b/projects/no_ngsd/ahthapp1_T2T_ONT/analysis_other/porec/T2T10/cooler/tmp3bjrvy0w.multi.cool::7
INFO:cooler.create:Creating cooler at "/mnt/storage3b/projects/no_ngsd/ahthapp1_T2T_ONT/analysis_other/porec/T2T10/cooler/tmp3bjrvy0w.multi.cool::/7"
INFO:cooler.create:Writing chroms
INFO:cooler.create:Writing bins
INFO:cooler.create:Writing pixels
INFO:cooler.create:Writing indexes
INFO:cooler.create:Writing info
INFO:cooler.create:Writing chunk 8: /mnt/storage3b/projects/no_ngsd/ahthapp1_T2T_ONT/analysis_other/porec/T2T10/cooler/tmp3bjrvy0w.multi.cool::8
INFO:cooler.create:Creating cooler at "/mnt/storage3b/projects/no_ngsd/ahthapp1_T2T_ONT/analysis_other/porec/T2T10/cooler/tmp3bjrvy0w.multi.cool::/8"
INFO:cooler.create:Writing chroms
INFO:cooler.create:Writing bins
INFO:cooler.create:Writing pixels
INFO:cooler.create:Writing indexes
INFO:cooler.create:Writing info
INFO:cooler.create:Writing chunk 9: /mnt/storage3b/projects/no_ngsd/ahthapp1_T2T_ONT/analysis_other/porec/T2T10/cooler/tmp3bjrvy0w.multi.cool::9
INFO:cooler.create:Creating cooler at "/mnt/storage3b/projects/no_ngsd/ahthapp1_T2T_ONT/analysis_other/porec/T2T10/cooler/tmp3bjrvy0w.multi.cool::/9"
INFO:cooler.create:Writing chroms
INFO:cooler.create:Writing bins
INFO:cooler.create:Writing pixels
INFO:cooler.create:Writing indexes
INFO:cooler.create:Writing info
INFO:cooler.create:Writing chunk 10: /mnt/storage3b/projects/no_ngsd/ahthapp1_T2T_ONT/analysis_other/porec/T2T10/cooler/tmp3bjrvy0w.multi.cool::10
INFO:cooler.create:Creating cooler at "/mnt/storage3b/projects/no_ngsd/ahthapp1_T2T_ONT/analysis_other/porec/T2T10/cooler/tmp3bjrvy0w.multi.cool::/10"
INFO:cooler.create:Writing chroms
INFO:cooler.create:Writing bins
INFO:cooler.create:Writing pixels
INFO:cooler.create:Writing indexes
INFO:cooler.create:Writing info
INFO:cooler.create:Writing chunk 11: /mnt/storage3b/projects/no_ngsd/ahthapp1_T2T_ONT/analysis_other/porec/T2T10/cooler/tmp3bjrvy0w.multi.cool::11
INFO:cooler.create:Creating cooler at "/mnt/storage3b/projects/no_ngsd/ahthapp1_T2T_ONT/analysis_other/porec/T2T10/cooler/tmp3bjrvy0w.multi.cool::/11"
INFO:cooler.create:Writing chroms
INFO:cooler.create:Writing bins
INFO:cooler.create:Writing pixels
INFO:cooler.create:Writing indexes
INFO:cooler.create:Writing info
INFO:cooler.create:Writing chunk 12: /mnt/storage3b/projects/no_ngsd/ahthapp1_T2T_ONT/analysis_other/porec/T2T10/cooler/tmp3bjrvy0w.multi.cool::12
INFO:cooler.create:Creating cooler at "/mnt/storage3b/projects/no_ngsd/ahthapp1_T2T_ONT/analysis_other/porec/T2T10/cooler/tmp3bjrvy0w.multi.cool::/12"
INFO:cooler.create:Writing chroms
INFO:cooler.create:Writing bins
INFO:cooler.create:Writing pixels
INFO:cooler.create:Writing indexes
INFO:cooler.create:Writing info
INFO:cooler.create:Writing chunk 13: /mnt/storage3b/projects/no_ngsd/ahthapp1_T2T_ONT/analysis_other/porec/T2T10/cooler/tmp3bjrvy0w.multi.cool::13
INFO:cooler.create:Creating cooler at "/mnt/storage3b/projects/no_ngsd/ahthapp1_T2T_ONT/analysis_other/porec/T2T10/cooler/tmp3bjrvy0w.multi.cool::/13"
INFO:cooler.create:Writing chroms
INFO:cooler.create:Writing bins
INFO:cooler.create:Writing pixels
INFO:cooler.create:Writing indexes
INFO:cooler.create:Writing info
INFO:cooler.create:Writing chunk 14: /mnt/storage3b/projects/no_ngsd/ahthapp1_T2T_ONT/analysis_other/porec/T2T10/cooler/tmp3bjrvy0w.multi.cool::14
INFO:cooler.create:Creating cooler at "/mnt/storage3b/projects/no_ngsd/ahthapp1_T2T_ONT/analysis_other/porec/T2T10/cooler/tmp3bjrvy0w.multi.cool::/14"
INFO:cooler.create:Writing chroms
INFO:cooler.create:Writing bins
INFO:cooler.create:Writing pixels
INFO:cooler.create:Writing indexes
INFO:cooler.create:Writing info
INFO:cooler.create:Writing chunk 15: /mnt/storage3b/projects/no_ngsd/ahthapp1_T2T_ONT/analysis_other/porec/T2T10/cooler/tmp3bjrvy0w.multi.cool::15
INFO:cooler.create:Creating cooler at "/mnt/storage3b/projects/no_ngsd/ahthapp1_T2T_ONT/analysis_other/porec/T2T10/cooler/tmp3bjrvy0w.multi.cool::/15"
INFO:cooler.create:Writing chroms
INFO:cooler.create:Writing bins
INFO:cooler.create:Writing pixels
INFO:cooler.create:Writing indexes
INFO:cooler.create:Writing info
INFO:cooler.create:Writing chunk 16: /mnt/storage3b/projects/no_ngsd/ahthapp1_T2T_ONT/analysis_other/porec/T2T10/cooler/tmp3bjrvy0w.multi.cool::16
INFO:cooler.create:Creating cooler at "/mnt/storage3b/projects/no_ngsd/ahthapp1_T2T_ONT/analysis_other/porec/T2T10/cooler/tmp3bjrvy0w.multi.cool::/16"
INFO:cooler.create:Writing chroms
INFO:cooler.create:Writing bins
INFO:cooler.create:Writing pixels
INFO:cooler.create:Writing indexes
INFO:cooler.create:Writing info
INFO:cooler.create:Writing chunk 17: /mnt/storage3b/projects/no_ngsd/ahthapp1_T2T_ONT/analysis_other/porec/T2T10/cooler/tmp3bjrvy0w.multi.cool::17
INFO:cooler.create:Creating cooler at "/mnt/storage3b/projects/no_ngsd/ahthapp1_T2T_ONT/analysis_other/porec/T2T10/cooler/tmp3bjrvy0w.multi.cool::/17"
INFO:cooler.create:Writing chroms
INFO:cooler.create:Writing bins
INFO:cooler.create:Writing pixels
INFO:cooler.create:Writing indexes
INFO:cooler.create:Writing info
INFO:cooler.create:Writing chunk 18: /mnt/storage3b/projects/no_ngsd/ahthapp1_T2T_ONT/analysis_other/porec/T2T10/cooler/tmp3bjrvy0w.multi.cool::18
INFO:cooler.create:Creating cooler at "/mnt/storage3b/projects/no_ngsd/ahthapp1_T2T_ONT/analysis_other/porec/T2T10/cooler/tmp3bjrvy0w.multi.cool::/18"
INFO:cooler.create:Writing chroms
INFO:cooler.create:Writing bins
INFO:cooler.create:Writing pixels
INFO:cooler.create:Writing indexes
INFO:cooler.create:Writing info
INFO:cooler.create:Writing chunk 19: /mnt/storage3b/projects/no_ngsd/ahthapp1_T2T_ONT/analysis_other/porec/T2T10/cooler/tmp3bjrvy0w.multi.cool::19
INFO:cooler.create:Creating cooler at "/mnt/storage3b/projects/no_ngsd/ahthapp1_T2T_ONT/analysis_other/porec/T2T10/cooler/tmp3bjrvy0w.multi.cool::/19"
INFO:cooler.create:Writing chroms
INFO:cooler.create:Writing bins
INFO:cooler.create:Writing pixels
INFO:cooler.create:Writing indexes
INFO:cooler.create:Writing info
INFO:cooler.create:Writing chunk 20: /mnt/storage3b/projects/no_ngsd/ahthapp1_T2T_ONT/analysis_other/porec/T2T10/cooler/tmp3bjrvy0w.multi.cool::20
INFO:cooler.create:Creating cooler at "/mnt/storage3b/projects/no_ngsd/ahthapp1_T2T_ONT/analysis_other/porec/T2T10/cooler/tmp3bjrvy0w.multi.cool::/20"
INFO:cooler.create:Writing chroms
INFO:cooler.create:Writing bins
INFO:cooler.create:Writing pixels
INFO:cooler.create:Writing indexes
INFO:cooler.create:Writing info
INFO:cooler.create:Writing chunk 21: /mnt/storage3b/projects/no_ngsd/ahthapp1_T2T_ONT/analysis_other/porec/T2T10/cooler/tmp3bjrvy0w.multi.cool::21
INFO:cooler.create:Creating cooler at "/mnt/storage3b/projects/no_ngsd/ahthapp1_T2T_ONT/analysis_other/porec/T2T10/cooler/tmp3bjrvy0w.multi.cool::/21"
INFO:cooler.create:Writing chroms
INFO:cooler.create:Writing bins
INFO:cooler.create:Writing pixels
INFO:cooler.create:Writing indexes
INFO:cooler.create:Writing info
INFO:cooler.create:Writing chunk 22: /mnt/storage3b/projects/no_ngsd/ahthapp1_T2T_ONT/analysis_other/porec/T2T10/cooler/tmp3bjrvy0w.multi.cool::22
INFO:cooler.create:Creating cooler at "/mnt/storage3b/projects/no_ngsd/ahthapp1_T2T_ONT/analysis_other/porec/T2T10/cooler/tmp3bjrvy0w.multi.cool::/22"
INFO:cooler.create:Writing chroms
INFO:cooler.create:Writing bins
INFO:cooler.create:Writing pixels
INFO:cooler.create:Writing indexes
INFO:cooler.create:Writing info
INFO:cooler.create:Writing chunk 23: /mnt/storage3b/projects/no_ngsd/ahthapp1_T2T_ONT/analysis_other/porec/T2T10/cooler/tmp3bjrvy0w.multi.cool::23
INFO:cooler.create:Creating cooler at "/mnt/storage3b/projects/no_ngsd/ahthapp1_T2T_ONT/analysis_other/porec/T2T10/cooler/tmp3bjrvy0w.multi.cool::/23"
INFO:cooler.create:Writing chroms
INFO:cooler.create:Writing bins
INFO:cooler.create:Writing pixels
INFO:cooler.create:Writing indexes
INFO:cooler.create:Writing info
INFO:cooler.create:Writing chunk 24: /mnt/storage3b/projects/no_ngsd/ahthapp1_T2T_ONT/analysis_other/porec/T2T10/cooler/tmp3bjrvy0w.multi.cool::24
INFO:cooler.create:Creating cooler at "/mnt/storage3b/projects/no_ngsd/ahthapp1_T2T_ONT/analysis_other/porec/T2T10/cooler/tmp3bjrvy0w.multi.cool::/24"
INFO:cooler.create:Writing chroms
INFO:cooler.create:Writing bins
INFO:cooler.create:Writing pixels
INFO:cooler.create:Writing indexes
INFO:cooler.create:Writing info
INFO:cooler.create:Writing chunk 25: /mnt/storage3b/projects/no_ngsd/ahthapp1_T2T_ONT/analysis_other/porec/T2T10/cooler/tmp3bjrvy0w.multi.cool::25
INFO:cooler.create:Creating cooler at "/mnt/storage3b/projects/no_ngsd/ahthapp1_T2T_ONT/analysis_other/porec/T2T10/cooler/tmp3bjrvy0w.multi.cool::/25"
INFO:cooler.create:Writing chroms
INFO:cooler.create:Writing bins
INFO:cooler.create:Writing pixels
INFO:cooler.create:Writing indexes
INFO:cooler.create:Writing info
INFO:cooler.create:Writing chunk 26: /mnt/storage3b/projects/no_ngsd/ahthapp1_T2T_ONT/analysis_other/porec/T2T10/cooler/tmp3bjrvy0w.multi.cool::26
INFO:cooler.create:Creating cooler at "/mnt/storage3b/projects/no_ngsd/ahthapp1_T2T_ONT/analysis_other/porec/T2T10/cooler/tmp3bjrvy0w.multi.cool::/26"
INFO:cooler.create:Writing chroms
INFO:cooler.create:Writing bins
INFO:cooler.create:Writing pixels
INFO:cooler.create:Writing indexes
INFO:cooler.create:Writing info
INFO:cooler.create:Writing chunk 27: /mnt/storage3b/projects/no_ngsd/ahthapp1_T2T_ONT/analysis_other/porec/T2T10/cooler/tmp3bjrvy0w.multi.cool::27
INFO:cooler.create:Creating cooler at "/mnt/storage3b/projects/no_ngsd/ahthapp1_T2T_ONT/analysis_other/porec/T2T10/cooler/tmp3bjrvy0w.multi.cool::/27"
INFO:cooler.create:Writing chroms
INFO:cooler.create:Writing bins
INFO:cooler.create:Writing pixels
INFO:cooler.create:Writing indexes
INFO:cooler.create:Writing info
INFO:cooler.create:Writing chunk 28: /mnt/storage3b/projects/no_ngsd/ahthapp1_T2T_ONT/analysis_other/porec/T2T10/cooler/tmp3bjrvy0w.multi.cool::28
INFO:cooler.create:Creating cooler at "/mnt/storage3b/projects/no_ngsd/ahthapp1_T2T_ONT/analysis_other/porec/T2T10/cooler/tmp3bjrvy0w.multi.cool::/28"
INFO:cooler.create:Writing chroms
INFO:cooler.create:Writing bins
INFO:cooler.create:Writing pixels
INFO:cooler.create:Writing indexes
INFO:cooler.create:Writing info
INFO:cooler.create:Writing chunk 29: /mnt/storage3b/projects/no_ngsd/ahthapp1_T2T_ONT/analysis_other/porec/T2T10/cooler/tmp3bjrvy0w.multi.cool::29
INFO:cooler.create:Creating cooler at "/mnt/storage3b/projects/no_ngsd/ahthapp1_T2T_ONT/analysis_other/porec/T2T10/cooler/tmp3bjrvy0w.multi.cool::/29"
INFO:cooler.create:Writing chroms
INFO:cooler.create:Writing bins
INFO:cooler.create:Writing pixels
INFO:cooler.create:Writing indexes
INFO:cooler.create:Writing info
INFO:cooler.create:Writing chunk 30: /mnt/storage3b/projects/no_ngsd/ahthapp1_T2T_ONT/analysis_other/porec/T2T10/cooler/tmp3bjrvy0w.multi.cool::30
INFO:cooler.create:Creating cooler at "/mnt/storage3b/projects/no_ngsd/ahthapp1_T2T_ONT/analysis_other/porec/T2T10/cooler/tmp3bjrvy0w.multi.cool::/30"
INFO:cooler.create:Writing chroms
INFO:cooler.create:Writing bins
INFO:cooler.create:Writing pixels
INFO:cooler.create:Writing indexes
INFO:cooler.create:Writing info
INFO:cooler.create:Writing chunk 31: /mnt/storage3b/projects/no_ngsd/ahthapp1_T2T_ONT/analysis_other/porec/T2T10/cooler/tmp3bjrvy0w.multi.cool::31
INFO:cooler.create:Creating cooler at "/mnt/storage3b/projects/no_ngsd/ahthapp1_T2T_ONT/analysis_other/porec/T2T10/cooler/tmp3bjrvy0w.multi.cool::/31"
INFO:cooler.create:Writing chroms
INFO:cooler.create:Writing bins
INFO:cooler.create:Writing pixels
INFO:cooler.create:Writing indexes
INFO:cooler.create:Writing info
INFO:cooler.create:Writing chunk 32: /mnt/storage3b/projects/no_ngsd/ahthapp1_T2T_ONT/analysis_other/porec/T2T10/cooler/tmp3bjrvy0w.multi.cool::32
INFO:cooler.create:Creating cooler at "/mnt/storage3b/projects/no_ngsd/ahthapp1_T2T_ONT/analysis_other/porec/T2T10/cooler/tmp3bjrvy0w.multi.cool::/32"
INFO:cooler.create:Writing chroms
INFO:cooler.create:Writing bins
INFO:cooler.create:Writing pixels
INFO:cooler.create:Writing indexes
INFO:cooler.create:Writing info
INFO:cooler.create:Writing chunk 33: /mnt/storage3b/projects/no_ngsd/ahthapp1_T2T_ONT/analysis_other/porec/T2T10/cooler/tmp3bjrvy0w.multi.cool::33
INFO:cooler.create:Creating cooler at "/mnt/storage3b/projects/no_ngsd/ahthapp1_T2T_ONT/analysis_other/porec/T2T10/cooler/tmp3bjrvy0w.multi.cool::/33"
INFO:cooler.create:Writing chroms
INFO:cooler.create:Writing bins
INFO:cooler.create:Writing pixels
INFO:cooler.create:Writing indexes
INFO:cooler.create:Writing info
INFO:cooler.create:Writing chunk 34: /mnt/storage3b/projects/no_ngsd/ahthapp1_T2T_ONT/analysis_other/porec/T2T10/cooler/tmp3bjrvy0w.multi.cool::34
INFO:cooler.create:Creating cooler at "/mnt/storage3b/projects/no_ngsd/ahthapp1_T2T_ONT/analysis_other/porec/T2T10/cooler/tmp3bjrvy0w.multi.cool::/34"
INFO:cooler.create:Writing chroms
INFO:cooler.create:Writing bins
INFO:cooler.create:Writing pixels
INFO:cooler.create:Writing indexes
INFO:cooler.create:Writing info
INFO:cooler.create:Writing chunk 35: /mnt/storage3b/projects/no_ngsd/ahthapp1_T2T_ONT/analysis_other/porec/T2T10/cooler/tmp3bjrvy0w.multi.cool::35
INFO:cooler.create:Creating cooler at "/mnt/storage3b/projects/no_ngsd/ahthapp1_T2T_ONT/analysis_other/porec/T2T10/cooler/tmp3bjrvy0w.multi.cool::/35"
INFO:cooler.create:Writing chroms
INFO:cooler.create:Writing bins
INFO:cooler.create:Writing pixels
INFO:cooler.create:Writing indexes
INFO:cooler.create:Writing info
INFO:cooler.create:Writing chunk 36: /mnt/storage3b/projects/no_ngsd/ahthapp1_T2T_ONT/analysis_other/porec/T2T10/cooler/tmp3bjrvy0w.multi.cool::36
INFO:cooler.create:Creating cooler at "/mnt/storage3b/projects/no_ngsd/ahthapp1_T2T_ONT/analysis_other/porec/T2T10/cooler/tmp3bjrvy0w.multi.cool::/36"
INFO:cooler.create:Writing chroms
INFO:cooler.create:Writing bins
INFO:cooler.create:Writing pixels
INFO:cooler.create:Writing indexes
INFO:cooler.create:Writing info
INFO:cooler.create:Writing chunk 37: /mnt/storage3b/projects/no_ngsd/ahthapp1_T2T_ONT/analysis_other/porec/T2T10/cooler/tmp3bjrvy0w.multi.cool::37
INFO:cooler.create:Creating cooler at "/mnt/storage3b/projects/no_ngsd/ahthapp1_T2T_ONT/analysis_other/porec/T2T10/cooler/tmp3bjrvy0w.multi.cool::/37"
INFO:cooler.create:Writing chroms
INFO:cooler.create:Writing bins
INFO:cooler.create:Writing pixels
INFO:cooler.create:Writing indexes
INFO:cooler.create:Writing info
INFO:cooler.create:Writing chunk 38: /mnt/storage3b/projects/no_ngsd/ahthapp1_T2T_ONT/analysis_other/porec/T2T10/cooler/tmp3bjrvy0w.multi.cool::38
INFO:cooler.create:Creating cooler at "/mnt/storage3b/projects/no_ngsd/ahthapp1_T2T_ONT/analysis_other/porec/T2T10/cooler/tmp3bjrvy0w.multi.cool::/38"
INFO:cooler.create:Writing chroms
INFO:cooler.create:Writing bins
INFO:cooler.create:Writing pixels
INFO:cooler.create:Writing indexes
INFO:cooler.create:Writing info
INFO:cooler.create:Writing chunk 39: /mnt/storage3b/projects/no_ngsd/ahthapp1_T2T_ONT/analysis_other/porec/T2T10/cooler/tmp3bjrvy0w.multi.cool::39
INFO:cooler.create:Creating cooler at "/mnt/storage3b/projects/no_ngsd/ahthapp1_T2T_ONT/analysis_other/porec/T2T10/cooler/tmp3bjrvy0w.multi.cool::/39"
INFO:cooler.create:Writing chroms
INFO:cooler.create:Writing bins
INFO:cooler.create:Writing pixels
INFO:cooler.create:Writing indexes
INFO:cooler.create:Writing info
INFO:cooler.create:Writing chunk 40: /mnt/storage3b/projects/no_ngsd/ahthapp1_T2T_ONT/analysis_other/porec/T2T10/cooler/tmp3bjrvy0w.multi.cool::40
INFO:cooler.create:Creating cooler at "/mnt/storage3b/projects/no_ngsd/ahthapp1_T2T_ONT/analysis_other/porec/T2T10/cooler/tmp3bjrvy0w.multi.cool::/40"
INFO:cooler.create:Writing chroms
INFO:cooler.create:Writing bins
INFO:cooler.create:Writing pixels
INFO:cooler.create:Writing indexes
INFO:cooler.create:Writing info
INFO:cooler.create:Writing chunk 41: /mnt/storage3b/projects/no_ngsd/ahthapp1_T2T_ONT/analysis_other/porec/T2T10/cooler/tmp3bjrvy0w.multi.cool::41
INFO:cooler.create:Creating cooler at "/mnt/storage3b/projects/no_ngsd/ahthapp1_T2T_ONT/analysis_other/porec/T2T10/cooler/tmp3bjrvy0w.multi.cool::/41"
INFO:cooler.create:Writing chroms
INFO:cooler.create:Writing bins
INFO:cooler.create:Writing pixels
INFO:cooler.create:Writing indexes
INFO:cooler.create:Writing info
INFO:cooler.create:Writing chunk 42: /mnt/storage3b/projects/no_ngsd/ahthapp1_T2T_ONT/analysis_other/porec/T2T10/cooler/tmp3bjrvy0w.multi.cool::42
INFO:cooler.create:Creating cooler at "/mnt/storage3b/projects/no_ngsd/ahthapp1_T2T_ONT/analysis_other/porec/T2T10/cooler/tmp3bjrvy0w.multi.cool::/42"
INFO:cooler.create:Writing chroms
INFO:cooler.create:Writing bins
INFO:cooler.create:Writing pixels
INFO:cooler.create:Writing indexes
INFO:cooler.create:Writing info
INFO:cooler.create:Writing chunk 43: /mnt/storage3b/projects/no_ngsd/ahthapp1_T2T_ONT/analysis_other/porec/T2T10/cooler/tmp3bjrvy0w.multi.cool::43
INFO:cooler.create:Creating cooler at "/mnt/storage3b/projects/no_ngsd/ahthapp1_T2T_ONT/analysis_other/porec/T2T10/cooler/tmp3bjrvy0w.multi.cool::/43"
INFO:cooler.create:Writing chroms
INFO:cooler.create:Writing bins
INFO:cooler.create:Writing pixels
INFO:cooler.create:Writing indexes
INFO:cooler.create:Writing info
INFO:cooler.create:Writing chunk 44: /mnt/storage3b/projects/no_ngsd/ahthapp1_T2T_ONT/analysis_other/porec/T2T10/cooler/tmp3bjrvy0w.multi.cool::44
INFO:cooler.create:Creating cooler at "/mnt/storage3b/projects/no_ngsd/ahthapp1_T2T_ONT/analysis_other/porec/T2T10/cooler/tmp3bjrvy0w.multi.cool::/44"
INFO:cooler.create:Writing chroms
INFO:cooler.create:Writing bins
INFO:cooler.create:Writing pixels
INFO:cooler.create:Writing indexes
INFO:cooler.create:Writing info
INFO:cooler.create:Merging into analysis_other/porec/T2T10/cooler/T2T10_10000.cool
INFO:cooler.create:Creating cooler at "/mnt/storage3b/projects/no_ngsd/ahthapp1_T2T_ONT/analysis_other/porec/T2T10/cooler/T2T10_10000.cool::/"
INFO:cooler.create:Writing chroms
INFO:cooler.create:Writing bins
INFO:cooler.create:Writing pixels
INFO:cooler._reduce:n_merge_epochs: 22
INFO:cooler._reduce:nnzs: [0, 0, 0, 0, 0, 0, 0, 0, 0, 0, 0, 0, 0, 0, 0, 6278777, 13811560, 14155752, 12112308, 10967834, 10268870, 9568230, 9454038, 9146839, 7404722, 14106073, 7164535, 13646921, 10396340, 13459996, 7959960, 14146218, 12698235, 9719628, 14152026, 8571131, 14147344, 9650275, 13243765, 9327585, 13823815, 9994002, 10563650, 10918604, 681350]
INFO:cooler._reduce:records consumed: [np.int64(0), np.int64(0), np.int64(0), np.int64(0), np.int64(0), np.int64(0), np.int64(0), np.int64(0), np.int64(0), np.int64(0), np.int64(0), np.int64(0), np.int64(0), np.int64(0), np.int64(0), np.int64(2724560), np.int64(4647748), np.int64(4507718), np.int64(3121459), np.int64(0), np.int64(0), np.int64(0), np.int64(0), np.int64(0), np.int64(0), np.int64(0), np.int64(0), np.int64(0), np.int64(0), np.int64(0), np.int64(0), np.int64(0), np.int64(0), np.int64(0), np.int64(0), np.int64(0), np.int64(0), np.int64(0), np.int64(0), np.int64(0), np.int64(0), np.int64(0), np.int64(0), np.int64(0), np.int64(0)]
INFO:cooler._reduce:records consumed: [np.int64(0), np.int64(0), np.int64(0), np.int64(0), np.int64(0), np.int64(0), np.int64(0), np.int64(0), np.int64(0), np.int64(0), np.int64(0), np.int64(0), np.int64(0), np.int64(0), np.int64(0), np.int64(4969626), np.int64(9234206), np.int64(9193115), np.int64(6606269), np.int64(0), np.int64(0), np.int64(0), np.int64(0), np.int64(0), np.int64(0), np.int64(0), np.int64(0), np.int64(0), np.int64(0), np.int64(0), np.int64(0), np.int64(0), np.int64(0), np.int64(0), np.int64(0), np.int64(0), np.int64(0), np.int64(0), np.int64(0), np.int64(0), np.int64(0), np.int64(0), np.int64(0), np.int64(0), np.int64(0)]
INFO:cooler._reduce:records consumed: [np.int64(0), np.int64(0), np.int64(0), np.int64(0), np.int64(0), np.int64(0), np.int64(0), np.int64(0), np.int64(0), np.int64(0), np.int64(0), np.int64(0), np.int64(0), np.int64(0), np.int64(0), np.int64(6278777), np.int64(13811560), np.int64(14155752), np.int64(10188952), np.int64(0), np.int64(0), np.int64(0), np.int64(0), np.int64(0), np.int64(23878), np.int64(234013), np.int64(59049), np.int64(181145), np.int64(71410), np.int64(0), np.int64(0), np.int64(0), np.int64(0), np.int64(0), np.int64(0), np.int64(0), np.int64(0), np.int64(0), np.int64(0), np.int64(0), np.int64(0), np.int64(0), np.int64(0), np.int64(0), np.int64(0)]
INFO:cooler._reduce:records consumed: [np.int64(0), np.int64(0), np.int64(0), np.int64(0), np.int64(0), np.int64(0), np.int64(0), np.int64(0), np.int64(0), np.int64(0), np.int64(0), np.int64(0), np.int64(0), np.int64(0), np.int64(0), np.int64(6278777), np.int64(13811560), np.int64(14155752), np.int64(10188952), np.int64(0), np.int64(0), np.int64(0), np.int64(0), np.int64(0), np.int64(379188), np.int64(4601206), np.int64(3339039), np.int64(4899319), np.int64(2352028), np.int64(0), np.int64(0), np.int64(0), np.int64(0), np.int64(0), np.int64(0), np.int64(0), np.int64(0), np.int64(0), np.int64(0), np.int64(0), np.int64(0), np.int64(0), np.int64(0), np.int64(0), np.int64(0)]
INFO:cooler._reduce:records consumed: [np.int64(0), np.int64(0), np.int64(0), np.int64(0), np.int64(0), np.int64(0), np.int64(0), np.int64(0), np.int64(0), np.int64(0), np.int64(0), np.int64(0), np.int64(0), np.int64(0), np.int64(0), np.int64(6278777), np.int64(13811560), np.int64(14155752), np.int64(10188952), np.int64(0), np.int64(0), np.int64(0), np.int64(0), np.int64(0), np.int64(379188), np.int64(9606757), np.int64(5921735), np.int64(9435154), np.int64(5228064), np.int64(0), np.int64(0), np.int64(0), np.int64(0), np.int64(0), np.int64(0), np.int64(0), np.int64(0), np.int64(0), np.int64(0), np.int64(0), np.int64(0), np.int64(0), np.int64(0), np.int64(0), np.int64(0)]
INFO:cooler._reduce:records consumed: [np.int64(0), np.int64(0), np.int64(0), np.int64(0), np.int64(0), np.int64(0), np.int64(0), np.int64(0), np.int64(0), np.int64(0), np.int64(0), np.int64(0), np.int64(0), np.int64(0), np.int64(0), np.int64(6278777), np.int64(13811560), np.int64(14155752), np.int64(10188952), np.int64(0), np.int64(0), np.int64(0), np.int64(0), np.int64(0), np.int64(379188), np.int64(14106073), np.int64(7164535), np.int64(13646921), np.int64(7804219), np.int64(908186), np.int64(796491), np.int64(765717), np.int64(0), np.int64(0), np.int64(0), np.int64(0), np.int64(0), np.int64(0), np.int64(0), np.int64(0), np.int64(0), np.int64(0), np.int64(0), np.int64(0), np.int64(0)]
INFO:cooler._reduce:records consumed: [np.int64(0), np.int64(0), np.int64(0), np.int64(0), np.int64(0), np.int64(0), np.int64(0), np.int64(0), np.int64(0), np.int64(0), np.int64(0), np.int64(0), np.int64(0), np.int64(0), np.int64(0), np.int64(6278777), np.int64(13811560), np.int64(14155752), np.int64(10188952), np.int64(0), np.int64(0), np.int64(0), np.int64(0), np.int64(0), np.int64(379188), np.int64(14106073), np.int64(7164535), np.int64(13646921), np.int64(7804219), np.int64(6859831), np.int64(4854272), np.int64(5757693), np.int64(0), np.int64(0), np.int64(0), np.int64(0), np.int64(0), np.int64(0), np.int64(0), np.int64(0), np.int64(0), np.int64(0), np.int64(0), np.int64(0), np.int64(0)]
INFO:cooler._reduce:records consumed: [np.int64(0), np.int64(0), np.int64(0), np.int64(0), np.int64(0), np.int64(0), np.int64(0), np.int64(0), np.int64(0), np.int64(0), np.int64(0), np.int64(0), np.int64(0), np.int64(0), np.int64(0), np.int64(6278777), np.int64(13811560), np.int64(14155752), np.int64(10188952), np.int64(0), np.int64(0), np.int64(0), np.int64(0), np.int64(0), np.int64(379188), np.int64(14106073), np.int64(7164535), np.int64(13646921), np.int64(7804219), np.int64(12978164), np.int64(7913955), np.int64(11579913), np.int64(0), np.int64(0), np.int64(0), np.int64(0), np.int64(0), np.int64(0), np.int64(0), np.int64(0), np.int64(0), np.int64(0), np.int64(0), np.int64(0), np.int64(0)]
INFO:cooler._reduce:records consumed: [np.int64(0), np.int64(0), np.int64(0), np.int64(0), np.int64(0), np.int64(0), np.int64(0), np.int64(0), np.int64(0), np.int64(0), np.int64(0), np.int64(0), np.int64(0), np.int64(0), np.int64(0), np.int64(6278777), np.int64(13811560), np.int64(14155752), np.int64(10188952), np.int64(0), np.int64(0), np.int64(0), np.int64(0), np.int64(0), np.int64(379188), np.int64(14106073), np.int64(7164535), np.int64(13646921), np.int64(7804219), np.int64(13253159), np.int64(7959960), np.int64(13243727), np.int64(6574672), np.int64(4393534), np.int64(2047589), np.int64(0), np.int64(0), np.int64(0), np.int64(0), np.int64(0), np.int64(0), np.int64(0), np.int64(0), np.int64(0), np.int64(0)]
INFO:cooler._reduce:records consumed: [np.int64(0), np.int64(0), np.int64(0), np.int64(0), np.int64(0), np.int64(0), np.int64(0), np.int64(0), np.int64(0), np.int64(0), np.int64(0), np.int64(0), np.int64(0), np.int64(0), np.int64(0), np.int64(6278777), np.int64(13811560), np.int64(14155752), np.int64(10188952), np.int64(0), np.int64(0), np.int64(0), np.int64(0), np.int64(0), np.int64(379188), np.int64(14106073), np.int64(7164535), np.int64(13646921), np.int64(7804219), np.int64(13253159), np.int64(7959960), np.int64(14146218), np.int64(12698235), np.int64(9719628), np.int64(4673954), np.int64(13517), np.int64(8320), np.int64(0), np.int64(0), np.int64(0), np.int64(0), np.int64(0), np.int64(0), np.int64(0), np.int64(0)]
INFO:cooler._reduce:records consumed: [np.int64(0), np.int64(0), np.int64(0), np.int64(0), np.int64(0), np.int64(0), np.int64(0), np.int64(0), np.int64(0), np.int64(0), np.int64(0), np.int64(0), np.int64(0), np.int64(0), np.int64(0), np.int64(6278777), np.int64(13811560), np.int64(14155752), np.int64(10188952), np.int64(0), np.int64(0), np.int64(0), np.int64(0), np.int64(0), np.int64(379188), np.int64(14106073), np.int64(7164535), np.int64(13646921), np.int64(7804219), np.int64(13253159), np.int64(7959960), np.int64(14146218), np.int64(12698235), np.int64(9719628), np.int64(9986714), np.int64(5672696), np.int64(4037060), np.int64(0), np.int64(0), np.int64(0), np.int64(0), np.int64(0), np.int64(0), np.int64(0), np.int64(0)]
INFO:cooler._reduce:records consumed: [np.int64(0), np.int64(0), np.int64(0), np.int64(0), np.int64(0), np.int64(0), np.int64(0), np.int64(0), np.int64(0), np.int64(0), np.int64(0), np.int64(0), np.int64(0), np.int64(0), np.int64(0), np.int64(6278777), np.int64(13811560), np.int64(14155752), np.int64(10188952), np.int64(0), np.int64(0), np.int64(0), np.int64(0), np.int64(0), np.int64(379188), np.int64(14106073), np.int64(7164535), np.int64(13646921), np.int64(7804219), np.int64(13253159), np.int64(7959960), np.int64(14146218), np.int64(12698235), np.int64(9719628), np.int64(14152026), np.int64(8571131), np.int64(8888053), np.int64(2013812), np.int64(1071601), np.int64(0), np.int64(0), np.int64(0), np.int64(0), np.int64(0), np.int64(0)]
INFO:cooler._reduce:records consumed: [np.int64(0), np.int64(0), np.int64(0), np.int64(0), np.int64(0), np.int64(0), np.int64(0), np.int64(0), np.int64(0), np.int64(0), np.int64(0), np.int64(0), np.int64(0), np.int64(0), np.int64(0), np.int64(6278777), np.int64(13811560), np.int64(14155752), np.int64(10188952), np.int64(0), np.int64(0), np.int64(0), np.int64(0), np.int64(0), np.int64(379188), np.int64(14106073), np.int64(7164535), np.int64(13646921), np.int64(7804219), np.int64(13253159), np.int64(7959960), np.int64(14146218), np.int64(12698235), np.int64(9719628), np.int64(14152026), np.int64(8571131), np.int64(13117499), np.int64(8766337), np.int64(5090228), np.int64(0), np.int64(0), np.int64(0), np.int64(0), np.int64(0), np.int64(0)]
INFO:cooler._reduce:records consumed: [np.int64(0), np.int64(0), np.int64(0), np.int64(0), np.int64(0), np.int64(0), np.int64(0), np.int64(0), np.int64(0), np.int64(0), np.int64(0), np.int64(0), np.int64(0), np.int64(0), np.int64(0), np.int64(6278777), np.int64(13811560), np.int64(14155752), np.int64(10188952), np.int64(0), np.int64(0), np.int64(0), np.int64(0), np.int64(0), np.int64(379188), np.int64(14106073), np.int64(7164535), np.int64(13646921), np.int64(7804219), np.int64(13253159), np.int64(7959960), np.int64(14146218), np.int64(12698235), np.int64(9719628), np.int64(14152026), np.int64(8571131), np.int64(14147344), np.int64(9650275), np.int64(10462240), np.int64(6198747), np.int64(1515939), np.int64(0), np.int64(0), np.int64(0), np.int64(0)]
INFO:cooler._reduce:records consumed: [np.int64(0), np.int64(0), np.int64(0), np.int64(0), np.int64(0), np.int64(0), np.int64(0), np.int64(0), np.int64(0), np.int64(0), np.int64(0), np.int64(0), np.int64(0), np.int64(0), np.int64(0), np.int64(6278777), np.int64(13811560), np.int64(14155752), np.int64(10188952), np.int64(0), np.int64(0), np.int64(0), np.int64(0), np.int64(0), np.int64(379188), np.int64(14106073), np.int64(7164535), np.int64(13646921), np.int64(7804219), np.int64(13253159), np.int64(7959960), np.int64(14146218), np.int64(12698235), np.int64(9719628), np.int64(14152026), np.int64(8571131), np.int64(14147344), np.int64(9650275), np.int64(13243765), np.int64(9327585), np.int64(2912446), np.int64(0), np.int64(2278943), np.int64(5401894), np.int64(13566)]
INFO:cooler._reduce:records consumed: [np.int64(0), np.int64(0), np.int64(0), np.int64(0), np.int64(0), np.int64(0), np.int64(0), np.int64(0), np.int64(0), np.int64(0), np.int64(0), np.int64(0), np.int64(0), np.int64(0), np.int64(0), np.int64(6278777), np.int64(13811560), np.int64(14155752), np.int64(10188952), np.int64(0), np.int64(0), np.int64(0), np.int64(0), np.int64(0), np.int64(379188), np.int64(14106073), np.int64(7164535), np.int64(13646921), np.int64(7804219), np.int64(13253159), np.int64(7959960), np.int64(14146218), np.int64(12698235), np.int64(9719628), np.int64(14152026), np.int64(8571131), np.int64(14147344), np.int64(9650275), np.int64(13243765), np.int64(9327585), np.int64(2912446), np.int64(3290957), np.int64(7812111), np.int64(10918604), np.int64(673578)]
INFO:cooler._reduce:records consumed: [np.int64(0), np.int64(0), np.int64(0), np.int64(0), np.int64(0), np.int64(0), np.int64(0), np.int64(0), np.int64(0), np.int64(0), np.int64(0), np.int64(0), np.int64(0), np.int64(0), np.int64(0), np.int64(6278777), np.int64(13811560), np.int64(14155752), np.int64(10188952), np.int64(0), np.int64(0), np.int64(0), np.int64(0), np.int64(0), np.int64(379188), np.int64(14106073), np.int64(7164535), np.int64(13646921), np.int64(7804219), np.int64(13253159), np.int64(7959960), np.int64(14146218), np.int64(12698235), np.int64(9719628), np.int64(14152026), np.int64(8571131), np.int64(14147344), np.int64(9650275), np.int64(13243765), np.int64(9327585), np.int64(9425220), np.int64(9027336), np.int64(10563647), np.int64(10918604), np.int64(673578)]
INFO:cooler._reduce:records consumed: [np.int64(0), np.int64(0), np.int64(0), np.int64(0), np.int64(0), np.int64(0), np.int64(0), np.int64(0), np.int64(0), np.int64(0), np.int64(0), np.int64(0), np.int64(0), np.int64(0), np.int64(0), np.int64(6278777), np.int64(13811560), np.int64(14155752), np.int64(10188952), np.int64(2033095), np.int64(7601822), np.int64(0), np.int64(0), np.int64(0), np.int64(379188), np.int64(14106073), np.int64(7164535), np.int64(13646921), np.int64(7804219), np.int64(13253159), np.int64(7959960), np.int64(14146218), np.int64(12698235), np.int64(9719628), np.int64(14152026), np.int64(8571131), np.int64(14147344), np.int64(9650275), np.int64(13243765), np.int64(9327585), np.int64(13823815), np.int64(9994002), np.int64(10563647), np.int64(10918604), np.int64(673578)]
INFO:cooler._reduce:records consumed: [np.int64(0), np.int64(0), np.int64(0), np.int64(0), np.int64(0), np.int64(0), np.int64(0), np.int64(0), np.int64(0), np.int64(0), np.int64(0), np.int64(0), np.int64(0), np.int64(0), np.int64(0), np.int64(6278777), np.int64(13811560), np.int64(14155752), np.int64(12112308), np.int64(10967834), np.int64(10268870), np.int64(1475452), np.int64(0), np.int64(0), np.int64(379188), np.int64(14106073), np.int64(7164535), np.int64(13646921), np.int64(7804219), np.int64(13253159), np.int64(7959960), np.int64(14146218), np.int64(12698235), np.int64(9719628), np.int64(14152026), np.int64(8571131), np.int64(14147344), np.int64(9650275), np.int64(13243765), np.int64(9327585), np.int64(13823815), np.int64(9994002), np.int64(10563647), np.int64(10918604), np.int64(673578)]
INFO:cooler._reduce:records consumed: [np.int64(0), np.int64(0), np.int64(0), np.int64(0), np.int64(0), np.int64(0), np.int64(0), np.int64(0), np.int64(0), np.int64(0), np.int64(0), np.int64(0), np.int64(0), np.int64(0), np.int64(0), np.int64(6278777), np.int64(13811560), np.int64(14155752), np.int64(12112308), np.int64(10967834), np.int64(10268870), np.int64(9568230), np.int64(6578272), np.int64(329032), np.int64(379188), np.int64(14106073), np.int64(7164535), np.int64(13646921), np.int64(7804219), np.int64(13253159), np.int64(7959960), np.int64(14146218), np.int64(12698235), np.int64(9719628), np.int64(14152026), np.int64(8571131), np.int64(14147344), np.int64(9650275), np.int64(13243765), np.int64(9327585), np.int64(13823815), np.int64(9994002), np.int64(10563647), np.int64(10918604), np.int64(673578)]
INFO:cooler._reduce:records consumed: [np.int64(0), np.int64(0), np.int64(0), np.int64(0), np.int64(0), np.int64(0), np.int64(0), np.int64(0), np.int64(0), np.int64(0), np.int64(0), np.int64(0), np.int64(0), np.int64(0), np.int64(0), np.int64(6278777), np.int64(13811560), np.int64(14155752), np.int64(12112308), np.int64(10967834), np.int64(10268870), np.int64(9568230), np.int64(9454038), np.int64(9146839), np.int64(3685783), np.int64(14106073), np.int64(7164535), np.int64(13646921), np.int64(7804219), np.int64(13253159), np.int64(7959960), np.int64(14146218), np.int64(12698235), np.int64(9719628), np.int64(14152026), np.int64(8571131), np.int64(14147344), np.int64(9650275), np.int64(13243765), np.int64(9327585), np.int64(13823815), np.int64(9994002), np.int64(10563647), np.int64(10918604), np.int64(673578)]
INFO:cooler._reduce:records consumed: [np.int64(0), np.int64(0), np.int64(0), np.int64(0), np.int64(0), np.int64(0), np.int64(0), np.int64(0), np.int64(0), np.int64(0), np.int64(0), np.int64(0), np.int64(0), np.int64(0), np.int64(0), np.int64(6278777), np.int64(13811560), np.int64(14155752), np.int64(12112308), np.int64(10967834), np.int64(10268870), np.int64(9568230), np.int64(9454038), np.int64(9146839), np.int64(7404722), np.int64(14106073), np.int64(7164535), np.int64(13646921), np.int64(10396340), np.int64(13459996), np.int64(7959960), np.int64(14146218), np.int64(12698235), np.int64(9719628), np.int64(14152026), np.int64(8571131), np.int64(14147344), np.int64(9650275), np.int64(13243765), np.int64(9327585), np.int64(13823815), np.int64(9994002), np.int64(10563650), np.int64(10918604), np.int64(681350)]
INFO:cooler.create:Writing indexes
INFO:cooler.create:Writing info
