INFO:cooler.create:Writing chunk 0: /mnt/storage3b/projects/no_ngsd/ahthapp1_T2T_ONT/analysis_other/porec/T2T17/cooler/tmp5kcm97_a.multi.cool::0
INFO:cooler.create:Creating cooler at "/mnt/storage3b/projects/no_ngsd/ahthapp1_T2T_ONT/analysis_other/porec/T2T17/cooler/tmp5kcm97_a.multi.cool::/0"
INFO:cooler.create:Writing chroms
INFO:cooler.create:Writing bins
INFO:cooler.create:Writing pixels
INFO:cooler.create:Writing indexes
INFO:cooler.create:Writing info
INFO:cooler.create:Writing chunk 1: /mnt/storage3b/projects/no_ngsd/ahthapp1_T2T_ONT/analysis_other/porec/T2T17/cooler/tmp5kcm97_a.multi.cool::1
INFO:cooler.create:Creating cooler at "/mnt/storage3b/projects/no_ngsd/ahthapp1_T2T_ONT/analysis_other/porec/T2T17/cooler/tmp5kcm97_a.multi.cool::/1"
INFO:cooler.create:Writing chroms
INFO:cooler.create:Writing bins
INFO:cooler.create:Writing pixels
INFO:cooler.create:Writing indexes
INFO:cooler.create:Writing info
INFO:cooler.create:Writing chunk 2: /mnt/storage3b/projects/no_ngsd/ahthapp1_T2T_ONT/analysis_other/porec/T2T17/cooler/tmp5kcm97_a.multi.cool::2
INFO:cooler.create:Creating cooler at "/mnt/storage3b/projects/no_ngsd/ahthapp1_T2T_ONT/analysis_other/porec/T2T17/cooler/tmp5kcm97_a.multi.cool::/2"
INFO:cooler.create:Writing chroms
INFO:cooler.create:Writing bins
INFO:cooler.create:Writing pixels
INFO:cooler.create:Writing indexes
INFO:cooler.create:Writing info
INFO:cooler.create:Writing chunk 3: /mnt/storage3b/projects/no_ngsd/ahthapp1_T2T_ONT/analysis_other/porec/T2T17/cooler/tmp5kcm97_a.multi.cool::3
INFO:cooler.create:Creating cooler at "/mnt/storage3b/projects/no_ngsd/ahthapp1_T2T_ONT/analysis_other/porec/T2T17/cooler/tmp5kcm97_a.multi.cool::/3"
INFO:cooler.create:Writing chroms
INFO:cooler.create:Writing bins
INFO:cooler.create:Writing pixels
INFO:cooler.create:Writing indexes
INFO:cooler.create:Writing info
INFO:cooler.create:Writing chunk 4: /mnt/storage3b/projects/no_ngsd/ahthapp1_T2T_ONT/analysis_other/porec/T2T17/cooler/tmp5kcm97_a.multi.cool::4
INFO:cooler.create:Creating cooler at "/mnt/storage3b/projects/no_ngsd/ahthapp1_T2T_ONT/analysis_other/porec/T2T17/cooler/tmp5kcm97_a.multi.cool::/4"
INFO:cooler.create:Writing chroms
INFO:cooler.create:Writing bins
INFO:cooler.create:Writing pixels
INFO:cooler.create:Writing indexes
INFO:cooler.create:Writing info
INFO:cooler.create:Writing chunk 5: /mnt/storage3b/projects/no_ngsd/ahthapp1_T2T_ONT/analysis_other/porec/T2T17/cooler/tmp5kcm97_a.multi.cool::5
INFO:cooler.create:Creating cooler at "/mnt/storage3b/projects/no_ngsd/ahthapp1_T2T_ONT/analysis_other/porec/T2T17/cooler/tmp5kcm97_a.multi.cool::/5"
INFO:cooler.create:Writing chroms
INFO:cooler.create:Writing bins
INFO:cooler.create:Writing pixels
INFO:cooler.create:Writing indexes
INFO:cooler.create:Writing info
INFO:cooler.create:Writing chunk 6: /mnt/storage3b/projects/no_ngsd/ahthapp1_T2T_ONT/analysis_other/porec/T2T17/cooler/tmp5kcm97_a.multi.cool::6
INFO:cooler.create:Creating cooler at "/mnt/storage3b/projects/no_ngsd/ahthapp1_T2T_ONT/analysis_other/porec/T2T17/cooler/tmp5kcm97_a.multi.cool::/6"
INFO:cooler.create:Writing chroms
INFO:cooler.create:Writing bins
INFO:cooler.create:Writing pixels
INFO:cooler.create:Writing indexes
INFO:cooler.create:Writing info
INFO:cooler.create:Writing chunk 7: /mnt/storage3b/projects/no_ngsd/ahthapp1_T2T_ONT/analysis_other/porec/T2T17/cooler/tmp5kcm97_a.multi.cool::7
INFO:cooler.create:Creating cooler at "/mnt/storage3b/projects/no_ngsd/ahthapp1_T2T_ONT/analysis_other/porec/T2T17/cooler/tmp5kcm97_a.multi.cool::/7"
INFO:cooler.create:Writing chroms
INFO:cooler.create:Writing bins
INFO:cooler.create:Writing pixels
INFO:cooler.create:Writing indexes
INFO:cooler.create:Writing info
INFO:cooler.create:Writing chunk 8: /mnt/storage3b/projects/no_ngsd/ahthapp1_T2T_ONT/analysis_other/porec/T2T17/cooler/tmp5kcm97_a.multi.cool::8
INFO:cooler.create:Creating cooler at "/mnt/storage3b/projects/no_ngsd/ahthapp1_T2T_ONT/analysis_other/porec/T2T17/cooler/tmp5kcm97_a.multi.cool::/8"
INFO:cooler.create:Writing chroms
INFO:cooler.create:Writing bins
INFO:cooler.create:Writing pixels
INFO:cooler.create:Writing indexes
INFO:cooler.create:Writing info
INFO:cooler.create:Writing chunk 9: /mnt/storage3b/projects/no_ngsd/ahthapp1_T2T_ONT/analysis_other/porec/T2T17/cooler/tmp5kcm97_a.multi.cool::9
INFO:cooler.create:Creating cooler at "/mnt/storage3b/projects/no_ngsd/ahthapp1_T2T_ONT/analysis_other/porec/T2T17/cooler/tmp5kcm97_a.multi.cool::/9"
INFO:cooler.create:Writing chroms
INFO:cooler.create:Writing bins
INFO:cooler.create:Writing pixels
INFO:cooler.create:Writing indexes
INFO:cooler.create:Writing info
INFO:cooler.create:Writing chunk 10: /mnt/storage3b/projects/no_ngsd/ahthapp1_T2T_ONT/analysis_other/porec/T2T17/cooler/tmp5kcm97_a.multi.cool::10
INFO:cooler.create:Creating cooler at "/mnt/storage3b/projects/no_ngsd/ahthapp1_T2T_ONT/analysis_other/porec/T2T17/cooler/tmp5kcm97_a.multi.cool::/10"
INFO:cooler.create:Writing chroms
INFO:cooler.create:Writing bins
INFO:cooler.create:Writing pixels
INFO:cooler.create:Writing indexes
INFO:cooler.create:Writing info
INFO:cooler.create:Writing chunk 11: /mnt/storage3b/projects/no_ngsd/ahthapp1_T2T_ONT/analysis_other/porec/T2T17/cooler/tmp5kcm97_a.multi.cool::11
INFO:cooler.create:Creating cooler at "/mnt/storage3b/projects/no_ngsd/ahthapp1_T2T_ONT/analysis_other/porec/T2T17/cooler/tmp5kcm97_a.multi.cool::/11"
INFO:cooler.create:Writing chroms
INFO:cooler.create:Writing bins
INFO:cooler.create:Writing pixels
INFO:cooler.create:Writing indexes
INFO:cooler.create:Writing info
INFO:cooler.create:Writing chunk 12: /mnt/storage3b/projects/no_ngsd/ahthapp1_T2T_ONT/analysis_other/porec/T2T17/cooler/tmp5kcm97_a.multi.cool::12
INFO:cooler.create:Creating cooler at "/mnt/storage3b/projects/no_ngsd/ahthapp1_T2T_ONT/analysis_other/porec/T2T17/cooler/tmp5kcm97_a.multi.cool::/12"
INFO:cooler.create:Writing chroms
INFO:cooler.create:Writing bins
INFO:cooler.create:Writing pixels
INFO:cooler.create:Writing indexes
INFO:cooler.create:Writing info
INFO:cooler.create:Writing chunk 13: /mnt/storage3b/projects/no_ngsd/ahthapp1_T2T_ONT/analysis_other/porec/T2T17/cooler/tmp5kcm97_a.multi.cool::13
INFO:cooler.create:Creating cooler at "/mnt/storage3b/projects/no_ngsd/ahthapp1_T2T_ONT/analysis_other/porec/T2T17/cooler/tmp5kcm97_a.multi.cool::/13"
INFO:cooler.create:Writing chroms
INFO:cooler.create:Writing bins
INFO:cooler.create:Writing pixels
INFO:cooler.create:Writing indexes
INFO:cooler.create:Writing info
INFO:cooler.create:Writing chunk 14: /mnt/storage3b/projects/no_ngsd/ahthapp1_T2T_ONT/analysis_other/porec/T2T17/cooler/tmp5kcm97_a.multi.cool::14
INFO:cooler.create:Creating cooler at "/mnt/storage3b/projects/no_ngsd/ahthapp1_T2T_ONT/analysis_other/porec/T2T17/cooler/tmp5kcm97_a.multi.cool::/14"
INFO:cooler.create:Writing chroms
INFO:cooler.create:Writing bins
INFO:cooler.create:Writing pixels
INFO:cooler.create:Writing indexes
INFO:cooler.create:Writing info
INFO:cooler.create:Writing chunk 15: /mnt/storage3b/projects/no_ngsd/ahthapp1_T2T_ONT/analysis_other/porec/T2T17/cooler/tmp5kcm97_a.multi.cool::15
INFO:cooler.create:Creating cooler at "/mnt/storage3b/projects/no_ngsd/ahthapp1_T2T_ONT/analysis_other/porec/T2T17/cooler/tmp5kcm97_a.multi.cool::/15"
INFO:cooler.create:Writing chroms
INFO:cooler.create:Writing bins
INFO:cooler.create:Writing pixels
INFO:cooler.create:Writing indexes
INFO:cooler.create:Writing info
INFO:cooler.create:Writing chunk 16: /mnt/storage3b/projects/no_ngsd/ahthapp1_T2T_ONT/analysis_other/porec/T2T17/cooler/tmp5kcm97_a.multi.cool::16
INFO:cooler.create:Creating cooler at "/mnt/storage3b/projects/no_ngsd/ahthapp1_T2T_ONT/analysis_other/porec/T2T17/cooler/tmp5kcm97_a.multi.cool::/16"
INFO:cooler.create:Writing chroms
INFO:cooler.create:Writing bins
INFO:cooler.create:Writing pixels
INFO:cooler.create:Writing indexes
INFO:cooler.create:Writing info
INFO:cooler.create:Writing chunk 17: /mnt/storage3b/projects/no_ngsd/ahthapp1_T2T_ONT/analysis_other/porec/T2T17/cooler/tmp5kcm97_a.multi.cool::17
INFO:cooler.create:Creating cooler at "/mnt/storage3b/projects/no_ngsd/ahthapp1_T2T_ONT/analysis_other/porec/T2T17/cooler/tmp5kcm97_a.multi.cool::/17"
INFO:cooler.create:Writing chroms
INFO:cooler.create:Writing bins
INFO:cooler.create:Writing pixels
INFO:cooler.create:Writing indexes
INFO:cooler.create:Writing info
INFO:cooler.create:Writing chunk 18: /mnt/storage3b/projects/no_ngsd/ahthapp1_T2T_ONT/analysis_other/porec/T2T17/cooler/tmp5kcm97_a.multi.cool::18
INFO:cooler.create:Creating cooler at "/mnt/storage3b/projects/no_ngsd/ahthapp1_T2T_ONT/analysis_other/porec/T2T17/cooler/tmp5kcm97_a.multi.cool::/18"
INFO:cooler.create:Writing chroms
INFO:cooler.create:Writing bins
INFO:cooler.create:Writing pixels
INFO:cooler.create:Writing indexes
INFO:cooler.create:Writing info
INFO:cooler.create:Writing chunk 19: /mnt/storage3b/projects/no_ngsd/ahthapp1_T2T_ONT/analysis_other/porec/T2T17/cooler/tmp5kcm97_a.multi.cool::19
INFO:cooler.create:Creating cooler at "/mnt/storage3b/projects/no_ngsd/ahthapp1_T2T_ONT/analysis_other/porec/T2T17/cooler/tmp5kcm97_a.multi.cool::/19"
INFO:cooler.create:Writing chroms
INFO:cooler.create:Writing bins
INFO:cooler.create:Writing pixels
INFO:cooler.create:Writing indexes
INFO:cooler.create:Writing info
INFO:cooler.create:Writing chunk 20: /mnt/storage3b/projects/no_ngsd/ahthapp1_T2T_ONT/analysis_other/porec/T2T17/cooler/tmp5kcm97_a.multi.cool::20
INFO:cooler.create:Creating cooler at "/mnt/storage3b/projects/no_ngsd/ahthapp1_T2T_ONT/analysis_other/porec/T2T17/cooler/tmp5kcm97_a.multi.cool::/20"
INFO:cooler.create:Writing chroms
INFO:cooler.create:Writing bins
INFO:cooler.create:Writing pixels
INFO:cooler.create:Writing indexes
INFO:cooler.create:Writing info
INFO:cooler.create:Writing chunk 21: /mnt/storage3b/projects/no_ngsd/ahthapp1_T2T_ONT/analysis_other/porec/T2T17/cooler/tmp5kcm97_a.multi.cool::21
INFO:cooler.create:Creating cooler at "/mnt/storage3b/projects/no_ngsd/ahthapp1_T2T_ONT/analysis_other/porec/T2T17/cooler/tmp5kcm97_a.multi.cool::/21"
INFO:cooler.create:Writing chroms
INFO:cooler.create:Writing bins
INFO:cooler.create:Writing pixels
INFO:cooler.create:Writing indexes
INFO:cooler.create:Writing info
INFO:cooler.create:Writing chunk 22: /mnt/storage3b/projects/no_ngsd/ahthapp1_T2T_ONT/analysis_other/porec/T2T17/cooler/tmp5kcm97_a.multi.cool::22
INFO:cooler.create:Creating cooler at "/mnt/storage3b/projects/no_ngsd/ahthapp1_T2T_ONT/analysis_other/porec/T2T17/cooler/tmp5kcm97_a.multi.cool::/22"
INFO:cooler.create:Writing chroms
INFO:cooler.create:Writing bins
INFO:cooler.create:Writing pixels
INFO:cooler.create:Writing indexes
INFO:cooler.create:Writing info
INFO:cooler.create:Writing chunk 23: /mnt/storage3b/projects/no_ngsd/ahthapp1_T2T_ONT/analysis_other/porec/T2T17/cooler/tmp5kcm97_a.multi.cool::23
INFO:cooler.create:Creating cooler at "/mnt/storage3b/projects/no_ngsd/ahthapp1_T2T_ONT/analysis_other/porec/T2T17/cooler/tmp5kcm97_a.multi.cool::/23"
INFO:cooler.create:Writing chroms
INFO:cooler.create:Writing bins
INFO:cooler.create:Writing pixels
INFO:cooler.create:Writing indexes
INFO:cooler.create:Writing info
INFO:cooler.create:Writing chunk 24: /mnt/storage3b/projects/no_ngsd/ahthapp1_T2T_ONT/analysis_other/porec/T2T17/cooler/tmp5kcm97_a.multi.cool::24
INFO:cooler.create:Creating cooler at "/mnt/storage3b/projects/no_ngsd/ahthapp1_T2T_ONT/analysis_other/porec/T2T17/cooler/tmp5kcm97_a.multi.cool::/24"
INFO:cooler.create:Writing chroms
INFO:cooler.create:Writing bins
INFO:cooler.create:Writing pixels
INFO:cooler.create:Writing indexes
INFO:cooler.create:Writing info
INFO:cooler.create:Writing chunk 25: /mnt/storage3b/projects/no_ngsd/ahthapp1_T2T_ONT/analysis_other/porec/T2T17/cooler/tmp5kcm97_a.multi.cool::25
INFO:cooler.create:Creating cooler at "/mnt/storage3b/projects/no_ngsd/ahthapp1_T2T_ONT/analysis_other/porec/T2T17/cooler/tmp5kcm97_a.multi.cool::/25"
INFO:cooler.create:Writing chroms
INFO:cooler.create:Writing bins
INFO:cooler.create:Writing pixels
INFO:cooler.create:Writing indexes
INFO:cooler.create:Writing info
INFO:cooler.create:Writing chunk 26: /mnt/storage3b/projects/no_ngsd/ahthapp1_T2T_ONT/analysis_other/porec/T2T17/cooler/tmp5kcm97_a.multi.cool::26
INFO:cooler.create:Creating cooler at "/mnt/storage3b/projects/no_ngsd/ahthapp1_T2T_ONT/analysis_other/porec/T2T17/cooler/tmp5kcm97_a.multi.cool::/26"
INFO:cooler.create:Writing chroms
INFO:cooler.create:Writing bins
INFO:cooler.create:Writing pixels
INFO:cooler.create:Writing indexes
INFO:cooler.create:Writing info
INFO:cooler.create:Writing chunk 27: /mnt/storage3b/projects/no_ngsd/ahthapp1_T2T_ONT/analysis_other/porec/T2T17/cooler/tmp5kcm97_a.multi.cool::27
INFO:cooler.create:Creating cooler at "/mnt/storage3b/projects/no_ngsd/ahthapp1_T2T_ONT/analysis_other/porec/T2T17/cooler/tmp5kcm97_a.multi.cool::/27"
INFO:cooler.create:Writing chroms
INFO:cooler.create:Writing bins
INFO:cooler.create:Writing pixels
INFO:cooler.create:Writing indexes
INFO:cooler.create:Writing info
INFO:cooler.create:Writing chunk 28: /mnt/storage3b/projects/no_ngsd/ahthapp1_T2T_ONT/analysis_other/porec/T2T17/cooler/tmp5kcm97_a.multi.cool::28
INFO:cooler.create:Creating cooler at "/mnt/storage3b/projects/no_ngsd/ahthapp1_T2T_ONT/analysis_other/porec/T2T17/cooler/tmp5kcm97_a.multi.cool::/28"
INFO:cooler.create:Writing chroms
INFO:cooler.create:Writing bins
INFO:cooler.create:Writing pixels
INFO:cooler.create:Writing indexes
INFO:cooler.create:Writing info
INFO:cooler.create:Writing chunk 29: /mnt/storage3b/projects/no_ngsd/ahthapp1_T2T_ONT/analysis_other/porec/T2T17/cooler/tmp5kcm97_a.multi.cool::29
INFO:cooler.create:Creating cooler at "/mnt/storage3b/projects/no_ngsd/ahthapp1_T2T_ONT/analysis_other/porec/T2T17/cooler/tmp5kcm97_a.multi.cool::/29"
INFO:cooler.create:Writing chroms
INFO:cooler.create:Writing bins
INFO:cooler.create:Writing pixels
INFO:cooler.create:Writing indexes
INFO:cooler.create:Writing info
INFO:cooler.create:Writing chunk 30: /mnt/storage3b/projects/no_ngsd/ahthapp1_T2T_ONT/analysis_other/porec/T2T17/cooler/tmp5kcm97_a.multi.cool::30
INFO:cooler.create:Creating cooler at "/mnt/storage3b/projects/no_ngsd/ahthapp1_T2T_ONT/analysis_other/porec/T2T17/cooler/tmp5kcm97_a.multi.cool::/30"
INFO:cooler.create:Writing chroms
INFO:cooler.create:Writing bins
INFO:cooler.create:Writing pixels
INFO:cooler.create:Writing indexes
INFO:cooler.create:Writing info
INFO:cooler.create:Writing chunk 31: /mnt/storage3b/projects/no_ngsd/ahthapp1_T2T_ONT/analysis_other/porec/T2T17/cooler/tmp5kcm97_a.multi.cool::31
INFO:cooler.create:Creating cooler at "/mnt/storage3b/projects/no_ngsd/ahthapp1_T2T_ONT/analysis_other/porec/T2T17/cooler/tmp5kcm97_a.multi.cool::/31"
INFO:cooler.create:Writing chroms
INFO:cooler.create:Writing bins
INFO:cooler.create:Writing pixels
INFO:cooler.create:Writing indexes
INFO:cooler.create:Writing info
INFO:cooler.create:Writing chunk 32: /mnt/storage3b/projects/no_ngsd/ahthapp1_T2T_ONT/analysis_other/porec/T2T17/cooler/tmp5kcm97_a.multi.cool::32
INFO:cooler.create:Creating cooler at "/mnt/storage3b/projects/no_ngsd/ahthapp1_T2T_ONT/analysis_other/porec/T2T17/cooler/tmp5kcm97_a.multi.cool::/32"
INFO:cooler.create:Writing chroms
INFO:cooler.create:Writing bins
INFO:cooler.create:Writing pixels
INFO:cooler.create:Writing indexes
INFO:cooler.create:Writing info
INFO:cooler.create:Writing chunk 33: /mnt/storage3b/projects/no_ngsd/ahthapp1_T2T_ONT/analysis_other/porec/T2T17/cooler/tmp5kcm97_a.multi.cool::33
INFO:cooler.create:Creating cooler at "/mnt/storage3b/projects/no_ngsd/ahthapp1_T2T_ONT/analysis_other/porec/T2T17/cooler/tmp5kcm97_a.multi.cool::/33"
INFO:cooler.create:Writing chroms
INFO:cooler.create:Writing bins
INFO:cooler.create:Writing pixels
INFO:cooler.create:Writing indexes
INFO:cooler.create:Writing info
INFO:cooler.create:Writing chunk 34: /mnt/storage3b/projects/no_ngsd/ahthapp1_T2T_ONT/analysis_other/porec/T2T17/cooler/tmp5kcm97_a.multi.cool::34
INFO:cooler.create:Creating cooler at "/mnt/storage3b/projects/no_ngsd/ahthapp1_T2T_ONT/analysis_other/porec/T2T17/cooler/tmp5kcm97_a.multi.cool::/34"
INFO:cooler.create:Writing chroms
INFO:cooler.create:Writing bins
INFO:cooler.create:Writing pixels
INFO:cooler.create:Writing indexes
INFO:cooler.create:Writing info
INFO:cooler.create:Writing chunk 35: /mnt/storage3b/projects/no_ngsd/ahthapp1_T2T_ONT/analysis_other/porec/T2T17/cooler/tmp5kcm97_a.multi.cool::35
INFO:cooler.create:Creating cooler at "/mnt/storage3b/projects/no_ngsd/ahthapp1_T2T_ONT/analysis_other/porec/T2T17/cooler/tmp5kcm97_a.multi.cool::/35"
INFO:cooler.create:Writing chroms
INFO:cooler.create:Writing bins
INFO:cooler.create:Writing pixels
INFO:cooler.create:Writing indexes
INFO:cooler.create:Writing info
INFO:cooler.create:Writing chunk 36: /mnt/storage3b/projects/no_ngsd/ahthapp1_T2T_ONT/analysis_other/porec/T2T17/cooler/tmp5kcm97_a.multi.cool::36
INFO:cooler.create:Creating cooler at "/mnt/storage3b/projects/no_ngsd/ahthapp1_T2T_ONT/analysis_other/porec/T2T17/cooler/tmp5kcm97_a.multi.cool::/36"
INFO:cooler.create:Writing chroms
INFO:cooler.create:Writing bins
INFO:cooler.create:Writing pixels
INFO:cooler.create:Writing indexes
INFO:cooler.create:Writing info
INFO:cooler.create:Writing chunk 37: /mnt/storage3b/projects/no_ngsd/ahthapp1_T2T_ONT/analysis_other/porec/T2T17/cooler/tmp5kcm97_a.multi.cool::37
INFO:cooler.create:Creating cooler at "/mnt/storage3b/projects/no_ngsd/ahthapp1_T2T_ONT/analysis_other/porec/T2T17/cooler/tmp5kcm97_a.multi.cool::/37"
INFO:cooler.create:Writing chroms
INFO:cooler.create:Writing bins
INFO:cooler.create:Writing pixels
INFO:cooler.create:Writing indexes
INFO:cooler.create:Writing info
INFO:cooler.create:Writing chunk 38: /mnt/storage3b/projects/no_ngsd/ahthapp1_T2T_ONT/analysis_other/porec/T2T17/cooler/tmp5kcm97_a.multi.cool::38
INFO:cooler.create:Creating cooler at "/mnt/storage3b/projects/no_ngsd/ahthapp1_T2T_ONT/analysis_other/porec/T2T17/cooler/tmp5kcm97_a.multi.cool::/38"
INFO:cooler.create:Writing chroms
INFO:cooler.create:Writing bins
INFO:cooler.create:Writing pixels
INFO:cooler.create:Writing indexes
INFO:cooler.create:Writing info
INFO:cooler.create:Writing chunk 39: /mnt/storage3b/projects/no_ngsd/ahthapp1_T2T_ONT/analysis_other/porec/T2T17/cooler/tmp5kcm97_a.multi.cool::39
INFO:cooler.create:Creating cooler at "/mnt/storage3b/projects/no_ngsd/ahthapp1_T2T_ONT/analysis_other/porec/T2T17/cooler/tmp5kcm97_a.multi.cool::/39"
INFO:cooler.create:Writing chroms
INFO:cooler.create:Writing bins
INFO:cooler.create:Writing pixels
INFO:cooler.create:Writing indexes
INFO:cooler.create:Writing info
INFO:cooler.create:Writing chunk 40: /mnt/storage3b/projects/no_ngsd/ahthapp1_T2T_ONT/analysis_other/porec/T2T17/cooler/tmp5kcm97_a.multi.cool::40
INFO:cooler.create:Creating cooler at "/mnt/storage3b/projects/no_ngsd/ahthapp1_T2T_ONT/analysis_other/porec/T2T17/cooler/tmp5kcm97_a.multi.cool::/40"
INFO:cooler.create:Writing chroms
INFO:cooler.create:Writing bins
INFO:cooler.create:Writing pixels
INFO:cooler.create:Writing indexes
INFO:cooler.create:Writing info
INFO:cooler.create:Writing chunk 41: /mnt/storage3b/projects/no_ngsd/ahthapp1_T2T_ONT/analysis_other/porec/T2T17/cooler/tmp5kcm97_a.multi.cool::41
INFO:cooler.create:Creating cooler at "/mnt/storage3b/projects/no_ngsd/ahthapp1_T2T_ONT/analysis_other/porec/T2T17/cooler/tmp5kcm97_a.multi.cool::/41"
INFO:cooler.create:Writing chroms
INFO:cooler.create:Writing bins
INFO:cooler.create:Writing pixels
INFO:cooler.create:Writing indexes
INFO:cooler.create:Writing info
INFO:cooler.create:Writing chunk 42: /mnt/storage3b/projects/no_ngsd/ahthapp1_T2T_ONT/analysis_other/porec/T2T17/cooler/tmp5kcm97_a.multi.cool::42
INFO:cooler.create:Creating cooler at "/mnt/storage3b/projects/no_ngsd/ahthapp1_T2T_ONT/analysis_other/porec/T2T17/cooler/tmp5kcm97_a.multi.cool::/42"
INFO:cooler.create:Writing chroms
INFO:cooler.create:Writing bins
INFO:cooler.create:Writing pixels
INFO:cooler.create:Writing indexes
INFO:cooler.create:Writing info
INFO:cooler.create:Writing chunk 43: /mnt/storage3b/projects/no_ngsd/ahthapp1_T2T_ONT/analysis_other/porec/T2T17/cooler/tmp5kcm97_a.multi.cool::43
INFO:cooler.create:Creating cooler at "/mnt/storage3b/projects/no_ngsd/ahthapp1_T2T_ONT/analysis_other/porec/T2T17/cooler/tmp5kcm97_a.multi.cool::/43"
INFO:cooler.create:Writing chroms
INFO:cooler.create:Writing bins
INFO:cooler.create:Writing pixels
INFO:cooler.create:Writing indexes
INFO:cooler.create:Writing info
INFO:cooler.create:Writing chunk 44: /mnt/storage3b/projects/no_ngsd/ahthapp1_T2T_ONT/analysis_other/porec/T2T17/cooler/tmp5kcm97_a.multi.cool::44
INFO:cooler.create:Creating cooler at "/mnt/storage3b/projects/no_ngsd/ahthapp1_T2T_ONT/analysis_other/porec/T2T17/cooler/tmp5kcm97_a.multi.cool::/44"
INFO:cooler.create:Writing chroms
INFO:cooler.create:Writing bins
INFO:cooler.create:Writing pixels
INFO:cooler.create:Writing indexes
INFO:cooler.create:Writing info
INFO:cooler.create:Writing chunk 45: /mnt/storage3b/projects/no_ngsd/ahthapp1_T2T_ONT/analysis_other/porec/T2T17/cooler/tmp5kcm97_a.multi.cool::45
INFO:cooler.create:Creating cooler at "/mnt/storage3b/projects/no_ngsd/ahthapp1_T2T_ONT/analysis_other/porec/T2T17/cooler/tmp5kcm97_a.multi.cool::/45"
INFO:cooler.create:Writing chroms
INFO:cooler.create:Writing bins
INFO:cooler.create:Writing pixels
INFO:cooler.create:Writing indexes
INFO:cooler.create:Writing info
INFO:cooler.create:Merging into analysis_other/porec/T2T17/cooler/T2T17_5000.cool
INFO:cooler.create:Creating cooler at "/mnt/storage3b/projects/no_ngsd/ahthapp1_T2T_ONT/analysis_other/porec/T2T17/cooler/T2T17_5000.cool::/"
INFO:cooler.create:Writing chroms
INFO:cooler.create:Writing bins
INFO:cooler.create:Writing pixels
INFO:cooler._reduce:n_merge_epochs: 22
INFO:cooler._reduce:nnzs: [7095519, 7118448, 7118748, 7136695, 7126132, 7113243, 7077922, 7091156, 7098655, 7108054, 7083078, 7116663, 7090574, 7113490, 7101357, 7085763, 7096212, 7090115, 7107712, 7068934, 7108416, 7112324, 7092433, 7111687, 7104903, 7128066, 7141099, 7116860, 7104717, 7107768, 7106438, 7116057, 7100094, 7066159, 7117650, 7124591, 7080958, 7088532, 7139743, 7141322, 7117981, 7140804, 7143139, 7149531, 7119569, 1353185]
INFO:cooler._reduce:records consumed: [np.int64(331147), np.int64(331913), np.int64(331633), np.int64(333341), np.int64(332839), np.int64(332263), np.int64(328429), np.int64(329010), np.int64(331169), np.int64(334403), np.int64(330708), np.int64(331850), np.int64(332160), np.int64(331582), np.int64(331382), np.int64(330189), np.int64(331388), np.int64(328963), np.int64(331584), np.int64(330043), np.int64(332452), np.int64(331171), np.int64(332624), np.int64(333722), np.int64(331718), np.int64(332950), np.int64(332995), np.int64(334527), np.int64(330800), np.int64(333998), np.int64(331882), np.int64(332402), np.int64(330645), np.int64(329764), np.int64(335041), np.int64(331527), np.int64(329979), np.int64(331562), np.int64(331104), np.int64(331903), np.int64(334586), np.int64(334253), np.int64(334775), np.int64(333745), np.int64(332601), np.int64(61555)]
INFO:cooler._reduce:records consumed: [np.int64(661317), np.int64(663992), np.int64(666432), np.int64(667546), np.int64(665701), np.int64(664421), np.int64(659039), np.int64(659638), np.int64(663892), np.int64(665420), np.int64(663272), np.int64(664501), np.int64(663284), np.int64(663989), np.int64(664443), np.int64(661619), np.int64(661793), np.int64(660223), np.int64(662725), np.int64(661683), np.int64(664724), np.int64(661305), np.int64(664700), np.int64(667149), np.int64(663646), np.int64(666452), np.int64(667569), np.int64(664949), np.int64(661786), np.int64(666305), np.int64(662553), np.int64(665898), np.int64(660943), np.int64(658982), np.int64(668432), np.int64(663646), np.int64(658635), np.int64(662441), np.int64(663189), np.int64(663695), np.int64(667462), np.int64(668321), np.int64(669677), np.int64(667686), np.int64(664032), np.int64(121345)]
INFO:cooler._reduce:records consumed: [np.int64(992490), np.int64(996182), np.int64(997733), np.int64(998374), np.int64(1000368), np.int64(997989), np.int64(988181), np.int64(990087), np.int64(995894), np.int64(996922), np.int64(994266), np.int64(997890), np.int64(994897), np.int64(997197), np.int64(995403), np.int64(992357), np.int64(992229), np.int64(990146), np.int64(993982), np.int64(991815), np.int64(997498), np.int64(995700), np.int64(995033), np.int64(1000741), np.int64(993211), np.int64(1002635), np.int64(1001801), np.int64(996630), np.int64(994363), np.int64(998307), np.int64(993471), np.int64(998112), np.int64(993468), np.int64(988554), np.int64(1003173), np.int64(996628), np.int64(987236), np.int64(995078), np.int64(995597), np.int64(996748), np.int64(999275), np.int64(1001390), np.int64(1001513), np.int64(1002419), np.int64(996344), np.int64(182065)]
INFO:cooler._reduce:records consumed: [np.int64(1325467), np.int64(1327601), np.int64(1329149), np.int64(1330761), np.int64(1332750), np.int64(1333214), np.int64(1318366), np.int64(1320754), np.int64(1327331), np.int64(1328776), np.int64(1327291), np.int64(1330572), np.int64(1327799), np.int64(1329271), np.int64(1328093), np.int64(1320687), np.int64(1323541), np.int64(1320509), np.int64(1327511), np.int64(1323380), np.int64(1328852), np.int64(1329450), np.int64(1325224), np.int64(1332373), np.int64(1324383), np.int64(1335572), np.int64(1333384), np.int64(1328253), np.int64(1325620), np.int64(1331213), np.int64(1323394), np.int64(1329564), np.int64(1326581), np.int64(1317784), np.int64(1333834), np.int64(1329244), np.int64(1317821), np.int64(1326698), np.int64(1328215), np.int64(1330682), np.int64(1331128), np.int64(1336683), np.int64(1336550), np.int64(1335618), np.int64(1327283), np.int64(243532)]
INFO:cooler._reduce:records consumed: [np.int64(1656821), np.int64(1661413), np.int64(1663682), np.int64(1663948), np.int64(1664034), np.int64(1662339), np.int64(1650841), np.int64(1652902), np.int64(1659707), np.int64(1658822), np.int64(1656869), np.int64(1664475), np.int64(1657558), np.int64(1663266), np.int64(1659730), np.int64(1652616), np.int64(1656586), np.int64(1650316), np.int64(1659598), np.int64(1651678), np.int64(1661102), np.int64(1663503), np.int64(1658043), np.int64(1663591), np.int64(1657868), np.int64(1667604), np.int64(1667702), np.int64(1660753), np.int64(1657411), np.int64(1662245), np.int64(1655434), np.int64(1660993), np.int64(1657844), np.int64(1645545), np.int64(1665415), np.int64(1659899), np.int64(1643572), np.int64(1657909), np.int64(1662633), np.int64(1665019), np.int64(1662962), np.int64(1670172), np.int64(1669880), np.int64(1671124), np.int64(1660547), np.int64(306087)]
INFO:cooler._reduce:records consumed: [np.int64(1987125), np.int64(1994054), np.int64(1996396), np.int64(1997707), np.int64(1997992), np.int64(1992160), np.int64(1980855), np.int64(1982594), np.int64(1991340), np.int64(1991532), np.int64(1988091), np.int64(1995565), np.int64(1986366), np.int64(1996771), np.int64(1991906), np.int64(1986147), np.int64(1989301), np.int64(1982746), np.int64(1991637), np.int64(1979364), np.int64(1994643), np.int64(1993259), np.int64(1990989), np.int64(1996817), np.int64(1993136), np.int64(2000172), np.int64(2000369), np.int64(1992528), np.int64(1990047), np.int64(1995012), np.int64(1989030), np.int64(1990382), np.int64(1987000), np.int64(1974379), np.int64(1999734), np.int64(1991939), np.int64(1974346), np.int64(1989032), np.int64(1994155), np.int64(1998375), np.int64(1995671), np.int64(2002450), np.int64(2003565), np.int64(2004826), np.int64(1993539), np.int64(367118)]
INFO:cooler._reduce:records consumed: [np.int64(2318376), np.int64(2328455), np.int64(2327114), np.int64(2330301), np.int64(2329033), np.int64(2324401), np.int64(2314646), np.int64(2314976), np.int64(2321247), np.int64(2321134), np.int64(2316280), np.int64(2330850), np.int64(2317401), np.int64(2330079), np.int64(2325513), np.int64(2318532), np.int64(2323971), np.int64(2314776), np.int64(2323508), np.int64(2310212), np.int64(2324346), np.int64(2324155), np.int64(2321637), np.int64(2329981), np.int64(2323508), np.int64(2331470), np.int64(2332731), np.int64(2325238), np.int64(2322185), np.int64(2324943), np.int64(2322888), np.int64(2322769), np.int64(2317844), np.int64(2304637), np.int64(2334579), np.int64(2324889), np.int64(2304562), np.int64(2319995), np.int64(2325455), np.int64(2329536), np.int64(2328263), np.int64(2334649), np.int64(2337195), np.int64(2341218), np.int64(2324542), np.int64(428593)]
INFO:cooler._reduce:records consumed: [np.int64(2650126), np.int64(2662002), np.int64(2661049), np.int64(2663102), np.int64(2663134), np.int64(2658902), np.int64(2645118), np.int64(2647075), np.int64(2652595), np.int64(2654301), np.int64(2647476), np.int64(2665713), np.int64(2645779), np.int64(2662135), np.int64(2657088), np.int64(2649428), np.int64(2654210), np.int64(2644155), np.int64(2657345), np.int64(2639345), np.int64(2658311), np.int64(2656675), np.int64(2653667), np.int64(2661564), np.int64(2653343), np.int64(2663964), np.int64(2667378), np.int64(2656662), np.int64(2652335), np.int64(2658006), np.int64(2653858), np.int64(2655692), np.int64(2646693), np.int64(2635278), np.int64(2666709), np.int64(2658262), np.int64(2634144), np.int64(2648699), np.int64(2658553), np.int64(2662476), np.int64(2661847), np.int64(2665989), np.int64(2670861), np.int64(2675731), np.int64(2655848), np.int64(490121)]
INFO:cooler._reduce:records consumed: [np.int64(2982074), np.int64(2996146), np.int64(2995493), np.int64(2998763), np.int64(2996880), np.int64(2991025), np.int64(2971959), np.int64(2977728), np.int64(2984333), np.int64(2987554), np.int64(2977427), np.int64(2996542), np.int64(2976970), np.int64(2994327), np.int64(2988729), np.int64(2980746), np.int64(2986848), np.int64(2972576), np.int64(2990806), np.int64(2970622), np.int64(2991899), np.int64(2991147), np.int64(2983054), np.int64(2993481), np.int64(2984352), np.int64(2995215), np.int64(3001631), np.int64(2987808), np.int64(2984277), np.int64(2988669), np.int64(2987180), np.int64(2987665), np.int64(2978009), np.int64(2964897), np.int64(2996825), np.int64(2991292), np.int64(2961550), np.int64(2980543), np.int64(2993083), np.int64(2995794), np.int64(2992414), np.int64(3000059), np.int64(3001765), np.int64(3008773), np.int64(2992482), np.int64(551599)]
INFO:cooler._reduce:records consumed: [np.int64(3313639), np.int64(3327140), np.int64(3327960), np.int64(3332349), np.int64(3328975), np.int64(3322062), np.int64(3302407), np.int64(3309381), np.int64(3313937), np.int64(3321046), np.int64(3308375), np.int64(3328758), np.int64(3307077), np.int64(3326897), np.int64(3322376), np.int64(3313603), np.int64(3320202), np.int64(3303385), np.int64(3322658), np.int64(3299822), np.int64(3324251), np.int64(3323562), np.int64(3315054), np.int64(3324303), np.int64(3317334), np.int64(3328211), np.int64(3333965), np.int64(3318659), np.int64(3315664), np.int64(3319043), np.int64(3316975), np.int64(3319479), np.int64(3311115), np.int64(3293789), np.int64(3328364), np.int64(3323299), np.int64(3292468), np.int64(3308943), np.int64(3327482), np.int64(3328850), np.int64(3324884), np.int64(3337516), np.int64(3336099), np.int64(3343962), np.int64(3324372), np.int64(613692)]
INFO:cooler._reduce:records consumed: [np.int64(3643904), np.int64(3660836), np.int64(3659254), np.int64(3666401), np.int64(3662086), np.int64(3653925), np.int64(3632977), np.int64(3641493), np.int64(3646584), np.int64(3650564), np.int64(3638831), np.int64(3661378), np.int64(3637955), np.int64(3658187), np.int64(3653368), np.int64(3642972), np.int64(3652273), np.int64(3633097), np.int64(3653877), np.int64(3630381), np.int64(3653868), np.int64(3656035), np.int64(3647983), np.int64(3657877), np.int64(3649815), np.int64(3660804), np.int64(3667483), np.int64(3651303), np.int64(3646809), np.int64(3649494), np.int64(3648550), np.int64(3653617), np.int64(3643207), np.int64(3622119), np.int64(3662879), np.int64(3654958), np.int64(3621516), np.int64(3641108), np.int64(3663089), np.int64(3663266), np.int64(3656282), np.int64(3671209), np.int64(3668725), np.int64(3677772), np.int64(3655965), np.int64(677529)]
INFO:cooler._reduce:records consumed: [np.int64(3975680), np.int64(3996239), np.int64(3990078), np.int64(4001305), np.int64(3995096), np.int64(3985916), np.int64(3962575), np.int64(3971567), np.int64(3979865), np.int64(3982467), np.int64(3970509), np.int64(3993324), np.int64(3968638), np.int64(3989373), np.int64(3984193), np.int64(3973295), np.int64(3983289), np.int64(3965481), np.int64(3986915), np.int64(3960641), np.int64(3986676), np.int64(3987277), np.int64(3977575), np.int64(3992907), np.int64(3981083), np.int64(3992480), np.int64(3999277), np.int64(3982128), np.int64(3976238), np.int64(3980370), np.int64(3978083), np.int64(3986937), np.int64(3973192), np.int64(3952009), np.int64(3995088), np.int64(3988095), np.int64(3952692), np.int64(3971215), np.int64(3996724), np.int64(3999760), np.int64(3988372), np.int64(4005029), np.int64(4004551), np.int64(4010459), np.int64(3989709), np.int64(739513)]
INFO:cooler._reduce:records consumed: [np.int64(4307337), np.int64(4328925), np.int64(4322762), np.int64(4334680), np.int64(4329840), np.int64(4317333), np.int64(4293910), np.int64(4303597), np.int64(4311574), np.int64(4314634), np.int64(4301460), np.int64(4326842), np.int64(4300124), np.int64(4318704), np.int64(4315982), np.int64(4305078), np.int64(4312534), np.int64(4298805), np.int64(4318892), np.int64(4291133), np.int64(4317395), np.int64(4319596), np.int64(4309386), np.int64(4326197), np.int64(4312292), np.int64(4324725), np.int64(4332695), np.int64(4316171), np.int64(4305517), np.int64(4311011), np.int64(4311694), np.int64(4320758), np.int64(4303174), np.int64(4282411), np.int64(4325614), np.int64(4320026), np.int64(4284132), np.int64(4301433), np.int64(4330741), np.int64(4332817), np.int64(4319243), np.int64(4339473), np.int64(4337861), np.int64(4345114), np.int64(4320776), np.int64(799952)]
INFO:cooler._reduce:records consumed: [np.int64(4639004), np.int64(4659824), np.int64(4655244), np.int64(4669108), np.int64(4660372), np.int64(4649244), np.int64(4625265), np.int64(4635680), np.int64(4643354), np.int64(4646606), np.int64(4632389), np.int64(4659041), np.int64(4630232), np.int64(4651970), np.int64(4645796), np.int64(4636590), np.int64(4642877), np.int64(4632438), np.int64(4650510), np.int64(4622165), np.int64(4649856), np.int64(4651273), np.int64(4639785), np.int64(4658148), np.int64(4642524), np.int64(4657830), np.int64(4666880), np.int64(4646291), np.int64(4635692), np.int64(4643156), np.int64(4645195), np.int64(4653482), np.int64(4637022), np.int64(4612783), np.int64(4655837), np.int64(4655240), np.int64(4613734), np.int64(4629680), np.int64(4665095), np.int64(4667048), np.int64(4650475), np.int64(4673180), np.int64(4671834), np.int64(4680340), np.int64(4653337), np.int64(861188)]
INFO:cooler._reduce:records consumed: [np.int64(4970182), np.int64(4992083), np.int64(4986401), np.int64(5002352), np.int64(4993907), np.int64(4983149), np.int64(4955992), np.int64(4965768), np.int64(4974233), np.int64(4978040), np.int64(4960842), np.int64(4991725), np.int64(4962351), np.int64(4985093), np.int64(4978342), np.int64(4967170), np.int64(4974714), np.int64(4963284), np.int64(4980555), np.int64(4951856), np.int64(4981071), np.int64(4982150), np.int64(4970592), np.int64(4990010), np.int64(4975164), np.int64(4991304), np.int64(5000402), np.int64(4980709), np.int64(4967907), np.int64(4975388), np.int64(4975110), np.int64(4983778), np.int64(4969994), np.int64(4943642), np.int64(4989914), np.int64(4989000), np.int64(4944934), np.int64(4960793), np.int64(4997972), np.int64(5001611), np.int64(4981970), np.int64(5007094), np.int64(5005380), np.int64(5013773), np.int64(4982836), np.int64(924162)]
INFO:cooler._reduce:records consumed: [np.int64(5301061), np.int64(5322985), np.int64(5318799), np.int64(5335467), np.int64(5326142), np.int64(5315045), np.int64(5285722), np.int64(5296124), np.int64(5306608), np.int64(5309624), np.int64(5289505), np.int64(5322367), np.int64(5293262), np.int64(5318813), np.int64(5310594), np.int64(5297159), np.int64(5306689), np.int64(5295073), np.int64(5312408), np.int64(5283291), np.int64(5314686), np.int64(5315753), np.int64(5299335), np.int64(5322200), np.int64(5306316), np.int64(5327214), np.int64(5336179), np.int64(5311915), np.int64(5302243), np.int64(5308040), np.int64(5305111), np.int64(5316928), np.int64(5301459), np.int64(5271108), np.int64(5321154), np.int64(5320601), np.int64(5276330), np.int64(5294438), np.int64(5330505), np.int64(5335085), np.int64(5313121), np.int64(5339278), np.int64(5340005), np.int64(5347548), np.int64(5313436), np.int64(988502)]
INFO:cooler._reduce:records consumed: [np.int64(5633602), np.int64(5653191), np.int64(5649668), np.int64(5668273), np.int64(5656964), np.int64(5648119), np.int64(5614750), np.int64(5627557), np.int64(5637335), np.int64(5642344), np.int64(5622093), np.int64(5654378), np.int64(5624523), np.int64(5650185), np.int64(5641006), np.int64(5626727), np.int64(5636008), np.int64(5626620), np.int64(5645555), np.int64(5612396), np.int64(5647763), np.int64(5648465), np.int64(5632744), np.int64(5652876), np.int64(5637878), np.int64(5659741), np.int64(5669372), np.int64(5644801), np.int64(5633412), np.int64(5639929), np.int64(5637771), np.int64(5650028), np.int64(5633020), np.int64(5601848), np.int64(5651882), np.int64(5650898), np.int64(5608991), np.int64(5626380), np.int64(5664271), np.int64(5669494), np.int64(5646336), np.int64(5670170), np.int64(5674329), np.int64(5680151), np.int64(5648140), np.int64(1053519)]
INFO:cooler._reduce:records consumed: [np.int64(5963859), np.int64(5986049), np.int64(5983335), np.int64(5998779), np.int64(5990476), np.int64(5978645), np.int64(5947681), np.int64(5958091), np.int64(5968818), np.int64(5974752), np.int64(5951192), np.int64(5986148), np.int64(5955430), np.int64(5981729), np.int64(5970141), np.int64(5957810), np.int64(5967911), np.int64(5959257), np.int64(5977153), np.int64(5942311), np.int64(5978716), np.int64(5980848), np.int64(5965497), np.int64(5983734), np.int64(5969081), np.int64(5990760), np.int64(6003501), np.int64(5979686), np.int64(5965956), np.int64(5972796), np.int64(5969037), np.int64(5983092), np.int64(5965125), np.int64(5934430), np.int64(5982265), np.int64(5983263), np.int64(5938971), np.int64(5954217), np.int64(5997394), np.int64(6002866), np.int64(5980634), np.int64(6004362), np.int64(6007667), np.int64(6013008), np.int64(5980123), np.int64(1119092)]
INFO:cooler._reduce:records consumed: [np.int64(6296307), np.int64(6315681), np.int64(6316092), np.int64(6331708), np.int64(6324328), np.int64(6311752), np.int64(6278906), np.int64(6287896), np.int64(6300502), np.int64(6306913), np.int64(6282538), np.int64(6319009), np.int64(6285985), np.int64(6313474), np.int64(6298816), np.int64(6288545), np.int64(6300567), np.int64(6291273), np.int64(6307469), np.int64(6271385), np.int64(6309338), np.int64(6313501), np.int64(6295536), np.int64(6315875), np.int64(6300838), np.int64(6322105), np.int64(6336902), np.int64(6311188), np.int64(6296505), np.int64(6306185), np.int64(6300486), np.int64(6315026), np.int64(6296433), np.int64(6265137), np.int64(6313894), np.int64(6317174), np.int64(6274182), np.int64(6285679), np.int64(6331235), np.int64(6338032), np.int64(6311173), np.int64(6335701), np.int64(6340175), np.int64(6344765), np.int64(6313532), np.int64(1185970)]
INFO:cooler._reduce:records consumed: [np.int64(6626722), np.int64(6647667), np.int64(6647890), np.int64(6664439), np.int64(6654409), np.int64(6643819), np.int64(6608924), np.int64(6620708), np.int64(6629263), np.int64(6639084), np.int64(6614987), np.int64(6648676), np.int64(6619607), np.int64(6645418), np.int64(6632320), np.int64(6617530), np.int64(6629263), np.int64(6620184), np.int64(6637215), np.int64(6600591), np.int64(6640284), np.int64(6643661), np.int64(6625875), np.int64(6644634), np.int64(6632973), np.int64(6656322), np.int64(6669956), np.int64(6643819), np.int64(6630977), np.int64(6638548), np.int64(6635516), np.int64(6644908), np.int64(6630376), np.int64(6597017), np.int64(6646331), np.int64(6651328), np.int64(6606942), np.int64(6618428), np.int64(6665234), np.int64(6670087), np.int64(6645828), np.int64(6668628), np.int64(6671431), np.int64(6678439), np.int64(6646540), np.int64(1253039)]
INFO:cooler._reduce:records consumed: [np.int64(6957715), np.int64(6979305), np.int64(6980144), np.int64(6996727), np.int64(6987315), np.int64(6975847), np.int64(6939146), np.int64(6952488), np.int64(6960870), np.int64(6969541), np.int64(6944698), np.int64(6977978), np.int64(6950739), np.int64(6975720), np.int64(6963684), np.int64(6949128), np.int64(6958726), np.int64(6952828), np.int64(6970041), np.int64(6930091), np.int64(6970518), np.int64(6975741), np.int64(6956310), np.int64(6974838), np.int64(6965754), np.int64(6989157), np.int64(7001416), np.int64(6976821), np.int64(6964509), np.int64(6969318), np.int64(6966956), np.int64(6977147), np.int64(6961189), np.int64(6927705), np.int64(6978687), np.int64(6985302), np.int64(6940915), np.int64(6949335), np.int64(7000515), np.int64(7002828), np.int64(6978759), np.int64(7001725), np.int64(7004287), np.int64(7011270), np.int64(6979547), np.int64(1322605)]
INFO:cooler._reduce:records consumed: [np.int64(7095519), np.int64(7118448), np.int64(7118748), np.int64(7136695), np.int64(7126132), np.int64(7113243), np.int64(7077922), np.int64(7091156), np.int64(7098655), np.int64(7108054), np.int64(7083078), np.int64(7116663), np.int64(7090574), np.int64(7113490), np.int64(7101357), np.int64(7085763), np.int64(7096212), np.int64(7090115), np.int64(7107712), np.int64(7068934), np.int64(7108416), np.int64(7112324), np.int64(7092433), np.int64(7111687), np.int64(7104903), np.int64(7128066), np.int64(7141099), np.int64(7116860), np.int64(7104717), np.int64(7107768), np.int64(7106438), np.int64(7116057), np.int64(7100094), np.int64(7066159), np.int64(7117650), np.int64(7124591), np.int64(7080958), np.int64(7088532), np.int64(7139743), np.int64(7141322), np.int64(7117981), np.int64(7140804), np.int64(7143139), np.int64(7149531), np.int64(7119569), np.int64(1353185)]
INFO:cooler.create:Writing indexes
INFO:cooler.create:Writing info
