INFO:cooler.create:Writing chunk 0: /mnt/storage3b/projects/no_ngsd/ahthapp1_T2T_ONT/analysis_other/porec/T2T04.hp1/cooler/tmpgjuarxmy.multi.cool::0
INFO:cooler.create:Creating cooler at "/mnt/storage3b/projects/no_ngsd/ahthapp1_T2T_ONT/analysis_other/porec/T2T04.hp1/cooler/tmpgjuarxmy.multi.cool::/0"
INFO:cooler.create:Writing chroms
INFO:cooler.create:Writing bins
INFO:cooler.create:Writing pixels
INFO:cooler.create:Writing indexes
INFO:cooler.create:Writing info
INFO:cooler.create:Writing chunk 1: /mnt/storage3b/projects/no_ngsd/ahthapp1_T2T_ONT/analysis_other/porec/T2T04.hp1/cooler/tmpgjuarxmy.multi.cool::1
INFO:cooler.create:Creating cooler at "/mnt/storage3b/projects/no_ngsd/ahthapp1_T2T_ONT/analysis_other/porec/T2T04.hp1/cooler/tmpgjuarxmy.multi.cool::/1"
INFO:cooler.create:Writing chroms
INFO:cooler.create:Writing bins
INFO:cooler.create:Writing pixels
INFO:cooler.create:Writing indexes
INFO:cooler.create:Writing info
INFO:cooler.create:Writing chunk 2: /mnt/storage3b/projects/no_ngsd/ahthapp1_T2T_ONT/analysis_other/porec/T2T04.hp1/cooler/tmpgjuarxmy.multi.cool::2
INFO:cooler.create:Creating cooler at "/mnt/storage3b/projects/no_ngsd/ahthapp1_T2T_ONT/analysis_other/porec/T2T04.hp1/cooler/tmpgjuarxmy.multi.cool::/2"
INFO:cooler.create:Writing chroms
INFO:cooler.create:Writing bins
INFO:cooler.create:Writing pixels
INFO:cooler.create:Writing indexes
INFO:cooler.create:Writing info
INFO:cooler.create:Writing chunk 3: /mnt/storage3b/projects/no_ngsd/ahthapp1_T2T_ONT/analysis_other/porec/T2T04.hp1/cooler/tmpgjuarxmy.multi.cool::3
INFO:cooler.create:Creating cooler at "/mnt/storage3b/projects/no_ngsd/ahthapp1_T2T_ONT/analysis_other/porec/T2T04.hp1/cooler/tmpgjuarxmy.multi.cool::/3"
INFO:cooler.create:Writing chroms
INFO:cooler.create:Writing bins
INFO:cooler.create:Writing pixels
INFO:cooler.create:Writing indexes
INFO:cooler.create:Writing info
INFO:cooler.create:Writing chunk 4: /mnt/storage3b/projects/no_ngsd/ahthapp1_T2T_ONT/analysis_other/porec/T2T04.hp1/cooler/tmpgjuarxmy.multi.cool::4
INFO:cooler.create:Creating cooler at "/mnt/storage3b/projects/no_ngsd/ahthapp1_T2T_ONT/analysis_other/porec/T2T04.hp1/cooler/tmpgjuarxmy.multi.cool::/4"
INFO:cooler.create:Writing chroms
INFO:cooler.create:Writing bins
INFO:cooler.create:Writing pixels
INFO:cooler.create:Writing indexes
INFO:cooler.create:Writing info
INFO:cooler.create:Writing chunk 5: /mnt/storage3b/projects/no_ngsd/ahthapp1_T2T_ONT/analysis_other/porec/T2T04.hp1/cooler/tmpgjuarxmy.multi.cool::5
INFO:cooler.create:Creating cooler at "/mnt/storage3b/projects/no_ngsd/ahthapp1_T2T_ONT/analysis_other/porec/T2T04.hp1/cooler/tmpgjuarxmy.multi.cool::/5"
INFO:cooler.create:Writing chroms
INFO:cooler.create:Writing bins
INFO:cooler.create:Writing pixels
INFO:cooler.create:Writing indexes
INFO:cooler.create:Writing info
INFO:cooler.create:Writing chunk 6: /mnt/storage3b/projects/no_ngsd/ahthapp1_T2T_ONT/analysis_other/porec/T2T04.hp1/cooler/tmpgjuarxmy.multi.cool::6
INFO:cooler.create:Creating cooler at "/mnt/storage3b/projects/no_ngsd/ahthapp1_T2T_ONT/analysis_other/porec/T2T04.hp1/cooler/tmpgjuarxmy.multi.cool::/6"
INFO:cooler.create:Writing chroms
INFO:cooler.create:Writing bins
INFO:cooler.create:Writing pixels
INFO:cooler.create:Writing indexes
INFO:cooler.create:Writing info
INFO:cooler.create:Writing chunk 7: /mnt/storage3b/projects/no_ngsd/ahthapp1_T2T_ONT/analysis_other/porec/T2T04.hp1/cooler/tmpgjuarxmy.multi.cool::7
INFO:cooler.create:Creating cooler at "/mnt/storage3b/projects/no_ngsd/ahthapp1_T2T_ONT/analysis_other/porec/T2T04.hp1/cooler/tmpgjuarxmy.multi.cool::/7"
INFO:cooler.create:Writing chroms
INFO:cooler.create:Writing bins
INFO:cooler.create:Writing pixels
INFO:cooler.create:Writing indexes
INFO:cooler.create:Writing info
INFO:cooler.create:Writing chunk 8: /mnt/storage3b/projects/no_ngsd/ahthapp1_T2T_ONT/analysis_other/porec/T2T04.hp1/cooler/tmpgjuarxmy.multi.cool::8
INFO:cooler.create:Creating cooler at "/mnt/storage3b/projects/no_ngsd/ahthapp1_T2T_ONT/analysis_other/porec/T2T04.hp1/cooler/tmpgjuarxmy.multi.cool::/8"
INFO:cooler.create:Writing chroms
INFO:cooler.create:Writing bins
INFO:cooler.create:Writing pixels
INFO:cooler.create:Writing indexes
INFO:cooler.create:Writing info
INFO:cooler.create:Writing chunk 9: /mnt/storage3b/projects/no_ngsd/ahthapp1_T2T_ONT/analysis_other/porec/T2T04.hp1/cooler/tmpgjuarxmy.multi.cool::9
INFO:cooler.create:Creating cooler at "/mnt/storage3b/projects/no_ngsd/ahthapp1_T2T_ONT/analysis_other/porec/T2T04.hp1/cooler/tmpgjuarxmy.multi.cool::/9"
INFO:cooler.create:Writing chroms
INFO:cooler.create:Writing bins
INFO:cooler.create:Writing pixels
INFO:cooler.create:Writing indexes
INFO:cooler.create:Writing info
INFO:cooler.create:Writing chunk 10: /mnt/storage3b/projects/no_ngsd/ahthapp1_T2T_ONT/analysis_other/porec/T2T04.hp1/cooler/tmpgjuarxmy.multi.cool::10
INFO:cooler.create:Creating cooler at "/mnt/storage3b/projects/no_ngsd/ahthapp1_T2T_ONT/analysis_other/porec/T2T04.hp1/cooler/tmpgjuarxmy.multi.cool::/10"
INFO:cooler.create:Writing chroms
INFO:cooler.create:Writing bins
INFO:cooler.create:Writing pixels
INFO:cooler.create:Writing indexes
INFO:cooler.create:Writing info
INFO:cooler.create:Writing chunk 11: /mnt/storage3b/projects/no_ngsd/ahthapp1_T2T_ONT/analysis_other/porec/T2T04.hp1/cooler/tmpgjuarxmy.multi.cool::11
INFO:cooler.create:Creating cooler at "/mnt/storage3b/projects/no_ngsd/ahthapp1_T2T_ONT/analysis_other/porec/T2T04.hp1/cooler/tmpgjuarxmy.multi.cool::/11"
INFO:cooler.create:Writing chroms
INFO:cooler.create:Writing bins
INFO:cooler.create:Writing pixels
INFO:cooler.create:Writing indexes
INFO:cooler.create:Writing info
INFO:cooler.create:Writing chunk 12: /mnt/storage3b/projects/no_ngsd/ahthapp1_T2T_ONT/analysis_other/porec/T2T04.hp1/cooler/tmpgjuarxmy.multi.cool::12
INFO:cooler.create:Creating cooler at "/mnt/storage3b/projects/no_ngsd/ahthapp1_T2T_ONT/analysis_other/porec/T2T04.hp1/cooler/tmpgjuarxmy.multi.cool::/12"
INFO:cooler.create:Writing chroms
INFO:cooler.create:Writing bins
INFO:cooler.create:Writing pixels
INFO:cooler.create:Writing indexes
INFO:cooler.create:Writing info
INFO:cooler.create:Writing chunk 13: /mnt/storage3b/projects/no_ngsd/ahthapp1_T2T_ONT/analysis_other/porec/T2T04.hp1/cooler/tmpgjuarxmy.multi.cool::13
INFO:cooler.create:Creating cooler at "/mnt/storage3b/projects/no_ngsd/ahthapp1_T2T_ONT/analysis_other/porec/T2T04.hp1/cooler/tmpgjuarxmy.multi.cool::/13"
INFO:cooler.create:Writing chroms
INFO:cooler.create:Writing bins
INFO:cooler.create:Writing pixels
INFO:cooler.create:Writing indexes
INFO:cooler.create:Writing info
INFO:cooler.create:Writing chunk 14: /mnt/storage3b/projects/no_ngsd/ahthapp1_T2T_ONT/analysis_other/porec/T2T04.hp1/cooler/tmpgjuarxmy.multi.cool::14
INFO:cooler.create:Creating cooler at "/mnt/storage3b/projects/no_ngsd/ahthapp1_T2T_ONT/analysis_other/porec/T2T04.hp1/cooler/tmpgjuarxmy.multi.cool::/14"
INFO:cooler.create:Writing chroms
INFO:cooler.create:Writing bins
INFO:cooler.create:Writing pixels
INFO:cooler.create:Writing indexes
INFO:cooler.create:Writing info
INFO:cooler.create:Writing chunk 15: /mnt/storage3b/projects/no_ngsd/ahthapp1_T2T_ONT/analysis_other/porec/T2T04.hp1/cooler/tmpgjuarxmy.multi.cool::15
INFO:cooler.create:Creating cooler at "/mnt/storage3b/projects/no_ngsd/ahthapp1_T2T_ONT/analysis_other/porec/T2T04.hp1/cooler/tmpgjuarxmy.multi.cool::/15"
INFO:cooler.create:Writing chroms
INFO:cooler.create:Writing bins
INFO:cooler.create:Writing pixels
INFO:cooler.create:Writing indexes
INFO:cooler.create:Writing info
INFO:cooler.create:Writing chunk 16: /mnt/storage3b/projects/no_ngsd/ahthapp1_T2T_ONT/analysis_other/porec/T2T04.hp1/cooler/tmpgjuarxmy.multi.cool::16
INFO:cooler.create:Creating cooler at "/mnt/storage3b/projects/no_ngsd/ahthapp1_T2T_ONT/analysis_other/porec/T2T04.hp1/cooler/tmpgjuarxmy.multi.cool::/16"
INFO:cooler.create:Writing chroms
INFO:cooler.create:Writing bins
INFO:cooler.create:Writing pixels
INFO:cooler.create:Writing indexes
INFO:cooler.create:Writing info
INFO:cooler.create:Writing chunk 17: /mnt/storage3b/projects/no_ngsd/ahthapp1_T2T_ONT/analysis_other/porec/T2T04.hp1/cooler/tmpgjuarxmy.multi.cool::17
INFO:cooler.create:Creating cooler at "/mnt/storage3b/projects/no_ngsd/ahthapp1_T2T_ONT/analysis_other/porec/T2T04.hp1/cooler/tmpgjuarxmy.multi.cool::/17"
INFO:cooler.create:Writing chroms
INFO:cooler.create:Writing bins
INFO:cooler.create:Writing pixels
INFO:cooler.create:Writing indexes
INFO:cooler.create:Writing info
INFO:cooler.create:Writing chunk 18: /mnt/storage3b/projects/no_ngsd/ahthapp1_T2T_ONT/analysis_other/porec/T2T04.hp1/cooler/tmpgjuarxmy.multi.cool::18
INFO:cooler.create:Creating cooler at "/mnt/storage3b/projects/no_ngsd/ahthapp1_T2T_ONT/analysis_other/porec/T2T04.hp1/cooler/tmpgjuarxmy.multi.cool::/18"
INFO:cooler.create:Writing chroms
INFO:cooler.create:Writing bins
INFO:cooler.create:Writing pixels
INFO:cooler.create:Writing indexes
INFO:cooler.create:Writing info
INFO:cooler.create:Writing chunk 19: /mnt/storage3b/projects/no_ngsd/ahthapp1_T2T_ONT/analysis_other/porec/T2T04.hp1/cooler/tmpgjuarxmy.multi.cool::19
INFO:cooler.create:Creating cooler at "/mnt/storage3b/projects/no_ngsd/ahthapp1_T2T_ONT/analysis_other/porec/T2T04.hp1/cooler/tmpgjuarxmy.multi.cool::/19"
INFO:cooler.create:Writing chroms
INFO:cooler.create:Writing bins
INFO:cooler.create:Writing pixels
INFO:cooler.create:Writing indexes
INFO:cooler.create:Writing info
INFO:cooler.create:Writing chunk 20: /mnt/storage3b/projects/no_ngsd/ahthapp1_T2T_ONT/analysis_other/porec/T2T04.hp1/cooler/tmpgjuarxmy.multi.cool::20
INFO:cooler.create:Creating cooler at "/mnt/storage3b/projects/no_ngsd/ahthapp1_T2T_ONT/analysis_other/porec/T2T04.hp1/cooler/tmpgjuarxmy.multi.cool::/20"
INFO:cooler.create:Writing chroms
INFO:cooler.create:Writing bins
INFO:cooler.create:Writing pixels
INFO:cooler.create:Writing indexes
INFO:cooler.create:Writing info
INFO:cooler.create:Writing chunk 21: /mnt/storage3b/projects/no_ngsd/ahthapp1_T2T_ONT/analysis_other/porec/T2T04.hp1/cooler/tmpgjuarxmy.multi.cool::21
INFO:cooler.create:Creating cooler at "/mnt/storage3b/projects/no_ngsd/ahthapp1_T2T_ONT/analysis_other/porec/T2T04.hp1/cooler/tmpgjuarxmy.multi.cool::/21"
INFO:cooler.create:Writing chroms
INFO:cooler.create:Writing bins
INFO:cooler.create:Writing pixels
INFO:cooler.create:Writing indexes
INFO:cooler.create:Writing info
INFO:cooler.create:Writing chunk 22: /mnt/storage3b/projects/no_ngsd/ahthapp1_T2T_ONT/analysis_other/porec/T2T04.hp1/cooler/tmpgjuarxmy.multi.cool::22
INFO:cooler.create:Creating cooler at "/mnt/storage3b/projects/no_ngsd/ahthapp1_T2T_ONT/analysis_other/porec/T2T04.hp1/cooler/tmpgjuarxmy.multi.cool::/22"
INFO:cooler.create:Writing chroms
INFO:cooler.create:Writing bins
INFO:cooler.create:Writing pixels
INFO:cooler.create:Writing indexes
INFO:cooler.create:Writing info
INFO:cooler.create:Writing chunk 23: /mnt/storage3b/projects/no_ngsd/ahthapp1_T2T_ONT/analysis_other/porec/T2T04.hp1/cooler/tmpgjuarxmy.multi.cool::23
INFO:cooler.create:Creating cooler at "/mnt/storage3b/projects/no_ngsd/ahthapp1_T2T_ONT/analysis_other/porec/T2T04.hp1/cooler/tmpgjuarxmy.multi.cool::/23"
INFO:cooler.create:Writing chroms
INFO:cooler.create:Writing bins
INFO:cooler.create:Writing pixels
INFO:cooler.create:Writing indexes
INFO:cooler.create:Writing info
INFO:cooler.create:Writing chunk 24: /mnt/storage3b/projects/no_ngsd/ahthapp1_T2T_ONT/analysis_other/porec/T2T04.hp1/cooler/tmpgjuarxmy.multi.cool::24
INFO:cooler.create:Creating cooler at "/mnt/storage3b/projects/no_ngsd/ahthapp1_T2T_ONT/analysis_other/porec/T2T04.hp1/cooler/tmpgjuarxmy.multi.cool::/24"
INFO:cooler.create:Writing chroms
INFO:cooler.create:Writing bins
INFO:cooler.create:Writing pixels
INFO:cooler.create:Writing indexes
INFO:cooler.create:Writing info
INFO:cooler.create:Writing chunk 25: /mnt/storage3b/projects/no_ngsd/ahthapp1_T2T_ONT/analysis_other/porec/T2T04.hp1/cooler/tmpgjuarxmy.multi.cool::25
INFO:cooler.create:Creating cooler at "/mnt/storage3b/projects/no_ngsd/ahthapp1_T2T_ONT/analysis_other/porec/T2T04.hp1/cooler/tmpgjuarxmy.multi.cool::/25"
INFO:cooler.create:Writing chroms
INFO:cooler.create:Writing bins
INFO:cooler.create:Writing pixels
INFO:cooler.create:Writing indexes
INFO:cooler.create:Writing info
INFO:cooler.create:Writing chunk 26: /mnt/storage3b/projects/no_ngsd/ahthapp1_T2T_ONT/analysis_other/porec/T2T04.hp1/cooler/tmpgjuarxmy.multi.cool::26
INFO:cooler.create:Creating cooler at "/mnt/storage3b/projects/no_ngsd/ahthapp1_T2T_ONT/analysis_other/porec/T2T04.hp1/cooler/tmpgjuarxmy.multi.cool::/26"
INFO:cooler.create:Writing chroms
INFO:cooler.create:Writing bins
INFO:cooler.create:Writing pixels
INFO:cooler.create:Writing indexes
INFO:cooler.create:Writing info
INFO:cooler.create:Writing chunk 27: /mnt/storage3b/projects/no_ngsd/ahthapp1_T2T_ONT/analysis_other/porec/T2T04.hp1/cooler/tmpgjuarxmy.multi.cool::27
INFO:cooler.create:Creating cooler at "/mnt/storage3b/projects/no_ngsd/ahthapp1_T2T_ONT/analysis_other/porec/T2T04.hp1/cooler/tmpgjuarxmy.multi.cool::/27"
INFO:cooler.create:Writing chroms
INFO:cooler.create:Writing bins
INFO:cooler.create:Writing pixels
INFO:cooler.create:Writing indexes
INFO:cooler.create:Writing info
INFO:cooler.create:Writing chunk 28: /mnt/storage3b/projects/no_ngsd/ahthapp1_T2T_ONT/analysis_other/porec/T2T04.hp1/cooler/tmpgjuarxmy.multi.cool::28
INFO:cooler.create:Creating cooler at "/mnt/storage3b/projects/no_ngsd/ahthapp1_T2T_ONT/analysis_other/porec/T2T04.hp1/cooler/tmpgjuarxmy.multi.cool::/28"
INFO:cooler.create:Writing chroms
INFO:cooler.create:Writing bins
INFO:cooler.create:Writing pixels
INFO:cooler.create:Writing indexes
INFO:cooler.create:Writing info
INFO:cooler.create:Writing chunk 29: /mnt/storage3b/projects/no_ngsd/ahthapp1_T2T_ONT/analysis_other/porec/T2T04.hp1/cooler/tmpgjuarxmy.multi.cool::29
INFO:cooler.create:Creating cooler at "/mnt/storage3b/projects/no_ngsd/ahthapp1_T2T_ONT/analysis_other/porec/T2T04.hp1/cooler/tmpgjuarxmy.multi.cool::/29"
INFO:cooler.create:Writing chroms
INFO:cooler.create:Writing bins
INFO:cooler.create:Writing pixels
INFO:cooler.create:Writing indexes
INFO:cooler.create:Writing info
INFO:cooler.create:Writing chunk 30: /mnt/storage3b/projects/no_ngsd/ahthapp1_T2T_ONT/analysis_other/porec/T2T04.hp1/cooler/tmpgjuarxmy.multi.cool::30
INFO:cooler.create:Creating cooler at "/mnt/storage3b/projects/no_ngsd/ahthapp1_T2T_ONT/analysis_other/porec/T2T04.hp1/cooler/tmpgjuarxmy.multi.cool::/30"
INFO:cooler.create:Writing chroms
INFO:cooler.create:Writing bins
INFO:cooler.create:Writing pixels
INFO:cooler.create:Writing indexes
INFO:cooler.create:Writing info
INFO:cooler.create:Writing chunk 31: /mnt/storage3b/projects/no_ngsd/ahthapp1_T2T_ONT/analysis_other/porec/T2T04.hp1/cooler/tmpgjuarxmy.multi.cool::31
INFO:cooler.create:Creating cooler at "/mnt/storage3b/projects/no_ngsd/ahthapp1_T2T_ONT/analysis_other/porec/T2T04.hp1/cooler/tmpgjuarxmy.multi.cool::/31"
INFO:cooler.create:Writing chroms
INFO:cooler.create:Writing bins
INFO:cooler.create:Writing pixels
INFO:cooler.create:Writing indexes
INFO:cooler.create:Writing info
INFO:cooler.create:Writing chunk 32: /mnt/storage3b/projects/no_ngsd/ahthapp1_T2T_ONT/analysis_other/porec/T2T04.hp1/cooler/tmpgjuarxmy.multi.cool::32
INFO:cooler.create:Creating cooler at "/mnt/storage3b/projects/no_ngsd/ahthapp1_T2T_ONT/analysis_other/porec/T2T04.hp1/cooler/tmpgjuarxmy.multi.cool::/32"
INFO:cooler.create:Writing chroms
INFO:cooler.create:Writing bins
INFO:cooler.create:Writing pixels
INFO:cooler.create:Writing indexes
INFO:cooler.create:Writing info
INFO:cooler.create:Writing chunk 33: /mnt/storage3b/projects/no_ngsd/ahthapp1_T2T_ONT/analysis_other/porec/T2T04.hp1/cooler/tmpgjuarxmy.multi.cool::33
INFO:cooler.create:Creating cooler at "/mnt/storage3b/projects/no_ngsd/ahthapp1_T2T_ONT/analysis_other/porec/T2T04.hp1/cooler/tmpgjuarxmy.multi.cool::/33"
INFO:cooler.create:Writing chroms
INFO:cooler.create:Writing bins
INFO:cooler.create:Writing pixels
INFO:cooler.create:Writing indexes
INFO:cooler.create:Writing info
INFO:cooler.create:Writing chunk 34: /mnt/storage3b/projects/no_ngsd/ahthapp1_T2T_ONT/analysis_other/porec/T2T04.hp1/cooler/tmpgjuarxmy.multi.cool::34
INFO:cooler.create:Creating cooler at "/mnt/storage3b/projects/no_ngsd/ahthapp1_T2T_ONT/analysis_other/porec/T2T04.hp1/cooler/tmpgjuarxmy.multi.cool::/34"
INFO:cooler.create:Writing chroms
INFO:cooler.create:Writing bins
INFO:cooler.create:Writing pixels
INFO:cooler.create:Writing indexes
INFO:cooler.create:Writing info
INFO:cooler.create:Writing chunk 35: /mnt/storage3b/projects/no_ngsd/ahthapp1_T2T_ONT/analysis_other/porec/T2T04.hp1/cooler/tmpgjuarxmy.multi.cool::35
INFO:cooler.create:Creating cooler at "/mnt/storage3b/projects/no_ngsd/ahthapp1_T2T_ONT/analysis_other/porec/T2T04.hp1/cooler/tmpgjuarxmy.multi.cool::/35"
INFO:cooler.create:Writing chroms
INFO:cooler.create:Writing bins
INFO:cooler.create:Writing pixels
INFO:cooler.create:Writing indexes
INFO:cooler.create:Writing info
INFO:cooler.create:Writing chunk 36: /mnt/storage3b/projects/no_ngsd/ahthapp1_T2T_ONT/analysis_other/porec/T2T04.hp1/cooler/tmpgjuarxmy.multi.cool::36
INFO:cooler.create:Creating cooler at "/mnt/storage3b/projects/no_ngsd/ahthapp1_T2T_ONT/analysis_other/porec/T2T04.hp1/cooler/tmpgjuarxmy.multi.cool::/36"
INFO:cooler.create:Writing chroms
INFO:cooler.create:Writing bins
INFO:cooler.create:Writing pixels
INFO:cooler.create:Writing indexes
INFO:cooler.create:Writing info
INFO:cooler.create:Merging into analysis_other/porec/T2T04.hp1/cooler/T2T04.hp1_10000.cool
INFO:cooler.create:Creating cooler at "/mnt/storage3b/projects/no_ngsd/ahthapp1_T2T_ONT/analysis_other/porec/T2T04.hp1/cooler/T2T04.hp1_10000.cool::/"
INFO:cooler.create:Writing chroms
INFO:cooler.create:Writing bins
INFO:cooler.create:Writing pixels
INFO:cooler._reduce:n_merge_epochs: 26
INFO:cooler._reduce:nnzs: [11081489, 11134294, 11082736, 11211184, 11808434, 11468350, 11557272, 11433334, 11679088, 11060365, 11072716, 11080279, 10905222, 10871796, 11226040, 10550067, 10637076, 10880247, 10325312, 10933580, 10276452, 10293821, 9592632, 10091244, 10636157, 9716600, 10590933, 9721820, 9887204, 10276220, 9127200, 8825606, 8303598, 7881915, 8401795, 7354616, 2373708]
INFO:cooler._reduce:records consumed: [np.int64(3201101), np.int64(3237540), np.int64(3217891), np.int64(3292386), np.int64(2051792), np.int64(0), np.int64(0), np.int64(0), np.int64(0), np.int64(0), np.int64(0), np.int64(0), np.int64(0), np.int64(0), np.int64(0), np.int64(0), np.int64(0), np.int64(0), np.int64(0), np.int64(0), np.int64(0), np.int64(0), np.int64(0), np.int64(0), np.int64(0), np.int64(0), np.int64(0), np.int64(0), np.int64(0), np.int64(0), np.int64(0), np.int64(0), np.int64(0), np.int64(0), np.int64(0), np.int64(0), np.int64(0)]
INFO:cooler._reduce:records consumed: [np.int64(6449073), np.int64(6502181), np.int64(6454244), np.int64(6560999), np.int64(4035562), np.int64(0), np.int64(0), np.int64(0), np.int64(0), np.int64(0), np.int64(0), np.int64(0), np.int64(0), np.int64(0), np.int64(0), np.int64(0), np.int64(0), np.int64(0), np.int64(0), np.int64(0), np.int64(0), np.int64(0), np.int64(0), np.int64(0), np.int64(0), np.int64(0), np.int64(0), np.int64(0), np.int64(0), np.int64(0), np.int64(0), np.int64(0), np.int64(0), np.int64(0), np.int64(0), np.int64(0), np.int64(0)]
INFO:cooler._reduce:records consumed: [np.int64(9701178), np.int64(9747337), np.int64(9708700), np.int64(9821055), np.int64(6025890), np.int64(0), np.int64(0), np.int64(0), np.int64(0), np.int64(0), np.int64(0), np.int64(0), np.int64(0), np.int64(0), np.int64(0), np.int64(0), np.int64(0), np.int64(0), np.int64(0), np.int64(0), np.int64(0), np.int64(0), np.int64(0), np.int64(0), np.int64(0), np.int64(0), np.int64(0), np.int64(0), np.int64(0), np.int64(0), np.int64(0), np.int64(0), np.int64(0), np.int64(0), np.int64(0), np.int64(0), np.int64(0)]
INFO:cooler._reduce:records consumed: [np.int64(11081489), np.int64(11134294), np.int64(11082736), np.int64(11211184), np.int64(7742261), np.int64(1991096), np.int64(2018171), np.int64(1985257), np.int64(1758757), np.int64(0), np.int64(0), np.int64(0), np.int64(0), np.int64(0), np.int64(0), np.int64(0), np.int64(0), np.int64(0), np.int64(0), np.int64(0), np.int64(0), np.int64(0), np.int64(0), np.int64(0), np.int64(0), np.int64(0), np.int64(0), np.int64(0), np.int64(0), np.int64(0), np.int64(0), np.int64(0), np.int64(0), np.int64(0), np.int64(0), np.int64(0), np.int64(0)]
INFO:cooler._reduce:records consumed: [np.int64(11081489), np.int64(11134294), np.int64(11082736), np.int64(11211184), np.int64(9210022), np.int64(5467500), np.int64(5542386), np.int64(5451524), np.int64(4826086), np.int64(0), np.int64(0), np.int64(0), np.int64(0), np.int64(0), np.int64(0), np.int64(0), np.int64(0), np.int64(0), np.int64(0), np.int64(0), np.int64(0), np.int64(0), np.int64(0), np.int64(0), np.int64(0), np.int64(0), np.int64(0), np.int64(0), np.int64(0), np.int64(0), np.int64(0), np.int64(0), np.int64(0), np.int64(0), np.int64(0), np.int64(0), np.int64(0)]
INFO:cooler._reduce:records consumed: [np.int64(11081489), np.int64(11134294), np.int64(11082736), np.int64(11211184), np.int64(10685906), np.int64(8953974), np.int64(9026929), np.int64(8933790), np.int64(7897431), np.int64(0), np.int64(0), np.int64(0), np.int64(0), np.int64(0), np.int64(0), np.int64(0), np.int64(0), np.int64(0), np.int64(0), np.int64(0), np.int64(0), np.int64(0), np.int64(0), np.int64(0), np.int64(0), np.int64(0), np.int64(0), np.int64(0), np.int64(0), np.int64(0), np.int64(0), np.int64(0), np.int64(0), np.int64(0), np.int64(0), np.int64(0), np.int64(0)]
INFO:cooler._reduce:records consumed: [np.int64(11081489), np.int64(11134294), np.int64(11082736), np.int64(11211184), np.int64(11808434), np.int64(11468350), np.int64(11557272), np.int64(11433334), np.int64(10324912), np.int64(1281632), np.int64(1280292), np.int64(1267190), np.int64(78351), np.int64(0), np.int64(0), np.int64(0), np.int64(0), np.int64(0), np.int64(0), np.int64(0), np.int64(0), np.int64(0), np.int64(0), np.int64(0), np.int64(0), np.int64(0), np.int64(0), np.int64(0), np.int64(0), np.int64(0), np.int64(0), np.int64(0), np.int64(0), np.int64(0), np.int64(0), np.int64(0), np.int64(0)]
INFO:cooler._reduce:records consumed: [np.int64(11081489), np.int64(11134294), np.int64(11082736), np.int64(11211184), np.int64(11808434), np.int64(11468350), np.int64(11557272), np.int64(11433334), np.int64(10956762), np.int64(5968527), np.int64(5976067), np.int64(5950519), np.int64(381927), np.int64(0), np.int64(0), np.int64(0), np.int64(0), np.int64(0), np.int64(0), np.int64(0), np.int64(0), np.int64(0), np.int64(0), np.int64(0), np.int64(0), np.int64(0), np.int64(0), np.int64(0), np.int64(0), np.int64(0), np.int64(0), np.int64(0), np.int64(0), np.int64(0), np.int64(0), np.int64(0), np.int64(0)]
INFO:cooler._reduce:records consumed: [np.int64(11081489), np.int64(11134294), np.int64(11082736), np.int64(11211184), np.int64(11808434), np.int64(11468350), np.int64(11557272), np.int64(11433334), np.int64(11608446), np.int64(10638795), np.int64(10645195), np.int64(10652249), np.int64(689310), np.int64(0), np.int64(0), np.int64(0), np.int64(0), np.int64(0), np.int64(0), np.int64(0), np.int64(0), np.int64(0), np.int64(0), np.int64(0), np.int64(0), np.int64(0), np.int64(0), np.int64(0), np.int64(0), np.int64(0), np.int64(0), np.int64(0), np.int64(0), np.int64(0), np.int64(0), np.int64(0), np.int64(0)]
INFO:cooler._reduce:records consumed: [np.int64(11081489), np.int64(11134294), np.int64(11082736), np.int64(11211184), np.int64(11808434), np.int64(11468350), np.int64(11557272), np.int64(11433334), np.int64(11679088), np.int64(11060365), np.int64(11072716), np.int64(11080279), np.int64(5378681), np.int64(4998407), np.int64(3965641), np.int64(0), np.int64(0), np.int64(0), np.int64(0), np.int64(0), np.int64(0), np.int64(0), np.int64(0), np.int64(0), np.int64(0), np.int64(0), np.int64(0), np.int64(0), np.int64(0), np.int64(0), np.int64(0), np.int64(0), np.int64(0), np.int64(0), np.int64(0), np.int64(0), np.int64(0)]
INFO:cooler._reduce:records consumed: [np.int64(11081489), np.int64(11134294), np.int64(11082736), np.int64(11211184), np.int64(11808434), np.int64(11468350), np.int64(11557272), np.int64(11433334), np.int64(11679088), np.int64(11060365), np.int64(11072716), np.int64(11080279), np.int64(10532057), np.int64(10475242), np.int64(8336247), np.int64(0), np.int64(0), np.int64(0), np.int64(0), np.int64(0), np.int64(0), np.int64(0), np.int64(0), np.int64(0), np.int64(0), np.int64(0), np.int64(0), np.int64(0), np.int64(0), np.int64(0), np.int64(0), np.int64(0), np.int64(0), np.int64(0), np.int64(0), np.int64(0), np.int64(0)]
INFO:cooler._reduce:records consumed: [np.int64(11081489), np.int64(11134294), np.int64(11082736), np.int64(11211184), np.int64(11808434), np.int64(11468350), np.int64(11557272), np.int64(11433334), np.int64(11679088), np.int64(11060365), np.int64(11072716), np.int64(11080279), np.int64(10905222), np.int64(10871796), np.int64(9959463), np.int64(5496399), np.int64(5542080), np.int64(1569756), np.int64(0), np.int64(0), np.int64(0), np.int64(0), np.int64(0), np.int64(0), np.int64(0), np.int64(0), np.int64(0), np.int64(0), np.int64(0), np.int64(0), np.int64(0), np.int64(0), np.int64(0), np.int64(0), np.int64(0), np.int64(0), np.int64(0)]
INFO:cooler._reduce:records consumed: [np.int64(11081489), np.int64(11134294), np.int64(11082736), np.int64(11211184), np.int64(11808434), np.int64(11468350), np.int64(11557272), np.int64(11433334), np.int64(11679088), np.int64(11060365), np.int64(11072716), np.int64(11080279), np.int64(10905222), np.int64(10871796), np.int64(11226040), np.int64(10550067), np.int64(10637076), np.int64(3769665), np.int64(940991), np.int64(445902), np.int64(0), np.int64(0), np.int64(0), np.int64(0), np.int64(0), np.int64(0), np.int64(0), np.int64(0), np.int64(0), np.int64(0), np.int64(0), np.int64(0), np.int64(0), np.int64(0), np.int64(0), np.int64(0), np.int64(0)]
INFO:cooler._reduce:records consumed: [np.int64(11081489), np.int64(11134294), np.int64(11082736), np.int64(11211184), np.int64(11808434), np.int64(11468350), np.int64(11557272), np.int64(11433334), np.int64(11679088), np.int64(11060365), np.int64(11072716), np.int64(11080279), np.int64(10905222), np.int64(10871796), np.int64(11226040), np.int64(10550067), np.int64(10637076), np.int64(8835536), np.int64(7658591), np.int64(3663039), np.int64(0), np.int64(0), np.int64(0), np.int64(0), np.int64(0), np.int64(0), np.int64(0), np.int64(0), np.int64(0), np.int64(0), np.int64(0), np.int64(0), np.int64(0), np.int64(0), np.int64(0), np.int64(0), np.int64(0)]
INFO:cooler._reduce:records consumed: [np.int64(11081489), np.int64(11134294), np.int64(11082736), np.int64(11211184), np.int64(11808434), np.int64(11468350), np.int64(11557272), np.int64(11433334), np.int64(11679088), np.int64(11060365), np.int64(11072716), np.int64(11080279), np.int64(10905222), np.int64(10871796), np.int64(11226040), np.int64(10550067), np.int64(10637076), np.int64(10880247), np.int64(10325312), np.int64(7447307), np.int64(4276072), np.int64(2228518), np.int64(0), np.int64(0), np.int64(0), np.int64(0), np.int64(0), np.int64(0), np.int64(0), np.int64(0), np.int64(0), np.int64(0), np.int64(0), np.int64(0), np.int64(0), np.int64(0), np.int64(0)]
INFO:cooler._reduce:records consumed: [np.int64(11081489), np.int64(11134294), np.int64(11082736), np.int64(11211184), np.int64(11808434), np.int64(11468350), np.int64(11557272), np.int64(11433334), np.int64(11679088), np.int64(11060365), np.int64(11072716), np.int64(11080279), np.int64(10905222), np.int64(10871796), np.int64(11226040), np.int64(10550067), np.int64(10637076), np.int64(10880247), np.int64(10325312), np.int64(10933580), np.int64(10276452), np.int64(6390414), np.int64(1352463), np.int64(0), np.int64(0), np.int64(0), np.int64(0), np.int64(0), np.int64(0), np.int64(0), np.int64(0), np.int64(0), np.int64(0), np.int64(0), np.int64(0), np.int64(0), np.int64(0)]
INFO:cooler._reduce:records consumed: [np.int64(11081489), np.int64(11134294), np.int64(11082736), np.int64(11211184), np.int64(11808434), np.int64(11468350), np.int64(11557272), np.int64(11433334), np.int64(11679088), np.int64(11060365), np.int64(11072716), np.int64(11080279), np.int64(10905222), np.int64(10871796), np.int64(11226040), np.int64(10550067), np.int64(10637076), np.int64(10880247), np.int64(10325312), np.int64(10933580), np.int64(10276452), np.int64(10293821), np.int64(7566168), np.int64(2840975), np.int64(2043320), np.int64(0), np.int64(0), np.int64(0), np.int64(0), np.int64(0), np.int64(0), np.int64(0), np.int64(0), np.int64(0), np.int64(0), np.int64(0), np.int64(0)]
INFO:cooler._reduce:records consumed: [np.int64(11081489), np.int64(11134294), np.int64(11082736), np.int64(11211184), np.int64(11808434), np.int64(11468350), np.int64(11557272), np.int64(11433334), np.int64(11679088), np.int64(11060365), np.int64(11072716), np.int64(11080279), np.int64(10905222), np.int64(10871796), np.int64(11226040), np.int64(10550067), np.int64(10637076), np.int64(10880247), np.int64(10325312), np.int64(10933580), np.int64(10276452), np.int64(10293821), np.int64(9592632), np.int64(10091244), np.int64(7448837), np.int64(231109), np.int64(87726), np.int64(0), np.int64(0), np.int64(0), np.int64(0), np.int64(0), np.int64(0), np.int64(0), np.int64(0), np.int64(0), np.int64(0)]
INFO:cooler._reduce:records consumed: [np.int64(11081489), np.int64(11134294), np.int64(11082736), np.int64(11211184), np.int64(11808434), np.int64(11468350), np.int64(11557272), np.int64(11433334), np.int64(11679088), np.int64(11060365), np.int64(11072716), np.int64(11080279), np.int64(10905222), np.int64(10871796), np.int64(11226040), np.int64(10550067), np.int64(10637076), np.int64(10880247), np.int64(10325312), np.int64(10933580), np.int64(10276452), np.int64(10293821), np.int64(9592632), np.int64(10091244), np.int64(10362824), np.int64(9000998), np.int64(3404778), np.int64(0), np.int64(0), np.int64(0), np.int64(0), np.int64(0), np.int64(0), np.int64(0), np.int64(0), np.int64(0), np.int64(0)]
INFO:cooler._reduce:records consumed: [np.int64(11081489), np.int64(11134294), np.int64(11082736), np.int64(11211184), np.int64(11808434), np.int64(11468350), np.int64(11557272), np.int64(11433334), np.int64(11679088), np.int64(11060365), np.int64(11072716), np.int64(11080279), np.int64(10905222), np.int64(10871796), np.int64(11226040), np.int64(10550067), np.int64(10637076), np.int64(10880247), np.int64(10325312), np.int64(10933580), np.int64(10276452), np.int64(10293821), np.int64(9592632), np.int64(10091244), np.int64(10636157), np.int64(9716600), np.int64(9092667), np.int64(7660153), np.int64(663562), np.int64(0), np.int64(0), np.int64(0), np.int64(0), np.int64(0), np.int64(0), np.int64(0), np.int64(0)]
INFO:cooler._reduce:records consumed: [np.int64(11081489), np.int64(11134294), np.int64(11082736), np.int64(11211184), np.int64(11808434), np.int64(11468350), np.int64(11557272), np.int64(11433334), np.int64(11679088), np.int64(11060365), np.int64(11072716), np.int64(11080279), np.int64(10905222), np.int64(10871796), np.int64(11226040), np.int64(10550067), np.int64(10637076), np.int64(10880247), np.int64(10325312), np.int64(10933580), np.int64(10276452), np.int64(10293821), np.int64(9592632), np.int64(10091244), np.int64(10636157), np.int64(9716600), np.int64(10590933), np.int64(9721820), np.int64(7112215), np.int64(4992026), np.int64(0), np.int64(0), np.int64(0), np.int64(0), np.int64(0), np.int64(0), np.int64(0)]
INFO:cooler._reduce:records consumed: [np.int64(11081489), np.int64(11134294), np.int64(11082736), np.int64(11211184), np.int64(11808434), np.int64(11468350), np.int64(11557272), np.int64(11433334), np.int64(11679088), np.int64(11060365), np.int64(11072716), np.int64(11080279), np.int64(10905222), np.int64(10871796), np.int64(11226040), np.int64(10550067), np.int64(10637076), np.int64(10880247), np.int64(10325312), np.int64(10933580), np.int64(10276452), np.int64(10293821), np.int64(9592632), np.int64(10091244), np.int64(10636157), np.int64(9716600), np.int64(10590933), np.int64(9721820), np.int64(9887204), np.int64(10047461), np.int64(7170104), np.int64(0), np.int64(0), np.int64(0), np.int64(0), np.int64(0), np.int64(0)]
INFO:cooler._reduce:records consumed: [np.int64(11081489), np.int64(11134294), np.int64(11082736), np.int64(11211184), np.int64(11808434), np.int64(11468350), np.int64(11557272), np.int64(11433334), np.int64(11679088), np.int64(11060365), np.int64(11072716), np.int64(11080279), np.int64(10905222), np.int64(10871796), np.int64(11226040), np.int64(10550067), np.int64(10637076), np.int64(10880247), np.int64(10325312), np.int64(10933580), np.int64(10276452), np.int64(10293821), np.int64(9592632), np.int64(10091244), np.int64(10636157), np.int64(9716600), np.int64(10590933), np.int64(9721820), np.int64(9887204), np.int64(10276220), np.int64(9127200), np.int64(8499165), np.int64(4315136), np.int64(0), np.int64(0), np.int64(0), np.int64(0)]
INFO:cooler._reduce:records consumed: [np.int64(11081489), np.int64(11134294), np.int64(11082736), np.int64(11211184), np.int64(11808434), np.int64(11468350), np.int64(11557272), np.int64(11433334), np.int64(11679088), np.int64(11060365), np.int64(11072716), np.int64(11080279), np.int64(10905222), np.int64(10871796), np.int64(11226040), np.int64(10550067), np.int64(10637076), np.int64(10880247), np.int64(10325312), np.int64(10933580), np.int64(10276452), np.int64(10293821), np.int64(9592632), np.int64(10091244), np.int64(10636157), np.int64(9716600), np.int64(10590933), np.int64(9721820), np.int64(9887204), np.int64(10276220), np.int64(9127200), np.int64(8825606), np.int64(8303598), np.int64(7870781), np.int64(2814347), np.int64(0), np.int64(0)]
INFO:cooler._reduce:records consumed: [np.int64(11081489), np.int64(11134294), np.int64(11082736), np.int64(11211184), np.int64(11808434), np.int64(11468350), np.int64(11557272), np.int64(11433334), np.int64(11679088), np.int64(11060365), np.int64(11072716), np.int64(11080279), np.int64(10905222), np.int64(10871796), np.int64(11226040), np.int64(10550067), np.int64(10637076), np.int64(10880247), np.int64(10325312), np.int64(10933580), np.int64(10276452), np.int64(10293821), np.int64(9592632), np.int64(10091244), np.int64(10636157), np.int64(9716600), np.int64(10590933), np.int64(9721820), np.int64(9887204), np.int64(10276220), np.int64(9127200), np.int64(8825606), np.int64(8303598), np.int64(7881915), np.int64(8401795), np.int64(7354616), np.int64(2046836)]
INFO:cooler._reduce:records consumed: [np.int64(11081489), np.int64(11134294), np.int64(11082736), np.int64(11211184), np.int64(11808434), np.int64(11468350), np.int64(11557272), np.int64(11433334), np.int64(11679088), np.int64(11060365), np.int64(11072716), np.int64(11080279), np.int64(10905222), np.int64(10871796), np.int64(11226040), np.int64(10550067), np.int64(10637076), np.int64(10880247), np.int64(10325312), np.int64(10933580), np.int64(10276452), np.int64(10293821), np.int64(9592632), np.int64(10091244), np.int64(10636157), np.int64(9716600), np.int64(10590933), np.int64(9721820), np.int64(9887204), np.int64(10276220), np.int64(9127200), np.int64(8825606), np.int64(8303598), np.int64(7881915), np.int64(8401795), np.int64(7354616), np.int64(2373708)]
INFO:cooler.create:Writing indexes
INFO:cooler.create:Writing info
