INFO:cooler.create:Writing chunk 0: /mnt/storage3b/projects/no_ngsd/ahthapp1_T2T_ONT/analysis_other/porec/T2T19/cooler/tmped3kdk4j.multi.cool::0
INFO:cooler.create:Creating cooler at "/mnt/storage3b/projects/no_ngsd/ahthapp1_T2T_ONT/analysis_other/porec/T2T19/cooler/tmped3kdk4j.multi.cool::/0"
INFO:cooler.create:Writing chroms
INFO:cooler.create:Writing bins
INFO:cooler.create:Writing pixels
INFO:cooler.create:Writing indexes
INFO:cooler.create:Writing info
INFO:cooler.create:Writing chunk 1: /mnt/storage3b/projects/no_ngsd/ahthapp1_T2T_ONT/analysis_other/porec/T2T19/cooler/tmped3kdk4j.multi.cool::1
INFO:cooler.create:Creating cooler at "/mnt/storage3b/projects/no_ngsd/ahthapp1_T2T_ONT/analysis_other/porec/T2T19/cooler/tmped3kdk4j.multi.cool::/1"
INFO:cooler.create:Writing chroms
INFO:cooler.create:Writing bins
INFO:cooler.create:Writing pixels
INFO:cooler.create:Writing indexes
INFO:cooler.create:Writing info
INFO:cooler.create:Writing chunk 2: /mnt/storage3b/projects/no_ngsd/ahthapp1_T2T_ONT/analysis_other/porec/T2T19/cooler/tmped3kdk4j.multi.cool::2
INFO:cooler.create:Creating cooler at "/mnt/storage3b/projects/no_ngsd/ahthapp1_T2T_ONT/analysis_other/porec/T2T19/cooler/tmped3kdk4j.multi.cool::/2"
INFO:cooler.create:Writing chroms
INFO:cooler.create:Writing bins
INFO:cooler.create:Writing pixels
INFO:cooler.create:Writing indexes
INFO:cooler.create:Writing info
INFO:cooler.create:Writing chunk 3: /mnt/storage3b/projects/no_ngsd/ahthapp1_T2T_ONT/analysis_other/porec/T2T19/cooler/tmped3kdk4j.multi.cool::3
INFO:cooler.create:Creating cooler at "/mnt/storage3b/projects/no_ngsd/ahthapp1_T2T_ONT/analysis_other/porec/T2T19/cooler/tmped3kdk4j.multi.cool::/3"
INFO:cooler.create:Writing chroms
INFO:cooler.create:Writing bins
INFO:cooler.create:Writing pixels
INFO:cooler.create:Writing indexes
INFO:cooler.create:Writing info
INFO:cooler.create:Writing chunk 4: /mnt/storage3b/projects/no_ngsd/ahthapp1_T2T_ONT/analysis_other/porec/T2T19/cooler/tmped3kdk4j.multi.cool::4
INFO:cooler.create:Creating cooler at "/mnt/storage3b/projects/no_ngsd/ahthapp1_T2T_ONT/analysis_other/porec/T2T19/cooler/tmped3kdk4j.multi.cool::/4"
INFO:cooler.create:Writing chroms
INFO:cooler.create:Writing bins
INFO:cooler.create:Writing pixels
INFO:cooler.create:Writing indexes
INFO:cooler.create:Writing info
INFO:cooler.create:Writing chunk 5: /mnt/storage3b/projects/no_ngsd/ahthapp1_T2T_ONT/analysis_other/porec/T2T19/cooler/tmped3kdk4j.multi.cool::5
INFO:cooler.create:Creating cooler at "/mnt/storage3b/projects/no_ngsd/ahthapp1_T2T_ONT/analysis_other/porec/T2T19/cooler/tmped3kdk4j.multi.cool::/5"
INFO:cooler.create:Writing chroms
INFO:cooler.create:Writing bins
INFO:cooler.create:Writing pixels
INFO:cooler.create:Writing indexes
INFO:cooler.create:Writing info
INFO:cooler.create:Writing chunk 6: /mnt/storage3b/projects/no_ngsd/ahthapp1_T2T_ONT/analysis_other/porec/T2T19/cooler/tmped3kdk4j.multi.cool::6
INFO:cooler.create:Creating cooler at "/mnt/storage3b/projects/no_ngsd/ahthapp1_T2T_ONT/analysis_other/porec/T2T19/cooler/tmped3kdk4j.multi.cool::/6"
INFO:cooler.create:Writing chroms
INFO:cooler.create:Writing bins
INFO:cooler.create:Writing pixels
INFO:cooler.create:Writing indexes
INFO:cooler.create:Writing info
INFO:cooler.create:Writing chunk 7: /mnt/storage3b/projects/no_ngsd/ahthapp1_T2T_ONT/analysis_other/porec/T2T19/cooler/tmped3kdk4j.multi.cool::7
INFO:cooler.create:Creating cooler at "/mnt/storage3b/projects/no_ngsd/ahthapp1_T2T_ONT/analysis_other/porec/T2T19/cooler/tmped3kdk4j.multi.cool::/7"
INFO:cooler.create:Writing chroms
INFO:cooler.create:Writing bins
INFO:cooler.create:Writing pixels
INFO:cooler.create:Writing indexes
INFO:cooler.create:Writing info
INFO:cooler.create:Writing chunk 8: /mnt/storage3b/projects/no_ngsd/ahthapp1_T2T_ONT/analysis_other/porec/T2T19/cooler/tmped3kdk4j.multi.cool::8
INFO:cooler.create:Creating cooler at "/mnt/storage3b/projects/no_ngsd/ahthapp1_T2T_ONT/analysis_other/porec/T2T19/cooler/tmped3kdk4j.multi.cool::/8"
INFO:cooler.create:Writing chroms
INFO:cooler.create:Writing bins
INFO:cooler.create:Writing pixels
INFO:cooler.create:Writing indexes
INFO:cooler.create:Writing info
INFO:cooler.create:Writing chunk 9: /mnt/storage3b/projects/no_ngsd/ahthapp1_T2T_ONT/analysis_other/porec/T2T19/cooler/tmped3kdk4j.multi.cool::9
INFO:cooler.create:Creating cooler at "/mnt/storage3b/projects/no_ngsd/ahthapp1_T2T_ONT/analysis_other/porec/T2T19/cooler/tmped3kdk4j.multi.cool::/9"
INFO:cooler.create:Writing chroms
INFO:cooler.create:Writing bins
INFO:cooler.create:Writing pixels
INFO:cooler.create:Writing indexes
INFO:cooler.create:Writing info
INFO:cooler.create:Writing chunk 10: /mnt/storage3b/projects/no_ngsd/ahthapp1_T2T_ONT/analysis_other/porec/T2T19/cooler/tmped3kdk4j.multi.cool::10
INFO:cooler.create:Creating cooler at "/mnt/storage3b/projects/no_ngsd/ahthapp1_T2T_ONT/analysis_other/porec/T2T19/cooler/tmped3kdk4j.multi.cool::/10"
INFO:cooler.create:Writing chroms
INFO:cooler.create:Writing bins
INFO:cooler.create:Writing pixels
INFO:cooler.create:Writing indexes
INFO:cooler.create:Writing info
INFO:cooler.create:Writing chunk 11: /mnt/storage3b/projects/no_ngsd/ahthapp1_T2T_ONT/analysis_other/porec/T2T19/cooler/tmped3kdk4j.multi.cool::11
INFO:cooler.create:Creating cooler at "/mnt/storage3b/projects/no_ngsd/ahthapp1_T2T_ONT/analysis_other/porec/T2T19/cooler/tmped3kdk4j.multi.cool::/11"
INFO:cooler.create:Writing chroms
INFO:cooler.create:Writing bins
INFO:cooler.create:Writing pixels
INFO:cooler.create:Writing indexes
INFO:cooler.create:Writing info
INFO:cooler.create:Writing chunk 12: /mnt/storage3b/projects/no_ngsd/ahthapp1_T2T_ONT/analysis_other/porec/T2T19/cooler/tmped3kdk4j.multi.cool::12
INFO:cooler.create:Creating cooler at "/mnt/storage3b/projects/no_ngsd/ahthapp1_T2T_ONT/analysis_other/porec/T2T19/cooler/tmped3kdk4j.multi.cool::/12"
INFO:cooler.create:Writing chroms
INFO:cooler.create:Writing bins
INFO:cooler.create:Writing pixels
INFO:cooler.create:Writing indexes
INFO:cooler.create:Writing info
INFO:cooler.create:Writing chunk 13: /mnt/storage3b/projects/no_ngsd/ahthapp1_T2T_ONT/analysis_other/porec/T2T19/cooler/tmped3kdk4j.multi.cool::13
INFO:cooler.create:Creating cooler at "/mnt/storage3b/projects/no_ngsd/ahthapp1_T2T_ONT/analysis_other/porec/T2T19/cooler/tmped3kdk4j.multi.cool::/13"
INFO:cooler.create:Writing chroms
INFO:cooler.create:Writing bins
INFO:cooler.create:Writing pixels
INFO:cooler.create:Writing indexes
INFO:cooler.create:Writing info
INFO:cooler.create:Writing chunk 14: /mnt/storage3b/projects/no_ngsd/ahthapp1_T2T_ONT/analysis_other/porec/T2T19/cooler/tmped3kdk4j.multi.cool::14
INFO:cooler.create:Creating cooler at "/mnt/storage3b/projects/no_ngsd/ahthapp1_T2T_ONT/analysis_other/porec/T2T19/cooler/tmped3kdk4j.multi.cool::/14"
INFO:cooler.create:Writing chroms
INFO:cooler.create:Writing bins
INFO:cooler.create:Writing pixels
INFO:cooler.create:Writing indexes
INFO:cooler.create:Writing info
INFO:cooler.create:Writing chunk 15: /mnt/storage3b/projects/no_ngsd/ahthapp1_T2T_ONT/analysis_other/porec/T2T19/cooler/tmped3kdk4j.multi.cool::15
INFO:cooler.create:Creating cooler at "/mnt/storage3b/projects/no_ngsd/ahthapp1_T2T_ONT/analysis_other/porec/T2T19/cooler/tmped3kdk4j.multi.cool::/15"
INFO:cooler.create:Writing chroms
INFO:cooler.create:Writing bins
INFO:cooler.create:Writing pixels
INFO:cooler.create:Writing indexes
INFO:cooler.create:Writing info
INFO:cooler.create:Writing chunk 16: /mnt/storage3b/projects/no_ngsd/ahthapp1_T2T_ONT/analysis_other/porec/T2T19/cooler/tmped3kdk4j.multi.cool::16
INFO:cooler.create:Creating cooler at "/mnt/storage3b/projects/no_ngsd/ahthapp1_T2T_ONT/analysis_other/porec/T2T19/cooler/tmped3kdk4j.multi.cool::/16"
INFO:cooler.create:Writing chroms
INFO:cooler.create:Writing bins
INFO:cooler.create:Writing pixels
INFO:cooler.create:Writing indexes
INFO:cooler.create:Writing info
INFO:cooler.create:Writing chunk 17: /mnt/storage3b/projects/no_ngsd/ahthapp1_T2T_ONT/analysis_other/porec/T2T19/cooler/tmped3kdk4j.multi.cool::17
INFO:cooler.create:Creating cooler at "/mnt/storage3b/projects/no_ngsd/ahthapp1_T2T_ONT/analysis_other/porec/T2T19/cooler/tmped3kdk4j.multi.cool::/17"
INFO:cooler.create:Writing chroms
INFO:cooler.create:Writing bins
INFO:cooler.create:Writing pixels
INFO:cooler.create:Writing indexes
INFO:cooler.create:Writing info
INFO:cooler.create:Writing chunk 18: /mnt/storage3b/projects/no_ngsd/ahthapp1_T2T_ONT/analysis_other/porec/T2T19/cooler/tmped3kdk4j.multi.cool::18
INFO:cooler.create:Creating cooler at "/mnt/storage3b/projects/no_ngsd/ahthapp1_T2T_ONT/analysis_other/porec/T2T19/cooler/tmped3kdk4j.multi.cool::/18"
INFO:cooler.create:Writing chroms
INFO:cooler.create:Writing bins
INFO:cooler.create:Writing pixels
INFO:cooler.create:Writing indexes
INFO:cooler.create:Writing info
INFO:cooler.create:Writing chunk 19: /mnt/storage3b/projects/no_ngsd/ahthapp1_T2T_ONT/analysis_other/porec/T2T19/cooler/tmped3kdk4j.multi.cool::19
INFO:cooler.create:Creating cooler at "/mnt/storage3b/projects/no_ngsd/ahthapp1_T2T_ONT/analysis_other/porec/T2T19/cooler/tmped3kdk4j.multi.cool::/19"
INFO:cooler.create:Writing chroms
INFO:cooler.create:Writing bins
INFO:cooler.create:Writing pixels
INFO:cooler.create:Writing indexes
INFO:cooler.create:Writing info
INFO:cooler.create:Writing chunk 20: /mnt/storage3b/projects/no_ngsd/ahthapp1_T2T_ONT/analysis_other/porec/T2T19/cooler/tmped3kdk4j.multi.cool::20
INFO:cooler.create:Creating cooler at "/mnt/storage3b/projects/no_ngsd/ahthapp1_T2T_ONT/analysis_other/porec/T2T19/cooler/tmped3kdk4j.multi.cool::/20"
INFO:cooler.create:Writing chroms
INFO:cooler.create:Writing bins
INFO:cooler.create:Writing pixels
INFO:cooler.create:Writing indexes
INFO:cooler.create:Writing info
INFO:cooler.create:Writing chunk 21: /mnt/storage3b/projects/no_ngsd/ahthapp1_T2T_ONT/analysis_other/porec/T2T19/cooler/tmped3kdk4j.multi.cool::21
INFO:cooler.create:Creating cooler at "/mnt/storage3b/projects/no_ngsd/ahthapp1_T2T_ONT/analysis_other/porec/T2T19/cooler/tmped3kdk4j.multi.cool::/21"
INFO:cooler.create:Writing chroms
INFO:cooler.create:Writing bins
INFO:cooler.create:Writing pixels
INFO:cooler.create:Writing indexes
INFO:cooler.create:Writing info
INFO:cooler.create:Writing chunk 22: /mnt/storage3b/projects/no_ngsd/ahthapp1_T2T_ONT/analysis_other/porec/T2T19/cooler/tmped3kdk4j.multi.cool::22
INFO:cooler.create:Creating cooler at "/mnt/storage3b/projects/no_ngsd/ahthapp1_T2T_ONT/analysis_other/porec/T2T19/cooler/tmped3kdk4j.multi.cool::/22"
INFO:cooler.create:Writing chroms
INFO:cooler.create:Writing bins
INFO:cooler.create:Writing pixels
INFO:cooler.create:Writing indexes
INFO:cooler.create:Writing info
INFO:cooler.create:Writing chunk 23: /mnt/storage3b/projects/no_ngsd/ahthapp1_T2T_ONT/analysis_other/porec/T2T19/cooler/tmped3kdk4j.multi.cool::23
INFO:cooler.create:Creating cooler at "/mnt/storage3b/projects/no_ngsd/ahthapp1_T2T_ONT/analysis_other/porec/T2T19/cooler/tmped3kdk4j.multi.cool::/23"
INFO:cooler.create:Writing chroms
INFO:cooler.create:Writing bins
INFO:cooler.create:Writing pixels
INFO:cooler.create:Writing indexes
INFO:cooler.create:Writing info
INFO:cooler.create:Writing chunk 24: /mnt/storage3b/projects/no_ngsd/ahthapp1_T2T_ONT/analysis_other/porec/T2T19/cooler/tmped3kdk4j.multi.cool::24
INFO:cooler.create:Creating cooler at "/mnt/storage3b/projects/no_ngsd/ahthapp1_T2T_ONT/analysis_other/porec/T2T19/cooler/tmped3kdk4j.multi.cool::/24"
INFO:cooler.create:Writing chroms
INFO:cooler.create:Writing bins
INFO:cooler.create:Writing pixels
INFO:cooler.create:Writing indexes
INFO:cooler.create:Writing info
INFO:cooler.create:Writing chunk 25: /mnt/storage3b/projects/no_ngsd/ahthapp1_T2T_ONT/analysis_other/porec/T2T19/cooler/tmped3kdk4j.multi.cool::25
INFO:cooler.create:Creating cooler at "/mnt/storage3b/projects/no_ngsd/ahthapp1_T2T_ONT/analysis_other/porec/T2T19/cooler/tmped3kdk4j.multi.cool::/25"
INFO:cooler.create:Writing chroms
INFO:cooler.create:Writing bins
INFO:cooler.create:Writing pixels
INFO:cooler.create:Writing indexes
INFO:cooler.create:Writing info
INFO:cooler.create:Writing chunk 26: /mnt/storage3b/projects/no_ngsd/ahthapp1_T2T_ONT/analysis_other/porec/T2T19/cooler/tmped3kdk4j.multi.cool::26
INFO:cooler.create:Creating cooler at "/mnt/storage3b/projects/no_ngsd/ahthapp1_T2T_ONT/analysis_other/porec/T2T19/cooler/tmped3kdk4j.multi.cool::/26"
INFO:cooler.create:Writing chroms
INFO:cooler.create:Writing bins
INFO:cooler.create:Writing pixels
INFO:cooler.create:Writing indexes
INFO:cooler.create:Writing info
INFO:cooler.create:Writing chunk 27: /mnt/storage3b/projects/no_ngsd/ahthapp1_T2T_ONT/analysis_other/porec/T2T19/cooler/tmped3kdk4j.multi.cool::27
INFO:cooler.create:Creating cooler at "/mnt/storage3b/projects/no_ngsd/ahthapp1_T2T_ONT/analysis_other/porec/T2T19/cooler/tmped3kdk4j.multi.cool::/27"
INFO:cooler.create:Writing chroms
INFO:cooler.create:Writing bins
INFO:cooler.create:Writing pixels
INFO:cooler.create:Writing indexes
INFO:cooler.create:Writing info
INFO:cooler.create:Writing chunk 28: /mnt/storage3b/projects/no_ngsd/ahthapp1_T2T_ONT/analysis_other/porec/T2T19/cooler/tmped3kdk4j.multi.cool::28
INFO:cooler.create:Creating cooler at "/mnt/storage3b/projects/no_ngsd/ahthapp1_T2T_ONT/analysis_other/porec/T2T19/cooler/tmped3kdk4j.multi.cool::/28"
INFO:cooler.create:Writing chroms
INFO:cooler.create:Writing bins
INFO:cooler.create:Writing pixels
INFO:cooler.create:Writing indexes
INFO:cooler.create:Writing info
INFO:cooler.create:Writing chunk 29: /mnt/storage3b/projects/no_ngsd/ahthapp1_T2T_ONT/analysis_other/porec/T2T19/cooler/tmped3kdk4j.multi.cool::29
INFO:cooler.create:Creating cooler at "/mnt/storage3b/projects/no_ngsd/ahthapp1_T2T_ONT/analysis_other/porec/T2T19/cooler/tmped3kdk4j.multi.cool::/29"
INFO:cooler.create:Writing chroms
INFO:cooler.create:Writing bins
INFO:cooler.create:Writing pixels
INFO:cooler.create:Writing indexes
INFO:cooler.create:Writing info
INFO:cooler.create:Writing chunk 30: /mnt/storage3b/projects/no_ngsd/ahthapp1_T2T_ONT/analysis_other/porec/T2T19/cooler/tmped3kdk4j.multi.cool::30
INFO:cooler.create:Creating cooler at "/mnt/storage3b/projects/no_ngsd/ahthapp1_T2T_ONT/analysis_other/porec/T2T19/cooler/tmped3kdk4j.multi.cool::/30"
INFO:cooler.create:Writing chroms
INFO:cooler.create:Writing bins
INFO:cooler.create:Writing pixels
INFO:cooler.create:Writing indexes
INFO:cooler.create:Writing info
INFO:cooler.create:Writing chunk 31: /mnt/storage3b/projects/no_ngsd/ahthapp1_T2T_ONT/analysis_other/porec/T2T19/cooler/tmped3kdk4j.multi.cool::31
INFO:cooler.create:Creating cooler at "/mnt/storage3b/projects/no_ngsd/ahthapp1_T2T_ONT/analysis_other/porec/T2T19/cooler/tmped3kdk4j.multi.cool::/31"
INFO:cooler.create:Writing chroms
INFO:cooler.create:Writing bins
INFO:cooler.create:Writing pixels
INFO:cooler.create:Writing indexes
INFO:cooler.create:Writing info
INFO:cooler.create:Writing chunk 32: /mnt/storage3b/projects/no_ngsd/ahthapp1_T2T_ONT/analysis_other/porec/T2T19/cooler/tmped3kdk4j.multi.cool::32
INFO:cooler.create:Creating cooler at "/mnt/storage3b/projects/no_ngsd/ahthapp1_T2T_ONT/analysis_other/porec/T2T19/cooler/tmped3kdk4j.multi.cool::/32"
INFO:cooler.create:Writing chroms
INFO:cooler.create:Writing bins
INFO:cooler.create:Writing pixels
INFO:cooler.create:Writing indexes
INFO:cooler.create:Writing info
INFO:cooler.create:Writing chunk 33: /mnt/storage3b/projects/no_ngsd/ahthapp1_T2T_ONT/analysis_other/porec/T2T19/cooler/tmped3kdk4j.multi.cool::33
INFO:cooler.create:Creating cooler at "/mnt/storage3b/projects/no_ngsd/ahthapp1_T2T_ONT/analysis_other/porec/T2T19/cooler/tmped3kdk4j.multi.cool::/33"
INFO:cooler.create:Writing chroms
INFO:cooler.create:Writing bins
INFO:cooler.create:Writing pixels
INFO:cooler.create:Writing indexes
INFO:cooler.create:Writing info
INFO:cooler.create:Writing chunk 34: /mnt/storage3b/projects/no_ngsd/ahthapp1_T2T_ONT/analysis_other/porec/T2T19/cooler/tmped3kdk4j.multi.cool::34
INFO:cooler.create:Creating cooler at "/mnt/storage3b/projects/no_ngsd/ahthapp1_T2T_ONT/analysis_other/porec/T2T19/cooler/tmped3kdk4j.multi.cool::/34"
INFO:cooler.create:Writing chroms
INFO:cooler.create:Writing bins
INFO:cooler.create:Writing pixels
INFO:cooler.create:Writing indexes
INFO:cooler.create:Writing info
INFO:cooler.create:Writing chunk 35: /mnt/storage3b/projects/no_ngsd/ahthapp1_T2T_ONT/analysis_other/porec/T2T19/cooler/tmped3kdk4j.multi.cool::35
INFO:cooler.create:Creating cooler at "/mnt/storage3b/projects/no_ngsd/ahthapp1_T2T_ONT/analysis_other/porec/T2T19/cooler/tmped3kdk4j.multi.cool::/35"
INFO:cooler.create:Writing chroms
INFO:cooler.create:Writing bins
INFO:cooler.create:Writing pixels
INFO:cooler.create:Writing indexes
INFO:cooler.create:Writing info
INFO:cooler.create:Writing chunk 36: /mnt/storage3b/projects/no_ngsd/ahthapp1_T2T_ONT/analysis_other/porec/T2T19/cooler/tmped3kdk4j.multi.cool::36
INFO:cooler.create:Creating cooler at "/mnt/storage3b/projects/no_ngsd/ahthapp1_T2T_ONT/analysis_other/porec/T2T19/cooler/tmped3kdk4j.multi.cool::/36"
INFO:cooler.create:Writing chroms
INFO:cooler.create:Writing bins
INFO:cooler.create:Writing pixels
INFO:cooler.create:Writing indexes
INFO:cooler.create:Writing info
INFO:cooler.create:Writing chunk 37: /mnt/storage3b/projects/no_ngsd/ahthapp1_T2T_ONT/analysis_other/porec/T2T19/cooler/tmped3kdk4j.multi.cool::37
INFO:cooler.create:Creating cooler at "/mnt/storage3b/projects/no_ngsd/ahthapp1_T2T_ONT/analysis_other/porec/T2T19/cooler/tmped3kdk4j.multi.cool::/37"
INFO:cooler.create:Writing chroms
INFO:cooler.create:Writing bins
INFO:cooler.create:Writing pixels
INFO:cooler.create:Writing indexes
INFO:cooler.create:Writing info
INFO:cooler.create:Writing chunk 38: /mnt/storage3b/projects/no_ngsd/ahthapp1_T2T_ONT/analysis_other/porec/T2T19/cooler/tmped3kdk4j.multi.cool::38
INFO:cooler.create:Creating cooler at "/mnt/storage3b/projects/no_ngsd/ahthapp1_T2T_ONT/analysis_other/porec/T2T19/cooler/tmped3kdk4j.multi.cool::/38"
INFO:cooler.create:Writing chroms
INFO:cooler.create:Writing bins
INFO:cooler.create:Writing pixels
INFO:cooler.create:Writing indexes
INFO:cooler.create:Writing info
INFO:cooler.create:Writing chunk 39: /mnt/storage3b/projects/no_ngsd/ahthapp1_T2T_ONT/analysis_other/porec/T2T19/cooler/tmped3kdk4j.multi.cool::39
INFO:cooler.create:Creating cooler at "/mnt/storage3b/projects/no_ngsd/ahthapp1_T2T_ONT/analysis_other/porec/T2T19/cooler/tmped3kdk4j.multi.cool::/39"
INFO:cooler.create:Writing chroms
INFO:cooler.create:Writing bins
INFO:cooler.create:Writing pixels
INFO:cooler.create:Writing indexes
INFO:cooler.create:Writing info
INFO:cooler.create:Writing chunk 40: /mnt/storage3b/projects/no_ngsd/ahthapp1_T2T_ONT/analysis_other/porec/T2T19/cooler/tmped3kdk4j.multi.cool::40
INFO:cooler.create:Creating cooler at "/mnt/storage3b/projects/no_ngsd/ahthapp1_T2T_ONT/analysis_other/porec/T2T19/cooler/tmped3kdk4j.multi.cool::/40"
INFO:cooler.create:Writing chroms
INFO:cooler.create:Writing bins
INFO:cooler.create:Writing pixels
INFO:cooler.create:Writing indexes
INFO:cooler.create:Writing info
INFO:cooler.create:Writing chunk 41: /mnt/storage3b/projects/no_ngsd/ahthapp1_T2T_ONT/analysis_other/porec/T2T19/cooler/tmped3kdk4j.multi.cool::41
INFO:cooler.create:Creating cooler at "/mnt/storage3b/projects/no_ngsd/ahthapp1_T2T_ONT/analysis_other/porec/T2T19/cooler/tmped3kdk4j.multi.cool::/41"
INFO:cooler.create:Writing chroms
INFO:cooler.create:Writing bins
INFO:cooler.create:Writing pixels
INFO:cooler.create:Writing indexes
INFO:cooler.create:Writing info
INFO:cooler.create:Writing chunk 42: /mnt/storage3b/projects/no_ngsd/ahthapp1_T2T_ONT/analysis_other/porec/T2T19/cooler/tmped3kdk4j.multi.cool::42
INFO:cooler.create:Creating cooler at "/mnt/storage3b/projects/no_ngsd/ahthapp1_T2T_ONT/analysis_other/porec/T2T19/cooler/tmped3kdk4j.multi.cool::/42"
INFO:cooler.create:Writing chroms
INFO:cooler.create:Writing bins
INFO:cooler.create:Writing pixels
INFO:cooler.create:Writing indexes
INFO:cooler.create:Writing info
INFO:cooler.create:Writing chunk 43: /mnt/storage3b/projects/no_ngsd/ahthapp1_T2T_ONT/analysis_other/porec/T2T19/cooler/tmped3kdk4j.multi.cool::43
INFO:cooler.create:Creating cooler at "/mnt/storage3b/projects/no_ngsd/ahthapp1_T2T_ONT/analysis_other/porec/T2T19/cooler/tmped3kdk4j.multi.cool::/43"
INFO:cooler.create:Writing chroms
INFO:cooler.create:Writing bins
INFO:cooler.create:Writing pixels
INFO:cooler.create:Writing indexes
INFO:cooler.create:Writing info
INFO:cooler.create:Writing chunk 44: /mnt/storage3b/projects/no_ngsd/ahthapp1_T2T_ONT/analysis_other/porec/T2T19/cooler/tmped3kdk4j.multi.cool::44
INFO:cooler.create:Creating cooler at "/mnt/storage3b/projects/no_ngsd/ahthapp1_T2T_ONT/analysis_other/porec/T2T19/cooler/tmped3kdk4j.multi.cool::/44"
INFO:cooler.create:Writing chroms
INFO:cooler.create:Writing bins
INFO:cooler.create:Writing pixels
INFO:cooler.create:Writing indexes
INFO:cooler.create:Writing info
INFO:cooler.create:Merging into analysis_other/porec/T2T19/cooler/T2T19_1000.cool
INFO:cooler.create:Creating cooler at "/mnt/storage3b/projects/no_ngsd/ahthapp1_T2T_ONT/analysis_other/porec/T2T19/cooler/T2T19_1000.cool::/"
INFO:cooler.create:Writing chroms
INFO:cooler.create:Writing bins
INFO:cooler.create:Writing pixels
INFO:cooler._reduce:n_merge_epochs: 24
INFO:cooler._reduce:nnzs: [7960915, 7857706, 7931053, 7972572, 7929773, 7952465, 7930224, 7965002, 7965414, 7945992, 7947569, 7956326, 7956899, 7941683, 7942632, 7991341, 7951664, 7954965, 7941466, 7970801, 7970339, 7953924, 7956727, 7990651, 7943132, 7861800, 7871883, 7868370, 7868022, 7870607, 7828449, 7872848, 7869985, 7876009, 7878333, 7855668, 7899332, 7888983, 7853893, 7904723, 7883314, 7853691, 7868971, 7876178, 6959599]
INFO:cooler._reduce:records consumed: [np.int64(338093), np.int64(330965), np.int64(334618), np.int64(335357), np.int64(333509), np.int64(335253), np.int64(337092), np.int64(335503), np.int64(339041), np.int64(335410), np.int64(338602), np.int64(338307), np.int64(334996), np.int64(334374), np.int64(337430), np.int64(337714), np.int64(338359), np.int64(335778), np.int64(336575), np.int64(334551), np.int64(337410), np.int64(338048), np.int64(332933), np.int64(335943), np.int64(336538), np.int64(330642), np.int64(331319), np.int64(334623), np.int64(330195), np.int64(331342), np.int64(330246), np.int64(331887), np.int64(330295), np.int64(334501), np.int64(333599), np.int64(331047), np.int64(334921), np.int64(332627), np.int64(330947), np.int64(332318), np.int64(332005), np.int64(330573), np.int64(332215), np.int64(330716), np.int64(291751)]
INFO:cooler._reduce:records consumed: [np.int64(671091), np.int64(661659), np.int64(672088), np.int64(675038), np.int64(668501), np.int64(670507), np.int64(669351), np.int64(669992), np.int64(674560), np.int64(672898), np.int64(673853), np.int64(673896), np.int64(670414), np.int64(668920), np.int64(673977), np.int64(677004), np.int64(670946), np.int64(670326), np.int64(673664), np.int64(670747), np.int64(674170), np.int64(672668), np.int64(669594), np.int64(672964), np.int64(670414), np.int64(662346), np.int64(662994), np.int64(667904), np.int64(660530), np.int64(663932), np.int64(658634), np.int64(664835), np.int64(662929), np.int64(668354), np.int64(667737), np.int64(660882), np.int64(671035), np.int64(667429), np.int64(662078), np.int64(667822), np.int64(663154), np.int64(662034), np.int64(666461), np.int64(664397), np.int64(585566)]
INFO:cooler._reduce:records consumed: [np.int64(1006871), np.int64(992974), np.int64(1004833), np.int64(1013985), np.int64(1003211), np.int64(1007456), np.int64(1003023), np.int64(1007917), np.int64(1010885), np.int64(1007702), np.int64(1009121), np.int64(1011443), np.int64(1008488), np.int64(1006673), np.int64(1009514), np.int64(1015711), np.int64(1006375), np.int64(1006036), np.int64(1009314), np.int64(1005772), np.int64(1009841), np.int64(1008553), np.int64(1005151), np.int64(1009612), np.int64(1003459), np.int64(993586), np.int64(995720), np.int64(1001749), np.int64(993226), np.int64(995771), np.int64(987883), np.int64(996737), np.int64(995846), np.int64(999400), np.int64(998927), np.int64(993480), np.int64(1004766), np.int64(1000340), np.int64(992882), np.int64(1001195), np.int64(995861), np.int64(993688), np.int64(1001559), np.int64(997358), np.int64(876504)]
INFO:cooler._reduce:records consumed: [np.int64(1344559), np.int64(1325616), np.int64(1339594), np.int64(1352316), np.int64(1334969), np.int64(1343886), np.int64(1336863), np.int64(1343360), np.int64(1347484), np.int64(1343319), np.int64(1345160), np.int64(1347782), np.int64(1344975), np.int64(1341778), np.int64(1344750), np.int64(1352130), np.int64(1340460), np.int64(1343290), np.int64(1346544), np.int64(1344312), np.int64(1346458), np.int64(1341173), np.int64(1340813), np.int64(1347754), np.int64(1339128), np.int64(1326005), np.int64(1328777), np.int64(1333215), np.int64(1326681), np.int64(1327042), np.int64(1317010), np.int64(1329464), np.int64(1327933), np.int64(1333664), np.int64(1329435), np.int64(1325019), np.int64(1338313), np.int64(1333348), np.int64(1322258), np.int64(1336562), np.int64(1329487), np.int64(1328111), np.int64(1333383), np.int64(1328455), np.int64(1168032)]
INFO:cooler._reduce:records consumed: [np.int64(1682202), np.int64(1657135), np.int64(1672759), np.int64(1689333), np.int64(1672778), np.int64(1678177), np.int64(1671577), np.int64(1680965), np.int64(1683868), np.int64(1678432), np.int64(1679233), np.int64(1682447), np.int64(1677771), np.int64(1677836), np.int64(1679578), np.int64(1689752), np.int64(1674867), np.int64(1678639), np.int64(1685835), np.int64(1680727), np.int64(1683754), np.int64(1676343), np.int64(1679575), np.int64(1683201), np.int64(1674161), np.int64(1655822), np.int64(1659018), np.int64(1665826), np.int64(1657472), np.int64(1657423), np.int64(1646970), np.int64(1661820), np.int64(1660299), np.int64(1667830), np.int64(1660949), np.int64(1658863), np.int64(1673654), np.int64(1665379), np.int64(1650365), np.int64(1672916), np.int64(1663331), np.int64(1660042), np.int64(1668172), np.int64(1662638), np.int64(1460957)]
INFO:cooler._reduce:records consumed: [np.int64(2016626), np.int64(1988590), np.int64(2005847), np.int64(2027582), np.int64(2007910), np.int64(2015028), np.int64(2007108), np.int64(2017072), np.int64(2020114), np.int64(2013443), np.int64(2015476), np.int64(2016905), np.int64(2015589), np.int64(2015459), np.int64(2013882), np.int64(2027635), np.int64(2011265), np.int64(2013341), np.int64(2019185), np.int64(2017790), np.int64(2021171), np.int64(2013106), np.int64(2016647), np.int64(2020503), np.int64(2008854), np.int64(1986065), np.int64(1991130), np.int64(1997694), np.int64(1987704), np.int64(1990259), np.int64(1976103), np.int64(1997594), np.int64(1994241), np.int64(1999726), np.int64(1992728), np.int64(1991480), np.int64(2007707), np.int64(1997867), np.int64(1980861), np.int64(2009181), np.int64(1994174), np.int64(1990769), np.int64(2000845), np.int64(1993922), np.int64(1754533)]
INFO:cooler._reduce:records consumed: [np.int64(2354241), np.int64(2321539), np.int64(2340434), np.int64(2363723), np.int64(2343442), np.int64(2350947), np.int64(2341562), np.int64(2352187), np.int64(2357890), np.int64(2348134), np.int64(2352514), np.int64(2351716), np.int64(2352328), np.int64(2350070), np.int64(2351828), np.int64(2363891), np.int64(2347913), np.int64(2349826), np.int64(2356657), np.int64(2354158), np.int64(2358997), np.int64(2348141), np.int64(2352932), np.int64(2355414), np.int64(2343167), np.int64(2317258), np.int64(2322488), np.int64(2330754), np.int64(2320082), np.int64(2322536), np.int64(2307151), np.int64(2331262), np.int64(2326756), np.int64(2331795), np.int64(2324909), np.int64(2321377), np.int64(2340961), np.int64(2332003), np.int64(2312314), np.int64(2342152), np.int64(2325985), np.int64(2321220), np.int64(2333551), np.int64(2327158), np.int64(2045443)]
INFO:cooler._reduce:records consumed: [np.int64(2690549), np.int64(2655152), np.int64(2674668), np.int64(2699421), np.int64(2677258), np.int64(2687520), np.int64(2675486), np.int64(2688354), np.int64(2696554), np.int64(2683250), np.int64(2689665), np.int64(2689466), np.int64(2689412), np.int64(2686305), np.int64(2688096), np.int64(2701294), np.int64(2683921), np.int64(2685956), np.int64(2691136), np.int64(2689555), np.int64(2693981), np.int64(2683132), np.int64(2688685), np.int64(2694072), np.int64(2677684), np.int64(2647403), np.int64(2656311), np.int64(2661034), np.int64(2653096), np.int64(2655407), np.int64(2638652), np.int64(2662691), np.int64(2658070), np.int64(2662084), np.int64(2656451), np.int64(2654636), np.int64(2672444), np.int64(2664324), np.int64(2644936), np.int64(2674976), np.int64(2659991), np.int64(2656298), np.int64(2663725), np.int64(2660360), np.int64(2337452)]
INFO:cooler._reduce:records consumed: [np.int64(3025390), np.int64(2985612), np.int64(3011275), np.int64(3034634), np.int64(3010010), np.int64(3022567), np.int64(3010819), np.int64(3025729), np.int64(3035598), np.int64(3017799), np.int64(3027449), np.int64(3026090), np.int64(3026337), np.int64(3021322), np.int64(3020751), np.int64(3037847), np.int64(3021200), np.int64(3022701), np.int64(3025353), np.int64(3026673), np.int64(3029566), np.int64(3018634), np.int64(3021807), np.int64(3031365), np.int64(3014265), np.int64(2981616), np.int64(2989602), np.int64(2993851), np.int64(2985684), np.int64(2987514), np.int64(2968409), np.int64(2992479), np.int64(2990563), np.int64(2993862), np.int64(2989639), np.int64(2987460), np.int64(3006467), np.int64(2996485), np.int64(2976953), np.int64(3010374), np.int64(2992219), np.int64(2987191), np.int64(2996655), np.int64(2993102), np.int64(2630074)]
INFO:cooler._reduce:records consumed: [np.int64(3361014), np.int64(3317450), np.int64(3345695), np.int64(3372436), np.int64(3345215), np.int64(3357541), np.int64(3345843), np.int64(3362324), np.int64(3370861), np.int64(3353972), np.int64(3363013), np.int64(3361157), np.int64(3363112), np.int64(3356203), np.int64(3356499), np.int64(3373269), np.int64(3356079), np.int64(3358449), np.int64(3359681), np.int64(3364565), np.int64(3365254), np.int64(3352535), np.int64(3356874), np.int64(3368123), np.int64(3352624), np.int64(3314980), np.int64(3323414), np.int64(3325027), np.int64(3315299), np.int64(3321814), np.int64(3298370), np.int64(3325583), np.int64(3321721), np.int64(3326097), np.int64(3319855), np.int64(3319692), np.int64(3340372), np.int64(3327768), np.int64(3311521), np.int64(3346861), np.int64(3325852), np.int64(3320299), np.int64(3329157), np.int64(3324502), np.int64(2923149)]
INFO:cooler._reduce:records consumed: [np.int64(3698071), np.int64(3649733), np.int64(3679949), np.int64(3709281), np.int64(3678466), np.int64(3692608), np.int64(3678852), np.int64(3699265), np.int64(3703766), np.int64(3691034), np.int64(3696631), np.int64(3696451), np.int64(3698787), np.int64(3690386), np.int64(3689358), np.int64(3710582), np.int64(3691269), np.int64(3695507), np.int64(3695889), np.int64(3702259), np.int64(3702623), np.int64(3686326), np.int64(3693793), np.int64(3706763), np.int64(3688638), np.int64(3647670), np.int64(3653858), np.int64(3657845), np.int64(3649552), np.int64(3652911), np.int64(3629761), np.int64(3659286), np.int64(3654851), np.int64(3657266), np.int64(3653856), np.int64(3651068), np.int64(3672250), np.int64(3660269), np.int64(3644245), np.int64(3680786), np.int64(3660540), np.int64(3651754), np.int64(3659809), np.int64(3659480), np.int64(3217857)]
INFO:cooler._reduce:records consumed: [np.int64(4034649), np.int64(3981049), np.int64(4012018), np.int64(4047857), np.int64(4012114), np.int64(4029285), np.int64(4013499), np.int64(4035380), np.int64(4039736), np.int64(4027060), np.int64(4032525), np.int64(4033571), np.int64(4033940), np.int64(4026965), np.int64(4024778), np.int64(4047662), np.int64(4026862), np.int64(4033022), np.int64(4032100), np.int64(4038558), np.int64(4038679), np.int64(4022825), np.int64(4031038), np.int64(4044650), np.int64(4025274), np.int64(3980764), np.int64(3985633), np.int64(3990648), np.int64(3981667), np.int64(3985383), np.int64(3958732), np.int64(3990925), np.int64(3987422), np.int64(3990334), np.int64(3986070), np.int64(3980659), np.int64(4005346), np.int64(3994268), np.int64(3975638), np.int64(4011550), np.int64(3995573), np.int64(3982670), np.int64(3988944), np.int64(3991238), np.int64(3512722)]
INFO:cooler._reduce:records consumed: [np.int64(4371801), np.int64(4314444), np.int64(4347347), np.int64(4384598), np.int64(4346694), np.int64(4363574), np.int64(4349262), np.int64(4372293), np.int64(4375767), np.int64(4364474), np.int64(4370421), np.int64(4370970), np.int64(4371395), np.int64(4361502), np.int64(4359253), np.int64(4385000), np.int64(4360879), np.int64(4366701), np.int64(4367414), np.int64(4376362), np.int64(4374666), np.int64(4359759), np.int64(4365312), np.int64(4382897), np.int64(4359153), np.int64(4308660), np.int64(4319052), np.int64(4319727), np.int64(4316374), np.int64(4316459), np.int64(4288669), np.int64(4323423), np.int64(4322521), np.int64(4322839), np.int64(4319385), np.int64(4311589), np.int64(4339920), np.int64(4327581), np.int64(4305089), np.int64(4344920), np.int64(4330993), np.int64(4314102), np.int64(4319939), np.int64(4322271), np.int64(3805875)]
INFO:cooler._reduce:records consumed: [np.int64(4707185), np.int64(4646005), np.int64(4681771), np.int64(4722019), np.int64(4680294), np.int64(4700116), np.int64(4683322), np.int64(4708220), np.int64(4714548), np.int64(4699325), np.int64(4704841), np.int64(4707486), np.int64(4706618), np.int64(4697667), np.int64(4694242), np.int64(4724028), np.int64(4699315), np.int64(4701238), np.int64(4702374), np.int64(4712320), np.int64(4712493), np.int64(4697210), np.int64(4700173), np.int64(4720395), np.int64(4693018), np.int64(4640828), np.int64(4650631), np.int64(4651386), np.int64(4648437), np.int64(4648811), np.int64(4618626), np.int64(4655161), np.int64(4653347), np.int64(4655132), np.int64(4653267), np.int64(4641436), np.int64(4675011), np.int64(4660956), np.int64(4637443), np.int64(4676903), np.int64(4664058), np.int64(4646542), np.int64(4650915), np.int64(4654553), np.int64(4101748)]
INFO:cooler._reduce:records consumed: [np.int64(5043314), np.int64(4977283), np.int64(5018056), np.int64(5059013), np.int64(5015191), np.int64(5036116), np.int64(5018991), np.int64(5042629), np.int64(5049272), np.int64(5034231), np.int64(5041298), np.int64(5043209), np.int64(5040630), np.int64(5031641), np.int64(5028379), np.int64(5062512), np.int64(5037000), np.int64(5039947), np.int64(5035995), np.int64(5049372), np.int64(5049816), np.int64(5035814), np.int64(5036229), np.int64(5056572), np.int64(5028180), np.int64(4971448), np.int64(4982613), np.int64(4983920), np.int64(4980797), np.int64(4980167), np.int64(4948236), np.int64(4984751), np.int64(4982627), np.int64(4988890), np.int64(4985742), np.int64(4972082), np.int64(5008607), np.int64(4994316), np.int64(4969894), np.int64(5010223), np.int64(4998489), np.int64(4978440), np.int64(4985698), np.int64(4986656), np.int64(4397136)]
INFO:cooler._reduce:records consumed: [np.int64(5379338), np.int64(5308989), np.int64(5351595), np.int64(5394218), np.int64(5351861), np.int64(5372277), np.int64(5356028), np.int64(5378097), np.int64(5385372), np.int64(5369539), np.int64(5377700), np.int64(5379547), np.int64(5376025), np.int64(5365759), np.int64(5366768), np.int64(5398293), np.int64(5371459), np.int64(5375990), np.int64(5371240), np.int64(5386098), np.int64(5387620), np.int64(5371058), np.int64(5373137), np.int64(5395041), np.int64(5365377), np.int64(5303845), np.int64(5313633), np.int64(5317814), np.int64(5312579), np.int64(5311493), np.int64(5278621), np.int64(5314903), np.int64(5314588), np.int64(5321891), np.int64(5320332), np.int64(5304625), np.int64(5342858), np.int64(5327986), np.int64(5301988), np.int64(5343113), np.int64(5330185), np.int64(5308178), np.int64(5317779), np.int64(5318299), np.int64(4688381)]
INFO:cooler._reduce:records consumed: [np.int64(5715398), np.int64(5640575), np.int64(5687681), np.int64(5729586), np.int64(5687482), np.int64(5707977), np.int64(5691769), np.int64(5712957), np.int64(5719339), np.int64(5704367), np.int64(5710022), np.int64(5713838), np.int64(5714219), np.int64(5698683), np.int64(5702179), np.int64(5735627), np.int64(5705480), np.int64(5710283), np.int64(5705128), np.int64(5722231), np.int64(5724160), np.int64(5707547), np.int64(5708191), np.int64(5733035), np.int64(5700529), np.int64(5637559), np.int64(5647458), np.int64(5650187), np.int64(5645857), np.int64(5644565), np.int64(5609732), np.int64(5648341), np.int64(5647516), np.int64(5654674), np.int64(5652699), np.int64(5638984), np.int64(5676641), np.int64(5662170), np.int64(5633927), np.int64(5677090), np.int64(5662068), np.int64(5640980), np.int64(5650529), np.int64(5649819), np.int64(4982546)]
INFO:cooler._reduce:records consumed: [np.int64(6051323), np.int64(5972663), np.int64(6023269), np.int64(6067947), np.int64(6023919), np.int64(6043979), np.int64(6026476), np.int64(6048026), np.int64(6056238), np.int64(6037584), np.int64(6045046), np.int64(6047699), np.int64(6051480), np.int64(6034354), np.int64(6035996), np.int64(6072238), np.int64(6040745), np.int64(6047099), np.int64(6039468), np.int64(6058126), np.int64(6059061), np.int64(6043875), np.int64(6043887), np.int64(6070908), np.int64(6036767), np.int64(5970684), np.int64(5979264), np.int64(5981805), np.int64(5978741), np.int64(5977329), np.int64(5938411), np.int64(5979107), np.int64(5979689), np.int64(5988647), np.int64(5985681), np.int64(5972230), np.int64(6010224), np.int64(5996421), np.int64(5964254), np.int64(6012237), np.int64(5994212), np.int64(5971848), np.int64(5981990), np.int64(5983379), np.int64(5277383)]
INFO:cooler._reduce:records consumed: [np.int64(6387967), np.int64(6306151), np.int64(6357718), np.int64(6401087), np.int64(6357754), np.int64(6378983), np.int64(6362325), np.int64(6384539), np.int64(6391629), np.int64(6372450), np.int64(6380690), np.int64(6383708), np.int64(6386957), np.int64(6369201), np.int64(6371680), np.int64(6407526), np.int64(6379161), np.int64(6382735), np.int64(6375850), np.int64(6396588), np.int64(6395984), np.int64(6380251), np.int64(6379714), np.int64(6408838), np.int64(6371431), np.int64(6301922), np.int64(6311607), np.int64(6315058), np.int64(6311205), np.int64(6309758), np.int64(6270451), np.int64(6310984), np.int64(6311128), np.int64(6319659), np.int64(6317473), np.int64(6304640), np.int64(6340891), np.int64(6329182), np.int64(6296138), np.int64(6345426), np.int64(6327718), np.int64(6303933), np.int64(6313082), np.int64(6318249), np.int64(5572295)]
INFO:cooler._reduce:records consumed: [np.int64(6724959), np.int64(6638000), np.int64(6693736), np.int64(6735220), np.int64(6693061), np.int64(6712922), np.int64(6697372), np.int64(6721154), np.int64(6729544), np.int64(6706288), np.int64(6713720), np.int64(6717884), np.int64(6720384), np.int64(6706841), np.int64(6707479), np.int64(6746338), np.int64(6713993), np.int64(6716855), np.int64(6711469), np.int64(6734298), np.int64(6730832), np.int64(6716547), np.int64(6717141), np.int64(6749687), np.int64(6705586), np.int64(6632896), np.int64(6644321), np.int64(6650291), np.int64(6641860), np.int64(6642928), np.int64(6603535), np.int64(6643806), np.int64(6643880), np.int64(6651034), np.int64(6650318), np.int64(6636451), np.int64(6674035), np.int64(6660419), np.int64(6626178), np.int64(6678509), np.int64(6659812), np.int64(6636047), np.int64(6644034), np.int64(6652978), np.int64(5867098)]
INFO:cooler._reduce:records consumed: [np.int64(7060940), np.int64(6970424), np.int64(7028705), np.int64(7069489), np.int64(7026291), np.int64(7049220), np.int64(7031241), np.int64(7060338), np.int64(7065237), np.int64(7044408), np.int64(7047893), np.int64(7052698), np.int64(7055644), np.int64(7040466), np.int64(7042769), np.int64(7083895), np.int64(7049402), np.int64(7051911), np.int64(7043617), np.int64(7068933), np.int64(7066046), np.int64(7054369), np.int64(7054203), np.int64(7087963), np.int64(7041102), np.int64(6966472), np.int64(6978228), np.int64(6982003), np.int64(6973862), np.int64(6975047), np.int64(6937344), np.int64(6975968), np.int64(6976964), np.int64(6982761), np.int64(6980120), np.int64(6969816), np.int64(7005423), np.int64(6995325), np.int64(6958956), np.int64(7011755), np.int64(6990912), np.int64(6965375), np.int64(6977292), np.int64(6986404), np.int64(6164550)]
INFO:cooler._reduce:records consumed: [np.int64(7395471), np.int64(7302578), np.int64(7365835), np.int64(7405840), np.int64(7362259), np.int64(7383094), np.int64(7366292), np.int64(7397680), np.int64(7400951), np.int64(7380160), np.int64(7382892), np.int64(7388455), np.int64(7392100), np.int64(7376767), np.int64(7377139), np.int64(7421328), np.int64(7384797), np.int64(7385792), np.int64(7378724), np.int64(7407079), np.int64(7404289), np.int64(7388154), np.int64(7390497), np.int64(7425516), np.int64(7377810), np.int64(7300179), np.int64(7310939), np.int64(7311300), np.int64(7304350), np.int64(7307436), np.int64(7267768), np.int64(7310687), np.int64(7309629), np.int64(7313848), np.int64(7315048), np.int64(7301219), np.int64(7337578), np.int64(7327989), np.int64(7291143), np.int64(7345317), np.int64(7325514), np.int64(7295603), np.int64(7308531), np.int64(7317416), np.int64(6458850)]
INFO:cooler._reduce:records consumed: [np.int64(7730267), np.int64(7633393), np.int64(7700954), np.int64(7741478), np.int64(7697658), np.int64(7720904), np.int64(7700987), np.int64(7733432), np.int64(7735886), np.int64(7716046), np.int64(7718142), np.int64(7726112), np.int64(7727249), np.int64(7711529), np.int64(7711780), np.int64(7759081), np.int64(7719488), np.int64(7723591), np.int64(7712636), np.int64(7741460), np.int64(7740927), np.int64(7722857), np.int64(7726563), np.int64(7760341), np.int64(7713889), np.int64(7633599), np.int64(7644699), np.int64(7641055), np.int64(7639526), np.int64(7640778), np.int64(7599718), np.int64(7643821), np.int64(7642264), np.int64(7647382), np.int64(7648564), np.int64(7629378), np.int64(7670597), np.int64(7661191), np.int64(7623174), np.int64(7679663), np.int64(7655768), np.int64(7628727), np.int64(7640847), np.int64(7649658), np.int64(6754809)]
INFO:cooler._reduce:records consumed: [np.int64(7960915), np.int64(7857706), np.int64(7931053), np.int64(7972572), np.int64(7929773), np.int64(7952465), np.int64(7930224), np.int64(7965002), np.int64(7965414), np.int64(7945992), np.int64(7947569), np.int64(7956326), np.int64(7956899), np.int64(7941683), np.int64(7942632), np.int64(7991341), np.int64(7951664), np.int64(7954965), np.int64(7941466), np.int64(7970801), np.int64(7970339), np.int64(7953924), np.int64(7956727), np.int64(7990651), np.int64(7943132), np.int64(7861800), np.int64(7871883), np.int64(7868370), np.int64(7868022), np.int64(7870607), np.int64(7828449), np.int64(7872848), np.int64(7869985), np.int64(7876009), np.int64(7878333), np.int64(7855668), np.int64(7899332), np.int64(7888983), np.int64(7853893), np.int64(7904723), np.int64(7883314), np.int64(7853691), np.int64(7868971), np.int64(7876178), np.int64(6959599)]
INFO:cooler.create:Writing indexes
INFO:cooler.create:Writing info
