INFO:cooler.create:Writing chunk 0: /mnt/storage3b/projects/no_ngsd/ahthapp1_T2T_ONT/analysis_other/porec/T2T11/cooler/tmpt93rqk30.multi.cool::0
INFO:cooler.create:Creating cooler at "/mnt/storage3b/projects/no_ngsd/ahthapp1_T2T_ONT/analysis_other/porec/T2T11/cooler/tmpt93rqk30.multi.cool::/0"
INFO:cooler.create:Writing chroms
INFO:cooler.create:Writing bins
INFO:cooler.create:Writing pixels
INFO:cooler.create:Writing indexes
INFO:cooler.create:Writing info
INFO:cooler.create:Writing chunk 1: /mnt/storage3b/projects/no_ngsd/ahthapp1_T2T_ONT/analysis_other/porec/T2T11/cooler/tmpt93rqk30.multi.cool::1
INFO:cooler.create:Creating cooler at "/mnt/storage3b/projects/no_ngsd/ahthapp1_T2T_ONT/analysis_other/porec/T2T11/cooler/tmpt93rqk30.multi.cool::/1"
INFO:cooler.create:Writing chroms
INFO:cooler.create:Writing bins
INFO:cooler.create:Writing pixels
INFO:cooler.create:Writing indexes
INFO:cooler.create:Writing info
INFO:cooler.create:Writing chunk 2: /mnt/storage3b/projects/no_ngsd/ahthapp1_T2T_ONT/analysis_other/porec/T2T11/cooler/tmpt93rqk30.multi.cool::2
INFO:cooler.create:Creating cooler at "/mnt/storage3b/projects/no_ngsd/ahthapp1_T2T_ONT/analysis_other/porec/T2T11/cooler/tmpt93rqk30.multi.cool::/2"
INFO:cooler.create:Writing chroms
INFO:cooler.create:Writing bins
INFO:cooler.create:Writing pixels
INFO:cooler.create:Writing indexes
INFO:cooler.create:Writing info
INFO:cooler.create:Writing chunk 3: /mnt/storage3b/projects/no_ngsd/ahthapp1_T2T_ONT/analysis_other/porec/T2T11/cooler/tmpt93rqk30.multi.cool::3
INFO:cooler.create:Creating cooler at "/mnt/storage3b/projects/no_ngsd/ahthapp1_T2T_ONT/analysis_other/porec/T2T11/cooler/tmpt93rqk30.multi.cool::/3"
INFO:cooler.create:Writing chroms
INFO:cooler.create:Writing bins
INFO:cooler.create:Writing pixels
INFO:cooler.create:Writing indexes
INFO:cooler.create:Writing info
INFO:cooler.create:Writing chunk 4: /mnt/storage3b/projects/no_ngsd/ahthapp1_T2T_ONT/analysis_other/porec/T2T11/cooler/tmpt93rqk30.multi.cool::4
INFO:cooler.create:Creating cooler at "/mnt/storage3b/projects/no_ngsd/ahthapp1_T2T_ONT/analysis_other/porec/T2T11/cooler/tmpt93rqk30.multi.cool::/4"
INFO:cooler.create:Writing chroms
INFO:cooler.create:Writing bins
INFO:cooler.create:Writing pixels
INFO:cooler.create:Writing indexes
INFO:cooler.create:Writing info
INFO:cooler.create:Writing chunk 5: /mnt/storage3b/projects/no_ngsd/ahthapp1_T2T_ONT/analysis_other/porec/T2T11/cooler/tmpt93rqk30.multi.cool::5
INFO:cooler.create:Creating cooler at "/mnt/storage3b/projects/no_ngsd/ahthapp1_T2T_ONT/analysis_other/porec/T2T11/cooler/tmpt93rqk30.multi.cool::/5"
INFO:cooler.create:Writing chroms
INFO:cooler.create:Writing bins
INFO:cooler.create:Writing pixels
INFO:cooler.create:Writing indexes
INFO:cooler.create:Writing info
INFO:cooler.create:Writing chunk 6: /mnt/storage3b/projects/no_ngsd/ahthapp1_T2T_ONT/analysis_other/porec/T2T11/cooler/tmpt93rqk30.multi.cool::6
INFO:cooler.create:Creating cooler at "/mnt/storage3b/projects/no_ngsd/ahthapp1_T2T_ONT/analysis_other/porec/T2T11/cooler/tmpt93rqk30.multi.cool::/6"
INFO:cooler.create:Writing chroms
INFO:cooler.create:Writing bins
INFO:cooler.create:Writing pixels
INFO:cooler.create:Writing indexes
INFO:cooler.create:Writing info
INFO:cooler.create:Writing chunk 7: /mnt/storage3b/projects/no_ngsd/ahthapp1_T2T_ONT/analysis_other/porec/T2T11/cooler/tmpt93rqk30.multi.cool::7
INFO:cooler.create:Creating cooler at "/mnt/storage3b/projects/no_ngsd/ahthapp1_T2T_ONT/analysis_other/porec/T2T11/cooler/tmpt93rqk30.multi.cool::/7"
INFO:cooler.create:Writing chroms
INFO:cooler.create:Writing bins
INFO:cooler.create:Writing pixels
INFO:cooler.create:Writing indexes
INFO:cooler.create:Writing info
INFO:cooler.create:Writing chunk 8: /mnt/storage3b/projects/no_ngsd/ahthapp1_T2T_ONT/analysis_other/porec/T2T11/cooler/tmpt93rqk30.multi.cool::8
INFO:cooler.create:Creating cooler at "/mnt/storage3b/projects/no_ngsd/ahthapp1_T2T_ONT/analysis_other/porec/T2T11/cooler/tmpt93rqk30.multi.cool::/8"
INFO:cooler.create:Writing chroms
INFO:cooler.create:Writing bins
INFO:cooler.create:Writing pixels
INFO:cooler.create:Writing indexes
INFO:cooler.create:Writing info
INFO:cooler.create:Writing chunk 9: /mnt/storage3b/projects/no_ngsd/ahthapp1_T2T_ONT/analysis_other/porec/T2T11/cooler/tmpt93rqk30.multi.cool::9
INFO:cooler.create:Creating cooler at "/mnt/storage3b/projects/no_ngsd/ahthapp1_T2T_ONT/analysis_other/porec/T2T11/cooler/tmpt93rqk30.multi.cool::/9"
INFO:cooler.create:Writing chroms
INFO:cooler.create:Writing bins
INFO:cooler.create:Writing pixels
INFO:cooler.create:Writing indexes
INFO:cooler.create:Writing info
INFO:cooler.create:Writing chunk 10: /mnt/storage3b/projects/no_ngsd/ahthapp1_T2T_ONT/analysis_other/porec/T2T11/cooler/tmpt93rqk30.multi.cool::10
INFO:cooler.create:Creating cooler at "/mnt/storage3b/projects/no_ngsd/ahthapp1_T2T_ONT/analysis_other/porec/T2T11/cooler/tmpt93rqk30.multi.cool::/10"
INFO:cooler.create:Writing chroms
INFO:cooler.create:Writing bins
INFO:cooler.create:Writing pixels
INFO:cooler.create:Writing indexes
INFO:cooler.create:Writing info
INFO:cooler.create:Writing chunk 11: /mnt/storage3b/projects/no_ngsd/ahthapp1_T2T_ONT/analysis_other/porec/T2T11/cooler/tmpt93rqk30.multi.cool::11
INFO:cooler.create:Creating cooler at "/mnt/storage3b/projects/no_ngsd/ahthapp1_T2T_ONT/analysis_other/porec/T2T11/cooler/tmpt93rqk30.multi.cool::/11"
INFO:cooler.create:Writing chroms
INFO:cooler.create:Writing bins
INFO:cooler.create:Writing pixels
INFO:cooler.create:Writing indexes
INFO:cooler.create:Writing info
INFO:cooler.create:Writing chunk 12: /mnt/storage3b/projects/no_ngsd/ahthapp1_T2T_ONT/analysis_other/porec/T2T11/cooler/tmpt93rqk30.multi.cool::12
INFO:cooler.create:Creating cooler at "/mnt/storage3b/projects/no_ngsd/ahthapp1_T2T_ONT/analysis_other/porec/T2T11/cooler/tmpt93rqk30.multi.cool::/12"
INFO:cooler.create:Writing chroms
INFO:cooler.create:Writing bins
INFO:cooler.create:Writing pixels
INFO:cooler.create:Writing indexes
INFO:cooler.create:Writing info
INFO:cooler.create:Writing chunk 13: /mnt/storage3b/projects/no_ngsd/ahthapp1_T2T_ONT/analysis_other/porec/T2T11/cooler/tmpt93rqk30.multi.cool::13
INFO:cooler.create:Creating cooler at "/mnt/storage3b/projects/no_ngsd/ahthapp1_T2T_ONT/analysis_other/porec/T2T11/cooler/tmpt93rqk30.multi.cool::/13"
INFO:cooler.create:Writing chroms
INFO:cooler.create:Writing bins
INFO:cooler.create:Writing pixels
INFO:cooler.create:Writing indexes
INFO:cooler.create:Writing info
INFO:cooler.create:Writing chunk 14: /mnt/storage3b/projects/no_ngsd/ahthapp1_T2T_ONT/analysis_other/porec/T2T11/cooler/tmpt93rqk30.multi.cool::14
INFO:cooler.create:Creating cooler at "/mnt/storage3b/projects/no_ngsd/ahthapp1_T2T_ONT/analysis_other/porec/T2T11/cooler/tmpt93rqk30.multi.cool::/14"
INFO:cooler.create:Writing chroms
INFO:cooler.create:Writing bins
INFO:cooler.create:Writing pixels
INFO:cooler.create:Writing indexes
INFO:cooler.create:Writing info
INFO:cooler.create:Writing chunk 15: /mnt/storage3b/projects/no_ngsd/ahthapp1_T2T_ONT/analysis_other/porec/T2T11/cooler/tmpt93rqk30.multi.cool::15
INFO:cooler.create:Creating cooler at "/mnt/storage3b/projects/no_ngsd/ahthapp1_T2T_ONT/analysis_other/porec/T2T11/cooler/tmpt93rqk30.multi.cool::/15"
INFO:cooler.create:Writing chroms
INFO:cooler.create:Writing bins
INFO:cooler.create:Writing pixels
INFO:cooler.create:Writing indexes
INFO:cooler.create:Writing info
INFO:cooler.create:Writing chunk 16: /mnt/storage3b/projects/no_ngsd/ahthapp1_T2T_ONT/analysis_other/porec/T2T11/cooler/tmpt93rqk30.multi.cool::16
INFO:cooler.create:Creating cooler at "/mnt/storage3b/projects/no_ngsd/ahthapp1_T2T_ONT/analysis_other/porec/T2T11/cooler/tmpt93rqk30.multi.cool::/16"
INFO:cooler.create:Writing chroms
INFO:cooler.create:Writing bins
INFO:cooler.create:Writing pixels
INFO:cooler.create:Writing indexes
INFO:cooler.create:Writing info
INFO:cooler.create:Writing chunk 17: /mnt/storage3b/projects/no_ngsd/ahthapp1_T2T_ONT/analysis_other/porec/T2T11/cooler/tmpt93rqk30.multi.cool::17
INFO:cooler.create:Creating cooler at "/mnt/storage3b/projects/no_ngsd/ahthapp1_T2T_ONT/analysis_other/porec/T2T11/cooler/tmpt93rqk30.multi.cool::/17"
INFO:cooler.create:Writing chroms
INFO:cooler.create:Writing bins
INFO:cooler.create:Writing pixels
INFO:cooler.create:Writing indexes
INFO:cooler.create:Writing info
INFO:cooler.create:Writing chunk 18: /mnt/storage3b/projects/no_ngsd/ahthapp1_T2T_ONT/analysis_other/porec/T2T11/cooler/tmpt93rqk30.multi.cool::18
INFO:cooler.create:Creating cooler at "/mnt/storage3b/projects/no_ngsd/ahthapp1_T2T_ONT/analysis_other/porec/T2T11/cooler/tmpt93rqk30.multi.cool::/18"
INFO:cooler.create:Writing chroms
INFO:cooler.create:Writing bins
INFO:cooler.create:Writing pixels
INFO:cooler.create:Writing indexes
INFO:cooler.create:Writing info
INFO:cooler.create:Writing chunk 19: /mnt/storage3b/projects/no_ngsd/ahthapp1_T2T_ONT/analysis_other/porec/T2T11/cooler/tmpt93rqk30.multi.cool::19
INFO:cooler.create:Creating cooler at "/mnt/storage3b/projects/no_ngsd/ahthapp1_T2T_ONT/analysis_other/porec/T2T11/cooler/tmpt93rqk30.multi.cool::/19"
INFO:cooler.create:Writing chroms
INFO:cooler.create:Writing bins
INFO:cooler.create:Writing pixels
INFO:cooler.create:Writing indexes
INFO:cooler.create:Writing info
INFO:cooler.create:Writing chunk 20: /mnt/storage3b/projects/no_ngsd/ahthapp1_T2T_ONT/analysis_other/porec/T2T11/cooler/tmpt93rqk30.multi.cool::20
INFO:cooler.create:Creating cooler at "/mnt/storage3b/projects/no_ngsd/ahthapp1_T2T_ONT/analysis_other/porec/T2T11/cooler/tmpt93rqk30.multi.cool::/20"
INFO:cooler.create:Writing chroms
INFO:cooler.create:Writing bins
INFO:cooler.create:Writing pixels
INFO:cooler.create:Writing indexes
INFO:cooler.create:Writing info
INFO:cooler.create:Writing chunk 21: /mnt/storage3b/projects/no_ngsd/ahthapp1_T2T_ONT/analysis_other/porec/T2T11/cooler/tmpt93rqk30.multi.cool::21
INFO:cooler.create:Creating cooler at "/mnt/storage3b/projects/no_ngsd/ahthapp1_T2T_ONT/analysis_other/porec/T2T11/cooler/tmpt93rqk30.multi.cool::/21"
INFO:cooler.create:Writing chroms
INFO:cooler.create:Writing bins
INFO:cooler.create:Writing pixels
INFO:cooler.create:Writing indexes
INFO:cooler.create:Writing info
INFO:cooler.create:Writing chunk 22: /mnt/storage3b/projects/no_ngsd/ahthapp1_T2T_ONT/analysis_other/porec/T2T11/cooler/tmpt93rqk30.multi.cool::22
INFO:cooler.create:Creating cooler at "/mnt/storage3b/projects/no_ngsd/ahthapp1_T2T_ONT/analysis_other/porec/T2T11/cooler/tmpt93rqk30.multi.cool::/22"
INFO:cooler.create:Writing chroms
INFO:cooler.create:Writing bins
INFO:cooler.create:Writing pixels
INFO:cooler.create:Writing indexes
INFO:cooler.create:Writing info
INFO:cooler.create:Writing chunk 23: /mnt/storage3b/projects/no_ngsd/ahthapp1_T2T_ONT/analysis_other/porec/T2T11/cooler/tmpt93rqk30.multi.cool::23
INFO:cooler.create:Creating cooler at "/mnt/storage3b/projects/no_ngsd/ahthapp1_T2T_ONT/analysis_other/porec/T2T11/cooler/tmpt93rqk30.multi.cool::/23"
INFO:cooler.create:Writing chroms
INFO:cooler.create:Writing bins
INFO:cooler.create:Writing pixels
INFO:cooler.create:Writing indexes
INFO:cooler.create:Writing info
INFO:cooler.create:Writing chunk 24: /mnt/storage3b/projects/no_ngsd/ahthapp1_T2T_ONT/analysis_other/porec/T2T11/cooler/tmpt93rqk30.multi.cool::24
INFO:cooler.create:Creating cooler at "/mnt/storage3b/projects/no_ngsd/ahthapp1_T2T_ONT/analysis_other/porec/T2T11/cooler/tmpt93rqk30.multi.cool::/24"
INFO:cooler.create:Writing chroms
INFO:cooler.create:Writing bins
INFO:cooler.create:Writing pixels
INFO:cooler.create:Writing indexes
INFO:cooler.create:Writing info
INFO:cooler.create:Writing chunk 25: /mnt/storage3b/projects/no_ngsd/ahthapp1_T2T_ONT/analysis_other/porec/T2T11/cooler/tmpt93rqk30.multi.cool::25
INFO:cooler.create:Creating cooler at "/mnt/storage3b/projects/no_ngsd/ahthapp1_T2T_ONT/analysis_other/porec/T2T11/cooler/tmpt93rqk30.multi.cool::/25"
INFO:cooler.create:Writing chroms
INFO:cooler.create:Writing bins
INFO:cooler.create:Writing pixels
INFO:cooler.create:Writing indexes
INFO:cooler.create:Writing info
INFO:cooler.create:Writing chunk 26: /mnt/storage3b/projects/no_ngsd/ahthapp1_T2T_ONT/analysis_other/porec/T2T11/cooler/tmpt93rqk30.multi.cool::26
INFO:cooler.create:Creating cooler at "/mnt/storage3b/projects/no_ngsd/ahthapp1_T2T_ONT/analysis_other/porec/T2T11/cooler/tmpt93rqk30.multi.cool::/26"
INFO:cooler.create:Writing chroms
INFO:cooler.create:Writing bins
INFO:cooler.create:Writing pixels
INFO:cooler.create:Writing indexes
INFO:cooler.create:Writing info
INFO:cooler.create:Writing chunk 27: /mnt/storage3b/projects/no_ngsd/ahthapp1_T2T_ONT/analysis_other/porec/T2T11/cooler/tmpt93rqk30.multi.cool::27
INFO:cooler.create:Creating cooler at "/mnt/storage3b/projects/no_ngsd/ahthapp1_T2T_ONT/analysis_other/porec/T2T11/cooler/tmpt93rqk30.multi.cool::/27"
INFO:cooler.create:Writing chroms
INFO:cooler.create:Writing bins
INFO:cooler.create:Writing pixels
INFO:cooler.create:Writing indexes
INFO:cooler.create:Writing info
INFO:cooler.create:Writing chunk 28: /mnt/storage3b/projects/no_ngsd/ahthapp1_T2T_ONT/analysis_other/porec/T2T11/cooler/tmpt93rqk30.multi.cool::28
INFO:cooler.create:Creating cooler at "/mnt/storage3b/projects/no_ngsd/ahthapp1_T2T_ONT/analysis_other/porec/T2T11/cooler/tmpt93rqk30.multi.cool::/28"
INFO:cooler.create:Writing chroms
INFO:cooler.create:Writing bins
INFO:cooler.create:Writing pixels
INFO:cooler.create:Writing indexes
INFO:cooler.create:Writing info
INFO:cooler.create:Writing chunk 29: /mnt/storage3b/projects/no_ngsd/ahthapp1_T2T_ONT/analysis_other/porec/T2T11/cooler/tmpt93rqk30.multi.cool::29
INFO:cooler.create:Creating cooler at "/mnt/storage3b/projects/no_ngsd/ahthapp1_T2T_ONT/analysis_other/porec/T2T11/cooler/tmpt93rqk30.multi.cool::/29"
INFO:cooler.create:Writing chroms
INFO:cooler.create:Writing bins
INFO:cooler.create:Writing pixels
INFO:cooler.create:Writing indexes
INFO:cooler.create:Writing info
INFO:cooler.create:Writing chunk 30: /mnt/storage3b/projects/no_ngsd/ahthapp1_T2T_ONT/analysis_other/porec/T2T11/cooler/tmpt93rqk30.multi.cool::30
INFO:cooler.create:Creating cooler at "/mnt/storage3b/projects/no_ngsd/ahthapp1_T2T_ONT/analysis_other/porec/T2T11/cooler/tmpt93rqk30.multi.cool::/30"
INFO:cooler.create:Writing chroms
INFO:cooler.create:Writing bins
INFO:cooler.create:Writing pixels
INFO:cooler.create:Writing indexes
INFO:cooler.create:Writing info
INFO:cooler.create:Writing chunk 31: /mnt/storage3b/projects/no_ngsd/ahthapp1_T2T_ONT/analysis_other/porec/T2T11/cooler/tmpt93rqk30.multi.cool::31
INFO:cooler.create:Creating cooler at "/mnt/storage3b/projects/no_ngsd/ahthapp1_T2T_ONT/analysis_other/porec/T2T11/cooler/tmpt93rqk30.multi.cool::/31"
INFO:cooler.create:Writing chroms
INFO:cooler.create:Writing bins
INFO:cooler.create:Writing pixels
INFO:cooler.create:Writing indexes
INFO:cooler.create:Writing info
INFO:cooler.create:Writing chunk 32: /mnt/storage3b/projects/no_ngsd/ahthapp1_T2T_ONT/analysis_other/porec/T2T11/cooler/tmpt93rqk30.multi.cool::32
INFO:cooler.create:Creating cooler at "/mnt/storage3b/projects/no_ngsd/ahthapp1_T2T_ONT/analysis_other/porec/T2T11/cooler/tmpt93rqk30.multi.cool::/32"
INFO:cooler.create:Writing chroms
INFO:cooler.create:Writing bins
INFO:cooler.create:Writing pixels
INFO:cooler.create:Writing indexes
INFO:cooler.create:Writing info
INFO:cooler.create:Writing chunk 33: /mnt/storage3b/projects/no_ngsd/ahthapp1_T2T_ONT/analysis_other/porec/T2T11/cooler/tmpt93rqk30.multi.cool::33
INFO:cooler.create:Creating cooler at "/mnt/storage3b/projects/no_ngsd/ahthapp1_T2T_ONT/analysis_other/porec/T2T11/cooler/tmpt93rqk30.multi.cool::/33"
INFO:cooler.create:Writing chroms
INFO:cooler.create:Writing bins
INFO:cooler.create:Writing pixels
INFO:cooler.create:Writing indexes
INFO:cooler.create:Writing info
INFO:cooler.create:Writing chunk 34: /mnt/storage3b/projects/no_ngsd/ahthapp1_T2T_ONT/analysis_other/porec/T2T11/cooler/tmpt93rqk30.multi.cool::34
INFO:cooler.create:Creating cooler at "/mnt/storage3b/projects/no_ngsd/ahthapp1_T2T_ONT/analysis_other/porec/T2T11/cooler/tmpt93rqk30.multi.cool::/34"
INFO:cooler.create:Writing chroms
INFO:cooler.create:Writing bins
INFO:cooler.create:Writing pixels
INFO:cooler.create:Writing indexes
INFO:cooler.create:Writing info
INFO:cooler.create:Writing chunk 35: /mnt/storage3b/projects/no_ngsd/ahthapp1_T2T_ONT/analysis_other/porec/T2T11/cooler/tmpt93rqk30.multi.cool::35
INFO:cooler.create:Creating cooler at "/mnt/storage3b/projects/no_ngsd/ahthapp1_T2T_ONT/analysis_other/porec/T2T11/cooler/tmpt93rqk30.multi.cool::/35"
INFO:cooler.create:Writing chroms
INFO:cooler.create:Writing bins
INFO:cooler.create:Writing pixels
INFO:cooler.create:Writing indexes
INFO:cooler.create:Writing info
INFO:cooler.create:Writing chunk 36: /mnt/storage3b/projects/no_ngsd/ahthapp1_T2T_ONT/analysis_other/porec/T2T11/cooler/tmpt93rqk30.multi.cool::36
INFO:cooler.create:Creating cooler at "/mnt/storage3b/projects/no_ngsd/ahthapp1_T2T_ONT/analysis_other/porec/T2T11/cooler/tmpt93rqk30.multi.cool::/36"
INFO:cooler.create:Writing chroms
INFO:cooler.create:Writing bins
INFO:cooler.create:Writing pixels
INFO:cooler.create:Writing indexes
INFO:cooler.create:Writing info
INFO:cooler.create:Writing chunk 37: /mnt/storage3b/projects/no_ngsd/ahthapp1_T2T_ONT/analysis_other/porec/T2T11/cooler/tmpt93rqk30.multi.cool::37
INFO:cooler.create:Creating cooler at "/mnt/storage3b/projects/no_ngsd/ahthapp1_T2T_ONT/analysis_other/porec/T2T11/cooler/tmpt93rqk30.multi.cool::/37"
INFO:cooler.create:Writing chroms
INFO:cooler.create:Writing bins
INFO:cooler.create:Writing pixels
INFO:cooler.create:Writing indexes
INFO:cooler.create:Writing info
INFO:cooler.create:Writing chunk 38: /mnt/storage3b/projects/no_ngsd/ahthapp1_T2T_ONT/analysis_other/porec/T2T11/cooler/tmpt93rqk30.multi.cool::38
INFO:cooler.create:Creating cooler at "/mnt/storage3b/projects/no_ngsd/ahthapp1_T2T_ONT/analysis_other/porec/T2T11/cooler/tmpt93rqk30.multi.cool::/38"
INFO:cooler.create:Writing chroms
INFO:cooler.create:Writing bins
INFO:cooler.create:Writing pixels
INFO:cooler.create:Writing indexes
INFO:cooler.create:Writing info
INFO:cooler.create:Writing chunk 39: /mnt/storage3b/projects/no_ngsd/ahthapp1_T2T_ONT/analysis_other/porec/T2T11/cooler/tmpt93rqk30.multi.cool::39
INFO:cooler.create:Creating cooler at "/mnt/storage3b/projects/no_ngsd/ahthapp1_T2T_ONT/analysis_other/porec/T2T11/cooler/tmpt93rqk30.multi.cool::/39"
INFO:cooler.create:Writing chroms
INFO:cooler.create:Writing bins
INFO:cooler.create:Writing pixels
INFO:cooler.create:Writing indexes
INFO:cooler.create:Writing info
INFO:cooler.create:Writing chunk 40: /mnt/storage3b/projects/no_ngsd/ahthapp1_T2T_ONT/analysis_other/porec/T2T11/cooler/tmpt93rqk30.multi.cool::40
INFO:cooler.create:Creating cooler at "/mnt/storage3b/projects/no_ngsd/ahthapp1_T2T_ONT/analysis_other/porec/T2T11/cooler/tmpt93rqk30.multi.cool::/40"
INFO:cooler.create:Writing chroms
INFO:cooler.create:Writing bins
INFO:cooler.create:Writing pixels
INFO:cooler.create:Writing indexes
INFO:cooler.create:Writing info
INFO:cooler.create:Writing chunk 41: /mnt/storage3b/projects/no_ngsd/ahthapp1_T2T_ONT/analysis_other/porec/T2T11/cooler/tmpt93rqk30.multi.cool::41
INFO:cooler.create:Creating cooler at "/mnt/storage3b/projects/no_ngsd/ahthapp1_T2T_ONT/analysis_other/porec/T2T11/cooler/tmpt93rqk30.multi.cool::/41"
INFO:cooler.create:Writing chroms
INFO:cooler.create:Writing bins
INFO:cooler.create:Writing pixels
INFO:cooler.create:Writing indexes
INFO:cooler.create:Writing info
INFO:cooler.create:Writing chunk 42: /mnt/storage3b/projects/no_ngsd/ahthapp1_T2T_ONT/analysis_other/porec/T2T11/cooler/tmpt93rqk30.multi.cool::42
INFO:cooler.create:Creating cooler at "/mnt/storage3b/projects/no_ngsd/ahthapp1_T2T_ONT/analysis_other/porec/T2T11/cooler/tmpt93rqk30.multi.cool::/42"
INFO:cooler.create:Writing chroms
INFO:cooler.create:Writing bins
INFO:cooler.create:Writing pixels
INFO:cooler.create:Writing indexes
INFO:cooler.create:Writing info
INFO:cooler.create:Writing chunk 43: /mnt/storage3b/projects/no_ngsd/ahthapp1_T2T_ONT/analysis_other/porec/T2T11/cooler/tmpt93rqk30.multi.cool::43
INFO:cooler.create:Creating cooler at "/mnt/storage3b/projects/no_ngsd/ahthapp1_T2T_ONT/analysis_other/porec/T2T11/cooler/tmpt93rqk30.multi.cool::/43"
INFO:cooler.create:Writing chroms
INFO:cooler.create:Writing bins
INFO:cooler.create:Writing pixels
INFO:cooler.create:Writing indexes
INFO:cooler.create:Writing info
INFO:cooler.create:Writing chunk 44: /mnt/storage3b/projects/no_ngsd/ahthapp1_T2T_ONT/analysis_other/porec/T2T11/cooler/tmpt93rqk30.multi.cool::44
INFO:cooler.create:Creating cooler at "/mnt/storage3b/projects/no_ngsd/ahthapp1_T2T_ONT/analysis_other/porec/T2T11/cooler/tmpt93rqk30.multi.cool::/44"
INFO:cooler.create:Writing chroms
INFO:cooler.create:Writing bins
INFO:cooler.create:Writing pixels
INFO:cooler.create:Writing indexes
INFO:cooler.create:Writing info
INFO:cooler.create:Writing chunk 45: /mnt/storage3b/projects/no_ngsd/ahthapp1_T2T_ONT/analysis_other/porec/T2T11/cooler/tmpt93rqk30.multi.cool::45
INFO:cooler.create:Creating cooler at "/mnt/storage3b/projects/no_ngsd/ahthapp1_T2T_ONT/analysis_other/porec/T2T11/cooler/tmpt93rqk30.multi.cool::/45"
INFO:cooler.create:Writing chroms
INFO:cooler.create:Writing bins
INFO:cooler.create:Writing pixels
INFO:cooler.create:Writing indexes
INFO:cooler.create:Writing info
INFO:cooler.create:Writing chunk 46: /mnt/storage3b/projects/no_ngsd/ahthapp1_T2T_ONT/analysis_other/porec/T2T11/cooler/tmpt93rqk30.multi.cool::46
INFO:cooler.create:Creating cooler at "/mnt/storage3b/projects/no_ngsd/ahthapp1_T2T_ONT/analysis_other/porec/T2T11/cooler/tmpt93rqk30.multi.cool::/46"
INFO:cooler.create:Writing chroms
INFO:cooler.create:Writing bins
INFO:cooler.create:Writing pixels
INFO:cooler.create:Writing indexes
INFO:cooler.create:Writing info
INFO:cooler.create:Writing chunk 47: /mnt/storage3b/projects/no_ngsd/ahthapp1_T2T_ONT/analysis_other/porec/T2T11/cooler/tmpt93rqk30.multi.cool::47
INFO:cooler.create:Creating cooler at "/mnt/storage3b/projects/no_ngsd/ahthapp1_T2T_ONT/analysis_other/porec/T2T11/cooler/tmpt93rqk30.multi.cool::/47"
INFO:cooler.create:Writing chroms
INFO:cooler.create:Writing bins
INFO:cooler.create:Writing pixels
INFO:cooler.create:Writing indexes
INFO:cooler.create:Writing info
INFO:cooler.create:Writing chunk 48: /mnt/storage3b/projects/no_ngsd/ahthapp1_T2T_ONT/analysis_other/porec/T2T11/cooler/tmpt93rqk30.multi.cool::48
INFO:cooler.create:Creating cooler at "/mnt/storage3b/projects/no_ngsd/ahthapp1_T2T_ONT/analysis_other/porec/T2T11/cooler/tmpt93rqk30.multi.cool::/48"
INFO:cooler.create:Writing chroms
INFO:cooler.create:Writing bins
INFO:cooler.create:Writing pixels
INFO:cooler.create:Writing indexes
INFO:cooler.create:Writing info
INFO:cooler.create:Writing chunk 49: /mnt/storage3b/projects/no_ngsd/ahthapp1_T2T_ONT/analysis_other/porec/T2T11/cooler/tmpt93rqk30.multi.cool::49
INFO:cooler.create:Creating cooler at "/mnt/storage3b/projects/no_ngsd/ahthapp1_T2T_ONT/analysis_other/porec/T2T11/cooler/tmpt93rqk30.multi.cool::/49"
INFO:cooler.create:Writing chroms
INFO:cooler.create:Writing bins
INFO:cooler.create:Writing pixels
INFO:cooler.create:Writing indexes
INFO:cooler.create:Writing info
INFO:cooler.create:Writing chunk 50: /mnt/storage3b/projects/no_ngsd/ahthapp1_T2T_ONT/analysis_other/porec/T2T11/cooler/tmpt93rqk30.multi.cool::50
INFO:cooler.create:Creating cooler at "/mnt/storage3b/projects/no_ngsd/ahthapp1_T2T_ONT/analysis_other/porec/T2T11/cooler/tmpt93rqk30.multi.cool::/50"
INFO:cooler.create:Writing chroms
INFO:cooler.create:Writing bins
INFO:cooler.create:Writing pixels
INFO:cooler.create:Writing indexes
INFO:cooler.create:Writing info
INFO:cooler.create:Merging into analysis_other/porec/T2T11/cooler/T2T11_5000.cool
INFO:cooler.create:Creating cooler at "/mnt/storage3b/projects/no_ngsd/ahthapp1_T2T_ONT/analysis_other/porec/T2T11/cooler/T2T11_5000.cool::/"
INFO:cooler.create:Writing chroms
INFO:cooler.create:Writing bins
INFO:cooler.create:Writing pixels
INFO:cooler._reduce:n_merge_epochs: 26
INFO:cooler._reduce:nnzs: [7680561, 7736751, 7721236, 7728095, 7723603, 7716414, 7733400, 7714062, 7717604, 7719836, 7719680, 7710497, 7709325, 7728530, 7643778, 7619547, 7607783, 7630408, 7605503, 7617309, 7605195, 7621694, 7611271, 7614666, 7560875, 7600142, 7641260, 7614229, 7573381, 7615421, 7589848, 7626550, 7623056, 7620243, 7610400, 7677370, 7728588, 7693870, 7667874, 7733777, 7702051, 7706131, 7717988, 7714716, 7742391, 7728816, 7732261, 7720456, 7737478, 7723661, 4846580]
INFO:cooler._reduce:records consumed: [np.int64(297869), np.int64(299341), np.int64(296120), np.int64(299475), np.int64(298441), np.int64(297338), np.int64(298949), np.int64(298433), np.int64(297983), np.int64(297065), np.int64(297143), np.int64(298089), np.int64(299705), np.int64(297283), np.int64(296849), np.int64(293464), np.int64(294158), np.int64(294677), np.int64(295475), np.int64(291012), np.int64(293663), np.int64(295286), np.int64(293035), np.int64(293320), np.int64(292551), np.int64(296070), np.int64(294618), np.int64(293430), np.int64(292003), np.int64(294870), np.int64(291228), np.int64(293246), np.int64(295908), np.int64(296003), np.int64(294111), np.int64(295765), np.int64(298673), np.int64(295631), np.int64(295869), np.int64(297735), np.int64(297287), np.int64(297597), np.int64(296410), np.int64(299442), np.int64(297369), np.int64(300105), np.int64(297521), np.int64(298732), np.int64(299736), np.int64(297602), np.int64(187353)]
INFO:cooler._reduce:records consumed: [np.int64(593543), np.int64(596349), np.int64(593659), np.int64(597727), np.int64(595045), np.int64(592705), np.int64(597973), np.int64(595822), np.int64(596808), np.int64(595533), np.int64(595494), np.int64(597121), np.int64(599189), np.int64(594048), np.int64(592905), np.int64(587336), np.int64(587840), np.int64(590001), np.int64(591147), np.int64(584335), np.int64(587084), np.int64(589832), np.int64(588669), np.int64(589134), np.int64(586174), np.int64(590768), np.int64(590427), np.int64(587164), np.int64(583831), np.int64(591006), np.int64(584171), np.int64(585910), np.int64(589602), np.int64(589582), np.int64(588198), np.int64(593473), np.int64(598906), np.int64(591985), np.int64(593130), np.int64(595954), np.int64(594931), np.int64(593160), np.int64(594571), np.int64(595449), np.int64(596742), np.int64(598012), np.int64(597212), np.int64(598608), np.int64(597629), np.int64(594225), np.int64(371432)]
INFO:cooler._reduce:records consumed: [np.int64(889851), np.int64(895165), np.int64(891069), np.int64(897328), np.int64(894066), np.int64(889386), np.int64(896844), np.int64(893034), np.int64(894846), np.int64(895494), np.int64(891689), np.int64(893530), np.int64(897092), np.int64(891650), np.int64(887980), np.int64(881207), np.int64(881386), np.int64(885885), np.int64(887262), np.int64(877391), np.int64(881750), np.int64(884679), np.int64(883635), np.int64(882381), np.int64(877357), np.int64(884260), np.int64(885285), np.int64(881265), np.int64(877376), np.int64(885355), np.int64(877018), np.int64(879604), np.int64(885009), np.int64(885415), np.int64(884146), np.int64(890529), np.int64(896949), np.int64(890575), np.int64(887821), np.int64(895634), np.int64(894229), np.int64(891993), np.int64(890264), np.int64(892348), np.int64(896380), np.int64(893557), np.int64(895659), np.int64(895629), np.int64(895050), np.int64(893143), np.int64(555916)]
INFO:cooler._reduce:records consumed: [np.int64(1184802), np.int64(1192925), np.int64(1189460), np.int64(1197462), np.int64(1192265), np.int64(1185445), np.int64(1195282), np.int64(1190328), np.int64(1193656), np.int64(1191285), np.int64(1187930), np.int64(1192403), np.int64(1194185), np.int64(1188029), np.int64(1184196), np.int64(1175767), np.int64(1173200), np.int64(1182817), np.int64(1179456), np.int64(1171672), np.int64(1175347), np.int64(1179135), np.int64(1176829), np.int64(1177416), np.int64(1166984), np.int64(1178657), np.int64(1182313), np.int64(1175074), np.int64(1168640), np.int64(1179866), np.int64(1170179), np.int64(1173699), np.int64(1180173), np.int64(1181792), np.int64(1178666), np.int64(1186968), np.int64(1195326), np.int64(1188665), np.int64(1183000), np.int64(1192337), np.int64(1196034), np.int64(1188892), np.int64(1185336), np.int64(1190931), np.int64(1194602), np.int64(1192755), np.int64(1195101), np.int64(1195972), np.int64(1195220), np.int64(1191706), np.int64(742274)]
INFO:cooler._reduce:records consumed: [np.int64(1479491), np.int64(1489777), np.int64(1488426), np.int64(1496460), np.int64(1491836), np.int64(1484275), np.int64(1492736), np.int64(1488135), np.int64(1492009), np.int64(1488549), np.int64(1485846), np.int64(1490892), np.int64(1492085), np.int64(1485985), np.int64(1480782), np.int64(1469344), np.int64(1467340), np.int64(1477621), np.int64(1473011), np.int64(1467050), np.int64(1470152), np.int64(1474970), np.int64(1472325), np.int64(1472310), np.int64(1461874), np.int64(1472664), np.int64(1477942), np.int64(1468368), np.int64(1461649), np.int64(1475416), np.int64(1462879), np.int64(1465829), np.int64(1473213), np.int64(1476359), np.int64(1471010), np.int64(1482478), np.int64(1494018), np.int64(1488076), np.int64(1480164), np.int64(1489121), np.int64(1494254), np.int64(1485833), np.int64(1482708), np.int64(1485296), np.int64(1493243), np.int64(1492598), np.int64(1492707), np.int64(1493755), np.int64(1492949), np.int64(1488682), np.int64(928933)]
INFO:cooler._reduce:records consumed: [np.int64(1775304), np.int64(1787091), np.int64(1786501), np.int64(1796539), np.int64(1789720), np.int64(1781923), np.int64(1789565), np.int64(1787795), np.int64(1790203), np.int64(1786118), np.int64(1782869), np.int64(1790135), np.int64(1789554), np.int64(1782861), np.int64(1776645), np.int64(1763116), np.int64(1759098), np.int64(1773853), np.int64(1767045), np.int64(1762764), np.int64(1763004), np.int64(1769547), np.int64(1765431), np.int64(1766507), np.int64(1753549), np.int64(1768271), np.int64(1770458), np.int64(1759805), np.int64(1753599), np.int64(1773006), np.int64(1758759), np.int64(1760842), np.int64(1768845), np.int64(1772662), np.int64(1767202), np.int64(1779416), np.int64(1792870), np.int64(1784610), np.int64(1777572), np.int64(1785658), np.int64(1790927), np.int64(1781357), np.int64(1781477), np.int64(1781723), np.int64(1791912), np.int64(1792661), np.int64(1788672), np.int64(1791240), np.int64(1790502), np.int64(1787954), np.int64(1115408)]
INFO:cooler._reduce:records consumed: [np.int64(2072320), np.int64(2085284), np.int64(2083911), np.int64(2096126), np.int64(2088439), np.int64(2078961), np.int64(2086882), np.int64(2084788), np.int64(2089105), np.int64(2084021), np.int64(2081616), np.int64(2084546), np.int64(2088236), np.int64(2082925), np.int64(2072467), np.int64(2054889), np.int64(2052473), np.int64(2068109), np.int64(2060899), np.int64(2057711), np.int64(2057053), np.int64(2063883), np.int64(2058074), np.int64(2060246), np.int64(2046325), np.int64(2062564), np.int64(2067186), np.int64(2053387), np.int64(2046367), np.int64(2067851), np.int64(2052414), np.int64(2056404), np.int64(2064262), np.int64(2067068), np.int64(2061302), np.int64(2077048), np.int64(2089054), np.int64(2082816), np.int64(2072313), np.int64(2085625), np.int64(2087939), np.int64(2076976), np.int64(2077543), np.int64(2079670), np.int64(2088698), np.int64(2092197), np.int64(2087932), np.int64(2091534), np.int64(2090216), np.int64(2085435), np.int64(1301632)]
INFO:cooler._reduce:records consumed: [np.int64(2368262), np.int64(2383425), np.int64(2382298), np.int64(2391838), np.int64(2387701), np.int64(2376637), np.int64(2386635), np.int64(2384307), np.int64(2386817), np.int64(2382347), np.int64(2380810), np.int64(2380863), np.int64(2384163), np.int64(2381014), np.int64(2368194), np.int64(2346017), np.int64(2346371), np.int64(2360303), np.int64(2355362), np.int64(2354599), np.int64(2352525), np.int64(2361154), np.int64(2352302), np.int64(2354956), np.int64(2337204), np.int64(2354713), np.int64(2360622), np.int64(2347223), np.int64(2341128), np.int64(2362641), np.int64(2344261), np.int64(2352120), np.int64(2358070), np.int64(2361812), np.int64(2354890), np.int64(2372203), np.int64(2387368), np.int64(2380167), np.int64(2368180), np.int64(2385172), np.int64(2383318), np.int64(2374103), np.int64(2375288), np.int64(2378159), np.int64(2389248), np.int64(2389715), np.int64(2389846), np.int64(2389190), np.int64(2390300), np.int64(2383640), np.int64(1485541)]
INFO:cooler._reduce:records consumed: [np.int64(2665366), np.int64(2684203), np.int64(2679859), np.int64(2688545), np.int64(2686429), np.int64(2674349), np.int64(2685845), np.int64(2682259), np.int64(2682826), np.int64(2681866), np.int64(2678546), np.int64(2678716), np.int64(2680740), np.int64(2680487), np.int64(2661743), np.int64(2640268), np.int64(2639636), np.int64(2653858), np.int64(2650341), np.int64(2649139), np.int64(2646579), np.int64(2656242), np.int64(2647814), np.int64(2647009), np.int64(2629299), np.int64(2647838), np.int64(2655493), np.int64(2643023), np.int64(2635087), np.int64(2656156), np.int64(2638311), np.int64(2646915), np.int64(2651430), np.int64(2657840), np.int64(2647814), np.int64(2667100), np.int64(2685687), np.int64(2678419), np.int64(2662431), np.int64(2683088), np.int64(2680492), np.int64(2671065), np.int64(2674211), np.int64(2677463), np.int64(2688671), np.int64(2688639), np.int64(2688819), np.int64(2687407), np.int64(2689181), np.int64(2681044), np.int64(1670171)]
INFO:cooler._reduce:records consumed: [np.int64(2960586), np.int64(2981831), np.int64(2979616), np.int64(2985781), np.int64(2983004), np.int64(2975114), np.int64(2982804), np.int64(2978388), np.int64(2979969), np.int64(2978681), np.int64(2974614), np.int64(2975618), np.int64(2978523), np.int64(2979894), np.int64(2956792), np.int64(2939535), np.int64(2931808), np.int64(2948500), np.int64(2945456), np.int64(2944255), np.int64(2941087), np.int64(2948564), np.int64(2941950), np.int64(2940333), np.int64(2921941), np.int64(2940566), np.int64(2949632), np.int64(2938811), np.int64(2926398), np.int64(2949990), np.int64(2931817), np.int64(2942911), np.int64(2947370), np.int64(2951493), np.int64(2942031), np.int64(2960456), np.int64(2983851), np.int64(2976382), np.int64(2960073), np.int64(2979721), np.int64(2979812), np.int64(2968994), np.int64(2974078), np.int64(2977700), np.int64(2987452), np.int64(2987535), np.int64(2986481), np.int64(2985171), np.int64(2987343), np.int64(2979460), np.int64(1855983)]
INFO:cooler._reduce:records consumed: [np.int64(3256266), np.int64(3278741), np.int64(3277092), np.int64(3284080), np.int64(3279255), np.int64(3271573), np.int64(3279806), np.int64(3276606), np.int64(3278223), np.int64(3277330), np.int64(3273232), np.int64(3272981), np.int64(3276257), np.int64(3279378), np.int64(3251948), np.int64(3236010), np.int64(3226170), np.int64(3242802), np.int64(3239380), np.int64(3239421), np.int64(3236117), np.int64(3241966), np.int64(3236084), np.int64(3235108), np.int64(3212828), np.int64(3234362), np.int64(3243364), np.int64(3236494), np.int64(3218980), np.int64(3243881), np.int64(3226658), np.int64(3236560), np.int64(3240705), np.int64(3246313), np.int64(3236043), np.int64(3255923), np.int64(3281450), np.int64(3275451), np.int64(3255880), np.int64(3277207), np.int64(3277733), np.int64(3268121), np.int64(3272881), np.int64(3278750), np.int64(3284074), np.int64(3284979), np.int64(3284099), np.int64(3282556), np.int64(3286401), np.int64(3278019), np.int64(2041376)]
INFO:cooler._reduce:records consumed: [np.int64(3551259), np.int64(3576611), np.int64(3575203), np.int64(3580789), np.int64(3580488), np.int64(3571551), np.int64(3579789), np.int64(3575134), np.int64(3576519), np.int64(3573483), np.int64(3572460), np.int64(3571286), np.int64(3570540), np.int64(3577053), np.int64(3548722), np.int64(3532298), np.int64(3520060), np.int64(3538218), np.int64(3533471), np.int64(3532818), np.int64(3530294), np.int64(3536070), np.int64(3530686), np.int64(3530002), np.int64(3503095), np.int64(3527790), np.int64(3538294), np.int64(3528898), np.int64(3511895), np.int64(3537635), np.int64(3521340), np.int64(3531423), np.int64(3536833), np.int64(3538904), np.int64(3529841), np.int64(3552233), np.int64(3579667), np.int64(3570640), np.int64(3551459), np.int64(3576451), np.int64(3574515), np.int64(3564883), np.int64(3571646), np.int64(3576960), np.int64(3583600), np.int64(3583061), np.int64(3582824), np.int64(3580412), np.int64(3585749), np.int64(3575043), np.int64(2227158)]
INFO:cooler._reduce:records consumed: [np.int64(3848899), np.int64(3873666), np.int64(3872899), np.int64(3877939), np.int64(3879136), np.int64(3869788), np.int64(3877870), np.int64(3874662), np.int64(3873912), np.int64(3871001), np.int64(3869824), np.int64(3868955), np.int64(3867092), np.int64(3876068), np.int64(3843259), np.int64(3827288), np.int64(3813871), np.int64(3833169), np.int64(3828857), np.int64(3825795), np.int64(3824366), np.int64(3829727), np.int64(3824020), np.int64(3824425), np.int64(3794707), np.int64(3821442), np.int64(3833037), np.int64(3822374), np.int64(3805441), np.int64(3831499), np.int64(3813983), np.int64(3825105), np.int64(3831085), np.int64(3833842), np.int64(3826439), np.int64(3849738), np.int64(3876220), np.int64(3866935), np.int64(3844461), np.int64(3875886), np.int64(3870295), np.int64(3861652), np.int64(3869645), np.int64(3877465), np.int64(3884960), np.int64(3881991), np.int64(3880704), np.int64(3877568), np.int64(3887055), np.int64(3872535), np.int64(2414882)]
INFO:cooler._reduce:records consumed: [np.int64(4146158), np.int64(4173952), np.int64(4172643), np.int64(4177491), np.int64(4177158), np.int64(4168510), np.int64(4177116), np.int64(4172683), np.int64(4172055), np.int64(4169405), np.int64(4168030), np.int64(4164220), np.int64(4164113), np.int64(4176825), np.int64(4139642), np.int64(4121183), np.int64(4108094), np.int64(4129426), np.int64(4122951), np.int64(4118439), np.int64(4118934), np.int64(4123836), np.int64(4116914), np.int64(4119155), np.int64(4084692), np.int64(4114489), np.int64(4129020), np.int64(4118195), np.int64(4097487), np.int64(4125861), np.int64(4106567), np.int64(4119798), np.int64(4122019), np.int64(4126210), np.int64(4119919), np.int64(4146629), np.int64(4176048), np.int64(4162715), np.int64(4139437), np.int64(4173814), np.int64(4168127), np.int64(4159590), np.int64(4168284), np.int64(4175305), np.int64(4184486), np.int64(4180131), np.int64(4178221), np.int64(4175753), np.int64(4184757), np.int64(4171440), np.int64(2599997)]
INFO:cooler._reduce:records consumed: [np.int64(4443846), np.int64(4475355), np.int64(4471045), np.int64(4475441), np.int64(4475580), np.int64(4465610), np.int64(4475575), np.int64(4470994), np.int64(4466713), np.int64(4468805), np.int64(4467501), np.int64(4459662), np.int64(4461541), np.int64(4476254), np.int64(4435049), np.int64(4415167), np.int64(4402277), np.int64(4424686), np.int64(4416052), np.int64(4415976), np.int64(4413367), np.int64(4419640), np.int64(4411472), np.int64(4413609), np.int64(4374692), np.int64(4409815), np.int64(4421944), np.int64(4412964), np.int64(4389418), np.int64(4419762), np.int64(4397989), np.int64(4415034), np.int64(4414345), np.int64(4421497), np.int64(4411710), np.int64(4441677), np.int64(4474184), np.int64(4461227), np.int64(4435919), np.int64(4473612), np.int64(4464718), np.int64(4457642), np.int64(4465014), np.int64(4473673), np.int64(4485611), np.int64(4476662), np.int64(4475193), np.int64(4473806), np.int64(4485038), np.int64(4468310), np.int64(2785709)]
INFO:cooler._reduce:records consumed: [np.int64(4737414), np.int64(4776494), np.int64(4768545), np.int64(4774017), np.int64(4775134), np.int64(4764467), np.int64(4775164), np.int64(4769296), np.int64(4764975), np.int64(4767730), np.int64(4766467), np.int64(4757403), np.int64(4759156), np.int64(4774967), np.int64(4729803), np.int64(4710149), np.int64(4695070), np.int64(4716806), np.int64(4708244), np.int64(4709769), np.int64(4706878), np.int64(4713739), np.int64(4706379), np.int64(4708120), np.int64(4666690), np.int64(4701332), np.int64(4718063), np.int64(4707852), np.int64(4680456), np.int64(4711222), np.int64(4690484), np.int64(4709701), np.int64(4710076), np.int64(4714957), np.int64(4706369), np.int64(4739642), np.int64(4773213), np.int64(4757258), np.int64(4730278), np.int64(4776446), np.int64(4760859), np.int64(4754056), np.int64(4765286), np.int64(4770694), np.int64(4784527), np.int64(4775492), np.int64(4772432), np.int64(4772178), np.int64(4784536), np.int64(4766048), np.int64(2972706)]
INFO:cooler._reduce:records consumed: [np.int64(5034520), np.int64(5074857), np.int64(5067951), np.int64(5072554), np.int64(5073954), np.int64(5058912), np.int64(5073014), np.int64(5067383), np.int64(5064936), np.int64(5065567), np.int64(5061588), np.int64(5056349), np.int64(5059530), np.int64(5073326), np.int64(5024360), np.int64(5006342), np.int64(4987844), np.int64(5011387), np.int64(5002722), np.int64(5004244), np.int64(5000651), np.int64(5008138), np.int64(4997918), np.int64(5001178), np.int64(4957997), np.int64(4991557), np.int64(5014868), np.int64(5001121), np.int64(4974071), np.int64(5007621), np.int64(4982886), np.int64(5002745), np.int64(5004199), np.int64(5008883), np.int64(4998809), np.int64(5037920), np.int64(5069566), np.int64(5053554), np.int64(5027244), np.int64(5075521), np.int64(5059195), np.int64(5053664), np.int64(5063302), np.int64(5068992), np.int64(5083883), np.int64(5074056), np.int64(5071561), np.int64(5069998), np.int64(5083530), np.int64(5063556), np.int64(3159924)]
INFO:cooler._reduce:records consumed: [np.int64(5332578), np.int64(5375029), np.int64(5366414), np.int64(5370702), np.int64(5373984), np.int64(5356231), np.int64(5372551), np.int64(5364599), np.int64(5363396), np.int64(5364849), np.int64(5360637), np.int64(5355475), np.int64(5356719), np.int64(5369196), np.int64(5319691), np.int64(5301230), np.int64(5283057), np.int64(5305123), np.int64(5295377), np.int64(5297942), np.int64(5293073), np.int64(5301305), np.int64(5292925), np.int64(5293087), np.int64(5250578), np.int64(5285526), np.int64(5310469), np.int64(5295511), np.int64(5266404), np.int64(5302689), np.int64(5276003), np.int64(5296323), np.int64(5297993), np.int64(5302158), np.int64(5293979), np.int64(5334265), np.int64(5367895), np.int64(5351052), np.int64(5322422), np.int64(5374497), np.int64(5356513), np.int64(5352508), np.int64(5359828), np.int64(5363667), np.int64(5385925), np.int64(5371292), np.int64(5370705), np.int64(5367959), np.int64(5380969), np.int64(5361801), np.int64(3346017)]
INFO:cooler._reduce:records consumed: [np.int64(5632467), np.int64(5672868), np.int64(5664653), np.int64(5668597), np.int64(5671789), np.int64(5656982), np.int64(5671716), np.int64(5661144), np.int64(5659981), np.int64(5663137), np.int64(5657365), np.int64(5652746), np.int64(5654557), np.int64(5667817), np.int64(5613282), np.int64(5595899), np.int64(5578113), np.int64(5601476), np.int64(5587790), np.int64(5592378), np.int64(5587841), np.int64(5595440), np.int64(5584630), np.int64(5586905), np.int64(5542758), np.int64(5579867), np.int64(5605242), np.int64(5587796), np.int64(5558952), np.int64(5596890), np.int64(5570485), np.int64(5593074), np.int64(5591817), np.int64(5597933), np.int64(5588076), np.int64(5628386), np.int64(5668711), np.int64(5648468), np.int64(5619289), np.int64(5671316), np.int64(5651031), np.int64(5649688), np.int64(5657622), np.int64(5661256), np.int64(5683617), np.int64(5670494), np.int64(5671374), np.int64(5664237), np.int64(5680096), np.int64(5659949), np.int64(3532202)]
INFO:cooler._reduce:records consumed: [np.int64(5931245), np.int64(5972670), np.int64(5962644), np.int64(5966989), np.int64(5969405), np.int64(5954735), np.int64(5972061), np.int64(5959783), np.int64(5960292), np.int64(5958968), np.int64(5956851), np.int64(5951636), np.int64(5951587), np.int64(5966382), np.int64(5909119), np.int64(5888450), np.int64(5872304), np.int64(5895005), np.int64(5878899), np.int64(5885572), np.int64(5879484), np.int64(5890286), np.int64(5878791), np.int64(5881342), np.int64(5835267), np.int64(5871675), np.int64(5900206), np.int64(5881581), np.int64(5849312), np.int64(5890386), np.int64(5860665), np.int64(5890487), np.int64(5887057), np.int64(5893493), np.int64(5881538), np.int64(5925236), np.int64(5968259), np.int64(5944351), np.int64(5916234), np.int64(5971117), np.int64(5946539), np.int64(5946564), np.int64(5957407), np.int64(5956709), np.int64(5982561), np.int64(5968021), np.int64(5969685), np.int64(5964678), np.int64(5978680), np.int64(5958274), np.int64(3720187)]
INFO:cooler._reduce:records consumed: [np.int64(6227467), np.int64(6271719), np.int64(6260339), np.int64(6267398), np.int64(6267639), np.int64(6252458), np.int64(6270887), np.int64(6256963), np.int64(6260478), np.int64(6256837), np.int64(6257169), np.int64(6249694), np.int64(6248657), np.int64(6264762), np.int64(6203175), np.int64(6182505), np.int64(6165320), np.int64(6191176), np.int64(6172374), np.int64(6180493), np.int64(6172286), np.int64(6183594), np.int64(6173524), np.int64(6174054), np.int64(6127545), np.int64(6164568), np.int64(6193841), np.int64(6176138), np.int64(6140608), np.int64(6182994), np.int64(6153854), np.int64(6185388), np.int64(6181112), np.int64(6187297), np.int64(6174622), np.int64(6221745), np.int64(6266602), np.int64(6241329), np.int64(6213583), np.int64(6270900), np.int64(6243830), np.int64(6244521), np.int64(6255248), np.int64(6252285), np.int64(6282037), np.int64(6265164), np.int64(6270211), np.int64(6262670), np.int64(6275390), np.int64(6258055), np.int64(3908737)]
INFO:cooler._reduce:records consumed: [np.int64(6522844), np.int64(6570948), np.int64(6559221), np.int64(6566052), np.int64(6563721), np.int64(6550255), np.int64(6569539), np.int64(6554537), np.int64(6555810), np.int64(6555529), np.int64(6554634), np.int64(6547755), np.int64(6544941), np.int64(6564667), np.int64(6497510), np.int64(6476582), np.int64(6458832), np.int64(6484533), np.int64(6464121), np.int64(6474316), np.int64(6465355), np.int64(6475320), np.int64(6467700), np.int64(6468749), np.int64(6421510), np.int64(6459435), np.int64(6490233), np.int64(6471506), np.int64(6435677), np.int64(6476778), np.int64(6449455), np.int64(6477625), np.int64(6478163), np.int64(6480668), np.int64(6467482), np.int64(6520371), np.int64(6563903), np.int64(6537160), np.int64(6509544), np.int64(6570233), np.int64(6542118), np.int64(6543757), np.int64(6554014), np.int64(6550847), np.int64(6579458), np.int64(6564924), np.int64(6568412), np.int64(6560849), np.int64(6572256), np.int64(6554919), np.int64(4096831)]
INFO:cooler._reduce:records consumed: [np.int64(6820036), np.int64(6870515), np.int64(6857038), np.int64(6863688), np.int64(6862509), np.int64(6848656), np.int64(6868950), np.int64(6852180), np.int64(6853865), np.int64(6856602), np.int64(6853732), np.int64(6846228), np.int64(6843965), np.int64(6861964), np.int64(6792557), np.int64(6768757), np.int64(6753629), np.int64(6778988), np.int64(6759138), np.int64(6768426), np.int64(6757141), np.int64(6769566), np.int64(6762785), np.int64(6763801), np.int64(6713237), np.int64(6751429), np.int64(6786268), np.int64(6762531), np.int64(6727924), np.int64(6768260), np.int64(6742828), np.int64(6772898), np.int64(6771588), np.int64(6772211), np.int64(6760469), np.int64(6817252), np.int64(6863413), np.int64(6833631), np.int64(6806688), np.int64(6869369), np.int64(6840255), np.int64(6842969), np.int64(6852985), np.int64(6848235), np.int64(6878246), np.int64(6861844), np.int64(6865635), np.int64(6855901), np.int64(6871338), np.int64(6854377), np.int64(4285424)]
INFO:cooler._reduce:records consumed: [np.int64(7117736), np.int64(7169011), np.int64(7155884), np.int64(7163009), np.int64(7160703), np.int64(7147466), np.int64(7166172), np.int64(7150650), np.int64(7150961), np.int64(7155923), np.int64(7153369), np.int64(7144210), np.int64(7142228), np.int64(7161194), np.int64(7087541), np.int64(7061555), np.int64(7048317), np.int64(7073030), np.int64(7051140), np.int64(7061227), np.int64(7049571), np.int64(7062960), np.int64(7054688), np.int64(7056113), np.int64(7006860), np.int64(7045142), np.int64(7079802), np.int64(7055126), np.int64(7018479), np.int64(7060284), np.int64(7035768), np.int64(7066601), np.int64(7064900), np.int64(7063809), np.int64(7055818), np.int64(7114412), np.int64(7161260), np.int64(7129137), np.int64(7103798), np.int64(7169218), np.int64(7137333), np.int64(7142657), np.int64(7151667), np.int64(7146485), np.int64(7176366), np.int64(7160186), np.int64(7165958), np.int64(7155209), np.int64(7170791), np.int64(7153408), np.int64(4476957)]
INFO:cooler._reduce:records consumed: [np.int64(7413945), np.int64(7468719), np.int64(7454810), np.int64(7460272), np.int64(7456843), np.int64(7448608), np.int64(7465361), np.int64(7448926), np.int64(7449262), np.int64(7453000), np.int64(7452190), np.int64(7442269), np.int64(7441506), np.int64(7459230), np.int64(7380933), np.int64(7355736), np.int64(7343422), np.int64(7365449), np.int64(7343085), np.int64(7354433), np.int64(7341512), np.int64(7357088), np.int64(7346633), np.int64(7351082), np.int64(7297839), np.int64(7337258), np.int64(7375678), np.int64(7350630), np.int64(7309617), np.int64(7352889), np.int64(7328642), np.int64(7363389), np.int64(7359466), np.int64(7357382), np.int64(7347813), np.int64(7409700), np.int64(7461184), np.int64(7426951), np.int64(7401975), np.int64(7466329), np.int64(7434978), np.int64(7439183), np.int64(7449832), np.int64(7445024), np.int64(7474971), np.int64(7458755), np.int64(7464288), np.int64(7453127), np.int64(7468682), np.int64(7452982), np.int64(4669478)]
INFO:cooler._reduce:records consumed: [np.int64(7680561), np.int64(7736751), np.int64(7721236), np.int64(7728095), np.int64(7723603), np.int64(7716414), np.int64(7733400), np.int64(7714062), np.int64(7717604), np.int64(7719836), np.int64(7719680), np.int64(7710497), np.int64(7709325), np.int64(7728530), np.int64(7643778), np.int64(7619547), np.int64(7607783), np.int64(7630408), np.int64(7605503), np.int64(7617309), np.int64(7605195), np.int64(7621694), np.int64(7611271), np.int64(7614666), np.int64(7560875), np.int64(7600142), np.int64(7641260), np.int64(7614229), np.int64(7573381), np.int64(7615421), np.int64(7589848), np.int64(7626550), np.int64(7623056), np.int64(7620243), np.int64(7610400), np.int64(7677370), np.int64(7728588), np.int64(7693870), np.int64(7667874), np.int64(7733777), np.int64(7702051), np.int64(7706131), np.int64(7717988), np.int64(7714716), np.int64(7742391), np.int64(7728816), np.int64(7732261), np.int64(7720456), np.int64(7737478), np.int64(7723661), np.int64(4846580)]
INFO:cooler.create:Writing indexes
INFO:cooler.create:Writing info
