INFO:cooler.create:Writing chunk 0: /mnt/storage3b/projects/no_ngsd/ahthapp1_T2T_ONT/analysis_other/porec/T2T04.hp1/cooler/tmp4yn4chnh.multi.cool::0
INFO:cooler.create:Creating cooler at "/mnt/storage3b/projects/no_ngsd/ahthapp1_T2T_ONT/analysis_other/porec/T2T04.hp1/cooler/tmp4yn4chnh.multi.cool::/0"
INFO:cooler.create:Writing chroms
INFO:cooler.create:Writing bins
INFO:cooler.create:Writing pixels
INFO:cooler.create:Writing indexes
INFO:cooler.create:Writing info
INFO:cooler.create:Writing chunk 1: /mnt/storage3b/projects/no_ngsd/ahthapp1_T2T_ONT/analysis_other/porec/T2T04.hp1/cooler/tmp4yn4chnh.multi.cool::1
INFO:cooler.create:Creating cooler at "/mnt/storage3b/projects/no_ngsd/ahthapp1_T2T_ONT/analysis_other/porec/T2T04.hp1/cooler/tmp4yn4chnh.multi.cool::/1"
INFO:cooler.create:Writing chroms
INFO:cooler.create:Writing bins
INFO:cooler.create:Writing pixels
INFO:cooler.create:Writing indexes
INFO:cooler.create:Writing info
INFO:cooler.create:Writing chunk 2: /mnt/storage3b/projects/no_ngsd/ahthapp1_T2T_ONT/analysis_other/porec/T2T04.hp1/cooler/tmp4yn4chnh.multi.cool::2
INFO:cooler.create:Creating cooler at "/mnt/storage3b/projects/no_ngsd/ahthapp1_T2T_ONT/analysis_other/porec/T2T04.hp1/cooler/tmp4yn4chnh.multi.cool::/2"
INFO:cooler.create:Writing chroms
INFO:cooler.create:Writing bins
INFO:cooler.create:Writing pixels
INFO:cooler.create:Writing indexes
INFO:cooler.create:Writing info
INFO:cooler.create:Writing chunk 3: /mnt/storage3b/projects/no_ngsd/ahthapp1_T2T_ONT/analysis_other/porec/T2T04.hp1/cooler/tmp4yn4chnh.multi.cool::3
INFO:cooler.create:Creating cooler at "/mnt/storage3b/projects/no_ngsd/ahthapp1_T2T_ONT/analysis_other/porec/T2T04.hp1/cooler/tmp4yn4chnh.multi.cool::/3"
INFO:cooler.create:Writing chroms
INFO:cooler.create:Writing bins
INFO:cooler.create:Writing pixels
INFO:cooler.create:Writing indexes
INFO:cooler.create:Writing info
INFO:cooler.create:Writing chunk 4: /mnt/storage3b/projects/no_ngsd/ahthapp1_T2T_ONT/analysis_other/porec/T2T04.hp1/cooler/tmp4yn4chnh.multi.cool::4
INFO:cooler.create:Creating cooler at "/mnt/storage3b/projects/no_ngsd/ahthapp1_T2T_ONT/analysis_other/porec/T2T04.hp1/cooler/tmp4yn4chnh.multi.cool::/4"
INFO:cooler.create:Writing chroms
INFO:cooler.create:Writing bins
INFO:cooler.create:Writing pixels
INFO:cooler.create:Writing indexes
INFO:cooler.create:Writing info
INFO:cooler.create:Writing chunk 5: /mnt/storage3b/projects/no_ngsd/ahthapp1_T2T_ONT/analysis_other/porec/T2T04.hp1/cooler/tmp4yn4chnh.multi.cool::5
INFO:cooler.create:Creating cooler at "/mnt/storage3b/projects/no_ngsd/ahthapp1_T2T_ONT/analysis_other/porec/T2T04.hp1/cooler/tmp4yn4chnh.multi.cool::/5"
INFO:cooler.create:Writing chroms
INFO:cooler.create:Writing bins
INFO:cooler.create:Writing pixels
INFO:cooler.create:Writing indexes
INFO:cooler.create:Writing info
INFO:cooler.create:Writing chunk 6: /mnt/storage3b/projects/no_ngsd/ahthapp1_T2T_ONT/analysis_other/porec/T2T04.hp1/cooler/tmp4yn4chnh.multi.cool::6
INFO:cooler.create:Creating cooler at "/mnt/storage3b/projects/no_ngsd/ahthapp1_T2T_ONT/analysis_other/porec/T2T04.hp1/cooler/tmp4yn4chnh.multi.cool::/6"
INFO:cooler.create:Writing chroms
INFO:cooler.create:Writing bins
INFO:cooler.create:Writing pixels
INFO:cooler.create:Writing indexes
INFO:cooler.create:Writing info
INFO:cooler.create:Writing chunk 7: /mnt/storage3b/projects/no_ngsd/ahthapp1_T2T_ONT/analysis_other/porec/T2T04.hp1/cooler/tmp4yn4chnh.multi.cool::7
INFO:cooler.create:Creating cooler at "/mnt/storage3b/projects/no_ngsd/ahthapp1_T2T_ONT/analysis_other/porec/T2T04.hp1/cooler/tmp4yn4chnh.multi.cool::/7"
INFO:cooler.create:Writing chroms
INFO:cooler.create:Writing bins
INFO:cooler.create:Writing pixels
INFO:cooler.create:Writing indexes
INFO:cooler.create:Writing info
INFO:cooler.create:Writing chunk 8: /mnt/storage3b/projects/no_ngsd/ahthapp1_T2T_ONT/analysis_other/porec/T2T04.hp1/cooler/tmp4yn4chnh.multi.cool::8
INFO:cooler.create:Creating cooler at "/mnt/storage3b/projects/no_ngsd/ahthapp1_T2T_ONT/analysis_other/porec/T2T04.hp1/cooler/tmp4yn4chnh.multi.cool::/8"
INFO:cooler.create:Writing chroms
INFO:cooler.create:Writing bins
INFO:cooler.create:Writing pixels
INFO:cooler.create:Writing indexes
INFO:cooler.create:Writing info
INFO:cooler.create:Writing chunk 9: /mnt/storage3b/projects/no_ngsd/ahthapp1_T2T_ONT/analysis_other/porec/T2T04.hp1/cooler/tmp4yn4chnh.multi.cool::9
INFO:cooler.create:Creating cooler at "/mnt/storage3b/projects/no_ngsd/ahthapp1_T2T_ONT/analysis_other/porec/T2T04.hp1/cooler/tmp4yn4chnh.multi.cool::/9"
INFO:cooler.create:Writing chroms
INFO:cooler.create:Writing bins
INFO:cooler.create:Writing pixels
INFO:cooler.create:Writing indexes
INFO:cooler.create:Writing info
INFO:cooler.create:Writing chunk 10: /mnt/storage3b/projects/no_ngsd/ahthapp1_T2T_ONT/analysis_other/porec/T2T04.hp1/cooler/tmp4yn4chnh.multi.cool::10
INFO:cooler.create:Creating cooler at "/mnt/storage3b/projects/no_ngsd/ahthapp1_T2T_ONT/analysis_other/porec/T2T04.hp1/cooler/tmp4yn4chnh.multi.cool::/10"
INFO:cooler.create:Writing chroms
INFO:cooler.create:Writing bins
INFO:cooler.create:Writing pixels
INFO:cooler.create:Writing indexes
INFO:cooler.create:Writing info
INFO:cooler.create:Writing chunk 11: /mnt/storage3b/projects/no_ngsd/ahthapp1_T2T_ONT/analysis_other/porec/T2T04.hp1/cooler/tmp4yn4chnh.multi.cool::11
INFO:cooler.create:Creating cooler at "/mnt/storage3b/projects/no_ngsd/ahthapp1_T2T_ONT/analysis_other/porec/T2T04.hp1/cooler/tmp4yn4chnh.multi.cool::/11"
INFO:cooler.create:Writing chroms
INFO:cooler.create:Writing bins
INFO:cooler.create:Writing pixels
INFO:cooler.create:Writing indexes
INFO:cooler.create:Writing info
INFO:cooler.create:Writing chunk 12: /mnt/storage3b/projects/no_ngsd/ahthapp1_T2T_ONT/analysis_other/porec/T2T04.hp1/cooler/tmp4yn4chnh.multi.cool::12
INFO:cooler.create:Creating cooler at "/mnt/storage3b/projects/no_ngsd/ahthapp1_T2T_ONT/analysis_other/porec/T2T04.hp1/cooler/tmp4yn4chnh.multi.cool::/12"
INFO:cooler.create:Writing chroms
INFO:cooler.create:Writing bins
INFO:cooler.create:Writing pixels
INFO:cooler.create:Writing indexes
INFO:cooler.create:Writing info
INFO:cooler.create:Writing chunk 13: /mnt/storage3b/projects/no_ngsd/ahthapp1_T2T_ONT/analysis_other/porec/T2T04.hp1/cooler/tmp4yn4chnh.multi.cool::13
INFO:cooler.create:Creating cooler at "/mnt/storage3b/projects/no_ngsd/ahthapp1_T2T_ONT/analysis_other/porec/T2T04.hp1/cooler/tmp4yn4chnh.multi.cool::/13"
INFO:cooler.create:Writing chroms
INFO:cooler.create:Writing bins
INFO:cooler.create:Writing pixels
INFO:cooler.create:Writing indexes
INFO:cooler.create:Writing info
INFO:cooler.create:Writing chunk 14: /mnt/storage3b/projects/no_ngsd/ahthapp1_T2T_ONT/analysis_other/porec/T2T04.hp1/cooler/tmp4yn4chnh.multi.cool::14
INFO:cooler.create:Creating cooler at "/mnt/storage3b/projects/no_ngsd/ahthapp1_T2T_ONT/analysis_other/porec/T2T04.hp1/cooler/tmp4yn4chnh.multi.cool::/14"
INFO:cooler.create:Writing chroms
INFO:cooler.create:Writing bins
INFO:cooler.create:Writing pixels
INFO:cooler.create:Writing indexes
INFO:cooler.create:Writing info
INFO:cooler.create:Writing chunk 15: /mnt/storage3b/projects/no_ngsd/ahthapp1_T2T_ONT/analysis_other/porec/T2T04.hp1/cooler/tmp4yn4chnh.multi.cool::15
INFO:cooler.create:Creating cooler at "/mnt/storage3b/projects/no_ngsd/ahthapp1_T2T_ONT/analysis_other/porec/T2T04.hp1/cooler/tmp4yn4chnh.multi.cool::/15"
INFO:cooler.create:Writing chroms
INFO:cooler.create:Writing bins
INFO:cooler.create:Writing pixels
INFO:cooler.create:Writing indexes
INFO:cooler.create:Writing info
INFO:cooler.create:Writing chunk 16: /mnt/storage3b/projects/no_ngsd/ahthapp1_T2T_ONT/analysis_other/porec/T2T04.hp1/cooler/tmp4yn4chnh.multi.cool::16
INFO:cooler.create:Creating cooler at "/mnt/storage3b/projects/no_ngsd/ahthapp1_T2T_ONT/analysis_other/porec/T2T04.hp1/cooler/tmp4yn4chnh.multi.cool::/16"
INFO:cooler.create:Writing chroms
INFO:cooler.create:Writing bins
INFO:cooler.create:Writing pixels
INFO:cooler.create:Writing indexes
INFO:cooler.create:Writing info
INFO:cooler.create:Writing chunk 17: /mnt/storage3b/projects/no_ngsd/ahthapp1_T2T_ONT/analysis_other/porec/T2T04.hp1/cooler/tmp4yn4chnh.multi.cool::17
INFO:cooler.create:Creating cooler at "/mnt/storage3b/projects/no_ngsd/ahthapp1_T2T_ONT/analysis_other/porec/T2T04.hp1/cooler/tmp4yn4chnh.multi.cool::/17"
INFO:cooler.create:Writing chroms
INFO:cooler.create:Writing bins
INFO:cooler.create:Writing pixels
INFO:cooler.create:Writing indexes
INFO:cooler.create:Writing info
INFO:cooler.create:Writing chunk 18: /mnt/storage3b/projects/no_ngsd/ahthapp1_T2T_ONT/analysis_other/porec/T2T04.hp1/cooler/tmp4yn4chnh.multi.cool::18
INFO:cooler.create:Creating cooler at "/mnt/storage3b/projects/no_ngsd/ahthapp1_T2T_ONT/analysis_other/porec/T2T04.hp1/cooler/tmp4yn4chnh.multi.cool::/18"
INFO:cooler.create:Writing chroms
INFO:cooler.create:Writing bins
INFO:cooler.create:Writing pixels
INFO:cooler.create:Writing indexes
INFO:cooler.create:Writing info
INFO:cooler.create:Writing chunk 19: /mnt/storage3b/projects/no_ngsd/ahthapp1_T2T_ONT/analysis_other/porec/T2T04.hp1/cooler/tmp4yn4chnh.multi.cool::19
INFO:cooler.create:Creating cooler at "/mnt/storage3b/projects/no_ngsd/ahthapp1_T2T_ONT/analysis_other/porec/T2T04.hp1/cooler/tmp4yn4chnh.multi.cool::/19"
INFO:cooler.create:Writing chroms
INFO:cooler.create:Writing bins
INFO:cooler.create:Writing pixels
INFO:cooler.create:Writing indexes
INFO:cooler.create:Writing info
INFO:cooler.create:Writing chunk 20: /mnt/storage3b/projects/no_ngsd/ahthapp1_T2T_ONT/analysis_other/porec/T2T04.hp1/cooler/tmp4yn4chnh.multi.cool::20
INFO:cooler.create:Creating cooler at "/mnt/storage3b/projects/no_ngsd/ahthapp1_T2T_ONT/analysis_other/porec/T2T04.hp1/cooler/tmp4yn4chnh.multi.cool::/20"
INFO:cooler.create:Writing chroms
INFO:cooler.create:Writing bins
INFO:cooler.create:Writing pixels
INFO:cooler.create:Writing indexes
INFO:cooler.create:Writing info
INFO:cooler.create:Writing chunk 21: /mnt/storage3b/projects/no_ngsd/ahthapp1_T2T_ONT/analysis_other/porec/T2T04.hp1/cooler/tmp4yn4chnh.multi.cool::21
INFO:cooler.create:Creating cooler at "/mnt/storage3b/projects/no_ngsd/ahthapp1_T2T_ONT/analysis_other/porec/T2T04.hp1/cooler/tmp4yn4chnh.multi.cool::/21"
INFO:cooler.create:Writing chroms
INFO:cooler.create:Writing bins
INFO:cooler.create:Writing pixels
INFO:cooler.create:Writing indexes
INFO:cooler.create:Writing info
INFO:cooler.create:Writing chunk 22: /mnt/storage3b/projects/no_ngsd/ahthapp1_T2T_ONT/analysis_other/porec/T2T04.hp1/cooler/tmp4yn4chnh.multi.cool::22
INFO:cooler.create:Creating cooler at "/mnt/storage3b/projects/no_ngsd/ahthapp1_T2T_ONT/analysis_other/porec/T2T04.hp1/cooler/tmp4yn4chnh.multi.cool::/22"
INFO:cooler.create:Writing chroms
INFO:cooler.create:Writing bins
INFO:cooler.create:Writing pixels
INFO:cooler.create:Writing indexes
INFO:cooler.create:Writing info
INFO:cooler.create:Writing chunk 23: /mnt/storage3b/projects/no_ngsd/ahthapp1_T2T_ONT/analysis_other/porec/T2T04.hp1/cooler/tmp4yn4chnh.multi.cool::23
INFO:cooler.create:Creating cooler at "/mnt/storage3b/projects/no_ngsd/ahthapp1_T2T_ONT/analysis_other/porec/T2T04.hp1/cooler/tmp4yn4chnh.multi.cool::/23"
INFO:cooler.create:Writing chroms
INFO:cooler.create:Writing bins
INFO:cooler.create:Writing pixels
INFO:cooler.create:Writing indexes
INFO:cooler.create:Writing info
INFO:cooler.create:Writing chunk 24: /mnt/storage3b/projects/no_ngsd/ahthapp1_T2T_ONT/analysis_other/porec/T2T04.hp1/cooler/tmp4yn4chnh.multi.cool::24
INFO:cooler.create:Creating cooler at "/mnt/storage3b/projects/no_ngsd/ahthapp1_T2T_ONT/analysis_other/porec/T2T04.hp1/cooler/tmp4yn4chnh.multi.cool::/24"
INFO:cooler.create:Writing chroms
INFO:cooler.create:Writing bins
INFO:cooler.create:Writing pixels
INFO:cooler.create:Writing indexes
INFO:cooler.create:Writing info
INFO:cooler.create:Writing chunk 25: /mnt/storage3b/projects/no_ngsd/ahthapp1_T2T_ONT/analysis_other/porec/T2T04.hp1/cooler/tmp4yn4chnh.multi.cool::25
INFO:cooler.create:Creating cooler at "/mnt/storage3b/projects/no_ngsd/ahthapp1_T2T_ONT/analysis_other/porec/T2T04.hp1/cooler/tmp4yn4chnh.multi.cool::/25"
INFO:cooler.create:Writing chroms
INFO:cooler.create:Writing bins
INFO:cooler.create:Writing pixels
INFO:cooler.create:Writing indexes
INFO:cooler.create:Writing info
INFO:cooler.create:Writing chunk 26: /mnt/storage3b/projects/no_ngsd/ahthapp1_T2T_ONT/analysis_other/porec/T2T04.hp1/cooler/tmp4yn4chnh.multi.cool::26
INFO:cooler.create:Creating cooler at "/mnt/storage3b/projects/no_ngsd/ahthapp1_T2T_ONT/analysis_other/porec/T2T04.hp1/cooler/tmp4yn4chnh.multi.cool::/26"
INFO:cooler.create:Writing chroms
INFO:cooler.create:Writing bins
INFO:cooler.create:Writing pixels
INFO:cooler.create:Writing indexes
INFO:cooler.create:Writing info
INFO:cooler.create:Writing chunk 27: /mnt/storage3b/projects/no_ngsd/ahthapp1_T2T_ONT/analysis_other/porec/T2T04.hp1/cooler/tmp4yn4chnh.multi.cool::27
INFO:cooler.create:Creating cooler at "/mnt/storage3b/projects/no_ngsd/ahthapp1_T2T_ONT/analysis_other/porec/T2T04.hp1/cooler/tmp4yn4chnh.multi.cool::/27"
INFO:cooler.create:Writing chroms
INFO:cooler.create:Writing bins
INFO:cooler.create:Writing pixels
INFO:cooler.create:Writing indexes
INFO:cooler.create:Writing info
INFO:cooler.create:Writing chunk 28: /mnt/storage3b/projects/no_ngsd/ahthapp1_T2T_ONT/analysis_other/porec/T2T04.hp1/cooler/tmp4yn4chnh.multi.cool::28
INFO:cooler.create:Creating cooler at "/mnt/storage3b/projects/no_ngsd/ahthapp1_T2T_ONT/analysis_other/porec/T2T04.hp1/cooler/tmp4yn4chnh.multi.cool::/28"
INFO:cooler.create:Writing chroms
INFO:cooler.create:Writing bins
INFO:cooler.create:Writing pixels
INFO:cooler.create:Writing indexes
INFO:cooler.create:Writing info
INFO:cooler.create:Writing chunk 29: /mnt/storage3b/projects/no_ngsd/ahthapp1_T2T_ONT/analysis_other/porec/T2T04.hp1/cooler/tmp4yn4chnh.multi.cool::29
INFO:cooler.create:Creating cooler at "/mnt/storage3b/projects/no_ngsd/ahthapp1_T2T_ONT/analysis_other/porec/T2T04.hp1/cooler/tmp4yn4chnh.multi.cool::/29"
INFO:cooler.create:Writing chroms
INFO:cooler.create:Writing bins
INFO:cooler.create:Writing pixels
INFO:cooler.create:Writing indexes
INFO:cooler.create:Writing info
INFO:cooler.create:Writing chunk 30: /mnt/storage3b/projects/no_ngsd/ahthapp1_T2T_ONT/analysis_other/porec/T2T04.hp1/cooler/tmp4yn4chnh.multi.cool::30
INFO:cooler.create:Creating cooler at "/mnt/storage3b/projects/no_ngsd/ahthapp1_T2T_ONT/analysis_other/porec/T2T04.hp1/cooler/tmp4yn4chnh.multi.cool::/30"
INFO:cooler.create:Writing chroms
INFO:cooler.create:Writing bins
INFO:cooler.create:Writing pixels
INFO:cooler.create:Writing indexes
INFO:cooler.create:Writing info
INFO:cooler.create:Writing chunk 31: /mnt/storage3b/projects/no_ngsd/ahthapp1_T2T_ONT/analysis_other/porec/T2T04.hp1/cooler/tmp4yn4chnh.multi.cool::31
INFO:cooler.create:Creating cooler at "/mnt/storage3b/projects/no_ngsd/ahthapp1_T2T_ONT/analysis_other/porec/T2T04.hp1/cooler/tmp4yn4chnh.multi.cool::/31"
INFO:cooler.create:Writing chroms
INFO:cooler.create:Writing bins
INFO:cooler.create:Writing pixels
INFO:cooler.create:Writing indexes
INFO:cooler.create:Writing info
INFO:cooler.create:Writing chunk 32: /mnt/storage3b/projects/no_ngsd/ahthapp1_T2T_ONT/analysis_other/porec/T2T04.hp1/cooler/tmp4yn4chnh.multi.cool::32
INFO:cooler.create:Creating cooler at "/mnt/storage3b/projects/no_ngsd/ahthapp1_T2T_ONT/analysis_other/porec/T2T04.hp1/cooler/tmp4yn4chnh.multi.cool::/32"
INFO:cooler.create:Writing chroms
INFO:cooler.create:Writing bins
INFO:cooler.create:Writing pixels
INFO:cooler.create:Writing indexes
INFO:cooler.create:Writing info
INFO:cooler.create:Writing chunk 33: /mnt/storage3b/projects/no_ngsd/ahthapp1_T2T_ONT/analysis_other/porec/T2T04.hp1/cooler/tmp4yn4chnh.multi.cool::33
INFO:cooler.create:Creating cooler at "/mnt/storage3b/projects/no_ngsd/ahthapp1_T2T_ONT/analysis_other/porec/T2T04.hp1/cooler/tmp4yn4chnh.multi.cool::/33"
INFO:cooler.create:Writing chroms
INFO:cooler.create:Writing bins
INFO:cooler.create:Writing pixels
INFO:cooler.create:Writing indexes
INFO:cooler.create:Writing info
INFO:cooler.create:Writing chunk 34: /mnt/storage3b/projects/no_ngsd/ahthapp1_T2T_ONT/analysis_other/porec/T2T04.hp1/cooler/tmp4yn4chnh.multi.cool::34
INFO:cooler.create:Creating cooler at "/mnt/storage3b/projects/no_ngsd/ahthapp1_T2T_ONT/analysis_other/porec/T2T04.hp1/cooler/tmp4yn4chnh.multi.cool::/34"
INFO:cooler.create:Writing chroms
INFO:cooler.create:Writing bins
INFO:cooler.create:Writing pixels
INFO:cooler.create:Writing indexes
INFO:cooler.create:Writing info
INFO:cooler.create:Writing chunk 35: /mnt/storage3b/projects/no_ngsd/ahthapp1_T2T_ONT/analysis_other/porec/T2T04.hp1/cooler/tmp4yn4chnh.multi.cool::35
INFO:cooler.create:Creating cooler at "/mnt/storage3b/projects/no_ngsd/ahthapp1_T2T_ONT/analysis_other/porec/T2T04.hp1/cooler/tmp4yn4chnh.multi.cool::/35"
INFO:cooler.create:Writing chroms
INFO:cooler.create:Writing bins
INFO:cooler.create:Writing pixels
INFO:cooler.create:Writing indexes
INFO:cooler.create:Writing info
INFO:cooler.create:Writing chunk 36: /mnt/storage3b/projects/no_ngsd/ahthapp1_T2T_ONT/analysis_other/porec/T2T04.hp1/cooler/tmp4yn4chnh.multi.cool::36
INFO:cooler.create:Creating cooler at "/mnt/storage3b/projects/no_ngsd/ahthapp1_T2T_ONT/analysis_other/porec/T2T04.hp1/cooler/tmp4yn4chnh.multi.cool::/36"
INFO:cooler.create:Writing chroms
INFO:cooler.create:Writing bins
INFO:cooler.create:Writing pixels
INFO:cooler.create:Writing indexes
INFO:cooler.create:Writing info
INFO:cooler.create:Merging into analysis_other/porec/T2T04.hp1/cooler/T2T04.hp1_1000.cool
INFO:cooler.create:Creating cooler at "/mnt/storage3b/projects/no_ngsd/ahthapp1_T2T_ONT/analysis_other/porec/T2T04.hp1/cooler/T2T04.hp1_1000.cool::/"
INFO:cooler.create:Writing chroms
INFO:cooler.create:Writing bins
INFO:cooler.create:Writing pixels
INFO:cooler._reduce:n_merge_epochs: 32
INFO:cooler._reduce:nnzs: [13488904, 13597703, 13537338, 13673120, 13534519, 13512075, 13602731, 13507338, 13497748, 13464516, 13501227, 13516029, 13205958, 13339137, 13246904, 13089800, 13189284, 13063318, 13143508, 13003740, 13134522, 12796552, 12581524, 13047991, 13025696, 13041363, 13125742, 13003556, 13019781, 13088869, 12609439, 12448875, 11825694, 12103718, 12392525, 12050386, 4139404]
INFO:cooler._reduce:records consumed: [np.int64(3200626), np.int64(3249766), np.int64(3242548), np.int64(3313542), np.int64(1993597), np.int64(0), np.int64(0), np.int64(0), np.int64(0), np.int64(0), np.int64(0), np.int64(0), np.int64(0), np.int64(0), np.int64(0), np.int64(0), np.int64(0), np.int64(0), np.int64(0), np.int64(0), np.int64(0), np.int64(0), np.int64(0), np.int64(0), np.int64(0), np.int64(0), np.int64(0), np.int64(0), np.int64(0), np.int64(0), np.int64(0), np.int64(0), np.int64(0), np.int64(0), np.int64(0), np.int64(0), np.int64(0)]
INFO:cooler._reduce:records consumed: [np.int64(6467478), np.int64(6527950), np.int64(6479078), np.int64(6601594), np.int64(3924343), np.int64(0), np.int64(0), np.int64(0), np.int64(0), np.int64(0), np.int64(0), np.int64(0), np.int64(0), np.int64(0), np.int64(0), np.int64(0), np.int64(0), np.int64(0), np.int64(0), np.int64(0), np.int64(0), np.int64(0), np.int64(0), np.int64(0), np.int64(0), np.int64(0), np.int64(0), np.int64(0), np.int64(0), np.int64(0), np.int64(0), np.int64(0), np.int64(0), np.int64(0), np.int64(0), np.int64(0), np.int64(0)]
INFO:cooler._reduce:records consumed: [np.int64(9729182), np.int64(9807794), np.int64(9753061), np.int64(9869861), np.int64(5840728), np.int64(0), np.int64(0), np.int64(0), np.int64(0), np.int64(0), np.int64(0), np.int64(0), np.int64(0), np.int64(0), np.int64(0), np.int64(0), np.int64(0), np.int64(0), np.int64(0), np.int64(0), np.int64(0), np.int64(0), np.int64(0), np.int64(0), np.int64(0), np.int64(0), np.int64(0), np.int64(0), np.int64(0), np.int64(0), np.int64(0), np.int64(0), np.int64(0), np.int64(0), np.int64(0), np.int64(0), np.int64(0)]
INFO:cooler._reduce:records consumed: [np.int64(12977649), np.int64(13076476), np.int64(13028546), np.int64(13149833), np.int64(7768139), np.int64(0), np.int64(0), np.int64(0), np.int64(0), np.int64(0), np.int64(0), np.int64(0), np.int64(0), np.int64(0), np.int64(0), np.int64(0), np.int64(0), np.int64(0), np.int64(0), np.int64(0), np.int64(0), np.int64(0), np.int64(0), np.int64(0), np.int64(0), np.int64(0), np.int64(0), np.int64(0), np.int64(0), np.int64(0), np.int64(0), np.int64(0), np.int64(0), np.int64(0), np.int64(0), np.int64(0), np.int64(0)]
INFO:cooler._reduce:records consumed: [np.int64(13488904), np.int64(13597703), np.int64(13537338), np.int64(13673120), np.int64(9253984), np.int64(2938511), np.int64(2986951), np.int64(2940971), np.int64(2583209), np.int64(0), np.int64(0), np.int64(0), np.int64(0), np.int64(0), np.int64(0), np.int64(0), np.int64(0), np.int64(0), np.int64(0), np.int64(0), np.int64(0), np.int64(0), np.int64(0), np.int64(0), np.int64(0), np.int64(0), np.int64(0), np.int64(0), np.int64(0), np.int64(0), np.int64(0), np.int64(0), np.int64(0), np.int64(0), np.int64(0), np.int64(0), np.int64(0)]
INFO:cooler._reduce:records consumed: [np.int64(13488904), np.int64(13597703), np.int64(13537338), np.int64(13673120), np.int64(10666473), np.int64(6443898), np.int64(6523582), np.int64(6429591), np.int64(5640153), np.int64(0), np.int64(0), np.int64(0), np.int64(0), np.int64(0), np.int64(0), np.int64(0), np.int64(0), np.int64(0), np.int64(0), np.int64(0), np.int64(0), np.int64(0), np.int64(0), np.int64(0), np.int64(0), np.int64(0), np.int64(0), np.int64(0), np.int64(0), np.int64(0), np.int64(0), np.int64(0), np.int64(0), np.int64(0), np.int64(0), np.int64(0), np.int64(0)]
INFO:cooler._reduce:records consumed: [np.int64(13488904), np.int64(13597703), np.int64(13537338), np.int64(13673120), np.int64(12075530), np.int64(9946902), np.int64(10029785), np.int64(9945610), np.int64(8706034), np.int64(0), np.int64(0), np.int64(0), np.int64(0), np.int64(0), np.int64(0), np.int64(0), np.int64(0), np.int64(0), np.int64(0), np.int64(0), np.int64(0), np.int64(0), np.int64(0), np.int64(0), np.int64(0), np.int64(0), np.int64(0), np.int64(0), np.int64(0), np.int64(0), np.int64(0), np.int64(0), np.int64(0), np.int64(0), np.int64(0), np.int64(0), np.int64(0)]
INFO:cooler._reduce:records consumed: [np.int64(13488904), np.int64(13597703), np.int64(13537338), np.int64(13673120), np.int64(13505752), np.int64(13443820), np.int64(13534174), np.int64(13437100), np.int64(11783058), np.int64(0), np.int64(0), np.int64(0), np.int64(0), np.int64(0), np.int64(0), np.int64(0), np.int64(0), np.int64(0), np.int64(0), np.int64(0), np.int64(0), np.int64(0), np.int64(0), np.int64(0), np.int64(0), np.int64(0), np.int64(0), np.int64(0), np.int64(0), np.int64(0), np.int64(0), np.int64(0), np.int64(0), np.int64(0), np.int64(0), np.int64(0), np.int64(0)]
INFO:cooler._reduce:records consumed: [np.int64(13488904), np.int64(13597703), np.int64(13537338), np.int64(13673120), np.int64(13534519), np.int64(13512075), np.int64(13602731), np.int64(13507338), np.int64(12412306), np.int64(4631811), np.int64(4631935), np.int64(4605119), np.int64(266110), np.int64(0), np.int64(0), np.int64(0), np.int64(0), np.int64(0), np.int64(0), np.int64(0), np.int64(0), np.int64(0), np.int64(0), np.int64(0), np.int64(0), np.int64(0), np.int64(0), np.int64(0), np.int64(0), np.int64(0), np.int64(0), np.int64(0), np.int64(0), np.int64(0), np.int64(0), np.int64(0), np.int64(0)]
INFO:cooler._reduce:records consumed: [np.int64(13488904), np.int64(13597703), np.int64(13537338), np.int64(13673120), np.int64(13534519), np.int64(13512075), np.int64(13602731), np.int64(13507338), np.int64(12985526), np.int64(9333909), np.int64(9354219), np.int64(9339553), np.int64(534186), np.int64(0), np.int64(0), np.int64(0), np.int64(0), np.int64(0), np.int64(0), np.int64(0), np.int64(0), np.int64(0), np.int64(0), np.int64(0), np.int64(0), np.int64(0), np.int64(0), np.int64(0), np.int64(0), np.int64(0), np.int64(0), np.int64(0), np.int64(0), np.int64(0), np.int64(0), np.int64(0), np.int64(0)]
INFO:cooler._reduce:records consumed: [np.int64(13488904), np.int64(13597703), np.int64(13537338), np.int64(13673120), np.int64(13534519), np.int64(13512075), np.int64(13602731), np.int64(13507338), np.int64(13497748), np.int64(13464516), np.int64(13501227), np.int64(13516029), np.int64(1380940), np.int64(653674), np.int64(533435), np.int64(0), np.int64(0), np.int64(0), np.int64(0), np.int64(0), np.int64(0), np.int64(0), np.int64(0), np.int64(0), np.int64(0), np.int64(0), np.int64(0), np.int64(0), np.int64(0), np.int64(0), np.int64(0), np.int64(0), np.int64(0), np.int64(0), np.int64(0), np.int64(0), np.int64(0)]
INFO:cooler._reduce:records consumed: [np.int64(13488904), np.int64(13597703), np.int64(13537338), np.int64(13673120), np.int64(13534519), np.int64(13512075), np.int64(13602731), np.int64(13507338), np.int64(13497748), np.int64(13464516), np.int64(13501227), np.int64(13516029), np.int64(6530804), np.int64(6199283), np.int64(4838074), np.int64(0), np.int64(0), np.int64(0), np.int64(0), np.int64(0), np.int64(0), np.int64(0), np.int64(0), np.int64(0), np.int64(0), np.int64(0), np.int64(0), np.int64(0), np.int64(0), np.int64(0), np.int64(0), np.int64(0), np.int64(0), np.int64(0), np.int64(0), np.int64(0), np.int64(0)]
INFO:cooler._reduce:records consumed: [np.int64(13488904), np.int64(13597703), np.int64(13537338), np.int64(13673120), np.int64(13534519), np.int64(13512075), np.int64(13602731), np.int64(13507338), np.int64(13497748), np.int64(13464516), np.int64(13501227), np.int64(13516029), np.int64(11709140), np.int64(11723823), np.int64(9135222), np.int64(0), np.int64(0), np.int64(0), np.int64(0), np.int64(0), np.int64(0), np.int64(0), np.int64(0), np.int64(0), np.int64(0), np.int64(0), np.int64(0), np.int64(0), np.int64(0), np.int64(0), np.int64(0), np.int64(0), np.int64(0), np.int64(0), np.int64(0), np.int64(0), np.int64(0)]
INFO:cooler._reduce:records consumed: [np.int64(13488904), np.int64(13597703), np.int64(13537338), np.int64(13673120), np.int64(13534519), np.int64(13512075), np.int64(13602731), np.int64(13507338), np.int64(13497748), np.int64(13464516), np.int64(13501227), np.int64(13516029), np.int64(13205958), np.int64(13339137), np.int64(11325950), np.int64(4269921), np.int64(4305863), np.int64(1122052), np.int64(0), np.int64(0), np.int64(0), np.int64(0), np.int64(0), np.int64(0), np.int64(0), np.int64(0), np.int64(0), np.int64(0), np.int64(0), np.int64(0), np.int64(0), np.int64(0), np.int64(0), np.int64(0), np.int64(0), np.int64(0), np.int64(0)]
INFO:cooler._reduce:records consumed: [np.int64(13488904), np.int64(13597703), np.int64(13537338), np.int64(13673120), np.int64(13534519), np.int64(13512075), np.int64(13602731), np.int64(13507338), np.int64(13497748), np.int64(13464516), np.int64(13501227), np.int64(13516029), np.int64(13205958), np.int64(13339137), np.int64(12636610), np.int64(10304300), np.int64(10380550), np.int64(2702505), np.int64(0), np.int64(0), np.int64(0), np.int64(0), np.int64(0), np.int64(0), np.int64(0), np.int64(0), np.int64(0), np.int64(0), np.int64(0), np.int64(0), np.int64(0), np.int64(0), np.int64(0), np.int64(0), np.int64(0), np.int64(0), np.int64(0)]
INFO:cooler._reduce:records consumed: [np.int64(13488904), np.int64(13597703), np.int64(13537338), np.int64(13673120), np.int64(13534519), np.int64(13512075), np.int64(13602731), np.int64(13507338), np.int64(13497748), np.int64(13464516), np.int64(13501227), np.int64(13516029), np.int64(13205958), np.int64(13339137), np.int64(13246904), np.int64(13089800), np.int64(13189284), np.int64(6135342), np.int64(3709321), np.int64(1653388), np.int64(0), np.int64(0), np.int64(0), np.int64(0), np.int64(0), np.int64(0), np.int64(0), np.int64(0), np.int64(0), np.int64(0), np.int64(0), np.int64(0), np.int64(0), np.int64(0), np.int64(0), np.int64(0), np.int64(0)]
INFO:cooler._reduce:records consumed: [np.int64(13488904), np.int64(13597703), np.int64(13537338), np.int64(13673120), np.int64(13534519), np.int64(13512075), np.int64(13602731), np.int64(13507338), np.int64(13497748), np.int64(13464516), np.int64(13501227), np.int64(13516029), np.int64(13205958), np.int64(13339137), np.int64(13246904), np.int64(13089800), np.int64(13189284), np.int64(11184358), np.int64(10578173), np.int64(4735648), np.int64(0), np.int64(0), np.int64(0), np.int64(0), np.int64(0), np.int64(0), np.int64(0), np.int64(0), np.int64(0), np.int64(0), np.int64(0), np.int64(0), np.int64(0), np.int64(0), np.int64(0), np.int64(0), np.int64(0)]
INFO:cooler._reduce:records consumed: [np.int64(13488904), np.int64(13597703), np.int64(13537338), np.int64(13673120), np.int64(13534519), np.int64(13512075), np.int64(13602731), np.int64(13507338), np.int64(13497748), np.int64(13464516), np.int64(13501227), np.int64(13516029), np.int64(13205958), np.int64(13339137), np.int64(13246904), np.int64(13089800), np.int64(13189284), np.int64(13063318), np.int64(13143508), np.int64(8383336), np.int64(4629500), np.int64(2278657), np.int64(0), np.int64(0), np.int64(0), np.int64(0), np.int64(0), np.int64(0), np.int64(0), np.int64(0), np.int64(0), np.int64(0), np.int64(0), np.int64(0), np.int64(0), np.int64(0), np.int64(0)]
INFO:cooler._reduce:records consumed: [np.int64(13488904), np.int64(13597703), np.int64(13537338), np.int64(13673120), np.int64(13534519), np.int64(13512075), np.int64(13602731), np.int64(13507338), np.int64(13497748), np.int64(13464516), np.int64(13501227), np.int64(13516029), np.int64(13205958), np.int64(13339137), np.int64(13246904), np.int64(13089800), np.int64(13189284), np.int64(13063318), np.int64(13143508), np.int64(12383022), np.int64(11998616), np.int64(5910021), np.int64(0), np.int64(0), np.int64(0), np.int64(0), np.int64(0), np.int64(0), np.int64(0), np.int64(0), np.int64(0), np.int64(0), np.int64(0), np.int64(0), np.int64(0), np.int64(0), np.int64(0)]
INFO:cooler._reduce:records consumed: [np.int64(13488904), np.int64(13597703), np.int64(13537338), np.int64(13673120), np.int64(13534519), np.int64(13512075), np.int64(13602731), np.int64(13507338), np.int64(13497748), np.int64(13464516), np.int64(13501227), np.int64(13516029), np.int64(13205958), np.int64(13339137), np.int64(13246904), np.int64(13089800), np.int64(13189284), np.int64(13063318), np.int64(13143508), np.int64(13003740), np.int64(13134522), np.int64(11576828), np.int64(7576655), np.int64(0), np.int64(0), np.int64(0), np.int64(0), np.int64(0), np.int64(0), np.int64(0), np.int64(0), np.int64(0), np.int64(0), np.int64(0), np.int64(0), np.int64(0), np.int64(0)]
INFO:cooler._reduce:records consumed: [np.int64(13488904), np.int64(13597703), np.int64(13537338), np.int64(13673120), np.int64(13534519), np.int64(13512075), np.int64(13602731), np.int64(13507338), np.int64(13497748), np.int64(13464516), np.int64(13501227), np.int64(13516029), np.int64(13205958), np.int64(13339137), np.int64(13246904), np.int64(13089800), np.int64(13189284), np.int64(13063318), np.int64(13143508), np.int64(13003740), np.int64(13134522), np.int64(12796552), np.int64(10921698), np.int64(6130842), np.int64(4304456), np.int64(0), np.int64(0), np.int64(0), np.int64(0), np.int64(0), np.int64(0), np.int64(0), np.int64(0), np.int64(0), np.int64(0), np.int64(0), np.int64(0)]
INFO:cooler._reduce:records consumed: [np.int64(13488904), np.int64(13597703), np.int64(13537338), np.int64(13673120), np.int64(13534519), np.int64(13512075), np.int64(13602731), np.int64(13507338), np.int64(13497748), np.int64(13464516), np.int64(13501227), np.int64(13516029), np.int64(13205958), np.int64(13339137), np.int64(13246904), np.int64(13089800), np.int64(13189284), np.int64(13063318), np.int64(13143508), np.int64(13003740), np.int64(13134522), np.int64(12796552), np.int64(12581524), np.int64(13047991), np.int64(9457607), np.int64(946697), np.int64(323284), np.int64(0), np.int64(0), np.int64(0), np.int64(0), np.int64(0), np.int64(0), np.int64(0), np.int64(0), np.int64(0), np.int64(0)]
INFO:cooler._reduce:records consumed: [np.int64(13488904), np.int64(13597703), np.int64(13537338), np.int64(13673120), np.int64(13534519), np.int64(13512075), np.int64(13602731), np.int64(13507338), np.int64(13497748), np.int64(13464516), np.int64(13501227), np.int64(13516029), np.int64(13205958), np.int64(13339137), np.int64(13246904), np.int64(13089800), np.int64(13189284), np.int64(13063318), np.int64(13143508), np.int64(13003740), np.int64(13134522), np.int64(12796552), np.int64(12581524), np.int64(13047991), np.int64(12167126), np.int64(10121909), np.int64(3438675), np.int64(0), np.int64(0), np.int64(0), np.int64(0), np.int64(0), np.int64(0), np.int64(0), np.int64(0), np.int64(0), np.int64(0)]
INFO:cooler._reduce:records consumed: [np.int64(13488904), np.int64(13597703), np.int64(13537338), np.int64(13673120), np.int64(13534519), np.int64(13512075), np.int64(13602731), np.int64(13507338), np.int64(13497748), np.int64(13464516), np.int64(13501227), np.int64(13516029), np.int64(13205958), np.int64(13339137), np.int64(13246904), np.int64(13089800), np.int64(13189284), np.int64(13063318), np.int64(13143508), np.int64(13003740), np.int64(13134522), np.int64(12796552), np.int64(12581524), np.int64(13047991), np.int64(13025696), np.int64(13041363), np.int64(8340295), np.int64(5897973), np.int64(422426), np.int64(0), np.int64(0), np.int64(0), np.int64(0), np.int64(0), np.int64(0), np.int64(0), np.int64(0)]
INFO:cooler._reduce:records consumed: [np.int64(13488904), np.int64(13597703), np.int64(13537338), np.int64(13673120), np.int64(13534519), np.int64(13512075), np.int64(13602731), np.int64(13507338), np.int64(13497748), np.int64(13464516), np.int64(13501227), np.int64(13516029), np.int64(13205958), np.int64(13339137), np.int64(13246904), np.int64(13089800), np.int64(13189284), np.int64(13063318), np.int64(13143508), np.int64(13003740), np.int64(13134522), np.int64(12796552), np.int64(12581524), np.int64(13047991), np.int64(13025696), np.int64(13041363), np.int64(13125742), np.int64(13003556), np.int64(2395506), np.int64(1136009), np.int64(0), np.int64(0), np.int64(0), np.int64(0), np.int64(0), np.int64(0), np.int64(0)]
INFO:cooler._reduce:records consumed: [np.int64(13488904), np.int64(13597703), np.int64(13537338), np.int64(13673120), np.int64(13534519), np.int64(13512075), np.int64(13602731), np.int64(13507338), np.int64(13497748), np.int64(13464516), np.int64(13501227), np.int64(13516029), np.int64(13205958), np.int64(13339137), np.int64(13246904), np.int64(13089800), np.int64(13189284), np.int64(13063318), np.int64(13143508), np.int64(13003740), np.int64(13134522), np.int64(12796552), np.int64(12581524), np.int64(13047991), np.int64(13025696), np.int64(13041363), np.int64(13125742), np.int64(13003556), np.int64(10814888), np.int64(7716679), np.int64(0), np.int64(0), np.int64(0), np.int64(0), np.int64(0), np.int64(0), np.int64(0)]
INFO:cooler._reduce:records consumed: [np.int64(13488904), np.int64(13597703), np.int64(13537338), np.int64(13673120), np.int64(13534519), np.int64(13512075), np.int64(13602731), np.int64(13507338), np.int64(13497748), np.int64(13464516), np.int64(13501227), np.int64(13516029), np.int64(13205958), np.int64(13339137), np.int64(13246904), np.int64(13089800), np.int64(13189284), np.int64(13063318), np.int64(13143508), np.int64(13003740), np.int64(13134522), np.int64(12796552), np.int64(12581524), np.int64(13047991), np.int64(13025696), np.int64(13041363), np.int64(13125742), np.int64(13003556), np.int64(13019781), np.int64(12218554), np.int64(8293365), np.int64(0), np.int64(0), np.int64(0), np.int64(0), np.int64(0), np.int64(0)]
INFO:cooler._reduce:records consumed: [np.int64(13488904), np.int64(13597703), np.int64(13537338), np.int64(13673120), np.int64(13534519), np.int64(13512075), np.int64(13602731), np.int64(13507338), np.int64(13497748), np.int64(13464516), np.int64(13501227), np.int64(13516029), np.int64(13205958), np.int64(13339137), np.int64(13246904), np.int64(13089800), np.int64(13189284), np.int64(13063318), np.int64(13143508), np.int64(13003740), np.int64(13134522), np.int64(12796552), np.int64(12581524), np.int64(13047991), np.int64(13025696), np.int64(13041363), np.int64(13125742), np.int64(13003556), np.int64(13019781), np.int64(13088869), np.int64(12599964), np.int64(9823153), np.int64(0), np.int64(0), np.int64(0), np.int64(0), np.int64(0)]
INFO:cooler._reduce:records consumed: [np.int64(13488904), np.int64(13597703), np.int64(13537338), np.int64(13673120), np.int64(13534519), np.int64(13512075), np.int64(13602731), np.int64(13507338), np.int64(13497748), np.int64(13464516), np.int64(13501227), np.int64(13516029), np.int64(13205958), np.int64(13339137), np.int64(13246904), np.int64(13089800), np.int64(13189284), np.int64(13063318), np.int64(13143508), np.int64(13003740), np.int64(13134522), np.int64(12796552), np.int64(12581524), np.int64(13047991), np.int64(13025696), np.int64(13041363), np.int64(13125742), np.int64(13003556), np.int64(13019781), np.int64(13088869), np.int64(12609439), np.int64(12448875), np.int64(9983209), np.int64(2381631), np.int64(0), np.int64(0), np.int64(0)]
INFO:cooler._reduce:records consumed: [np.int64(13488904), np.int64(13597703), np.int64(13537338), np.int64(13673120), np.int64(13534519), np.int64(13512075), np.int64(13602731), np.int64(13507338), np.int64(13497748), np.int64(13464516), np.int64(13501227), np.int64(13516029), np.int64(13205958), np.int64(13339137), np.int64(13246904), np.int64(13089800), np.int64(13189284), np.int64(13063318), np.int64(13143508), np.int64(13003740), np.int64(13134522), np.int64(12796552), np.int64(12581524), np.int64(13047991), np.int64(13025696), np.int64(13041363), np.int64(13125742), np.int64(13003556), np.int64(13019781), np.int64(13088869), np.int64(12609439), np.int64(12448875), np.int64(11825694), np.int64(12091036), np.int64(3448162), np.int64(0), np.int64(0)]
INFO:cooler._reduce:records consumed: [np.int64(13488904), np.int64(13597703), np.int64(13537338), np.int64(13673120), np.int64(13534519), np.int64(13512075), np.int64(13602731), np.int64(13507338), np.int64(13497748), np.int64(13464516), np.int64(13501227), np.int64(13516029), np.int64(13205958), np.int64(13339137), np.int64(13246904), np.int64(13089800), np.int64(13189284), np.int64(13063318), np.int64(13143508), np.int64(13003740), np.int64(13134522), np.int64(12796552), np.int64(12581524), np.int64(13047991), np.int64(13025696), np.int64(13041363), np.int64(13125742), np.int64(13003556), np.int64(13019781), np.int64(13088869), np.int64(12609439), np.int64(12448875), np.int64(11825694), np.int64(12103718), np.int64(12392525), np.int64(6043024), np.int64(0)]
INFO:cooler._reduce:records consumed: [np.int64(13488904), np.int64(13597703), np.int64(13537338), np.int64(13673120), np.int64(13534519), np.int64(13512075), np.int64(13602731), np.int64(13507338), np.int64(13497748), np.int64(13464516), np.int64(13501227), np.int64(13516029), np.int64(13205958), np.int64(13339137), np.int64(13246904), np.int64(13089800), np.int64(13189284), np.int64(13063318), np.int64(13143508), np.int64(13003740), np.int64(13134522), np.int64(12796552), np.int64(12581524), np.int64(13047991), np.int64(13025696), np.int64(13041363), np.int64(13125742), np.int64(13003556), np.int64(13019781), np.int64(13088869), np.int64(12609439), np.int64(12448875), np.int64(11825694), np.int64(12103718), np.int64(12392525), np.int64(12050386), np.int64(4139404)]
INFO:cooler.create:Writing indexes
INFO:cooler.create:Writing info
