INFO:cooler.create:Writing chunk 0: /mnt/storage3b/projects/no_ngsd/ahthapp1_T2T_ONT/analysis_other/porec/T2T16.hp2/cooler/tmpzexhuoz2.multi.cool::0
INFO:cooler.create:Creating cooler at "/mnt/storage3b/projects/no_ngsd/ahthapp1_T2T_ONT/analysis_other/porec/T2T16.hp2/cooler/tmpzexhuoz2.multi.cool::/0"
INFO:cooler.create:Writing chroms
INFO:cooler.create:Writing bins
INFO:cooler.create:Writing pixels
INFO:cooler.create:Writing indexes
INFO:cooler.create:Writing info
INFO:cooler.create:Writing chunk 1: /mnt/storage3b/projects/no_ngsd/ahthapp1_T2T_ONT/analysis_other/porec/T2T16.hp2/cooler/tmpzexhuoz2.multi.cool::1
INFO:cooler.create:Creating cooler at "/mnt/storage3b/projects/no_ngsd/ahthapp1_T2T_ONT/analysis_other/porec/T2T16.hp2/cooler/tmpzexhuoz2.multi.cool::/1"
INFO:cooler.create:Writing chroms
INFO:cooler.create:Writing bins
INFO:cooler.create:Writing pixels
INFO:cooler.create:Writing indexes
INFO:cooler.create:Writing info
INFO:cooler.create:Writing chunk 2: /mnt/storage3b/projects/no_ngsd/ahthapp1_T2T_ONT/analysis_other/porec/T2T16.hp2/cooler/tmpzexhuoz2.multi.cool::2
INFO:cooler.create:Creating cooler at "/mnt/storage3b/projects/no_ngsd/ahthapp1_T2T_ONT/analysis_other/porec/T2T16.hp2/cooler/tmpzexhuoz2.multi.cool::/2"
INFO:cooler.create:Writing chroms
INFO:cooler.create:Writing bins
INFO:cooler.create:Writing pixels
INFO:cooler.create:Writing indexes
INFO:cooler.create:Writing info
INFO:cooler.create:Writing chunk 3: /mnt/storage3b/projects/no_ngsd/ahthapp1_T2T_ONT/analysis_other/porec/T2T16.hp2/cooler/tmpzexhuoz2.multi.cool::3
INFO:cooler.create:Creating cooler at "/mnt/storage3b/projects/no_ngsd/ahthapp1_T2T_ONT/analysis_other/porec/T2T16.hp2/cooler/tmpzexhuoz2.multi.cool::/3"
INFO:cooler.create:Writing chroms
INFO:cooler.create:Writing bins
INFO:cooler.create:Writing pixels
INFO:cooler.create:Writing indexes
INFO:cooler.create:Writing info
INFO:cooler.create:Writing chunk 4: /mnt/storage3b/projects/no_ngsd/ahthapp1_T2T_ONT/analysis_other/porec/T2T16.hp2/cooler/tmpzexhuoz2.multi.cool::4
INFO:cooler.create:Creating cooler at "/mnt/storage3b/projects/no_ngsd/ahthapp1_T2T_ONT/analysis_other/porec/T2T16.hp2/cooler/tmpzexhuoz2.multi.cool::/4"
INFO:cooler.create:Writing chroms
INFO:cooler.create:Writing bins
INFO:cooler.create:Writing pixels
INFO:cooler.create:Writing indexes
INFO:cooler.create:Writing info
INFO:cooler.create:Writing chunk 5: /mnt/storage3b/projects/no_ngsd/ahthapp1_T2T_ONT/analysis_other/porec/T2T16.hp2/cooler/tmpzexhuoz2.multi.cool::5
INFO:cooler.create:Creating cooler at "/mnt/storage3b/projects/no_ngsd/ahthapp1_T2T_ONT/analysis_other/porec/T2T16.hp2/cooler/tmpzexhuoz2.multi.cool::/5"
INFO:cooler.create:Writing chroms
INFO:cooler.create:Writing bins
INFO:cooler.create:Writing pixels
INFO:cooler.create:Writing indexes
INFO:cooler.create:Writing info
INFO:cooler.create:Writing chunk 6: /mnt/storage3b/projects/no_ngsd/ahthapp1_T2T_ONT/analysis_other/porec/T2T16.hp2/cooler/tmpzexhuoz2.multi.cool::6
INFO:cooler.create:Creating cooler at "/mnt/storage3b/projects/no_ngsd/ahthapp1_T2T_ONT/analysis_other/porec/T2T16.hp2/cooler/tmpzexhuoz2.multi.cool::/6"
INFO:cooler.create:Writing chroms
INFO:cooler.create:Writing bins
INFO:cooler.create:Writing pixels
INFO:cooler.create:Writing indexes
INFO:cooler.create:Writing info
INFO:cooler.create:Writing chunk 7: /mnt/storage3b/projects/no_ngsd/ahthapp1_T2T_ONT/analysis_other/porec/T2T16.hp2/cooler/tmpzexhuoz2.multi.cool::7
INFO:cooler.create:Creating cooler at "/mnt/storage3b/projects/no_ngsd/ahthapp1_T2T_ONT/analysis_other/porec/T2T16.hp2/cooler/tmpzexhuoz2.multi.cool::/7"
INFO:cooler.create:Writing chroms
INFO:cooler.create:Writing bins
INFO:cooler.create:Writing pixels
INFO:cooler.create:Writing indexes
INFO:cooler.create:Writing info
INFO:cooler.create:Writing chunk 8: /mnt/storage3b/projects/no_ngsd/ahthapp1_T2T_ONT/analysis_other/porec/T2T16.hp2/cooler/tmpzexhuoz2.multi.cool::8
INFO:cooler.create:Creating cooler at "/mnt/storage3b/projects/no_ngsd/ahthapp1_T2T_ONT/analysis_other/porec/T2T16.hp2/cooler/tmpzexhuoz2.multi.cool::/8"
INFO:cooler.create:Writing chroms
INFO:cooler.create:Writing bins
INFO:cooler.create:Writing pixels
INFO:cooler.create:Writing indexes
INFO:cooler.create:Writing info
INFO:cooler.create:Writing chunk 9: /mnt/storage3b/projects/no_ngsd/ahthapp1_T2T_ONT/analysis_other/porec/T2T16.hp2/cooler/tmpzexhuoz2.multi.cool::9
INFO:cooler.create:Creating cooler at "/mnt/storage3b/projects/no_ngsd/ahthapp1_T2T_ONT/analysis_other/porec/T2T16.hp2/cooler/tmpzexhuoz2.multi.cool::/9"
INFO:cooler.create:Writing chroms
INFO:cooler.create:Writing bins
INFO:cooler.create:Writing pixels
INFO:cooler.create:Writing indexes
INFO:cooler.create:Writing info
INFO:cooler.create:Writing chunk 10: /mnt/storage3b/projects/no_ngsd/ahthapp1_T2T_ONT/analysis_other/porec/T2T16.hp2/cooler/tmpzexhuoz2.multi.cool::10
INFO:cooler.create:Creating cooler at "/mnt/storage3b/projects/no_ngsd/ahthapp1_T2T_ONT/analysis_other/porec/T2T16.hp2/cooler/tmpzexhuoz2.multi.cool::/10"
INFO:cooler.create:Writing chroms
INFO:cooler.create:Writing bins
INFO:cooler.create:Writing pixels
INFO:cooler.create:Writing indexes
INFO:cooler.create:Writing info
INFO:cooler.create:Writing chunk 11: /mnt/storage3b/projects/no_ngsd/ahthapp1_T2T_ONT/analysis_other/porec/T2T16.hp2/cooler/tmpzexhuoz2.multi.cool::11
INFO:cooler.create:Creating cooler at "/mnt/storage3b/projects/no_ngsd/ahthapp1_T2T_ONT/analysis_other/porec/T2T16.hp2/cooler/tmpzexhuoz2.multi.cool::/11"
INFO:cooler.create:Writing chroms
INFO:cooler.create:Writing bins
INFO:cooler.create:Writing pixels
INFO:cooler.create:Writing indexes
INFO:cooler.create:Writing info
INFO:cooler.create:Writing chunk 12: /mnt/storage3b/projects/no_ngsd/ahthapp1_T2T_ONT/analysis_other/porec/T2T16.hp2/cooler/tmpzexhuoz2.multi.cool::12
INFO:cooler.create:Creating cooler at "/mnt/storage3b/projects/no_ngsd/ahthapp1_T2T_ONT/analysis_other/porec/T2T16.hp2/cooler/tmpzexhuoz2.multi.cool::/12"
INFO:cooler.create:Writing chroms
INFO:cooler.create:Writing bins
INFO:cooler.create:Writing pixels
INFO:cooler.create:Writing indexes
INFO:cooler.create:Writing info
INFO:cooler.create:Writing chunk 13: /mnt/storage3b/projects/no_ngsd/ahthapp1_T2T_ONT/analysis_other/porec/T2T16.hp2/cooler/tmpzexhuoz2.multi.cool::13
INFO:cooler.create:Creating cooler at "/mnt/storage3b/projects/no_ngsd/ahthapp1_T2T_ONT/analysis_other/porec/T2T16.hp2/cooler/tmpzexhuoz2.multi.cool::/13"
INFO:cooler.create:Writing chroms
INFO:cooler.create:Writing bins
INFO:cooler.create:Writing pixels
INFO:cooler.create:Writing indexes
INFO:cooler.create:Writing info
INFO:cooler.create:Writing chunk 14: /mnt/storage3b/projects/no_ngsd/ahthapp1_T2T_ONT/analysis_other/porec/T2T16.hp2/cooler/tmpzexhuoz2.multi.cool::14
INFO:cooler.create:Creating cooler at "/mnt/storage3b/projects/no_ngsd/ahthapp1_T2T_ONT/analysis_other/porec/T2T16.hp2/cooler/tmpzexhuoz2.multi.cool::/14"
INFO:cooler.create:Writing chroms
INFO:cooler.create:Writing bins
INFO:cooler.create:Writing pixels
INFO:cooler.create:Writing indexes
INFO:cooler.create:Writing info
INFO:cooler.create:Writing chunk 15: /mnt/storage3b/projects/no_ngsd/ahthapp1_T2T_ONT/analysis_other/porec/T2T16.hp2/cooler/tmpzexhuoz2.multi.cool::15
INFO:cooler.create:Creating cooler at "/mnt/storage3b/projects/no_ngsd/ahthapp1_T2T_ONT/analysis_other/porec/T2T16.hp2/cooler/tmpzexhuoz2.multi.cool::/15"
INFO:cooler.create:Writing chroms
INFO:cooler.create:Writing bins
INFO:cooler.create:Writing pixels
INFO:cooler.create:Writing indexes
INFO:cooler.create:Writing info
INFO:cooler.create:Writing chunk 16: /mnt/storage3b/projects/no_ngsd/ahthapp1_T2T_ONT/analysis_other/porec/T2T16.hp2/cooler/tmpzexhuoz2.multi.cool::16
INFO:cooler.create:Creating cooler at "/mnt/storage3b/projects/no_ngsd/ahthapp1_T2T_ONT/analysis_other/porec/T2T16.hp2/cooler/tmpzexhuoz2.multi.cool::/16"
INFO:cooler.create:Writing chroms
INFO:cooler.create:Writing bins
INFO:cooler.create:Writing pixels
INFO:cooler.create:Writing indexes
INFO:cooler.create:Writing info
INFO:cooler.create:Writing chunk 17: /mnt/storage3b/projects/no_ngsd/ahthapp1_T2T_ONT/analysis_other/porec/T2T16.hp2/cooler/tmpzexhuoz2.multi.cool::17
INFO:cooler.create:Creating cooler at "/mnt/storage3b/projects/no_ngsd/ahthapp1_T2T_ONT/analysis_other/porec/T2T16.hp2/cooler/tmpzexhuoz2.multi.cool::/17"
INFO:cooler.create:Writing chroms
INFO:cooler.create:Writing bins
INFO:cooler.create:Writing pixels
INFO:cooler.create:Writing indexes
INFO:cooler.create:Writing info
INFO:cooler.create:Writing chunk 18: /mnt/storage3b/projects/no_ngsd/ahthapp1_T2T_ONT/analysis_other/porec/T2T16.hp2/cooler/tmpzexhuoz2.multi.cool::18
INFO:cooler.create:Creating cooler at "/mnt/storage3b/projects/no_ngsd/ahthapp1_T2T_ONT/analysis_other/porec/T2T16.hp2/cooler/tmpzexhuoz2.multi.cool::/18"
INFO:cooler.create:Writing chroms
INFO:cooler.create:Writing bins
INFO:cooler.create:Writing pixels
INFO:cooler.create:Writing indexes
INFO:cooler.create:Writing info
INFO:cooler.create:Writing chunk 19: /mnt/storage3b/projects/no_ngsd/ahthapp1_T2T_ONT/analysis_other/porec/T2T16.hp2/cooler/tmpzexhuoz2.multi.cool::19
INFO:cooler.create:Creating cooler at "/mnt/storage3b/projects/no_ngsd/ahthapp1_T2T_ONT/analysis_other/porec/T2T16.hp2/cooler/tmpzexhuoz2.multi.cool::/19"
INFO:cooler.create:Writing chroms
INFO:cooler.create:Writing bins
INFO:cooler.create:Writing pixels
INFO:cooler.create:Writing indexes
INFO:cooler.create:Writing info
INFO:cooler.create:Writing chunk 20: /mnt/storage3b/projects/no_ngsd/ahthapp1_T2T_ONT/analysis_other/porec/T2T16.hp2/cooler/tmpzexhuoz2.multi.cool::20
INFO:cooler.create:Creating cooler at "/mnt/storage3b/projects/no_ngsd/ahthapp1_T2T_ONT/analysis_other/porec/T2T16.hp2/cooler/tmpzexhuoz2.multi.cool::/20"
INFO:cooler.create:Writing chroms
INFO:cooler.create:Writing bins
INFO:cooler.create:Writing pixels
INFO:cooler.create:Writing indexes
INFO:cooler.create:Writing info
INFO:cooler.create:Writing chunk 21: /mnt/storage3b/projects/no_ngsd/ahthapp1_T2T_ONT/analysis_other/porec/T2T16.hp2/cooler/tmpzexhuoz2.multi.cool::21
INFO:cooler.create:Creating cooler at "/mnt/storage3b/projects/no_ngsd/ahthapp1_T2T_ONT/analysis_other/porec/T2T16.hp2/cooler/tmpzexhuoz2.multi.cool::/21"
INFO:cooler.create:Writing chroms
INFO:cooler.create:Writing bins
INFO:cooler.create:Writing pixels
INFO:cooler.create:Writing indexes
INFO:cooler.create:Writing info
INFO:cooler.create:Writing chunk 22: /mnt/storage3b/projects/no_ngsd/ahthapp1_T2T_ONT/analysis_other/porec/T2T16.hp2/cooler/tmpzexhuoz2.multi.cool::22
INFO:cooler.create:Creating cooler at "/mnt/storage3b/projects/no_ngsd/ahthapp1_T2T_ONT/analysis_other/porec/T2T16.hp2/cooler/tmpzexhuoz2.multi.cool::/22"
INFO:cooler.create:Writing chroms
INFO:cooler.create:Writing bins
INFO:cooler.create:Writing pixels
INFO:cooler.create:Writing indexes
INFO:cooler.create:Writing info
INFO:cooler.create:Writing chunk 23: /mnt/storage3b/projects/no_ngsd/ahthapp1_T2T_ONT/analysis_other/porec/T2T16.hp2/cooler/tmpzexhuoz2.multi.cool::23
INFO:cooler.create:Creating cooler at "/mnt/storage3b/projects/no_ngsd/ahthapp1_T2T_ONT/analysis_other/porec/T2T16.hp2/cooler/tmpzexhuoz2.multi.cool::/23"
INFO:cooler.create:Writing chroms
INFO:cooler.create:Writing bins
INFO:cooler.create:Writing pixels
INFO:cooler.create:Writing indexes
INFO:cooler.create:Writing info
INFO:cooler.create:Writing chunk 24: /mnt/storage3b/projects/no_ngsd/ahthapp1_T2T_ONT/analysis_other/porec/T2T16.hp2/cooler/tmpzexhuoz2.multi.cool::24
INFO:cooler.create:Creating cooler at "/mnt/storage3b/projects/no_ngsd/ahthapp1_T2T_ONT/analysis_other/porec/T2T16.hp2/cooler/tmpzexhuoz2.multi.cool::/24"
INFO:cooler.create:Writing chroms
INFO:cooler.create:Writing bins
INFO:cooler.create:Writing pixels
INFO:cooler.create:Writing indexes
INFO:cooler.create:Writing info
INFO:cooler.create:Writing chunk 25: /mnt/storage3b/projects/no_ngsd/ahthapp1_T2T_ONT/analysis_other/porec/T2T16.hp2/cooler/tmpzexhuoz2.multi.cool::25
INFO:cooler.create:Creating cooler at "/mnt/storage3b/projects/no_ngsd/ahthapp1_T2T_ONT/analysis_other/porec/T2T16.hp2/cooler/tmpzexhuoz2.multi.cool::/25"
INFO:cooler.create:Writing chroms
INFO:cooler.create:Writing bins
INFO:cooler.create:Writing pixels
INFO:cooler.create:Writing indexes
INFO:cooler.create:Writing info
INFO:cooler.create:Writing chunk 26: /mnt/storage3b/projects/no_ngsd/ahthapp1_T2T_ONT/analysis_other/porec/T2T16.hp2/cooler/tmpzexhuoz2.multi.cool::26
INFO:cooler.create:Creating cooler at "/mnt/storage3b/projects/no_ngsd/ahthapp1_T2T_ONT/analysis_other/porec/T2T16.hp2/cooler/tmpzexhuoz2.multi.cool::/26"
INFO:cooler.create:Writing chroms
INFO:cooler.create:Writing bins
INFO:cooler.create:Writing pixels
INFO:cooler.create:Writing indexes
INFO:cooler.create:Writing info
INFO:cooler.create:Writing chunk 27: /mnt/storage3b/projects/no_ngsd/ahthapp1_T2T_ONT/analysis_other/porec/T2T16.hp2/cooler/tmpzexhuoz2.multi.cool::27
INFO:cooler.create:Creating cooler at "/mnt/storage3b/projects/no_ngsd/ahthapp1_T2T_ONT/analysis_other/porec/T2T16.hp2/cooler/tmpzexhuoz2.multi.cool::/27"
INFO:cooler.create:Writing chroms
INFO:cooler.create:Writing bins
INFO:cooler.create:Writing pixels
INFO:cooler.create:Writing indexes
INFO:cooler.create:Writing info
INFO:cooler.create:Writing chunk 28: /mnt/storage3b/projects/no_ngsd/ahthapp1_T2T_ONT/analysis_other/porec/T2T16.hp2/cooler/tmpzexhuoz2.multi.cool::28
INFO:cooler.create:Creating cooler at "/mnt/storage3b/projects/no_ngsd/ahthapp1_T2T_ONT/analysis_other/porec/T2T16.hp2/cooler/tmpzexhuoz2.multi.cool::/28"
INFO:cooler.create:Writing chroms
INFO:cooler.create:Writing bins
INFO:cooler.create:Writing pixels
INFO:cooler.create:Writing indexes
INFO:cooler.create:Writing info
INFO:cooler.create:Merging into analysis_other/porec/T2T16.hp2/cooler/T2T16.hp2_10000.cool
INFO:cooler.create:Creating cooler at "/mnt/storage3b/projects/no_ngsd/ahthapp1_T2T_ONT/analysis_other/porec/T2T16.hp2/cooler/T2T16.hp2_10000.cool::/"
INFO:cooler.create:Writing chroms
INFO:cooler.create:Writing bins
INFO:cooler.create:Writing pixels
INFO:cooler._reduce:n_merge_epochs: 21
INFO:cooler._reduce:nnzs: [11162111, 11040366, 11108271, 11722140, 11282788, 11407636, 11720366, 10897353, 11517375, 10747095, 11167192, 10621225, 11140491, 10439852, 10981593, 10341583, 11550039, 11263312, 9513371, 9792569, 10251337, 10622109, 10298080, 9910159, 9356951, 9077136, 8789451, 8801679, 3613304]
INFO:cooler._reduce:records consumed: [np.int64(4686554), np.int64(4651311), np.int64(4660261), np.int64(1003178), np.int64(0), np.int64(0), np.int64(0), np.int64(0), np.int64(0), np.int64(0), np.int64(0), np.int64(0), np.int64(0), np.int64(0), np.int64(0), np.int64(0), np.int64(0), np.int64(0), np.int64(0), np.int64(0), np.int64(0), np.int64(0), np.int64(0), np.int64(0), np.int64(0), np.int64(0), np.int64(0), np.int64(0), np.int64(0)]
INFO:cooler._reduce:records consumed: [np.int64(9380455), np.int64(9284275), np.int64(9321599), np.int64(2016606), np.int64(0), np.int64(0), np.int64(0), np.int64(0), np.int64(0), np.int64(0), np.int64(0), np.int64(0), np.int64(0), np.int64(0), np.int64(0), np.int64(0), np.int64(0), np.int64(0), np.int64(0), np.int64(0), np.int64(0), np.int64(0), np.int64(0), np.int64(0), np.int64(0), np.int64(0), np.int64(0), np.int64(0), np.int64(0)]
INFO:cooler._reduce:records consumed: [np.int64(11162111), np.int64(11040366), np.int64(11108271), np.int64(4789260), np.int64(2880093), np.int64(2916884), np.int64(1106522), np.int64(0), np.int64(0), np.int64(0), np.int64(0), np.int64(0), np.int64(0), np.int64(0), np.int64(0), np.int64(0), np.int64(0), np.int64(0), np.int64(0), np.int64(0), np.int64(0), np.int64(0), np.int64(0), np.int64(0), np.int64(0), np.int64(0), np.int64(0), np.int64(0), np.int64(0)]
INFO:cooler._reduce:records consumed: [np.int64(11162111), np.int64(11040366), np.int64(11108271), np.int64(8615840), np.int64(7543520), np.int64(7620417), np.int64(2913550), np.int64(0), np.int64(0), np.int64(0), np.int64(0), np.int64(0), np.int64(0), np.int64(0), np.int64(0), np.int64(0), np.int64(0), np.int64(0), np.int64(0), np.int64(0), np.int64(0), np.int64(0), np.int64(0), np.int64(0), np.int64(0), np.int64(0), np.int64(0), np.int64(0), np.int64(0)]
INFO:cooler._reduce:records consumed: [np.int64(11162111), np.int64(11040366), np.int64(11108271), np.int64(11722140), np.int64(11282788), np.int64(11407636), np.int64(5188686), np.int64(1176361), np.int64(916014), np.int64(0), np.int64(0), np.int64(0), np.int64(0), np.int64(0), np.int64(0), np.int64(0), np.int64(0), np.int64(0), np.int64(0), np.int64(0), np.int64(0), np.int64(0), np.int64(0), np.int64(0), np.int64(0), np.int64(0), np.int64(0), np.int64(0), np.int64(0)]
INFO:cooler._reduce:records consumed: [np.int64(11162111), np.int64(11040366), np.int64(11108271), np.int64(11722140), np.int64(11282788), np.int64(11407636), np.int64(9272532), np.int64(7268733), np.int64(5740534), np.int64(0), np.int64(0), np.int64(0), np.int64(0), np.int64(0), np.int64(0), np.int64(0), np.int64(0), np.int64(0), np.int64(0), np.int64(0), np.int64(0), np.int64(0), np.int64(0), np.int64(0), np.int64(0), np.int64(0), np.int64(0), np.int64(0), np.int64(0)]
INFO:cooler._reduce:records consumed: [np.int64(11162111), np.int64(11040366), np.int64(11108271), np.int64(11722140), np.int64(11282788), np.int64(11407636), np.int64(11720366), np.int64(10897353), np.int64(9385760), np.int64(2843121), np.int64(2435508), np.int64(0), np.int64(0), np.int64(0), np.int64(0), np.int64(0), np.int64(0), np.int64(0), np.int64(0), np.int64(0), np.int64(0), np.int64(0), np.int64(0), np.int64(0), np.int64(0), np.int64(0), np.int64(0), np.int64(0), np.int64(0)]
INFO:cooler._reduce:records consumed: [np.int64(11162111), np.int64(11040366), np.int64(11108271), np.int64(11722140), np.int64(11282788), np.int64(11407636), np.int64(11720366), np.int64(10897353), np.int64(11268455), np.int64(9909265), np.int64(8487466), np.int64(0), np.int64(0), np.int64(0), np.int64(0), np.int64(0), np.int64(0), np.int64(0), np.int64(0), np.int64(0), np.int64(0), np.int64(0), np.int64(0), np.int64(0), np.int64(0), np.int64(0), np.int64(0), np.int64(0), np.int64(0)]
INFO:cooler._reduce:records consumed: [np.int64(11162111), np.int64(11040366), np.int64(11108271), np.int64(11722140), np.int64(11282788), np.int64(11407636), np.int64(11720366), np.int64(10897353), np.int64(11517375), np.int64(10747095), np.int64(10416066), np.int64(6771775), np.int64(5213774), np.int64(0), np.int64(0), np.int64(0), np.int64(0), np.int64(0), np.int64(0), np.int64(0), np.int64(0), np.int64(0), np.int64(0), np.int64(0), np.int64(0), np.int64(0), np.int64(0), np.int64(0), np.int64(0)]
INFO:cooler._reduce:records consumed: [np.int64(11162111), np.int64(11040366), np.int64(11108271), np.int64(11722140), np.int64(11282788), np.int64(11407636), np.int64(11720366), np.int64(10897353), np.int64(11517375), np.int64(10747095), np.int64(11167192), np.int64(10621225), np.int64(9306657), np.int64(3926040), np.int64(2381695), np.int64(0), np.int64(0), np.int64(0), np.int64(0), np.int64(0), np.int64(0), np.int64(0), np.int64(0), np.int64(0), np.int64(0), np.int64(0), np.int64(0), np.int64(0), np.int64(0)]
INFO:cooler._reduce:records consumed: [np.int64(11162111), np.int64(11040366), np.int64(11108271), np.int64(11722140), np.int64(11282788), np.int64(11407636), np.int64(11720366), np.int64(10897353), np.int64(11517375), np.int64(10747095), np.int64(11167192), np.int64(10621225), np.int64(11140491), np.int64(10439852), np.int64(7025465), np.int64(1548003), np.int64(460989), np.int64(0), np.int64(0), np.int64(0), np.int64(0), np.int64(0), np.int64(0), np.int64(0), np.int64(0), np.int64(0), np.int64(0), np.int64(0), np.int64(0)]
INFO:cooler._reduce:records consumed: [np.int64(11162111), np.int64(11040366), np.int64(11108271), np.int64(11722140), np.int64(11282788), np.int64(11407636), np.int64(11720366), np.int64(10897353), np.int64(11517375), np.int64(10747095), np.int64(11167192), np.int64(10621225), np.int64(11140491), np.int64(10439852), np.int64(10875948), np.int64(10144786), np.int64(3014126), np.int64(0), np.int64(0), np.int64(0), np.int64(0), np.int64(0), np.int64(0), np.int64(0), np.int64(0), np.int64(0), np.int64(0), np.int64(0), np.int64(0)]
INFO:cooler._reduce:records consumed: [np.int64(11162111), np.int64(11040366), np.int64(11108271), np.int64(11722140), np.int64(11282788), np.int64(11407636), np.int64(11720366), np.int64(10897353), np.int64(11517375), np.int64(10747095), np.int64(11167192), np.int64(10621225), np.int64(11140491), np.int64(10439852), np.int64(10981593), np.int64(10341583), np.int64(9782546), np.int64(7929892), np.int64(0), np.int64(0), np.int64(0), np.int64(0), np.int64(0), np.int64(0), np.int64(0), np.int64(0), np.int64(0), np.int64(0), np.int64(0)]
INFO:cooler._reduce:records consumed: [np.int64(11162111), np.int64(11040366), np.int64(11108271), np.int64(11722140), np.int64(11282788), np.int64(11407636), np.int64(11720366), np.int64(10897353), np.int64(11517375), np.int64(10747095), np.int64(11167192), np.int64(10621225), np.int64(11140491), np.int64(10439852), np.int64(10981593), np.int64(10341583), np.int64(11550039), np.int64(11263312), np.int64(7552323), np.int64(2028787), np.int64(318620), np.int64(0), np.int64(0), np.int64(0), np.int64(0), np.int64(0), np.int64(0), np.int64(0), np.int64(0)]
INFO:cooler._reduce:records consumed: [np.int64(11162111), np.int64(11040366), np.int64(11108271), np.int64(11722140), np.int64(11282788), np.int64(11407636), np.int64(11720366), np.int64(10897353), np.int64(11517375), np.int64(10747095), np.int64(11167192), np.int64(10621225), np.int64(11140491), np.int64(10439852), np.int64(10981593), np.int64(10341583), np.int64(11550039), np.int64(11263312), np.int64(9513371), np.int64(9792569), np.int64(4405744), np.int64(1188724), np.int64(0), np.int64(0), np.int64(0), np.int64(0), np.int64(0), np.int64(0), np.int64(0)]
INFO:cooler._reduce:records consumed: [np.int64(11162111), np.int64(11040366), np.int64(11108271), np.int64(11722140), np.int64(11282788), np.int64(11407636), np.int64(11720366), np.int64(10897353), np.int64(11517375), np.int64(10747095), np.int64(11167192), np.int64(10621225), np.int64(11140491), np.int64(10439852), np.int64(10981593), np.int64(10341583), np.int64(11550039), np.int64(11263312), np.int64(9513371), np.int64(9792569), np.int64(10251337), np.int64(7127867), np.int64(3215827), np.int64(0), np.int64(0), np.int64(0), np.int64(0), np.int64(0), np.int64(0)]
INFO:cooler._reduce:records consumed: [np.int64(11162111), np.int64(11040366), np.int64(11108271), np.int64(11722140), np.int64(11282788), np.int64(11407636), np.int64(11720366), np.int64(10897353), np.int64(11517375), np.int64(10747095), np.int64(11167192), np.int64(10621225), np.int64(11140491), np.int64(10439852), np.int64(10981593), np.int64(10341583), np.int64(11550039), np.int64(11263312), np.int64(9513371), np.int64(9792569), np.int64(10251337), np.int64(10622109), np.int64(9112194), np.int64(5609837), np.int64(0), np.int64(0), np.int64(0), np.int64(0), np.int64(0)]
INFO:cooler._reduce:records consumed: [np.int64(11162111), np.int64(11040366), np.int64(11108271), np.int64(11722140), np.int64(11282788), np.int64(11407636), np.int64(11720366), np.int64(10897353), np.int64(11517375), np.int64(10747095), np.int64(11167192), np.int64(10621225), np.int64(11140491), np.int64(10439852), np.int64(10981593), np.int64(10341583), np.int64(11550039), np.int64(11263312), np.int64(9513371), np.int64(9792569), np.int64(10251337), np.int64(10622109), np.int64(10298080), np.int64(9910159), np.int64(7971652), np.int64(1542191), np.int64(0), np.int64(0), np.int64(0)]
INFO:cooler._reduce:records consumed: [np.int64(11162111), np.int64(11040366), np.int64(11108271), np.int64(11722140), np.int64(11282788), np.int64(11407636), np.int64(11720366), np.int64(10897353), np.int64(11517375), np.int64(10747095), np.int64(11167192), np.int64(10621225), np.int64(11140491), np.int64(10439852), np.int64(10981593), np.int64(10341583), np.int64(11550039), np.int64(11263312), np.int64(9513371), np.int64(9792569), np.int64(10251337), np.int64(10622109), np.int64(10298080), np.int64(9910159), np.int64(9356951), np.int64(9077136), np.int64(6080065), np.int64(0), np.int64(0)]
INFO:cooler._reduce:records consumed: [np.int64(11162111), np.int64(11040366), np.int64(11108271), np.int64(11722140), np.int64(11282788), np.int64(11407636), np.int64(11720366), np.int64(10897353), np.int64(11517375), np.int64(10747095), np.int64(11167192), np.int64(10621225), np.int64(11140491), np.int64(10439852), np.int64(10981593), np.int64(10341583), np.int64(11550039), np.int64(11263312), np.int64(9513371), np.int64(9792569), np.int64(10251337), np.int64(10622109), np.int64(10298080), np.int64(9910159), np.int64(9356951), np.int64(9077136), np.int64(8789451), np.int64(8801679), np.int64(3489032)]
INFO:cooler._reduce:records consumed: [np.int64(11162111), np.int64(11040366), np.int64(11108271), np.int64(11722140), np.int64(11282788), np.int64(11407636), np.int64(11720366), np.int64(10897353), np.int64(11517375), np.int64(10747095), np.int64(11167192), np.int64(10621225), np.int64(11140491), np.int64(10439852), np.int64(10981593), np.int64(10341583), np.int64(11550039), np.int64(11263312), np.int64(9513371), np.int64(9792569), np.int64(10251337), np.int64(10622109), np.int64(10298080), np.int64(9910159), np.int64(9356951), np.int64(9077136), np.int64(8789451), np.int64(8801679), np.int64(3613304)]
INFO:cooler.create:Writing indexes
INFO:cooler.create:Writing info
