INFO:cooler.create:Writing chunk 0: /mnt/storage3b/projects/no_ngsd/ahthapp1_T2T_ONT/analysis_other/porec/T2T03.hp1/cooler/tmp3_djv_cb.multi.cool::0
INFO:cooler.create:Creating cooler at "/mnt/storage3b/projects/no_ngsd/ahthapp1_T2T_ONT/analysis_other/porec/T2T03.hp1/cooler/tmp3_djv_cb.multi.cool::/0"
INFO:cooler.create:Writing chroms
INFO:cooler.create:Writing bins
INFO:cooler.create:Writing pixels
INFO:cooler.create:Writing indexes
INFO:cooler.create:Writing info
INFO:cooler.create:Writing chunk 1: /mnt/storage3b/projects/no_ngsd/ahthapp1_T2T_ONT/analysis_other/porec/T2T03.hp1/cooler/tmp3_djv_cb.multi.cool::1
INFO:cooler.create:Creating cooler at "/mnt/storage3b/projects/no_ngsd/ahthapp1_T2T_ONT/analysis_other/porec/T2T03.hp1/cooler/tmp3_djv_cb.multi.cool::/1"
INFO:cooler.create:Writing chroms
INFO:cooler.create:Writing bins
INFO:cooler.create:Writing pixels
INFO:cooler.create:Writing indexes
INFO:cooler.create:Writing info
INFO:cooler.create:Writing chunk 2: /mnt/storage3b/projects/no_ngsd/ahthapp1_T2T_ONT/analysis_other/porec/T2T03.hp1/cooler/tmp3_djv_cb.multi.cool::2
INFO:cooler.create:Creating cooler at "/mnt/storage3b/projects/no_ngsd/ahthapp1_T2T_ONT/analysis_other/porec/T2T03.hp1/cooler/tmp3_djv_cb.multi.cool::/2"
INFO:cooler.create:Writing chroms
INFO:cooler.create:Writing bins
INFO:cooler.create:Writing pixels
INFO:cooler.create:Writing indexes
INFO:cooler.create:Writing info
INFO:cooler.create:Writing chunk 3: /mnt/storage3b/projects/no_ngsd/ahthapp1_T2T_ONT/analysis_other/porec/T2T03.hp1/cooler/tmp3_djv_cb.multi.cool::3
INFO:cooler.create:Creating cooler at "/mnt/storage3b/projects/no_ngsd/ahthapp1_T2T_ONT/analysis_other/porec/T2T03.hp1/cooler/tmp3_djv_cb.multi.cool::/3"
INFO:cooler.create:Writing chroms
INFO:cooler.create:Writing bins
INFO:cooler.create:Writing pixels
INFO:cooler.create:Writing indexes
INFO:cooler.create:Writing info
INFO:cooler.create:Writing chunk 4: /mnt/storage3b/projects/no_ngsd/ahthapp1_T2T_ONT/analysis_other/porec/T2T03.hp1/cooler/tmp3_djv_cb.multi.cool::4
INFO:cooler.create:Creating cooler at "/mnt/storage3b/projects/no_ngsd/ahthapp1_T2T_ONT/analysis_other/porec/T2T03.hp1/cooler/tmp3_djv_cb.multi.cool::/4"
INFO:cooler.create:Writing chroms
INFO:cooler.create:Writing bins
INFO:cooler.create:Writing pixels
INFO:cooler.create:Writing indexes
INFO:cooler.create:Writing info
INFO:cooler.create:Writing chunk 5: /mnt/storage3b/projects/no_ngsd/ahthapp1_T2T_ONT/analysis_other/porec/T2T03.hp1/cooler/tmp3_djv_cb.multi.cool::5
INFO:cooler.create:Creating cooler at "/mnt/storage3b/projects/no_ngsd/ahthapp1_T2T_ONT/analysis_other/porec/T2T03.hp1/cooler/tmp3_djv_cb.multi.cool::/5"
INFO:cooler.create:Writing chroms
INFO:cooler.create:Writing bins
INFO:cooler.create:Writing pixels
INFO:cooler.create:Writing indexes
INFO:cooler.create:Writing info
INFO:cooler.create:Writing chunk 6: /mnt/storage3b/projects/no_ngsd/ahthapp1_T2T_ONT/analysis_other/porec/T2T03.hp1/cooler/tmp3_djv_cb.multi.cool::6
INFO:cooler.create:Creating cooler at "/mnt/storage3b/projects/no_ngsd/ahthapp1_T2T_ONT/analysis_other/porec/T2T03.hp1/cooler/tmp3_djv_cb.multi.cool::/6"
INFO:cooler.create:Writing chroms
INFO:cooler.create:Writing bins
INFO:cooler.create:Writing pixels
INFO:cooler.create:Writing indexes
INFO:cooler.create:Writing info
INFO:cooler.create:Writing chunk 7: /mnt/storage3b/projects/no_ngsd/ahthapp1_T2T_ONT/analysis_other/porec/T2T03.hp1/cooler/tmp3_djv_cb.multi.cool::7
INFO:cooler.create:Creating cooler at "/mnt/storage3b/projects/no_ngsd/ahthapp1_T2T_ONT/analysis_other/porec/T2T03.hp1/cooler/tmp3_djv_cb.multi.cool::/7"
INFO:cooler.create:Writing chroms
INFO:cooler.create:Writing bins
INFO:cooler.create:Writing pixels
INFO:cooler.create:Writing indexes
INFO:cooler.create:Writing info
INFO:cooler.create:Writing chunk 8: /mnt/storage3b/projects/no_ngsd/ahthapp1_T2T_ONT/analysis_other/porec/T2T03.hp1/cooler/tmp3_djv_cb.multi.cool::8
INFO:cooler.create:Creating cooler at "/mnt/storage3b/projects/no_ngsd/ahthapp1_T2T_ONT/analysis_other/porec/T2T03.hp1/cooler/tmp3_djv_cb.multi.cool::/8"
INFO:cooler.create:Writing chroms
INFO:cooler.create:Writing bins
INFO:cooler.create:Writing pixels
INFO:cooler.create:Writing indexes
INFO:cooler.create:Writing info
INFO:cooler.create:Writing chunk 9: /mnt/storage3b/projects/no_ngsd/ahthapp1_T2T_ONT/analysis_other/porec/T2T03.hp1/cooler/tmp3_djv_cb.multi.cool::9
INFO:cooler.create:Creating cooler at "/mnt/storage3b/projects/no_ngsd/ahthapp1_T2T_ONT/analysis_other/porec/T2T03.hp1/cooler/tmp3_djv_cb.multi.cool::/9"
INFO:cooler.create:Writing chroms
INFO:cooler.create:Writing bins
INFO:cooler.create:Writing pixels
INFO:cooler.create:Writing indexes
INFO:cooler.create:Writing info
INFO:cooler.create:Writing chunk 10: /mnt/storage3b/projects/no_ngsd/ahthapp1_T2T_ONT/analysis_other/porec/T2T03.hp1/cooler/tmp3_djv_cb.multi.cool::10
INFO:cooler.create:Creating cooler at "/mnt/storage3b/projects/no_ngsd/ahthapp1_T2T_ONT/analysis_other/porec/T2T03.hp1/cooler/tmp3_djv_cb.multi.cool::/10"
INFO:cooler.create:Writing chroms
INFO:cooler.create:Writing bins
INFO:cooler.create:Writing pixels
INFO:cooler.create:Writing indexes
INFO:cooler.create:Writing info
INFO:cooler.create:Writing chunk 11: /mnt/storage3b/projects/no_ngsd/ahthapp1_T2T_ONT/analysis_other/porec/T2T03.hp1/cooler/tmp3_djv_cb.multi.cool::11
INFO:cooler.create:Creating cooler at "/mnt/storage3b/projects/no_ngsd/ahthapp1_T2T_ONT/analysis_other/porec/T2T03.hp1/cooler/tmp3_djv_cb.multi.cool::/11"
INFO:cooler.create:Writing chroms
INFO:cooler.create:Writing bins
INFO:cooler.create:Writing pixels
INFO:cooler.create:Writing indexes
INFO:cooler.create:Writing info
INFO:cooler.create:Writing chunk 12: /mnt/storage3b/projects/no_ngsd/ahthapp1_T2T_ONT/analysis_other/porec/T2T03.hp1/cooler/tmp3_djv_cb.multi.cool::12
INFO:cooler.create:Creating cooler at "/mnt/storage3b/projects/no_ngsd/ahthapp1_T2T_ONT/analysis_other/porec/T2T03.hp1/cooler/tmp3_djv_cb.multi.cool::/12"
INFO:cooler.create:Writing chroms
INFO:cooler.create:Writing bins
INFO:cooler.create:Writing pixels
INFO:cooler.create:Writing indexes
INFO:cooler.create:Writing info
INFO:cooler.create:Writing chunk 13: /mnt/storage3b/projects/no_ngsd/ahthapp1_T2T_ONT/analysis_other/porec/T2T03.hp1/cooler/tmp3_djv_cb.multi.cool::13
INFO:cooler.create:Creating cooler at "/mnt/storage3b/projects/no_ngsd/ahthapp1_T2T_ONT/analysis_other/porec/T2T03.hp1/cooler/tmp3_djv_cb.multi.cool::/13"
INFO:cooler.create:Writing chroms
INFO:cooler.create:Writing bins
INFO:cooler.create:Writing pixels
INFO:cooler.create:Writing indexes
INFO:cooler.create:Writing info
INFO:cooler.create:Writing chunk 14: /mnt/storage3b/projects/no_ngsd/ahthapp1_T2T_ONT/analysis_other/porec/T2T03.hp1/cooler/tmp3_djv_cb.multi.cool::14
INFO:cooler.create:Creating cooler at "/mnt/storage3b/projects/no_ngsd/ahthapp1_T2T_ONT/analysis_other/porec/T2T03.hp1/cooler/tmp3_djv_cb.multi.cool::/14"
INFO:cooler.create:Writing chroms
INFO:cooler.create:Writing bins
INFO:cooler.create:Writing pixels
INFO:cooler.create:Writing indexes
INFO:cooler.create:Writing info
INFO:cooler.create:Writing chunk 15: /mnt/storage3b/projects/no_ngsd/ahthapp1_T2T_ONT/analysis_other/porec/T2T03.hp1/cooler/tmp3_djv_cb.multi.cool::15
INFO:cooler.create:Creating cooler at "/mnt/storage3b/projects/no_ngsd/ahthapp1_T2T_ONT/analysis_other/porec/T2T03.hp1/cooler/tmp3_djv_cb.multi.cool::/15"
INFO:cooler.create:Writing chroms
INFO:cooler.create:Writing bins
INFO:cooler.create:Writing pixels
INFO:cooler.create:Writing indexes
INFO:cooler.create:Writing info
INFO:cooler.create:Writing chunk 16: /mnt/storage3b/projects/no_ngsd/ahthapp1_T2T_ONT/analysis_other/porec/T2T03.hp1/cooler/tmp3_djv_cb.multi.cool::16
INFO:cooler.create:Creating cooler at "/mnt/storage3b/projects/no_ngsd/ahthapp1_T2T_ONT/analysis_other/porec/T2T03.hp1/cooler/tmp3_djv_cb.multi.cool::/16"
INFO:cooler.create:Writing chroms
INFO:cooler.create:Writing bins
INFO:cooler.create:Writing pixels
INFO:cooler.create:Writing indexes
INFO:cooler.create:Writing info
INFO:cooler.create:Writing chunk 17: /mnt/storage3b/projects/no_ngsd/ahthapp1_T2T_ONT/analysis_other/porec/T2T03.hp1/cooler/tmp3_djv_cb.multi.cool::17
INFO:cooler.create:Creating cooler at "/mnt/storage3b/projects/no_ngsd/ahthapp1_T2T_ONT/analysis_other/porec/T2T03.hp1/cooler/tmp3_djv_cb.multi.cool::/17"
INFO:cooler.create:Writing chroms
INFO:cooler.create:Writing bins
INFO:cooler.create:Writing pixels
INFO:cooler.create:Writing indexes
INFO:cooler.create:Writing info
INFO:cooler.create:Merging into analysis_other/porec/T2T03.hp1/cooler/T2T03.hp1_10000.cool
INFO:cooler.create:Creating cooler at "/mnt/storage3b/projects/no_ngsd/ahthapp1_T2T_ONT/analysis_other/porec/T2T03.hp1/cooler/T2T03.hp1_10000.cool::/"
INFO:cooler.create:Writing chroms
INFO:cooler.create:Writing bins
INFO:cooler.create:Writing pixels
INFO:cooler._reduce:n_merge_epochs: 13
INFO:cooler._reduce:nnzs: [11040909, 11183818, 11436026, 11632730, 10943247, 11215559, 11164463, 10974937, 10919674, 11305923, 10500954, 10417132, 10467742, 10322800, 9597139, 8933920, 8972792, 1144112]
INFO:cooler._reduce:records consumed: [np.int64(7285435), np.int64(7411261), np.int64(303444), np.int64(0), np.int64(0), np.int64(0), np.int64(0), np.int64(0), np.int64(0), np.int64(0), np.int64(0), np.int64(0), np.int64(0), np.int64(0), np.int64(0), np.int64(0), np.int64(0), np.int64(0)]
INFO:cooler._reduce:records consumed: [np.int64(11040909), np.int64(11183818), np.int64(3951513), np.int64(3706368), np.int64(118804), np.int64(0), np.int64(0), np.int64(0), np.int64(0), np.int64(0), np.int64(0), np.int64(0), np.int64(0), np.int64(0), np.int64(0), np.int64(0), np.int64(0), np.int64(0)]
INFO:cooler._reduce:records consumed: [np.int64(11040909), np.int64(11183818), np.int64(11114044), np.int64(11300736), np.int64(362343), np.int64(0), np.int64(0), np.int64(0), np.int64(0), np.int64(0), np.int64(0), np.int64(0), np.int64(0), np.int64(0), np.int64(0), np.int64(0), np.int64(0), np.int64(0)]
INFO:cooler._reduce:records consumed: [np.int64(11040909), np.int64(11183818), np.int64(11436026), np.int64(11632730), np.int64(10345757), np.int64(4362977), np.int64(0), np.int64(0), np.int64(0), np.int64(0), np.int64(0), np.int64(0), np.int64(0), np.int64(0), np.int64(0), np.int64(0), np.int64(0), np.int64(0)]
INFO:cooler._reduce:records consumed: [np.int64(11040909), np.int64(11183818), np.int64(11436026), np.int64(11632730), np.int64(10943247), np.int64(11215559), np.int64(6496799), np.int64(1053754), np.int64(0), np.int64(0), np.int64(0), np.int64(0), np.int64(0), np.int64(0), np.int64(0), np.int64(0), np.int64(0), np.int64(0)]
INFO:cooler._reduce:records consumed: [np.int64(11040909), np.int64(11183818), np.int64(11436026), np.int64(11632730), np.int64(10943247), np.int64(11215559), np.int64(11164463), np.int64(8440252), np.int64(2946305), np.int64(0), np.int64(0), np.int64(0), np.int64(0), np.int64(0), np.int64(0), np.int64(0), np.int64(0), np.int64(0)]
INFO:cooler._reduce:records consumed: [np.int64(11040909), np.int64(11183818), np.int64(11436026), np.int64(11632730), np.int64(10943247), np.int64(11215559), np.int64(11164463), np.int64(10974937), np.int64(10303220), np.int64(5108755), np.int64(0), np.int64(0), np.int64(0), np.int64(0), np.int64(0), np.int64(0), np.int64(0), np.int64(0)]
INFO:cooler._reduce:records consumed: [np.int64(11040909), np.int64(11183818), np.int64(11436026), np.int64(11632730), np.int64(10943247), np.int64(11215559), np.int64(11164463), np.int64(10974937), np.int64(10919674), np.int64(11305923), np.int64(8186787), np.int64(0), np.int64(0), np.int64(0), np.int64(0), np.int64(0), np.int64(0), np.int64(0)]
INFO:cooler._reduce:records consumed: [np.int64(11040909), np.int64(11183818), np.int64(11436026), np.int64(11632730), np.int64(10943247), np.int64(11215559), np.int64(11164463), np.int64(10974937), np.int64(10919674), np.int64(11305923), np.int64(10500954), np.int64(9403979), np.int64(3282044), np.int64(0), np.int64(0), np.int64(0), np.int64(0), np.int64(0)]
INFO:cooler._reduce:records consumed: [np.int64(11040909), np.int64(11183818), np.int64(11436026), np.int64(11632730), np.int64(10943247), np.int64(11215559), np.int64(11164463), np.int64(10974937), np.int64(10919674), np.int64(11305923), np.int64(10500954), np.int64(10417132), np.int64(10467742), np.int64(6668530), np.int64(133183), np.int64(0), np.int64(0), np.int64(0)]
INFO:cooler._reduce:records consumed: [np.int64(11040909), np.int64(11183818), np.int64(11436026), np.int64(11632730), np.int64(10943247), np.int64(11215559), np.int64(11164463), np.int64(10974937), np.int64(10919674), np.int64(11305923), np.int64(10500954), np.int64(10417132), np.int64(10467742), np.int64(10322800), np.int64(9341191), np.int64(2137770), np.int64(0), np.int64(0)]
INFO:cooler._reduce:records consumed: [np.int64(11040909), np.int64(11183818), np.int64(11436026), np.int64(11632730), np.int64(10943247), np.int64(11215559), np.int64(11164463), np.int64(10974937), np.int64(10919674), np.int64(11305923), np.int64(10500954), np.int64(10417132), np.int64(10467742), np.int64(10322800), np.int64(9597139), np.int64(8933920), np.int64(7948053), np.int64(0)]
INFO:cooler._reduce:records consumed: [np.int64(11040909), np.int64(11183818), np.int64(11436026), np.int64(11632730), np.int64(10943247), np.int64(11215559), np.int64(11164463), np.int64(10974937), np.int64(10919674), np.int64(11305923), np.int64(10500954), np.int64(10417132), np.int64(10467742), np.int64(10322800), np.int64(9597139), np.int64(8933920), np.int64(8972792), np.int64(1144112)]
INFO:cooler.create:Writing indexes
INFO:cooler.create:Writing info
