INFO:cooler.create:Writing chunk 0: /mnt/storage3b/projects/no_ngsd/ahthapp1_T2T_ONT/analysis_other/porec/T2T03.hp2/cooler/tmpau9hc6i7.multi.cool::0
INFO:cooler.create:Creating cooler at "/mnt/storage3b/projects/no_ngsd/ahthapp1_T2T_ONT/analysis_other/porec/T2T03.hp2/cooler/tmpau9hc6i7.multi.cool::/0"
INFO:cooler.create:Writing chroms
INFO:cooler.create:Writing bins
INFO:cooler.create:Writing pixels
INFO:cooler.create:Writing indexes
INFO:cooler.create:Writing info
INFO:cooler.create:Writing chunk 1: /mnt/storage3b/projects/no_ngsd/ahthapp1_T2T_ONT/analysis_other/porec/T2T03.hp2/cooler/tmpau9hc6i7.multi.cool::1
INFO:cooler.create:Creating cooler at "/mnt/storage3b/projects/no_ngsd/ahthapp1_T2T_ONT/analysis_other/porec/T2T03.hp2/cooler/tmpau9hc6i7.multi.cool::/1"
INFO:cooler.create:Writing chroms
INFO:cooler.create:Writing bins
INFO:cooler.create:Writing pixels
INFO:cooler.create:Writing indexes
INFO:cooler.create:Writing info
INFO:cooler.create:Writing chunk 2: /mnt/storage3b/projects/no_ngsd/ahthapp1_T2T_ONT/analysis_other/porec/T2T03.hp2/cooler/tmpau9hc6i7.multi.cool::2
INFO:cooler.create:Creating cooler at "/mnt/storage3b/projects/no_ngsd/ahthapp1_T2T_ONT/analysis_other/porec/T2T03.hp2/cooler/tmpau9hc6i7.multi.cool::/2"
INFO:cooler.create:Writing chroms
INFO:cooler.create:Writing bins
INFO:cooler.create:Writing pixels
INFO:cooler.create:Writing indexes
INFO:cooler.create:Writing info
INFO:cooler.create:Writing chunk 3: /mnt/storage3b/projects/no_ngsd/ahthapp1_T2T_ONT/analysis_other/porec/T2T03.hp2/cooler/tmpau9hc6i7.multi.cool::3
INFO:cooler.create:Creating cooler at "/mnt/storage3b/projects/no_ngsd/ahthapp1_T2T_ONT/analysis_other/porec/T2T03.hp2/cooler/tmpau9hc6i7.multi.cool::/3"
INFO:cooler.create:Writing chroms
INFO:cooler.create:Writing bins
INFO:cooler.create:Writing pixels
INFO:cooler.create:Writing indexes
INFO:cooler.create:Writing info
INFO:cooler.create:Writing chunk 4: /mnt/storage3b/projects/no_ngsd/ahthapp1_T2T_ONT/analysis_other/porec/T2T03.hp2/cooler/tmpau9hc6i7.multi.cool::4
INFO:cooler.create:Creating cooler at "/mnt/storage3b/projects/no_ngsd/ahthapp1_T2T_ONT/analysis_other/porec/T2T03.hp2/cooler/tmpau9hc6i7.multi.cool::/4"
INFO:cooler.create:Writing chroms
INFO:cooler.create:Writing bins
INFO:cooler.create:Writing pixels
INFO:cooler.create:Writing indexes
INFO:cooler.create:Writing info
INFO:cooler.create:Writing chunk 5: /mnt/storage3b/projects/no_ngsd/ahthapp1_T2T_ONT/analysis_other/porec/T2T03.hp2/cooler/tmpau9hc6i7.multi.cool::5
INFO:cooler.create:Creating cooler at "/mnt/storage3b/projects/no_ngsd/ahthapp1_T2T_ONT/analysis_other/porec/T2T03.hp2/cooler/tmpau9hc6i7.multi.cool::/5"
INFO:cooler.create:Writing chroms
INFO:cooler.create:Writing bins
INFO:cooler.create:Writing pixels
INFO:cooler.create:Writing indexes
INFO:cooler.create:Writing info
INFO:cooler.create:Writing chunk 6: /mnt/storage3b/projects/no_ngsd/ahthapp1_T2T_ONT/analysis_other/porec/T2T03.hp2/cooler/tmpau9hc6i7.multi.cool::6
INFO:cooler.create:Creating cooler at "/mnt/storage3b/projects/no_ngsd/ahthapp1_T2T_ONT/analysis_other/porec/T2T03.hp2/cooler/tmpau9hc6i7.multi.cool::/6"
INFO:cooler.create:Writing chroms
INFO:cooler.create:Writing bins
INFO:cooler.create:Writing pixels
INFO:cooler.create:Writing indexes
INFO:cooler.create:Writing info
INFO:cooler.create:Writing chunk 7: /mnt/storage3b/projects/no_ngsd/ahthapp1_T2T_ONT/analysis_other/porec/T2T03.hp2/cooler/tmpau9hc6i7.multi.cool::7
INFO:cooler.create:Creating cooler at "/mnt/storage3b/projects/no_ngsd/ahthapp1_T2T_ONT/analysis_other/porec/T2T03.hp2/cooler/tmpau9hc6i7.multi.cool::/7"
INFO:cooler.create:Writing chroms
INFO:cooler.create:Writing bins
INFO:cooler.create:Writing pixels
INFO:cooler.create:Writing indexes
INFO:cooler.create:Writing info
INFO:cooler.create:Writing chunk 8: /mnt/storage3b/projects/no_ngsd/ahthapp1_T2T_ONT/analysis_other/porec/T2T03.hp2/cooler/tmpau9hc6i7.multi.cool::8
INFO:cooler.create:Creating cooler at "/mnt/storage3b/projects/no_ngsd/ahthapp1_T2T_ONT/analysis_other/porec/T2T03.hp2/cooler/tmpau9hc6i7.multi.cool::/8"
INFO:cooler.create:Writing chroms
INFO:cooler.create:Writing bins
INFO:cooler.create:Writing pixels
INFO:cooler.create:Writing indexes
INFO:cooler.create:Writing info
INFO:cooler.create:Writing chunk 9: /mnt/storage3b/projects/no_ngsd/ahthapp1_T2T_ONT/analysis_other/porec/T2T03.hp2/cooler/tmpau9hc6i7.multi.cool::9
INFO:cooler.create:Creating cooler at "/mnt/storage3b/projects/no_ngsd/ahthapp1_T2T_ONT/analysis_other/porec/T2T03.hp2/cooler/tmpau9hc6i7.multi.cool::/9"
INFO:cooler.create:Writing chroms
INFO:cooler.create:Writing bins
INFO:cooler.create:Writing pixels
INFO:cooler.create:Writing indexes
INFO:cooler.create:Writing info
INFO:cooler.create:Writing chunk 10: /mnt/storage3b/projects/no_ngsd/ahthapp1_T2T_ONT/analysis_other/porec/T2T03.hp2/cooler/tmpau9hc6i7.multi.cool::10
INFO:cooler.create:Creating cooler at "/mnt/storage3b/projects/no_ngsd/ahthapp1_T2T_ONT/analysis_other/porec/T2T03.hp2/cooler/tmpau9hc6i7.multi.cool::/10"
INFO:cooler.create:Writing chroms
INFO:cooler.create:Writing bins
INFO:cooler.create:Writing pixels
INFO:cooler.create:Writing indexes
INFO:cooler.create:Writing info
INFO:cooler.create:Writing chunk 11: /mnt/storage3b/projects/no_ngsd/ahthapp1_T2T_ONT/analysis_other/porec/T2T03.hp2/cooler/tmpau9hc6i7.multi.cool::11
INFO:cooler.create:Creating cooler at "/mnt/storage3b/projects/no_ngsd/ahthapp1_T2T_ONT/analysis_other/porec/T2T03.hp2/cooler/tmpau9hc6i7.multi.cool::/11"
INFO:cooler.create:Writing chroms
INFO:cooler.create:Writing bins
INFO:cooler.create:Writing pixels
INFO:cooler.create:Writing indexes
INFO:cooler.create:Writing info
INFO:cooler.create:Writing chunk 12: /mnt/storage3b/projects/no_ngsd/ahthapp1_T2T_ONT/analysis_other/porec/T2T03.hp2/cooler/tmpau9hc6i7.multi.cool::12
INFO:cooler.create:Creating cooler at "/mnt/storage3b/projects/no_ngsd/ahthapp1_T2T_ONT/analysis_other/porec/T2T03.hp2/cooler/tmpau9hc6i7.multi.cool::/12"
INFO:cooler.create:Writing chroms
INFO:cooler.create:Writing bins
INFO:cooler.create:Writing pixels
INFO:cooler.create:Writing indexes
INFO:cooler.create:Writing info
INFO:cooler.create:Writing chunk 13: /mnt/storage3b/projects/no_ngsd/ahthapp1_T2T_ONT/analysis_other/porec/T2T03.hp2/cooler/tmpau9hc6i7.multi.cool::13
INFO:cooler.create:Creating cooler at "/mnt/storage3b/projects/no_ngsd/ahthapp1_T2T_ONT/analysis_other/porec/T2T03.hp2/cooler/tmpau9hc6i7.multi.cool::/13"
INFO:cooler.create:Writing chroms
INFO:cooler.create:Writing bins
INFO:cooler.create:Writing pixels
INFO:cooler.create:Writing indexes
INFO:cooler.create:Writing info
INFO:cooler.create:Writing chunk 14: /mnt/storage3b/projects/no_ngsd/ahthapp1_T2T_ONT/analysis_other/porec/T2T03.hp2/cooler/tmpau9hc6i7.multi.cool::14
INFO:cooler.create:Creating cooler at "/mnt/storage3b/projects/no_ngsd/ahthapp1_T2T_ONT/analysis_other/porec/T2T03.hp2/cooler/tmpau9hc6i7.multi.cool::/14"
INFO:cooler.create:Writing chroms
INFO:cooler.create:Writing bins
INFO:cooler.create:Writing pixels
INFO:cooler.create:Writing indexes
INFO:cooler.create:Writing info
INFO:cooler.create:Writing chunk 15: /mnt/storage3b/projects/no_ngsd/ahthapp1_T2T_ONT/analysis_other/porec/T2T03.hp2/cooler/tmpau9hc6i7.multi.cool::15
INFO:cooler.create:Creating cooler at "/mnt/storage3b/projects/no_ngsd/ahthapp1_T2T_ONT/analysis_other/porec/T2T03.hp2/cooler/tmpau9hc6i7.multi.cool::/15"
INFO:cooler.create:Writing chroms
INFO:cooler.create:Writing bins
INFO:cooler.create:Writing pixels
INFO:cooler.create:Writing indexes
INFO:cooler.create:Writing info
INFO:cooler.create:Writing chunk 16: /mnt/storage3b/projects/no_ngsd/ahthapp1_T2T_ONT/analysis_other/porec/T2T03.hp2/cooler/tmpau9hc6i7.multi.cool::16
INFO:cooler.create:Creating cooler at "/mnt/storage3b/projects/no_ngsd/ahthapp1_T2T_ONT/analysis_other/porec/T2T03.hp2/cooler/tmpau9hc6i7.multi.cool::/16"
INFO:cooler.create:Writing chroms
INFO:cooler.create:Writing bins
INFO:cooler.create:Writing pixels
INFO:cooler.create:Writing indexes
INFO:cooler.create:Writing info
INFO:cooler.create:Writing chunk 17: /mnt/storage3b/projects/no_ngsd/ahthapp1_T2T_ONT/analysis_other/porec/T2T03.hp2/cooler/tmpau9hc6i7.multi.cool::17
INFO:cooler.create:Creating cooler at "/mnt/storage3b/projects/no_ngsd/ahthapp1_T2T_ONT/analysis_other/porec/T2T03.hp2/cooler/tmpau9hc6i7.multi.cool::/17"
INFO:cooler.create:Writing chroms
INFO:cooler.create:Writing bins
INFO:cooler.create:Writing pixels
INFO:cooler.create:Writing indexes
INFO:cooler.create:Writing info
INFO:cooler.create:Merging into analysis_other/porec/T2T03.hp2/cooler/T2T03.hp2_10000.cool
INFO:cooler.create:Creating cooler at "/mnt/storage3b/projects/no_ngsd/ahthapp1_T2T_ONT/analysis_other/porec/T2T03.hp2/cooler/T2T03.hp2_10000.cool::/"
INFO:cooler.create:Writing chroms
INFO:cooler.create:Writing bins
INFO:cooler.create:Writing pixels
INFO:cooler._reduce:n_merge_epochs: 13
INFO:cooler._reduce:nnzs: [11046158, 11195529, 11396855, 11614418, 10868358, 11194243, 11181183, 11019468, 10956541, 11226083, 10387417, 10434240, 10455044, 10264710, 9605632, 8874634, 8906979, 851344]
INFO:cooler._reduce:records consumed: [np.int64(7332674), np.int64(7466046), np.int64(201385), np.int64(0), np.int64(0), np.int64(0), np.int64(0), np.int64(0), np.int64(0), np.int64(0), np.int64(0), np.int64(0), np.int64(0), np.int64(0), np.int64(0), np.int64(0), np.int64(0), np.int64(0)]
INFO:cooler._reduce:records consumed: [np.int64(11046158), np.int64(11195529), np.int64(3910531), np.int64(3781145), np.int64(67753), np.int64(0), np.int64(0), np.int64(0), np.int64(0), np.int64(0), np.int64(0), np.int64(0), np.int64(0), np.int64(0), np.int64(0), np.int64(0), np.int64(0), np.int64(0)]
INFO:cooler._reduce:records consumed: [np.int64(11046158), np.int64(11195529), np.int64(11175017), np.int64(11383625), np.int64(201161), np.int64(0), np.int64(0), np.int64(0), np.int64(0), np.int64(0), np.int64(0), np.int64(0), np.int64(0), np.int64(0), np.int64(0), np.int64(0), np.int64(0), np.int64(0)]
INFO:cooler._reduce:records consumed: [np.int64(11046158), np.int64(11195529), np.int64(11396855), np.int64(11614418), np.int64(10565495), np.int64(4183129), np.int64(0), np.int64(0), np.int64(0), np.int64(0), np.int64(0), np.int64(0), np.int64(0), np.int64(0), np.int64(0), np.int64(0), np.int64(0), np.int64(0)]
INFO:cooler._reduce:records consumed: [np.int64(11046158), np.int64(11195529), np.int64(11396855), np.int64(11614418), np.int64(10868358), np.int64(11194243), np.int64(6484998), np.int64(1201786), np.int64(0), np.int64(0), np.int64(0), np.int64(0), np.int64(0), np.int64(0), np.int64(0), np.int64(0), np.int64(0), np.int64(0)]
INFO:cooler._reduce:records consumed: [np.int64(11046158), np.int64(11195529), np.int64(11396855), np.int64(11614418), np.int64(10868358), np.int64(11194243), np.int64(11181183), np.int64(8466093), np.int64(3040191), np.int64(0), np.int64(0), np.int64(0), np.int64(0), np.int64(0), np.int64(0), np.int64(0), np.int64(0), np.int64(0)]
INFO:cooler._reduce:records consumed: [np.int64(11046158), np.int64(11195529), np.int64(11396855), np.int64(11614418), np.int64(10868358), np.int64(11194243), np.int64(11181183), np.int64(11019468), np.int64(10421511), np.int64(5065573), np.int64(0), np.int64(0), np.int64(0), np.int64(0), np.int64(0), np.int64(0), np.int64(0), np.int64(0)]
INFO:cooler._reduce:records consumed: [np.int64(11046158), np.int64(11195529), np.int64(11396855), np.int64(11614418), np.int64(10868358), np.int64(11194243), np.int64(11181183), np.int64(11019468), np.int64(10956541), np.int64(11226083), np.int64(8304678), np.int64(0), np.int64(0), np.int64(0), np.int64(0), np.int64(0), np.int64(0), np.int64(0)]
INFO:cooler._reduce:records consumed: [np.int64(11046158), np.int64(11195529), np.int64(11396855), np.int64(11614418), np.int64(10868358), np.int64(11194243), np.int64(11181183), np.int64(11019468), np.int64(10956541), np.int64(11226083), np.int64(10387417), np.int64(9528044), np.int64(3389627), np.int64(0), np.int64(0), np.int64(0), np.int64(0), np.int64(0)]
INFO:cooler._reduce:records consumed: [np.int64(11046158), np.int64(11195529), np.int64(11396855), np.int64(11614418), np.int64(10868358), np.int64(11194243), np.int64(11181183), np.int64(11019468), np.int64(10956541), np.int64(11226083), np.int64(10387417), np.int64(10434240), np.int64(10455044), np.int64(7028728), np.int64(0), np.int64(0), np.int64(0), np.int64(0)]
INFO:cooler._reduce:records consumed: [np.int64(11046158), np.int64(11195529), np.int64(11396855), np.int64(11614418), np.int64(10868358), np.int64(11194243), np.int64(11181183), np.int64(11019468), np.int64(10956541), np.int64(11226083), np.int64(10387417), np.int64(10434240), np.int64(10455044), np.int64(10264710), np.int64(9381270), np.int64(2383027), np.int64(0), np.int64(0)]
INFO:cooler._reduce:records consumed: [np.int64(11046158), np.int64(11195529), np.int64(11396855), np.int64(11614418), np.int64(10868358), np.int64(11194243), np.int64(11181183), np.int64(11019468), np.int64(10956541), np.int64(11226083), np.int64(10387417), np.int64(10434240), np.int64(10455044), np.int64(10264710), np.int64(9605632), np.int64(8874634), np.int64(8284308), np.int64(0)]
INFO:cooler._reduce:records consumed: [np.int64(11046158), np.int64(11195529), np.int64(11396855), np.int64(11614418), np.int64(10868358), np.int64(11194243), np.int64(11181183), np.int64(11019468), np.int64(10956541), np.int64(11226083), np.int64(10387417), np.int64(10434240), np.int64(10455044), np.int64(10264710), np.int64(9605632), np.int64(8874634), np.int64(8906979), np.int64(851344)]
INFO:cooler.create:Writing indexes
INFO:cooler.create:Writing info
