INFO:cooler.create:Writing chunk 0: /mnt/storage3b/projects/no_ngsd/ahthapp1_T2T_ONT/analysis_other/porec/T2T04_1.hp1/cooler/tmpfwjhq2vn.multi.cool::0
INFO:cooler.create:Creating cooler at "/mnt/storage3b/projects/no_ngsd/ahthapp1_T2T_ONT/analysis_other/porec/T2T04_1.hp1/cooler/tmpfwjhq2vn.multi.cool::/0"
INFO:cooler.create:Writing chroms
INFO:cooler.create:Writing bins
INFO:cooler.create:Writing pixels
INFO:cooler.create:Writing indexes
INFO:cooler.create:Writing info
INFO:cooler.create:Writing chunk 1: /mnt/storage3b/projects/no_ngsd/ahthapp1_T2T_ONT/analysis_other/porec/T2T04_1.hp1/cooler/tmpfwjhq2vn.multi.cool::1
INFO:cooler.create:Creating cooler at "/mnt/storage3b/projects/no_ngsd/ahthapp1_T2T_ONT/analysis_other/porec/T2T04_1.hp1/cooler/tmpfwjhq2vn.multi.cool::/1"
INFO:cooler.create:Writing chroms
INFO:cooler.create:Writing bins
INFO:cooler.create:Writing pixels
INFO:cooler.create:Writing indexes
INFO:cooler.create:Writing info
INFO:cooler.create:Writing chunk 2: /mnt/storage3b/projects/no_ngsd/ahthapp1_T2T_ONT/analysis_other/porec/T2T04_1.hp1/cooler/tmpfwjhq2vn.multi.cool::2
INFO:cooler.create:Creating cooler at "/mnt/storage3b/projects/no_ngsd/ahthapp1_T2T_ONT/analysis_other/porec/T2T04_1.hp1/cooler/tmpfwjhq2vn.multi.cool::/2"
INFO:cooler.create:Writing chroms
INFO:cooler.create:Writing bins
INFO:cooler.create:Writing pixels
INFO:cooler.create:Writing indexes
INFO:cooler.create:Writing info
INFO:cooler.create:Writing chunk 3: /mnt/storage3b/projects/no_ngsd/ahthapp1_T2T_ONT/analysis_other/porec/T2T04_1.hp1/cooler/tmpfwjhq2vn.multi.cool::3
INFO:cooler.create:Creating cooler at "/mnt/storage3b/projects/no_ngsd/ahthapp1_T2T_ONT/analysis_other/porec/T2T04_1.hp1/cooler/tmpfwjhq2vn.multi.cool::/3"
INFO:cooler.create:Writing chroms
INFO:cooler.create:Writing bins
INFO:cooler.create:Writing pixels
INFO:cooler.create:Writing indexes
INFO:cooler.create:Writing info
INFO:cooler.create:Writing chunk 4: /mnt/storage3b/projects/no_ngsd/ahthapp1_T2T_ONT/analysis_other/porec/T2T04_1.hp1/cooler/tmpfwjhq2vn.multi.cool::4
INFO:cooler.create:Creating cooler at "/mnt/storage3b/projects/no_ngsd/ahthapp1_T2T_ONT/analysis_other/porec/T2T04_1.hp1/cooler/tmpfwjhq2vn.multi.cool::/4"
INFO:cooler.create:Writing chroms
INFO:cooler.create:Writing bins
INFO:cooler.create:Writing pixels
INFO:cooler.create:Writing indexes
INFO:cooler.create:Writing info
INFO:cooler.create:Writing chunk 5: /mnt/storage3b/projects/no_ngsd/ahthapp1_T2T_ONT/analysis_other/porec/T2T04_1.hp1/cooler/tmpfwjhq2vn.multi.cool::5
INFO:cooler.create:Creating cooler at "/mnt/storage3b/projects/no_ngsd/ahthapp1_T2T_ONT/analysis_other/porec/T2T04_1.hp1/cooler/tmpfwjhq2vn.multi.cool::/5"
INFO:cooler.create:Writing chroms
INFO:cooler.create:Writing bins
INFO:cooler.create:Writing pixels
INFO:cooler.create:Writing indexes
INFO:cooler.create:Writing info
INFO:cooler.create:Writing chunk 6: /mnt/storage3b/projects/no_ngsd/ahthapp1_T2T_ONT/analysis_other/porec/T2T04_1.hp1/cooler/tmpfwjhq2vn.multi.cool::6
INFO:cooler.create:Creating cooler at "/mnt/storage3b/projects/no_ngsd/ahthapp1_T2T_ONT/analysis_other/porec/T2T04_1.hp1/cooler/tmpfwjhq2vn.multi.cool::/6"
INFO:cooler.create:Writing chroms
INFO:cooler.create:Writing bins
INFO:cooler.create:Writing pixels
INFO:cooler.create:Writing indexes
INFO:cooler.create:Writing info
INFO:cooler.create:Writing chunk 7: /mnt/storage3b/projects/no_ngsd/ahthapp1_T2T_ONT/analysis_other/porec/T2T04_1.hp1/cooler/tmpfwjhq2vn.multi.cool::7
INFO:cooler.create:Creating cooler at "/mnt/storage3b/projects/no_ngsd/ahthapp1_T2T_ONT/analysis_other/porec/T2T04_1.hp1/cooler/tmpfwjhq2vn.multi.cool::/7"
INFO:cooler.create:Writing chroms
INFO:cooler.create:Writing bins
INFO:cooler.create:Writing pixels
INFO:cooler.create:Writing indexes
INFO:cooler.create:Writing info
INFO:cooler.create:Writing chunk 8: /mnt/storage3b/projects/no_ngsd/ahthapp1_T2T_ONT/analysis_other/porec/T2T04_1.hp1/cooler/tmpfwjhq2vn.multi.cool::8
INFO:cooler.create:Creating cooler at "/mnt/storage3b/projects/no_ngsd/ahthapp1_T2T_ONT/analysis_other/porec/T2T04_1.hp1/cooler/tmpfwjhq2vn.multi.cool::/8"
INFO:cooler.create:Writing chroms
INFO:cooler.create:Writing bins
INFO:cooler.create:Writing pixels
INFO:cooler.create:Writing indexes
INFO:cooler.create:Writing info
INFO:cooler.create:Writing chunk 9: /mnt/storage3b/projects/no_ngsd/ahthapp1_T2T_ONT/analysis_other/porec/T2T04_1.hp1/cooler/tmpfwjhq2vn.multi.cool::9
INFO:cooler.create:Creating cooler at "/mnt/storage3b/projects/no_ngsd/ahthapp1_T2T_ONT/analysis_other/porec/T2T04_1.hp1/cooler/tmpfwjhq2vn.multi.cool::/9"
INFO:cooler.create:Writing chroms
INFO:cooler.create:Writing bins
INFO:cooler.create:Writing pixels
INFO:cooler.create:Writing indexes
INFO:cooler.create:Writing info
INFO:cooler.create:Writing chunk 10: /mnt/storage3b/projects/no_ngsd/ahthapp1_T2T_ONT/analysis_other/porec/T2T04_1.hp1/cooler/tmpfwjhq2vn.multi.cool::10
INFO:cooler.create:Creating cooler at "/mnt/storage3b/projects/no_ngsd/ahthapp1_T2T_ONT/analysis_other/porec/T2T04_1.hp1/cooler/tmpfwjhq2vn.multi.cool::/10"
INFO:cooler.create:Writing chroms
INFO:cooler.create:Writing bins
INFO:cooler.create:Writing pixels
INFO:cooler.create:Writing indexes
INFO:cooler.create:Writing info
INFO:cooler.create:Writing chunk 11: /mnt/storage3b/projects/no_ngsd/ahthapp1_T2T_ONT/analysis_other/porec/T2T04_1.hp1/cooler/tmpfwjhq2vn.multi.cool::11
INFO:cooler.create:Creating cooler at "/mnt/storage3b/projects/no_ngsd/ahthapp1_T2T_ONT/analysis_other/porec/T2T04_1.hp1/cooler/tmpfwjhq2vn.multi.cool::/11"
INFO:cooler.create:Writing chroms
INFO:cooler.create:Writing bins
INFO:cooler.create:Writing pixels
INFO:cooler.create:Writing indexes
INFO:cooler.create:Writing info
INFO:cooler.create:Writing chunk 12: /mnt/storage3b/projects/no_ngsd/ahthapp1_T2T_ONT/analysis_other/porec/T2T04_1.hp1/cooler/tmpfwjhq2vn.multi.cool::12
INFO:cooler.create:Creating cooler at "/mnt/storage3b/projects/no_ngsd/ahthapp1_T2T_ONT/analysis_other/porec/T2T04_1.hp1/cooler/tmpfwjhq2vn.multi.cool::/12"
INFO:cooler.create:Writing chroms
INFO:cooler.create:Writing bins
INFO:cooler.create:Writing pixels
INFO:cooler.create:Writing indexes
INFO:cooler.create:Writing info
INFO:cooler.create:Writing chunk 13: /mnt/storage3b/projects/no_ngsd/ahthapp1_T2T_ONT/analysis_other/porec/T2T04_1.hp1/cooler/tmpfwjhq2vn.multi.cool::13
INFO:cooler.create:Creating cooler at "/mnt/storage3b/projects/no_ngsd/ahthapp1_T2T_ONT/analysis_other/porec/T2T04_1.hp1/cooler/tmpfwjhq2vn.multi.cool::/13"
INFO:cooler.create:Writing chroms
INFO:cooler.create:Writing bins
INFO:cooler.create:Writing pixels
INFO:cooler.create:Writing indexes
INFO:cooler.create:Writing info
INFO:cooler.create:Writing chunk 14: /mnt/storage3b/projects/no_ngsd/ahthapp1_T2T_ONT/analysis_other/porec/T2T04_1.hp1/cooler/tmpfwjhq2vn.multi.cool::14
INFO:cooler.create:Creating cooler at "/mnt/storage3b/projects/no_ngsd/ahthapp1_T2T_ONT/analysis_other/porec/T2T04_1.hp1/cooler/tmpfwjhq2vn.multi.cool::/14"
INFO:cooler.create:Writing chroms
INFO:cooler.create:Writing bins
INFO:cooler.create:Writing pixels
INFO:cooler.create:Writing indexes
INFO:cooler.create:Writing info
INFO:cooler.create:Writing chunk 15: /mnt/storage3b/projects/no_ngsd/ahthapp1_T2T_ONT/analysis_other/porec/T2T04_1.hp1/cooler/tmpfwjhq2vn.multi.cool::15
INFO:cooler.create:Creating cooler at "/mnt/storage3b/projects/no_ngsd/ahthapp1_T2T_ONT/analysis_other/porec/T2T04_1.hp1/cooler/tmpfwjhq2vn.multi.cool::/15"
INFO:cooler.create:Writing chroms
INFO:cooler.create:Writing bins
INFO:cooler.create:Writing pixels
INFO:cooler.create:Writing indexes
INFO:cooler.create:Writing info
INFO:cooler.create:Writing chunk 16: /mnt/storage3b/projects/no_ngsd/ahthapp1_T2T_ONT/analysis_other/porec/T2T04_1.hp1/cooler/tmpfwjhq2vn.multi.cool::16
INFO:cooler.create:Creating cooler at "/mnt/storage3b/projects/no_ngsd/ahthapp1_T2T_ONT/analysis_other/porec/T2T04_1.hp1/cooler/tmpfwjhq2vn.multi.cool::/16"
INFO:cooler.create:Writing chroms
INFO:cooler.create:Writing bins
INFO:cooler.create:Writing pixels
INFO:cooler.create:Writing indexes
INFO:cooler.create:Writing info
INFO:cooler.create:Writing chunk 17: /mnt/storage3b/projects/no_ngsd/ahthapp1_T2T_ONT/analysis_other/porec/T2T04_1.hp1/cooler/tmpfwjhq2vn.multi.cool::17
INFO:cooler.create:Creating cooler at "/mnt/storage3b/projects/no_ngsd/ahthapp1_T2T_ONT/analysis_other/porec/T2T04_1.hp1/cooler/tmpfwjhq2vn.multi.cool::/17"
INFO:cooler.create:Writing chroms
INFO:cooler.create:Writing bins
INFO:cooler.create:Writing pixels
INFO:cooler.create:Writing indexes
INFO:cooler.create:Writing info
INFO:cooler.create:Writing chunk 18: /mnt/storage3b/projects/no_ngsd/ahthapp1_T2T_ONT/analysis_other/porec/T2T04_1.hp1/cooler/tmpfwjhq2vn.multi.cool::18
INFO:cooler.create:Creating cooler at "/mnt/storage3b/projects/no_ngsd/ahthapp1_T2T_ONT/analysis_other/porec/T2T04_1.hp1/cooler/tmpfwjhq2vn.multi.cool::/18"
INFO:cooler.create:Writing chroms
INFO:cooler.create:Writing bins
INFO:cooler.create:Writing pixels
INFO:cooler.create:Writing indexes
INFO:cooler.create:Writing info
INFO:cooler.create:Writing chunk 19: /mnt/storage3b/projects/no_ngsd/ahthapp1_T2T_ONT/analysis_other/porec/T2T04_1.hp1/cooler/tmpfwjhq2vn.multi.cool::19
INFO:cooler.create:Creating cooler at "/mnt/storage3b/projects/no_ngsd/ahthapp1_T2T_ONT/analysis_other/porec/T2T04_1.hp1/cooler/tmpfwjhq2vn.multi.cool::/19"
INFO:cooler.create:Writing chroms
INFO:cooler.create:Writing bins
INFO:cooler.create:Writing pixels
INFO:cooler.create:Writing indexes
INFO:cooler.create:Writing info
INFO:cooler.create:Merging into analysis_other/porec/T2T04_1.hp1/cooler/T2T04_1.hp1_5000.cool
INFO:cooler.create:Creating cooler at "/mnt/storage3b/projects/no_ngsd/ahthapp1_T2T_ONT/analysis_other/porec/T2T04_1.hp1/cooler/T2T04_1.hp1_5000.cool::/"
INFO:cooler.create:Writing chroms
INFO:cooler.create:Writing bins
INFO:cooler.create:Writing pixels
INFO:cooler._reduce:n_merge_epochs: 16
INFO:cooler._reduce:nnzs: [12194146, 12204367, 12538634, 12490125, 12557107, 12654775, 12100601, 11968209, 12045734, 11961920, 11849224, 11659269, 11073165, 11508015, 11477622, 11411193, 11138510, 10739999, 10266783, 9263146]
INFO:cooler._reduce:records consumed: [np.int64(5535590), np.int64(5567257), np.int64(3897771), np.int64(0), np.int64(0), np.int64(0), np.int64(0), np.int64(0), np.int64(0), np.int64(0), np.int64(0), np.int64(0), np.int64(0), np.int64(0), np.int64(0), np.int64(0), np.int64(0), np.int64(0), np.int64(0), np.int64(0)]
INFO:cooler._reduce:records consumed: [np.int64(11079651), np.int64(11114792), np.int64(7806185), np.int64(0), np.int64(0), np.int64(0), np.int64(0), np.int64(0), np.int64(0), np.int64(0), np.int64(0), np.int64(0), np.int64(0), np.int64(0), np.int64(0), np.int64(0), np.int64(0), np.int64(0), np.int64(0), np.int64(0)]
INFO:cooler._reduce:records consumed: [np.int64(12194146), np.int64(12204367), np.int64(9918040), np.int64(4270754), np.int64(4294160), np.int64(2119227), np.int64(0), np.int64(0), np.int64(0), np.int64(0), np.int64(0), np.int64(0), np.int64(0), np.int64(0), np.int64(0), np.int64(0), np.int64(0), np.int64(0), np.int64(0), np.int64(0)]
INFO:cooler._reduce:records consumed: [np.int64(12194146), np.int64(12204367), np.int64(11602277), np.int64(9576462), np.int64(9656129), np.int64(4767920), np.int64(0), np.int64(0), np.int64(0), np.int64(0), np.int64(0), np.int64(0), np.int64(0), np.int64(0), np.int64(0), np.int64(0), np.int64(0), np.int64(0), np.int64(0), np.int64(0)]
INFO:cooler._reduce:records consumed: [np.int64(12194146), np.int64(12204367), np.int64(12538634), np.int64(12490125), np.int64(12557107), np.int64(8264523), np.int64(3884354), np.int64(868436), np.int64(0), np.int64(0), np.int64(0), np.int64(0), np.int64(0), np.int64(0), np.int64(0), np.int64(0), np.int64(0), np.int64(0), np.int64(0), np.int64(0)]
INFO:cooler._reduce:records consumed: [np.int64(12194146), np.int64(12204367), np.int64(12538634), np.int64(12490125), np.int64(12557107), np.int64(12654775), np.int64(12100601), np.int64(3039918), np.int64(222177), np.int64(0), np.int64(0), np.int64(0), np.int64(0), np.int64(0), np.int64(0), np.int64(0), np.int64(0), np.int64(0), np.int64(0), np.int64(0)]
INFO:cooler._reduce:records consumed: [np.int64(12194146), np.int64(12204367), np.int64(12538634), np.int64(12490125), np.int64(12557107), np.int64(12654775), np.int64(12100601), np.int64(11952754), np.int64(6309432), np.int64(0), np.int64(0), np.int64(0), np.int64(0), np.int64(0), np.int64(0), np.int64(0), np.int64(0), np.int64(0), np.int64(0), np.int64(0)]
INFO:cooler._reduce:records consumed: [np.int64(12194146), np.int64(12204367), np.int64(12538634), np.int64(12490125), np.int64(12557107), np.int64(12654775), np.int64(12100601), np.int64(11968209), np.int64(11807760), np.int64(9486293), np.int64(0), np.int64(0), np.int64(0), np.int64(0), np.int64(0), np.int64(0), np.int64(0), np.int64(0), np.int64(0), np.int64(0)]
INFO:cooler._reduce:records consumed: [np.int64(12194146), np.int64(12204367), np.int64(12538634), np.int64(12490125), np.int64(12557107), np.int64(12654775), np.int64(12100601), np.int64(11968209), np.int64(12045734), np.int64(11721576), np.int64(10625490), np.int64(1901260), np.int64(0), np.int64(0), np.int64(0), np.int64(0), np.int64(0), np.int64(0), np.int64(0), np.int64(0)]
INFO:cooler._reduce:records consumed: [np.int64(12194146), np.int64(12204367), np.int64(12538634), np.int64(12490125), np.int64(12557107), np.int64(12654775), np.int64(12100601), np.int64(11968209), np.int64(12045734), np.int64(11961920), np.int64(11849224), np.int64(11659269), np.int64(3778354), np.int64(0), np.int64(0), np.int64(0), np.int64(0), np.int64(0), np.int64(0), np.int64(0)]
INFO:cooler._reduce:records consumed: [np.int64(12194146), np.int64(12204367), np.int64(12538634), np.int64(12490125), np.int64(12557107), np.int64(12654775), np.int64(12100601), np.int64(11968209), np.int64(12045734), np.int64(11961920), np.int64(11849224), np.int64(11659269), np.int64(10596092), np.int64(8182856), np.int64(0), np.int64(0), np.int64(0), np.int64(0), np.int64(0), np.int64(0)]
INFO:cooler._reduce:records consumed: [np.int64(12194146), np.int64(12204367), np.int64(12538634), np.int64(12490125), np.int64(12557107), np.int64(12654775), np.int64(12100601), np.int64(11968209), np.int64(12045734), np.int64(11961920), np.int64(11849224), np.int64(11659269), np.int64(11073165), np.int64(11508015), np.int64(9276522), np.int64(1921518), np.int64(0), np.int64(0), np.int64(0), np.int64(0)]
INFO:cooler._reduce:records consumed: [np.int64(12194146), np.int64(12204367), np.int64(12538634), np.int64(12490125), np.int64(12557107), np.int64(12654775), np.int64(12100601), np.int64(11968209), np.int64(12045734), np.int64(11961920), np.int64(11849224), np.int64(11659269), np.int64(11073165), np.int64(11508015), np.int64(11477622), np.int64(10762434), np.int64(3958274), np.int64(0), np.int64(0), np.int64(0)]
INFO:cooler._reduce:records consumed: [np.int64(12194146), np.int64(12204367), np.int64(12538634), np.int64(12490125), np.int64(12557107), np.int64(12654775), np.int64(12100601), np.int64(11968209), np.int64(12045734), np.int64(11961920), np.int64(11849224), np.int64(11659269), np.int64(11073165), np.int64(11508015), np.int64(11477622), np.int64(11411193), np.int64(11138510), np.int64(7171043), np.int64(0), np.int64(0)]
INFO:cooler._reduce:records consumed: [np.int64(12194146), np.int64(12204367), np.int64(12538634), np.int64(12490125), np.int64(12557107), np.int64(12654775), np.int64(12100601), np.int64(11968209), np.int64(12045734), np.int64(11961920), np.int64(11849224), np.int64(11659269), np.int64(11073165), np.int64(11508015), np.int64(11477622), np.int64(11411193), np.int64(11138510), np.int64(10739999), np.int64(10043554), np.int64(1387516)]
INFO:cooler._reduce:records consumed: [np.int64(12194146), np.int64(12204367), np.int64(12538634), np.int64(12490125), np.int64(12557107), np.int64(12654775), np.int64(12100601), np.int64(11968209), np.int64(12045734), np.int64(11961920), np.int64(11849224), np.int64(11659269), np.int64(11073165), np.int64(11508015), np.int64(11477622), np.int64(11411193), np.int64(11138510), np.int64(10739999), np.int64(10266783), np.int64(9263146)]
INFO:cooler.create:Writing indexes
INFO:cooler.create:Writing info
