INFO:cooler.create:Writing chunk 0: /mnt/storage3b/projects/no_ngsd/ahthapp1_T2T_ONT/analysis_other/porec/T2T00_1.hp2/cooler/tmp7pv3r21b.multi.cool::0
INFO:cooler.create:Creating cooler at "/mnt/storage3b/projects/no_ngsd/ahthapp1_T2T_ONT/analysis_other/porec/T2T00_1.hp2/cooler/tmp7pv3r21b.multi.cool::/0"
INFO:cooler.create:Writing chroms
INFO:cooler.create:Writing bins
INFO:cooler.create:Writing pixels
INFO:cooler.create:Writing indexes
INFO:cooler.create:Writing info
INFO:cooler.create:Writing chunk 1: /mnt/storage3b/projects/no_ngsd/ahthapp1_T2T_ONT/analysis_other/porec/T2T00_1.hp2/cooler/tmp7pv3r21b.multi.cool::1
INFO:cooler.create:Creating cooler at "/mnt/storage3b/projects/no_ngsd/ahthapp1_T2T_ONT/analysis_other/porec/T2T00_1.hp2/cooler/tmp7pv3r21b.multi.cool::/1"
INFO:cooler.create:Writing chroms
INFO:cooler.create:Writing bins
INFO:cooler.create:Writing pixels
INFO:cooler.create:Writing indexes
INFO:cooler.create:Writing info
INFO:cooler.create:Writing chunk 2: /mnt/storage3b/projects/no_ngsd/ahthapp1_T2T_ONT/analysis_other/porec/T2T00_1.hp2/cooler/tmp7pv3r21b.multi.cool::2
INFO:cooler.create:Creating cooler at "/mnt/storage3b/projects/no_ngsd/ahthapp1_T2T_ONT/analysis_other/porec/T2T00_1.hp2/cooler/tmp7pv3r21b.multi.cool::/2"
INFO:cooler.create:Writing chroms
INFO:cooler.create:Writing bins
INFO:cooler.create:Writing pixels
INFO:cooler.create:Writing indexes
INFO:cooler.create:Writing info
INFO:cooler.create:Writing chunk 3: /mnt/storage3b/projects/no_ngsd/ahthapp1_T2T_ONT/analysis_other/porec/T2T00_1.hp2/cooler/tmp7pv3r21b.multi.cool::3
INFO:cooler.create:Creating cooler at "/mnt/storage3b/projects/no_ngsd/ahthapp1_T2T_ONT/analysis_other/porec/T2T00_1.hp2/cooler/tmp7pv3r21b.multi.cool::/3"
INFO:cooler.create:Writing chroms
INFO:cooler.create:Writing bins
INFO:cooler.create:Writing pixels
INFO:cooler.create:Writing indexes
INFO:cooler.create:Writing info
INFO:cooler.create:Writing chunk 4: /mnt/storage3b/projects/no_ngsd/ahthapp1_T2T_ONT/analysis_other/porec/T2T00_1.hp2/cooler/tmp7pv3r21b.multi.cool::4
INFO:cooler.create:Creating cooler at "/mnt/storage3b/projects/no_ngsd/ahthapp1_T2T_ONT/analysis_other/porec/T2T00_1.hp2/cooler/tmp7pv3r21b.multi.cool::/4"
INFO:cooler.create:Writing chroms
INFO:cooler.create:Writing bins
INFO:cooler.create:Writing pixels
INFO:cooler.create:Writing indexes
INFO:cooler.create:Writing info
INFO:cooler.create:Writing chunk 5: /mnt/storage3b/projects/no_ngsd/ahthapp1_T2T_ONT/analysis_other/porec/T2T00_1.hp2/cooler/tmp7pv3r21b.multi.cool::5
INFO:cooler.create:Creating cooler at "/mnt/storage3b/projects/no_ngsd/ahthapp1_T2T_ONT/analysis_other/porec/T2T00_1.hp2/cooler/tmp7pv3r21b.multi.cool::/5"
INFO:cooler.create:Writing chroms
INFO:cooler.create:Writing bins
INFO:cooler.create:Writing pixels
INFO:cooler.create:Writing indexes
INFO:cooler.create:Writing info
INFO:cooler.create:Writing chunk 6: /mnt/storage3b/projects/no_ngsd/ahthapp1_T2T_ONT/analysis_other/porec/T2T00_1.hp2/cooler/tmp7pv3r21b.multi.cool::6
INFO:cooler.create:Creating cooler at "/mnt/storage3b/projects/no_ngsd/ahthapp1_T2T_ONT/analysis_other/porec/T2T00_1.hp2/cooler/tmp7pv3r21b.multi.cool::/6"
INFO:cooler.create:Writing chroms
INFO:cooler.create:Writing bins
INFO:cooler.create:Writing pixels
INFO:cooler.create:Writing indexes
INFO:cooler.create:Writing info
INFO:cooler.create:Writing chunk 7: /mnt/storage3b/projects/no_ngsd/ahthapp1_T2T_ONT/analysis_other/porec/T2T00_1.hp2/cooler/tmp7pv3r21b.multi.cool::7
INFO:cooler.create:Creating cooler at "/mnt/storage3b/projects/no_ngsd/ahthapp1_T2T_ONT/analysis_other/porec/T2T00_1.hp2/cooler/tmp7pv3r21b.multi.cool::/7"
INFO:cooler.create:Writing chroms
INFO:cooler.create:Writing bins
INFO:cooler.create:Writing pixels
INFO:cooler.create:Writing indexes
INFO:cooler.create:Writing info
INFO:cooler.create:Writing chunk 8: /mnt/storage3b/projects/no_ngsd/ahthapp1_T2T_ONT/analysis_other/porec/T2T00_1.hp2/cooler/tmp7pv3r21b.multi.cool::8
INFO:cooler.create:Creating cooler at "/mnt/storage3b/projects/no_ngsd/ahthapp1_T2T_ONT/analysis_other/porec/T2T00_1.hp2/cooler/tmp7pv3r21b.multi.cool::/8"
INFO:cooler.create:Writing chroms
INFO:cooler.create:Writing bins
INFO:cooler.create:Writing pixels
INFO:cooler.create:Writing indexes
INFO:cooler.create:Writing info
INFO:cooler.create:Writing chunk 9: /mnt/storage3b/projects/no_ngsd/ahthapp1_T2T_ONT/analysis_other/porec/T2T00_1.hp2/cooler/tmp7pv3r21b.multi.cool::9
INFO:cooler.create:Creating cooler at "/mnt/storage3b/projects/no_ngsd/ahthapp1_T2T_ONT/analysis_other/porec/T2T00_1.hp2/cooler/tmp7pv3r21b.multi.cool::/9"
INFO:cooler.create:Writing chroms
INFO:cooler.create:Writing bins
INFO:cooler.create:Writing pixels
INFO:cooler.create:Writing indexes
INFO:cooler.create:Writing info
INFO:cooler.create:Writing chunk 10: /mnt/storage3b/projects/no_ngsd/ahthapp1_T2T_ONT/analysis_other/porec/T2T00_1.hp2/cooler/tmp7pv3r21b.multi.cool::10
INFO:cooler.create:Creating cooler at "/mnt/storage3b/projects/no_ngsd/ahthapp1_T2T_ONT/analysis_other/porec/T2T00_1.hp2/cooler/tmp7pv3r21b.multi.cool::/10"
INFO:cooler.create:Writing chroms
INFO:cooler.create:Writing bins
INFO:cooler.create:Writing pixels
INFO:cooler.create:Writing indexes
INFO:cooler.create:Writing info
INFO:cooler.create:Writing chunk 11: /mnt/storage3b/projects/no_ngsd/ahthapp1_T2T_ONT/analysis_other/porec/T2T00_1.hp2/cooler/tmp7pv3r21b.multi.cool::11
INFO:cooler.create:Creating cooler at "/mnt/storage3b/projects/no_ngsd/ahthapp1_T2T_ONT/analysis_other/porec/T2T00_1.hp2/cooler/tmp7pv3r21b.multi.cool::/11"
INFO:cooler.create:Writing chroms
INFO:cooler.create:Writing bins
INFO:cooler.create:Writing pixels
INFO:cooler.create:Writing indexes
INFO:cooler.create:Writing info
INFO:cooler.create:Writing chunk 12: /mnt/storage3b/projects/no_ngsd/ahthapp1_T2T_ONT/analysis_other/porec/T2T00_1.hp2/cooler/tmp7pv3r21b.multi.cool::12
INFO:cooler.create:Creating cooler at "/mnt/storage3b/projects/no_ngsd/ahthapp1_T2T_ONT/analysis_other/porec/T2T00_1.hp2/cooler/tmp7pv3r21b.multi.cool::/12"
INFO:cooler.create:Writing chroms
INFO:cooler.create:Writing bins
INFO:cooler.create:Writing pixels
INFO:cooler.create:Writing indexes
INFO:cooler.create:Writing info
INFO:cooler.create:Writing chunk 13: /mnt/storage3b/projects/no_ngsd/ahthapp1_T2T_ONT/analysis_other/porec/T2T00_1.hp2/cooler/tmp7pv3r21b.multi.cool::13
INFO:cooler.create:Creating cooler at "/mnt/storage3b/projects/no_ngsd/ahthapp1_T2T_ONT/analysis_other/porec/T2T00_1.hp2/cooler/tmp7pv3r21b.multi.cool::/13"
INFO:cooler.create:Writing chroms
INFO:cooler.create:Writing bins
INFO:cooler.create:Writing pixels
INFO:cooler.create:Writing indexes
INFO:cooler.create:Writing info
INFO:cooler.create:Writing chunk 14: /mnt/storage3b/projects/no_ngsd/ahthapp1_T2T_ONT/analysis_other/porec/T2T00_1.hp2/cooler/tmp7pv3r21b.multi.cool::14
INFO:cooler.create:Creating cooler at "/mnt/storage3b/projects/no_ngsd/ahthapp1_T2T_ONT/analysis_other/porec/T2T00_1.hp2/cooler/tmp7pv3r21b.multi.cool::/14"
INFO:cooler.create:Writing chroms
INFO:cooler.create:Writing bins
INFO:cooler.create:Writing pixels
INFO:cooler.create:Writing indexes
INFO:cooler.create:Writing info
INFO:cooler.create:Writing chunk 15: /mnt/storage3b/projects/no_ngsd/ahthapp1_T2T_ONT/analysis_other/porec/T2T00_1.hp2/cooler/tmp7pv3r21b.multi.cool::15
INFO:cooler.create:Creating cooler at "/mnt/storage3b/projects/no_ngsd/ahthapp1_T2T_ONT/analysis_other/porec/T2T00_1.hp2/cooler/tmp7pv3r21b.multi.cool::/15"
INFO:cooler.create:Writing chroms
INFO:cooler.create:Writing bins
INFO:cooler.create:Writing pixels
INFO:cooler.create:Writing indexes
INFO:cooler.create:Writing info
INFO:cooler.create:Writing chunk 16: /mnt/storage3b/projects/no_ngsd/ahthapp1_T2T_ONT/analysis_other/porec/T2T00_1.hp2/cooler/tmp7pv3r21b.multi.cool::16
INFO:cooler.create:Creating cooler at "/mnt/storage3b/projects/no_ngsd/ahthapp1_T2T_ONT/analysis_other/porec/T2T00_1.hp2/cooler/tmp7pv3r21b.multi.cool::/16"
INFO:cooler.create:Writing chroms
INFO:cooler.create:Writing bins
INFO:cooler.create:Writing pixels
INFO:cooler.create:Writing indexes
INFO:cooler.create:Writing info
INFO:cooler.create:Merging into analysis_other/porec/T2T00_1.hp2/cooler/T2T00_1.hp2_1000.cool
INFO:cooler.create:Creating cooler at "/mnt/storage3b/projects/no_ngsd/ahthapp1_T2T_ONT/analysis_other/porec/T2T00_1.hp2/cooler/T2T00_1.hp2_1000.cool::/"
INFO:cooler.create:Writing chroms
INFO:cooler.create:Writing bins
INFO:cooler.create:Writing pixels
INFO:cooler._reduce:n_merge_epochs: 15
INFO:cooler._reduce:nnzs: [13464112, 13544068, 13436357, 13338728, 13470583, 13099646, 13055710, 12996228, 12896736, 12735790, 12105504, 12762903, 12671740, 12570213, 12246270, 11620000, 8743974]
INFO:cooler._reduce:records consumed: [np.int64(6787161), np.int64(6853454), np.int64(1359587), np.int64(0), np.int64(0), np.int64(0), np.int64(0), np.int64(0), np.int64(0), np.int64(0), np.int64(0), np.int64(0), np.int64(0), np.int64(0), np.int64(0), np.int64(0), np.int64(0)]
INFO:cooler._reduce:records consumed: [np.int64(13464112), np.int64(13544068), np.int64(2812336), np.int64(147972), np.int64(31799), np.int64(0), np.int64(0), np.int64(0), np.int64(0), np.int64(0), np.int64(0), np.int64(0), np.int64(0), np.int64(0), np.int64(0), np.int64(0), np.int64(0)]
INFO:cooler._reduce:records consumed: [np.int64(13464112), np.int64(13544068), np.int64(8768947), np.int64(7496210), np.int64(1727045), np.int64(0), np.int64(0), np.int64(0), np.int64(0), np.int64(0), np.int64(0), np.int64(0), np.int64(0), np.int64(0), np.int64(0), np.int64(0), np.int64(0)]
INFO:cooler._reduce:records consumed: [np.int64(13464112), np.int64(13544068), np.int64(13436357), np.int64(13338728), np.int64(4694931), np.int64(1522248), np.int64(0), np.int64(0), np.int64(0), np.int64(0), np.int64(0), np.int64(0), np.int64(0), np.int64(0), np.int64(0), np.int64(0), np.int64(0)]
INFO:cooler._reduce:records consumed: [np.int64(13464112), np.int64(13544068), np.int64(13436357), np.int64(13338728), np.int64(12410083), np.int64(8807112), np.int64(0), np.int64(0), np.int64(0), np.int64(0), np.int64(0), np.int64(0), np.int64(0), np.int64(0), np.int64(0), np.int64(0), np.int64(0)]
INFO:cooler._reduce:records consumed: [np.int64(13464112), np.int64(13544068), np.int64(13436357), np.int64(13338728), np.int64(13470583), np.int64(12314349), np.int64(9926418), np.int64(505867), np.int64(0), np.int64(0), np.int64(0), np.int64(0), np.int64(0), np.int64(0), np.int64(0), np.int64(0), np.int64(0)]
INFO:cooler._reduce:records consumed: [np.int64(13464112), np.int64(13544068), np.int64(13436357), np.int64(13338728), np.int64(13470583), np.int64(13099646), np.int64(13055710), np.int64(9693830), np.int64(1897512), np.int64(0), np.int64(0), np.int64(0), np.int64(0), np.int64(0), np.int64(0), np.int64(0), np.int64(0)]
INFO:cooler._reduce:records consumed: [np.int64(13464112), np.int64(13544068), np.int64(13436357), np.int64(13338728), np.int64(13470583), np.int64(13099646), np.int64(13055710), np.int64(12996228), np.int64(10966546), np.int64(2628624), np.int64(0), np.int64(0), np.int64(0), np.int64(0), np.int64(0), np.int64(0), np.int64(0)]
INFO:cooler._reduce:records consumed: [np.int64(13464112), np.int64(13544068), np.int64(13436357), np.int64(13338728), np.int64(13470583), np.int64(13099646), np.int64(13055710), np.int64(12996228), np.int64(12896736), np.int64(12735790), np.int64(2962709), np.int64(0), np.int64(0), np.int64(0), np.int64(0), np.int64(0), np.int64(0)]
INFO:cooler._reduce:records consumed: [np.int64(13464112), np.int64(13544068), np.int64(13436357), np.int64(13338728), np.int64(13470583), np.int64(13099646), np.int64(13055710), np.int64(12996228), np.int64(12896736), np.int64(12735790), np.int64(11628093), np.int64(6334619), np.int64(0), np.int64(0), np.int64(0), np.int64(0), np.int64(0)]
INFO:cooler._reduce:records consumed: [np.int64(13464112), np.int64(13544068), np.int64(13436357), np.int64(13338728), np.int64(13470583), np.int64(13099646), np.int64(13055710), np.int64(12996228), np.int64(12896736), np.int64(12735790), np.int64(12105504), np.int64(12762903), np.int64(7573341), np.int64(521035), np.int64(0), np.int64(0), np.int64(0)]
INFO:cooler._reduce:records consumed: [np.int64(13464112), np.int64(13544068), np.int64(13436357), np.int64(13338728), np.int64(13470583), np.int64(13099646), np.int64(13055710), np.int64(12996228), np.int64(12896736), np.int64(12735790), np.int64(12105504), np.int64(12762903), np.int64(12671740), np.int64(10018293), np.int64(404375), np.int64(0), np.int64(0)]
INFO:cooler._reduce:records consumed: [np.int64(13464112), np.int64(13544068), np.int64(13436357), np.int64(13338728), np.int64(13470583), np.int64(13099646), np.int64(13055710), np.int64(12996228), np.int64(12896736), np.int64(12735790), np.int64(12105504), np.int64(12762903), np.int64(12671740), np.int64(12570213), np.int64(11800101), np.int64(1052358), np.int64(0)]
INFO:cooler._reduce:records consumed: [np.int64(13464112), np.int64(13544068), np.int64(13436357), np.int64(13338728), np.int64(13470583), np.int64(13099646), np.int64(13055710), np.int64(12996228), np.int64(12896736), np.int64(12735790), np.int64(12105504), np.int64(12762903), np.int64(12671740), np.int64(12570213), np.int64(12246270), np.int64(11620000), np.int64(3986218)]
INFO:cooler._reduce:records consumed: [np.int64(13464112), np.int64(13544068), np.int64(13436357), np.int64(13338728), np.int64(13470583), np.int64(13099646), np.int64(13055710), np.int64(12996228), np.int64(12896736), np.int64(12735790), np.int64(12105504), np.int64(12762903), np.int64(12671740), np.int64(12570213), np.int64(12246270), np.int64(11620000), np.int64(8743974)]
INFO:cooler.create:Writing indexes
INFO:cooler.create:Writing info
