Loading PAF alignments from assembly/qc/phased_verkko/T2T16/both.mapped_T2T.paf
PAF alignment filtering stats:
  Total alignments: 39918
  Filtered (low MAPQ < 5): 20766
  Filtered (short length < 50000): 14957
  Passed filters: 4195
Found alignments for 304 query sequences
Using search window: 10000bp for unmappable positions
Using alignment window: 10000bp for distant regions
Strategy: Select single best alignment per region

Processing BED entry 2: haplotype1-0000001:0-12000 (Err)
  FAIL: No overlapping alignments found for region 0-12000 even with 10000bp window

Processing BED entry 3: haplotype1-0000001:12000-1080000 (Hap)
    Best alignment: processing overlap 83273-814785
      BED region: 12000-1080000
      Alignment: 83273-814785 -> 5712037-6454257
      Alignment length: 744601, MAPQ: 60
    Exact mapping: 83273 -> 5712037
    Exact mapping: 814784 -> 6454256
      SUCCESS: 83273-814785 -> 5712037-6454257

Processing BED entry 4: haplotype1-0000001:1080000-1180000 (Col)
  FAIL: No overlapping alignments found for region 1080000-1180000 even with 10000bp window

Processing BED entry 5: haplotype1-0000001:1180000-18032000 (Hap)
    Best alignment: processing overlap 17264238-18032000
      BED region: 1180000-18032000
      Alignment: 17264238-20347996 -> 25130106-28229567
      Alignment length: 3101915, MAPQ: 60
    Exact mapping: 17264238 -> 25130106
    Exact mapping: 18031999 -> 25897364
      SUCCESS: 17264238-18032000 -> 25130106-25897365

Processing BED entry 6: haplotype1-0000001:18032000-18056000 (Dup)
    Best alignment: processing overlap 18032000-18056000
      BED region: 18032000-18056000
      Alignment: 17264238-20347996 -> 25130106-28229567
      Alignment length: 3101915, MAPQ: 60
    Exact mapping: 18032000 -> 25897365
    Exact mapping: 18055999 -> 25921362
      SUCCESS: 18032000-18056000 -> 25897365-25921363

Processing BED entry 7: haplotype1-0000001:18056000-18124000 (Hap)
    Best alignment: processing overlap 18056000-18124000
      BED region: 18056000-18124000
      Alignment: 17264238-20347996 -> 25130106-28229567
      Alignment length: 3101915, MAPQ: 60
    Exact mapping: 18056000 -> 25921363
    Exact mapping: 18123999 -> 25989365
      SUCCESS: 18056000-18124000 -> 25921363-25989366

Processing BED entry 8: haplotype1-0000001:18124000-18176000 (Dup)
    Best alignment: processing overlap 18124000-18176000
      BED region: 18124000-18176000
      Alignment: 17264238-20347996 -> 25130106-28229567
      Alignment length: 3101915, MAPQ: 60
    Exact mapping: 18124000 -> 25989366
    Exact mapping: 18175999 -> 26041370
      SUCCESS: 18124000-18176000 -> 25989366-26041371

Processing BED entry 9: haplotype1-0000001:18176000-20000000 (Hap)
    Best alignment: processing overlap 18176000-20000000
      BED region: 18176000-20000000
      Alignment: 17264238-20347996 -> 25130106-28229567
      Alignment length: 3101915, MAPQ: 60
    Exact mapping: 18176000 -> 26041371
    Exact mapping: 19999999 -> 27881226
      SUCCESS: 18176000-20000000 -> 26041371-27881227

Processing BED entry 10: haplotype1-0000001:20000000-20004000 (Dup)
    Best alignment: processing overlap 20000000-20004000
      BED region: 20000000-20004000
      Alignment: 17264238-20347996 -> 25130106-28229567
      Alignment length: 3101915, MAPQ: 60
    Exact mapping: 20000000 -> 27881227
    Exact mapping: 20003999 -> 27885227
      SUCCESS: 20000000-20004000 -> 27881227-27885228

SUMMARY:
Successfully lifted 4956 regions
  - Direct overlaps: 4895
  - Using alignment window: 61
Failed to lift 722 regions
Success rate: 87.3%

Failure reasons:
     7x: No alignments found for chromosome 'haplotype1-0000016'
     6x: No alignments found for chromosome 'haplotype2-0000166'
     6x: No alignments found for chromosome 'unassigned-0000211'
     5x: No overlapping alignments found for region 0-4000 even with 10000bp window
     5x: No alignments found for chromosome 'haplotype1-0000057'
     5x: No alignments found for chromosome 'haplotype2-0000173'
     5x: No alignments found for chromosome 'unassigned-0000205'
     5x: No alignments found for chromosome 'unassigned-0000362'
     5x: No alignments found for chromosome 'unassigned-0000438'
     5x: No alignments found for chromosome 'unassigned-0000471'
     5x: No alignments found for chromosome 'unassigned-0000601'
     5x: No alignments found for chromosome 'unassigned-0000733'
     5x: No alignments found for chromosome 'unassigned-0000767'
     4x: No alignments found for chromosome 'haplotype2-0000165'
     4x: No alignments found for chromosome 'haplotype2-0000167'
     4x: No alignments found for chromosome 'unassigned-0000189'
     4x: No alignments found for chromosome 'unassigned-0000603'
     4x: No alignments found for chromosome 'unassigned-0000613'
     4x: No alignments found for chromosome 'unassigned-0000779'
     3x: No alignments found for chromosome 'haplotype1-0000028'
     3x: No alignments found for chromosome 'haplotype1-0000039'
     3x: No alignments found for chromosome 'haplotype1-0000048'
     3x: No alignments found for chromosome 'haplotype1-0000053'
     3x: No alignments found for chromosome 'haplotype1-0000065'
     3x: No alignments found for chromosome 'haplotype2-0000111'
     3x: No alignments found for chromosome 'haplotype2-0000138'
     3x: No alignments found for chromosome 'haplotype2-0000155'
     3x: No alignments found for chromosome 'haplotype2-0000162'
     3x: No alignments found for chromosome 'haplotype2-0000164'
     3x: No alignments found for chromosome 'haplotype2-0000168'
     3x: No alignments found for chromosome 'haplotype2-0000169'
     3x: No alignments found for chromosome 'unassigned-0000185'
     3x: No alignments found for chromosome 'unassigned-0000207'
     3x: No alignments found for chromosome 'unassigned-0000221'
     3x: No alignments found for chromosome 'unassigned-0000249'
     3x: No alignments found for chromosome 'unassigned-0000250'
     3x: No alignments found for chromosome 'unassigned-0000259'
     3x: No alignments found for chromosome 'unassigned-0000271'
     3x: No alignments found for chromosome 'unassigned-0000295'
     3x: No alignments found for chromosome 'unassigned-0000297'
     3x: No alignments found for chromosome 'unassigned-0000365'
     3x: No alignments found for chromosome 'unassigned-0000387'
     3x: No alignments found for chromosome 'unassigned-0000441'
     3x: No alignments found for chromosome 'unassigned-0000460'
     3x: No alignments found for chromosome 'unassigned-0000462'
     3x: No alignments found for chromosome 'unassigned-0000473'
     3x: No alignments found for chromosome 'unassigned-0000474'
     3x: No alignments found for chromosome 'unassigned-0000484'
     3x: No alignments found for chromosome 'unassigned-0000487'
     3x: No alignments found for chromosome 'unassigned-0000502'
     3x: No alignments found for chromosome 'unassigned-0000514'
     3x: No alignments found for chromosome 'unassigned-0000516'
     3x: No alignments found for chromosome 'unassigned-0000527'
     3x: No alignments found for chromosome 'unassigned-0000528'
     3x: No alignments found for chromosome 'unassigned-0000535'
     3x: No alignments found for chromosome 'unassigned-0000589'
     3x: No alignments found for chromosome 'unassigned-0000600'
     3x: No alignments found for chromosome 'unassigned-0000606'
     3x: No alignments found for chromosome 'unassigned-0000610'
     3x: No alignments found for chromosome 'unassigned-0000618'
     3x: No alignments found for chromosome 'unassigned-0000633'
     3x: No alignments found for chromosome 'unassigned-0000639'
     3x: No alignments found for chromosome 'unassigned-0000658'
     3x: No alignments found for chromosome 'unassigned-0000670'
     3x: No alignments found for chromosome 'unassigned-0000675'
     3x: No alignments found for chromosome 'unassigned-0000707'
     3x: No alignments found for chromosome 'unassigned-0000735'
     3x: No alignments found for chromosome 'unassigned-0000746'
     3x: No alignments found for chromosome 'unassigned-0000748'
     3x: No alignments found for chromosome 'unassigned-0000769'
     3x: No alignments found for chromosome 'unassigned-0000772'
     3x: No alignments found for chromosome 'unassigned-0000778'
     3x: No alignments found for chromosome 'unassigned-0000781'
     3x: No alignments found for chromosome 'unassigned-0000783'
     3x: No alignments found for chromosome 'unassigned-0000786'
     3x: No alignments found for chromosome 'unassigned-0000804'
     2x: No alignments found for chromosome 'unassigned-0000340'
     2x: No alignments found for chromosome 'unassigned-0000537'
     2x: No alignments found for chromosome 'unassigned-0000539'
     1x: No overlapping alignments found for region 0-12000 even with 10000bp window
     1x: No overlapping alignments found for region 1080000-1180000 even with 10000bp window
     1x: No overlapping alignments found for region 60816000-60852000 even with 10000bp window
     1x: Could not map end position 65691999 even with 10000bp search window
     1x: Could not map start position 65692000 even with 10000bp search window
     1x: Could not map start position 41156000 even with 10000bp search window
     1x: No overlapping alignments found for region 101044000-101184000 even with 10000bp window
     1x: Could not map end position 40971999 even with 10000bp search window
     1x: Could not map start position 40972000 even with 10000bp search window
     1x: No overlapping alignments found for region 139612000-139692000 even with 10000bp window
     1x: No overlapping alignments found for region 93488000-93608000 even with 10000bp window
     1x: No overlapping alignments found for region 87720000-87760000 even with 10000bp window
     1x: Could not map end position 15355999 even with 10000bp search window
     1x: Could not map start position 15356000 even with 10000bp search window
     1x: No overlapping alignments found for region 27152000-27192000 even with 10000bp window
     1x: No overlapping alignments found for region 106368000-107024000 even with 10000bp window
     1x: No overlapping alignments found for region 107024000-107052000 even with 10000bp window
     1x: No overlapping alignments found for region 107052000-107148000 even with 10000bp window
     1x: No overlapping alignments found for region 107148000-107196000 even with 10000bp window
     1x: No overlapping alignments found for region 107196000-107480000 even with 10000bp window
     1x: No overlapping alignments found for region 107480000-107528000 even with 10000bp window
     1x: No overlapping alignments found for region 36136000-36172000 even with 10000bp window
     1x: No overlapping alignments found for region 36172000-36220000 even with 10000bp window
     1x: No overlapping alignments found for region 36220000-36280000 even with 10000bp window
     1x: No overlapping alignments found for region 36280000-36320000 even with 10000bp window
     1x: No overlapping alignments found for region 36320000-36468000 even with 10000bp window
     1x: No overlapping alignments found for region 36468000-36520000 even with 10000bp window
     1x: No overlapping alignments found for region 1264000-1392000 even with 10000bp window
     1x: Could not map end position 50751999 even with 10000bp search window
     1x: Could not map start position 50752000 even with 10000bp search window
     1x: No overlapping alignments found for region 110788000-110808000 even with 10000bp window
     1x: No overlapping alignments found for region 110808000-112560000 even with 10000bp window
     1x: No overlapping alignments found for region 112560000-112608000 even with 10000bp window
     1x: No overlapping alignments found for region 4572000-4656000 even with 10000bp window
     1x: No overlapping alignments found for region 4656000-4728000 even with 10000bp window
     1x: No overlapping alignments found for region 4728000-4812000 even with 10000bp window
     1x: No overlapping alignments found for region 4812000-4904000 even with 10000bp window
     1x: No overlapping alignments found for region 4904000-5024000 even with 10000bp window
     1x: No overlapping alignments found for region 5024000-5064000 even with 10000bp window
     1x: No overlapping alignments found for region 5064000-5120000 even with 10000bp window
     1x: No overlapping alignments found for region 4708000-4816000 even with 10000bp window
     1x: No overlapping alignments found for region 4816000-4844000 even with 10000bp window
     1x: No overlapping alignments found for region 4844000-4964000 even with 10000bp window
     1x: No overlapping alignments found for region 4964000-5168000 even with 10000bp window
     1x: No overlapping alignments found for region 5168000-5228000 even with 10000bp window
     1x: No overlapping alignments found for region 5228000-5260000 even with 10000bp window
     1x: No overlapping alignments found for region 5260000-5308000 even with 10000bp window
     1x: No overlapping alignments found for region 5308000-5456000 even with 10000bp window
     1x: No overlapping alignments found for region 5456000-5616000 even with 10000bp window
     1x: No alignments found for chromosome 'haplotype1-0000030'
     1x: No alignments found for chromosome 'haplotype1-0000033'
     1x: No alignments found for chromosome 'haplotype1-0000035'
     1x: No alignments found for chromosome 'haplotype1-0000038'
     1x: No alignments found for chromosome 'haplotype1-0000041'
     1x: No alignments found for chromosome 'haplotype1-0000045'
     1x: No alignments found for chromosome 'haplotype1-0000047'
     1x: No alignments found for chromosome 'haplotype1-0000059'
     1x: No alignments found for chromosome 'haplotype1-0000064'
     1x: No overlapping alignments found for region 62740000-62788000 even with 10000bp window
     1x: Could not map end position 44007999 even with 10000bp search window
     1x: No overlapping alignments found for region 46460000-46736000 even with 10000bp window
     1x: No overlapping alignments found for region 47460000-47540000 even with 10000bp window
     1x: No overlapping alignments found for region 47540000-47584000 even with 10000bp window
     1x: No overlapping alignments found for region 84304000-84304926 even with 10000bp window
     1x: No overlapping alignments found for region 0-72000 even with 10000bp window
     1x: No overlapping alignments found for region 1264000-2388000 even with 10000bp window
     1x: No overlapping alignments found for region 416000-448000 even with 10000bp window
     1x: No overlapping alignments found for region 448000-816000 even with 10000bp window
     1x: No overlapping alignments found for region 816000-868000 even with 10000bp window
     1x: No overlapping alignments found for region 2084000-2108000 even with 10000bp window
     1x: No overlapping alignments found for region 2108000-2296000 even with 10000bp window
     1x: No overlapping alignments found for region 2296000-2364000 even with 10000bp window
     1x: No overlapping alignments found for region 139372000-139420000 even with 10000bp window
     1x: Could not map start position 150996000 even with 10000bp search window
     1x: No overlapping alignments found for region 75776000-75816000 even with 10000bp window
     1x: No overlapping alignments found for region 75816000-76104000 even with 10000bp window
     1x: No overlapping alignments found for region 76104000-76148000 even with 10000bp window
     1x: No overlapping alignments found for region 80000000-80004000 even with 10000bp window
     1x: No overlapping alignments found for region 100392000-100520000 even with 10000bp window
     1x: No overlapping alignments found for region 100520000-100552000 even with 10000bp window
     1x: Could not map end position 15551999 even with 10000bp search window
     1x: Could not map start position 15552000 even with 10000bp search window
     1x: Could not map start position 15556000 even with 10000bp search window
     1x: No overlapping alignments found for region 29296000-29384000 even with 10000bp window
     1x: No overlapping alignments found for region 2676000-2820000 even with 10000bp window
     1x: No overlapping alignments found for region 2820000-2852000 even with 10000bp window
     1x: No overlapping alignments found for region 2852000-3168000 even with 10000bp window
     1x: Could not map end position 13359999 even with 10000bp search window
     1x: Could not map start position 13360000 even with 10000bp search window
     1x: Could not map start position 13364000 even with 10000bp search window
     1x: No overlapping alignments found for region 106416000-106800000 even with 10000bp window
     1x: No overlapping alignments found for region 106800000-106928000 even with 10000bp window
     1x: No overlapping alignments found for region 0-24000 even with 10000bp window
     1x: No overlapping alignments found for region 1628000-1676000 even with 10000bp window
     1x: No overlapping alignments found for region 1676000-2084000 even with 10000bp window
     1x: No overlapping alignments found for region 97884000-97940000 even with 10000bp window
     1x: No overlapping alignments found for region 97940000-97944000 even with 10000bp window
     1x: No overlapping alignments found for region 97944000-98024000 even with 10000bp window
     1x: No overlapping alignments found for region 98024000-98148000 even with 10000bp window
     1x: No overlapping alignments found for region 98148000-98396000 even with 10000bp window
     1x: No overlapping alignments found for region 98396000-98428000 even with 10000bp window
     1x: No overlapping alignments found for region 98428000-98696000 even with 10000bp window
     1x: No overlapping alignments found for region 104108000-104476000 even with 10000bp window
     1x: No overlapping alignments found for region 104476000-104508000 even with 10000bp window
     1x: No overlapping alignments found for region 104508000-104576000 even with 10000bp window
     1x: No overlapping alignments found for region 1212000-1276000 even with 10000bp window
     1x: Could not map start position 101688000 even with 10000bp search window
     1x: No alignments found for chromosome 'haplotype2-0000105'
     1x: No alignments found for chromosome 'haplotype2-0000110'
     1x: No alignments found for chromosome 'haplotype2-0000112'
     1x: No alignments found for chromosome 'haplotype2-0000113'
     1x: No alignments found for chromosome 'haplotype2-0000116'
     1x: No alignments found for chromosome 'haplotype2-0000117'
     1x: No alignments found for chromosome 'haplotype2-0000119'
     1x: No alignments found for chromosome 'haplotype2-0000120'
     1x: No alignments found for chromosome 'haplotype2-0000123'
     1x: No alignments found for chromosome 'haplotype2-0000127'
     1x: No alignments found for chromosome 'haplotype2-0000128'
     1x: No alignments found for chromosome 'haplotype2-0000129'
     1x: No alignments found for chromosome 'haplotype2-0000130'
     1x: No alignments found for chromosome 'haplotype2-0000132'
     1x: No alignments found for chromosome 'haplotype2-0000133'
     1x: No alignments found for chromosome 'haplotype2-0000134'
     1x: No alignments found for chromosome 'haplotype2-0000135'
     1x: No alignments found for chromosome 'haplotype2-0000151'
     1x: No alignments found for chromosome 'haplotype2-0000154'
     1x: No alignments found for chromosome 'haplotype2-0000156'
     1x: No alignments found for chromosome 'haplotype2-0000160'
     1x: No alignments found for chromosome 'haplotype2-0000170'
     1x: No alignments found for chromosome 'haplotype2-0000171'
     1x: No alignments found for chromosome 'haplotype2-0000172'
     1x: No alignments found for chromosome 'haplotype2-0000175'
     1x: No alignments found for chromosome 'haplotype2-0000176'
     1x: No alignments found for chromosome 'haplotype2-0000178'
     1x: No alignments found for chromosome 'unassigned-0000179'
     1x: No alignments found for chromosome 'unassigned-0000180'
     1x: No alignments found for chromosome 'unassigned-0000181'
     1x: No alignments found for chromosome 'unassigned-0000184'
     1x: No alignments found for chromosome 'unassigned-0000186'
     1x: No alignments found for chromosome 'unassigned-0000187'
     1x: No alignments found for chromosome 'unassigned-0000188'
     1x: No alignments found for chromosome 'unassigned-0000192'
     1x: No alignments found for chromosome 'unassigned-0000196'
     1x: No alignments found for chromosome 'unassigned-0000197'
     1x: No alignments found for chromosome 'unassigned-0000199'
     1x: No alignments found for chromosome 'unassigned-0000200'
     1x: No alignments found for chromosome 'unassigned-0000203'
     1x: No alignments found for chromosome 'unassigned-0000204'
     1x: No alignments found for chromosome 'unassigned-0000206'
     1x: No alignments found for chromosome 'unassigned-0000208'
     1x: No alignments found for chromosome 'unassigned-0000209'
     1x: No alignments found for chromosome 'unassigned-0000210'
     1x: No alignments found for chromosome 'unassigned-0000212'
     1x: No alignments found for chromosome 'unassigned-0000213'
     1x: No alignments found for chromosome 'unassigned-0000214'
     1x: No alignments found for chromosome 'unassigned-0000215'
     1x: No alignments found for chromosome 'unassigned-0000216'
     1x: No alignments found for chromosome 'unassigned-0000217'
     1x: No alignments found for chromosome 'unassigned-0000219'
     1x: No alignments found for chromosome 'unassigned-0000220'
     1x: No alignments found for chromosome 'unassigned-0000226'
     1x: No alignments found for chromosome 'unassigned-0000227'
     1x: No alignments found for chromosome 'unassigned-0000228'
     1x: No alignments found for chromosome 'unassigned-0000229'
     1x: No alignments found for chromosome 'unassigned-0000230'
     1x: No alignments found for chromosome 'unassigned-0000232'
     1x: No alignments found for chromosome 'unassigned-0000235'
     1x: No alignments found for chromosome 'unassigned-0000237'
     1x: No overlapping alignments found for region 152000-195592 even with 10000bp window
     1x: No alignments found for chromosome 'unassigned-0000241'
     1x: No alignments found for chromosome 'unassigned-0000242'
     1x: No alignments found for chromosome 'unassigned-0000243'
     1x: No alignments found for chromosome 'unassigned-0000245'
     1x: No alignments found for chromosome 'unassigned-0000246'
     1x: No alignments found for chromosome 'unassigned-0000251'
     1x: No alignments found for chromosome 'unassigned-0000252'
     1x: No alignments found for chromosome 'unassigned-0000255'
     1x: No alignments found for chromosome 'unassigned-0000257'
     1x: No alignments found for chromosome 'unassigned-0000258'
     1x: No alignments found for chromosome 'unassigned-0000260'
     1x: No alignments found for chromosome 'unassigned-0000261'
     1x: No alignments found for chromosome 'unassigned-0000262'
     1x: No alignments found for chromosome 'unassigned-0000263'
     1x: No alignments found for chromosome 'unassigned-0000266'
     1x: No alignments found for chromosome 'unassigned-0000275'
     1x: No alignments found for chromosome 'unassigned-0000282'
     1x: No alignments found for chromosome 'unassigned-0000283'
     1x: No alignments found for chromosome 'unassigned-0000286'
     1x: No alignments found for chromosome 'unassigned-0000288'
     1x: No alignments found for chromosome 'unassigned-0000290'
     1x: No alignments found for chromosome 'unassigned-0000293'
     1x: No alignments found for chromosome 'unassigned-0000294'
     1x: No alignments found for chromosome 'unassigned-0000298'
     1x: No alignments found for chromosome 'unassigned-0000307'
     1x: No alignments found for chromosome 'unassigned-0000319'
     1x: No alignments found for chromosome 'unassigned-0000321'
     1x: No alignments found for chromosome 'unassigned-0000322'
     1x: No alignments found for chromosome 'unassigned-0000323'
     1x: No alignments found for chromosome 'unassigned-0000326'
     1x: No alignments found for chromosome 'unassigned-0000329'
     1x: No alignments found for chromosome 'unassigned-0000334'
     1x: No alignments found for chromosome 'unassigned-0000338'
     1x: No alignments found for chromosome 'unassigned-0000341'
     1x: No alignments found for chromosome 'unassigned-0000342'
     1x: No alignments found for chromosome 'unassigned-0000345'
     1x: No alignments found for chromosome 'unassigned-0000353'
     1x: No alignments found for chromosome 'unassigned-0000355'
     1x: No alignments found for chromosome 'unassigned-0000356'
     1x: No alignments found for chromosome 'unassigned-0000357'
     1x: No alignments found for chromosome 'unassigned-0000358'
     1x: No alignments found for chromosome 'unassigned-0000359'
     1x: No alignments found for chromosome 'unassigned-0000360'
     1x: No alignments found for chromosome 'unassigned-0000361'
     1x: No alignments found for chromosome 'unassigned-0000363'
     1x: No alignments found for chromosome 'unassigned-0000364'
     1x: No alignments found for chromosome 'unassigned-0000367'
     1x: No alignments found for chromosome 'unassigned-0000368'
     1x: No alignments found for chromosome 'unassigned-0000369'
     1x: No alignments found for chromosome 'unassigned-0000370'
     1x: No alignments found for chromosome 'unassigned-0000371'
     1x: No alignments found for chromosome 'unassigned-0000372'
     1x: No alignments found for chromosome 'unassigned-0000373'
     1x: No alignments found for chromosome 'unassigned-0000377'
     1x: No alignments found for chromosome 'unassigned-0000379'
     1x: No alignments found for chromosome 'unassigned-0000381'
     1x: No alignments found for chromosome 'unassigned-0000382'
     1x: No alignments found for chromosome 'unassigned-0000383'
     1x: No alignments found for chromosome 'unassigned-0000384'
     1x: No alignments found for chromosome 'unassigned-0000385'
     1x: No alignments found for chromosome 'unassigned-0000386'
     1x: No alignments found for chromosome 'unassigned-0000388'
     1x: No alignments found for chromosome 'unassigned-0000389'
     1x: No alignments found for chromosome 'unassigned-0000392'
     1x: No alignments found for chromosome 'unassigned-0000394'
     1x: No alignments found for chromosome 'unassigned-0000395'
     1x: No alignments found for chromosome 'unassigned-0000396'
     1x: No alignments found for chromosome 'unassigned-0000397'
     1x: No alignments found for chromosome 'unassigned-0000398'
     1x: No alignments found for chromosome 'unassigned-0000399'
     1x: No alignments found for chromosome 'unassigned-0000400'
     1x: No alignments found for chromosome 'unassigned-0000401'
     1x: No alignments found for chromosome 'unassigned-0000402'
     1x: No alignments found for chromosome 'unassigned-0000404'
     1x: No alignments found for chromosome 'unassigned-0000407'
     1x: No alignments found for chromosome 'unassigned-0000408'
     1x: No alignments found for chromosome 'unassigned-0000409'
     1x: No alignments found for chromosome 'unassigned-0000410'
     1x: No alignments found for chromosome 'unassigned-0000411'
     1x: No alignments found for chromosome 'unassigned-0000412'
     1x: No alignments found for chromosome 'unassigned-0000413'
     1x: No alignments found for chromosome 'unassigned-0000414'
     1x: No alignments found for chromosome 'unassigned-0000415'
     1x: No alignments found for chromosome 'unassigned-0000416'
     1x: No alignments found for chromosome 'unassigned-0000417'
     1x: No alignments found for chromosome 'unassigned-0000418'
     1x: No alignments found for chromosome 'unassigned-0000419'
     1x: No alignments found for chromosome 'unassigned-0000421'
     1x: No alignments found for chromosome 'unassigned-0000424'
     1x: No alignments found for chromosome 'unassigned-0000425'
     1x: No alignments found for chromosome 'unassigned-0000426'
     1x: No alignments found for chromosome 'unassigned-0000428'
     1x: No alignments found for chromosome 'unassigned-0000429'
     1x: No alignments found for chromosome 'unassigned-0000431'
     1x: No alignments found for chromosome 'unassigned-0000432'
     1x: No alignments found for chromosome 'unassigned-0000433'
     1x: No alignments found for chromosome 'unassigned-0000434'
     1x: No alignments found for chromosome 'unassigned-0000439'
     1x: No alignments found for chromosome 'unassigned-0000440'
     1x: No alignments found for chromosome 'unassigned-0000442'
     1x: No alignments found for chromosome 'unassigned-0000443'
     1x: No alignments found for chromosome 'unassigned-0000444'
     1x: No alignments found for chromosome 'unassigned-0000446'
     1x: No alignments found for chromosome 'unassigned-0000447'
     1x: No alignments found for chromosome 'unassigned-0000448'
     1x: No alignments found for chromosome 'unassigned-0000450'
     1x: No alignments found for chromosome 'unassigned-0000452'
     1x: No alignments found for chromosome 'unassigned-0000454'
     1x: No alignments found for chromosome 'unassigned-0000455'
     1x: No alignments found for chromosome 'unassigned-0000456'
     1x: No alignments found for chromosome 'unassigned-0000457'
     1x: No alignments found for chromosome 'unassigned-0000459'
     1x: No alignments found for chromosome 'unassigned-0000461'
     1x: No alignments found for chromosome 'unassigned-0000463'
     1x: No alignments found for chromosome 'unassigned-0000464'
     1x: No alignments found for chromosome 'unassigned-0000466'
     1x: No alignments found for chromosome 'unassigned-0000467'
     1x: No alignments found for chromosome 'unassigned-0000469'
     1x: No alignments found for chromosome 'unassigned-0000470'
     1x: No alignments found for chromosome 'unassigned-0000472'
     1x: No alignments found for chromosome 'unassigned-0000475'
     1x: No alignments found for chromosome 'unassigned-0000476'
     1x: No alignments found for chromosome 'unassigned-0000479'
     1x: No alignments found for chromosome 'unassigned-0000480'
     1x: No alignments found for chromosome 'unassigned-0000482'
     1x: No alignments found for chromosome 'unassigned-0000483'
     1x: No alignments found for chromosome 'unassigned-0000485'
     1x: No alignments found for chromosome 'unassigned-0000486'
     1x: No alignments found for chromosome 'unassigned-0000492'
     1x: No alignments found for chromosome 'unassigned-0000493'
     1x: No alignments found for chromosome 'unassigned-0000494'
     1x: No alignments found for chromosome 'unassigned-0000495'
     1x: No alignments found for chromosome 'unassigned-0000498'
     1x: No alignments found for chromosome 'unassigned-0000499'
     1x: No alignments found for chromosome 'unassigned-0000503'
     1x: No alignments found for chromosome 'unassigned-0000504'
     1x: No alignments found for chromosome 'unassigned-0000505'
     1x: No alignments found for chromosome 'unassigned-0000510'
     1x: No alignments found for chromosome 'unassigned-0000511'
     1x: No alignments found for chromosome 'unassigned-0000512'
     1x: No alignments found for chromosome 'unassigned-0000513'
     1x: No alignments found for chromosome 'unassigned-0000515'
     1x: No alignments found for chromosome 'unassigned-0000517'
     1x: No alignments found for chromosome 'unassigned-0000518'
     1x: No alignments found for chromosome 'unassigned-0000519'
     1x: No alignments found for chromosome 'unassigned-0000521'
     1x: No alignments found for chromosome 'unassigned-0000523'
     1x: No alignments found for chromosome 'unassigned-0000524'
     1x: No alignments found for chromosome 'unassigned-0000525'
     1x: No alignments found for chromosome 'unassigned-0000526'
     1x: No alignments found for chromosome 'unassigned-0000530'
     1x: No alignments found for chromosome 'unassigned-0000531'
     1x: No alignments found for chromosome 'unassigned-0000538'
     1x: No alignments found for chromosome 'unassigned-0000541'
     1x: No alignments found for chromosome 'unassigned-0000542'
     1x: No alignments found for chromosome 'unassigned-0000546'
     1x: No alignments found for chromosome 'unassigned-0000552'
     1x: No alignments found for chromosome 'unassigned-0000553'
     1x: No alignments found for chromosome 'unassigned-0000554'
     1x: No alignments found for chromosome 'unassigned-0000556'
     1x: No alignments found for chromosome 'unassigned-0000557'
     1x: No alignments found for chromosome 'unassigned-0000558'
     1x: No alignments found for chromosome 'unassigned-0000559'
     1x: No alignments found for chromosome 'unassigned-0000560'
     1x: No alignments found for chromosome 'unassigned-0000561'
     1x: No alignments found for chromosome 'unassigned-0000563'
     1x: No alignments found for chromosome 'unassigned-0000564'
     1x: No alignments found for chromosome 'unassigned-0000565'
     1x: No alignments found for chromosome 'unassigned-0000566'
     1x: No alignments found for chromosome 'unassigned-0000568'
     1x: No alignments found for chromosome 'unassigned-0000569'
     1x: No alignments found for chromosome 'unassigned-0000571'
     1x: No alignments found for chromosome 'unassigned-0000573'
     1x: No alignments found for chromosome 'unassigned-0000575'
     1x: No alignments found for chromosome 'unassigned-0000576'
     1x: No alignments found for chromosome 'unassigned-0000578'
     1x: No alignments found for chromosome 'unassigned-0000579'
     1x: No alignments found for chromosome 'unassigned-0000582'
     1x: No alignments found for chromosome 'unassigned-0000584'
     1x: No overlapping alignments found for region 288000-305021 even with 10000bp window
     1x: No alignments found for chromosome 'unassigned-0000586'
     1x: No alignments found for chromosome 'unassigned-0000588'
     1x: No alignments found for chromosome 'unassigned-0000592'
     1x: No alignments found for chromosome 'unassigned-0000594'
     1x: No alignments found for chromosome 'unassigned-0000597'
     1x: No alignments found for chromosome 'unassigned-0000598'
     1x: No alignments found for chromosome 'unassigned-0000604'
     1x: No alignments found for chromosome 'unassigned-0000608'
     1x: No alignments found for chromosome 'unassigned-0000611'
     1x: No alignments found for chromosome 'unassigned-0000612'
     1x: No alignments found for chromosome 'unassigned-0000619'
     1x: No alignments found for chromosome 'unassigned-0000626'
     1x: No alignments found for chromosome 'unassigned-0000629'
     1x: No alignments found for chromosome 'unassigned-0000630'
     1x: No alignments found for chromosome 'unassigned-0000631'
     1x: No alignments found for chromosome 'unassigned-0000632'
     1x: No alignments found for chromosome 'unassigned-0000634'
     1x: No alignments found for chromosome 'unassigned-0000636'
     1x: No alignments found for chromosome 'unassigned-0000638'
     1x: No alignments found for chromosome 'unassigned-0000640'
     1x: No alignments found for chromosome 'unassigned-0000642'
     1x: No alignments found for chromosome 'unassigned-0000643'
     1x: No alignments found for chromosome 'unassigned-0000644'
     1x: No alignments found for chromosome 'unassigned-0000645'
     1x: No alignments found for chromosome 'unassigned-0000646'
     1x: No alignments found for chromosome 'unassigned-0000648'
     1x: No alignments found for chromosome 'unassigned-0000649'
     1x: No alignments found for chromosome 'unassigned-0000650'
     1x: No alignments found for chromosome 'unassigned-0000653'
     1x: No alignments found for chromosome 'unassigned-0000655'
     1x: No alignments found for chromosome 'unassigned-0000656'
     1x: No alignments found for chromosome 'unassigned-0000657'
     1x: No alignments found for chromosome 'unassigned-0000659'
     1x: No alignments found for chromosome 'unassigned-0000661'
     1x: No alignments found for chromosome 'unassigned-0000662'
     1x: No alignments found for chromosome 'unassigned-0000663'
     1x: No alignments found for chromosome 'unassigned-0000664'
     1x: No alignments found for chromosome 'unassigned-0000665'
     1x: No alignments found for chromosome 'unassigned-0000673'
     1x: No alignments found for chromosome 'unassigned-0000674'
     1x: No alignments found for chromosome 'unassigned-0000681'
     1x: No alignments found for chromosome 'unassigned-0000683'
     1x: No alignments found for chromosome 'unassigned-0000687'
     1x: No alignments found for chromosome 'unassigned-0000688'
     1x: No alignments found for chromosome 'unassigned-0000689'
     1x: No alignments found for chromosome 'unassigned-0000690'
     1x: No alignments found for chromosome 'unassigned-0000694'
     1x: No alignments found for chromosome 'unassigned-0000696'
     1x: No alignments found for chromosome 'unassigned-0000701'
     1x: No alignments found for chromosome 'unassigned-0000703'
     1x: No alignments found for chromosome 'unassigned-0000704'
     1x: No alignments found for chromosome 'unassigned-0000708'
     1x: No alignments found for chromosome 'unassigned-0000709'
     1x: No alignments found for chromosome 'unassigned-0000710'
     1x: No alignments found for chromosome 'unassigned-0000712'
     1x: No alignments found for chromosome 'unassigned-0000714'
     1x: No alignments found for chromosome 'unassigned-0000716'
     1x: No alignments found for chromosome 'unassigned-0000717'
     1x: No alignments found for chromosome 'unassigned-0000719'
     1x: No alignments found for chromosome 'unassigned-0000720'
     1x: No overlapping alignments found for region 1052000-1708000 even with 10000bp window
     1x: No overlapping alignments found for region 1708000-1740000 even with 10000bp window
     1x: No overlapping alignments found for region 1740000-1908000 even with 10000bp window
     1x: No alignments found for chromosome 'unassigned-0000724'
     1x: No alignments found for chromosome 'unassigned-0000729'
     1x: No alignments found for chromosome 'unassigned-0000731'
     1x: No alignments found for chromosome 'unassigned-0000732'
     1x: No alignments found for chromosome 'unassigned-0000736'
     1x: No alignments found for chromosome 'unassigned-0000738'
     1x: No alignments found for chromosome 'unassigned-0000741'
     1x: No alignments found for chromosome 'unassigned-0000742'
     1x: No alignments found for chromosome 'unassigned-0000743'
     1x: No alignments found for chromosome 'unassigned-0000744'
     1x: No alignments found for chromosome 'unassigned-0000745'
     1x: No alignments found for chromosome 'unassigned-0000747'
     1x: No alignments found for chromosome 'unassigned-0000749'
     1x: No alignments found for chromosome 'unassigned-0000750'
     1x: No alignments found for chromosome 'unassigned-0000751'
     1x: No alignments found for chromosome 'unassigned-0000752'
     1x: No alignments found for chromosome 'unassigned-0000754'
     1x: No alignments found for chromosome 'unassigned-0000756'
     1x: No alignments found for chromosome 'unassigned-0000763'
     1x: No alignments found for chromosome 'unassigned-0000765'
     1x: No alignments found for chromosome 'unassigned-0000766'
     1x: No alignments found for chromosome 'unassigned-0000768'
     1x: No alignments found for chromosome 'unassigned-0000770'
     1x: No alignments found for chromosome 'unassigned-0000771'
     1x: No alignments found for chromosome 'unassigned-0000774'
     1x: No alignments found for chromosome 'unassigned-0000775'
     1x: No alignments found for chromosome 'unassigned-0000776'
     1x: No alignments found for chromosome 'unassigned-0000780'
     1x: No alignments found for chromosome 'unassigned-0000782'
     1x: No alignments found for chromosome 'unassigned-0000785'
     1x: No alignments found for chromosome 'unassigned-0000788'
     1x: No alignments found for chromosome 'unassigned-0000790'
     1x: No alignments found for chromosome 'unassigned-0000791'
     1x: No alignments found for chromosome 'unassigned-0000794'
     1x: No alignments found for chromosome 'unassigned-0000795'
     1x: No alignments found for chromosome 'unassigned-0000796'
     1x: No alignments found for chromosome 'unassigned-0000797'
     1x: No alignments found for chromosome 'unassigned-0000800'
     1x: No alignments found for chromosome 'unassigned-0000801'
     1x: No alignments found for chromosome 'unassigned-0000802'
Original regions: 5678
Lifted regions: 4956
Unmapped regions: 1444
Success rate: 77.00%
