Loading PAF alignments from assembly/qc/phased_verkko/T2T00_1/both.mapped_T2T.paf
PAF alignment filtering stats:
  Total alignments: 52074
  Filtered (low MAPQ < 5): 28721
  Filtered (short length < 50000): 19136
  Passed filters: 4217
Found alignments for 275 query sequences
Using search window: 10000bp for unmappable positions
Using alignment window: 10000bp for distant regions
Strategy: Select single best alignment per region

Processing BED entry 1: haplotype1-0000001:21-26 (MISJOIN)
    Best alignment: processing overlap 5598-5603 (windowed)
      BED region: 21-26
      Alignment: 5598-212250 -> 193348358-193572549
      Alignment length: 224671, MAPQ: 60
    Exact mapping: 5598 -> 193348368
    Exact mapping: 5602 -> 193348364
      SUCCESS: 5598-5603 -> 193348364-193348369

Processing BED entry 2: haplotype1-0000001:2948323-2964142 (HET)
    Best alignment: processing overlap 2948323-2964142
      BED region: 2948323-2964142
      Alignment: 2022941-3257484 -> 190328063-191563139
      Alignment length: 1236980, MAPQ: 60
    Exact mapping: 2948323 -> 191264489
    Exact mapping: 2964141 -> 191274994
      SUCCESS: 2948323-2964142 -> 191264489-191274995

Processing BED entry 3: haplotype1-0000001:14816201-14818505 (HET)
    Best alignment: processing overlap 14816201-14818505
      BED region: 14816201-14818505
      Alignment: 14812393-16764779 -> 176823334-178773129
      Alignment length: 1956526, MAPQ: 60
    Exact mapping: 14816201 -> 176825973
    Exact mapping: 14818504 -> 176828027
      SUCCESS: 14816201-14818505 -> 176825973-176828028

Processing BED entry 4: haplotype1-0000001:21670490-21677191 (HET)
    Best alignment: processing overlap 21670490-21677191
      BED region: 21670490-21677191
      Alignment: 16765088-22078507 -> 171514971-176822754
      Alignment length: 5317675, MAPQ: 60
    Exact mapping: 21670490 -> 176420612
    Exact mapping: 21677190 -> 176469186
      SUCCESS: 21670490-21677191 -> 176420612-176469187

Processing BED entry 5: haplotype1-0000001:26038410-26050674 (HET)
    Best alignment: processing overlap 26038410-26050674
      BED region: 26038410-26050674
      Alignment: 22079060-26332700 -> 167242620-171514414
      Alignment length: 4274541, MAPQ: 60
    Exact mapping: 26038410 -> 171221928
    Exact mapping: 26050673 -> 171230384
      SUCCESS: 26038410-26050674 -> 171221928-171230385

Processing BED entry 6: haplotype1-0000001:27530088-27549276 (HET)
    Best alignment: processing overlap 27530088-27549276
      BED region: 27530088-27549276
      Alignment: 26333008-30615890 -> 162964236-167242333
      Alignment length: 4285644, MAPQ: 60
    Exact mapping: 27530088 -> 164175135
    Exact mapping: 27549275 -> 164178591
      SUCCESS: 27530088-27549276 -> 164175135-164178592

Processing BED entry 7: haplotype1-0000001:34607130-34611965 (HET)
    Best alignment: processing overlap 34607130-34611965
      BED region: 34607130-34611965
      Alignment: 32596951-37125437 -> 156454037-160982173
      Alignment length: 4531278, MAPQ: 60
    Exact mapping: 34607130 -> 158462348
    Exact mapping: 34611964 -> 158474462
      SUCCESS: 34607130-34611965 -> 158462348-158474463

Processing BED entry 8: haplotype1-0000001:44995748-44998772 (HET)
    Best alignment: processing overlap 44995748-44998772
      BED region: 44995748-44998772
      Alignment: 42908217-50940660 -> 142634697-150674749
      Alignment length: 8047477, MAPQ: 60
    Exact mapping: 44995748 -> 144707314
    Exact mapping: 44998771 -> 144704291
      SUCCESS: 44995748-44998772 -> 144704291-144707315

Processing BED entry 9: haplotype1-0000001:46279690-46299535 (HET)
    Best alignment: processing overlap 46279690-46299535
      BED region: 46279690-46299535
      Alignment: 42908217-50940660 -> 142634697-150674749
      Alignment length: 8047477, MAPQ: 60
    Exact mapping: 46279690 -> 146003544
    Exact mapping: 46299534 -> 146034254
      SUCCESS: 46279690-46299535 -> 146003544-146034255

Processing BED entry 10: haplotype1-0000001:52014264-52014272 (COLLAPSE_OTHER)
    Best alignment: processing overlap 52014264-52014272
      BED region: 52014264-52014272
      Alignment: 50940851-55159941 -> 138417652-142634586
      Alignment length: 4220823, MAPQ: 60
    Exact mapping: 52014264 -> 139488885
    Exact mapping: 52014271 -> 139488878
      SUCCESS: 52014264-52014272 -> 139488878-139488886

SUMMARY:
Successfully lifted 2534 regions
  - Direct overlaps: 2357
  - Using alignment window: 177
Failed to lift 3127 regions
Success rate: 44.8%

Failure reasons:
    90x: No alignments found for chromosome 'unassigned-0000784'
    84x: No alignments found for chromosome 'unassigned-0000222'
    66x: No alignments found for chromosome 'unassigned-0000904'
    63x: No alignments found for chromosome 'unassigned-0000980'
    54x: No alignments found for chromosome 'unassigned-0000226'
    49x: No alignments found for chromosome 'unassigned-0000486'
    45x: No alignments found for chromosome 'unassigned-0000386'
    41x: No alignments found for chromosome 'unassigned-0000710'
    39x: No alignments found for chromosome 'unassigned-0000428'
    39x: No alignments found for chromosome 'unassigned-0000495'
    36x: No alignments found for chromosome 'haplotype2-0000171'
    35x: No alignments found for chromosome 'unassigned-0000906'
    33x: No alignments found for chromosome 'unassigned-0000205'
    33x: No alignments found for chromosome 'unassigned-0000324'
    29x: No alignments found for chromosome 'unassigned-0000370'
    28x: No alignments found for chromosome 'unassigned-0000633'
    26x: No alignments found for chromosome 'unassigned-0000272'
    26x: No alignments found for chromosome 'unassigned-0000711'
    26x: No alignments found for chromosome 'unassigned-0000866'
    26x: No alignments found for chromosome 'unassigned-0000945'
    25x: No alignments found for chromosome 'unassigned-0000259'
    24x: No alignments found for chromosome 'unassigned-0000382'
    24x: No alignments found for chromosome 'unassigned-0000677'
    22x: No alignments found for chromosome 'unassigned-0000441'
    22x: No alignments found for chromosome 'unassigned-0000501'
    22x: No alignments found for chromosome 'unassigned-0000726'
    20x: No alignments found for chromosome 'unassigned-0000679'
    19x: No alignments found for chromosome 'unassigned-0000827'
    18x: No alignments found for chromosome 'unassigned-0000369'
    17x: No alignments found for chromosome 'unassigned-0000255'
    17x: No alignments found for chromosome 'unassigned-0000289'
    17x: No alignments found for chromosome 'unassigned-0000342'
    17x: No alignments found for chromosome 'unassigned-0000524'
    17x: No alignments found for chromosome 'unassigned-0000943'
    16x: No alignments found for chromosome 'unassigned-0000379'
    16x: No alignments found for chromosome 'unassigned-0000448'
    16x: No alignments found for chromosome 'unassigned-0000548'
    16x: No alignments found for chromosome 'unassigned-0000950'
    16x: No alignments found for chromosome 'unassigned-0001003'
    15x: No alignments found for chromosome 'unassigned-0000493'
    15x: No alignments found for chromosome 'unassigned-0000528'
    15x: No alignments found for chromosome 'unassigned-0000651'
    14x: No alignments found for chromosome 'unassigned-0000236'
    14x: No alignments found for chromosome 'unassigned-0000312'
    14x: No alignments found for chromosome 'unassigned-0000552'
    14x: No alignments found for chromosome 'unassigned-0000807'
    14x: No alignments found for chromosome 'unassigned-0000886'
    14x: No alignments found for chromosome 'unassigned-0000889'
    14x: No alignments found for chromosome 'unassigned-0000900'
    13x: No alignments found for chromosome 'haplotype2-0000127'
    13x: No alignments found for chromosome 'unassigned-0000302'
    13x: No alignments found for chromosome 'unassigned-0000317'
    13x: No alignments found for chromosome 'unassigned-0000540'
    13x: No alignments found for chromosome 'unassigned-0000596'
    13x: No alignments found for chromosome 'unassigned-0000705'
    13x: No alignments found for chromosome 'unassigned-0000712'
    13x: No alignments found for chromosome 'unassigned-0000792'
    13x: No alignments found for chromosome 'unassigned-0000803'
    13x: No alignments found for chromosome 'unassigned-0000951'
    12x: No alignments found for chromosome 'unassigned-0000196'
    12x: No alignments found for chromosome 'unassigned-0000201'
    12x: No alignments found for chromosome 'unassigned-0000421'
    12x: No alignments found for chromosome 'unassigned-0000533'
    12x: No alignments found for chromosome 'unassigned-0000557'
    12x: No alignments found for chromosome 'unassigned-0000815'
    12x: No alignments found for chromosome 'unassigned-0000949'
    11x: No alignments found for chromosome 'unassigned-0000437'
    11x: No alignments found for chromosome 'unassigned-0000523'
    11x: No alignments found for chromosome 'unassigned-0000738'
    11x: No alignments found for chromosome 'unassigned-0000768'
    10x: No alignments found for chromosome 'haplotype2-0000149'
    10x: No alignments found for chromosome 'unassigned-0000296'
    10x: No alignments found for chromosome 'unassigned-0000387'
    10x: No alignments found for chromosome 'unassigned-0000391'
    10x: No alignments found for chromosome 'unassigned-0000662'
    10x: No alignments found for chromosome 'unassigned-0000682'
    10x: No alignments found for chromosome 'unassigned-0000713'
    10x: No alignments found for chromosome 'unassigned-0000974'
     9x: No alignments found for chromosome 'unassigned-0000247'
     9x: No alignments found for chromosome 'unassigned-0000337'
     9x: No alignments found for chromosome 'unassigned-0000350'
     9x: No alignments found for chromosome 'unassigned-0000462'
     9x: No alignments found for chromosome 'unassigned-0000503'
     9x: No alignments found for chromosome 'unassigned-0000511'
     9x: No alignments found for chromosome 'unassigned-0000554'
     9x: No alignments found for chromosome 'unassigned-0000556'
     9x: No alignments found for chromosome 'unassigned-0000639'
     9x: No alignments found for chromosome 'unassigned-0000672'
     9x: No alignments found for chromosome 'unassigned-0000716'
     9x: No alignments found for chromosome 'unassigned-0000921'
     9x: No alignments found for chromosome 'unassigned-0000990'
     9x: No alignments found for chromosome 'unassigned-0000993'
     8x: No alignments found for chromosome 'haplotype2-0000125'
     8x: No alignments found for chromosome 'haplotype2-0000139'
     8x: No alignments found for chromosome 'haplotype2-0000158'
     8x: No alignments found for chromosome 'unassigned-0000297'
     8x: No alignments found for chromosome 'unassigned-0000354'
     8x: No alignments found for chromosome 'unassigned-0000410'
     8x: No alignments found for chromosome 'unassigned-0000444'
     8x: No alignments found for chromosome 'unassigned-0000457'
     8x: No alignments found for chromosome 'unassigned-0000465'
     8x: No alignments found for chromosome 'unassigned-0000545'
     8x: No alignments found for chromosome 'unassigned-0000680'
     8x: No alignments found for chromosome 'unassigned-0000700'
     8x: No alignments found for chromosome 'unassigned-0000724'
     8x: No alignments found for chromosome 'unassigned-0000823'
     7x: No alignments found for chromosome 'haplotype1-0000059'
     7x: No alignments found for chromosome 'unassigned-0000300'
     7x: No alignments found for chromosome 'unassigned-0000303'
     7x: No alignments found for chromosome 'unassigned-0000366'
     7x: No alignments found for chromosome 'unassigned-0000438'
     7x: No alignments found for chromosome 'unassigned-0000468'
     7x: No alignments found for chromosome 'unassigned-0000526'
     7x: No alignments found for chromosome 'unassigned-0000559'
     7x: No alignments found for chromosome 'unassigned-0000627'
     7x: No alignments found for chromosome 'unassigned-0000673'
     7x: No alignments found for chromosome 'unassigned-0000693'
     7x: No alignments found for chromosome 'unassigned-0000701'
     7x: No alignments found for chromosome 'unassigned-0000755'
     7x: No alignments found for chromosome 'unassigned-0000767'
     7x: No alignments found for chromosome 'unassigned-0000854'
     7x: No alignments found for chromosome 'unassigned-0000881'
     7x: No alignments found for chromosome 'unassigned-0000883'
     7x: No alignments found for chromosome 'unassigned-0000928'
     7x: No alignments found for chromosome 'unassigned-0000963'
     6x: No alignments found for chromosome 'haplotype2-0000117'
     6x: No alignments found for chromosome 'unassigned-0000193'
     6x: No alignments found for chromosome 'unassigned-0000216'
     6x: No alignments found for chromosome 'unassigned-0000257'
     6x: No alignments found for chromosome 'unassigned-0000416'
     6x: No alignments found for chromosome 'unassigned-0000435'
     6x: No alignments found for chromosome 'unassigned-0000451'
     6x: No alignments found for chromosome 'unassigned-0000574'
     6x: No alignments found for chromosome 'unassigned-0000629'
     6x: No alignments found for chromosome 'unassigned-0000661'
     6x: No alignments found for chromosome 'unassigned-0000671'
     6x: No alignments found for chromosome 'unassigned-0000703'
     6x: No alignments found for chromosome 'unassigned-0000769'
     6x: No alignments found for chromosome 'unassigned-0000902'
     6x: No alignments found for chromosome 'unassigned-0000931'
     6x: No alignments found for chromosome 'unassigned-0000967'
     6x: No alignments found for chromosome 'unassigned-0000971'
     5x: No alignments found for chromosome 'haplotype2-0000140'
     5x: No alignments found for chromosome 'haplotype2-0000174'
     5x: No alignments found for chromosome 'haplotype2-0000177'
     5x: No alignments found for chromosome 'unassigned-0000227'
     5x: No alignments found for chromosome 'unassigned-0000280'
     5x: No alignments found for chromosome 'unassigned-0000352'
     5x: No alignments found for chromosome 'unassigned-0000397'
     5x: No alignments found for chromosome 'unassigned-0000427'
     5x: No alignments found for chromosome 'unassigned-0000452'
     5x: No alignments found for chromosome 'unassigned-0000555'
     5x: No alignments found for chromosome 'unassigned-0000560'
     5x: No alignments found for chromosome 'unassigned-0000577'
     5x: No alignments found for chromosome 'unassigned-0000616'
     5x: No alignments found for chromosome 'unassigned-0000638'
     5x: No alignments found for chromosome 'unassigned-0000678'
     5x: No alignments found for chromosome 'unassigned-0000681'
     5x: No alignments found for chromosome 'unassigned-0000684'
     5x: No alignments found for chromosome 'unassigned-0000688'
     5x: No alignments found for chromosome 'unassigned-0000695'
     5x: No alignments found for chromosome 'unassigned-0000824'
     5x: No alignments found for chromosome 'unassigned-0000849'
     5x: No alignments found for chromosome 'unassigned-0000852'
     5x: No alignments found for chromosome 'unassigned-0000929'
     5x: No alignments found for chromosome 'unassigned-0000933'
     5x: No alignments found for chromosome 'unassigned-0000948'
     5x: No alignments found for chromosome 'unassigned-0000959'
     5x: No alignments found for chromosome 'unassigned-0000985'
     5x: No alignments found for chromosome 'unassigned-0000995'
     4x: No alignments found for chromosome 'haplotype2-0000143'
     4x: No alignments found for chromosome 'haplotype2-0000159'
     4x: No alignments found for chromosome 'unassigned-0000200'
     4x: No alignments found for chromosome 'unassigned-0000208'
     4x: No alignments found for chromosome 'unassigned-0000231'
     4x: No alignments found for chromosome 'unassigned-0000245'
     4x: No alignments found for chromosome 'unassigned-0000321'
     4x: No alignments found for chromosome 'unassigned-0000375'
     4x: No alignments found for chromosome 'unassigned-0000383'
     4x: No alignments found for chromosome 'unassigned-0000412'
     4x: No alignments found for chromosome 'unassigned-0000430'
     4x: No alignments found for chromosome 'unassigned-0000477'
     4x: No alignments found for chromosome 'unassigned-0000494'
     4x: No alignments found for chromosome 'unassigned-0000561'
     4x: No alignments found for chromosome 'unassigned-0000579'
     4x: No alignments found for chromosome 'unassigned-0000595'
     4x: No alignments found for chromosome 'unassigned-0000630'
     4x: No alignments found for chromosome 'unassigned-0000676'
     4x: No alignments found for chromosome 'unassigned-0000691'
     4x: No alignments found for chromosome 'unassigned-0000717'
     4x: No alignments found for chromosome 'unassigned-0000722'
     4x: No alignments found for chromosome 'unassigned-0000744'
     4x: No alignments found for chromosome 'unassigned-0000811'
     4x: No alignments found for chromosome 'unassigned-0000880'
     4x: No alignments found for chromosome 'unassigned-0000977'
     4x: No alignments found for chromosome 'unassigned-0000992'
     3x: No alignments found for chromosome 'haplotype1-0000044'
     3x: No alignments found for chromosome 'haplotype1-0000060'
     3x: No overlapping alignments found for region 0-29 even with 10000bp window
     3x: No alignments found for chromosome 'haplotype2-0000115'
     3x: No alignments found for chromosome 'unassigned-0000250'
     3x: No alignments found for chromosome 'unassigned-0000260'
     3x: No alignments found for chromosome 'unassigned-0000305'
     3x: No alignments found for chromosome 'unassigned-0000319'
     3x: No alignments found for chromosome 'unassigned-0000335'
     3x: No alignments found for chromosome 'unassigned-0000363'
     3x: No alignments found for chromosome 'unassigned-0000429'
     3x: No alignments found for chromosome 'unassigned-0000432'
     3x: No alignments found for chromosome 'unassigned-0000478'
     3x: No alignments found for chromosome 'unassigned-0000484'
     3x: No alignments found for chromosome 'unassigned-0000539'
     3x: No alignments found for chromosome 'unassigned-0000546'
     3x: No alignments found for chromosome 'unassigned-0000558'
     3x: No alignments found for chromosome 'unassigned-0000578'
     3x: No alignments found for chromosome 'unassigned-0000644'
     3x: No alignments found for chromosome 'unassigned-0000658'
     3x: No alignments found for chromosome 'unassigned-0000670'
     3x: No alignments found for chromosome 'unassigned-0000706'
     3x: No alignments found for chromosome 'unassigned-0000715'
     3x: No alignments found for chromosome 'unassigned-0000727'
     3x: No alignments found for chromosome 'unassigned-0000745'
     3x: No alignments found for chromosome 'unassigned-0000799'
     3x: No alignments found for chromosome 'unassigned-0000808'
     3x: No alignments found for chromosome 'unassigned-0000809'
     3x: No alignments found for chromosome 'unassigned-0000858'
     3x: No alignments found for chromosome 'unassigned-0000862'
     3x: No alignments found for chromosome 'unassigned-0000863'
     3x: No alignments found for chromosome 'unassigned-0000914'
     3x: No alignments found for chromosome 'unassigned-0000926'
     3x: No alignments found for chromosome 'unassigned-0000957'
     3x: No alignments found for chromosome 'unassigned-0000975'
     3x: No alignments found for chromosome 'unassigned-0000976'
     2x: No alignments found for chromosome 'haplotype1-0000028'
     2x: No alignments found for chromosome 'haplotype1-0000052'
     2x: No alignments found for chromosome 'haplotype1-0000062'
     2x: No alignments found for chromosome 'haplotype1-0000064'
     2x: No alignments found for chromosome 'haplotype1-0000068'
     2x: No alignments found for chromosome 'haplotype1-0000074'
     2x: No alignments found for chromosome 'haplotype1-0000075'
     2x: No alignments found for chromosome 'haplotype2-0000122'
     2x: No alignments found for chromosome 'haplotype2-0000135'
     2x: No alignments found for chromosome 'haplotype2-0000157'
     2x: No alignments found for chromosome 'haplotype2-0000173'
     2x: No alignments found for chromosome 'haplotype2-0000175'
     2x: No alignments found for chromosome 'haplotype2-0000179'
     2x: No alignments found for chromosome 'haplotype2-0000189'
     2x: No alignments found for chromosome 'unassigned-0000199'
     2x: No alignments found for chromosome 'unassigned-0000207'
     2x: No alignments found for chromosome 'unassigned-0000218'
     2x: No alignments found for chromosome 'unassigned-0000237'
     2x: No alignments found for chromosome 'unassigned-0000239'
     2x: No alignments found for chromosome 'unassigned-0000242'
     2x: No alignments found for chromosome 'unassigned-0000268'
     2x: No alignments found for chromosome 'unassigned-0000278'
     2x: No alignments found for chromosome 'unassigned-0000316'
     2x: No alignments found for chromosome 'unassigned-0000331'
     2x: No alignments found for chromosome 'unassigned-0000392'
     2x: No alignments found for chromosome 'unassigned-0000411'
     2x: No alignments found for chromosome 'unassigned-0000420'
     2x: No alignments found for chromosome 'unassigned-0000422'
     2x: No alignments found for chromosome 'unassigned-0000487'
     2x: No alignments found for chromosome 'unassigned-0000491'
     2x: No alignments found for chromosome 'unassigned-0000513'
     2x: No alignments found for chromosome 'unassigned-0000522'
     2x: No alignments found for chromosome 'unassigned-0000534'
     2x: No alignments found for chromosome 'unassigned-0000549'
     2x: No alignments found for chromosome 'unassigned-0000573'
     2x: No alignments found for chromosome 'unassigned-0000615'
     2x: No alignments found for chromosome 'unassigned-0000640'
     2x: No alignments found for chromosome 'unassigned-0000641'
     2x: No alignments found for chromosome 'unassigned-0000660'
     2x: No alignments found for chromosome 'unassigned-0000665'
     2x: No alignments found for chromosome 'unassigned-0000668'
     2x: No alignments found for chromosome 'unassigned-0000669'
     2x: No alignments found for chromosome 'unassigned-0000683'
     2x: No alignments found for chromosome 'unassigned-0000690'
     2x: No alignments found for chromosome 'unassigned-0000731'
     2x: No alignments found for chromosome 'unassigned-0000735'
     2x: No alignments found for chromosome 'unassigned-0000802'
     2x: No alignments found for chromosome 'unassigned-0000818'
     2x: No alignments found for chromosome 'unassigned-0000819'
     2x: No alignments found for chromosome 'unassigned-0000844'
     2x: No alignments found for chromosome 'unassigned-0000845'
     2x: No alignments found for chromosome 'unassigned-0000851'
     2x: No alignments found for chromosome 'unassigned-0000867'
     2x: No alignments found for chromosome 'unassigned-0000897'
     2x: No alignments found for chromosome 'unassigned-0000930'
     2x: No alignments found for chromosome 'unassigned-0000958'
     2x: No alignments found for chromosome 'unassigned-0000968'
     1x: No overlapping alignments found for region 141966772-141976001 even with 10000bp window
     1x: No overlapping alignments found for region 49979190-49979504 even with 10000bp window
     1x: No overlapping alignments found for region 49980069-49980070 even with 10000bp window
     1x: No overlapping alignments found for region 55897131-55902932 even with 10000bp window
     1x: No overlapping alignments found for region 58723176-58723625 even with 10000bp window
     1x: No overlapping alignments found for region 28521106-28525572 even with 10000bp window
     1x: No overlapping alignments found for region 61315754-61368606 even with 10000bp window
     1x: No overlapping alignments found for region 61368606-61378161 even with 10000bp window
     1x: No overlapping alignments found for region 61484980-61488212 even with 10000bp window
     1x: No overlapping alignments found for region 61565107-61573890 even with 10000bp window
     1x: No overlapping alignments found for region 93450669-93494174 even with 10000bp window
     1x: No overlapping alignments found for region 93810958-94001674 even with 10000bp window
     1x: No overlapping alignments found for region 94172565-94176196 even with 10000bp window
     1x: No overlapping alignments found for region 95112477-95117291 even with 10000bp window
     1x: No overlapping alignments found for region 95117949-95174247 even with 10000bp window
     1x: No overlapping alignments found for region 95174598-95199983 even with 10000bp window
     1x: No overlapping alignments found for region 92629521-92632412 even with 10000bp window
     1x: No overlapping alignments found for region 93613301-93623121 even with 10000bp window
     1x: No overlapping alignments found for region 93623121-93624929 even with 10000bp window
     1x: No overlapping alignments found for region 94052065-94069750 even with 10000bp window
     1x: No overlapping alignments found for region 94069750-94072247 even with 10000bp window
     1x: No overlapping alignments found for region 94084642-94093134 even with 10000bp window
     1x: No overlapping alignments found for region 95521019-95526337 even with 10000bp window
     1x: No overlapping alignments found for region 22-27 even with 10000bp window
     1x: No overlapping alignments found for region 16338120-16348317 even with 10000bp window
     1x: No overlapping alignments found for region 122743986-122780705 even with 10000bp window
     1x: No overlapping alignments found for region 132949678-132955902 even with 10000bp window
     1x: No overlapping alignments found for region 133067971-133095210 even with 10000bp window
     1x: No overlapping alignments found for region 133115623-133351046 even with 10000bp window
     1x: No overlapping alignments found for region 133806558-133967449 even with 10000bp window
     1x: No overlapping alignments found for region 134719462-134823991 even with 10000bp window
     1x: No overlapping alignments found for region 135142281-135350053 even with 10000bp window
     1x: No overlapping alignments found for region 135650000-135788460 even with 10000bp window
     1x: No overlapping alignments found for region 136353340-136690168 even with 10000bp window
     1x: No overlapping alignments found for region 136909494-137094330 even with 10000bp window
     1x: No overlapping alignments found for region 137509162-137511684 even with 10000bp window
     1x: No overlapping alignments found for region 138197149-138347652 even with 10000bp window
     1x: No overlapping alignments found for region 138455468-138600796 even with 10000bp window
     1x: No overlapping alignments found for region 138619813-138769183 even with 10000bp window
     1x: No overlapping alignments found for region 138870357-139097560 even with 10000bp window
     1x: No overlapping alignments found for region 139904591-139908833 even with 10000bp window
     1x: No overlapping alignments found for region 140002389-140111187 even with 10000bp window
     1x: No overlapping alignments found for region 227-247 even with 10000bp window
     1x: No overlapping alignments found for region 38044281-38057750 even with 10000bp window
     1x: No overlapping alignments found for region 38136941-38140808 even with 10000bp window
     1x: No overlapping alignments found for region 40218256-40228068 even with 10000bp window
     1x: No overlapping alignments found for region 83691437-83691884 even with 10000bp window
     1x: No overlapping alignments found for region 880-974 even with 10000bp window
     1x: No overlapping alignments found for region 34531-88870 even with 10000bp window
     1x: No overlapping alignments found for region 88870-92570 even with 10000bp window
     1x: No overlapping alignments found for region 119553-125821 even with 10000bp window
     1x: No overlapping alignments found for region 134130381-134133864 even with 10000bp window
     1x: No overlapping alignments found for region 3807-4150 even with 10000bp window
     1x: Could not map end position 37740592 even with 10000bp search window
     1x: No overlapping alignments found for region 57725977-57902679 even with 10000bp window
     1x: No overlapping alignments found for region 57939725-57941925 even with 10000bp window
     1x: No overlapping alignments found for region 57944126-57964809 even with 10000bp window
     1x: No overlapping alignments found for region 58084769-58120218 even with 10000bp window
     1x: No overlapping alignments found for region 58156340-58164166 even with 10000bp window
     1x: No overlapping alignments found for region 58198667-58210504 even with 10000bp window
     1x: No overlapping alignments found for region 58240135-58268908 even with 10000bp window
     1x: No overlapping alignments found for region 97603394-97617865 even with 10000bp window
     1x: No overlapping alignments found for region 102745231-102756926 even with 10000bp window
     1x: No overlapping alignments found for region 97221975-97222793 even with 10000bp window
     1x: No overlapping alignments found for region 98047850-98060756 even with 10000bp window
     1x: No overlapping alignments found for region 1424387-1439153 even with 10000bp window
     1x: No overlapping alignments found for region 2281539-2293978 even with 10000bp window
     1x: No overlapping alignments found for region 0-422 even with 10000bp window
     1x: No overlapping alignments found for region 44164384-44180005 even with 10000bp window
     1x: No overlapping alignments found for region 44484405-44498506 even with 10000bp window
     1x: No overlapping alignments found for region 44952202-44991761 even with 10000bp window
     1x: No overlapping alignments found for region 45213834-45218484 even with 10000bp window
     1x: No overlapping alignments found for region 45227635-45231895 even with 10000bp window
     1x: No overlapping alignments found for region 45424887-45434054 even with 10000bp window
     1x: No overlapping alignments found for region 45561318-45577289 even with 10000bp window
     1x: No overlapping alignments found for region 45628101-45647289 even with 10000bp window
     1x: No overlapping alignments found for region 45647289-45661770 even with 10000bp window
     1x: No overlapping alignments found for region 45672929-45687535 even with 10000bp window
     1x: No overlapping alignments found for region 45724372-45741146 even with 10000bp window
     1x: No overlapping alignments found for region 47860914-47871741 even with 10000bp window
     1x: No overlapping alignments found for region 51731779-51733893 even with 10000bp window
     1x: No overlapping alignments found for region 59243385-59255278 even with 10000bp window
     1x: No overlapping alignments found for region 532207-536249 even with 10000bp window
     1x: No overlapping alignments found for region 9252297-9263552 even with 10000bp window
     1x: No overlapping alignments found for region 89308171-89313924 even with 10000bp window
     1x: No overlapping alignments found for region 89313924-89315287 even with 10000bp window
     1x: No overlapping alignments found for region 89315287-89317370 even with 10000bp window
     1x: No overlapping alignments found for region 96215922-96219155 even with 10000bp window
     1x: No overlapping alignments found for region 97681860-97690969 even with 10000bp window
     1x: No overlapping alignments found for region 76458-78502 even with 10000bp window
     1x: No overlapping alignments found for region 516924-519063 even with 10000bp window
     1x: No overlapping alignments found for region 603517-644233 even with 10000bp window
     1x: No overlapping alignments found for region 875486-879260 even with 10000bp window
     1x: No alignments found for chromosome 'haplotype1-0000029'
     1x: No alignments found for chromosome 'haplotype1-0000032'
     1x: No alignments found for chromosome 'haplotype1-0000034'
     1x: No alignments found for chromosome 'haplotype1-0000035'
     1x: No alignments found for chromosome 'haplotype1-0000043'
     1x: No overlapping alignments found for region 268301-272783 even with 10000bp window
     1x: No alignments found for chromosome 'haplotype1-0000055'
     1x: No alignments found for chromosome 'haplotype1-0000065'
     1x: No overlapping alignments found for region 0-497 even with 10000bp window
     1x: No alignments found for chromosome 'haplotype1-0000073'
     1x: No overlapping alignments found for region 32673726-32673919 even with 10000bp window
     1x: No overlapping alignments found for region 36020939-36021725 even with 10000bp window
     1x: No overlapping alignments found for region 36021725-36031431 even with 10000bp window
     1x: No overlapping alignments found for region 36031431-36039712 even with 10000bp window
     1x: No overlapping alignments found for region 36062330-36062671 even with 10000bp window
     1x: No overlapping alignments found for region 36062708-36063157 even with 10000bp window
     1x: No overlapping alignments found for region 36130145-36149223 even with 10000bp window
     1x: Could not map start position 142213275 even with 10000bp search window
     1x: No overlapping alignments found for region 122242215-122253567 even with 10000bp window
     1x: No overlapping alignments found for region 124542214-124557720 even with 10000bp window
     1x: No overlapping alignments found for region 132144060-132181219 even with 10000bp window
     1x: No overlapping alignments found for region 132285121-132298762 even with 10000bp window
     1x: No overlapping alignments found for region 133120812-133130453 even with 10000bp window
     1x: No overlapping alignments found for region 139292355-139292356 even with 10000bp window
     1x: Could not map end position 846855 even with 10000bp search window
     1x: Could not map start position 846856 even with 10000bp search window
     1x: No overlapping alignments found for region 45116003-45143771 even with 10000bp window
     1x: No overlapping alignments found for region 50257929-50267809 even with 10000bp window
     1x: No overlapping alignments found for region 51826248-51829076 even with 10000bp window
     1x: No overlapping alignments found for region 52857561-52864388 even with 10000bp window
     1x: No overlapping alignments found for region 60545187-60548024 even with 10000bp window
     1x: No overlapping alignments found for region 1815840-1819111 even with 10000bp window
     1x: No overlapping alignments found for region 2566848-2596114 even with 10000bp window
     1x: No overlapping alignments found for region 2607642-2607753 even with 10000bp window
     1x: No overlapping alignments found for region 3481509-3493521 even with 10000bp window
     1x: No overlapping alignments found for region 3669234-3707022 even with 10000bp window
     1x: No overlapping alignments found for region 4214283-4232874 even with 10000bp window
     1x: No overlapping alignments found for region 4283989-4293840 even with 10000bp window
     1x: No overlapping alignments found for region 4293840-4298179 even with 10000bp window
     1x: No overlapping alignments found for region 4298179-4302983 even with 10000bp window
     1x: No overlapping alignments found for region 4312776-4316937 even with 10000bp window
     1x: No overlapping alignments found for region 6304126-6328838 even with 10000bp window
     1x: No overlapping alignments found for region 42021173-42033051 even with 10000bp window
     1x: No overlapping alignments found for region 43702313-43731450 even with 10000bp window
     1x: No overlapping alignments found for region 94861489-94914956 even with 10000bp window
     1x: No overlapping alignments found for region 95096130-95154753 even with 10000bp window
     1x: No overlapping alignments found for region 96921402-96941145 even with 10000bp window
     1x: No overlapping alignments found for region 97027233-97059523 even with 10000bp window
     1x: No overlapping alignments found for region 99581998-99600394 even with 10000bp window
     1x: No overlapping alignments found for region 99613657-99647337 even with 10000bp window
     1x: No overlapping alignments found for region 99936108-99968766 even with 10000bp window
     1x: No overlapping alignments found for region 99983028-99998358 even with 10000bp window
     1x: No overlapping alignments found for region 0-28 even with 10000bp window
     1x: No overlapping alignments found for region 3245-3298 even with 10000bp window
     1x: No overlapping alignments found for region 2534363-2540285 even with 10000bp window
     1x: No overlapping alignments found for region 6028886-6046908 even with 10000bp window
     1x: No overlapping alignments found for region 7728248-7730811 even with 10000bp window
     1x: No overlapping alignments found for region 9510240-9521733 even with 10000bp window
     1x: No overlapping alignments found for region 132946189-132951331 even with 10000bp window
     1x: No overlapping alignments found for region 133256676-133278966 even with 10000bp window
     1x: No overlapping alignments found for region 134111153-134115288 even with 10000bp window
     1x: No overlapping alignments found for region 134134160-134143023 even with 10000bp window
     1x: No overlapping alignments found for region 134423593-134456744 even with 10000bp window
     1x: No overlapping alignments found for region 134795288-134823894 even with 10000bp window
     1x: No overlapping alignments found for region 98337417-98354891 even with 10000bp window
     1x: No overlapping alignments found for region 98079785-98080465 even with 10000bp window
     1x: No overlapping alignments found for region 98080465-98100884 even with 10000bp window
     1x: No overlapping alignments found for region 0-31 even with 10000bp window
     1x: No overlapping alignments found for region 57209037-57306802 even with 10000bp window
     1x: No overlapping alignments found for region 57429002-57474787 even with 10000bp window
     1x: No overlapping alignments found for region 57474787-57498769 even with 10000bp window
     1x: No overlapping alignments found for region 57498769-57500759 even with 10000bp window
     1x: No overlapping alignments found for region 57535475-57558998 even with 10000bp window
     1x: No overlapping alignments found for region 57830516-57861220 even with 10000bp window
     1x: No overlapping alignments found for region 57893478-57922519 even with 10000bp window
     1x: No overlapping alignments found for region 57938037-57956647 even with 10000bp window
     1x: No overlapping alignments found for region 58034044-58142201 even with 10000bp window
     1x: No overlapping alignments found for region 58190155-58193113 even with 10000bp window
     1x: No overlapping alignments found for region 58204815-58233962 even with 10000bp window
     1x: No overlapping alignments found for region 58248708-58272096 even with 10000bp window
     1x: No overlapping alignments found for region 58289745-58302289 even with 10000bp window
     1x: No overlapping alignments found for region 58335300-58372164 even with 10000bp window
     1x: No overlapping alignments found for region 58439691-58450554 even with 10000bp window
     1x: No overlapping alignments found for region 58466328-58510187 even with 10000bp window
     1x: No overlapping alignments found for region 58524969-58545644 even with 10000bp window
     1x: No overlapping alignments found for region 58565262-58580683 even with 10000bp window
     1x: No overlapping alignments found for region 58594007-58643330 even with 10000bp window
     1x: No overlapping alignments found for region 83748397-83748402 even with 10000bp window
     1x: No overlapping alignments found for region 83749095-83749122 even with 10000bp window
     1x: No overlapping alignments found for region 97355134-97374154 even with 10000bp window
     1x: No overlapping alignments found for region 98232938-98243929 even with 10000bp window
     1x: No overlapping alignments found for region 93490152-93523477 even with 10000bp window
     1x: No overlapping alignments found for region 1157492-1157493 even with 10000bp window
     1x: No overlapping alignments found for region 1157553-1157554 even with 10000bp window
     1x: No overlapping alignments found for region 1157563-1157564 even with 10000bp window
     1x: No overlapping alignments found for region 1157603-1157604 even with 10000bp window
     1x: No overlapping alignments found for region 1157673-1157674 even with 10000bp window
     1x: No overlapping alignments found for region 1157695-1157696 even with 10000bp window
     1x: No overlapping alignments found for region 1157711-1157712 even with 10000bp window
     1x: No overlapping alignments found for region 1157750-1157752 even with 10000bp window
     1x: No overlapping alignments found for region 1157761-1157762 even with 10000bp window
     1x: No overlapping alignments found for region 1157769-1157771 even with 10000bp window
     1x: No overlapping alignments found for region 1157803-1157804 even with 10000bp window
     1x: No overlapping alignments found for region 1157855-1157856 even with 10000bp window
     1x: No overlapping alignments found for region 1157862-1157863 even with 10000bp window
     1x: No overlapping alignments found for region 1157924-1157925 even with 10000bp window
     1x: No overlapping alignments found for region 1157933-1157934 even with 10000bp window
     1x: No overlapping alignments found for region 1158016-1158018 even with 10000bp window
     1x: No overlapping alignments found for region 1158021-1158023 even with 10000bp window
     1x: No overlapping alignments found for region 1158025-1158026 even with 10000bp window
     1x: No overlapping alignments found for region 1158038-1158041 even with 10000bp window
     1x: No overlapping alignments found for region 1158059-1158060 even with 10000bp window
     1x: No overlapping alignments found for region 1158072-1158073 even with 10000bp window
     1x: No overlapping alignments found for region 48657328-48657889 even with 10000bp window
     1x: No overlapping alignments found for region 54406498-54450749 even with 10000bp window
     1x: No overlapping alignments found for region 54460947-54468078 even with 10000bp window
     1x: No overlapping alignments found for region 55248346-55267022 even with 10000bp window
     1x: No overlapping alignments found for region 0-30 even with 10000bp window
     1x: No overlapping alignments found for region 94034849-94047172 even with 10000bp window
     1x: No overlapping alignments found for region 153089411-153089911 even with 10000bp window
     1x: No overlapping alignments found for region 155019553-155019558 even with 10000bp window
     1x: No overlapping alignments found for region 99928107-99974806 even with 10000bp window
     1x: No overlapping alignments found for region 100038305-100062587 even with 10000bp window
     1x: No overlapping alignments found for region 100809195-100813099 even with 10000bp window
     1x: No overlapping alignments found for region 100813099-100820746 even with 10000bp window
     1x: No overlapping alignments found for region 100820746-100869184 even with 10000bp window
     1x: No overlapping alignments found for region 101019375-101033758 even with 10000bp window
     1x: No overlapping alignments found for region 101057186-101068226 even with 10000bp window
     1x: No overlapping alignments found for region 101068226-101082653 even with 10000bp window
     1x: No overlapping alignments found for region 101082653-101139383 even with 10000bp window
     1x: No overlapping alignments found for region 101139383-101168931 even with 10000bp window
     1x: No overlapping alignments found for region 101168931-101184563 even with 10000bp window
     1x: No overlapping alignments found for region 101218182-101220731 even with 10000bp window
     1x: No overlapping alignments found for region 101233636-101268640 even with 10000bp window
     1x: No overlapping alignments found for region 101379936-101395906 even with 10000bp window
     1x: No overlapping alignments found for region 101412712-101433104 even with 10000bp window
     1x: No overlapping alignments found for region 101449406-101458419 even with 10000bp window
     1x: No overlapping alignments found for region 101513799-101524157 even with 10000bp window
     1x: No overlapping alignments found for region 101762956-101805259 even with 10000bp window
     1x: No overlapping alignments found for region 1151706-1164115 even with 10000bp window
     1x: No overlapping alignments found for region 10815587-10815592 even with 10000bp window
     1x: No overlapping alignments found for region 110889377-110904245 even with 10000bp window
     1x: No overlapping alignments found for region 110943679-110951288 even with 10000bp window
     1x: No alignments found for chromosome 'haplotype2-0000111'
     1x: No alignments found for chromosome 'haplotype2-0000114'
     1x: No overlapping alignments found for region 518559-518560 even with 10000bp window
     1x: No alignments found for chromosome 'haplotype2-0000123'
     1x: No overlapping alignments found for region 193952-193953 even with 10000bp window
     1x: No overlapping alignments found for region 194273-200397 even with 10000bp window
     1x: No alignments found for chromosome 'haplotype2-0000131'
     1x: No alignments found for chromosome 'haplotype2-0000133'
     1x: No alignments found for chromosome 'haplotype2-0000142'
     1x: No alignments found for chromosome 'haplotype2-0000156'
     1x: No overlapping alignments found for region 807099-815800 even with 10000bp window
     1x: No overlapping alignments found for region 815800-829176 even with 10000bp window
     1x: No overlapping alignments found for region 829176-829489 even with 10000bp window
     1x: No alignments found for chromosome 'unassigned-0000191'
     1x: No alignments found for chromosome 'unassigned-0000194'
     1x: No alignments found for chromosome 'unassigned-0000195'
     1x: No alignments found for chromosome 'unassigned-0000197'
     1x: No alignments found for chromosome 'unassigned-0000198'
     1x: No alignments found for chromosome 'unassigned-0000203'
     1x: No alignments found for chromosome 'unassigned-0000206'
     1x: No alignments found for chromosome 'unassigned-0000210'
     1x: No alignments found for chromosome 'unassigned-0000212'
     1x: No alignments found for chromosome 'unassigned-0000219'
     1x: No alignments found for chromosome 'unassigned-0000221'
     1x: No alignments found for chromosome 'unassigned-0000224'
     1x: No alignments found for chromosome 'unassigned-0000225'
     1x: No alignments found for chromosome 'unassigned-0000230'
     1x: No alignments found for chromosome 'unassigned-0000238'
     1x: No alignments found for chromosome 'unassigned-0000240'
     1x: No alignments found for chromosome 'unassigned-0000244'
     1x: No alignments found for chromosome 'unassigned-0000251'
     1x: No alignments found for chromosome 'unassigned-0000253'
     1x: No alignments found for chromosome 'unassigned-0000254'
     1x: No alignments found for chromosome 'unassigned-0000256'
     1x: No alignments found for chromosome 'unassigned-0000262'
     1x: No alignments found for chromosome 'unassigned-0000263'
     1x: No alignments found for chromosome 'unassigned-0000264'
     1x: No alignments found for chromosome 'unassigned-0000266'
     1x: No alignments found for chromosome 'unassigned-0000270'
     1x: No alignments found for chromosome 'unassigned-0000274'
     1x: No alignments found for chromosome 'unassigned-0000279'
     1x: No alignments found for chromosome 'unassigned-0000286'
     1x: No alignments found for chromosome 'unassigned-0000288'
     1x: No alignments found for chromosome 'unassigned-0000290'
     1x: No alignments found for chromosome 'unassigned-0000291'
     1x: No alignments found for chromosome 'unassigned-0000293'
     1x: No alignments found for chromosome 'unassigned-0000295'
     1x: No alignments found for chromosome 'unassigned-0000304'
     1x: No alignments found for chromosome 'unassigned-0000306'
     1x: No alignments found for chromosome 'unassigned-0000311'
     1x: No alignments found for chromosome 'unassigned-0000313'
     1x: No alignments found for chromosome 'unassigned-0000315'
     1x: No alignments found for chromosome 'unassigned-0000318'
     1x: No alignments found for chromosome 'unassigned-0000320'
     1x: No alignments found for chromosome 'unassigned-0000323'
     1x: No alignments found for chromosome 'unassigned-0000325'
     1x: No alignments found for chromosome 'unassigned-0000328'
     1x: No alignments found for chromosome 'unassigned-0000329'
     1x: No alignments found for chromosome 'unassigned-0000334'
     1x: No alignments found for chromosome 'unassigned-0000341'
     1x: No alignments found for chromosome 'unassigned-0000343'
     1x: No alignments found for chromosome 'unassigned-0000345'
     1x: No alignments found for chromosome 'unassigned-0000355'
     1x: No alignments found for chromosome 'unassigned-0000358'
     1x: No alignments found for chromosome 'unassigned-0000359'
     1x: No alignments found for chromosome 'unassigned-0000361'
     1x: No alignments found for chromosome 'unassigned-0000362'
     1x: No alignments found for chromosome 'unassigned-0000364'
     1x: No alignments found for chromosome 'unassigned-0000367'
     1x: No alignments found for chromosome 'unassigned-0000373'
     1x: No overlapping alignments found for region 428-429 even with 10000bp window
     1x: No overlapping alignments found for region 1288-1289 even with 10000bp window
     1x: No overlapping alignments found for region 34717-45439 even with 10000bp window
     1x: No overlapping alignments found for region 8829-15729 even with 10000bp window
     1x: No alignments found for chromosome 'unassigned-0000385'
     1x: No alignments found for chromosome 'unassigned-0000389'
     1x: No alignments found for chromosome 'unassigned-0000395'
     1x: No alignments found for chromosome 'unassigned-0000396'
     1x: No alignments found for chromosome 'unassigned-0000398'
     1x: No alignments found for chromosome 'unassigned-0000399'
     1x: No alignments found for chromosome 'unassigned-0000413'
     1x: No alignments found for chromosome 'unassigned-0000414'
     1x: No alignments found for chromosome 'unassigned-0000417'
     1x: No alignments found for chromosome 'unassigned-0000423'
     1x: No alignments found for chromosome 'unassigned-0000426'
     1x: No alignments found for chromosome 'unassigned-0000442'
     1x: No alignments found for chromosome 'unassigned-0000449'
     1x: No alignments found for chromosome 'unassigned-0000453'
     1x: No alignments found for chromosome 'unassigned-0000460'
     1x: No alignments found for chromosome 'unassigned-0000467'
     1x: No alignments found for chromosome 'unassigned-0000469'
     1x: No alignments found for chromosome 'unassigned-0000473'
     1x: No alignments found for chromosome 'unassigned-0000476'
     1x: No alignments found for chromosome 'unassigned-0000481'
     1x: No alignments found for chromosome 'unassigned-0000482'
     1x: No alignments found for chromosome 'unassigned-0000485'
     1x: No alignments found for chromosome 'unassigned-0000488'
     1x: No alignments found for chromosome 'unassigned-0000489'
     1x: No alignments found for chromosome 'unassigned-0000492'
     1x: No alignments found for chromosome 'unassigned-0000498'
     1x: No alignments found for chromosome 'unassigned-0000502'
     1x: No alignments found for chromosome 'unassigned-0000506'
     1x: No alignments found for chromosome 'unassigned-0000518'
     1x: No alignments found for chromosome 'unassigned-0000520'
     1x: No alignments found for chromosome 'unassigned-0000521'
     1x: No alignments found for chromosome 'unassigned-0000525'
     1x: No alignments found for chromosome 'unassigned-0000536'
     1x: No overlapping alignments found for region 61129-61130 even with 10000bp window
     1x: No overlapping alignments found for region 61649-61650 even with 10000bp window
     1x: No alignments found for chromosome 'unassigned-0000547'
     1x: No alignments found for chromosome 'unassigned-0000553'
     1x: No alignments found for chromosome 'unassigned-0000562'
     1x: No alignments found for chromosome 'unassigned-0000563'
     1x: No alignments found for chromosome 'unassigned-0000564'
     1x: No alignments found for chromosome 'unassigned-0000565'
     1x: No alignments found for chromosome 'unassigned-0000566'
     1x: No alignments found for chromosome 'unassigned-0000570'
     1x: No alignments found for chromosome 'unassigned-0000571'
     1x: No alignments found for chromosome 'unassigned-0000572'
     1x: No alignments found for chromosome 'unassigned-0000576'
     1x: No alignments found for chromosome 'unassigned-0000583'
     1x: No alignments found for chromosome 'unassigned-0000589'
     1x: No alignments found for chromosome 'unassigned-0000590'
     1x: No alignments found for chromosome 'unassigned-0000600'
     1x: No alignments found for chromosome 'unassigned-0000610'
     1x: No alignments found for chromosome 'unassigned-0000618'
     1x: No alignments found for chromosome 'unassigned-0000622'
     1x: No alignments found for chromosome 'unassigned-0000628'
     1x: No alignments found for chromosome 'unassigned-0000631'
     1x: No alignments found for chromosome 'unassigned-0000632'
     1x: No alignments found for chromosome 'unassigned-0000634'
     1x: No alignments found for chromosome 'unassigned-0000635'
     1x: No alignments found for chromosome 'unassigned-0000637'
     1x: No alignments found for chromosome 'unassigned-0000643'
     1x: No alignments found for chromosome 'unassigned-0000652'
     1x: No alignments found for chromosome 'unassigned-0000654'
     1x: No alignments found for chromosome 'unassigned-0000663'
     1x: No alignments found for chromosome 'unassigned-0000664'
     1x: No alignments found for chromosome 'unassigned-0000667'
     1x: No alignments found for chromosome 'unassigned-0000674'
     1x: No alignments found for chromosome 'unassigned-0000687'
     1x: No alignments found for chromosome 'unassigned-0000689'
     1x: No overlapping alignments found for region 807583-833174 even with 10000bp window
     1x: No overlapping alignments found for region 870150-870160 even with 10000bp window
     1x: No overlapping alignments found for region 870409-876275 even with 10000bp window
     1x: No overlapping alignments found for region 127642-130964 even with 10000bp window
     1x: No alignments found for chromosome 'unassigned-0000697'
     1x: No alignments found for chromosome 'unassigned-0000698'
     1x: No alignments found for chromosome 'unassigned-0000699'
     1x: No alignments found for chromosome 'unassigned-0000704'
     1x: No alignments found for chromosome 'unassigned-0000707'
     1x: No alignments found for chromosome 'unassigned-0000708'
     1x: No alignments found for chromosome 'unassigned-0000714'
     1x: No alignments found for chromosome 'unassigned-0000719'
     1x: No alignments found for chromosome 'unassigned-0000721'
     1x: No alignments found for chromosome 'unassigned-0000732'
     1x: No alignments found for chromosome 'unassigned-0000737'
     1x: No alignments found for chromosome 'unassigned-0000740'
     1x: No alignments found for chromosome 'unassigned-0000741'
     1x: No overlapping alignments found for region 266135-277820 even with 10000bp window
     1x: No overlapping alignments found for region 277823-388700 even with 10000bp window
     1x: No overlapping alignments found for region 397925-423670 even with 10000bp window
     1x: No alignments found for chromosome 'unassigned-0000749'
     1x: No alignments found for chromosome 'unassigned-0000751'
     1x: No overlapping alignments found for region 166791-166797 even with 10000bp window
     1x: No overlapping alignments found for region 166802-166804 even with 10000bp window
     1x: No overlapping alignments found for region 166807-166808 even with 10000bp window
     1x: No overlapping alignments found for region 166816-178424 even with 10000bp window
     1x: No alignments found for chromosome 'unassigned-0000753'
     1x: No alignments found for chromosome 'unassigned-0000756'
     1x: No alignments found for chromosome 'unassigned-0000763'
     1x: No alignments found for chromosome 'unassigned-0000764'
     1x: No alignments found for chromosome 'unassigned-0000765'
     1x: No alignments found for chromosome 'unassigned-0000766'
     1x: No alignments found for chromosome 'unassigned-0000772'
     1x: No alignments found for chromosome 'unassigned-0000791'
     1x: No alignments found for chromosome 'unassigned-0000795'
     1x: No alignments found for chromosome 'unassigned-0000797'
     1x: No alignments found for chromosome 'unassigned-0000798'
     1x: No alignments found for chromosome 'unassigned-0000801'
     1x: No alignments found for chromosome 'unassigned-0000810'
     1x: No alignments found for chromosome 'unassigned-0000812'
     1x: No alignments found for chromosome 'unassigned-0000813'
     1x: No alignments found for chromosome 'unassigned-0000817'
     1x: No alignments found for chromosome 'unassigned-0000820'
     1x: No alignments found for chromosome 'unassigned-0000825'
     1x: No alignments found for chromosome 'unassigned-0000826'
     1x: No alignments found for chromosome 'unassigned-0000829'
     1x: No alignments found for chromosome 'unassigned-0000830'
     1x: No alignments found for chromosome 'unassigned-0000835'
     1x: No alignments found for chromosome 'unassigned-0000848'
     1x: No alignments found for chromosome 'unassigned-0000853'
     1x: No overlapping alignments found for region 643249-644602 even with 10000bp window
     1x: No alignments found for chromosome 'unassigned-0000860'
     1x: No alignments found for chromosome 'unassigned-0000861'
     1x: No alignments found for chromosome 'unassigned-0000873'
     1x: No alignments found for chromosome 'unassigned-0000875'
     1x: No alignments found for chromosome 'unassigned-0000882'
     1x: No alignments found for chromosome 'unassigned-0000884'
     1x: No alignments found for chromosome 'unassigned-0000890'
     1x: No alignments found for chromosome 'unassigned-0000891'
     1x: No alignments found for chromosome 'unassigned-0000893'
     1x: No alignments found for chromosome 'unassigned-0000895'
     1x: No alignments found for chromosome 'unassigned-0000898'
     1x: No alignments found for chromosome 'unassigned-0000901'
     1x: No alignments found for chromosome 'unassigned-0000905'
     1x: No alignments found for chromosome 'unassigned-0000908'
     1x: No alignments found for chromosome 'unassigned-0000909'
     1x: No alignments found for chromosome 'unassigned-0000915'
     1x: No alignments found for chromosome 'unassigned-0000916'
     1x: No alignments found for chromosome 'unassigned-0000917'
     1x: No alignments found for chromosome 'unassigned-0000918'
     1x: No alignments found for chromosome 'unassigned-0000920'
     1x: No alignments found for chromosome 'unassigned-0000923'
     1x: No alignments found for chromosome 'unassigned-0000924'
     1x: No alignments found for chromosome 'unassigned-0000925'
     1x: No alignments found for chromosome 'unassigned-0000927'
     1x: No alignments found for chromosome 'unassigned-0000932'
     1x: No alignments found for chromosome 'unassigned-0000934'
     1x: No alignments found for chromosome 'unassigned-0000936'
     1x: No alignments found for chromosome 'unassigned-0000938'
     1x: No alignments found for chromosome 'unassigned-0000939'
     1x: No alignments found for chromosome 'unassigned-0000940'
     1x: No alignments found for chromosome 'unassigned-0000941'
     1x: No alignments found for chromosome 'unassigned-0000946'
     1x: No alignments found for chromosome 'unassigned-0000953'
     1x: No alignments found for chromosome 'unassigned-0000956'
     1x: No alignments found for chromosome 'unassigned-0000960'
     1x: No alignments found for chromosome 'unassigned-0000962'
     1x: No alignments found for chromosome 'unassigned-0000965'
     1x: No alignments found for chromosome 'unassigned-0000966'
     1x: No alignments found for chromosome 'unassigned-0000972'
     1x: No alignments found for chromosome 'unassigned-0000978'
     1x: No alignments found for chromosome 'unassigned-0000981'
     1x: No alignments found for chromosome 'unassigned-0000982'
     1x: No alignments found for chromosome 'unassigned-0000986'
     1x: No alignments found for chromosome 'unassigned-0000987'
     1x: No alignments found for chromosome 'unassigned-0000988'
     1x: No alignments found for chromosome 'unassigned-0000991'
     1x: No alignments found for chromosome 'unassigned-0000999'
     1x: No alignments found for chromosome 'unassigned-0001000'
     1x: No alignments found for chromosome 'unassigned-0001001'
Original regions: 5661
Lifted regions: 2534
Unmapped regions: 6254
Success rate: 28.00%
