Warning messages:
1: package ‘ggplot2’ was built under R version 4.4.3 
2: package ‘tibble’ was built under R version 4.4.3 
3: package ‘purrr’ was built under R version 4.4.2 
4: package ‘lubridate’ was built under R version 4.4.2 
Warning messages:
1: Removed 4329 rows containing missing values or values outside the scale range
(`geom_tile()`). 
2: Removed 18 rows containing missing values or values outside the scale range
(`geom_tile()`). 
Warning messages:
1: Removed 4329 rows containing missing values or values outside the scale range
(`geom_tile()`). 
2: Removed 18 rows containing missing values or values outside the scale range
(`geom_tile()`). 
3: Removed 8903 rows containing missing values or values outside the scale range
(`geom_tile()`). 
`stat_bin()` using `bins = 30`. Pick better value with `binwidth`.
Warning message:
In geom_histogram(stat = "count", colour = "grey20") :
  Ignoring unknown parameters: `binwidth`, `bins`, and `pad`
Karyogram plots generated successfully!
Output files:
  - results/T2T00_2/assembly_issues/T2T00_2.karyogram.gaps.with_unassigned.png
  - results/T2T00_2/assembly_issues/T2T00_2.karyogram.gaps.clean.png
  - results/T2T00_2/assembly_issues/T2T00_2.karyogram.nucflag.clean.png
  - results/T2T00_2/assembly_issues/T2T00_2.gap_lengths.png
  - results/T2T00_2/assembly_issues/T2T00_2.nucflag_types.png
