nucflag/COLLAPSE: 6 regions, 231,414 bp
  satellite: 189 regions, 132,537 bp (57.27%)
  other_repeat: 358 regions, 54,433 bp (23.52%)
  non_repetitive: 170 regions, 44,444 bp (19.21%)
nucflag/COLLAPSE_OTHER: 290 regions, 6,103,205 bp
  satellite: 132 regions, 1,153,812 bp (18.91%)
  other_repeat: 9263 regions, 2,725,618 bp (44.66%)
  non_repetitive: 9159 regions, 2,223,775 bp (36.44%)
nucflag/COLLAPSE_VAR: 6 regions, 224,321 bp
  satellite: 0 regions, 0 bp (0.0%)
  other_repeat: 445 regions, 131,341 bp (58.55%)
  non_repetitive: 444 regions, 92,980 bp (41.45%)
nucflag/HET: 3921 regions, 65,670,416 bp
  satellite: 1369 regions, 8,227,436 bp (12.53%)
  other_repeat: 86223 regions, 29,071,788 bp (44.27%)
  non_repetitive: 85998 regions, 28,371,192 bp (43.2%)
nucflag/MISJOIN: 2391 regions, 22,387,536 bp
  satellite: 1746 regions, 3,354,615 bp (14.98%)
  other_repeat: 31905 regions, 9,518,455 bp (42.52%)
  non_repetitive: 29417 regions, 9,514,466 bp (42.5%)
flagger/Col: 1151 regions, 69,800,000 bp
  satellite: 1778 regions, 11,485,860 bp (16.46%)
  other_repeat: 77072 regions, 29,440,125 bp (42.18%)
  non_repetitive: 75709 regions, 28,874,015 bp (41.37%)
flagger/Dup: 1143 regions, 67,666,955 bp
  satellite: 806 regions, 2,910,365 bp (4.3%)
  other_repeat: 95394 regions, 34,363,181 bp (50.78%)
  non_repetitive: 95368 regions, 30,393,409 bp (44.92%)
flagger/Err: 929 regions, 56,342,087 bp
  satellite: 1225 regions, 3,677,756 bp (6.53%)
  other_repeat: 86089 regions, 27,532,113 bp (48.87%)
  non_repetitive: 85783 regions, 25,132,218 bp (44.61%)
flagger/Hap: 2200 regions, 5,938,601,743 bp
  satellite: 63842 regions, 275,741,141 bp (4.64%)
  other_repeat: 7899054 regions, 2,871,870,895 bp (48.36%)
  non_repetitive: 7878591 regions, 2,790,989,707 bp (47.0%)
Done.
