analysis_other/3dstructure/T2T13/chrX/complete/1000000/contacts/hp2.matrix.txt
id: 1 itt: 0 Cost: 146.9983224415395 Pearson: 0.007979564916100308 Spearmen: 0.0002537094789996637 IFSpear: -0.0002537094789996637 error: 11.80718939012865
id: 1 itt: 1000 Cost: 50.13363284024123 Pearson: -0.03186393021600309 Spearmen: 0.007380183910045103 IFSpear: -0.007380183910045103 error: 4.026830292538285
id: 1 itt: 2000 Cost: 13.571711099555264 Pearson: 0.08049886211158956 Spearmen: 0.06074760857681737 IFSpear: -0.06074760857681737 error: 1.0901060681443373
id: 1 itt: 3000 Cost: 4.620796699892584 Pearson: 0.26460058487557686 Spearmen: 0.0501313293259143 IFSpear: -0.0501313293259143 error: 0.3711513224282603
id: 1 itt: 4000 Cost: 2.0468254577931035 Pearson: 0.5118428506378853 Spearmen: 0.04870365412446625 IFSpear: -0.04870365412446625 error: 0.16440497705891266
id: 1 itt: 5000 Cost: 1.4168928274877397 Pearson: 0.6165444602643845 Spearmen: 0.04507534620650543 IFSpear: -0.04507534620650543 error: 0.11380757060214665
id: 1 itt: 6000 Cost: 1.3002114789379948 Pearson: 0.6384174803929631 Spearmen: 0.11865347655395264 IFSpear: -0.11865347655395264 error: 0.10443549915439018
id: 1 itt: 7000 Cost: 1.2728846152102178 Pearson: 0.6442945761100974 Spearmen: 0.19602680794057636 IFSpear: -0.19602680794057636 error: 0.10224055263994666
id: 1 itt: 8000 Cost: 1.266488746609213 Pearson: 0.6451147714129385 Spearmen: 0.2104085699127893 IFSpear: -0.2104085699127893 error: 0.1017268241114019
id: 1 itt: 9000 Cost: 1.2644160766356722 Pearson: 0.6452651167315431 Spearmen: 0.23216757793030346 IFSpear: -0.23216757793030346 error: 0.10156034325288353
id: 1 itt: 10000 Cost: 1.2632182578373614 Pearson: 0.6456786461768084 Spearmen: 0.23934220273737594 IFSpear: -0.23934220273737594 error: 0.10146413213175093
id: 1 itt: 11000 Cost: 1.2623173421724165 Pearson: 0.6459772256439642 Spearmen: 0.2647756773937725 IFSpear: -0.2647756773937725 error: 0.10139176884417145
id: 1 itt: 12000 Cost: 1.2616686254593423 Pearson: 0.6461135921792279 Spearmen: 0.28609779332990776 IFSpear: -0.28609779332990776 error: 0.10133966266387913
id: 1 itt: 13000 Cost: 1.261044750641144 Pearson: 0.6461616640767005 Spearmen: 0.31043214532728325 IFSpear: -0.31043214532728325 error: 0.10128955183259987
id: 1 itt: 14000 Cost: 1.2605915608133138 Pearson: 0.6465146466758824 Spearmen: 0.36708138344141483 IFSpear: -0.36708138344141483 error: 0.10125315074966235
id: 1 itt: 15000 Cost: 1.2600788487716703 Pearson: 0.6467250889410047 Spearmen: 0.4164515932523081 IFSpear: -0.4164515932523081 error: 0.10121196872746142
id: 1 itt: 16000 Cost: 1.2597358711829354 Pearson: 0.6468490102336308 Spearmen: 0.4362329785968596 IFSpear: -0.4362329785968596 error: 0.10118442010459622
id: 1 itt: 17000 Cost: 1.2593889702339138 Pearson: 0.6469937140748503 Spearmen: 0.4844281175811686 IFSpear: -0.4844281175811686 error: 0.10115655634984934
id: 1 itt: 18000 Cost: 1.2591010726767131 Pearson: 0.647024356298334 Spearmen: 0.5151117069097089 IFSpear: -0.5151117069097089 error: 0.10113343186158061
id: 1 itt: 19000 Cost: 1.25896901722681 Pearson: 0.6469885857925967 Spearmen: 0.5119882210647883 IFSpear: -0.5119882210647883 error: 0.1011228249125957
id: 1 itt: 20000 Cost: 1.2587624715526842 Pearson: 0.6470815825988447 Spearmen: 0.5432245918704232 IFSpear: -0.5432245918704232 error: 0.10110623476481978
id: 1 itt: 21000 Cost: 1.2585328358380337 Pearson: 0.647167906370818 Spearmen: 0.5948380837356774 IFSpear: -0.5948380837356774 error: 0.10108778998035842
id: 1 itt: 22000 Cost: 1.2583898770259248 Pearson: 0.6471986231945446 Spearmen: 0.6203749187897329 IFSpear: -0.6203749187897329 error: 0.10107630725224614
id: 1 itt: 23000 Cost: 1.2582705205251774 Pearson: 0.6472690635037927 Spearmen: 0.6487214541914403 IFSpear: -0.6487214541914403 error: 0.10106672030740309
id: 1 itt: 24000 Cost: 1.258196714425404 Pearson: 0.6473046773386519 Spearmen: 0.6559160550811828 IFSpear: -0.6559160550811828 error: 0.1010607920588102
id: 1 itt: 25000 Cost: 1.2581232161571863 Pearson: 0.6473253312030711 Spearmen: 0.6744623147952834 IFSpear: -0.6744623147952834 error: 0.10105488853584288
id: 1 itt: 26000 Cost: 1.258047133354295 Pearson: 0.6473423671924767 Spearmen: 0.6774329938292314 IFSpear: -0.6774329938292314 error: 0.10104877741805493
id: 1 itt: 27000 Cost: 1.2580104728534016 Pearson: 0.6473698016156628 Spearmen: 0.6728489054822367 IFSpear: -0.6728489054822367 error: 0.10104583277576246
id: 1 itt: 28000 Cost: 1.2579851644974973 Pearson: 0.6473504418927942 Spearmen: 0.6781102944075326 IFSpear: -0.6781102944075326 error: 0.10104379995969794
id: 1 itt: 29000 Cost: 1.2579425903202988 Pearson: 0.6473484693049497 Spearmen: 0.6859125152139739 IFSpear: -0.6859125152139739 error: 0.10104038031949415
id: 1 itt: 0 Cost: 121.23661666994064 Pearson: 0.004623103731219681 Spearmen: 0.0002537094789996637 IFSpear: -0.0002537094789996637 error: 9.737959388003924
id: 1 itt: 1000 Cost: 27.860181235833018 Pearson: 0.15119816016327617 Spearmen: 0.1171063744772494 IFSpear: -0.1171063744772494 error: 2.237783607534779
id: 1 itt: 2000 Cost: 9.309629184363313 Pearson: 0.5344229023114503 Spearmen: 0.2886899355589586 IFSpear: -0.2886899355589586 error: 0.7477674105795418
id: 1 itt: 3000 Cost: 7.740077729462298 Pearson: 0.7348752609225899 Spearmen: 0.6834289324711001 IFSpear: -0.6834289324711001 error: 0.6216980039511885
id: 1 itt: 4000 Cost: 7.200560403789401 Pearson: 0.7910925957277211 Spearmen: 0.7706671767095217 IFSpear: -0.7706671767095217 error: 0.578362929525363
id: 1 itt: 5000 Cost: 6.982570596326886 Pearson: 0.8132126240902454 Spearmen: 0.8044370433070231 IFSpear: -0.8044370433070231 error: 0.5608535668396002
id: 1 itt: 6000 Cost: 6.835887756780711 Pearson: 0.8268309326826636 Spearmen: 0.8279154283879974 IFSpear: -0.8279154283879974 error: 0.5490717176454211
id: 1 itt: 7000 Cost: 6.740387246388461 Pearson: 0.8356729443201019 Spearmen: 0.8432810325449789 IFSpear: -0.8432810325449789 error: 0.5414009320587102
id: 1 itt: 8000 Cost: 6.706895230959071 Pearson: 0.8383914946751014 Spearmen: 0.8519341116802048 IFSpear: -0.8519341116802048 error: 0.5387107886430315
id: 1 itt: 9000 Cost: 6.689348014996232 Pearson: 0.8395432975094675 Spearmen: 0.8521078968917156 IFSpear: -0.8521078968917156 error: 0.5373013623400535
id: 1 itt: 10000 Cost: 6.679734166395822 Pearson: 0.8396740321891022 Spearmen: 0.8532345613965607 IFSpear: -0.8532345613965607 error: 0.5365291594379545
id: 1 itt: 11000 Cost: 6.670922192500425 Pearson: 0.8417405692370863 Spearmen: 0.8549302960232287 IFSpear: -0.8549302960232287 error: 0.5358213646620978
id: 1 itt: 12000 Cost: 6.664060918910161 Pearson: 0.841442579461863 Spearmen: 0.8544339844089269 IFSpear: -0.8544339844089269 error: 0.535270253905239
id: 1 itt: 13000 Cost: 6.658694919651503 Pearson: 0.8413021073371707 Spearmen: 0.8542672012383836 IFSpear: -0.8542672012383836 error: 0.5348392464728959
id: 1 itt: 14000 Cost: 6.654836894339275 Pearson: 0.8425260045389862 Spearmen: 0.8557471094501299 IFSpear: -0.8557471094501299 error: 0.5345293624226782
id: 1 itt: 15000 Cost: 6.652505273623408 Pearson: 0.8419268640128275 Spearmen: 0.8550683976746769 IFSpear: -0.8550683976746769 error: 0.5343420821400129
id: 1 itt: 16000 Cost: 6.65071823152003 Pearson: 0.8421652537707837 Spearmen: 0.8551410403905946 IFSpear: -0.8551410403905946 error: 0.5341985434641132
id: 1 itt: 17000 Cost: 6.648568645622762 Pearson: 0.8426448592605769 Spearmen: 0.8555214552083152 IFSpear: -0.8555214552083152 error: 0.5340258845699312
id: 1 itt: 18000 Cost: 6.647668893058053 Pearson: 0.8428527295202493 Spearmen: 0.8561294713624761 IFSpear: -0.8561294713624761 error: 0.5339536147048106
id: 1 itt: 19000 Cost: 6.6469945444035945 Pearson: 0.8428016109108407 Spearmen: 0.8557688106332274 IFSpear: -0.8557688106332274 error: 0.5338994497174426
id: 1 itt: 20000 Cost: 6.6465436585664825 Pearson: 0.8428769263348486 Spearmen: 0.8560766624787373 IFSpear: -0.8560766624787373 error: 0.5338632336954929
id: 1 itt: 21000 Cost: 6.646171206608457 Pearson: 0.8429304258158518 Spearmen: 0.8560142567160447 IFSpear: -0.8560142567160447 error: 0.5338333176343156
id: 1 itt: 22000 Cost: 6.645838004154826 Pearson: 0.8429322825329052 Spearmen: 0.8562684329930697 IFSpear: -0.8562684329930697 error: 0.5338065541691962
id: 1 itt: 23000 Cost: 6.645564591216493 Pearson: 0.843080832238543 Spearmen: 0.8559949548073892 IFSpear: -0.8559949548073892 error: 0.5337845931135121
id: 1 itt: 24000 Cost: 6.645286273105581 Pearson: 0.8428864232820467 Spearmen: 0.8560073535156284 IFSpear: -0.8560073535156284 error: 0.5337622380648853
id: 1 itt: 25000 Cost: 6.645118345658112 Pearson: 0.8428993474660765 Spearmen: 0.8562284336697122 IFSpear: -0.8562284336697122 error: 0.5337487498077192
id: 1 itt: 26000 Cost: 6.644963783596947 Pearson: 0.8430549753350725 Spearmen: 0.8562780391963375 IFSpear: -0.8562780391963375 error: 0.5337363350842149
id: 1 itt: 27000 Cost: 6.644820288630619 Pearson: 0.8429831008676585 Spearmen: 0.8563783708577782 IFSpear: -0.8563783708577782 error: 0.5337248092911595
id: 1 itt: 28000 Cost: 6.64466001905375 Pearson: 0.842898483614621 Spearmen: 0.8563543319223587 IFSpear: -0.8563543319223587 error: 0.5337119361289618
id: 1 itt: 29000 Cost: 6.644447969752987 Pearson: 0.843309114760353 Spearmen: 0.8565578135208931 IFSpear: -0.8565578135208931 error: 0.5336949039192564
id: 1 itt: 0 Cost: 145.1014590197911 Pearson: 0.005457803140835064 Spearmen: 0.0002537094789996637 IFSpear: -0.0002537094789996637 error: 11.654829653665006
id: 1 itt: 1000 Cost: 46.87640942894813 Pearson: 0.060349675258303856 Spearmen: 0.042243678414007 IFSpear: -0.042243678414007 error: 3.7652038122878486
id: 1 itt: 2000 Cost: 11.88611862953293 Pearson: 0.3322709300772944 Spearmen: 0.04795433574633245 IFSpear: -0.04795433574633245 error: 0.9547160228868931
id: 1 itt: 3000 Cost: 3.3344204502154335 Pearson: 0.6960452874289802 Spearmen: 0.10660151865684515 IFSpear: -0.10660151865684515 error: 0.2678270956300809
id: 1 itt: 4000 Cost: 1.688886905874157 Pearson: 0.8591690933302358 Spearmen: 0.3721721013595902 IFSpear: -0.3721721013595902 error: 0.13565466071284582
id: 1 itt: 5000 Cost: 1.5046556656851655 Pearson: 0.8893487650062868 Spearmen: 0.7716903404896652 IFSpear: -0.7716903404896652 error: 0.12085685140209813
id: 1 itt: 6000 Cost: 1.467722978712176 Pearson: 0.8949482658445624 Spearmen: 0.8544764573259556 IFSpear: -0.8544764573259556 error: 0.11789034659759706
id: 1 itt: 7000 Cost: 1.455925910262005 Pearson: 0.8967106134792442 Spearmen: 0.8854133864607991 IFSpear: -0.8854133864607991 error: 0.11694278325724075
id: 1 itt: 8000 Cost: 1.4495107337277282 Pearson: 0.8976641258878395 Spearmen: 0.8991273846373672 IFSpear: -0.8991273846373672 error: 0.11642750387817546
id: 1 itt: 9000 Cost: 1.4466060776690335 Pearson: 0.8980716041756828 Spearmen: 0.9064709717198561 IFSpear: -0.9064709717198561 error: 0.11619419628915972
id: 1 itt: 10000 Cost: 1.444921589193806 Pearson: 0.8983349089647319 Spearmen: 0.909117140604987 IFSpear: -0.909117140604987 error: 0.1160588949188981
id: 1 itt: 11000 Cost: 1.4419338131552992 Pearson: 0.8987797145441935 Spearmen: 0.9166336674815821 IFSpear: -0.9166336674815821 error: 0.11581891097244205
id: 1 itt: 12000 Cost: 1.4403136462611474 Pearson: 0.8990021880176275 Spearmen: 0.9189181039801577 IFSpear: -0.9189181039801577 error: 0.11568877603589899
id: 1 itt: 13000 Cost: 1.4389330681025332 Pearson: 0.8992026818410567 Spearmen: 0.9223352260163702 IFSpear: -0.9223352260163702 error: 0.11557788532969304
id: 1 itt: 14000 Cost: 1.4378997501348403 Pearson: 0.8993605079250532 Spearmen: 0.9241973562686951 IFSpear: -0.9241973562686951 error: 0.11549488723323773
id: 1 itt: 15000 Cost: 1.4364764808491413 Pearson: 0.8995649882894586 Spearmen: 0.9247421972701514 IFSpear: -0.9247421972701514 error: 0.11538056749318705
id: 1 itt: 16000 Cost: 1.4356363625944737 Pearson: 0.8996879617765816 Spearmen: 0.9260886872265267 IFSpear: -0.9260886872265267 error: 0.11531308757111577
id: 1 itt: 17000 Cost: 1.4349582077043999 Pearson: 0.8997862541007022 Spearmen: 0.927879063410286 IFSpear: -0.927879063410286 error: 0.11525861685954605
id: 1 itt: 18000 Cost: 1.434126101864795 Pearson: 0.8999193808336676 Spearmen: 0.9299388302291911 IFSpear: -0.9299388302291911 error: 0.11519178051013974
id: 1 itt: 19000 Cost: 1.433042457402302 Pearson: 0.9000704864905632 Spearmen: 0.9309968098788108 IFSpear: -0.9309968098788108 error: 0.11510474009234647
id: 1 itt: 20000 Cost: 1.4319936627126955 Pearson: 0.9002182643696208 Spearmen: 0.9335068055796667 IFSpear: -0.9335068055796667 error: 0.11502049887567226
id: 1 itt: 21000 Cost: 1.4313753509119242 Pearson: 0.9003040514417788 Spearmen: 0.9336051528880481 IFSpear: -0.9336051528880481 error: 0.11497083487670547
id: 1 itt: 22000 Cost: 1.430539556769285 Pearson: 0.9004360863661978 Spearmen: 0.9330147356564796 IFSpear: -0.9330147356564796 error: 0.11490370227567033
id: 1 itt: 23000 Cost: 1.4277315757859916 Pearson: 0.9008501671794071 Spearmen: 0.9331308702971808 IFSpear: -0.9331308702971808 error: 0.11467815981557312
id: 1 itt: 24000 Cost: 1.4262047248236653 Pearson: 0.9010654693849155 Spearmen: 0.9371544576198026 IFSpear: -0.9371544576198026 error: 0.11455552019504377
id: 1 itt: 25000 Cost: 1.4243153942982467 Pearson: 0.9013416988121058 Spearmen: 0.9405778727209017 IFSpear: -0.9405778727209017 error: 0.11440376551537357
id: 1 itt: 26000 Cost: 1.4228175653497543 Pearson: 0.9015560688302983 Spearmen: 0.9429677967218424 IFSpear: -0.9429677967218424 error: 0.11428345699909169
id: 1 itt: 27000 Cost: 1.4204679275329282 Pearson: 0.9018968653436998 Spearmen: 0.9505787560784353 IFSpear: -0.9505787560784353 error: 0.1140947295480522
id: 1 itt: 28000 Cost: 1.4176469043391025 Pearson: 0.9023074004338593 Spearmen: 0.9574987384916049 IFSpear: -0.9574987384916049 error: 0.11386813951239588
id: 1 itt: 29000 Cost: 1.4161480648652034 Pearson: 0.9025258492978164 Spearmen: 0.960157814182441 IFSpear: -0.960157814182441 error: 0.11374774982876011
id: 1 itt: 0 Cost: 146.00916211058907 Pearson: 0.005759896673749225 Spearmen: 0.0002537094789996637 IFSpear: -0.0002537094789996637 error: 11.727738120408352
id: 1 itt: 1000 Cost: 46.39242493056677 Pearson: -0.02252680656674548 Spearmen: -0.04239683125866958 IFSpear: 0.04239683125866958 error: 3.7263292418889398
id: 1 itt: 2000 Cost: 12.986400656447987 Pearson: 0.024351389750708458 Spearmen: -0.007856189917881205 IFSpear: 0.007856189917881205 error: 1.0430928020131123
id: 1 itt: 3000 Cost: 3.7283145777528097 Pearson: 0.5977436389339907 Spearmen: 0.0751849048499725 IFSpear: -0.0751849048499725 error: 0.2994654333080015
id: 1 itt: 4000 Cost: 1.6550640274960637 Pearson: 0.8187192543911044 Spearmen: 0.2209175127896318 IFSpear: -0.2209175127896318 error: 0.13293794174560553
id: 1 itt: 5000 Cost: 1.467698183971697 Pearson: 0.8486604534547968 Spearmen: 0.5797008671609103 IFSpear: -0.5797008671609103 error: 0.11788835503611628
id: 1 itt: 6000 Cost: 1.4297179600672956 Pearson: 0.8569661959267219 Spearmen: 0.7886644481882575 IFSpear: -0.7886644481882575 error: 0.11483771004051029
id: 1 itt: 7000 Cost: 1.417043754924467 Pearson: 0.8595077879262971 Spearmen: 0.8428979753959741 IFSpear: -0.8428979753959741 error: 0.11381969338559074
id: 1 itt: 8000 Cost: 1.413440500830718 Pearson: 0.8602628715071414 Spearmen: 0.8757732907589436 IFSpear: -0.8757732907589436 error: 0.11353027305208611
id: 1 itt: 9000 Cost: 1.4116987966076713 Pearson: 0.8606070663769757 Spearmen: 0.8838087701840245 IFSpear: -0.8838087701840245 error: 0.1133903760023679
id: 1 itt: 10000 Cost: 1.4107009687635412 Pearson: 0.8608068538671474 Spearmen: 0.8940432383594272 IFSpear: -0.8940432383594272 error: 0.11331022854123567
id: 1 itt: 11000 Cost: 1.4099373784838476 Pearson: 0.8610099925088339 Spearmen: 0.8978283543413469 IFSpear: -0.8978283543413469 error: 0.11324889549403445
id: 1 itt: 12000 Cost: 1.4094028751952106 Pearson: 0.861107570192102 Spearmen: 0.9020981844109458 IFSpear: -0.9020981844109458 error: 0.11320596315675495
id: 1 itt: 13000 Cost: 1.4086127083338968 Pearson: 0.8612783773446824 Spearmen: 0.9066896558570079 IFSpear: -0.9066896558570079 error: 0.11314249542714841
id: 1 itt: 14000 Cost: 1.407997922097493 Pearson: 0.8614270620684623 Spearmen: 0.9095330839281112 IFSpear: -0.9095330839281112 error: 0.11309311460832612
id: 1 itt: 15000 Cost: 1.4077216023052532 Pearson: 0.861459987137311 Spearmen: 0.9118593797424489 IFSpear: -0.9118593797424489 error: 0.11307092006851759
id: 1 itt: 16000 Cost: 1.4075423487157788 Pearson: 0.861493141827536 Spearmen: 0.9127127429024153 IFSpear: -0.9127127429024153 error: 0.11305652207373347
id: 1 itt: 17000 Cost: 1.407349119534315 Pearson: 0.8615429942695503 Spearmen: 0.9139020538763055 IFSpear: -0.9139020538763055 error: 0.11304100153238753
id: 1 itt: 18000 Cost: 1.4070753315468338 Pearson: 0.8615892446545863 Spearmen: 0.9142449175571723 IFSpear: -0.9142449175571723 error: 0.11301901035203091
id: 1 itt: 19000 Cost: 1.4068260790423255 Pearson: 0.861641459724783 Spearmen: 0.9157270399652578 IFSpear: -0.9157270399652578 error: 0.11299898990909105
id: 1 itt: 20000 Cost: 1.4065844183325011 Pearson: 0.8617006670170002 Spearmen: 0.9179903921995101 IFSpear: -0.9179903921995101 error: 0.11297957925377433
id: 1 itt: 21000 Cost: 1.4062907479299627 Pearson: 0.8617717076462011 Spearmen: 0.9203208167579455 IFSpear: -0.9203208167579455 error: 0.11295599107940978
id: 1 itt: 22000 Cost: 1.405929703845132 Pearson: 0.8618373025266292 Spearmen: 0.9233064810655257 IFSpear: -0.9233064810655257 error: 0.11292699132065759
id: 1 itt: 23000 Cost: 1.40573302200193 Pearson: 0.8618845393323585 Spearmen: 0.9239761280231893 IFSpear: -0.9239761280231893 error: 0.11291119345484718
id: 1 itt: 24000 Cost: 1.4055501394613035 Pearson: 0.8619270263111509 Spearmen: 0.9246649871615156 IFSpear: -0.9246649871615156 error: 0.11289650397569218
id: 1 itt: 25000 Cost: 1.405368194173125 Pearson: 0.861965459847729 Spearmen: 0.9264996576622127 IFSpear: -0.9264996576622127 error: 0.11288188977846543
id: 1 itt: 26000 Cost: 1.405201294020905 Pearson: 0.8619997858068144 Spearmen: 0.9283420165891432 IFSpear: -0.9283420165891432 error: 0.11286848403563943
id: 1 itt: 27000 Cost: 1.4050518593302714 Pearson: 0.8620470253502333 Spearmen: 0.9292518036891267 IFSpear: -0.9292518036891267 error: 0.11285648115244688
id: 1 itt: 28000 Cost: 1.4049316062723889 Pearson: 0.8620827507880501 Spearmen: 0.9301057849748754 IFSpear: -0.9301057849748754 error: 0.1128468221944018
id: 1 itt: 29000 Cost: 1.404841115946513 Pearson: 0.8620931032095881 Spearmen: 0.9308779983588662 IFSpear: -0.9308779983588662 error: 0.11283955383651958
id: 1 itt: 0 Cost: 146.9114477387243 Pearson: 0.007298341408323854 Spearmen: 0.0002537094789996637 IFSpear: -0.0002537094789996637 error: 11.800211446079265
id: 1 itt: 1000 Cost: 48.756974437065075 Pearson: 0.10188319215121545 Spearmen: 0.038800377205279596 IFSpear: -0.038800377205279596 error: 3.91625442866557
id: 1 itt: 2000 Cost: 14.488851154970689 Pearson: 0.057055013757659534 Spearmen: 0.029347945289204234 IFSpear: -0.029347945289204234 error: 1.1637725301263753
id: 1 itt: 3000 Cost: 4.694313733855045 Pearson: 0.21303512672927638 Spearmen: 0.028569131194435066 IFSpear: -0.028569131194435066 error: 0.37705635269648335
id: 1 itt: 4000 Cost: 2.130753792721857 Pearson: 0.5984050381930831 Spearmen: 0.07728648216786815 IFSpear: -0.07728648216786815 error: 0.17114626314465042
id: 1 itt: 5000 Cost: 1.4613834076754708 Pearson: 0.6814877927915727 Spearmen: 0.13523746994959526 IFSpear: -0.13523746994959526 error: 0.11738113999823385
id: 1 itt: 6000 Cost: 1.336725324966133 Pearson: 0.6974971845165538 Spearmen: 0.18805173454459861 IFSpear: -0.18805173454459861 error: 0.10736836184462721
id: 1 itt: 7000 Cost: 1.3126561962746635 Pearson: 0.7015177372135325 Spearmen: 0.2914962253287957 IFSpear: -0.2914962253287957 error: 0.10543508290514421
id: 1 itt: 8000 Cost: 1.3053369492298736 Pearson: 0.7033503903947966 Spearmen: 0.40444446351558105 IFSpear: -0.40444446351558105 error: 0.10484718683520543
id: 1 itt: 9000 Cost: 1.3024269154945705 Pearson: 0.7043781990003477 Spearmen: 0.5323560768691613 IFSpear: -0.5323560768691613 error: 0.10461344730081006
id: 1 itt: 10000 Cost: 1.3017327074591012 Pearson: 0.704519523060755 Spearmen: 0.5485718105726203 IFSpear: -0.5485718105726203 error: 0.10455768716957321
id: 1 itt: 11000 Cost: 1.3007759927239888 Pearson: 0.7049751885397189 Spearmen: 0.5932728670792334 IFSpear: -0.5932728670792334 error: 0.1044808419928244
id: 1 itt: 12000 Cost: 1.300253636933387 Pearson: 0.7050436587047607 Spearmen: 0.6108646251293716 IFSpear: -0.6108646251293716 error: 0.10443888536606685
id: 1 itt: 13000 Cost: 1.2996675735451195 Pearson: 0.7052364050127244 Spearmen: 0.617625407192082 IFSpear: -0.617625407192082 error: 0.104391811621925
id: 1 itt: 14000 Cost: 1.2989642180445067 Pearson: 0.7053550806514552 Spearmen: 0.6483388722612836 IFSpear: -0.6483388722612836 error: 0.10433531674860679
id: 1 itt: 15000 Cost: 1.298650023967748 Pearson: 0.7054376901809171 Spearmen: 0.6718397896315967 IFSpear: -0.6718397896315967 error: 0.10431008007305888
id: 1 itt: 16000 Cost: 1.2983401752400723 Pearson: 0.7055088616675886 Spearmen: 0.6931220205325115 IFSpear: -0.6931220205325115 error: 0.10428519242434836
id: 1 itt: 17000 Cost: 1.2980480507105665 Pearson: 0.7055395479440794 Spearmen: 0.705805809749782 IFSpear: -0.705805809749782 error: 0.1042617284174938
id: 1 itt: 18000 Cost: 1.2977963522184897 Pearson: 0.7056688002343326 Spearmen: 0.7118930818819127 IFSpear: -0.7118930818819127 error: 0.10424151150810464
id: 1 itt: 19000 Cost: 1.2976256479325696 Pearson: 0.705753949072293 Spearmen: 0.7287073098433092 IFSpear: -0.7287073098433092 error: 0.10422780020990688
id: 1 itt: 20000 Cost: 1.2974895254201624 Pearson: 0.7057416189226476 Spearmen: 0.737164294643599 IFSpear: -0.737164294643599 error: 0.10421686658660045
id: 1 itt: 21000 Cost: 1.2974334977594537 Pearson: 0.7057640121879427 Spearmen: 0.7400681627517876 IFSpear: -0.7400681627517876 error: 0.10421236633659701
id: 1 itt: 22000 Cost: 1.2973488726748716 Pearson: 0.7057945645563252 Spearmen: 0.7433580430294742 IFSpear: -0.7433580430294742 error: 0.10420556908623238
id: 1 itt: 23000 Cost: 1.2972494929431495 Pearson: 0.7058392514638787 Spearmen: 0.7565775155049059 IFSpear: -0.7565775155049059 error: 0.10419758671409034
id: 1 itt: 24000 Cost: 1.2971881612302836 Pearson: 0.7058582247826691 Spearmen: 0.7609709637253471 IFSpear: -0.7609709637253471 error: 0.1041926604323655
id: 1 itt: 25000 Cost: 1.2971216695601653 Pearson: 0.7058892544654394 Spearmen: 0.7762965703624243 IFSpear: -0.7762965703624243 error: 0.10418731969290047
id: 1 itt: 26000 Cost: 1.297075800983336 Pearson: 0.7059140217514335 Spearmen: 0.7754187759788219 IFSpear: -0.7754187759788219 error: 0.10418363544015065
id: 1 itt: 27000 Cost: 1.2970341587757448 Pearson: 0.7058784964678947 Spearmen: 0.7803590818500682 IFSpear: -0.7803590818500682 error: 0.1041802906575471
id: 1 itt: 28000 Cost: 1.2970115570748513 Pearson: 0.7058728292583385 Spearmen: 0.7865659700718534 IFSpear: -0.7865659700718534 error: 0.10417847524524472
id: 1 itt: 29000 Cost: 1.2969869232424254 Pearson: 0.7058970317225535 Spearmen: 0.7898633746826708 IFSpear: -0.7898633746826708 error: 0.10417649660820978
id: 1 itt: 0 Cost: 143.37973511336762 Pearson: 0.005234115674251337 Spearmen: 0.0002537094789996637 IFSpear: -0.0002537094789996637 error: 11.51653746159772
id: 1 itt: 1000 Cost: 51.31921463850021 Pearson: 0.00806485288481143 Spearmen: -0.011771977145934793 IFSpear: 0.011771977145934793 error: 4.122058514173944
id: 1 itt: 2000 Cost: 13.371274062207073 Pearson: 0.23174421741156237 Spearmen: 0.04954178298597384 IFSpear: -0.04954178298597384 error: 1.0740065778817356
id: 1 itt: 3000 Cost: 3.0196586505627745 Pearson: 0.7722761811058574 Spearmen: 0.17376770938172306 IFSpear: -0.17376770938172306 error: 0.2425448194819657
id: 1 itt: 4000 Cost: 1.7786916474956613 Pearson: 0.8953243035632727 Spearmen: 0.6886163259702799 IFSpear: -0.6886163259702799 error: 0.1428679511425945
id: 1 itt: 5000 Cost: 1.575807078091242 Pearson: 0.9187050544336547 Spearmen: 0.8663725700903927 IFSpear: -0.8663725700903927 error: 0.12657187037442552
id: 1 itt: 6000 Cost: 1.5057040750907025 Pearson: 0.9254730296783347 Spearmen: 0.9063977888042927 IFSpear: -0.9063977888042927 error: 0.12094106167201117
id: 1 itt: 7000 Cost: 1.4731845507290027 Pearson: 0.9285855145807769 Spearmen: 0.9287374624056328 IFSpear: -0.9287374624056328 error: 0.11832903061860787
id: 1 itt: 8000 Cost: 1.458370178861327 Pearson: 0.9300199255962714 Spearmen: 0.9398048373432275 IFSpear: -0.9398048373432275 error: 0.11713911163564122
id: 1 itt: 9000 Cost: 1.4493217095597462 Pearson: 0.930929764303416 Spearmen: 0.9467602869337904 IFSpear: -0.9467602869337904 error: 0.11641232109164017
id: 1 itt: 10000 Cost: 1.4440718492513125 Pearson: 0.9315180948340067 Spearmen: 0.9512615512540095 IFSpear: -0.9512615512540095 error: 0.11599064216426297
id: 1 itt: 11000 Cost: 1.4405740289503886 Pearson: 0.931766037856359 Spearmen: 0.9531971762746718 IFSpear: -0.9531971762746718 error: 0.11570969047679
id: 1 itt: 12000 Cost: 1.4380950892320132 Pearson: 0.931980545945255 Spearmen: 0.9547191321166175 IFSpear: -0.9547191321166175 error: 0.11551057724709168
id: 1 itt: 13000 Cost: 1.4366081916041924 Pearson: 0.932149088289897 Spearmen: 0.9566772784188463 IFSpear: -0.9566772784188463 error: 0.1153911467556152
id: 1 itt: 14000 Cost: 1.43517410979165 Pearson: 0.9323146334403676 Spearmen: 0.9583902284748148 IFSpear: -0.9583902284748148 error: 0.11527595853250903
id: 1 itt: 15000 Cost: 1.4339736771608802 Pearson: 0.9324243430586782 Spearmen: 0.9587648323285607 IFSpear: -0.9587648323285607 error: 0.11517953746330106
id: 1 itt: 16000 Cost: 1.432964541670108 Pearson: 0.9324630258207032 Spearmen: 0.9590441773111634 IFSpear: -0.9590441773111634 error: 0.11509848175013411
id: 1 itt: 17000 Cost: 1.4321908750359442 Pearson: 0.9325573092959777 Spearmen: 0.9595074256140858 IFSpear: -0.9595074256140858 error: 0.11503633935066539
id: 1 itt: 18000 Cost: 1.4317314623322839 Pearson: 0.932595440853561 Spearmen: 0.959521740955878 IFSpear: -0.959521740955878 error: 0.11499943843431303
id: 1 itt: 19000 Cost: 1.431368188985099 Pearson: 0.9326232673054557 Spearmen: 0.9597894975950018 IFSpear: -0.9597894975950018 error: 0.11497025961689965
id: 1 itt: 20000 Cost: 1.431022116859359 Pearson: 0.9326897864670636 Spearmen: 0.960016768373572 IFSpear: -0.960016768373572 error: 0.11494246243484077
id: 1 itt: 21000 Cost: 1.4307096334747624 Pearson: 0.9326692297494404 Spearmen: 0.9599475861321954 IFSpear: -0.9599475861321954 error: 0.11491736316539387
id: 1 itt: 22000 Cost: 1.430521038384739 Pearson: 0.9326930952716581 Spearmen: 0.9601336342529478 IFSpear: -0.9601336342529478 error: 0.1149022148432296
id: 1 itt: 23000 Cost: 1.4303185418221191 Pearson: 0.9327292383047019 Spearmen: 0.9604956419008736 IFSpear: -0.9604956419008736 error: 0.11488594992791634
id: 1 itt: 24000 Cost: 1.4301561727060816 Pearson: 0.9327303593660274 Spearmen: 0.9601860667372143 IFSpear: -0.9601860667372143 error: 0.11487290812667451
id: 1 itt: 25000 Cost: 1.4300532447169103 Pearson: 0.9327489394732883 Spearmen: 0.9601409793841996 IFSpear: -0.9601409793841996 error: 0.11486464075163576
id: 1 itt: 26000 Cost: 1.4299913911700879 Pearson: 0.932751694171666 Spearmen: 0.960313022872452 IFSpear: -0.960313022872452 error: 0.11485967255519887
id: 1 itt: 27000 Cost: 1.4299017961681422 Pearson: 0.9327643163719397 Spearmen: 0.960419002756473 IFSpear: -0.960419002756473 error: 0.11485247611146529
id: 1 itt: 28000 Cost: 1.4298121638558086 Pearson: 0.9327697533134809 Spearmen: 0.9606688231318901 IFSpear: -0.9606688231318901 error: 0.11484527667088923
id: 1 itt: 29000 Cost: 1.4297557151751243 Pearson: 0.9327784952341203 Spearmen: 0.9608237519724878 IFSpear: -0.9608237519724878 error: 0.11484074260374758
id: 1 itt: 0 Cost: 133.66959390945593 Pearson: 0.004853627441772947 Spearmen: 0.0002537094789996637 IFSpear: -0.0002537094789996637 error: 10.736600151462273
id: 1 itt: 1000 Cost: 39.080762782031634 Pearson: 0.0655973701553065 Spearmen: 0.0551594273221639 IFSpear: -0.0551594273221639 error: 3.1390424054781203
id: 1 itt: 2000 Cost: 6.442078529354038 Pearson: 0.5864115544200609 Spearmen: 0.22638404805289758 IFSpear: -0.22638404805289758 error: 0.5174401993084947
id: 1 itt: 3000 Cost: 4.220060672648996 Pearson: 0.8072045048732912 Spearmen: 0.6678829884698928 IFSpear: -0.6678829884698928 error: 0.3389634301412955
id: 1 itt: 4000 Cost: 3.7166502204260676 Pearson: 0.8578827552581929 Spearmen: 0.7913656352372023 IFSpear: -0.7913656352372023 error: 0.29852852958159504
id: 1 itt: 5000 Cost: 3.3469132232696044 Pearson: 0.8911143300776823 Spearmen: 0.8405888147131356 IFSpear: -0.8405888147131356 error: 0.2688305393089511
id: 1 itt: 6000 Cost: 3.2455290173462736 Pearson: 0.8988992544256352 Spearmen: 0.8629965773876856 IFSpear: -0.8629965773876856 error: 0.260687163924646
id: 1 itt: 7000 Cost: 3.1886520432517784 Pearson: 0.9030088734985207 Spearmen: 0.8741184756722469 IFSpear: -0.8741184756722469 error: 0.2561186954284275
id: 1 itt: 8000 Cost: 3.1539678031287304 Pearson: 0.9060207519609469 Spearmen: 0.8790281670821187 IFSpear: -0.8790281670821187 error: 0.2533327902209147
id: 1 itt: 9000 Cost: 3.11434724879891 Pearson: 0.9080300452870639 Spearmen: 0.8816572025439134 IFSpear: -0.8816572025439134 error: 0.25015039071496037
id: 1 itt: 10000 Cost: 3.0601189388618266 Pearson: 0.9118909809217569 Spearmen: 0.8901322550482674 IFSpear: -0.8901322550482674 error: 0.2457946680434423
id: 1 itt: 11000 Cost: 3.0080822726265732 Pearson: 0.9161784388329879 Spearmen: 0.9047725708334983 IFSpear: -0.9047725708334983 error: 0.241614982430262
id: 1 itt: 12000 Cost: 2.9864564277510013 Pearson: 0.9177611837850148 Spearmen: 0.9081097588191035 IFSpear: -0.9081097588191035 error: 0.23987795276947133
id: 1 itt: 13000 Cost: 2.971599809090899 Pearson: 0.9185668777265349 Spearmen: 0.9097980845372007 IFSpear: -0.9097980845372007 error: 0.23868464044247856
id: 1 itt: 14000 Cost: 2.9650529617178454 Pearson: 0.9192067707998384 Spearmen: 0.9113241489217404 IFSpear: -0.9113241489217404 error: 0.23815878500713744
id: 1 itt: 15000 Cost: 2.9597571432117915 Pearson: 0.9193059780657336 Spearmen: 0.9119905697161903 IFSpear: -0.9119905697161903 error: 0.23773341462849523
id: 1 itt: 16000 Cost: 2.9567902190278557 Pearson: 0.919521898123391 Spearmen: 0.9117579263187492 IFSpear: -0.9117579263187492 error: 0.2374951055433027
id: 1 itt: 17000 Cost: 2.9542935765303975 Pearson: 0.9197284142082593 Spearmen: 0.9120035990790969 IFSpear: -0.9120035990790969 error: 0.2372945703921709
id: 1 itt: 18000 Cost: 2.952018246343595 Pearson: 0.9199674651451584 Spearmen: 0.9126067578727282 IFSpear: -0.9126067578727282 error: 0.23711181147360338
id: 1 itt: 19000 Cost: 2.9505945509074123 Pearson: 0.9198916620742391 Spearmen: 0.9127911511571584 IFSpear: -0.9127911511571584 error: 0.2369974575043222
id: 1 itt: 20000 Cost: 2.949676860700465 Pearson: 0.9201889312959948 Spearmen: 0.9130180090754358 IFSpear: -0.9130180090754358 error: 0.2369237468531057
id: 1 itt: 21000 Cost: 2.949023145150189 Pearson: 0.9202211915327456 Spearmen: 0.9131174504978268 IFSpear: -0.9131174504978268 error: 0.23687123915654715
id: 1 itt: 22000 Cost: 2.9484808327550267 Pearson: 0.9199430015402247 Spearmen: 0.9128957750170027 IFSpear: -0.9128957750170027 error: 0.23682767957673734
id: 1 itt: 23000 Cost: 2.9481197806635384 Pearson: 0.9200953977152304 Spearmen: 0.9128210875870334 IFSpear: -0.9128210875870334 error: 0.23679867917487493
id: 1 itt: 24000 Cost: 2.9477859457241893 Pearson: 0.9201735833032022 Spearmen: 0.9130995513372664 IFSpear: -0.9130995513372664 error: 0.23677186490728014
id: 1 itt: 25000 Cost: 2.947581548199086 Pearson: 0.9203464477972143 Spearmen: 0.9130552369988172 IFSpear: -0.9130552369988172 error: 0.23675544730298587
id: 1 itt: 26000 Cost: 2.9473898986618416 Pearson: 0.9201767831504915 Spearmen: 0.9130027542825445 IFSpear: -0.9130027542825445 error: 0.23674005364171685
id: 1 itt: 27000 Cost: 2.9472578668788665 Pearson: 0.9203300058500973 Spearmen: 0.9133943777761739 IFSpear: -0.9133943777761739 error: 0.23672944859370534
id: 1 itt: 28000 Cost: 2.9471365708086914 Pearson: 0.9202593167705448 Spearmen: 0.9131189083941921 IFSpear: -0.9131189083941921 error: 0.2367197058588969
id: 1 itt: 29000 Cost: 2.9470316148535862 Pearson: 0.9202878170084092 Spearmen: 0.913463613764703 IFSpear: -0.913463613764703 error: 0.23671127559371452
id: 1 itt: 0 Cost: 146.4956003189834 Pearson: 0.0061669023974202635 Spearmen: 0.0002537094789996637 IFSpear: -0.0002537094789996637 error: 11.766809777538256
id: 1 itt: 1000 Cost: 46.909145583068266 Pearson: 0.08990350850974449 Spearmen: 0.03011008099562795 IFSpear: -0.03011008099562795 error: 3.767833243462171
id: 1 itt: 2000 Cost: 14.620998868530304 Pearson: 0.18409394083571817 Spearmen: 0.09985075062849466 IFSpear: -0.09985075062849466 error: 1.1743868899065106
id: 1 itt: 3000 Cost: 4.5628779909533685 Pearson: 0.5226810205620994 Spearmen: 0.06698038261521323 IFSpear: -0.06698038261521323 error: 0.36649917977575475
id: 1 itt: 4000 Cost: 1.947697499770136 Pearson: 0.7419520327765136 Spearmen: 0.1088077904233826 IFSpear: -0.1088077904233826 error: 0.15644282786704436
id: 1 itt: 5000 Cost: 1.4699037365032335 Pearson: 0.7959057914167005 Spearmen: 0.25571388003995443 IFSpear: -0.25571388003995443 error: 0.11806550927854027
id: 1 itt: 6000 Cost: 1.4011081529807812 Pearson: 0.8082481905499983 Spearmen: 0.4977363372638105 IFSpear: -0.4977363372638105 error: 0.11253971503570427
id: 1 itt: 7000 Cost: 1.3863972609978672 Pearson: 0.8118963872591921 Spearmen: 0.7178802390917273 IFSpear: -0.7178802390917273 error: 0.11135810775709695
id: 1 itt: 8000 Cost: 1.38214691397225 Pearson: 0.8129620908258868 Spearmen: 0.786416791470724 IFSpear: -0.786416791470724 error: 0.11101671166854504
id: 1 itt: 9000 Cost: 1.3805057246559993 Pearson: 0.8134404016003653 Spearmen: 0.814828718561377 IFSpear: -0.814828718561377 error: 0.11088488817042495
id: 1 itt: 10000 Cost: 1.3799349647303638 Pearson: 0.8136413782845682 Spearmen: 0.8216555540499233 IFSpear: -0.8216555540499233 error: 0.11083904362998163
id: 1 itt: 11000 Cost: 1.3794659092981842 Pearson: 0.8137503680641441 Spearmen: 0.8332487260906498 IFSpear: -0.8332487260906498 error: 0.11080136819103628
id: 1 itt: 12000 Cost: 1.3792125003590192 Pearson: 0.8137949781993381 Spearmen: 0.8378507992181354 IFSpear: -0.8378507992181354 error: 0.1107810138952309
id: 1 itt: 13000 Cost: 1.3788542912550021 Pearson: 0.8138725198043442 Spearmen: 0.8442682380613129 IFSpear: -0.8442682380613129 error: 0.11075224184761735
id: 1 itt: 14000 Cost: 1.3785544192745487 Pearson: 0.8139573611845993 Spearmen: 0.8508594652958674 IFSpear: -0.8508594652958674 error: 0.1107281555505277
id: 1 itt: 15000 Cost: 1.3783893946216206 Pearson: 0.8140113428841378 Spearmen: 0.853777522998193 IFSpear: -0.853777522998193 error: 0.11071490045142997
id: 1 itt: 16000 Cost: 1.3782357057079653 Pearson: 0.8140570294762922 Spearmen: 0.8586095767256372 IFSpear: -0.8586095767256372 error: 0.11070255586082138
id: 1 itt: 17000 Cost: 1.3780373403785982 Pearson: 0.8140611429469378 Spearmen: 0.8614346261575109 IFSpear: -0.8614346261575109 error: 0.1106866227741482
id: 1 itt: 18000 Cost: 1.3777796833816394 Pearson: 0.8141793063962709 Spearmen: 0.8683605069933321 IFSpear: -0.8683605069933321 error: 0.11066592726612978
id: 1 itt: 19000 Cost: 1.3775643142980007 Pearson: 0.8142550892890621 Spearmen: 0.8738625500064034 IFSpear: -0.8738625500064034 error: 0.11064862840504712
id: 1 itt: 20000 Cost: 1.377365303802698 Pearson: 0.8143016443981084 Spearmen: 0.8763119552953181 IFSpear: -0.8763119552953181 error: 0.11063264349739896
id: 1 itt: 21000 Cost: 1.3770925086591672 Pearson: 0.8143980728077251 Spearmen: 0.8804447074786705 IFSpear: -0.8804447074786705 error: 0.11061073206418749
id: 1 itt: 22000 Cost: 1.3769758777263272 Pearson: 0.8144205362461586 Spearmen: 0.882806968992976 IFSpear: -0.882806968992976 error: 0.110601364042227
id: 1 itt: 23000 Cost: 1.3768464759087886 Pearson: 0.814461559341036 Spearmen: 0.8864010652266521 IFSpear: -0.8864010652266521 error: 0.11059097023812278
id: 1 itt: 24000 Cost: 1.3765623333848862 Pearson: 0.8145948095734723 Spearmen: 0.8893028190272437 IFSpear: -0.8893028190272437 error: 0.11056814736138663
id: 1 itt: 25000 Cost: 1.37631324261109 Pearson: 0.8146660060485471 Spearmen: 0.8936391407019069 IFSpear: -0.8936391407019069 error: 0.11054813990897018
id: 1 itt: 26000 Cost: 1.3761264285554031 Pearson: 0.8147700644649079 Spearmen: 0.8968217831390383 IFSpear: -0.8968217831390383 error: 0.11053313464292634
id: 1 itt: 27000 Cost: 1.3759788387436127 Pearson: 0.8148028446828322 Spearmen: 0.898243869684814 IFSpear: -0.898243869684814 error: 0.11052127994396843
id: 1 itt: 28000 Cost: 1.3757833489187048 Pearson: 0.8148658637839868 Spearmen: 0.9022236632635744 IFSpear: -0.9022236632635744 error: 0.11050557782337145
id: 1 itt: 29000 Cost: 1.375604075165671 Pearson: 0.814906746543025 Spearmen: 0.9036758884201382 IFSpear: -0.9036758884201382 error: 0.11049117820901129
id: 1 itt: 0 Cost: 147.1499386227006 Pearson: 0.012512133161646202 Spearmen: 0.0002537094789996637 IFSpear: -0.0002537094789996637 error: 11.819367494856948
id: 1 itt: 1000 Cost: 47.32275674322987 Pearson: -0.012777165692186631 Spearmen: -0.010422189809339375 IFSpear: 0.010422189809339375 error: 3.8010552913113296
id: 1 itt: 2000 Cost: 13.369179152155906 Pearson: -0.009537608279854535 Spearmen: -0.04773178398116589 IFSpear: 0.04773178398116589 error: 1.0738383106571947
id: 1 itt: 3000 Cost: 4.347096171831396 Pearson: 0.02695629309276342 Spearmen: 0.013602215294119816 IFSpear: -0.013602215294119816 error: 0.3491671669813035
id: 1 itt: 4000 Cost: 1.948150651383822 Pearson: 0.04504822479155691 Spearmen: 0.011230398295591292 IFSpear: -0.011230398295591292 error: 0.15647922588054797
id: 1 itt: 5000 Cost: 1.3249930788449085 Pearson: 0.16792539401840806 Spearmen: 0.10207525278755172 IFSpear: -0.10207525278755172 error: 0.10642600515902631
id: 1 itt: 6000 Cost: 1.1492070449345828 Pearson: 0.24347214003391848 Spearmen: -0.00395511921358008 IFSpear: 0.00395511921358008 error: 0.09230653114023794
id: 1 itt: 7000 Cost: 1.1037722835335906 Pearson: 0.269270688946838 Spearmen: 0.05179857890052291 IFSpear: -0.05179857890052291 error: 0.08865712328410294
id: 1 itt: 8000 Cost: 1.0889829576857157 Pearson: 0.27886685127766164 Spearmen: 0.06050760512286942 IFSpear: -0.06050760512286942 error: 0.08746921604585788
id: 1 itt: 9000 Cost: 1.0824048832830893 Pearson: 0.28290217105117504 Spearmen: 0.09377127342165016 IFSpear: -0.09377127342165016 error: 0.08694085239514306
id: 1 itt: 10000 Cost: 1.0798557535910203 Pearson: 0.2838566047511346 Spearmen: 0.10666464179173636 IFSpear: -0.10666464179173636 error: 0.08673610137108816
id: 1 itt: 11000 Cost: 1.0780468850363087 Pearson: 0.2840545722694498 Spearmen: 0.07514681247233983 IFSpear: -0.07514681247233983 error: 0.08659080955242933
id: 1 itt: 12000 Cost: 1.0768439185495597 Pearson: 0.284054614692848 Spearmen: 0.0819083253219792 IFSpear: -0.0819083253219792 error: 0.08649418495901146
id: 1 itt: 13000 Cost: 1.0752137840046494 Pearson: 0.284280062921556 Spearmen: 0.0970797499176556 IFSpear: -0.0970797499176556 error: 0.08636324940149309
id: 1 itt: 14000 Cost: 1.0738792214429445 Pearson: 0.28523002919507046 Spearmen: 0.15201712763589784 IFSpear: -0.15201712763589784 error: 0.08625605475697398
id: 1 itt: 15000 Cost: 1.0732376098344238 Pearson: 0.2853412512854063 Spearmen: 0.16037241377456093 IFSpear: -0.16037241377456093 error: 0.08620451927241278
id: 1 itt: 16000 Cost: 1.0724799023349478 Pearson: 0.28548127627708997 Spearmen: 0.13433871756459737 IFSpear: -0.13433871756459737 error: 0.08614365874148942
id: 1 itt: 17000 Cost: 1.07185197086524 Pearson: 0.28504746002245995 Spearmen: 0.12366639156370432 IFSpear: -0.12366639156370432 error: 0.08609322207211989
id: 1 itt: 18000 Cost: 1.0713504397967863 Pearson: 0.2850530593471595 Spearmen: 0.14523530322945463 IFSpear: -0.14523530322945463 error: 0.08605293812729718
id: 1 itt: 19000 Cost: 1.070932880287223 Pearson: 0.28519469619755766 Spearmen: 0.14858205294255014 IFSpear: -0.14858205294255014 error: 0.08601939894039234
id: 1 itt: 20000 Cost: 1.07058748620867 Pearson: 0.28537249419214866 Spearmen: 0.14382406193721683 IFSpear: -0.14382406193721683 error: 0.0859916562203941
id: 1 itt: 21000 Cost: 1.0703453496760855 Pearson: 0.2854570224673621 Spearmen: 0.1291558413849465 IFSpear: -0.1291558413849465 error: 0.08597220734607358
id: 1 itt: 22000 Cost: 1.0701798362786143 Pearson: 0.28544113284837114 Spearmen: 0.14873875882727453 IFSpear: -0.14873875882727453 error: 0.08595891299006948
id: 1 itt: 23000 Cost: 1.0700307173252148 Pearson: 0.28533029068678484 Spearmen: 0.14232172485413735 IFSpear: -0.14232172485413735 error: 0.08594693546750186
id: 1 itt: 24000 Cost: 1.0698637794595485 Pearson: 0.28538375742097455 Spearmen: 0.15815359455897762 IFSpear: -0.15815359455897762 error: 0.08593352669545896
id: 1 itt: 25000 Cost: 1.0697009806944822 Pearson: 0.2854018595029192 Spearmen: 0.17550885249261297 IFSpear: -0.17550885249261297 error: 0.0859204503839767
id: 1 itt: 26000 Cost: 1.0695810143105708 Pearson: 0.2852060573802639 Spearmen: 0.14681525773346057 IFSpear: -0.14681525773346057 error: 0.08591081445213908
id: 1 itt: 27000 Cost: 1.069507676809682 Pearson: 0.2853065189912285 Spearmen: 0.15458468873231992 IFSpear: -0.15458468873231992 error: 0.08590492384231434
id: 1 itt: 28000 Cost: 1.0694662990577775 Pearson: 0.28523070772583314 Spearmen: 0.13164011146951643 IFSpear: -0.13164011146951643 error: 0.08590160030130271
id: 1 itt: 29000 Cost: 1.0693904788370134 Pearson: 0.285258525590224 Spearmen: 0.12463009656198648 IFSpear: -0.12463009656198648 error: 0.0858955102746188
id: 1 itt: 0 Cost: 147.08374471945143 Pearson: 0.009401618478843285 Spearmen: 0.0002537094789996637 IFSpear: -0.0002537094789996637 error: 11.814050672602425
id: 1 itt: 1000 Cost: 50.27035738798574 Pearson: -0.0031950591011274494 Spearmen: -0.043708823198090094 IFSpear: 0.043708823198090094 error: 4.0378122724866685
id: 1 itt: 2000 Cost: 15.328734742245278 Pearson: 0.012670075400832741 Spearmen: -0.03735749712884194 IFSpear: 0.03735749712884194 error: 1.231233603259067
id: 1 itt: 3000 Cost: 5.0325488892303305 Pearson: 0.05388202023908728 Spearmen: 0.00012923390419891583 IFSpear: -0.00012923390419891583 error: 0.40422405414766027
id: 1 itt: 4000 Cost: 2.1904990616808355 Pearson: 0.2923090127011517 Spearmen: 0.00710910820690688 IFSpear: -0.00710910820690688 error: 0.17594511862848342
id: 1 itt: 5000 Cost: 1.4428900147703003 Pearson: 0.47093862802722697 Spearmen: 0.012420987713389998 IFSpear: -0.012420987713389998 error: 0.11589571493439173
id: 1 itt: 6000 Cost: 1.2667757032126439 Pearson: 0.5156623912194506 Spearmen: 0.04372636881468799 IFSpear: -0.04372636881468799 error: 0.1017498730204451
id: 1 itt: 7000 Cost: 1.2210230576465315 Pearson: 0.524308053796402 Spearmen: 0.11358567509955589 IFSpear: -0.11358567509955589 error: 0.09807493209373241
id: 1 itt: 8000 Cost: 1.2066791084661945 Pearson: 0.527455543014935 Spearmen: 0.163450812457047 IFSpear: -0.163450812457047 error: 0.09692279837028824
id: 1 itt: 9000 Cost: 1.2010048498625125 Pearson: 0.5304761795758942 Spearmen: 0.19218408267669992 IFSpear: -0.19218408267669992 error: 0.09646703095152137
id: 1 itt: 10000 Cost: 1.198604736375364 Pearson: 0.5306260087059846 Spearmen: 0.17522239556425087 IFSpear: -0.17522239556425087 error: 0.09627424919707764
id: 1 itt: 11000 Cost: 1.1969919017433457 Pearson: 0.5310926513346446 Spearmen: 0.19065252421368878 IFSpear: -0.19065252421368878 error: 0.09614470320200158
id: 1 itt: 12000 Cost: 1.195078977251812 Pearson: 0.5311708236798633 Spearmen: 0.19179954728865561 IFSpear: -0.19179954728865561 error: 0.09599105340936852
id: 1 itt: 13000 Cost: 1.1939766566819616 Pearson: 0.531207007469595 Spearmen: 0.18741899498614223 IFSpear: -0.18741899498614223 error: 0.09590251289053345
id: 1 itt: 14000 Cost: 1.193188664110238 Pearson: 0.5313543193736938 Spearmen: 0.2039431275956451 IFSpear: -0.2039431275956451 error: 0.09583921980406944
id: 1 itt: 15000 Cost: 1.1922861383818086 Pearson: 0.5314040946572529 Spearmen: 0.2233024234366 IFSpear: -0.2233024234366 error: 0.09576672719307881
id: 1 itt: 16000 Cost: 1.1917642757085394 Pearson: 0.5316051531191559 Spearmen: 0.241660179989615 IFSpear: -0.241660179989615 error: 0.09572481017445857
id: 1 itt: 17000 Cost: 1.1914050577855557 Pearson: 0.5317624748334882 Spearmen: 0.24690890357082051 IFSpear: -0.24690890357082051 error: 0.09569595709655569
id: 1 itt: 18000 Cost: 1.1910377641046115 Pearson: 0.5318169475955736 Spearmen: 0.253740444894501 IFSpear: -0.253740444894501 error: 0.09566645535816388
id: 1 itt: 19000 Cost: 1.190734289772256 Pearson: 0.5319565290818503 Spearmen: 0.29265960479270187 IFSpear: -0.29265960479270187 error: 0.0956420797132065
id: 1 itt: 20000 Cost: 1.190395313796085 Pearson: 0.5320800866365066 Spearmen: 0.34916398487585615 IFSpear: -0.34916398487585615 error: 0.09561485250759709
id: 1 itt: 21000 Cost: 1.1903399300108546 Pearson: 0.5320275833925323 Spearmen: 0.3429533708212724 IFSpear: -0.3429533708212724 error: 0.09561040397491662
id: 1 itt: 22000 Cost: 1.1901879707326601 Pearson: 0.532004221526933 Spearmen: 0.36381864994380575 IFSpear: -0.36381864994380575 error: 0.09559819831197142
id: 1 itt: 23000 Cost: 1.190082473581394 Pearson: 0.531974978495677 Spearmen: 0.3503483491035624 IFSpear: -0.3503483491035624 error: 0.0955897245768673
id: 1 itt: 24000 Cost: 1.1899915037022235 Pearson: 0.5320144581296925 Spearmen: 0.3685077638831698 IFSpear: -0.3685077638831698 error: 0.09558241770033754
id: 1 itt: 25000 Cost: 1.189929482880742 Pearson: 0.5319531834581153 Spearmen: 0.3844756259504741 IFSpear: -0.3844756259504741 error: 0.09557743606807673
id: 1 itt: 26000 Cost: 1.1898691789722466 Pearson: 0.531970768820653 Spearmen: 0.39913474305363783 IFSpear: -0.39913474305363783 error: 0.09557259234158554
id: 1 itt: 27000 Cost: 1.1898104165318233 Pearson: 0.5319877935078767 Spearmen: 0.40956219910984887 IFSpear: -0.40956219910984887 error: 0.09556787242878938
id: 1 itt: 28000 Cost: 1.1897697778233827 Pearson: 0.5319491993921877 Spearmen: 0.43796668179107034 IFSpear: -0.43796668179107034 error: 0.09556460824917727
id: 1 itt: 29000 Cost: 1.1897298098898448 Pearson: 0.5319927616482365 Spearmen: 0.45253635489748967 IFSpear: -0.45253635489748967 error: 0.09556139794750187
id: 1 itt: 0 Cost: 147.13116558077195 Pearson: 0.011257955960717485 Spearmen: 0.0002537094789996637 IFSpear: -0.0002537094789996637 error: 11.817859607843008
id: 1 itt: 1000 Cost: 47.792047701346554 Pearson: 0.007577656262252483 Spearmen: -0.010968435235290803 IFSpear: 0.010968435235290803 error: 3.8387496481551797
id: 1 itt: 2000 Cost: 14.043097860247853 Pearson: 0.006129698586476129 Spearmen: 0.018885143010515696 IFSpear: -0.018885143010515696 error: 1.1279687639020397
id: 1 itt: 3000 Cost: 4.6628832659550215 Pearson: 0.03272019875977391 Spearmen: -0.004622379958605613 IFSpear: 0.004622379958605613 error: 0.37453179676310844
id: 1 itt: 4000 Cost: 2.0866677736434656 Pearson: 0.14203027724644116 Spearmen: 0.05802787489570454 IFSpear: -0.05802787489570454 error: 0.16760518887883757
id: 1 itt: 5000 Cost: 1.3763514053638324 Pearson: 0.30917011290147967 Spearmen: 0.029669117185401776 IFSpear: -0.029669117185401776 error: 0.11055120521503486
id: 1 itt: 6000 Cost: 1.196928986863584 Pearson: 0.36015356102140955 Spearmen: 0.04194107381734387 IFSpear: -0.04194107381734387 error: 0.09613964975725157
id: 1 itt: 7000 Cost: 1.1491014219545939 Pearson: 0.3774392446875788 Spearmen: 0.09836890061248862 IFSpear: -0.09836890061248862 error: 0.0922980472983276
id: 1 itt: 8000 Cost: 1.133172374788953 Pearson: 0.38288027180284845 Spearmen: 0.08855116734223052 IFSpear: -0.08855116734223052 error: 0.09101859544088337
id: 1 itt: 9000 Cost: 1.1287634160004467 Pearson: 0.3837917329699391 Spearmen: 0.09841748466793329 IFSpear: -0.09841748466793329 error: 0.0906644593489571
id: 1 itt: 10000 Cost: 1.1259189125094797 Pearson: 0.38458471813528194 Spearmen: 0.08005773891970938 IFSpear: -0.08005773891970938 error: 0.09043598333044957
id: 1 itt: 11000 Cost: 1.1239400938340325 Pearson: 0.3851026141268977 Spearmen: 0.10438899719301013 IFSpear: -0.10438899719301013 error: 0.09027704078959832
id: 1 itt: 12000 Cost: 1.1226587986943133 Pearson: 0.3853337078570309 Spearmen: 0.12479737259063632 IFSpear: -0.12479737259063632 error: 0.09017412468737318
id: 1 itt: 13000 Cost: 1.120951594313137 Pearson: 0.38565154793093176 Spearmen: 0.10858217053541808 IFSpear: -0.10858217053541808 error: 0.0900369987316384
id: 1 itt: 14000 Cost: 1.1198640571986416 Pearson: 0.38584224967221037 Spearmen: 0.1398232570369491 IFSpear: -0.1398232570369491 error: 0.08994964564851224
id: 1 itt: 15000 Cost: 1.119037943668814 Pearson: 0.38613252461985226 Spearmen: 0.13742322325273196 IFSpear: -0.13742322325273196 error: 0.08988329061300972
id: 1 itt: 16000 Cost: 1.118427164759481 Pearson: 0.3862928578715249 Spearmen: 0.14253544871743842 IFSpear: -0.14253544871743842 error: 0.08983423167044349
id: 1 itt: 17000 Cost: 1.1179577019651048 Pearson: 0.3861680652781634 Spearmen: 0.1529436524546742 IFSpear: -0.1529436524546742 error: 0.08979652351137914
id: 1 itt: 18000 Cost: 1.1175075521116113 Pearson: 0.3862360323775139 Spearmen: 0.2048180593442825 IFSpear: -0.2048180593442825 error: 0.08976036660505626
id: 1 itt: 19000 Cost: 1.1171666146404569 Pearson: 0.3862636098099859 Spearmen: 0.18873987097800912 IFSpear: -0.18873987097800912 error: 0.08973298184837844
id: 1 itt: 20000 Cost: 1.1169763832633284 Pearson: 0.38631345223286245 Spearmen: 0.19826894633712802 IFSpear: -0.19826894633712802 error: 0.08971770209647109
id: 1 itt: 21000 Cost: 1.1166612414483386 Pearson: 0.3861864182729121 Spearmen: 0.21642518484318937 IFSpear: -0.21642518484318937 error: 0.08969238929675656
id: 1 itt: 22000 Cost: 1.116513711347537 Pearson: 0.3861794306567984 Spearmen: 0.2295979384471275 IFSpear: -0.2295979384471275 error: 0.0896805393939007
id: 1 itt: 23000 Cost: 1.1163098547209713 Pearson: 0.3860932321485865 Spearmen: 0.20648855208256658 IFSpear: -0.20648855208256658 error: 0.08966416523562246
id: 1 itt: 24000 Cost: 1.1161607125307684 Pearson: 0.3861771018579534 Spearmen: 0.19644692669289474 IFSpear: -0.19644692669289474 error: 0.08965218584662989
id: 1 itt: 25000 Cost: 1.1160060023033616 Pearson: 0.38615488113562213 Spearmen: 0.21072101800274576 IFSpear: -0.21072101800274576 error: 0.08963975922212668
id: 1 itt: 26000 Cost: 1.115915342175791 Pearson: 0.3862075705734442 Spearmen: 0.24180974295929356 IFSpear: -0.24180974295929356 error: 0.08963247722544412
id: 1 itt: 27000 Cost: 1.1158456622707915 Pearson: 0.3862549362134653 Spearmen: 0.25134977375202483 IFSpear: -0.25134977375202483 error: 0.08962688040079095
id: 1 itt: 28000 Cost: 1.115797093966585 Pearson: 0.3862300126937571 Spearmen: 0.24882518616335406 IFSpear: -0.24882518616335406 error: 0.08962297930071988
id: 1 itt: 29000 Cost: 1.1157339756054392 Pearson: 0.38617414149736917 Spearmen: 0.2651876200603561 IFSpear: -0.2651876200603561 error: 0.08961790951195178
id: 1 itt: 0 Cost: 147.14519161313964 Pearson: 0.01216138928017271 Spearmen: 0.0002537094789996637 IFSpear: -0.0002537094789996637 error: 11.818986205873562
id: 1 itt: 1000 Cost: 49.7365434432602 Pearson: 0.0015244106297118976 Spearmen: 0.02555243570417371 IFSpear: -0.02555243570417371 error: 3.994935304642544
id: 1 itt: 2000 Cost: 14.37972001308779 Pearson: -0.019143986225541695 Spearmen: 0.042594735159894696 IFSpear: -0.042594735159894696 error: 1.1550069058718206
id: 1 itt: 3000 Cost: 4.492160213623178 Pearson: -0.0002664020057439212 Spearmen: -0.03540466449266813 IFSpear: 0.03540466449266813 error: 0.3608189912108915
id: 1 itt: 4000 Cost: 1.9353596706467528 Pearson: 0.051088503454928755 Spearmen: 0.026633996939026044 IFSpear: -0.026633996939026044 error: 0.1554518295841846
id: 1 itt: 5000 Cost: 1.2963250116691896 Pearson: 0.22010606926027393 Spearmen: 0.03858838310456307 IFSpear: -0.03858838310456307 error: 0.10412333059124505
id: 1 itt: 6000 Cost: 1.1528127697563768 Pearson: 0.275293824094751 Spearmen: 0.07517402285327324 IFSpear: -0.07517402285327324 error: 0.0925961499273948
id: 1 itt: 7000 Cost: 1.1149171018595958 Pearson: 0.3019147496326006 Spearmen: 0.056658004977386364 IFSpear: -0.056658004977386364 error: 0.08955229663375835
id: 1 itt: 8000 Cost: 1.0989332864683852 Pearson: 0.30932778409967576 Spearmen: 0.10489386521706 IFSpear: -0.10489386521706 error: 0.0882684456865754
id: 1 itt: 9000 Cost: 1.0941589031443915 Pearson: 0.3110743025852759 Spearmen: 0.13725107040319406 IFSpear: -0.13725107040319406 error: 0.08788495798963324
id: 1 itt: 10000 Cost: 1.0914866839526318 Pearson: 0.31181312499573044 Spearmen: 0.14782844968923445 IFSpear: -0.14782844968923445 error: 0.08767032017904468
id: 1 itt: 11000 Cost: 1.089895514112142 Pearson: 0.3128888435756315 Spearmen: 0.19025566693888196 IFSpear: -0.19025566693888196 error: 0.08754251434189987
id: 1 itt: 12000 Cost: 1.0884000477363116 Pearson: 0.31315034045387824 Spearmen: 0.14410051872945823 IFSpear: -0.14410051872945823 error: 0.0874223955920208
id: 1 itt: 13000 Cost: 1.0870600856335302 Pearson: 0.31356901165103224 Spearmen: 0.14213132533864625 IFSpear: -0.14213132533864625 error: 0.08731476724592571
id: 1 itt: 14000 Cost: 1.086296437325357 Pearson: 0.3137673382743961 Spearmen: 0.1350268652528289 IFSpear: -0.1350268652528289 error: 0.08725342953776487
id: 1 itt: 15000 Cost: 1.0855379346988019 Pearson: 0.3139817909009518 Spearmen: 0.17019819343718187 IFSpear: -0.17019819343718187 error: 0.08719250514069762
id: 1 itt: 16000 Cost: 1.0849806789092427 Pearson: 0.3140007010226059 Spearmen: 0.15609032647783444 IFSpear: -0.15609032647783444 error: 0.08714774527856596
id: 1 itt: 17000 Cost: 1.0844777657399598 Pearson: 0.31433126560264946 Spearmen: 0.1671048096928194 IFSpear: -0.1671048096928194 error: 0.08710735032073319
id: 1 itt: 18000 Cost: 1.0840484422024426 Pearson: 0.31426950285165217 Spearmen: 0.17355794829184912 IFSpear: -0.17355794829184912 error: 0.08707286622436453
id: 1 itt: 19000 Cost: 1.0838225062162599 Pearson: 0.31418598176312595 Spearmen: 0.1527269516435662 IFSpear: -0.1527269516435662 error: 0.08705471860924487
id: 1 itt: 20000 Cost: 1.08352607358586 Pearson: 0.3143180156161467 Spearmen: 0.12254015569495944 IFSpear: -0.12254015569495944 error: 0.08703090856739941
id: 1 itt: 21000 Cost: 1.0833200912948924 Pearson: 0.3142327468962215 Spearmen: 0.15025816811155748 IFSpear: -0.15025816811155748 error: 0.08701436367164773
id: 1 itt: 22000 Cost: 1.0830349769441245 Pearson: 0.3142331006735523 Spearmen: 0.16150236691764064 IFSpear: -0.16150236691764064 error: 0.0869914627358993
id: 1 itt: 23000 Cost: 1.0828728692775478 Pearson: 0.3143499055110127 Spearmen: 0.17414452099443173 IFSpear: -0.17414452099443173 error: 0.08697844193478353
id: 1 itt: 24000 Cost: 1.0827644131880192 Pearson: 0.31427260321674466 Spearmen: 0.15514387637307644 IFSpear: -0.15514387637307644 error: 0.08696973053203887
id: 1 itt: 25000 Cost: 1.082668321003856 Pearson: 0.3142542173137177 Spearmen: 0.16296494557429525 IFSpear: -0.16296494557429525 error: 0.08696201222207123
id: 1 itt: 26000 Cost: 1.0825416626482807 Pearson: 0.3142630956690868 Spearmen: 0.185785924372488 IFSpear: -0.185785924372488 error: 0.08695183877813474
id: 1 itt: 27000 Cost: 1.0824590794779356 Pearson: 0.3141435080332393 Spearmen: 0.21390497930796865 IFSpear: -0.21390497930796865 error: 0.08694520553826841
id: 1 itt: 28000 Cost: 1.0823808297679576 Pearson: 0.31414872810556216 Spearmen: 0.2178538943270443 IFSpear: -0.2178538943270443 error: 0.08693892037031488
id: 1 itt: 29000 Cost: 1.0823333058364308 Pearson: 0.3140700192136295 Spearmen: 0.2185302639703591 IFSpear: -0.2185302639703591 error: 0.0869351031562761
id: 1 itt: 0 Cost: 97.48624530545712 Pearson: 0.004349339559296478 Spearmen: 0.0002537094789996637 IFSpear: -0.0002537094789996637 error: 7.830283653147365
id: 1 itt: 1000 Cost: 21.31732735381115 Pearson: 0.15230873751759377 Spearmen: 0.06877649924120592 IFSpear: -0.06877649924120592 error: 1.7122489371123073
id: 1 itt: 2000 Cost: 17.564613803723546 Pearson: 0.3777728732491079 Spearmen: 0.3201256419997542 IFSpear: -0.3201256419997542 error: 1.4108237311858394
id: 1 itt: 3000 Cost: 16.60649866191101 Pearson: 0.5485714018727466 Spearmen: 0.5707188167255653 IFSpear: -0.5707188167255653 error: 1.3338660710640406
id: 1 itt: 4000 Cost: 16.302165590578536 Pearson: 0.5874704768132676 Spearmen: 0.6202643017218097 IFSpear: -0.6202643017218097 error: 1.30942145053219
id: 1 itt: 5000 Cost: 16.100229212892415 Pearson: 0.6210022571573703 Spearmen: 0.653543715282277 IFSpear: -0.653543715282277 error: 1.2932015303555853
id: 1 itt: 6000 Cost: 15.998941602455504 Pearson: 0.6359919859374719 Spearmen: 0.6701157329271957 IFSpear: -0.6701157329271957 error: 1.285065913707458
id: 1 itt: 7000 Cost: 15.932964425901961 Pearson: 0.6458461753624858 Spearmen: 0.6826306266885938 IFSpear: -0.6826306266885938 error: 1.2797664993600362
id: 1 itt: 8000 Cost: 15.876138799676038 Pearson: 0.6514906677074604 Spearmen: 0.6918889347174946 IFSpear: -0.6918889347174946 error: 1.2752021552238713
id: 1 itt: 9000 Cost: 15.829223805221968 Pearson: 0.658385778115398 Spearmen: 0.6999264745759665 IFSpear: -0.6999264745759665 error: 1.2714338521877848
id: 1 itt: 10000 Cost: 15.781276210383098 Pearson: 0.667457469935612 Spearmen: 0.7091541276275489 IFSpear: -0.7091541276275489 error: 1.2675826086928883
id: 1 itt: 11000 Cost: 15.732259923060749 Pearson: 0.6762018473299353 Spearmen: 0.7198321063473037 IFSpear: -0.7198321063473037 error: 1.2636455257520534
id: 1 itt: 12000 Cost: 15.679254348264454 Pearson: 0.6806948885635611 Spearmen: 0.7319303159684822 IFSpear: -0.7319303159684822 error: 1.2593880155304562
id: 1 itt: 13000 Cost: 15.619292976773846 Pearson: 0.6899567979024841 Spearmen: 0.7399832058817236 IFSpear: -0.7399832058817236 error: 1.2545718022735803
id: 1 itt: 14000 Cost: 15.585363460294154 Pearson: 0.6954197769222679 Spearmen: 0.746462058693989 IFSpear: -0.746462058693989 error: 1.2518465179278997
id: 1 itt: 15000 Cost: 15.56591746995929 Pearson: 0.697536274893952 Spearmen: 0.7478708537267009 IFSpear: -0.7478708537267009 error: 1.2502845783972385
id: 1 itt: 16000 Cost: 15.553411692946726 Pearson: 0.6999571032815082 Spearmen: 0.751624196801823 IFSpear: -0.751624196801823 error: 1.2492800902152947
id: 1 itt: 17000 Cost: 15.541319562637884 Pearson: 0.7015857370981966 Spearmen: 0.7529037706850941 IFSpear: -0.7529037706850941 error: 1.2483088269361278
id: 1 itt: 18000 Cost: 15.530949500517229 Pearson: 0.7025606918256231 Spearmen: 0.7548123532436469 IFSpear: -0.7548123532436469 error: 1.247475883502405
id: 1 itt: 19000 Cost: 15.525577337526947 Pearson: 0.7026863325659338 Spearmen: 0.7556262799483605 IFSpear: -0.7556262799483605 error: 1.2470443809872238
id: 1 itt: 20000 Cost: 15.523072089222653 Pearson: 0.7040633952557664 Spearmen: 0.7562117775420171 IFSpear: -0.7562117775420171 error: 1.246843154601053
id: 1 itt: 21000 Cost: 15.521392620250662 Pearson: 0.7039192387643003 Spearmen: 0.7563151630433267 IFSpear: -0.7563151630433267 error: 1.2467082564069933
id: 1 itt: 22000 Cost: 15.52003702971308 Pearson: 0.7042573650477553 Spearmen: 0.756577131461049 IFSpear: -0.756577131461049 error: 1.2465993727548073
id: 1 itt: 23000 Cost: 15.519093290820884 Pearson: 0.7040262048593157 Spearmen: 0.7565995420860903 IFSpear: -0.7565995420860903 error: 1.2465235698228423
id: 1 itt: 24000 Cost: 15.51830077764117 Pearson: 0.7044357221946138 Spearmen: 0.7562392622455372 IFSpear: -0.7562392622455372 error: 1.2464599136324066
id: 1 itt: 25000 Cost: 15.517499916546097 Pearson: 0.7045315934629968 Spearmen: 0.756330180768536 IFSpear: -0.756330180768536 error: 1.2463955869212737
id: 1 itt: 26000 Cost: 15.516893208699672 Pearson: 0.7042530223605881 Spearmen: 0.7562316776925846 IFSpear: -0.7562316776925846 error: 1.2463468549743493
id: 1 itt: 27000 Cost: 15.516502357190472 Pearson: 0.7046063064955305 Spearmen: 0.7566948825220403 IFSpear: -0.7566948825220403 error: 1.2463154610256573
id: 1 itt: 28000 Cost: 15.516042987387014 Pearson: 0.7047007071609979 Spearmen: 0.7565010628503133 IFSpear: -0.7565010628503133 error: 1.2462785635551321
id: 1 itt: 29000 Cost: 15.51572700006322 Pearson: 0.7047446620055587 Spearmen: 0.7563731915276626 IFSpear: -0.7563731915276626 error: 1.246253182842516
id: 1 itt: 0 Cost: 146.76182504523638 Pearson: 0.0066844931827753935 Spearmen: 0.0002537094789996637 IFSpear: -0.0002537094789996637 error: 11.788193462134071
id: 1 itt: 1000 Cost: 51.15173666063073 Pearson: 0.15749625427075026 Spearmen: -0.00416640187831904 IFSpear: 0.00416640187831904 error: 4.1086063592749165
id: 1 itt: 2000 Cost: 14.894956463336285 Pearson: 0.06427364433492729 Spearmen: 0.04921194176477455 IFSpear: -0.04921194176477455 error: 1.1963916934512908
id: 1 itt: 3000 Cost: 4.427824401743287 Pearson: 0.47571106356328197 Spearmen: 0.03726571889845095 IFSpear: -0.03726571889845095 error: 0.3556514144466351
id: 1 itt: 4000 Cost: 1.9874294439167022 Pearson: 0.6807410791894629 Spearmen: 0.0710544030449678 IFSpear: -0.0710544030449678 error: 0.159634174418384
id: 1 itt: 5000 Cost: 1.4517324622233108 Pearson: 0.7417098488289928 Spearmen: 0.15889096459464713 IFSpear: -0.15889096459464713 error: 0.11660595740529799
id: 1 itt: 6000 Cost: 1.3648143996520459 Pearson: 0.7547790961973475 Spearmen: 0.2678580729600166 IFSpear: -0.2678580729600166 error: 0.10962453061649831
id: 1 itt: 7000 Cost: 1.347959507804706 Pearson: 0.7588867464996438 Spearmen: 0.48573962796318415 IFSpear: -0.48573962796318415 error: 0.10827071312466385
id: 1 itt: 8000 Cost: 1.3431426873945782 Pearson: 0.7603109098896788 Spearmen: 0.634776721546602 IFSpear: -0.634776721546602 error: 0.1078838167989372
id: 1 itt: 9000 Cost: 1.3414313109132159 Pearson: 0.7610867335024574 Spearmen: 0.6897018080473807 IFSpear: -0.6897018080473807 error: 0.10774635573205125
id: 1 itt: 10000 Cost: 1.3405623465586238 Pearson: 0.7613566009981727 Spearmen: 0.7160900428968726 IFSpear: -0.7160900428968726 error: 0.10767655883547769
id: 1 itt: 11000 Cost: 1.3399942659493895 Pearson: 0.7614868920123534 Spearmen: 0.7291321673446722 IFSpear: -0.7291321673446722 error: 0.10763092950290652
id: 1 itt: 12000 Cost: 1.3395943524256926 Pearson: 0.7616312757803236 Spearmen: 0.7470417051077141 IFSpear: -0.7470417051077141 error: 0.10759880767569424
id: 1 itt: 13000 Cost: 1.339073375415181 Pearson: 0.7618457192396686 Spearmen: 0.7669495901549245 IFSpear: -0.7669495901549245 error: 0.10755696179521855
id: 1 itt: 14000 Cost: 1.3387361179953103 Pearson: 0.7619313135307271 Spearmen: 0.7812693845330854 IFSpear: -0.7812693845330854 error: 0.10752987262737296
id: 1 itt: 15000 Cost: 1.3384521901465247 Pearson: 0.762052975422419 Spearmen: 0.7910029310750246 IFSpear: -0.7910029310750246 error: 0.10750706699375714
id: 1 itt: 16000 Cost: 1.3382434924184792 Pearson: 0.7620652647683779 Spearmen: 0.8056828509061108 IFSpear: -0.8056828509061108 error: 0.10749030398885073
id: 1 itt: 17000 Cost: 1.338095484456011 Pearson: 0.7621201006173062 Spearmen: 0.8124745772222154 IFSpear: -0.8124745772222154 error: 0.10747841570322211
id: 1 itt: 18000 Cost: 1.3379437438154929 Pearson: 0.7621926982287187 Spearmen: 0.818229768970798 IFSpear: -0.818229768970798 error: 0.1074662276016777
id: 1 itt: 19000 Cost: 1.3378387589297158 Pearson: 0.7622589151041194 Spearmen: 0.8225676746565252 IFSpear: -0.8225676746565252 error: 0.10745779501272784
id: 1 itt: 20000 Cost: 1.3377612236996068 Pearson: 0.7623004540187015 Spearmen: 0.8244443806467558 IFSpear: -0.8244443806467558 error: 0.10745156723317838
id: 1 itt: 21000 Cost: 1.337697247312076 Pearson: 0.7623153280209396 Spearmen: 0.8268772615114415 IFSpear: -0.8268772615114415 error: 0.10744642852607258
id: 1 itt: 22000 Cost: 1.3376156656049825 Pearson: 0.7623443581751728 Spearmen: 0.8305158232948577 IFSpear: -0.8305158232948577 error: 0.10743987572567033
id: 1 itt: 23000 Cost: 1.3375305795747303 Pearson: 0.7623479259325162 Spearmen: 0.8377256412108438 IFSpear: -0.8377256412108438 error: 0.10743304145125852
id: 1 itt: 24000 Cost: 1.3374879968236495 Pearson: 0.7623895034885522 Spearmen: 0.8432679993281166 IFSpear: -0.8432679993281166 error: 0.10742962112238393
id: 1 itt: 25000 Cost: 1.337452997182184 Pearson: 0.7623929458152794 Spearmen: 0.8448794969944595 IFSpear: -0.8448794969944595 error: 0.10742680988353097
id: 1 itt: 26000 Cost: 1.3374074902011046 Pearson: 0.7624065808342523 Spearmen: 0.8470630470349149 IFSpear: -0.8470630470349149 error: 0.10742315467485065
id: 1 itt: 27000 Cost: 1.3373931680392595 Pearson: 0.7623983540273085 Spearmen: 0.8472130353867126 IFSpear: -0.8472130353867126 error: 0.1074220042911281
id: 1 itt: 28000 Cost: 1.3373414051306267 Pearson: 0.762413796314626 Spearmen: 0.8502506223305787 IFSpear: -0.8502506223305787 error: 0.10741784659425468
id: 1 itt: 29000 Cost: 1.3373054746695379 Pearson: 0.7624482970344227 Spearmen: 0.8522578794061118 IFSpear: -0.8522578794061118 error: 0.10741496059017039
id: 1 itt: 0 Cost: 147.13911840766045 Pearson: 0.011744648402797908 Spearmen: 0.0002537094789996637 IFSpear: -0.0002537094789996637 error: 11.818498394270634
id: 1 itt: 1000 Cost: 49.73079567671227 Pearson: 0.002017069988191425 Spearmen: 0.02555243570417371 IFSpear: -0.02555243570417371 error: 3.994473632923612
id: 1 itt: 2000 Cost: 13.930502115382122 Pearson: 0.04780035423498962 Spearmen: -0.005641570197539269 IFSpear: 0.005641570197539269 error: 1.1189248560392069
id: 1 itt: 3000 Cost: 4.937432305537248 Pearson: 0.14843388652687567 Spearmen: 0.08346850749827985 IFSpear: -0.08346850749827985 error: 0.39658410629551466
id: 1 itt: 4000 Cost: 1.9884230627685244 Pearson: 0.16967063655180026 Spearmen: 0.05142217546477441 IFSpear: -0.05142217546477441 error: 0.15971398380511856
id: 1 itt: 5000 Cost: 1.3242168189600638 Pearson: 0.258376194579885 Spearmen: 0.06206336968486189 IFSpear: -0.06206336968486189 error: 0.10636365446465043
id: 1 itt: 6000 Cost: 1.1639122041401968 Pearson: 0.32569614128825036 Spearmen: 0.07974609717468222 IFSpear: -0.07974609717468222 error: 0.09348767795109171
id: 1 itt: 7000 Cost: 1.1254461175754504 Pearson: 0.33708089816444226 Spearmen: 0.08875715549069785 IFSpear: -0.08875715549069785 error: 0.09039800752748761
id: 1 itt: 8000 Cost: 1.1137399678153825 Pearson: 0.343187550647133 Spearmen: 0.0869385923717598 IFSpear: -0.0869385923717598 error: 0.08945774695205623
id: 1 itt: 9000 Cost: 1.1083761392119411 Pearson: 0.3459952891507253 Spearmen: 0.11131751191105882 IFSpear: -0.11131751191105882 error: 0.08902691387093581
id: 1 itt: 10000 Cost: 1.1058524296345846 Pearson: 0.3454402943945325 Spearmen: 0.11211671531583407 IFSpear: -0.11211671531583407 error: 0.08882420463962888
id: 1 itt: 11000 Cost: 1.1044678455434298 Pearson: 0.346749246998431 Spearmen: 0.1053423072400027 IFSpear: -0.1053423072400027 error: 0.08871299216917826
id: 1 itt: 12000 Cost: 1.1033374908898594 Pearson: 0.3468595791290808 Spearmen: 0.12197931501427571 IFSpear: -0.12197931501427571 error: 0.088622199898552
id: 1 itt: 13000 Cost: 1.1023888578080325 Pearson: 0.346683343083924 Spearmen: 0.1309233415008763 IFSpear: -0.1309233415008763 error: 0.08854600385581601
id: 1 itt: 14000 Cost: 1.1013415874189254 Pearson: 0.3473171278451625 Spearmen: 0.12799405962917573 IFSpear: -0.12799405962917573 error: 0.08846188507390419
id: 1 itt: 15000 Cost: 1.101021327209295 Pearson: 0.34736596783311824 Spearmen: 0.1366689679680005 IFSpear: -0.1366689679680005 error: 0.08843616115483886
id: 1 itt: 16000 Cost: 1.1002765699980719 Pearson: 0.3476162689020157 Spearmen: 0.12755058512919082 IFSpear: -0.12755058512919082 error: 0.08837634081609946
id: 1 itt: 17000 Cost: 1.0996425480227026 Pearson: 0.347691754703184 Spearmen: 0.18034001038359546 IFSpear: -0.18034001038359546 error: 0.08832541494554291
id: 1 itt: 18000 Cost: 1.0992892333532698 Pearson: 0.34766957081383765 Spearmen: 0.17865902006657092 IFSpear: -0.17865902006657092 error: 0.08829703602837558
id: 1 itt: 19000 Cost: 1.0989839717977612 Pearson: 0.3477620864630804 Spearmen: 0.19308561811177274 IFSpear: -0.19308561811177274 error: 0.08827251683020004
id: 1 itt: 20000 Cost: 1.0987608950878758 Pearson: 0.3478882618983858 Spearmen: 0.19383157995217312 IFSpear: -0.19383157995217312 error: 0.08825459887767925
id: 1 itt: 21000 Cost: 1.0985911020103702 Pearson: 0.3477956445979125 Spearmen: 0.17420931184745667 IFSpear: -0.17420931184745667 error: 0.08824096076950262
id: 1 itt: 22000 Cost: 1.0984157506338887 Pearson: 0.3477439540860312 Spearmen: 0.1809320174777466 IFSpear: -0.1809320174777466 error: 0.08822687620800866
id: 1 itt: 23000 Cost: 1.0982383025046463 Pearson: 0.347672556752137 Spearmen: 0.16842223970483017 IFSpear: -0.16842223970483017 error: 0.08821262323128015
id: 1 itt: 24000 Cost: 1.09812089057377 Pearson: 0.3476947813122987 Spearmen: 0.17927104127473462 IFSpear: -0.17927104127473462 error: 0.0882031924780478
id: 1 itt: 25000 Cost: 1.0980311390802582 Pearson: 0.3477362029881348 Spearmen: 0.18704483538901645 IFSpear: -0.18704483538901645 error: 0.08819598346460913
id: 1 itt: 26000 Cost: 1.0979258152451494 Pearson: 0.3475677122855647 Spearmen: 0.1738780076195187 IFSpear: -0.1738780076195187 error: 0.08818752365059378
id: 1 itt: 27000 Cost: 1.0978591317078357 Pearson: 0.3475739076136686 Spearmen: 0.18913656865599515 IFSpear: -0.18913656865599515 error: 0.08818216749998478
id: 1 itt: 28000 Cost: 1.097778684682284 Pearson: 0.3476186293176228 Spearmen: 0.2208875357802861 IFSpear: -0.2208875357802861 error: 0.08817570583939721
id: 1 itt: 29000 Cost: 1.0977417350888767 Pearson: 0.34758877990527104 Spearmen: 0.21485308449609736 IFSpear: -0.21485308449609736 error: 0.08817273797663523
id: 1 itt: 0 Cost: 147.05073715451712 Pearson: 0.008692391658317297 Spearmen: 0.0002537094789996637 IFSpear: -0.0002537094789996637 error: 11.811399441186898
id: 1 itt: 1000 Cost: 48.92244036900435 Pearson: -0.008211603317859228 Spearmen: -0.039461290820632426 IFSpear: 0.039461290820632426 error: 3.9295449721464193
id: 1 itt: 2000 Cost: 13.431609194847887 Pearson: 0.042209276078689614 Spearmen: 0.022540364043081813 IFSpear: -0.022540364043081813 error: 1.0788528123566352
id: 1 itt: 3000 Cost: 4.391458567237914 Pearson: 0.16308699664751683 Spearmen: 0.00911439580875508 IFSpear: -0.00911439580875508 error: 0.3527304403279966
id: 1 itt: 4000 Cost: 1.9189266540836227 Pearson: 0.4361146036872571 Spearmen: 0.03890757081004727 IFSpear: -0.03890757081004727 error: 0.1541318979306165
id: 1 itt: 5000 Cost: 1.4041030220430168 Pearson: 0.5551673193753757 Spearmen: 0.061701873850716356 IFSpear: -0.061701873850716356 error: 0.11278026870753625
id: 1 itt: 6000 Cost: 1.2723097882811891 Pearson: 0.5798313902328963 Spearmen: 0.09374641211491595 IFSpear: -0.09374641211491595 error: 0.10219438142992972
id: 1 itt: 7000 Cost: 1.2417222950664704 Pearson: 0.5857054821534093 Spearmen: 0.1945557475922094 IFSpear: -0.1945557475922094 error: 0.0997375348526561
id: 1 itt: 8000 Cost: 1.2328904094749409 Pearson: 0.5873941475682383 Spearmen: 0.24942319712043048 IFSpear: -0.24942319712043048 error: 0.09902814073087889
id: 1 itt: 9000 Cost: 1.2288179287229308 Pearson: 0.5880176096897772 Spearmen: 0.26603088772350425 IFSpear: -0.26603088772350425 error: 0.09870103120521911
id: 1 itt: 10000 Cost: 1.2272847367212358 Pearson: 0.5879284594473928 Spearmen: 0.25703663842093155 IFSpear: -0.25703663842093155 error: 0.0985778822601511
id: 1 itt: 11000 Cost: 1.2264585637992935 Pearson: 0.5878686056255744 Spearmen: 0.26064970057032755 IFSpear: -0.26064970057032755 error: 0.09851152245415912
id: 1 itt: 12000 Cost: 1.225637728812176 Pearson: 0.5880924280643528 Spearmen: 0.2687820945004874 IFSpear: -0.2687820945004874 error: 0.09844559140140989
id: 1 itt: 13000 Cost: 1.2249794491123611 Pearson: 0.5880995521409206 Spearmen: 0.30292031595676056 IFSpear: -0.30292031595676056 error: 0.09839271710353835
id: 1 itt: 14000 Cost: 1.2242775079589538 Pearson: 0.588347910502385 Spearmen: 0.34179639213537216 IFSpear: -0.34179639213537216 error: 0.09833633583332146
id: 1 itt: 15000 Cost: 1.2237574540764378 Pearson: 0.5883714376800664 Spearmen: 0.3420020912654 IFSpear: -0.3420020912654 error: 0.09829456410027068
id: 1 itt: 16000 Cost: 1.2234221923684088 Pearson: 0.5885309431062714 Spearmen: 0.3704720314528005 IFSpear: -0.3704720314528005 error: 0.09826763523185772
id: 1 itt: 17000 Cost: 1.2231113375579112 Pearson: 0.5885344400440491 Spearmen: 0.38311057717185504 IFSpear: -0.38311057717185504 error: 0.09824266677263031
id: 1 itt: 18000 Cost: 1.2228840122229605 Pearson: 0.5886102222314208 Spearmen: 0.4135284689641301 IFSpear: -0.4135284689641301 error: 0.09822440756233217
id: 1 itt: 19000 Cost: 1.222710171591502 Pearson: 0.5886163516960506 Spearmen: 0.4034925130855554 IFSpear: -0.4034925130855554 error: 0.09821044434679856
id: 1 itt: 20000 Cost: 1.2225157960578776 Pearson: 0.5886124665183359 Spearmen: 0.4450749719888324 IFSpear: -0.4450749719888324 error: 0.09819483172823126
id: 1 itt: 21000 Cost: 1.222293909145667 Pearson: 0.5886626239372026 Spearmen: 0.4449779120745715 IFSpear: -0.4449779120745715 error: 0.09817700934255946
id: 1 itt: 22000 Cost: 1.2222052912897237 Pearson: 0.5887576780378125 Spearmen: 0.4756629898134884 IFSpear: -0.4756629898134884 error: 0.0981698913850815
id: 1 itt: 23000 Cost: 1.2221462887944354 Pearson: 0.588802151650905 Spearmen: 0.49146053336238504 IFSpear: -0.49146053336238504 error: 0.09816515219061461
id: 1 itt: 24000 Cost: 1.2220788310984068 Pearson: 0.5888516956157216 Spearmen: 0.5420553695168252 IFSpear: -0.5420553695168252 error: 0.09815973385808126
id: 1 itt: 25000 Cost: 1.222030605076821 Pearson: 0.5888753204536055 Spearmen: 0.5539154307919598 IFSpear: -0.5539154307919598 error: 0.09815586025081188
id: 1 itt: 26000 Cost: 1.2219701624896362 Pearson: 0.5888552695295732 Spearmen: 0.5745446767513034 IFSpear: -0.5745446767513034 error: 0.0981510053853803
id: 1 itt: 27000 Cost: 1.2219450437782655 Pearson: 0.588872049071739 Spearmen: 0.5804148595992434 IFSpear: -0.5804148595992434 error: 0.0981489878019313
id: 1 itt: 28000 Cost: 1.2218955013192265 Pearson: 0.5888798343956119 Spearmen: 0.6000712580034303 IFSpear: -0.6000712580034303 error: 0.09814500845586115
id: 1 itt: 29000 Cost: 1.2218536342817954 Pearson: 0.5888130969579285 Spearmen: 0.6071510217720488 IFSpear: -0.6071510217720488 error: 0.09814164561449029
id: 1 itt: 0 Cost: 140.0733025203878 Pearson: 0.005047295261306723 Spearmen: 0.0002537094789996637 IFSpear: -0.0002537094789996637 error: 11.25095840475826
id: 1 itt: 1000 Cost: 46.47580521585536 Pearson: 0.11568915619603656 Spearmen: 0.026567991994681798 IFSpear: -0.026567991994681798 error: 3.73302650756826
id: 1 itt: 2000 Cost: 10.359723894673598 Pearson: 0.3282225524175798 Spearmen: 0.024629115078946256 IFSpear: -0.024629115078946256 error: 0.8321130474294909
id: 1 itt: 3000 Cost: 2.916495087157206 Pearson: 0.8228548093152592 Spearmen: 0.41322105484610294 IFSpear: -0.41322105484610294 error: 0.2342585226653846
id: 1 itt: 4000 Cost: 2.143917198369152 Pearson: 0.9071524865411165 Spearmen: 0.8027531132865086 IFSpear: -0.8027531132865086 error: 0.17220357332965958
id: 1 itt: 5000 Cost: 1.9785987858933465 Pearson: 0.9226644189678298 Spearmen: 0.8672590907577788 IFSpear: -0.8672590907577788 error: 0.15892487889725526
id: 1 itt: 6000 Cost: 1.915033577088994 Pearson: 0.9275051358942168 Spearmen: 0.89124250443723 IFSpear: -0.89124250443723 error: 0.15381919846151734
id: 1 itt: 7000 Cost: 1.8326857829905057 Pearson: 0.932429157935144 Spearmen: 0.9113941629469771 IFSpear: -0.9113941629469771 error: 0.14720486447027847
id: 1 itt: 8000 Cost: 1.773203996163771 Pearson: 0.9375518187516768 Spearmen: 0.9301640221974957 IFSpear: -0.9301640221974957 error: 0.14242717238058933
id: 1 itt: 9000 Cost: 1.73651064678179 Pearson: 0.9397609180565314 Spearmen: 0.9391086167684527 IFSpear: -0.9391086167684527 error: 0.13947989163401134
id: 1 itt: 10000 Cost: 1.7125519619299048 Pearson: 0.941317258061177 Spearmen: 0.9434728014483813 IFSpear: -0.9434728014483813 error: 0.1375554837571996
id: 1 itt: 11000 Cost: 1.6964944795273034 Pearson: 0.9425472065081327 Spearmen: 0.9462291372968258 IFSpear: -0.9462291372968258 error: 0.13626571573327148
id: 1 itt: 12000 Cost: 1.6882006296796799 Pearson: 0.9430572804667369 Spearmen: 0.9486195982681364 IFSpear: -0.9486195982681364 error: 0.13559953768240884
id: 1 itt: 13000 Cost: 1.6834313561822878 Pearson: 0.9432660422769197 Spearmen: 0.9480122181719451 IFSpear: -0.9480122181719451 error: 0.13521646041661609
id: 1 itt: 14000 Cost: 1.6805523246733014 Pearson: 0.9436168701491685 Spearmen: 0.9487061668257482 IFSpear: -0.9487061668257482 error: 0.13498521104096234
id: 1 itt: 15000 Cost: 1.6780929797721635 Pearson: 0.9438449778127024 Spearmen: 0.9493647639208275 IFSpear: -0.9493647639208275 error: 0.1347876717048592
id: 1 itt: 16000 Cost: 1.676201510389953 Pearson: 0.9439769153250659 Spearmen: 0.9493805545264906 IFSpear: -0.9493805545264906 error: 0.1346357452280773
id: 1 itt: 17000 Cost: 1.67504926980808 Pearson: 0.9439438707614048 Spearmen: 0.9502955286590284 IFSpear: -0.9502955286590284 error: 0.13454319503738668
id: 1 itt: 18000 Cost: 1.673934798401987 Pearson: 0.9441142164858687 Spearmen: 0.949782441128716 IFSpear: -0.949782441128716 error: 0.13445367853989837
id: 1 itt: 19000 Cost: 1.6730686344992383 Pearson: 0.9439943470251666 Spearmen: 0.9496071932351589 IFSpear: -0.9496071932351589 error: 0.13438410658102984
id: 1 itt: 20000 Cost: 1.671882596612209 Pearson: 0.9441779763468148 Spearmen: 0.9499686896445743 IFSpear: -0.9499686896445743 error: 0.13428884172546257
id: 1 itt: 21000 Cost: 1.670123826647084 Pearson: 0.9442758656815491 Spearmen: 0.9497777666157946 IFSpear: -0.9497777666157946 error: 0.1341475739223544
id: 1 itt: 22000 Cost: 1.6688181752423863 Pearson: 0.9443781891431512 Spearmen: 0.9504378927007214 IFSpear: -0.9504378927007214 error: 0.13404270147784822
id: 1 itt: 23000 Cost: 1.6682012303808458 Pearson: 0.9443444922031696 Spearmen: 0.9503884236507124 IFSpear: -0.9503884236507124 error: 0.1339931472740826
id: 1 itt: 24000 Cost: 1.667639595992201 Pearson: 0.9443910293911411 Spearmen: 0.9503855882863659 IFSpear: -0.9503855882863659 error: 0.133948035714409
id: 1 itt: 25000 Cost: 1.6672836972274907 Pearson: 0.9444885357403916 Spearmen: 0.9502759002511559 IFSpear: -0.9502759002511559 error: 0.1339194492377142
id: 1 itt: 26000 Cost: 1.667019450502755 Pearson: 0.9445022629963679 Spearmen: 0.9500359062626924 IFSpear: -0.9500359062626924 error: 0.13389822443002353
id: 1 itt: 27000 Cost: 1.666723505956235 Pearson: 0.9445146059907518 Spearmen: 0.9500390913311628 IFSpear: -0.9500390913311628 error: 0.13387445359201872
id: 1 itt: 28000 Cost: 1.6664723071239878 Pearson: 0.9444921914554287 Spearmen: 0.9505503073142624 IFSpear: -0.9505503073142624 error: 0.13385427681627285
id: 1 itt: 29000 Cost: 1.666242194064706 Pearson: 0.9444983459714007 Spearmen: 0.9506872822483657 IFSpear: -0.9506872822483657 error: 0.13383579369056803
id: 1 itt: 0 Cost: 147.1204460581608 Pearson: 0.010700801604380285 Spearmen: 0.0002537094789996637 IFSpear: -0.0002537094789996637 error: 11.81699859506722
id: 1 itt: 1000 Cost: 49.326626594826934 Pearson: -0.005463102573760134 Spearmen: -0.0192791613352444 IFSpear: 0.0192791613352444 error: 3.962009991052104
id: 1 itt: 2000 Cost: 14.70722089134151 Pearson: 0.009672178326000907 Spearmen: 0.009454631261274224 IFSpear: -0.009454631261274224 error: 1.1813124094364138
id: 1 itt: 3000 Cost: 5.082064546518448 Pearson: 0.08800860019625835 Spearmen: 0.03136713439494613 IFSpear: -0.03136713439494613 error: 0.40820124744937303
id: 1 itt: 4000 Cost: 1.9818699693377948 Pearson: 0.23631456539578796 Spearmen: 0.031803961541407494 IFSpear: -0.031803961541407494 error: 0.15918762667435196
id: 1 itt: 5000 Cost: 1.344632093003708 Pearson: 0.36267664910922437 Spearmen: 0.068275516131503 IFSpear: -0.068275516131503 error: 0.10800344873632006
id: 1 itt: 6000 Cost: 1.208333120412773 Pearson: 0.40780975731773705 Spearmen: 0.05374565767973321 IFSpear: -0.05374565767973321 error: 0.09705565180686099
id: 1 itt: 7000 Cost: 1.1636718225659493 Pearson: 0.42499879852883055 Spearmen: 0.039390299828226734 IFSpear: -0.039390299828226734 error: 0.09346837003841695
id: 1 itt: 8000 Cost: 1.1506412184113646 Pearson: 0.427466440937855 Spearmen: 0.04422512595089959 IFSpear: -0.04422512595089959 error: 0.09242172672599298
id: 1 itt: 9000 Cost: 1.1464459100968376 Pearson: 0.42868426194815545 Spearmen: 0.11729852737668513 IFSpear: -0.11729852737668513 error: 0.09208475145309965
id: 1 itt: 10000 Cost: 1.1447095431555856 Pearson: 0.42904386956872387 Spearmen: 0.13421233053367296 IFSpear: -0.13421233053367296 error: 0.09194528310417155
id: 1 itt: 11000 Cost: 1.143390335723657 Pearson: 0.42897944917901043 Spearmen: 0.12791813630762702 IFSpear: -0.12791813630762702 error: 0.09183932181335587
id: 1 itt: 12000 Cost: 1.1419011784692117 Pearson: 0.42918793389787396 Spearmen: 0.15737700906700103 IFSpear: -0.15737700906700103 error: 0.09171970982430129
id: 1 itt: 13000 Cost: 1.141133578717808 Pearson: 0.42939253679645073 Spearmen: 0.13671130852353408 IFSpear: -0.13671130852353408 error: 0.09165805472858246
id: 1 itt: 14000 Cost: 1.1404085944752183 Pearson: 0.4294430947598358 Spearmen: 0.150968045633447 IFSpear: -0.150968045633447 error: 0.09159982259290267
id: 1 itt: 15000 Cost: 1.140060199873651 Pearson: 0.4294374927393995 Spearmen: 0.16149434931700873 IFSpear: -0.16149434931700873 error: 0.09157183886509628
id: 1 itt: 16000 Cost: 1.139540682658431 Pearson: 0.4295746336293787 Spearmen: 0.1925448266118629 IFSpear: -0.1925448266118629 error: 0.09153011023820001
id: 1 itt: 17000 Cost: 1.138884291802245 Pearson: 0.42989057323270374 Spearmen: 0.19547780637165427 IFSpear: -0.19547780637165427 error: 0.09147738765589969
id: 1 itt: 18000 Cost: 1.138456971424636 Pearson: 0.4298513113465679 Spearmen: 0.19437014098583938 IFSpear: -0.19437014098583938 error: 0.09144306445720675
id: 1 itt: 19000 Cost: 1.1381118058286608 Pearson: 0.4299284323286811 Spearmen: 0.18740618428227973 IFSpear: -0.18740618428227973 error: 0.0914153400893708
id: 1 itt: 20000 Cost: 1.1379295141475072 Pearson: 0.4300570972676666 Spearmen: 0.20046694184684716 IFSpear: -0.20046694184684716 error: 0.09140069806919073
id: 1 itt: 21000 Cost: 1.1377272175452007 Pearson: 0.4300396799912708 Spearmen: 0.21990322249884933 IFSpear: -0.21990322249884933 error: 0.09138444921507634
id: 1 itt: 22000 Cost: 1.1374929894551453 Pearson: 0.4300300976083623 Spearmen: 0.2532034618015657 IFSpear: -0.2532034618015657 error: 0.0913656355621459
id: 1 itt: 23000 Cost: 1.1373778049640846 Pearson: 0.43000637380369544 Spearmen: 0.26143263666477207 IFSpear: -0.26143263666477207 error: 0.09135638372118493
id: 1 itt: 24000 Cost: 1.1372296686424592 Pearson: 0.4299565736010438 Spearmen: 0.27441068342839264 IFSpear: -0.27441068342839264 error: 0.09134448512550072
id: 1 itt: 25000 Cost: 1.1370876209053051 Pearson: 0.42990537105278503 Spearmen: 0.27430390732489907 IFSpear: -0.27430390732489907 error: 0.09133307557668982
id: 1 itt: 26000 Cost: 1.1369574860511231 Pearson: 0.4300199562715813 Spearmen: 0.2844159821944447 IFSpear: -0.2844159821944447 error: 0.09132262289366552
id: 1 itt: 27000 Cost: 1.1368654093817214 Pearson: 0.4300132733023473 Spearmen: 0.2854807064958512 IFSpear: -0.2854807064958512 error: 0.09131522711760509
id: 1 itt: 28000 Cost: 1.1368222401209742 Pearson: 0.4299858319625971 Spearmen: 0.2891278833489026 IFSpear: -0.2891278833489026 error: 0.09131175967914043
id: 1 itt: 29000 Cost: 1.1367668923353917 Pearson: 0.42996220558394393 Spearmen: 0.29699341929981116 IFSpear: -0.29699341929981116 error: 0.09130731403802125
id: 1 itt: 0 Cost: 147.10548461757676 Pearson: 0.010077996611082728 Spearmen: 0.0002537094789996637 IFSpear: -0.0002537094789996637 error: 11.815796863240688
id: 1 itt: 1000 Cost: 51.693528818513805 Pearson: -0.04287979584540082 Spearmen: -0.02182197427311733 IFSpear: 0.02182197427311733 error: 4.152124152620865
id: 1 itt: 2000 Cost: 15.571373856974287 Pearson: -0.019301744105367752 Spearmen: -0.02562858140813941 IFSpear: 0.02562858140813941 error: 1.2507228459488802
id: 1 itt: 3000 Cost: 5.072774428906775 Pearson: 0.026094132621880956 Spearmen: 0.011075390565368333 IFSpear: -0.011075390565368333 error: 0.40745504724602566
id: 1 itt: 4000 Cost: 2.137030224460262 Pearson: 0.2663375184870592 Spearmen: 0.0292302112604383 IFSpear: -0.0292302112604383 error: 0.17165039827353282
id: 1 itt: 5000 Cost: 1.3770199675409869 Pearson: 0.4166540442052534 Spearmen: 0.06738995288975422 IFSpear: -0.06738995288975422 error: 0.11060490542136123
id: 1 itt: 6000 Cost: 1.2277407953441881 Pearson: 0.4606343438156435 Spearmen: 0.09340802207541418 IFSpear: -0.09340802207541418 error: 0.0986145137702579
id: 1 itt: 7000 Cost: 1.1899001423311493 Pearson: 0.47337266307357123 Spearmen: 0.11812470561935351 IFSpear: -0.11812470561935351 error: 0.09557507937842137
id: 1 itt: 8000 Cost: 1.1785381895619025 Pearson: 0.47647582984413317 Spearmen: 0.16070710880938008 IFSpear: -0.16070710880938008 error: 0.09466246537058773
id: 1 itt: 9000 Cost: 1.1726794656243162 Pearson: 0.47744713616296336 Spearmen: 0.17834792539619482 IFSpear: -0.17834792539619482 error: 0.09419188133965044
id: 1 itt: 10000 Cost: 1.1702493415996542 Pearson: 0.47758171642022007 Spearmen: 0.1707595056168699 IFSpear: -0.1707595056168699 error: 0.09399668908082655
id: 1 itt: 11000 Cost: 1.1682663089479401 Pearson: 0.4777559462219648 Spearmen: 0.1762110557829667 IFSpear: -0.1762110557829667 error: 0.09383740806525638
id: 1 itt: 12000 Cost: 1.1668125330115993 Pearson: 0.47808340917699294 Spearmen: 0.19476323850809701 IFSpear: -0.19476323850809701 error: 0.09372063797206015
id: 1 itt: 13000 Cost: 1.1655649153747873 Pearson: 0.47822680258269634 Spearmen: 0.2307970105518908 IFSpear: -0.2307970105518908 error: 0.09362042691196346
id: 1 itt: 14000 Cost: 1.1647240868855528 Pearson: 0.4782459924123705 Spearmen: 0.22521609340365958 IFSpear: -0.22521609340365958 error: 0.09355288994247896
id: 1 itt: 15000 Cost: 1.1640574920285007 Pearson: 0.47845838669858465 Spearmen: 0.23316119607943908 IFSpear: -0.23316119607943908 error: 0.09349934775510584
id: 1 itt: 16000 Cost: 1.163632152669047 Pearson: 0.47862492668793705 Spearmen: 0.24475495104860368 IFSpear: -0.24475495104860368 error: 0.0934651836756202
id: 1 itt: 17000 Cost: 1.1631333852855796 Pearson: 0.47866988147279355 Spearmen: 0.2362937453516191 IFSpear: -0.2362937453516191 error: 0.0934251217153175
id: 1 itt: 18000 Cost: 1.1627538649904978 Pearson: 0.4786503934602184 Spearmen: 0.22961086488259588 IFSpear: -0.22961086488259588 error: 0.09339463791164543
id: 1 itt: 19000 Cost: 1.1624381474691126 Pearson: 0.47863227464790603 Spearmen: 0.25920936103062936 IFSpear: -0.25920936103062936 error: 0.09336927887008045
id: 1 itt: 20000 Cost: 1.1621414849895275 Pearson: 0.47861320341825814 Spearmen: 0.2891733147274565 IFSpear: -0.2891733147274565 error: 0.09334545036630419
id: 1 itt: 21000 Cost: 1.161928548434013 Pearson: 0.4785998745578947 Spearmen: 0.2932748045225523 IFSpear: -0.2932748045225523 error: 0.09332834689058225
id: 1 itt: 22000 Cost: 1.1617984726066817 Pearson: 0.4786285404985181 Spearmen: 0.2816131890458645 IFSpear: -0.2816131890458645 error: 0.0933178989487087
id: 1 itt: 23000 Cost: 1.1616817601114284 Pearson: 0.47857081243509125 Spearmen: 0.259090199383049 IFSpear: -0.259090199383049 error: 0.09330852437549753
id: 1 itt: 24000 Cost: 1.161620046020459 Pearson: 0.47860471431200646 Spearmen: 0.28602303486292446 IFSpear: -0.28602303486292446 error: 0.09330356738042431
id: 1 itt: 25000 Cost: 1.1615735463137302 Pearson: 0.4786312587897951 Spearmen: 0.31073310794826 IFSpear: -0.31073310794826 error: 0.093299832434101
id: 1 itt: 26000 Cost: 1.1614970651155947 Pearson: 0.47864262384294753 Spearmen: 0.3131972987297929 IFSpear: -0.3131972987297929 error: 0.093293689316437
id: 1 itt: 27000 Cost: 1.161432005762032 Pearson: 0.4786198318268956 Spearmen: 0.3309283208860457 IFSpear: -0.3309283208860457 error: 0.09328846362340626
id: 1 itt: 28000 Cost: 1.1613754863121917 Pearson: 0.47872383753347947 Spearmen: 0.354127774970545 IFSpear: -0.354127774970545 error: 0.09328392387194918
id: 1 itt: 29000 Cost: 1.1613390638897731 Pearson: 0.47868560239801056 Spearmen: 0.3558552413069184 IFSpear: -0.3558552413069184 error: 0.09328099835257998
<Swarm.Swarm object at 0x7144e0552560> 0.7566332450164662
<Swarm.Swarm object at 0x7144e0551bd0> 0.8565715936463595
<Swarm.Swarm object at 0x7144e05503a0> 0.9134134363103538
<Swarm.Swarm object at 0x7144e0551b40> 0.9506840387635271
<Swarm.Swarm object at 0x7144e0550a00> 0.9607967974984446
<Swarm.Swarm object at 0x7144e05527d0> 0.9621343899417629
<Swarm.Swarm object at 0x7144e0551b10> 0.9314822319720238
<Swarm.Swarm object at 0x7144e0551b70> 0.9059477979676299
<Swarm.Swarm object at 0x7144e0551690> 0.8526463510522272
<Swarm.Swarm object at 0x7144e0551ba0> 0.789375667161995
<Swarm.Swarm object at 0x7144e0551c00> 0.6835526883867397
<Swarm.Swarm object at 0x7144e0551ab0> 0.6155979961801785
<Swarm.Swarm object at 0x7144e0551000> 0.45374780902766415
<Swarm.Swarm object at 0x7144e0552110> 0.3735358315736344
<Swarm.Swarm object at 0x7144e0552620> 0.2959199120064161
<Swarm.Swarm object at 0x7144e05506a0> 0.28686952575646835
<Swarm.Swarm object at 0x7144e0551a80> 0.2274020665693192
<Swarm.Swarm object at 0x7144e0551ae0> 0.21294861375176558
<Swarm.Swarm object at 0x7144e0550b50> 0.13378881829576247
(np.float64(0.9026432169559331), np.float64(0.9621343899417629), np.float64(2.0031751832732416), 29999, 1, <Swarm.Swarm object at 0x7144e05527d0>)
pearson:0.9026432169559331 spearman:0.9621343899417629 rmse:2.0031751832732416
(np.float64(0.9026432169559331), np.float64(0.9621343899417629), np.float64(2.0031751832732416), 29999, 1, <Swarm.Swarm object at 0x7144e05527d0>)
Input file:  analysis_other/3dstructure/T2T13/chrX/complete/1000000/contacts/hp2.matrix.txt
Convert factor::  0.2
SSE at best spearman :  2.0031751832732416
Best Spearman correlation Dist vs. Reconstructed Dist  :  0.9621343899417629
Best Pearson correlation Dist vs. Reconstructed Dist:  0.9026432169559331
