analysis_other/3dstructure/T2T12/chrX/66919518-77620517/50000/contacts/hp2.matrix.txt
id: 1 itt: 0 Cost: 202.24149286018329 Pearson: 0.0009392615330884153 Spearmen: -0.002551248095086481 IFSpear: 0.002551248095086481 error: 13.792755333670318
id: 1 itt: 1000 Cost: 82.95462265209918 Pearson: 0.07243857360071711 Spearmen: 0.026153205632422016 IFSpear: -0.026153205632422016 error: 5.657458308164075
id: 1 itt: 2000 Cost: 32.78041785137595 Pearson: 0.230226898762674 Spearmen: 0.06676630983527189 IFSpear: -0.06676630983527189 error: 2.2356059420115257
id: 1 itt: 3000 Cost: 17.42369363976787 Pearson: 0.48734680184884754 Spearmen: 0.17616964459829162 IFSpear: -0.17616964459829162 error: 1.1882860434989377
id: 1 itt: 4000 Cost: 15.029579912052244 Pearson: 0.5818874260613678 Spearmen: 0.4497121202888781 IFSpear: -0.4497121202888781 error: 1.0250088424638766
id: 1 itt: 5000 Cost: 14.416607769048614 Pearson: 0.6272233086102231 Spearmen: 0.7006903667309672 IFSpear: -0.7006903667309672 error: 0.9832044892857206
id: 1 itt: 6000 Cost: 14.250966599088809 Pearson: 0.6372428479531743 Spearmen: 0.7636352390501561 IFSpear: -0.7636352390501561 error: 0.9719078552561352
id: 1 itt: 7000 Cost: 14.082621455146562 Pearson: 0.6494561954384065 Spearmen: 0.778194661143772 IFSpear: -0.778194661143772 error: 0.9604268117315398
id: 1 itt: 8000 Cost: 14.025329340892966 Pearson: 0.6527419709259841 Spearmen: 0.8021039764050096 IFSpear: -0.8021039764050096 error: 0.956519521969815
id: 1 itt: 9000 Cost: 13.997225568908105 Pearson: 0.6545820877008139 Spearmen: 0.808113730962625 IFSpear: -0.808113730962625 error: 0.9546028606286706
id: 1 itt: 10000 Cost: 13.98277433741585 Pearson: 0.6559173615021003 Spearmen: 0.8112068658498278 IFSpear: -0.8112068658498278 error: 0.9536172948210612
id: 1 itt: 11000 Cost: 13.972245833216997 Pearson: 0.6564753791228722 Spearmen: 0.8106900372095847 IFSpear: -0.8106900372095847 error: 0.9528992567943901
id: 1 itt: 12000 Cost: 13.964778090938188 Pearson: 0.6569048715843724 Spearmen: 0.8133169034736009 IFSpear: -0.8133169034736009 error: 0.9523899609981129
id: 1 itt: 13000 Cost: 13.959495725850402 Pearson: 0.6573015827396982 Spearmen: 0.8153923207661863 IFSpear: -0.8153923207661863 error: 0.9520297066892243
id: 1 itt: 14000 Cost: 13.955248265374703 Pearson: 0.6577007932581093 Spearmen: 0.816999496619666 IFSpear: -0.816999496619666 error: 0.9517400322890691
id: 1 itt: 15000 Cost: 13.951521408332654 Pearson: 0.6580782906900223 Spearmen: 0.819075302746931 IFSpear: -0.819075302746931 error: 0.9514858627483999
id: 1 itt: 16000 Cost: 13.949397293859125 Pearson: 0.6584688356272829 Spearmen: 0.8203776486225778 IFSpear: -0.8203776486225778 error: 0.9513409993436664
id: 1 itt: 17000 Cost: 13.94723891834837 Pearson: 0.6585772637095696 Spearmen: 0.82100517756544 IFSpear: -0.82100517756544 error: 0.9511937993555878
id: 1 itt: 18000 Cost: 13.945999351398521 Pearson: 0.658776266396488 Spearmen: 0.8212758210592511 IFSpear: -0.8212758210592511 error: 0.9511092615912687
id: 1 itt: 19000 Cost: 13.944964433525662 Pearson: 0.6588703929966887 Spearmen: 0.8209438611073306 IFSpear: -0.8209438611073306 error: 0.9510386807781579
id: 1 itt: 20000 Cost: 13.944214232791184 Pearson: 0.6589735361762916 Spearmen: 0.8213314874948723 IFSpear: -0.8213314874948723 error: 0.9509875175127198
id: 1 itt: 21000 Cost: 13.943577569086829 Pearson: 0.6590043510759283 Spearmen: 0.821355297490016 IFSpear: -0.821355297490016 error: 0.9509440974084682
id: 1 itt: 22000 Cost: 13.942981478557058 Pearson: 0.6590006269152555 Spearmen: 0.8214936080204116 IFSpear: -0.8214936080204116 error: 0.9509034443717568
id: 1 itt: 23000 Cost: 13.94257446300114 Pearson: 0.6590675437485635 Spearmen: 0.8218578522719233 IFSpear: -0.8218578522719233 error: 0.9508756861412354
id: 1 itt: 24000 Cost: 13.942143976688211 Pearson: 0.6590099721676209 Spearmen: 0.8223495652902177 IFSpear: -0.8223495652902177 error: 0.9508463272183717
id: 1 itt: 25000 Cost: 13.941746863113924 Pearson: 0.6591807770274718 Spearmen: 0.8222464482227819 IFSpear: -0.8222464482227819 error: 0.9508192442973926
id: 1 itt: 26000 Cost: 13.941343661291182 Pearson: 0.6591851730938019 Spearmen: 0.8220783742317066 IFSpear: -0.8220783742317066 error: 0.9507917461613152
id: 1 itt: 27000 Cost: 13.941032187985867 Pearson: 0.6593106205000585 Spearmen: 0.8225150156099238 IFSpear: -0.8225150156099238 error: 0.950770503858203
id: 1 itt: 28000 Cost: 13.940687809167214 Pearson: 0.6593087468497788 Spearmen: 0.8228261319294042 IFSpear: -0.8228261319294042 error: 0.9507470174177076
id: 1 itt: 29000 Cost: 13.940491511675459 Pearson: 0.6593812054899533 Spearmen: 0.8229691425605085 IFSpear: -0.8229691425605085 error: 0.9507336300398848
id: 1 itt: 0 Cost: 178.84489745922548 Pearson: -0.0007748878340037672 Spearmen: -0.002551248095086481 IFSpear: 0.002551248095086481 error: 12.197120771036904
id: 1 itt: 1000 Cost: 63.31798919357403 Pearson: 0.05663924839233478 Spearmen: 0.03116464592105306 IFSpear: -0.03116464592105306 error: 4.31825102166701
id: 1 itt: 2000 Cost: 22.630465416713985 Pearson: 0.3732204873617495 Spearmen: 0.21957748507676492 IFSpear: -0.21957748507676492 error: 1.5433849313781247
id: 1 itt: 3000 Cost: 16.39836563447926 Pearson: 0.6641713958797589 Spearmen: 0.6630765000980338 IFSpear: -0.6630765000980338 error: 1.1183592539281992
id: 1 itt: 4000 Cost: 14.373079381996263 Pearson: 0.7515453668211853 Spearmen: 0.7927624349619637 IFSpear: -0.7927624349619637 error: 0.9802358779281223
id: 1 itt: 5000 Cost: 13.462046600307342 Pearson: 0.7837496270619189 Spearmen: 0.8296766636047405 IFSpear: -0.8296766636047405 error: 0.918103957909734
id: 1 itt: 6000 Cost: 13.186396256258485 Pearson: 0.7932103288637044 Spearmen: 0.8432321354258934 IFSpear: -0.8432321354258934 error: 0.899304760478293
id: 1 itt: 7000 Cost: 12.931744531333326 Pearson: 0.8012713620634757 Spearmen: 0.8542303892393213 IFSpear: -0.8542303892393213 error: 0.881937656984758
id: 1 itt: 8000 Cost: 12.680630320634725 Pearson: 0.8091849497164856 Spearmen: 0.8646413155099589 IFSpear: -0.8646413155099589 error: 0.8648118099590538
id: 1 itt: 9000 Cost: 12.526161910537178 Pearson: 0.814099810175265 Spearmen: 0.8719062911160003 IFSpear: -0.8719062911160003 error: 0.8542771518277007
id: 1 itt: 10000 Cost: 12.44997770845796 Pearson: 0.8164005059644092 Spearmen: 0.8741511328700551 IFSpear: -0.8741511328700551 error: 0.8490814323701905
id: 1 itt: 11000 Cost: 12.398015712011185 Pearson: 0.818019394137661 Spearmen: 0.8757844774990252 IFSpear: -0.8757844774990252 error: 0.845537653625762
id: 1 itt: 12000 Cost: 12.366502957749372 Pearson: 0.8189626015629932 Spearmen: 0.8769300887015649 IFSpear: -0.8769300887015649 error: 0.843388501622994
id: 1 itt: 13000 Cost: 12.34420352445437 Pearson: 0.8196483357171176 Spearmen: 0.8778659877524966 IFSpear: -0.8778659877524966 error: 0.8418676928949349
id: 1 itt: 14000 Cost: 12.332090624716757 Pearson: 0.8200208910783515 Spearmen: 0.8784007616163065 IFSpear: -0.8784007616163065 error: 0.8410415999893723
id: 1 itt: 15000 Cost: 12.32277566011538 Pearson: 0.8203367577850831 Spearmen: 0.8784822431335352 IFSpear: -0.8784822431335352 error: 0.8404063246763216
id: 1 itt: 16000 Cost: 12.317277448882303 Pearson: 0.820504956418417 Spearmen: 0.8788113694621956 IFSpear: -0.8788113694621956 error: 0.8400313497825045
id: 1 itt: 17000 Cost: 12.314340739352293 Pearson: 0.8205877610667396 Spearmen: 0.8788373921437312 IFSpear: -0.8788373921437312 error: 0.8398310678548909
id: 1 itt: 18000 Cost: 12.312142717980658 Pearson: 0.8206510886910005 Spearmen: 0.8788818145499151 IFSpear: -0.8788818145499151 error: 0.8396811640415419
id: 1 itt: 19000 Cost: 12.311104911806295 Pearson: 0.8206713527060852 Spearmen: 0.8789100228992588 IFSpear: -0.8789100228992588 error: 0.8396103862479036
id: 1 itt: 20000 Cost: 12.310422886949317 Pearson: 0.8206948615315315 Spearmen: 0.8788632959349273 IFSpear: -0.8788632959349273 error: 0.8395638725387199
id: 1 itt: 21000 Cost: 12.309730633237235 Pearson: 0.8207172155309844 Spearmen: 0.8788348989929444 IFSpear: -0.8788348989929444 error: 0.8395166612274082
id: 1 itt: 22000 Cost: 12.309226078802196 Pearson: 0.8207274929237826 Spearmen: 0.8788798666945492 IFSpear: -0.8788798666945492 error: 0.839482250900543
id: 1 itt: 23000 Cost: 12.308905744598437 Pearson: 0.820742176008587 Spearmen: 0.8789023815728599 IFSpear: -0.8789023815728599 error: 0.8394604042891727
id: 1 itt: 24000 Cost: 12.3087272584179 Pearson: 0.8207444347516 Spearmen: 0.8789032905442675 IFSpear: -0.8789032905442675 error: 0.8394482316326928
id: 1 itt: 25000 Cost: 12.308569731391797 Pearson: 0.8207550073207067 Spearmen: 0.8788957380822379 IFSpear: -0.8788957380822379 error: 0.8394374883786812
id: 1 itt: 26000 Cost: 12.30843816737161 Pearson: 0.8207599516083319 Spearmen: 0.8788999973383755 IFSpear: -0.8788999973383755 error: 0.8394285157869766
id: 1 itt: 27000 Cost: 12.308327298172776 Pearson: 0.8207641593420503 Spearmen: 0.8788962394138503 IFSpear: -0.8788962394138503 error: 0.8394209545703739
id: 1 itt: 28000 Cost: 12.30824438477561 Pearson: 0.8207682390362472 Spearmen: 0.8788796998947496 IFSpear: -0.8788796998947496 error: 0.8394152999236206
id: 1 itt: 29000 Cost: 12.308181388557838 Pearson: 0.8207698721028344 Spearmen: 0.8789037226651483 IFSpear: -0.8789037226651483 error: 0.8394110036172278
id: 1 itt: 0 Cost: 131.1232955988981 Pearson: -0.001788161873726683 Spearmen: -0.002551248095086481 IFSpear: 0.002551248095086481 error: 8.942534537116215
id: 1 itt: 1000 Cost: 39.71408303061774 Pearson: 0.06726248243938053 Spearmen: 0.05595406261806648 IFSpear: -0.05595406261806648 error: 2.708477982414169
id: 1 itt: 2000 Cost: 29.23639666401934 Pearson: 0.4140056057626165 Spearmen: 0.41647512427539196 IFSpear: -0.41647512427539196 error: 1.9939057031374623
id: 1 itt: 3000 Cost: 25.026799845733024 Pearson: 0.6418822012643495 Spearmen: 0.6664192136557119 IFSpear: -0.6664192136557119 error: 1.7068135829850442
id: 1 itt: 4000 Cost: 23.270286061580975 Pearson: 0.722038657183969 Spearmen: 0.7332804114333773 IFSpear: -0.7332804114333773 error: 1.5870203371856884
id: 1 itt: 5000 Cost: 22.177905915497696 Pearson: 0.767135963676441 Spearmen: 0.767136757230661 IFSpear: -0.767136757230661 error: 1.5125206295678157
id: 1 itt: 6000 Cost: 21.502695390442376 Pearson: 0.793422975500099 Spearmen: 0.7869117968107424 IFSpear: -0.7869117968107424 error: 1.4664716539639544
id: 1 itt: 7000 Cost: 21.276305525596218 Pearson: 0.8015977191245309 Spearmen: 0.7915615740044127 IFSpear: -0.7915615740044127 error: 1.4510319933300977
id: 1 itt: 8000 Cost: 21.18569534009502 Pearson: 0.8052797966956085 Spearmen: 0.7946394207312415 IFSpear: -0.7946394207312415 error: 1.444852429969079
id: 1 itt: 9000 Cost: 21.142529947958675 Pearson: 0.8066985961466016 Spearmen: 0.7952897529151698 IFSpear: -0.7952897529151698 error: 1.441908574659278
id: 1 itt: 10000 Cost: 21.118448495997562 Pearson: 0.8073689006232704 Spearmen: 0.796365254188489 IFSpear: -0.796365254188489 error: 1.4402662332669072
id: 1 itt: 11000 Cost: 21.104822880962725 Pearson: 0.8076524104127608 Spearmen: 0.7965995564488257 IFSpear: -0.7965995564488257 error: 1.4393369740343511
id: 1 itt: 12000 Cost: 21.09671726670443 Pearson: 0.8083147636477934 Spearmen: 0.7971353724086744 IFSpear: -0.7971353724086744 error: 1.438784175730142
id: 1 itt: 13000 Cost: 21.090096796865765 Pearson: 0.8085460200461488 Spearmen: 0.7974123469757962 IFSpear: -0.7974123469757962 error: 1.4383326634346816
id: 1 itt: 14000 Cost: 21.0813389474415 Pearson: 0.8088521073235441 Spearmen: 0.7975735051804511 IFSpear: -0.7975735051804511 error: 1.437735383061353
id: 1 itt: 15000 Cost: 21.07582848147631 Pearson: 0.8088265082370554 Spearmen: 0.7975308070212321 IFSpear: -0.7975308070212321 error: 1.437359572401743
id: 1 itt: 16000 Cost: 21.07010310835315 Pearson: 0.8091572110956053 Spearmen: 0.7982479982970969 IFSpear: -0.7982479982970969 error: 1.4369691051956075
id: 1 itt: 17000 Cost: 21.06148579380585 Pearson: 0.8094452765605347 Spearmen: 0.7987100390549103 IFSpear: -0.7987100390549103 error: 1.4363814092213383
id: 1 itt: 18000 Cost: 21.051776480081934 Pearson: 0.809590453842832 Spearmen: 0.7992811004306389 IFSpear: -0.7992811004306389 error: 1.435719239521353
id: 1 itt: 19000 Cost: 21.041557779005686 Pearson: 0.8097480472403694 Spearmen: 0.7995389921324971 IFSpear: -0.7995389921324971 error: 1.4350223298922786
id: 1 itt: 20000 Cost: 21.035430187354784 Pearson: 0.8094612835735165 Spearmen: 0.7992836612685494 IFSpear: -0.7992836612685494 error: 1.4346044316102284
id: 1 itt: 21000 Cost: 21.030325674105132 Pearson: 0.8097846904078333 Spearmen: 0.7998181691987091 IFSpear: -0.7998181691987091 error: 1.434256306696027
id: 1 itt: 22000 Cost: 21.027062139814888 Pearson: 0.8099864721480816 Spearmen: 0.800001679342321 IFSpear: -0.800001679342321 error: 1.4340337355047654
id: 1 itt: 23000 Cost: 21.021776831420315 Pearson: 0.8102570836386903 Spearmen: 0.8006334317617383 IFSpear: -0.8006334317617383 error: 1.43367328046402
id: 1 itt: 24000 Cost: 21.011391740034615 Pearson: 0.8100791075643216 Spearmen: 0.8004752143426314 IFSpear: -0.8004752143426314 error: 1.432965023110027
id: 1 itt: 25000 Cost: 21.001978463651955 Pearson: 0.810822347487275 Spearmen: 0.8011962678900125 IFSpear: -0.8011962678900125 error: 1.4323230429891423
id: 1 itt: 26000 Cost: 20.987622406216975 Pearson: 0.8111128045720335 Spearmen: 0.801724128246764 IFSpear: -0.801724128246764 error: 1.4313439679983655
id: 1 itt: 27000 Cost: 20.97436294880852 Pearson: 0.8113701743074753 Spearmen: 0.80170341704471 IFSpear: -0.80170341704471 error: 1.4304396805086639
id: 1 itt: 28000 Cost: 20.96379517880624 Pearson: 0.812269628074088 Spearmen: 0.8027271044763402 IFSpear: -0.8027271044763402 error: 1.4297189645764259
id: 1 itt: 29000 Cost: 20.947694329383662 Pearson: 0.8125334671606568 Spearmen: 0.8027452775337748 IFSpear: -0.8027452775337748 error: 1.4286208957597393
id: 1 itt: 0 Cost: 184.94859491691162 Pearson: -0.0004659051138360933 Spearmen: -0.002551248095086481 IFSpear: 0.002551248095086481 error: 12.613389482635132
id: 1 itt: 1000 Cost: 76.17827077686134 Pearson: 0.03158490573973522 Spearmen: 0.01693640549238824 IFSpear: -0.01693640549238824 error: 5.1953149460468415
id: 1 itt: 2000 Cost: 25.343809481976905 Pearson: 0.3105289097460345 Spearmen: 0.14406096825267564 IFSpear: -0.14406096825267564 error: 1.7284334607326362
id: 1 itt: 3000 Cost: 16.6212782189879 Pearson: 0.6251813233444121 Spearmen: 0.5825227264753863 IFSpear: -0.5825227264753863 error: 1.1335617660113622
id: 1 itt: 4000 Cost: 14.247045074816764 Pearson: 0.7389846812152163 Spearmen: 0.7915367615310753 IFSpear: -0.7915367615310753 error: 0.9716404095205722
id: 1 itt: 5000 Cost: 13.618286516375717 Pearson: 0.7651447354540128 Spearmen: 0.8336446389587207 IFSpear: -0.8336446389587207 error: 0.9287594317455313
id: 1 itt: 6000 Cost: 13.455293839619603 Pearson: 0.7714685155105532 Spearmen: 0.8429259854488212 IFSpear: -0.8429259854488212 error: 0.9176434234532502
id: 1 itt: 7000 Cost: 13.383278804710985 Pearson: 0.7740607064425712 Spearmen: 0.845843903505119 IFSpear: -0.845843903505119 error: 0.9127320388368056
id: 1 itt: 8000 Cost: 13.302334231321334 Pearson: 0.7770817312405583 Spearmen: 0.8488409734026425 IFSpear: -0.8488409734026425 error: 0.9072116647505463
id: 1 itt: 9000 Cost: 13.175963296370309 Pearson: 0.7817547316716855 Spearmen: 0.853067743300164 IFSpear: -0.853067743300164 error: 0.8985932385195272
id: 1 itt: 10000 Cost: 13.032435313755776 Pearson: 0.7872579562928569 Spearmen: 0.8605955699384461 IFSpear: -0.8605955699384461 error: 0.8888047113496543
id: 1 itt: 11000 Cost: 12.895309108955507 Pearson: 0.7924687285789429 Spearmen: 0.8678908496894301 IFSpear: -0.8678908496894301 error: 0.8794527818029692
id: 1 itt: 12000 Cost: 12.817477129150165 Pearson: 0.7955303269581276 Spearmen: 0.8716131825596128 IFSpear: -0.8716131825596128 error: 0.8741446848372667
id: 1 itt: 13000 Cost: 12.777532959025056 Pearson: 0.7969722545362867 Spearmen: 0.8728434703632956 IFSpear: -0.8728434703632956 error: 0.8714205150452498
id: 1 itt: 14000 Cost: 12.758155938773541 Pearson: 0.7977426132638863 Spearmen: 0.8733115835500894 IFSpear: -0.8733115835500894 error: 0.8700990132325159
id: 1 itt: 15000 Cost: 12.745089330277764 Pearson: 0.7982933004022814 Spearmen: 0.874239997029019 IFSpear: -0.874239997029019 error: 0.8692078779294964
id: 1 itt: 16000 Cost: 12.738217917729301 Pearson: 0.7984531989075981 Spearmen: 0.8744201015524903 IFSpear: -0.8744201015524903 error: 0.8687392514832745
id: 1 itt: 17000 Cost: 12.733532165918152 Pearson: 0.7986591924713772 Spearmen: 0.8748596197186636 IFSpear: -0.8748596197186636 error: 0.8684196858621379
id: 1 itt: 18000 Cost: 12.730410245828837 Pearson: 0.7987866854370941 Spearmen: 0.874744998066648 IFSpear: -0.874744998066648 error: 0.8682067726792186
id: 1 itt: 19000 Cost: 12.728560884264379 Pearson: 0.7988512467812396 Spearmen: 0.8748169367077999 IFSpear: -0.8748169367077999 error: 0.8680806472673591
id: 1 itt: 20000 Cost: 12.727424067178463 Pearson: 0.7988943690229824 Spearmen: 0.8748415615655838 IFSpear: -0.8748415615655838 error: 0.8680031169855983
id: 1 itt: 21000 Cost: 12.726626036055407 Pearson: 0.7989197944481417 Spearmen: 0.8749429997796957 IFSpear: -0.8749429997796957 error: 0.8679486917147339
id: 1 itt: 22000 Cost: 12.726013481268483 Pearson: 0.7989583616358705 Spearmen: 0.8749795617493028 IFSpear: -0.8749795617493028 error: 0.8679069158250039
id: 1 itt: 23000 Cost: 12.725495947174123 Pearson: 0.7989431817233481 Spearmen: 0.8749719319054239 IFSpear: -0.8749719319054239 error: 0.8678716202927202
id: 1 itt: 24000 Cost: 12.7252900900805 Pearson: 0.7989447701210551 Spearmen: 0.874961094804899 IFSpear: -0.874961094804899 error: 0.8678575809554613
id: 1 itt: 25000 Cost: 12.725105869302084 Pearson: 0.798962949779536 Spearmen: 0.8749589287241777 IFSpear: -0.8749589287241777 error: 0.8678450172026521
id: 1 itt: 26000 Cost: 12.72495215121909 Pearson: 0.79897541798931 Spearmen: 0.8749933144933206 IFSpear: -0.8749933144933206 error: 0.8678345337164045
id: 1 itt: 27000 Cost: 12.724787827406704 Pearson: 0.7989859483507291 Spearmen: 0.8750430785108329 IFSpear: -0.8750430785108329 error: 0.8678233269254158
id: 1 itt: 28000 Cost: 12.724679627147443 Pearson: 0.7989871148453955 Spearmen: 0.8749764011447113 IFSpear: -0.8749764011447113 error: 0.8678159477289812
id: 1 itt: 29000 Cost: 12.724604519196712 Pearson: 0.7989865472201443 Spearmen: 0.875003110297424 IFSpear: -0.875003110297424 error: 0.8678108254092562
id: 1 itt: 0 Cost: 147.87037383321305 Pearson: -0.001605607444724101 Spearmen: -0.002551248095086481 IFSpear: 0.002551248095086481 error: 10.084675792963413
id: 1 itt: 1000 Cost: 42.83069906253296 Pearson: 0.07853801148643727 Spearmen: 0.05045385593853142 IFSpear: -0.05045385593853142 error: 2.9210294316210796
id: 1 itt: 2000 Cost: 25.63193067089291 Pearson: 0.3907991598399483 Spearmen: 0.3660138839048102 IFSpear: -0.3660138839048102 error: 1.7480831627248579
id: 1 itt: 3000 Cost: 19.247351922224205 Pearson: 0.7032765568973456 Spearmen: 0.7193791217742157 IFSpear: -0.7193791217742157 error: 1.3126585060753047
id: 1 itt: 4000 Cost: 16.61792295428733 Pearson: 0.7953023124814173 Spearmen: 0.8109260982133507 IFSpear: -0.8109260982133507 error: 1.1333329388580407
id: 1 itt: 5000 Cost: 15.72998753685726 Pearson: 0.8241452150458363 Spearmen: 0.8363408429947123 IFSpear: -0.8363408429947123 error: 1.0727762460077748
id: 1 itt: 6000 Cost: 15.43280868129229 Pearson: 0.8311091617027186 Spearmen: 0.8412053684769615 IFSpear: -0.8412053684769615 error: 1.0525088162772125
id: 1 itt: 7000 Cost: 15.290093491537244 Pearson: 0.8353241809827986 Spearmen: 0.845283428768803 IFSpear: -0.845283428768803 error: 1.0427757211202728
id: 1 itt: 8000 Cost: 15.223433037729857 Pearson: 0.8358207758280738 Spearmen: 0.8447085923609807 IFSpear: -0.8447085923609807 error: 1.0382295159039556
id: 1 itt: 9000 Cost: 15.168740482637155 Pearson: 0.8373126533725768 Spearmen: 0.8458352564264325 IFSpear: -0.8458352564264325 error: 1.0344995146055158
id: 1 itt: 10000 Cost: 15.142088415062767 Pearson: 0.8379137932781866 Spearmen: 0.8461701279925022 IFSpear: -0.8461701279925022 error: 1.032681858683424
id: 1 itt: 11000 Cost: 15.124224285275575 Pearson: 0.8385078037551372 Spearmen: 0.8464687163885837 IFSpear: -0.8464687163885837 error: 1.031463535143981
id: 1 itt: 12000 Cost: 15.11535306465748 Pearson: 0.838578975352811 Spearmen: 0.8463868313274541 IFSpear: -0.8463868313274541 error: 1.0308585229194076
id: 1 itt: 13000 Cost: 15.10922088693707 Pearson: 0.8387745990508807 Spearmen: 0.8466626418292182 IFSpear: -0.8466626418292182 error: 1.030440311870013
id: 1 itt: 14000 Cost: 15.104831218766561 Pearson: 0.8391120737788451 Spearmen: 0.846947893178756 IFSpear: -0.846947893178756 error: 1.030140938985569
id: 1 itt: 15000 Cost: 15.100429206597513 Pearson: 0.8390493652380798 Spearmen: 0.8469188422080635 IFSpear: -0.8469188422080635 error: 1.0298407242474117
id: 1 itt: 16000 Cost: 15.0972941771964 Pearson: 0.8392745397218002 Spearmen: 0.8470490858202083 IFSpear: -0.8470490858202083 error: 1.0296269170168484
id: 1 itt: 17000 Cost: 15.094828924368807 Pearson: 0.8390232674356791 Spearmen: 0.846910160391414 IFSpear: -0.846910160391414 error: 1.0294587881694703
id: 1 itt: 18000 Cost: 15.092100522001656 Pearson: 0.8390376958465966 Spearmen: 0.8469748861597 IFSpear: -0.8469748861597 error: 1.0292727126724508
id: 1 itt: 19000 Cost: 15.089800940057167 Pearson: 0.8390567771946551 Spearmen: 0.847039718979356 IFSpear: -0.847039718979356 error: 1.0291158824855218
id: 1 itt: 20000 Cost: 15.087637381124146 Pearson: 0.8391434885981232 Spearmen: 0.8471680528041549 IFSpear: -0.8471680528041549 error: 1.0289683289909786
id: 1 itt: 21000 Cost: 15.085610797255208 Pearson: 0.8391550444264875 Spearmen: 0.8472473911023469 IFSpear: -0.8472473911023469 error: 1.028830117118271
id: 1 itt: 22000 Cost: 15.083554656442361 Pearson: 0.839324458599188 Spearmen: 0.847344112756043 IFSpear: -0.847344112756043 error: 1.0286898894787193
id: 1 itt: 23000 Cost: 15.081714023585452 Pearson: 0.8393855106219574 Spearmen: 0.8474594147237979 IFSpear: -0.8474594147237979 error: 1.0285643593597737
id: 1 itt: 24000 Cost: 15.078961437566248 Pearson: 0.8393225913544664 Spearmen: 0.847438830705211 IFSpear: -0.847438830705211 error: 1.0283766345513734
id: 1 itt: 25000 Cost: 15.076217066786926 Pearson: 0.8393157720461203 Spearmen: 0.8474665424198097 IFSpear: -0.8474665424198097 error: 1.0281894700176828
id: 1 itt: 26000 Cost: 15.072571145783778 Pearson: 0.8394894342757914 Spearmen: 0.8476934938002464 IFSpear: -0.8476934938002464 error: 1.0279408202690525
id: 1 itt: 27000 Cost: 15.068309405060441 Pearson: 0.8396123989534757 Spearmen: 0.8480192660759943 IFSpear: -0.8480192660759943 error: 1.027650171964092
id: 1 itt: 28000 Cost: 15.064058288392838 Pearson: 0.8394269722443048 Spearmen: 0.8478652032423558 IFSpear: -0.8478652032423558 error: 1.0273602482137185
id: 1 itt: 29000 Cost: 15.060845199017015 Pearson: 0.8394733879437212 Spearmen: 0.8478937237579336 IFSpear: -0.8478937237579336 error: 1.0271411173370661
id: 1 itt: 0 Cost: 200.72179977759285 Pearson: 0.0007805869592193118 Spearmen: -0.002551248095086481 IFSpear: 0.002551248095086481 error: 13.689113125664408
id: 1 itt: 1000 Cost: 85.4984582717175 Pearson: 0.10429599220718465 Spearmen: 0.033109618141877864 IFSpear: -0.033109618141877864 error: 5.830946457476381
id: 1 itt: 2000 Cost: 29.599954416497884 Pearson: 0.24494877234920093 Spearmen: 0.07586850060895628 IFSpear: -0.07586850060895628 error: 2.01870013606356
id: 1 itt: 3000 Cost: 16.709285913014117 Pearson: 0.5114484444849181 Spearmen: 0.20866915506957961 IFSpear: -0.20866915506957961 error: 1.139563840926935
id: 1 itt: 4000 Cost: 14.983247941030516 Pearson: 0.6053591640384505 Spearmen: 0.5216004162708425 IFSpear: -0.5216004162708425 error: 1.0218490282665438
id: 1 itt: 5000 Cost: 14.290852107392551 Pearson: 0.6520186669135322 Spearmen: 0.7320451185764469 IFSpear: -0.7320451185764469 error: 0.9746280243451406
id: 1 itt: 6000 Cost: 14.092216070375851 Pearson: 0.6638970307452748 Spearmen: 0.7881689203612272 IFSpear: -0.7881689203612272 error: 0.9610811590591171
id: 1 itt: 7000 Cost: 14.028375590319689 Pearson: 0.6672545031469559 Spearmen: 0.8078356862760657 IFSpear: -0.8078356862760657 error: 0.956727274456379
id: 1 itt: 8000 Cost: 14.002043285831546 Pearson: 0.6688070316705613 Spearmen: 0.8131157589386162 IFSpear: -0.8131157589386162 error: 0.9549314261957663
id: 1 itt: 9000 Cost: 13.971556719511119 Pearson: 0.6709581140229477 Spearmen: 0.8164819643331188 IFSpear: -0.8164819643331188 error: 0.9528522596297241
id: 1 itt: 10000 Cost: 13.954932278910862 Pearson: 0.672159725903012 Spearmen: 0.8196886143163804 IFSpear: -0.8196886143163804 error: 0.9517184821911003
id: 1 itt: 11000 Cost: 13.944583899508725 Pearson: 0.6727534921734971 Spearmen: 0.821077277902153 IFSpear: -0.821077277902153 error: 0.9510127285736052
id: 1 itt: 12000 Cost: 13.935477833915902 Pearson: 0.6738378712516738 Spearmen: 0.824066906689101 IFSpear: -0.824066906689101 error: 0.9503917000546901
id: 1 itt: 13000 Cost: 13.928390821953341 Pearson: 0.6738770690491274 Spearmen: 0.8257829503671024 IFSpear: -0.8257829503671024 error: 0.9499083698504676
id: 1 itt: 14000 Cost: 13.922028936667875 Pearson: 0.6745304315963772 Spearmen: 0.8269089896942281 IFSpear: -0.8269089896942281 error: 0.9494744928751626
id: 1 itt: 15000 Cost: 13.914939359584812 Pearson: 0.6750268230266647 Spearmen: 0.8281295637785742 IFSpear: -0.8281295637785742 error: 0.9489909877311737
id: 1 itt: 16000 Cost: 13.909191679557427 Pearson: 0.6754190739992252 Spearmen: 0.8286586910159993 IFSpear: -0.8286586910159993 error: 0.9485989992067972
id: 1 itt: 17000 Cost: 13.90350920254929 Pearson: 0.6760809451415078 Spearmen: 0.8294928515371512 IFSpear: -0.8294928515371512 error: 0.9482114574914253
id: 1 itt: 18000 Cost: 13.898053458323384 Pearson: 0.6765323934788138 Spearmen: 0.8314338416659228 IFSpear: -0.8314338416659228 error: 0.9478393788234586
id: 1 itt: 19000 Cost: 13.892578165721778 Pearson: 0.6770779554546378 Spearmen: 0.8318099847237727 IFSpear: -0.8318099847237727 error: 0.9474659669673346
id: 1 itt: 20000 Cost: 13.888227188820206 Pearson: 0.6774078913793223 Spearmen: 0.8335709502529579 IFSpear: -0.8335709502529579 error: 0.9471692328055308
id: 1 itt: 21000 Cost: 13.883275358815265 Pearson: 0.6779445203914829 Spearmen: 0.8348571464731991 IFSpear: -0.8348571464731991 error: 0.9468315208021917
id: 1 itt: 22000 Cost: 13.879958415875373 Pearson: 0.678119364527099 Spearmen: 0.8345301589949239 IFSpear: -0.8345301589949239 error: 0.9466053071712565
id: 1 itt: 23000 Cost: 13.87733219210478 Pearson: 0.6786031533541299 Spearmen: 0.8353759800002538 IFSpear: -0.8353759800002538 error: 0.9464262001966837
id: 1 itt: 24000 Cost: 13.875535710498939 Pearson: 0.6787531349179932 Spearmen: 0.8353364748744814 IFSpear: -0.8353364748744814 error: 0.9463036811680691
id: 1 itt: 25000 Cost: 13.873876875557238 Pearson: 0.678821991696019 Spearmen: 0.8356958988130055 IFSpear: -0.8356958988130055 error: 0.9461905495640336
id: 1 itt: 26000 Cost: 13.87268129947455 Pearson: 0.6789883423421933 Spearmen: 0.8364581266654282 IFSpear: -0.8364581266654282 error: 0.9461090119519535
id: 1 itt: 27000 Cost: 13.871370380190617 Pearson: 0.6790390211969378 Spearmen: 0.8356053977760715 IFSpear: -0.8356053977760715 error: 0.9460196079988392
id: 1 itt: 28000 Cost: 13.870591637881924 Pearson: 0.679109410121143 Spearmen: 0.8357035841990058 IFSpear: -0.8357035841990058 error: 0.9459664982141955
id: 1 itt: 29000 Cost: 13.869654587867538 Pearson: 0.6791769234641929 Spearmen: 0.8358204047029304 IFSpear: -0.8358204047029304 error: 0.9459025919336345
id: 1 itt: 0 Cost: 203.4683746495051 Pearson: 0.0010678097920298244 Spearmen: -0.002551248095086481 IFSpear: 0.002551248095086481 error: 13.876427977222006
id: 1 itt: 1000 Cost: 83.39920841770764 Pearson: 0.05021655125057672 Spearmen: 0.032958890233366005 IFSpear: -0.032958890233366005 error: 5.687778805719487
id: 1 itt: 2000 Cost: 31.729595388339256 Pearson: 0.2337768189566281 Spearmen: 0.0938724713631909 IFSpear: -0.0938724713631909 error: 2.1639404448535813
id: 1 itt: 3000 Cost: 16.927298089156803 Pearson: 0.48690525649924454 Spearmen: 0.1540235042654289 IFSpear: -0.1540235042654289 error: 1.15443214793343
id: 1 itt: 4000 Cost: 14.816396226179837 Pearson: 0.5838585237763038 Spearmen: 0.46455890972174024 IFSpear: -0.46455890972174024 error: 1.0104698357606334
id: 1 itt: 5000 Cost: 14.315830978617745 Pearson: 0.6195822555069378 Spearmen: 0.6893217877488054 IFSpear: -0.6893217877488054 error: 0.9763315692233352
id: 1 itt: 6000 Cost: 14.144376872279722 Pearson: 0.6309988175262252 Spearmen: 0.7547964469601298 IFSpear: -0.7547964469601298 error: 0.964638496223185
id: 1 itt: 7000 Cost: 14.071368280891413 Pearson: 0.6355880100305182 Spearmen: 0.7764669341420916 IFSpear: -0.7764669341420916 error: 0.9596593516172311
id: 1 itt: 8000 Cost: 14.042520210660467 Pearson: 0.6379638214081095 Spearmen: 0.7897612581227327 IFSpear: -0.7897612581227327 error: 0.957691929557016
id: 1 itt: 9000 Cost: 14.029127292390731 Pearson: 0.6387936985032168 Spearmen: 0.793844768274177 IFSpear: -0.793844768274177 error: 0.9567785401121208
id: 1 itt: 10000 Cost: 14.013282476176093 Pearson: 0.6397732434588795 Spearmen: 0.7943180420079583 IFSpear: -0.7943180420079583 error: 0.9556979326152875
id: 1 itt: 11000 Cost: 14.007841566576332 Pearson: 0.6402822019415738 Spearmen: 0.7980001318410146 IFSpear: -0.7980001318410146 error: 0.9553268656604268
id: 1 itt: 12000 Cost: 14.00331855158806 Pearson: 0.640707977357012 Spearmen: 0.7996948468770316 IFSpear: -0.7996948468770316 error: 0.9550183985984927
id: 1 itt: 13000 Cost: 14.00101673206718 Pearson: 0.6408382606817662 Spearmen: 0.8026922074131438 IFSpear: -0.8026922074131438 error: 0.9548614158101203
id: 1 itt: 14000 Cost: 13.999059092588052 Pearson: 0.6409755741058444 Spearmen: 0.8035467115893297 IFSpear: -0.8035467115893297 error: 0.9547279059057715
id: 1 itt: 15000 Cost: 13.997947205290142 Pearson: 0.6410750247251294 Spearmen: 0.8047369956410149 IFSpear: -0.8047369956410149 error: 0.9546520758214411
id: 1 itt: 16000 Cost: 13.997108241032334 Pearson: 0.6410448230945412 Spearmen: 0.8041694140410789 IFSpear: -0.8041694140410789 error: 0.9545948589339567
id: 1 itt: 17000 Cost: 13.996319780126617 Pearson: 0.6410531170597474 Spearmen: 0.8046626128324219 IFSpear: -0.8046626128324219 error: 0.9545410863464975
id: 1 itt: 18000 Cost: 13.995718370784376 Pearson: 0.6411715970566698 Spearmen: 0.8052780354683396 IFSpear: -0.8052780354683396 error: 0.9545000705697861
id: 1 itt: 19000 Cost: 13.995370547100112 Pearson: 0.6412711428433527 Spearmen: 0.8054005138401749 IFSpear: -0.8054005138401749 error: 0.954476349191406
id: 1 itt: 20000 Cost: 13.995039360408349 Pearson: 0.6412540206159562 Spearmen: 0.8060121137629292 IFSpear: -0.8060121137629292 error: 0.9544537624464969
id: 1 itt: 21000 Cost: 13.994749151616173 Pearson: 0.6413225388457517 Spearmen: 0.8062926727800421 IFSpear: -0.8062926727800421 error: 0.9544339703711441
id: 1 itt: 22000 Cost: 13.99456199106407 Pearson: 0.6413318176860265 Spearmen: 0.8062302373033459 IFSpear: -0.8062302373033459 error: 0.9544212061274335
id: 1 itt: 23000 Cost: 13.994398196554092 Pearson: 0.641315369520416 Spearmen: 0.8062476884997457 IFSpear: -0.8062476884997457 error: 0.9544100354345695
id: 1 itt: 24000 Cost: 13.994291733288572 Pearson: 0.6413845701317821 Spearmen: 0.8067299434820309 IFSpear: -0.8067299434820309 error: 0.9544027747001247
id: 1 itt: 25000 Cost: 13.99416583227278 Pearson: 0.6413737714860082 Spearmen: 0.8067318769221075 IFSpear: -0.8067318769221075 error: 0.9543941883221143
id: 1 itt: 26000 Cost: 13.99401751525338 Pearson: 0.641382442310144 Spearmen: 0.8066744700555967 IFSpear: -0.8066744700555967 error: 0.9543840731853466
id: 1 itt: 27000 Cost: 13.993905216119435 Pearson: 0.6413923176302117 Spearmen: 0.8065856320041775 IFSpear: -0.8065856320041775 error: 0.9543764144479788
id: 1 itt: 28000 Cost: 13.993817618313397 Pearson: 0.6414472764452042 Spearmen: 0.806621556405791 IFSpear: -0.806621556405791 error: 0.954370440327192
id: 1 itt: 29000 Cost: 13.993732579132285 Pearson: 0.6414371821552165 Spearmen: 0.8067818626664504 IFSpear: -0.8067818626664504 error: 0.9543646407031768
id: 1 itt: 0 Cost: 189.7272342253573 Pearson: -0.00016617008937240075 Spearmen: -0.002551248095086481 IFSpear: 0.002551248095086481 error: 12.939289978508237
id: 1 itt: 1000 Cost: 73.18437737915464 Pearson: 0.01903296971798363 Spearmen: 0.004501466284276415 IFSpear: -0.004501466284276415 error: 4.991133111025443
id: 1 itt: 2000 Cost: 23.69384509653851 Pearson: 0.34210288071129286 Spearmen: 0.14412438830189317 IFSpear: -0.14412438830189317 error: 1.6159068236129497
id: 1 itt: 3000 Cost: 16.681325244181608 Pearson: 0.597808659290292 Spearmen: 0.516892709217798 IFSpear: -0.516892709217798 error: 1.137656939139777
id: 1 itt: 4000 Cost: 14.563917983361847 Pearson: 0.7090262773397136 Spearmen: 0.7589351148158486 IFSpear: -0.7589351148158486 error: 0.9932509625165014
id: 1 itt: 5000 Cost: 13.934226923287328 Pearson: 0.7374138420178558 Spearmen: 0.8181937982661968 IFSpear: -0.8181937982661968 error: 0.950306388657903
id: 1 itt: 6000 Cost: 13.640439190222091 Pearson: 0.7509104041004676 Spearmen: 0.8387669023869697 IFSpear: -0.8387669023869697 error: 0.9302702315622676
id: 1 itt: 7000 Cost: 13.358977324127098 Pearson: 0.7634479578944454 Spearmen: 0.8530465664467585 IFSpear: -0.8530465664467585 error: 0.9110746916169093
id: 1 itt: 8000 Cost: 13.235824982460294 Pearson: 0.7689740246490179 Spearmen: 0.8619305429940833 IFSpear: -0.8619305429940833 error: 0.9026757716259799
id: 1 itt: 9000 Cost: 13.179782126121129 Pearson: 0.7713578134501927 Spearmen: 0.8659194810422618 IFSpear: -0.8659194810422618 error: 0.8988536805468732
id: 1 itt: 10000 Cost: 13.15940228266133 Pearson: 0.7721753798381852 Spearmen: 0.8670563369092693 IFSpear: -0.8670563369092693 error: 0.8974637867589854
id: 1 itt: 11000 Cost: 13.138114318517346 Pearson: 0.7732092486175569 Spearmen: 0.8676993565686957 IFSpear: -0.8676993565686957 error: 0.8960119596544807
id: 1 itt: 12000 Cost: 13.12683587233561 Pearson: 0.7735037724436705 Spearmen: 0.8683010208103388 IFSpear: -0.8683010208103388 error: 0.895242776009084
id: 1 itt: 13000 Cost: 13.122216247360436 Pearson: 0.7738605615620333 Spearmen: 0.8689187898138856 IFSpear: -0.8689187898138856 error: 0.8949277202007296
id: 1 itt: 14000 Cost: 13.11787534737261 Pearson: 0.7739654214611555 Spearmen: 0.8689616578493622 IFSpear: -0.8689616578493622 error: 0.8946316732787392
id: 1 itt: 15000 Cost: 13.114427376337067 Pearson: 0.7742411231648718 Spearmen: 0.8691210744700856 IFSpear: -0.8691210744700856 error: 0.8943965236058493
id: 1 itt: 16000 Cost: 13.112555110081082 Pearson: 0.7742985723672362 Spearmen: 0.8691816594011725 IFSpear: -0.8691816594011725 error: 0.894268836106993
id: 1 itt: 17000 Cost: 13.110608851137883 Pearson: 0.774315567521163 Spearmen: 0.8691133695564907 IFSpear: -0.8691133695564907 error: 0.8941361023487524
id: 1 itt: 18000 Cost: 13.109622340836205 Pearson: 0.7743710300884861 Spearmen: 0.8690287451422035 IFSpear: -0.8690287451422035 error: 0.894068822904595
id: 1 itt: 19000 Cost: 13.108499514760254 Pearson: 0.7744164702815661 Spearmen: 0.8690704019076955 IFSpear: -0.8690704019076955 error: 0.8939922468017941
id: 1 itt: 20000 Cost: 13.107600845509385 Pearson: 0.7744975128750106 Spearmen: 0.8691461967914733 IFSpear: -0.8691461967914733 error: 0.8939309580675793
id: 1 itt: 21000 Cost: 13.107026378836466 Pearson: 0.7744622510624823 Spearmen: 0.8693388316629074 IFSpear: -0.8693388316629074 error: 0.8938917797656647
id: 1 itt: 22000 Cost: 13.10672171611218 Pearson: 0.7745053508390004 Spearmen: 0.8692996997570996 IFSpear: -0.8692996997570996 error: 0.8938710019403237
id: 1 itt: 23000 Cost: 13.10640898639927 Pearson: 0.7745115897061614 Spearmen: 0.8693079924869836 IFSpear: -0.8693079924869836 error: 0.8938496739509249
id: 1 itt: 24000 Cost: 13.106108384405774 Pearson: 0.7745625382802998 Spearmen: 0.8692874701820891 IFSpear: -0.8692874701820891 error: 0.8938291730651251
id: 1 itt: 25000 Cost: 13.105909752860134 Pearson: 0.7745955648028803 Spearmen: 0.869296407311499 IFSpear: -0.869296407311499 error: 0.8938156265061483
id: 1 itt: 26000 Cost: 13.105769943079785 Pearson: 0.7745725771479276 Spearmen: 0.869310361363377 IFSpear: -0.869310361363377 error: 0.8938060915582683
id: 1 itt: 27000 Cost: 13.105653746947375 Pearson: 0.7745509773845729 Spearmen: 0.8692395257419182 IFSpear: -0.8692395257419182 error: 0.8937981670478111
id: 1 itt: 28000 Cost: 13.105511666173967 Pearson: 0.7745837640367275 Spearmen: 0.8692578758731716 IFSpear: -0.8692578758731716 error: 0.89378847721949
id: 1 itt: 29000 Cost: 13.105344210091797 Pearson: 0.7745782102850602 Spearmen: 0.8692861095521226 IFSpear: -0.8692861095521226 error: 0.893777056809475
id: 1 itt: 0 Cost: 171.00973966406946 Pearson: -0.0010793749709549594 Spearmen: -0.002551248095086481 IFSpear: 0.002551248095086481 error: 11.662767444521469
id: 1 itt: 1000 Cost: 58.26736265548903 Pearson: 0.058933601200897634 Spearmen: 0.028431423699179757 IFSpear: -0.028431423699179757 error: 3.9738011506916777
id: 1 itt: 2000 Cost: 23.221709982099274 Pearson: 0.3569880712146154 Spearmen: 0.22670085029850523 IFSpear: -0.22670085029850523 error: 1.5837074760616696
id: 1 itt: 3000 Cost: 17.758879162263217 Pearson: 0.6353257306997685 Spearmen: 0.6378824676019345 IFSpear: -0.6378824676019345 error: 1.2111455064003658
id: 1 itt: 4000 Cost: 15.294893013790508 Pearson: 0.7408357435812578 Spearmen: 0.7757274362316717 IFSpear: -0.7757274362316717 error: 1.0431030458211619
id: 1 itt: 5000 Cost: 13.982252919064619 Pearson: 0.7825730530446253 Spearmen: 0.8214694768756952 IFSpear: -0.8214694768756952 error: 0.9535817343846574
id: 1 itt: 6000 Cost: 13.20773388363853 Pearson: 0.8056613516558295 Spearmen: 0.8521091342961413 IFSpear: -0.8521091342961413 error: 0.9007599745873851
id: 1 itt: 7000 Cost: 12.550936687978133 Pearson: 0.8244436983257319 Spearmen: 0.8646237390903131 IFSpear: -0.8646237390903131 error: 0.8559667776253379
id: 1 itt: 8000 Cost: 12.328400594152205 Pearson: 0.8308017135071016 Spearmen: 0.8704445993317861 IFSpear: -0.8704445993317861 error: 0.8407899419936227
id: 1 itt: 9000 Cost: 12.203694804576774 Pearson: 0.8339476493444316 Spearmen: 0.8750618619165126 IFSpear: -0.8750618619165126 error: 0.8322850777346587
id: 1 itt: 10000 Cost: 12.14191711569295 Pearson: 0.8355723493756457 Spearmen: 0.87669430803968 IFSpear: -0.87669430803968 error: 0.828071874322225
id: 1 itt: 11000 Cost: 12.109593135549698 Pearson: 0.8362662705028443 Spearmen: 0.8774262486349093 IFSpear: -0.8774262486349093 error: 0.8258673971735395
id: 1 itt: 12000 Cost: 12.0939400589194 Pearson: 0.8367021561034114 Spearmen: 0.8783742056845257 IFSpear: -0.8783742056845257 error: 0.8247998662078236
id: 1 itt: 13000 Cost: 12.08618610055282 Pearson: 0.8369771468841809 Spearmen: 0.8787036068671538 IFSpear: -0.8787036068671538 error: 0.8242710506363738
id: 1 itt: 14000 Cost: 12.08077362571777 Pearson: 0.8370264655370003 Spearmen: 0.878533592819247 IFSpear: -0.878533592819247 error: 0.8239019229163707
id: 1 itt: 15000 Cost: 12.077616170109748 Pearson: 0.8371249576311786 Spearmen: 0.878650114634467 IFSpear: -0.878650114634467 error: 0.8236865862311907
id: 1 itt: 16000 Cost: 12.075886845705764 Pearson: 0.8371600919709277 Spearmen: 0.8786669321888612 IFSpear: -0.8786669321888612 error: 0.8235686472857282
id: 1 itt: 17000 Cost: 12.074104181437232 Pearson: 0.8372463585549696 Spearmen: 0.8787620823047897 IFSpear: -0.8787620823047897 error: 0.8234470705916968
id: 1 itt: 18000 Cost: 12.073155355419102 Pearson: 0.8372740644551604 Spearmen: 0.878867791912479 IFSpear: -0.878867791912479 error: 0.8233823611943459
id: 1 itt: 19000 Cost: 12.072635726384293 Pearson: 0.8373076492647474 Spearmen: 0.8788522563336711 IFSpear: -0.8788522563336711 error: 0.8233469227883097
id: 1 itt: 20000 Cost: 12.072173440918716 Pearson: 0.8373008329051473 Spearmen: 0.8789164598991315 IFSpear: -0.8789164598991315 error: 0.8233153951812353
id: 1 itt: 21000 Cost: 12.071769775092067 Pearson: 0.8372981243827626 Spearmen: 0.878876069536862 IFSpear: -0.878876069536862 error: 0.823287865400354
id: 1 itt: 22000 Cost: 12.071503548621097 Pearson: 0.8373477013393975 Spearmen: 0.8789132844396127 IFSpear: -0.8789132844396127 error: 0.8232697089057323
id: 1 itt: 23000 Cost: 12.071333614138172 Pearson: 0.837337726071548 Spearmen: 0.8789455386809661 IFSpear: -0.8789455386809661 error: 0.8232581194701887
id: 1 itt: 24000 Cost: 12.07114732168563 Pearson: 0.8373377307683032 Spearmen: 0.8789581156361123 IFSpear: -0.8789581156361123 error: 0.8232454144303767
id: 1 itt: 25000 Cost: 12.070943855718655 Pearson: 0.8373339488907807 Spearmen: 0.878968329084298 IFSpear: -0.878968329084298 error: 0.8232315381666014
id: 1 itt: 26000 Cost: 12.070811797499703 Pearson: 0.8373259093506853 Spearmen: 0.8789614691309062 IFSpear: -0.8789614691309062 error: 0.8232225318708208
id: 1 itt: 27000 Cost: 12.070710931606513 Pearson: 0.8373186313281418 Spearmen: 0.8789687116138009 IFSpear: -0.8789687116138009 error: 0.8232156528740008
id: 1 itt: 28000 Cost: 12.070615187562415 Pearson: 0.8373312031122704 Spearmen: 0.87899689155355 IFSpear: -0.87899689155355 error: 0.8232091231843894
id: 1 itt: 29000 Cost: 12.070562798442502 Pearson: 0.8373506533714513 Spearmen: 0.8790472955333694 IFSpear: -0.8790472955333694 error: 0.8232055502760665
id: 1 itt: 0 Cost: 204.46366185730773 Pearson: 0.00116874874263379 Spearmen: -0.002551248095086481 IFSpear: 0.002551248095086481 error: 13.944306001408883
id: 1 itt: 1000 Cost: 78.69699862271554 Pearson: 0.03721043957135507 Spearmen: 0.030980665790713274 IFSpear: -0.030980665790713274 error: 5.367090759400765
id: 1 itt: 2000 Cost: 30.682939358677217 Pearson: 0.25177171203192944 Spearmen: 0.07442153665931585 IFSpear: -0.07442153665931585 error: 2.092559096093366
id: 1 itt: 3000 Cost: 16.940542012275145 Pearson: 0.4846603917198795 Spearmen: 0.15327857522035845 IFSpear: -0.15327857522035845 error: 1.1553353759933394
id: 1 itt: 4000 Cost: 14.75938723015237 Pearson: 0.5728469822479856 Spearmen: 0.3843698632360716 IFSpear: -0.3843698632360716 error: 1.0065818545016707
id: 1 itt: 5000 Cost: 14.28176687304955 Pearson: 0.607357278228963 Spearmen: 0.641373237580063 IFSpear: -0.641373237580063 error: 0.9740084165056717
id: 1 itt: 6000 Cost: 14.139389530534785 Pearson: 0.6174827024504285 Spearmen: 0.7385227972149698 IFSpear: -0.7385227972149698 error: 0.9642983623392799
id: 1 itt: 7000 Cost: 14.094422083072795 Pearson: 0.6206202381937057 Spearmen: 0.7653204759896596 IFSpear: -0.7653204759896596 error: 0.9612316078763286
id: 1 itt: 8000 Cost: 14.076333963702838 Pearson: 0.6216762651148579 Spearmen: 0.7764463639600041 IFSpear: -0.7764463639600041 error: 0.9599980083741309
id: 1 itt: 9000 Cost: 14.067999020800235 Pearson: 0.6222941268855187 Spearmen: 0.7796829990727965 IFSpear: -0.7796829990727965 error: 0.9594295699861924
id: 1 itt: 10000 Cost: 14.062215108888353 Pearson: 0.6225874924385443 Spearmen: 0.7856187657610145 IFSpear: -0.7856187657610145 error: 0.9590351104678024
id: 1 itt: 11000 Cost: 14.05736185580397 Pearson: 0.6230215695627936 Spearmen: 0.7846421422117753 IFSpear: -0.7846421422117753 error: 0.9587041213546459
id: 1 itt: 12000 Cost: 14.05307738153727 Pearson: 0.6233655161190165 Spearmen: 0.7879050670217073 IFSpear: -0.7879050670217073 error: 0.9584119226348962
id: 1 itt: 13000 Cost: 14.049953499768867 Pearson: 0.6237897017984279 Spearmen: 0.7890566333601051 IFSpear: -0.7890566333601051 error: 0.9581988756665736
id: 1 itt: 14000 Cost: 14.048003079125174 Pearson: 0.6239630786873551 Spearmen: 0.7904520130942561 IFSpear: -0.7904520130942561 error: 0.958065858082715
id: 1 itt: 15000 Cost: 14.046157498965055 Pearson: 0.6241146316001451 Spearmen: 0.7915660066584504 IFSpear: -0.7915660066584504 error: 0.957939990560491
id: 1 itt: 16000 Cost: 14.04475139978009 Pearson: 0.6241663299600639 Spearmen: 0.7935909301211908 IFSpear: -0.7935909301211908 error: 0.957844095392003
id: 1 itt: 17000 Cost: 14.043276735969036 Pearson: 0.6244766716486914 Spearmen: 0.7935138232232514 IFSpear: -0.7935138232232514 error: 0.957743524154827
id: 1 itt: 18000 Cost: 14.041951193551084 Pearson: 0.6244696363227094 Spearmen: 0.7936772783226377 IFSpear: -0.7936772783226377 error: 0.9576531229122498
id: 1 itt: 19000 Cost: 14.041038694516496 Pearson: 0.6246060529559956 Spearmen: 0.7942954480951221 IFSpear: -0.7942954480951221 error: 0.9575908909946138
id: 1 itt: 20000 Cost: 14.040187996078547 Pearson: 0.6246988469157719 Spearmen: 0.794859685154865 IFSpear: -0.794859685154865 error: 0.9575328738426859
id: 1 itt: 21000 Cost: 14.039555433841032 Pearson: 0.6247352837598074 Spearmen: 0.7951248891336767 IFSpear: -0.7951248891336767 error: 0.9574897334561512
id: 1 itt: 22000 Cost: 14.038869867134279 Pearson: 0.6248505922809605 Spearmen: 0.7949129719621184 IFSpear: -0.7949129719621184 error: 0.9574429781948177
id: 1 itt: 23000 Cost: 14.038390154119638 Pearson: 0.6248955709473281 Spearmen: 0.7949271650455266 IFSpear: -0.7949271650455266 error: 0.957410262038762
id: 1 itt: 24000 Cost: 14.03801196563259 Pearson: 0.6249506442741545 Spearmen: 0.79479525139702 IFSpear: -0.79479525139702 error: 0.9573844697980202
id: 1 itt: 25000 Cost: 14.037719260589105 Pearson: 0.6249703946185623 Spearmen: 0.7947724243459212 IFSpear: -0.7947724243459212 error: 0.957364507479741
id: 1 itt: 26000 Cost: 14.037519031980286 Pearson: 0.6249539841211944 Spearmen: 0.7948312365841448 IFSpear: -0.7948312365841448 error: 0.9573508520019596
id: 1 itt: 27000 Cost: 14.037166185901317 Pearson: 0.6249587345710115 Spearmen: 0.7946205749151034 IFSpear: -0.7946205749151034 error: 0.9573267880991034
id: 1 itt: 28000 Cost: 14.036953587358106 Pearson: 0.6250148160836286 Spearmen: 0.7939843292658727 IFSpear: -0.7939843292658727 error: 0.9573122889987984
id: 1 itt: 29000 Cost: 14.0367722623645 Pearson: 0.62503460542213 Spearmen: 0.7938155997734013 IFSpear: -0.7938155997734013 error: 0.9572999227368741
id: 1 itt: 0 Cost: 110.21290054776732 Pearson: -0.0018903635157147365 Spearmen: -0.002551248095086481 IFSpear: 0.002551248095086481 error: 7.516457431019957
id: 1 itt: 1000 Cost: 41.55599414907561 Pearson: 0.05042120413660406 Spearmen: 0.050119480451104745 IFSpear: -0.050119480451104745 error: 2.834095278073768
id: 1 itt: 2000 Cost: 37.67004326207682 Pearson: 0.2567700722050574 Spearmen: 0.2685959659145385 IFSpear: -0.2685959659145385 error: 2.569075627234424
id: 1 itt: 3000 Cost: 35.35322509901849 Pearson: 0.4754576963793933 Spearmen: 0.4985173079398106 IFSpear: -0.4985173079398106 error: 2.4110699399556075
id: 1 itt: 4000 Cost: 34.44756285245522 Pearson: 0.5451068384350222 Spearmen: 0.5525270705598208 IFSpear: -0.5525270705598208 error: 2.349304287392782
id: 1 itt: 5000 Cost: 33.7593781524851 Pearson: 0.5975205720095034 Spearmen: 0.5961484525404909 IFSpear: -0.5961484525404909 error: 2.3023704804038005
id: 1 itt: 6000 Cost: 33.330004682659045 Pearson: 0.638302847638011 Spearmen: 0.6275208618911139 IFSpear: -0.6275208618911139 error: 2.2730874528097846
id: 1 itt: 7000 Cost: 33.072147701859436 Pearson: 0.6586311396026946 Spearmen: 0.643257646104018 IFSpear: -0.643257646104018 error: 2.255501752679957
id: 1 itt: 8000 Cost: 32.887561201923795 Pearson: 0.6703379333622214 Spearmen: 0.6516601030000587 IFSpear: -0.6516601030000587 error: 2.242913057870079
id: 1 itt: 9000 Cost: 32.75398924652075 Pearson: 0.679503936339412 Spearmen: 0.6585772162155384 IFSpear: -0.6585772162155384 error: 2.2338035261203912
id: 1 itt: 10000 Cost: 32.63410152566225 Pearson: 0.6907845809780186 Spearmen: 0.6698404287532511 IFSpear: -0.6698404287532511 error: 2.22562725142064
id: 1 itt: 11000 Cost: 32.525326555760074 Pearson: 0.6956257388179804 Spearmen: 0.6739815031651707 IFSpear: -0.6739815031651707 error: 2.2182088600457046
id: 1 itt: 12000 Cost: 32.424755469739914 Pearson: 0.705553718997968 Spearmen: 0.6833621614962493 IFSpear: -0.6833621614962493 error: 2.2113499689076894
id: 1 itt: 13000 Cost: 32.33148659052618 Pearson: 0.7132764663358931 Spearmen: 0.6903136825666359 IFSpear: -0.6903136825666359 error: 2.2049890841404376
id: 1 itt: 14000 Cost: 32.22304427156842 Pearson: 0.7210884685867783 Spearmen: 0.6959829104183465 IFSpear: -0.6959829104183465 error: 2.1975933793716127
id: 1 itt: 15000 Cost: 32.14329091878658 Pearson: 0.7255879808223693 Spearmen: 0.70090718537462 IFSpear: -0.70090718537462 error: 2.1921542458565124
id: 1 itt: 16000 Cost: 32.078770855103976 Pearson: 0.7285369065021707 Spearmen: 0.7039400084261511 IFSpear: -0.7039400084261511 error: 2.1877540140351313
id: 1 itt: 17000 Cost: 32.0280229803947 Pearson: 0.7340314759798672 Spearmen: 0.7089964832081007 IFSpear: -0.7089964832081007 error: 2.184293037705943
id: 1 itt: 18000 Cost: 31.977889333365464 Pearson: 0.7370646379020989 Spearmen: 0.711986703970758 IFSpear: -0.711986703970758 error: 2.180873951356848
id: 1 itt: 19000 Cost: 31.931902141615367 Pearson: 0.7383781719540106 Spearmen: 0.7118939402723793 IFSpear: -0.7118939402723793 error: 2.177737650910677
id: 1 itt: 20000 Cost: 31.893958568464026 Pearson: 0.7421672200493044 Spearmen: 0.7151573486695861 IFSpear: -0.7151573486695861 error: 2.1751499206998273
id: 1 itt: 21000 Cost: 31.851516598486555 Pearson: 0.7454689426933923 Spearmen: 0.7177444514735656 IFSpear: -0.7177444514735656 error: 2.172255402371766
id: 1 itt: 22000 Cost: 31.821963363083146 Pearson: 0.7469296429030872 Spearmen: 0.718355651625139 IFSpear: -0.718355651625139 error: 2.1702398884459497
id: 1 itt: 23000 Cost: 31.80006848517083 Pearson: 0.7491013464734423 Spearmen: 0.7208407412964486 IFSpear: -0.7208407412964486 error: 2.16874667016599
id: 1 itt: 24000 Cost: 31.788316428118538 Pearson: 0.7492093623678749 Spearmen: 0.72024512193683 IFSpear: -0.72024512193683 error: 2.16794518652731
id: 1 itt: 25000 Cost: 31.78138554494117 Pearson: 0.7497232076486943 Spearmen: 0.7209212376467374 IFSpear: -0.7209212376467374 error: 2.167472504217861
id: 1 itt: 26000 Cost: 31.77769201956573 Pearson: 0.7495329033248961 Spearmen: 0.7206738180827704 IFSpear: -0.7206738180827704 error: 2.1672206078779865
id: 1 itt: 27000 Cost: 31.77474570473598 Pearson: 0.7500242922891276 Spearmen: 0.720893780166475 IFSpear: -0.720893780166475 error: 2.167019670874368
id: 1 itt: 28000 Cost: 31.772395843752374 Pearson: 0.750167706703323 Spearmen: 0.7210581587342342 IFSpear: -0.7210581587342342 error: 2.1668594116854316
id: 1 itt: 29000 Cost: 31.770762523957842 Pearson: 0.750024327837423 Spearmen: 0.7209406334319721 IFSpear: -0.7209406334319721 error: 2.1667480201999902
id: 1 itt: 0 Cost: 205.93932621582874 Pearson: 0.0012996317812382363 Spearmen: -0.002551248095086481 IFSpear: 0.002551248095086481 error: 14.04494547535585
id: 1 itt: 1000 Cost: 89.51351574901028 Pearson: 0.03211302648226411 Spearmen: -0.002232737699247128 IFSpear: 0.002232737699247128 error: 6.10477110469261
id: 1 itt: 2000 Cost: 38.35612299684201 Pearson: 0.17250406048396175 Spearmen: 0.0718445341819197 IFSpear: -0.0718445341819197 error: 2.61586587678795
id: 1 itt: 3000 Cost: 19.119359788992977 Pearson: 0.40352366693383207 Spearmen: 0.12475405264413407 IFSpear: -0.12475405264413407 error: 1.3039295150392596
id: 1 itt: 4000 Cost: 15.114962605175826 Pearson: 0.5305280504362896 Spearmen: 0.19760451860232953 IFSpear: -0.19760451860232953 error: 1.0308318938037795
id: 1 itt: 5000 Cost: 14.537263957607319 Pearson: 0.5605050870527001 Spearmen: 0.3467479519541698 IFSpear: -0.3467479519541698 error: 0.9914331730476325
id: 1 itt: 6000 Cost: 14.326058483844625 Pearson: 0.5795566101247569 Spearmen: 0.5484769807085842 IFSpear: -0.5484769807085842 error: 0.9770290792904988
id: 1 itt: 7000 Cost: 14.21605049068853 Pearson: 0.5893697972020177 Spearmen: 0.6636249642812866 IFSpear: -0.6636249642812866 error: 0.9695265964276024
id: 1 itt: 8000 Cost: 14.158160177230094 Pearson: 0.5935883992739488 Spearmen: 0.7158647162923925 IFSpear: -0.7158647162923925 error: 0.96557850981872
id: 1 itt: 9000 Cost: 14.13414274372191 Pearson: 0.5954945424173437 Spearmen: 0.7248337992168368 IFSpear: -0.7248337992168368 error: 0.963940534448601
id: 1 itt: 10000 Cost: 14.12370096768897 Pearson: 0.5961531691111019 Spearmen: 0.7374754408590837 IFSpear: -0.7374754408590837 error: 0.9632284112337526
id: 1 itt: 11000 Cost: 14.117736273683741 Pearson: 0.5964122414130967 Spearmen: 0.7388980285319947 IFSpear: -0.7388980285319947 error: 0.9628216224789288
id: 1 itt: 12000 Cost: 14.113065862576335 Pearson: 0.5967005372018375 Spearmen: 0.7410993293466679 IFSpear: -0.7410993293466679 error: 0.9625031030851036
id: 1 itt: 13000 Cost: 14.1108779687354 Pearson: 0.5968884392567825 Spearmen: 0.7461417187242735 IFSpear: -0.7461417187242735 error: 0.9623538899636156
id: 1 itt: 14000 Cost: 14.109009667248229 Pearson: 0.596931941212793 Spearmen: 0.7467328445309043 IFSpear: -0.7467328445309043 error: 0.962226472859748
id: 1 itt: 15000 Cost: 14.107677930504433 Pearson: 0.5970701840070451 Spearmen: 0.7469205552626655 IFSpear: -0.7469205552626655 error: 0.9621356491676547
id: 1 itt: 16000 Cost: 14.106106930116592 Pearson: 0.5971600673947229 Spearmen: 0.747671311948549 IFSpear: -0.747671311948549 error: 0.9620285078304734
id: 1 itt: 17000 Cost: 14.105016896918103 Pearson: 0.5972543927203708 Spearmen: 0.74793738675361 IFSpear: -0.74793738675361 error: 0.9619541681833529
id: 1 itt: 18000 Cost: 14.104423789299608 Pearson: 0.5971464947776127 Spearmen: 0.7484115457803552 IFSpear: -0.7484115457803552 error: 0.9619137185795019
id: 1 itt: 19000 Cost: 14.103806473136592 Pearson: 0.5971087540072371 Spearmen: 0.7489714833933759 IFSpear: -0.7489714833933759 error: 0.9618716179666178
id: 1 itt: 20000 Cost: 14.103440622042257 Pearson: 0.5972176358044696 Spearmen: 0.7504208691589946 IFSpear: -0.7504208691589946 error: 0.9618466671290753
id: 1 itt: 21000 Cost: 14.103060602894406 Pearson: 0.5972233944636557 Spearmen: 0.7511524508940894 IFSpear: -0.7511524508940894 error: 0.9618207500383028
id: 1 itt: 22000 Cost: 14.102785949189677 Pearson: 0.5972356431048681 Spearmen: 0.7511361722790182 IFSpear: -0.7511361722790182 error: 0.9618020188111089
id: 1 itt: 23000 Cost: 14.102476600924424 Pearson: 0.5973106867734189 Spearmen: 0.7515263010653761 IFSpear: -0.7515263010653761 error: 0.9617809214345261
id: 1 itt: 24000 Cost: 14.102265308762338 Pearson: 0.5972723748043993 Spearmen: 0.7511516792465625 IFSpear: -0.7511516792465625 error: 0.9617665114286743
id: 1 itt: 25000 Cost: 14.102022780712854 Pearson: 0.5973313572230964 Spearmen: 0.7510487816321413 IFSpear: -0.7510487816321413 error: 0.9617499711529833
id: 1 itt: 26000 Cost: 14.101875894717145 Pearson: 0.5973592248122068 Spearmen: 0.751865831446004 IFSpear: -0.751865831446004 error: 0.9617399536112212
id: 1 itt: 27000 Cost: 14.101743459249118 Pearson: 0.5973632373783552 Spearmen: 0.7516082986637728 IFSpear: -0.7516082986637728 error: 0.9617309215872673
id: 1 itt: 28000 Cost: 14.101611174364175 Pearson: 0.597309989995708 Spearmen: 0.7517873608184481 IFSpear: -0.7517873608184481 error: 0.9617218998329944
id: 1 itt: 29000 Cost: 14.101426219808106 Pearson: 0.5973005974230231 Spearmen: 0.75160946231823 IFSpear: -0.75160946231823 error: 0.9617092860369645
id: 1 itt: 0 Cost: 205.2749303053177 Pearson: 0.0012450065372915401 Spearmen: -0.002551248095086481 IFSpear: 0.002551248095086481 error: 13.999634050342264
id: 1 itt: 1000 Cost: 88.11309771094781 Pearson: 0.1008237404285157 Spearmen: 0.03406412709673025 IFSpear: -0.03406412709673025 error: 6.009263387207515
id: 1 itt: 2000 Cost: 34.14796425518133 Pearson: 0.21632948365259663 Spearmen: 0.08844079070927896 IFSpear: -0.08844079070927896 error: 2.3288718326473727
id: 1 itt: 3000 Cost: 17.946927003570163 Pearson: 0.4567896978265878 Spearmen: 0.14697514378085622 IFSpear: -0.14697514378085622 error: 1.2239702627324638
id: 1 itt: 4000 Cost: 14.944268925725346 Pearson: 0.5471650060560427 Spearmen: 0.25693858414250886 IFSpear: -0.25693858414250886 error: 1.0191906814869178
id: 1 itt: 5000 Cost: 14.433269078883495 Pearson: 0.58310200807381 Spearmen: 0.5520619278185165 IFSpear: -0.5520619278185165 error: 0.9843407811852758
id: 1 itt: 6000 Cost: 14.212429132009635 Pearson: 0.6007435622261338 Spearmen: 0.6921747573525635 IFSpear: -0.6921747573525635 error: 0.9692796218155826
id: 1 itt: 7000 Cost: 14.146896533180861 Pearson: 0.6050435719868971 Spearmen: 0.7399860199016873 IFSpear: -0.7399860199016873 error: 0.9648103356703812
id: 1 itt: 8000 Cost: 14.122971980770568 Pearson: 0.6065266049243907 Spearmen: 0.7475933880185167 IFSpear: -0.7475933880185167 error: 0.9631786947385628
id: 1 itt: 9000 Cost: 14.111586781921979 Pearson: 0.6077743792368302 Spearmen: 0.7586515635049474 IFSpear: -0.7586515635049474 error: 0.9624022306217145
id: 1 itt: 10000 Cost: 14.104863213629942 Pearson: 0.6083005321269176 Spearmen: 0.7652749928174394 IFSpear: -0.7652749928174394 error: 0.9619436870700933
id: 1 itt: 11000 Cost: 14.09827841712416 Pearson: 0.608608074565721 Spearmen: 0.7687374162934846 IFSpear: -0.7687374162934846 error: 0.9614946076757424
id: 1 itt: 12000 Cost: 14.094220987968258 Pearson: 0.6088637055015335 Spearmen: 0.7703916584997988 IFSpear: -0.7703916584997988 error: 0.9612178933040296
id: 1 itt: 13000 Cost: 14.091421995492679 Pearson: 0.6092845770917215 Spearmen: 0.7722350823892712 IFSpear: -0.7722350823892712 error: 0.9610270036015731
id: 1 itt: 14000 Cost: 14.087247067823254 Pearson: 0.6092334381384691 Spearmen: 0.7743355033997786 IFSpear: -0.7743355033997786 error: 0.9607422758977485
id: 1 itt: 15000 Cost: 14.084894495932812 Pearson: 0.6095903647180742 Spearmen: 0.77474851039558 IFSpear: -0.77474851039558 error: 0.9605818318265005
id: 1 itt: 16000 Cost: 14.083206273851946 Pearson: 0.6095886971119784 Spearmen: 0.7727376727006917 IFSpear: -0.7727376727006917 error: 0.9604666960362086
id: 1 itt: 17000 Cost: 14.081798977975307 Pearson: 0.6096886264104919 Spearmen: 0.7734730831440605 IFSpear: -0.7734730831440605 error: 0.9603707192540258
id: 1 itt: 18000 Cost: 14.080564925959278 Pearson: 0.6098979979464354 Spearmen: 0.774109028274946 IFSpear: -0.774109028274946 error: 0.9602865576050714
id: 1 itt: 19000 Cost: 14.079416392924786 Pearson: 0.6098584841317961 Spearmen: 0.7752604141207335 IFSpear: -0.7752604141207335 error: 0.9602082283022496
id: 1 itt: 20000 Cost: 14.078269418823172 Pearson: 0.6100803829480684 Spearmen: 0.7750660759451405 IFSpear: -0.7750660759451405 error: 0.9601300053177676
id: 1 itt: 21000 Cost: 14.077414543885217 Pearson: 0.6099681969477535 Spearmen: 0.7751636379428396 IFSpear: -0.7751636379428396 error: 0.9600717033309035
id: 1 itt: 22000 Cost: 14.076528676010613 Pearson: 0.6100374809191232 Spearmen: 0.7751172112044337 IFSpear: -0.7751172112044337 error: 0.9600112876433036
id: 1 itt: 23000 Cost: 14.075979887951107 Pearson: 0.6101206250494376 Spearmen: 0.7760934160669624 IFSpear: -0.7760934160669624 error: 0.9599738606082885
id: 1 itt: 24000 Cost: 14.075275308569855 Pearson: 0.6101632571827434 Spearmen: 0.7757877555729535 IFSpear: -0.7757877555729535 error: 0.9599258086933163
id: 1 itt: 25000 Cost: 14.074765333481167 Pearson: 0.6101448164630862 Spearmen: 0.7761066522886618 IFSpear: -0.7761066522886618 error: 0.9598910286809408
id: 1 itt: 26000 Cost: 14.074167616030863 Pearson: 0.610247619020917 Spearmen: 0.7766107627591821 IFSpear: -0.7766107627591821 error: 0.9598502646891698
id: 1 itt: 27000 Cost: 14.073794863108528 Pearson: 0.6103162288631189 Spearmen: 0.7767405227079219 IFSpear: -0.7767405227079219 error: 0.9598248431508644
id: 1 itt: 28000 Cost: 14.073323068264477 Pearson: 0.6103817352370678 Spearmen: 0.7764945804247286 IFSpear: -0.7764945804247286 error: 0.9597926670095609
id: 1 itt: 29000 Cost: 14.072924149013026 Pearson: 0.6103559774467142 Spearmen: 0.7766640690400833 IFSpear: -0.7766640690400833 error: 0.9597654609424214
id: 1 itt: 0 Cost: 206.93784593816198 Pearson: 0.0013556922515206534 Spearmen: -0.002551248095086481 IFSpear: 0.002551248095086481 error: 14.113043955203938
id: 1 itt: 1000 Cost: 88.61991524374137 Pearson: 0.13190009771256508 Spearmen: 0.024980794079492177 IFSpear: -0.024980794079492177 error: 6.043828056058474
id: 1 itt: 2000 Cost: 36.262321154156574 Pearson: 0.18578717381688378 Spearmen: 0.04530078807383418 IFSpear: -0.04530078807383418 error: 2.473069776319519
id: 1 itt: 3000 Cost: 18.772796414912108 Pearson: 0.44568394089073216 Spearmen: 0.14127370560975464 IFSpear: -0.14127370560975464 error: 1.2802940891001655
id: 1 itt: 4000 Cost: 15.005386980751727 Pearson: 0.5232499525477152 Spearmen: 0.16955737996862913 IFSpear: -0.16955737996862913 error: 1.0233588982436617
id: 1 itt: 5000 Cost: 14.445013555746435 Pearson: 0.5514616599456484 Spearmen: 0.35003434387682975 IFSpear: -0.35003434387682975 error: 0.9851417478593326
id: 1 itt: 6000 Cost: 14.288536286387563 Pearson: 0.5640003507469048 Spearmen: 0.5501198330481298 IFSpear: -0.5501198330481298 error: 0.9744700866634779
id: 1 itt: 7000 Cost: 14.216010196935077 Pearson: 0.5702397745238609 Spearmen: 0.632537210437996 IFSpear: -0.632537210437996 error: 0.9695238484164254
id: 1 itt: 8000 Cost: 14.189084421646797 Pearson: 0.5724106129499689 Spearmen: 0.6750441951280607 IFSpear: -0.6750441951280607 error: 0.9676875257831793
id: 1 itt: 9000 Cost: 14.177156914703536 Pearson: 0.5733753308026235 Spearmen: 0.6892078467720039 IFSpear: -0.6892078467720039 error: 0.9668740765612494
id: 1 itt: 10000 Cost: 14.172203830399765 Pearson: 0.5737197197139666 Spearmen: 0.6972111389446249 IFSpear: -0.6972111389446249 error: 0.9665362790154401
id: 1 itt: 11000 Cost: 14.169188979399767 Pearson: 0.5742114183080064 Spearmen: 0.6997235916440881 IFSpear: -0.6997235916440881 error: 0.9663306678838056
id: 1 itt: 12000 Cost: 14.164667470228682 Pearson: 0.5744123453444404 Spearmen: 0.702127660298394 IFSpear: -0.702127660298394 error: 0.9660223035177513
id: 1 itt: 13000 Cost: 14.162238018357067 Pearson: 0.5744009576998115 Spearmen: 0.6986550125616879 IFSpear: -0.6986550125616879 error: 0.9658566162753055
id: 1 itt: 14000 Cost: 14.16050976016753 Pearson: 0.5744582985738568 Spearmen: 0.7038165965206511 IFSpear: -0.7038165965206511 error: 0.9657387500450648
id: 1 itt: 15000 Cost: 14.159485980110261 Pearson: 0.5745077294461509 Spearmen: 0.707665620978817 IFSpear: -0.707665620978817 error: 0.9656689288246727
id: 1 itt: 16000 Cost: 14.158552484320532 Pearson: 0.5745715215486467 Spearmen: 0.7064862878117412 IFSpear: -0.7064862878117412 error: 0.9656052649402213
id: 1 itt: 17000 Cost: 14.157841458524038 Pearson: 0.5746746009998436 Spearmen: 0.7088927348647392 IFSpear: -0.7088927348647392 error: 0.9655567733833786
id: 1 itt: 18000 Cost: 14.157505074303115 Pearson: 0.5747167290276035 Spearmen: 0.7093418415905289 IFSpear: -0.7093418415905289 error: 0.9655338321699231
id: 1 itt: 19000 Cost: 14.157138423799836 Pearson: 0.5746614915148198 Spearmen: 0.710518627493016 IFSpear: -0.710518627493016 error: 0.9655088268131429
id: 1 itt: 20000 Cost: 14.156831924740395 Pearson: 0.5746010343299144 Spearmen: 0.7122034564766082 IFSpear: -0.7122034564766082 error: 0.9654879237507837
id: 1 itt: 21000 Cost: 14.156624434585536 Pearson: 0.5746438743127549 Spearmen: 0.7117046860302825 IFSpear: -0.7117046860302825 error: 0.9654737730396729
id: 1 itt: 22000 Cost: 14.15634754829344 Pearson: 0.574668118015675 Spearmen: 0.7116892443348773 IFSpear: -0.7116892443348773 error: 0.9654548895512841
id: 1 itt: 23000 Cost: 14.155789692885591 Pearson: 0.5746950013442244 Spearmen: 0.7117514826747298 IFSpear: -0.7117514826747298 error: 0.9654168441282446
id: 1 itt: 24000 Cost: 14.155544729524033 Pearson: 0.5746465683928567 Spearmen: 0.7119010189285775 IFSpear: -0.7119010189285775 error: 0.9654001377656485
id: 1 itt: 25000 Cost: 14.155340426860723 Pearson: 0.5746695600668877 Spearmen: 0.7122840753815596 IFSpear: -0.7122840753815596 error: 0.965386204439657
id: 1 itt: 26000 Cost: 14.155191204932573 Pearson: 0.5747049462831041 Spearmen: 0.712336237072768 IFSpear: -0.712336237072768 error: 0.9653760275886245
id: 1 itt: 27000 Cost: 14.155086058926988 Pearson: 0.5747169548519669 Spearmen: 0.7121986416233003 IFSpear: -0.7121986416233003 error: 0.9653688566905619
id: 1 itt: 28000 Cost: 14.154995459508545 Pearson: 0.574701578674511 Spearmen: 0.7114684538454614 IFSpear: -0.7114684538454614 error: 0.9653626778615082
id: 1 itt: 29000 Cost: 14.154900503215071 Pearson: 0.5746958023239063 Spearmen: 0.7115650442903804 IFSpear: -0.7115650442903804 error: 0.9653562018960435
id: 1 itt: 0 Cost: 193.48814396132803 Pearson: 0.00011393173669879426 Spearmen: -0.002551248095086481 IFSpear: 0.002551248095086481 error: 13.195781893627379
id: 1 itt: 1000 Cost: 79.32076332253224 Pearson: 0.14703330978502488 Spearmen: 0.06029659844521371 IFSpear: -0.06029659844521371 error: 5.409631158844414
id: 1 itt: 2000 Cost: 28.754894548091173 Pearson: 0.2738944509133066 Spearmen: 0.158901088175097 IFSpear: -0.158901088175097 error: 1.961067531386856
id: 1 itt: 3000 Cost: 17.389807154522202 Pearson: 0.5176599446881339 Spearmen: 0.2886511172122462 IFSpear: -0.2886511172122462 error: 1.1859750043867283
id: 1 itt: 4000 Cost: 14.932892020000834 Pearson: 0.6711704742161033 Spearmen: 0.69004564155989 IFSpear: -0.69004564155989 error: 1.0184147829564374
id: 1 itt: 5000 Cost: 14.078817665977786 Pearson: 0.7148640420496896 Spearmen: 0.8015413658529204 IFSpear: -0.8015413658529204 error: 0.9601673954633754
id: 1 itt: 6000 Cost: 13.816327599966042 Pearson: 0.7272890946814049 Spearmen: 0.8336201889079978 IFSpear: -0.8336201889079978 error: 0.9422657215446513
id: 1 itt: 7000 Cost: 13.703615259513683 Pearson: 0.7333192794562826 Spearmen: 0.8452067563003484 IFSpear: -0.8452067563003484 error: 0.9345788037269536
id: 1 itt: 8000 Cost: 13.625631522344875 Pearson: 0.7373653014168835 Spearmen: 0.8509707689272242 IFSpear: -0.8509707689272242 error: 0.9292603569949656
id: 1 itt: 9000 Cost: 13.57057107684407 Pearson: 0.7401938186258358 Spearmen: 0.8552615841648619 IFSpear: -0.8552615841648619 error: 0.9255052657789383
id: 1 itt: 10000 Cost: 13.527729548580501 Pearson: 0.7429667364938554 Spearmen: 0.8569277976774649 IFSpear: -0.8569277976774649 error: 0.9225834978019365
id: 1 itt: 11000 Cost: 13.480242376117086 Pearson: 0.7452088883002358 Spearmen: 0.8591649211487927 IFSpear: -0.8591649211487927 error: 0.9193448995201858
id: 1 itt: 12000 Cost: 13.455435237361758 Pearson: 0.7467803141609171 Spearmen: 0.860609536384387 IFSpear: -0.860609536384387 error: 0.9176530666992265
id: 1 itt: 13000 Cost: 13.439644203731632 Pearson: 0.7472543881917318 Spearmen: 0.8614222611663049 IFSpear: -0.8614222611663049 error: 0.9165761271442132
id: 1 itt: 14000 Cost: 13.426673556886714 Pearson: 0.7479652892222348 Spearmen: 0.8615982843010243 IFSpear: -0.8615982843010243 error: 0.9156915363714626
id: 1 itt: 15000 Cost: 13.419638992968384 Pearson: 0.7484016818611111 Spearmen: 0.8619664183115159 IFSpear: -0.8619664183115159 error: 0.9152117830941683
id: 1 itt: 16000 Cost: 13.413084250325722 Pearson: 0.7488197729795147 Spearmen: 0.8624574306137545 IFSpear: -0.8624574306137545 error: 0.9147647533562703
id: 1 itt: 17000 Cost: 13.410400023630219 Pearson: 0.7489587909741563 Spearmen: 0.8624600210838771 IFSpear: -0.8624600210838771 error: 0.9145816906150513
id: 1 itt: 18000 Cost: 13.407899191066283 Pearson: 0.7490528774065094 Spearmen: 0.8624932758507659 IFSpear: -0.8624932758507659 error: 0.9144111352497946
id: 1 itt: 19000 Cost: 13.406281881958469 Pearson: 0.7491429720228129 Spearmen: 0.8624792063117102 IFSpear: -0.8624792063117102 error: 0.9143008356841242
id: 1 itt: 20000 Cost: 13.403760373330961 Pearson: 0.749231150724949 Spearmen: 0.8622841790402203 IFSpear: -0.8622841790402203 error: 0.9141288702230357
id: 1 itt: 21000 Cost: 13.402600676768857 Pearson: 0.7493311412729193 Spearmen: 0.8623829405652312 IFSpear: -0.8623829405652312 error: 0.9140497795739497
id: 1 itt: 22000 Cost: 13.40170321401794 Pearson: 0.7493641385674102 Spearmen: 0.862289306995001 IFSpear: -0.862289306995001 error: 0.9139885731223486
id: 1 itt: 23000 Cost: 13.401089224471596 Pearson: 0.7493768653622895 Spearmen: 0.8623114928884003 IFSpear: -0.8623114928884003 error: 0.9139466993828386
id: 1 itt: 24000 Cost: 13.400115811230949 Pearson: 0.7494217123290746 Spearmen: 0.86243064652594 IFSpear: -0.86243064652594 error: 0.91388031315083
id: 1 itt: 25000 Cost: 13.399774822863575 Pearson: 0.7494338326216684 Spearmen: 0.862343523155828 IFSpear: -0.862343523155828 error: 0.9138570579371925
id: 1 itt: 26000 Cost: 13.39957332091474 Pearson: 0.7494130514285443 Spearmen: 0.8623577816495185 IFSpear: -0.8623577816495185 error: 0.9138433156183428
id: 1 itt: 27000 Cost: 13.39932701453564 Pearson: 0.7494864797160425 Spearmen: 0.8623778826913832 IFSpear: -0.8623778826913832 error: 0.9138265176627106
id: 1 itt: 28000 Cost: 13.399157360525768 Pearson: 0.7494480360814149 Spearmen: 0.862344418446021 IFSpear: -0.862344418446021 error: 0.9138149473552705
id: 1 itt: 29000 Cost: 13.39905259625785 Pearson: 0.749444899090189 Spearmen: 0.862246710752159 IFSpear: -0.862246710752159 error: 0.9138078024915005
id: 1 itt: 0 Cost: 160.91033828231238 Pearson: -0.0013626190846462924 Spearmen: -0.002551248095086481 IFSpear: 0.002551248095086481 error: 10.973993987081608
id: 1 itt: 1000 Cost: 47.37165609263446 Pearson: 0.060638761397118504 Spearmen: 0.026389073523141612 IFSpear: -0.026389073523141612 error: 3.230720130651867
id: 1 itt: 2000 Cost: 22.209227419669343 Pearson: 0.4820433571203282 Spearmen: 0.43584980110465366 IFSpear: -0.43584980110465366 error: 1.514656738422692
id: 1 itt: 3000 Cost: 17.192405056756275 Pearson: 0.7143582943406137 Spearmen: 0.7358487392891642 IFSpear: -0.7358487392891642 error: 1.1725122930591323
id: 1 itt: 4000 Cost: 15.097955484217705 Pearson: 0.7786745108407396 Spearmen: 0.8035657230718881 IFSpear: -0.8035657230718881 error: 1.0296720177813667
id: 1 itt: 5000 Cost: 13.961302176248157 Pearson: 0.811662948874089 Spearmen: 0.8376540147828007 IFSpear: -0.8376540147828007 error: 0.9521529055838046
id: 1 itt: 6000 Cost: 13.187956055433968 Pearson: 0.8313176702533163 Spearmen: 0.8585790459100893 IFSpear: -0.8585790459100893 error: 0.8994111378991321
id: 1 itt: 7000 Cost: 12.877719874757135 Pearson: 0.837749687336393 Spearmen: 0.8641232127965228 IFSpear: -0.8641232127965228 error: 0.8782532059870781
id: 1 itt: 8000 Cost: 12.706640139237274 Pearson: 0.8428785319795717 Spearmen: 0.8690236068952533 IFSpear: -0.8690236068952533 error: 0.866585664864813
id: 1 itt: 9000 Cost: 12.645153359509894 Pearson: 0.84411724564799 Spearmen: 0.8701069815306094 IFSpear: -0.8701069815306094 error: 0.8623923012921789
id: 1 itt: 10000 Cost: 12.623648083230629 Pearson: 0.8444874000399888 Spearmen: 0.8706820388142198 IFSpear: -0.8706820388142198 error: 0.8609256536230582
id: 1 itt: 11000 Cost: 12.608751924210244 Pearson: 0.8448246195281882 Spearmen: 0.8709540625472677 IFSpear: -0.8709540625472677 error: 0.8599097440098826
id: 1 itt: 12000 Cost: 12.602049175240598 Pearson: 0.8451192559183125 Spearmen: 0.8713816811004274 IFSpear: -0.8713816811004274 error: 0.8594526203242636
id: 1 itt: 13000 Cost: 12.597753428591334 Pearson: 0.845091827647632 Spearmen: 0.8712149725561787 IFSpear: -0.8712149725561787 error: 0.8591596528344039
id: 1 itt: 14000 Cost: 12.594546132870889 Pearson: 0.8451244925092397 Spearmen: 0.8712164960534019 IFSpear: -0.8712164960534019 error: 0.8589409170817689
id: 1 itt: 15000 Cost: 12.592951917461813 Pearson: 0.8452925776772622 Spearmen: 0.8713596510763758 IFSpear: -0.8713596510763758 error: 0.8588321924932802
id: 1 itt: 16000 Cost: 12.591781553906507 Pearson: 0.8452439232962857 Spearmen: 0.8712813727153612 IFSpear: -0.8712813727153612 error: 0.8587523743612961
id: 1 itt: 17000 Cost: 12.59076696304611 Pearson: 0.8452453149860378 Spearmen: 0.8712846686004239 IFSpear: -0.8712846686004239 error: 0.8586831798389293
id: 1 itt: 18000 Cost: 12.590000836122952 Pearson: 0.8452759527976064 Spearmen: 0.871402613642612 IFSpear: -0.871402613642612 error: 0.8586309304164382
id: 1 itt: 19000 Cost: 12.589506623513975 Pearson: 0.8452630294791582 Spearmen: 0.8713799467322074 IFSpear: -0.8713799467322074 error: 0.8585972253962565
id: 1 itt: 20000 Cost: 12.589139070542094 Pearson: 0.8453265432844081 Spearmen: 0.8714642085237236 IFSpear: -0.8714642085237236 error: 0.8585721584916286
id: 1 itt: 21000 Cost: 12.58881629972475 Pearson: 0.8452841312096027 Spearmen: 0.8713908855121484 IFSpear: -0.8713908855121484 error: 0.858550145704591
id: 1 itt: 22000 Cost: 12.58863389383673 Pearson: 0.8452662459752728 Spearmen: 0.8713865306669938 IFSpear: -0.8713865306669938 error: 0.8585377057262796
id: 1 itt: 23000 Cost: 12.588486891846527 Pearson: 0.8453168732151422 Spearmen: 0.8714157496742198 IFSpear: -0.8714157496742198 error: 0.8585276802737586
id: 1 itt: 24000 Cost: 12.588339908144155 Pearson: 0.8453106702571583 Spearmen: 0.8714224797039692 IFSpear: -0.8714224797039692 error: 0.8585176560684573
id: 1 itt: 25000 Cost: 12.5882490032011 Pearson: 0.8453512873335125 Spearmen: 0.8714736086182564 IFSpear: -0.8714736086182564 error: 0.858511456402798
id: 1 itt: 26000 Cost: 12.588175409232571 Pearson: 0.8453645060052082 Spearmen: 0.8715108629588625 IFSpear: -0.8715108629588625 error: 0.8585064373358025
id: 1 itt: 27000 Cost: 12.588098802347153 Pearson: 0.8453632904510642 Spearmen: 0.8714832584892357 IFSpear: -0.8714832584892357 error: 0.8585012127895805
id: 1 itt: 28000 Cost: 12.58803766795529 Pearson: 0.8453450800683607 Spearmen: 0.8714896420070342 IFSpear: -0.8714896420070342 error: 0.8584970434586607
id: 1 itt: 29000 Cost: 12.587973723937331 Pearson: 0.8453169019036691 Spearmen: 0.8714747191299473 IFSpear: -0.8714747191299473 error: 0.8584926825128316
id: 1 itt: 0 Cost: 206.48598243675335 Pearson: 0.0013355992790578322 Spearmen: -0.002551248095086481 IFSpear: 0.002551248095086481 error: 14.082227120186538
id: 1 itt: 1000 Cost: 92.10467455690309 Pearson: 0.03426687620477676 Spearmen: 0.025637482036627506 IFSpear: -0.025637482036627506 error: 6.281486668657805
id: 1 itt: 2000 Cost: 36.672269168985686 Pearson: 0.20290656629066367 Spearmen: 0.04143322873608801 IFSpear: -0.04143322873608801 error: 2.5010279988785804
id: 1 itt: 3000 Cost: 18.671869503745253 Pearson: 0.43552705083446647 Spearmen: 0.10730685657459928 IFSpear: -0.10730685657459928 error: 1.273410930888562
id: 1 itt: 4000 Cost: 15.005060195913149 Pearson: 0.5342882537030108 Spearmen: 0.2583494051687274 IFSpear: -0.2583494051687274 error: 1.0233366117026481
id: 1 itt: 5000 Cost: 14.384390578975259 Pearson: 0.566664624928362 Spearmen: 0.5143809420608265 IFSpear: -0.5143809420608265 error: 0.9810072951593534
id: 1 itt: 6000 Cost: 14.23491424953905 Pearson: 0.5781184169107345 Spearmen: 0.6526677835265683 IFSpear: -0.6526677835265683 error: 0.9708130941033215
id: 1 itt: 7000 Cost: 14.181341876260054 Pearson: 0.5821199335405948 Spearmen: 0.6888180015774208 IFSpear: -0.6888180015774208 error: 0.9671594885704942
id: 1 itt: 8000 Cost: 14.1566203794681 Pearson: 0.5840066414835703 Spearmen: 0.7115517275080266 IFSpear: -0.7115517275080266 error: 0.9654734964829591
id: 1 itt: 9000 Cost: 14.145521301711542 Pearson: 0.5845933869609446 Spearmen: 0.7178201354631736 IFSpear: -0.7178201354631736 error: 0.9647165456626275
id: 1 itt: 10000 Cost: 14.14092759654011 Pearson: 0.5850503878338362 Spearmen: 0.7243087169750034 IFSpear: -0.7243087169750034 error: 0.9644032575702162
id: 1 itt: 11000 Cost: 14.13844432526886 Pearson: 0.5850652046486617 Spearmen: 0.7239430477601547 IFSpear: -0.7239430477601547 error: 0.9642338998751802
id: 1 itt: 12000 Cost: 14.136479462728039 Pearson: 0.5850464249369082 Spearmen: 0.7264094999528582 IFSpear: -0.7264094999528582 error: 0.9640998973621123
id: 1 itt: 13000 Cost: 14.134870121496773 Pearson: 0.5851155955768516 Spearmen: 0.7278951323011987 IFSpear: -0.7278951323011987 error: 0.9639901412011123
id: 1 itt: 14000 Cost: 14.133849197292172 Pearson: 0.5851461392367081 Spearmen: 0.7279999357789942 IFSpear: -0.7279999357789942 error: 0.9639205147482557
id: 1 itt: 15000 Cost: 14.132862401874918 Pearson: 0.5852374692206135 Spearmen: 0.7291586742491175 IFSpear: -0.7291586742491175 error: 0.9638532158593774
id: 1 itt: 16000 Cost: 14.132198229739187 Pearson: 0.5851876118021191 Spearmen: 0.7288862870230978 IFSpear: -0.7288862870230978 error: 0.9638079196956771
id: 1 itt: 17000 Cost: 14.131694182350842 Pearson: 0.5852917128396484 Spearmen: 0.7298321464313411 IFSpear: -0.7298321464313411 error: 0.9637735439491095
id: 1 itt: 18000 Cost: 14.13136957878651 Pearson: 0.5853528965487804 Spearmen: 0.7296738845402202 IFSpear: -0.7296738845402202 error: 0.9637514061697648
id: 1 itt: 19000 Cost: 14.131056689264401 Pearson: 0.5853362439655784 Spearmen: 0.730810767011382 IFSpear: -0.730810767011382 error: 0.9637300672814691
id: 1 itt: 20000 Cost: 14.13072451332555 Pearson: 0.5853298953692705 Spearmen: 0.7323056014628397 IFSpear: -0.7323056014628397 error: 0.9637074130704687
id: 1 itt: 21000 Cost: 14.130388900776142 Pearson: 0.5853988083107361 Spearmen: 0.7324383206977236 IFSpear: -0.7324383206977236 error: 0.9636845244845734
id: 1 itt: 22000 Cost: 14.130193246652965 Pearson: 0.5853831286813712 Spearmen: 0.7320555303079642 IFSpear: -0.7320555303079642 error: 0.9636711809841234
id: 1 itt: 23000 Cost: 14.129954174867034 Pearson: 0.5853456356360274 Spearmen: 0.7318837198080826 IFSpear: -0.7318837198080826 error: 0.9636548764236502
id: 1 itt: 24000 Cost: 14.129803435326743 Pearson: 0.5853798179014351 Spearmen: 0.7312675074485551 IFSpear: -0.7312675074485551 error: 0.963644596072329
id: 1 itt: 25000 Cost: 14.129656161904293 Pearson: 0.5853710791403594 Spearmen: 0.7319928670790757 IFSpear: -0.7319928670790757 error: 0.9636345521082823
id: 1 itt: 26000 Cost: 14.12949941349933 Pearson: 0.5853421787031724 Spearmen: 0.7318883010633229 IFSpear: -0.7318883010633229 error: 0.9636238619557917
id: 1 itt: 27000 Cost: 14.129322222850305 Pearson: 0.5854519381670347 Spearmen: 0.7316975005465151 IFSpear: -0.7316975005465151 error: 0.9636117776538277
id: 1 itt: 28000 Cost: 14.129180312808243 Pearson: 0.5853940777761937 Spearmen: 0.7312640003748672 IFSpear: -0.7312640003748672 error: 0.9636020994692875
id: 1 itt: 29000 Cost: 14.129102198812724 Pearson: 0.585392854554272 Spearmen: 0.73173464749846 IFSpear: -0.73173464749846 error: 0.9635967721390098
id: 1 itt: 0 Cost: 198.83014740243308 Pearson: 0.0005900806236194068 Spearmen: -0.002551248095086481 IFSpear: 0.002551248095086481 error: 13.560103504453924
id: 1 itt: 1000 Cost: 89.77542343570602 Pearson: 0.03107728832880683 Spearmen: 0.010930303183309597 IFSpear: -0.010930303183309597 error: 6.122633060671639
id: 1 itt: 2000 Cost: 33.96091214306381 Pearson: 0.21533659905188085 Spearmen: 0.07053878326643395 IFSpear: -0.07053878326643395 error: 2.316114984482358
id: 1 itt: 3000 Cost: 17.78549592905592 Pearson: 0.4758989233628745 Spearmen: 0.191012845677358 IFSpear: -0.191012845677358 error: 1.2129607548291286
id: 1 itt: 4000 Cost: 15.51974744072277 Pearson: 0.5880820214222483 Spearmen: 0.4606960261094933 IFSpear: -0.4606960261094933 error: 1.0584379904584296
id: 1 itt: 5000 Cost: 14.353232935667277 Pearson: 0.6665655410735203 Spearmen: 0.7501898398201932 IFSpear: -0.7501898398201932 error: 0.978882361522625
id: 1 itt: 6000 Cost: 14.06970723396294 Pearson: 0.6821393538059481 Spearmen: 0.8060705615028614 IFSpear: -0.8060705615028614 error: 0.9595460691569498
id: 1 itt: 7000 Cost: 13.974555328002149 Pearson: 0.687475215809034 Spearmen: 0.8185332794174425 IFSpear: -0.8185332794174425 error: 0.953056763031441
id: 1 itt: 8000 Cost: 13.927574888710538 Pearson: 0.6899729677968482 Spearmen: 0.8245556024752373 IFSpear: -0.8245556024752373 error: 0.9498527236651697
id: 1 itt: 9000 Cost: 13.907633618163322 Pearson: 0.6910718047917875 Spearmen: 0.828054116103513 IFSpear: -0.828054116103513 error: 0.9484927403016646
id: 1 itt: 10000 Cost: 13.893198456164141 Pearson: 0.6917182268580075 Spearmen: 0.8295810183892711 IFSpear: -0.8295810183892711 error: 0.9475082704243865
id: 1 itt: 11000 Cost: 13.881609279294798 Pearson: 0.6923054827785224 Spearmen: 0.8296285975612797 IFSpear: -0.8296285975612797 error: 0.9467178951219851
id: 1 itt: 12000 Cost: 13.871598988471849 Pearson: 0.6929479507192372 Spearmen: 0.8307619712299478 IFSpear: -0.8307619712299478 error: 0.9460351989542147
id: 1 itt: 13000 Cost: 13.864344794021386 Pearson: 0.6932350222474296 Spearmen: 0.8313960049929074 IFSpear: -0.8313960049929074 error: 0.9455404669989512
id: 1 itt: 14000 Cost: 13.855700187581101 Pearson: 0.6937204005521342 Spearmen: 0.8314981409585431 IFSpear: -0.8314981409585431 error: 0.9449509097330289
id: 1 itt: 15000 Cost: 13.846462741697305 Pearson: 0.6942686219542058 Spearmen: 0.8336311662051761 IFSpear: -0.8336311662051761 error: 0.9443209211526374
id: 1 itt: 16000 Cost: 13.832599842590652 Pearson: 0.6955407938683674 Spearmen: 0.8350991389893346 IFSpear: -0.8350991389893346 error: 0.9433754792806986
id: 1 itt: 17000 Cost: 13.819644737539711 Pearson: 0.6964103833216632 Spearmen: 0.8380486076497567 IFSpear: -0.8380486076497567 error: 0.9424919484495
id: 1 itt: 18000 Cost: 13.805841799530038 Pearson: 0.6972917763527983 Spearmen: 0.8405880664260347 IFSpear: -0.8405880664260347 error: 0.9415505958904342
id: 1 itt: 19000 Cost: 13.795732736120312 Pearson: 0.6981721173166462 Spearmen: 0.8417479774916037 IFSpear: -0.8417479774916037 error: 0.9408611634881561
id: 1 itt: 20000 Cost: 13.78611541628947 Pearson: 0.6991343006082414 Spearmen: 0.84356138370421 IFSpear: -0.84356138370421 error: 0.9402052677196049
id: 1 itt: 21000 Cost: 13.778455382872414 Pearson: 0.6999022895051384 Spearmen: 0.8445521524697484 IFSpear: -0.8445521524697484 error: 0.9396828577765461
id: 1 itt: 22000 Cost: 13.77392231004554 Pearson: 0.7001086614146329 Spearmen: 0.8447623242433131 IFSpear: -0.8447623242433131 error: 0.9393737047757127
id: 1 itt: 23000 Cost: 13.770630802895568 Pearson: 0.7004972507260228 Spearmen: 0.8452338243978962 IFSpear: -0.8452338243978962 error: 0.9391492258512518
id: 1 itt: 24000 Cost: 13.768433397012299 Pearson: 0.7005671097935463 Spearmen: 0.8453390031264618 IFSpear: -0.8453390031264618 error: 0.9389993640138611
id: 1 itt: 25000 Cost: 13.76649348935711 Pearson: 0.7007477902931982 Spearmen: 0.8454174353003061 IFSpear: -0.8454174353003061 error: 0.9388670634098676
id: 1 itt: 26000 Cost: 13.764898965756585 Pearson: 0.7009603205346894 Spearmen: 0.8455781033856322 IFSpear: -0.8455781033856322 error: 0.9387583178028965
id: 1 itt: 27000 Cost: 13.764069655574106 Pearson: 0.7010210179375748 Spearmen: 0.8455854608590953 IFSpear: -0.8455854608590953 error: 0.9387017593178849
id: 1 itt: 28000 Cost: 13.763299627362352 Pearson: 0.7010134329392346 Spearmen: 0.8459093808115227 IFSpear: -0.8459093808115227 error: 0.9386492438297201
id: 1 itt: 29000 Cost: 13.76283739359024 Pearson: 0.7011064262267885 Spearmen: 0.8456964617022432 IFSpear: -0.8456964617022432 error: 0.9386177197481109
id: 1 itt: 0 Cost: 196.4636955684032 Pearson: 0.00036735615764763767 Spearmen: -0.002551248095086481 IFSpear: 0.002551248095086481 error: 13.398712828910135
id: 1 itt: 1000 Cost: 76.33974474531983 Pearson: 0.10421935586465426 Spearmen: 0.018134241957198573 IFSpear: -0.018134241957198573 error: 5.206327379292895
id: 1 itt: 2000 Cost: 28.64545226633327 Pearson: 0.2738859919584592 Spearmen: 0.10396280453120264 IFSpear: -0.10396280453120264 error: 1.9536036297210937
id: 1 itt: 3000 Cost: 16.548410837792392 Pearson: 0.5455755598259945 Spearmen: 0.3213037207773952 IFSpear: -0.3213037207773952 error: 1.1285922518606246
id: 1 itt: 4000 Cost: 14.735626776428326 Pearson: 0.6641625754042803 Spearmen: 0.6768928699272889 IFSpear: -0.6768928699272889 error: 1.0049614050073659
id: 1 itt: 5000 Cost: 14.088038913405265 Pearson: 0.6980303529019142 Spearmen: 0.7900415884418271 IFSpear: -0.7900415884418271 error: 0.9607962793182152
id: 1 itt: 6000 Cost: 13.847835303654131 Pearson: 0.7107854299978944 Spearmen: 0.8251664053099397 IFSpear: -0.8251664053099397 error: 0.9444145291011502
id: 1 itt: 7000 Cost: 13.731755931552206 Pearson: 0.7172519430903217 Spearmen: 0.8389641811318214 IFSpear: -0.8389641811318214 error: 0.9364979816308703
id: 1 itt: 8000 Cost: 13.675463506581366 Pearson: 0.7211922622243482 Spearmen: 0.8457294637760496 IFSpear: -0.8457294637760496 error: 0.9326588701123524
id: 1 itt: 9000 Cost: 13.654233335089316 Pearson: 0.7222519459762278 Spearmen: 0.8480388087542965 IFSpear: -0.8480388087542965 error: 0.9312109844339959
id: 1 itt: 10000 Cost: 13.642316880548478 Pearson: 0.7229222228286463 Spearmen: 0.8497342927808534 IFSpear: -0.8497342927808534 error: 0.9303982889796549
id: 1 itt: 11000 Cost: 13.632928087039506 Pearson: 0.7232996564037919 Spearmen: 0.8509211337614846 IFSpear: -0.8509211337614846 error: 0.9297579785768975
id: 1 itt: 12000 Cost: 13.628096696812136 Pearson: 0.7237298356880135 Spearmen: 0.8518994503524594 IFSpear: -0.8518994503524594 error: 0.9294284804982134
id: 1 itt: 13000 Cost: 13.624629866874388 Pearson: 0.7240205542586535 Spearmen: 0.8522163630460148 IFSpear: -0.8522163630460148 error: 0.9291920446588684
id: 1 itt: 14000 Cost: 13.621917245756828 Pearson: 0.7243017853631964 Spearmen: 0.8529172027868827 IFSpear: -0.8529172027868827 error: 0.9290070454341379
id: 1 itt: 15000 Cost: 13.61987500691877 Pearson: 0.7242539522321239 Spearmen: 0.8531896210820051 IFSpear: -0.8531896210820051 error: 0.9288677659013976
id: 1 itt: 16000 Cost: 13.618517366648513 Pearson: 0.7243726414334694 Spearmen: 0.8532664349046923 IFSpear: -0.8532664349046923 error: 0.9287751756034625
id: 1 itt: 17000 Cost: 13.617183897498165 Pearson: 0.7245473811234648 Spearmen: 0.8533700491725541 IFSpear: -0.8533700491725541 error: 0.9286842337622229
id: 1 itt: 18000 Cost: 13.6161219191665 Pearson: 0.7245334050983783 Spearmen: 0.8534112880388525 IFSpear: -0.8534112880388525 error: 0.9286118074411394
id: 1 itt: 19000 Cost: 13.615402762356783 Pearson: 0.7245369552970677 Spearmen: 0.8537176126349293 IFSpear: -0.8537176126349293 error: 0.9285627613537976
id: 1 itt: 20000 Cost: 13.614864005833095 Pearson: 0.7246082002664033 Spearmen: 0.8538994102863497 IFSpear: -0.8538994102863497 error: 0.9285260184638466
id: 1 itt: 21000 Cost: 13.614124108469504 Pearson: 0.7246610314040177 Spearmen: 0.8539681546734548 IFSpear: -0.8539681546734548 error: 0.9284755578824708
id: 1 itt: 22000 Cost: 13.613728489828594 Pearson: 0.7246646892830582 Spearmen: 0.853988985675375 IFSpear: -0.853988985675375 error: 0.9284485769151019
id: 1 itt: 23000 Cost: 13.613424575671932 Pearson: 0.7246801053716042 Spearmen: 0.8540760411440902 IFSpear: -0.8540760411440902 error: 0.928427850141649
id: 1 itt: 24000 Cost: 13.61305811237 Pearson: 0.7247366892893413 Spearmen: 0.85413171547908 IFSpear: -0.85413171547908 error: 0.9284028575518949
id: 1 itt: 25000 Cost: 13.61272012747937 Pearson: 0.7247160756135966 Spearmen: 0.8542122926592511 IFSpear: -0.8542122926592511 error: 0.9283798071736713
id: 1 itt: 26000 Cost: 13.612525940023756 Pearson: 0.724758843826871 Spearmen: 0.8541910413063485 IFSpear: -0.8541910413063485 error: 0.9283665636991189
id: 1 itt: 27000 Cost: 13.612330266534004 Pearson: 0.7247334346011443 Spearmen: 0.8540689754390653 IFSpear: -0.8540689754390653 error: 0.9283532188778792
id: 1 itt: 28000 Cost: 13.612171725177639 Pearson: 0.7247901772916376 Spearmen: 0.8540674482709648 IFSpear: -0.8540674482709648 error: 0.928342406447118
id: 1 itt: 29000 Cost: 13.612072949251965 Pearson: 0.7248018060830307 Spearmen: 0.8541259744131907 IFSpear: -0.8541259744131907 error: 0.9283356699848995
<Swarm.Swarm object at 0x760845378e80> 0.720968373867744
<Swarm.Swarm object at 0x7608453795d0> 0.8027974594851398
<Swarm.Swarm object at 0x7608453783a0> 0.8479565030149764
<Swarm.Swarm object at 0x760845379810> 0.871487155317717
<Swarm.Swarm object at 0x760845379ab0> 0.8790406996567621
<Swarm.Swarm object at 0x7608453786d0> 0.8789094516238484
<Swarm.Swarm object at 0x760845378670> 0.8750086223703538
<Swarm.Swarm object at 0x760845379ae0> 0.8692562819940249
<Swarm.Swarm object at 0x760845379db0> 0.8622710646441504
<Swarm.Swarm object at 0x760845379690> 0.8541624059781753
<Swarm.Swarm object at 0x760845379570> 0.8457762505004065
<Swarm.Swarm object at 0x76084537b0d0> 0.8355978674517355
<Swarm.Swarm object at 0x7608453786a0> 0.8229816137877362
<Swarm.Swarm object at 0x76084537b070> 0.8069013695027759
<Swarm.Swarm object at 0x760845379660> 0.7936734931113091
<Swarm.Swarm object at 0x760845378b50> 0.7764148640745863
<Swarm.Swarm object at 0x760845379900> 0.7515047593935301
<Swarm.Swarm object at 0x760845378580> 0.7324755670971147
<Swarm.Swarm object at 0x760845378fd0> 0.7118921145794301
(np.float64(0.8373438562286977), np.float64(0.8790406996567621), np.float64(145.6970242506133), 29999, 1, <Swarm.Swarm object at 0x760845379ab0>)
pearson:0.8373438562286977 spearman:0.8790406996567621 rmse:145.6970242506133
(np.float64(0.8373438562286977), np.float64(0.8790406996567621), np.float64(145.6970242506133), 29999, 1, <Swarm.Swarm object at 0x760845379ab0>)
Input file:  analysis_other/3dstructure/T2T12/chrX/66919518-77620517/50000/contacts/hp2.matrix.txt
Convert factor::  0.2
SSE at best spearman :  145.6970242506133
Best Spearman correlation Dist vs. Reconstructed Dist  :  0.8790406996567621
Best Pearson correlation Dist vs. Reconstructed Dist:  0.8373438562286977
