analysis_other/3dstructure/T2T12/chrX/complete/250000/contacts/hp1.matrix.txt
id: 1 itt: 0 Cost: 567.7947793937436 Pearson: 0.0047053477118773725 Spearmen: -0.003556883386799927 IFSpear: 0.003556883386799927 error: 22.84005563909045
id: 1 itt: 1000 Cost: 416.3587891238192 Pearson: 0.007146836421516513 Spearmen: -0.0059654396914509316 IFSpear: 0.0059654396914509316 error: 16.748406738727304
id: 1 itt: 2000 Cost: 284.93617756946526 Pearson: 0.023613893549893513 Spearmen: 0.014875736298180953 IFSpear: -0.014875736298180953 error: 11.461813995939062
id: 1 itt: 3000 Cost: 198.08308145869987 Pearson: 0.0745013413964009 Spearmen: 0.03846657627114821 IFSpear: -0.03846657627114821 error: 7.968070094814688
id: 1 itt: 4000 Cost: 133.59832725889336 Pearson: 0.11865718595034594 Spearmen: 0.057126519937478304 IFSpear: -0.057126519937478304 error: 5.374112863701615
id: 1 itt: 5000 Cost: 87.79308275321392 Pearson: 0.20795240411554144 Spearmen: 0.08355941339178312 IFSpear: -0.08355941339178312 error: 3.531555709180184
id: 1 itt: 6000 Cost: 56.08665466660744 Pearson: 0.35918856692410983 Spearmen: 0.11747841458087042 IFSpear: -0.11747841458087042 error: 2.2561361246814613
id: 1 itt: 7000 Cost: 35.80303709565294 Pearson: 0.4910784219549978 Spearmen: 0.1592518480031377 IFSpear: -0.1592518480031377 error: 1.4402093661133495
id: 1 itt: 8000 Cost: 25.148162764192104 Pearson: 0.6320548709510708 Spearmen: 0.2327692983340558 IFSpear: -0.2327692983340558 error: 1.0116074638240666
id: 1 itt: 9000 Cost: 21.571664628306483 Pearson: 0.7011630862908067 Spearmen: 0.3169297398680102 IFSpear: -0.3169297398680102 error: 0.8677396098364839
id: 1 itt: 10000 Cost: 20.36988669508027 Pearson: 0.7339749629008853 Spearmen: 0.41463604140930044 IFSpear: -0.41463604140930044 error: 0.8193970116709534
id: 1 itt: 11000 Cost: 19.076761018155054 Pearson: 0.7675088739334239 Spearmen: 0.5471923679428193 IFSpear: -0.5471923679428193 error: 0.7673798683628655
id: 1 itt: 12000 Cost: 17.77240836066365 Pearson: 0.8008104372387893 Spearmen: 0.6664564139132513 IFSpear: -0.6664564139132513 error: 0.7149111096646812
id: 1 itt: 13000 Cost: 16.89123658868952 Pearson: 0.8213620337669596 Spearmen: 0.7433101111519334 IFSpear: -0.7433101111519334 error: 0.679465182668004
id: 1 itt: 14000 Cost: 16.36826887860499 Pearson: 0.8326716569710348 Spearmen: 0.7844941695648325 IFSpear: -0.7844941695648325 error: 0.6584283362064496
id: 1 itt: 15000 Cost: 15.986572863821511 Pearson: 0.8418569536378343 Spearmen: 0.8167599359352935 IFSpear: -0.8167599359352935 error: 0.6430742707390245
id: 1 itt: 16000 Cost: 15.680653873295391 Pearson: 0.8478011141904974 Spearmen: 0.8374979887387007 IFSpear: -0.8374979887387007 error: 0.6307684042213162
id: 1 itt: 17000 Cost: 15.508782689351875 Pearson: 0.8515482868737808 Spearmen: 0.8490560092225782 IFSpear: -0.8490560092225782 error: 0.6238547312773386
id: 1 itt: 18000 Cost: 15.35024075544587 Pearson: 0.8548467433666855 Spearmen: 0.8597611056623724 IFSpear: -0.8597611056623724 error: 0.6174772394035871
id: 1 itt: 19000 Cost: 15.208656279223504 Pearson: 0.8572549170193593 Spearmen: 0.8649066903300842 IFSpear: -0.8649066903300842 error: 0.6117818765156029
id: 1 itt: 20000 Cost: 15.068015278573746 Pearson: 0.859795053192166 Spearmen: 0.8719577489720415 IFSpear: -0.8719577489720415 error: 0.6061244657810279
id: 1 itt: 21000 Cost: 14.915244036072151 Pearson: 0.8627238783888131 Spearmen: 0.8781325354132398 IFSpear: -0.8781325354132398 error: 0.599979105158806
id: 1 itt: 22000 Cost: 14.783328261557841 Pearson: 0.865115260015907 Spearmen: 0.8833040908619112 IFSpear: -0.8833040908619112 error: 0.5946726744924347
id: 1 itt: 23000 Cost: 14.657659576277474 Pearson: 0.8674896543929591 Spearmen: 0.8900584077558977 IFSpear: -0.8900584077558977 error: 0.5896175386087275
id: 1 itt: 24000 Cost: 14.521602637409693 Pearson: 0.8698279507988913 Spearmen: 0.8933241409087811 IFSpear: -0.8933241409087811 error: 0.5841445258819417
id: 1 itt: 25000 Cost: 14.391593196500418 Pearson: 0.872302151484767 Spearmen: 0.8970186311805438 IFSpear: -0.8970186311805438 error: 0.5789147791992661
id: 1 itt: 26000 Cost: 14.277578998926092 Pearson: 0.8742908462774946 Spearmen: 0.8990362517618904 IFSpear: -0.8990362517618904 error: 0.5743284555648286
id: 1 itt: 27000 Cost: 14.140953679449398 Pearson: 0.8767777512409574 Spearmen: 0.8987601997042868 IFSpear: -0.8987601997042868 error: 0.5688325792168845
id: 1 itt: 28000 Cost: 14.05711882827153 Pearson: 0.8782806848897018 Spearmen: 0.9025661567404839 IFSpear: -0.9025661567404839 error: 0.5654602469326006
id: 1 itt: 29000 Cost: 13.994685372309144 Pearson: 0.8793833883605976 Spearmen: 0.9053008639004088 IFSpear: -0.9053008639004088 error: 0.562948805017893
id: 1 itt: 0 Cost: 595.4444021933078 Pearson: 0.005369100948872413 Spearmen: -0.003556883386799927 IFSpear: 0.003556883386799927 error: 23.952286582489062
id: 1 itt: 1000 Cost: 448.6620071080771 Pearson: 0.012631236042441969 Spearmen: -0.0031284961935018735 IFSpear: 0.0031284961935018735 error: 18.04783273357337
id: 1 itt: 2000 Cost: 312.47610933971015 Pearson: 0.028257062222428308 Spearmen: -0.0007763675971940691 IFSpear: 0.0007763675971940691 error: 12.569632519034274
id: 1 itt: 3000 Cost: 221.58888634174713 Pearson: 0.08314741627164428 Spearmen: 0.02689543662582873 IFSpear: -0.02689543662582873 error: 8.913612235839029
id: 1 itt: 4000 Cost: 152.51253066250334 Pearson: 0.13263402567095292 Spearmen: 0.03314644486166547 IFSpear: -0.03314644486166547 error: 6.1349537058255805
id: 1 itt: 5000 Cost: 107.01918431232909 Pearson: 0.1845898614664305 Spearmen: 0.048175026672870366 IFSpear: -0.048175026672870366 error: 4.304942935110414
id: 1 itt: 6000 Cost: 75.71138656154999 Pearson: 0.18150907720216225 Spearmen: 0.029833331368408336 IFSpear: -0.029833331368408336 error: 3.0455586143727427
id: 1 itt: 7000 Cost: 53.87856749955416 Pearson: 0.2695176406646965 Spearmen: 0.06103806228301885 IFSpear: -0.06103806228301885 error: 2.167313832575663
id: 1 itt: 8000 Cost: 39.43758925491474 Pearson: 0.33681302206964187 Spearmen: 0.07119277014489166 IFSpear: -0.07119277014489166 error: 1.5864124954012808
id: 1 itt: 9000 Cost: 29.579033840672608 Pearson: 0.47530936270019253 Spearmen: 0.11907256197824385 IFSpear: -0.11907256197824385 error: 1.189843237714957
id: 1 itt: 10000 Cost: 24.036353751174165 Pearson: 0.5451371338955616 Spearmen: 0.1284198298284991 IFSpear: -0.1284198298284991 error: 0.9668839463861538
id: 1 itt: 11000 Cost: 20.47839490480462 Pearson: 0.5948903976294257 Spearmen: 0.17067123809064297 IFSpear: -0.17067123809064297 error: 0.8237618519923956
id: 1 itt: 12000 Cost: 18.191682590335006 Pearson: 0.6304130136006657 Spearmen: 0.19108352315716626 IFSpear: -0.19108352315716626 error: 0.7317767926213923
id: 1 itt: 13000 Cost: 16.699643380745623 Pearson: 0.6528267313183532 Spearmen: 0.1938468778523279 IFSpear: -0.1938468778523279 error: 0.6717581735718956
id: 1 itt: 14000 Cost: 15.75135647060388 Pearson: 0.6676670832875311 Spearmen: 0.21295029011784586 IFSpear: -0.21295029011784586 error: 0.6336124797834028
id: 1 itt: 15000 Cost: 15.168003733104552 Pearson: 0.6789502841840167 Spearmen: 0.2474736056681688 IFSpear: -0.2474736056681688 error: 0.6101465912876919
id: 1 itt: 16000 Cost: 14.810007631725068 Pearson: 0.6857526242518774 Spearmen: 0.2579012266806885 IFSpear: -0.2579012266806885 error: 0.5957458761511149
id: 1 itt: 17000 Cost: 14.606834435956609 Pearson: 0.6901722509331557 Spearmen: 0.28821623109316746 IFSpear: -0.28821623109316746 error: 0.5875730516304698
id: 1 itt: 18000 Cost: 14.478041446846191 Pearson: 0.693860509736598 Spearmen: 0.331359184726541 IFSpear: -0.331359184726541 error: 0.5823922378154016
id: 1 itt: 19000 Cost: 14.382068098144595 Pearson: 0.6971978750224184 Spearmen: 0.38732335939459 IFSpear: -0.38732335939459 error: 0.5785316235516446
id: 1 itt: 20000 Cost: 14.312921651586135 Pearson: 0.7001378830168257 Spearmen: 0.46193852639517724 IFSpear: -0.46193852639517724 error: 0.5757501455529794
id: 1 itt: 21000 Cost: 14.255544753367532 Pearson: 0.7030083111185753 Spearmen: 0.5267236443876987 IFSpear: -0.5267236443876987 error: 0.5734421082210571
id: 1 itt: 22000 Cost: 14.19873120555053 Pearson: 0.7058315660402499 Spearmen: 0.602775684151291 IFSpear: -0.602775684151291 error: 0.5711567321656803
id: 1 itt: 23000 Cost: 14.154399751524865 Pearson: 0.7081332433542269 Spearmen: 0.6536391130214959 IFSpear: -0.6536391130214959 error: 0.5693734595586495
id: 1 itt: 24000 Cost: 14.120360565434535 Pearson: 0.70979552602608 Spearmen: 0.6984572527123889 IFSpear: -0.6984572527123889 error: 0.568004202685519
id: 1 itt: 25000 Cost: 14.088083429118365 Pearson: 0.7113100358296887 Spearmen: 0.725833015075266 IFSpear: -0.725833015075266 error: 0.5667058258492279
id: 1 itt: 26000 Cost: 14.06217797032579 Pearson: 0.7125575367156711 Spearmen: 0.751351736684689 IFSpear: -0.751351736684689 error: 0.565663755471599
id: 1 itt: 27000 Cost: 14.045174624991118 Pearson: 0.7133206524515343 Spearmen: 0.7694522582101071 IFSpear: -0.7694522582101071 error: 0.5649797806138005
id: 1 itt: 28000 Cost: 14.028766748913531 Pearson: 0.7141354415747069 Spearmen: 0.7847484121022309 IFSpear: -0.7847484121022309 error: 0.5643197590423948
id: 1 itt: 29000 Cost: 14.012613993355785 Pearson: 0.7150920814754713 Spearmen: 0.8014509431916701 IFSpear: -0.8014509431916701 error: 0.5636699999233387
id: 1 itt: 0 Cost: 551.9211403866882 Pearson: 0.0040804873076556464 Spearmen: -0.003556883386799927 IFSpear: 0.003556883386799927 error: 22.201524234305268
id: 1 itt: 1000 Cost: 401.66257446517477 Pearson: 0.028522215975880606 Spearmen: 0.01779013333748688 IFSpear: -0.01779013333748688 error: 16.157238287256416
id: 1 itt: 2000 Cost: 267.29761053495974 Pearson: 0.10473680139124145 Spearmen: 0.061189142297666 IFSpear: -0.061189142297666 error: 10.752286773987343
id: 1 itt: 3000 Cost: 177.18028575718301 Pearson: 0.16303759439387927 Spearmen: 0.07033835667782501 IFSpear: -0.07033835667782501 error: 7.127236339095858
id: 1 itt: 4000 Cost: 115.63370672108485 Pearson: 0.1593689233984113 Spearmen: 0.07370400134511115 IFSpear: -0.07370400134511115 error: 4.651469846348057
id: 1 itt: 5000 Cost: 74.25173735188574 Pearson: 0.23203838464885373 Spearmen: 0.10215032610073546 IFSpear: -0.10215032610073546 error: 2.9868429121997098
id: 1 itt: 6000 Cost: 45.638114126791656 Pearson: 0.3982712134914813 Spearmen: 0.15685320437767114 IFSpear: -0.15685320437767114 error: 1.8358341847243957
id: 1 itt: 7000 Cost: 31.20321354999778 Pearson: 0.5481519579555102 Spearmen: 0.217881573602211 IFSpear: -0.217881573602211 error: 1.2551773272049624
id: 1 itt: 8000 Cost: 26.195448249215843 Pearson: 0.6546600615396674 Spearmen: 0.3082874154441358 IFSpear: -0.3082874154441358 error: 1.0537354643201162
id: 1 itt: 9000 Cost: 24.709750658728016 Pearson: 0.6962739449745028 Spearmen: 0.41730381133798194 IFSpear: -0.41730381133798194 error: 0.9939719426022227
id: 1 itt: 10000 Cost: 22.614676875627524 Pearson: 0.7418139984946517 Spearmen: 0.559751330027521 IFSpear: -0.559751330027521 error: 0.9096957155028683
id: 1 itt: 11000 Cost: 20.602794326507397 Pearson: 0.7906201652140652 Spearmen: 0.6896003716594029 IFSpear: -0.6896003716594029 error: 0.8287659306072005
id: 1 itt: 12000 Cost: 19.106285532018333 Pearson: 0.8215371482865231 Spearmen: 0.7559207376844018 IFSpear: -0.7559207376844018 error: 0.768567518485458
id: 1 itt: 13000 Cost: 18.313659733376802 Pearson: 0.8384506693721877 Spearmen: 0.7955999739249738 IFSpear: -0.7955999739249738 error: 0.736683432898618
id: 1 itt: 14000 Cost: 17.712305628747366 Pearson: 0.8502736105439782 Spearmen: 0.8221662023277038 IFSpear: -0.8221662023277038 error: 0.7124934232208309
id: 1 itt: 15000 Cost: 17.29186590646201 Pearson: 0.8565185142618773 Spearmen: 0.8416625615928516 IFSpear: -0.8416625615928516 error: 0.6955808572755529
id: 1 itt: 16000 Cost: 16.90952611513251 Pearson: 0.8633878729431683 Spearmen: 0.8543827356833742 IFSpear: -0.8543827356833742 error: 0.680200895317593
id: 1 itt: 17000 Cost: 16.56040993807295 Pearson: 0.8690240136836824 Spearmen: 0.8686858453790703 IFSpear: -0.8686858453790703 error: 0.6661573831228156
id: 1 itt: 18000 Cost: 16.249759728776247 Pearson: 0.8730935905870848 Spearmen: 0.8791918603637244 IFSpear: -0.8791918603637244 error: 0.653661199075108
id: 1 itt: 19000 Cost: 16.000009494021775 Pearson: 0.8771257480060071 Spearmen: 0.8867481283937185 IFSpear: -0.8867481283937185 error: 0.6436147712728679
id: 1 itt: 20000 Cost: 15.766765493236656 Pearson: 0.8807785975032131 Spearmen: 0.8931311760846871 IFSpear: -0.8931311760846871 error: 0.6342323215766866
id: 1 itt: 21000 Cost: 15.570328073959965 Pearson: 0.8834683287493657 Spearmen: 0.8965745787950047 IFSpear: -0.8965745787950047 error: 0.6263304497231456
id: 1 itt: 22000 Cost: 15.408586419969012 Pearson: 0.8856798286529898 Spearmen: 0.9005183734062817 IFSpear: -0.9005183734062817 error: 0.6198242462313553
id: 1 itt: 23000 Cost: 15.23445316557498 Pearson: 0.888469146966353 Spearmen: 0.9043453973525044 IFSpear: -0.9043453973525044 error: 0.6128195794691456
id: 1 itt: 24000 Cost: 15.105872868743592 Pearson: 0.8903538363826873 Spearmen: 0.9078185920244731 IFSpear: -0.9078185920244731 error: 0.6076473213922831
id: 1 itt: 25000 Cost: 14.992781614433264 Pearson: 0.8915907395627569 Spearmen: 0.909937843416452 IFSpear: -0.909937843416452 error: 0.6030981239806753
id: 1 itt: 26000 Cost: 14.868269747504424 Pearson: 0.893486620583256 Spearmen: 0.9109265464939809 IFSpear: -0.9109265464939809 error: 0.598089522155526
id: 1 itt: 27000 Cost: 14.765849994070098 Pearson: 0.8948775692905818 Spearmen: 0.9141545395165495 IFSpear: -0.9141545395165495 error: 0.5939695954639145
id: 1 itt: 28000 Cost: 14.651273707863332 Pearson: 0.8964427769643026 Spearmen: 0.9169298435375567 IFSpear: -0.9169298435375567 error: 0.5893606613087307
id: 1 itt: 29000 Cost: 14.553945977745576 Pearson: 0.8978121313053086 Spearmen: 0.9189849866836715 IFSpear: -0.9189849866836715 error: 0.5854455658344653
id: 1 itt: 0 Cost: 596.9618679458724 Pearson: 0.005106507534392499 Spearmen: -0.003556883386799927 IFSpear: 0.003556883386799927 error: 24.013328007096735
id: 1 itt: 1000 Cost: 445.6032802264075 Pearson: 0.01868172692576212 Spearmen: 0.005025801642959737 IFSpear: -0.005025801642959737 error: 17.924792693936674
id: 1 itt: 2000 Cost: 309.8717891952988 Pearson: 0.04209417340084272 Spearmen: 3.643782984200718e-05 IFSpear: -3.643782984200718e-05 error: 12.464871399067881
id: 1 itt: 3000 Cost: 215.77868760050072 Pearson: 0.07670052568885148 Spearmen: -0.004829654147877591 IFSpear: 0.004829654147877591 error: 8.679891766154654
id: 1 itt: 4000 Cost: 150.87570814536818 Pearson: 0.11501738594128685 Spearmen: 0.014130904566942038 IFSpear: -0.014130904566942038 error: 6.069111048021293
id: 1 itt: 5000 Cost: 104.21896489277427 Pearson: 0.18262705582576358 Spearmen: 0.049175482750599304 IFSpear: -0.049175482750599304 error: 4.192301590622211
id: 1 itt: 6000 Cost: 75.10655472292066 Pearson: 0.19693224768936138 Spearmen: 0.03311053517190281 IFSpear: -0.03311053517190281 error: 3.0212287097171604
id: 1 itt: 7000 Cost: 54.11881472290919 Pearson: 0.24013604592192725 Spearmen: 0.031246635345862302 IFSpear: -0.031246635345862302 error: 2.1769779931979656
id: 1 itt: 8000 Cost: 39.39799918182828 Pearson: 0.3575366914803395 Spearmen: 0.06462401693471272 IFSpear: -0.06462401693471272 error: 1.5848199491066215
id: 1 itt: 9000 Cost: 29.876671337539445 Pearson: 0.4666890084943352 Spearmen: 0.1026122659348352 IFSpear: -0.1026122659348352 error: 1.20181597370238
id: 1 itt: 10000 Cost: 24.700303730968376 Pearson: 0.5247404175612891 Spearmen: 0.13369485580443308 IFSpear: -0.13369485580443308 error: 0.9935919314371341
id: 1 itt: 11000 Cost: 21.035079981089336 Pearson: 0.5641980885542501 Spearmen: 0.1489874229730177 IFSpear: -0.1489874229730177 error: 0.8461550098325755
id: 1 itt: 12000 Cost: 18.511660868892168 Pearson: 0.6044924454207425 Spearmen: 0.1773810798779107 IFSpear: -0.1773810798779107 error: 0.7446482066441652
id: 1 itt: 13000 Cost: 16.95819221971025 Pearson: 0.6279854523015351 Spearmen: 0.18102860152377975 IFSpear: -0.18102860152377975 error: 0.6821585331413859
id: 1 itt: 14000 Cost: 15.924646434403689 Pearson: 0.6429249081550668 Spearmen: 0.19218076909949017 IFSpear: -0.19218076909949017 error: 0.6405832244230588
id: 1 itt: 15000 Cost: 15.206823480168461 Pearson: 0.6533529512631626 Spearmen: 0.20227133873380776 IFSpear: -0.20227133873380776 error: 0.6117081505253126
id: 1 itt: 16000 Cost: 14.776504676138797 Pearson: 0.6590689772944857 Spearmen: 0.21682705243740633 IFSpear: -0.21682705243740633 error: 0.5943981896322613
id: 1 itt: 17000 Cost: 14.4998887882897 Pearson: 0.6651157679926536 Spearmen: 0.22936199421172587 IFSpear: -0.22936199421172587 error: 0.5832710667730555
id: 1 itt: 18000 Cost: 14.341137114905784 Pearson: 0.6689102382364535 Spearmen: 0.24848572430300084 IFSpear: -0.24848572430300084 error: 0.5768851379401789
id: 1 itt: 19000 Cost: 14.227312083585748 Pearson: 0.6718475791681839 Spearmen: 0.2655385276853199 IFSpear: -0.2655385276853199 error: 0.5723064236884439
id: 1 itt: 20000 Cost: 14.150781895508723 Pearson: 0.6740399039134055 Spearmen: 0.29901056837933876 IFSpear: -0.29901056837933876 error: 0.5692279280467339
id: 1 itt: 21000 Cost: 14.100860862749116 Pearson: 0.6756563697550401 Spearmen: 0.33782591185512745 IFSpear: -0.33782591185512745 error: 0.567219809608224
id: 1 itt: 22000 Cost: 14.062522602341781 Pearson: 0.6772732480475987 Spearmen: 0.3814748398826008 IFSpear: -0.3814748398826008 error: 0.565677618604382
id: 1 itt: 23000 Cost: 14.037071634897712 Pearson: 0.6785710286220069 Spearmen: 0.4213594978218257 IFSpear: -0.4213594978218257 error: 0.564653830549987
id: 1 itt: 24000 Cost: 14.013591406130788 Pearson: 0.679734646559194 Spearmen: 0.47179140609866793 IFSpear: -0.47179140609866793 error: 0.5637093172312351
id: 1 itt: 25000 Cost: 13.986122371152007 Pearson: 0.6813363823028172 Spearmen: 0.522331263916981 IFSpear: -0.522331263916981 error: 0.5626043505953365
id: 1 itt: 26000 Cost: 13.964298344552384 Pearson: 0.6824605791653144 Spearmen: 0.5742471820116118 IFSpear: -0.5742471820116118 error: 0.5617264594982458
id: 1 itt: 27000 Cost: 13.943294805877013 Pearson: 0.6837183866896862 Spearmen: 0.6261409924552711 IFSpear: -0.6261409924552711 error: 0.560881573265802
id: 1 itt: 28000 Cost: 13.923617250743815 Pearson: 0.6848204927278476 Spearmen: 0.6714894022301281 IFSpear: -0.6714894022301281 error: 0.560090025913846
id: 1 itt: 29000 Cost: 13.906491004043806 Pearson: 0.6859026381106923 Spearmen: 0.674051893736894 IFSpear: -0.674051893736894 error: 0.5594011072380973
id: 1 itt: 0 Cost: 590.0501899031772 Pearson: 0.005576363588915351 Spearmen: -0.003556883386799927 IFSpear: 0.003556883386799927 error: 23.735299541912187
id: 1 itt: 1000 Cost: 428.1716920208157 Pearson: 0.030427316718199048 Spearmen: 0.01606489806244459 IFSpear: -0.01606489806244459 error: 17.22359138152141
id: 1 itt: 2000 Cost: 308.9238978188996 Pearson: 0.042310433180401834 Spearmen: 0.017018759106893988 IFSpear: -0.017018759106893988 error: 12.4267416159799
id: 1 itt: 3000 Cost: 213.18763701477118 Pearson: 0.08249546181802542 Spearmen: 0.02597621422437297 IFSpear: -0.02597621422437297 error: 8.575664426120023
id: 1 itt: 4000 Cost: 145.83401075691637 Pearson: 0.15334722165787007 Spearmen: 0.04388268518417739 IFSpear: -0.04388268518417739 error: 5.866304236393596
id: 1 itt: 5000 Cost: 100.49727375392273 Pearson: 0.18537096973339617 Spearmen: 0.050554578454169906 IFSpear: -0.050554578454169906 error: 4.042593217513109
id: 1 itt: 6000 Cost: 69.5605835133821 Pearson: 0.26159892089668585 Spearmen: 0.05943163482038323 IFSpear: -0.05943163482038323 error: 2.798137030124922
id: 1 itt: 7000 Cost: 49.58630414181053 Pearson: 0.35436716109630667 Spearmen: 0.0835721070814615 IFSpear: -0.0835721070814615 error: 1.9946536788257991
id: 1 itt: 8000 Cost: 35.75765054355035 Pearson: 0.4743014854423835 Spearmen: 0.13599481500720859 IFSpear: -0.13599481500720859 error: 1.4383836512372872
id: 1 itt: 9000 Cost: 27.638197121903 Pearson: 0.5529997260755559 Spearmen: 0.15710070828234748 IFSpear: -0.15710070828234748 error: 1.1117713352391732
id: 1 itt: 10000 Cost: 22.300628938264424 Pearson: 0.6217851408134248 Spearmen: 0.19779368350538581 IFSpear: -0.19779368350538581 error: 0.8970628547879926
id: 1 itt: 11000 Cost: 19.044690457118545 Pearson: 0.6616662850831265 Spearmen: 0.18824670420404419 IFSpear: -0.18824670420404419 error: 0.7660898012029793
id: 1 itt: 12000 Cost: 17.20901844023805 Pearson: 0.6930603076085495 Spearmen: 0.2242792015457037 IFSpear: -0.2242792015457037 error: 0.6922482434390301
id: 1 itt: 13000 Cost: 16.12654474223134 Pearson: 0.7150616228654407 Spearmen: 0.2634019698852799 IFSpear: -0.2634019698852799 error: 0.6487047654297329
id: 1 itt: 14000 Cost: 15.622477883475367 Pearson: 0.7271628658885401 Spearmen: 0.31586293146472805 IFSpear: -0.31586293146472805 error: 0.6284282227110753
id: 1 itt: 15000 Cost: 15.354402612683279 Pearson: 0.7366417593042662 Spearmen: 0.38037260719252236 IFSpear: -0.38037260719252236 error: 0.6176446538538676
id: 1 itt: 16000 Cost: 15.133033919436524 Pearson: 0.7447066059966577 Spearmen: 0.46938419207998194 IFSpear: -0.46938419207998194 error: 0.6087398990833021
id: 1 itt: 17000 Cost: 14.922765990685834 Pearson: 0.7527845473774798 Spearmen: 0.5680055719266864 IFSpear: -0.5680055719266864 error: 0.6002816825479019
id: 1 itt: 18000 Cost: 14.72721544861989 Pearson: 0.760352604093015 Spearmen: 0.6476851300439405 IFSpear: -0.6476851300439405 error: 0.5924154861277633
id: 1 itt: 19000 Cost: 14.584926092405208 Pearson: 0.7658242156070617 Spearmen: 0.7145152134609601 IFSpear: -0.7145152134609601 error: 0.5866917688081646
id: 1 itt: 20000 Cost: 14.472752144933446 Pearson: 0.7699616885514979 Spearmen: 0.7667036086841973 IFSpear: -0.7667036086841973 error: 0.5821794708891047
id: 1 itt: 21000 Cost: 14.378999981064835 Pearson: 0.773331258654878 Spearmen: 0.7993212517973888 IFSpear: -0.7993212517973888 error: 0.5784082057828447
id: 1 itt: 22000 Cost: 14.305588333719587 Pearson: 0.7760849558990689 Spearmen: 0.8159406029405001 IFSpear: -0.8159406029405001 error: 0.5754551562466848
id: 1 itt: 23000 Cost: 14.231603456908893 Pearson: 0.7786572144037631 Spearmen: 0.8263147344924707 IFSpear: -0.8263147344924707 error: 0.5724790480397516
id: 1 itt: 24000 Cost: 14.176502431876814 Pearson: 0.7806789782021977 Spearmen: 0.842470623193217 IFSpear: -0.842470623193217 error: 0.5702625597535308
id: 1 itt: 25000 Cost: 14.133846589670256 Pearson: 0.7820519552584361 Spearmen: 0.8550231394262839 IFSpear: -0.8550231394262839 error: 0.5685466901388606
id: 1 itt: 26000 Cost: 14.095324363593546 Pearson: 0.7834747064920523 Spearmen: 0.8606422961126403 IFSpear: -0.8606422961126403 error: 0.5669970989505212
id: 1 itt: 27000 Cost: 14.062740956157942 Pearson: 0.7846182415408038 Spearmen: 0.8689673313425311 IFSpear: -0.8689673313425311 error: 0.5656864020830105
id: 1 itt: 28000 Cost: 14.035490200095948 Pearson: 0.785583233634567 Spearmen: 0.8711946030094271 IFSpear: -0.8711946030094271 error: 0.5645902159128455
id: 1 itt: 29000 Cost: 14.01208167957343 Pearson: 0.786385195988461 Spearmen: 0.8772083761384194 IFSpear: -0.8772083761384194 error: 0.5636485871227148
id: 1 itt: 0 Cost: 585.3307406046492 Pearson: 0.005460748188099436 Spearmen: -0.003556883386799927 IFSpear: 0.003556883386799927 error: 23.54545544951081
id: 1 itt: 1000 Cost: 432.09785968431777 Pearson: 0.012317956106254045 Spearmen: 0.013857635778710745 IFSpear: -0.013857635778710745 error: 17.381525006727568
id: 1 itt: 2000 Cost: 302.57527208757944 Pearson: 0.04682625764989276 Spearmen: 0.019036032578734242 IFSpear: -0.019036032578734242 error: 12.171362436393327
id: 1 itt: 3000 Cost: 212.35492120998774 Pearson: 0.035894128789247366 Spearmen: 0.011567610501229966 IFSpear: -0.011567610501229966 error: 8.54216768398176
id: 1 itt: 4000 Cost: 144.98750410782498 Pearson: 0.09528219186365813 Spearmen: 0.0430646863388674 IFSpear: -0.0430646863388674 error: 5.832252745140451
id: 1 itt: 5000 Cost: 99.50463205297385 Pearson: 0.16015657075400433 Spearmen: 0.06178012168457556 IFSpear: -0.06178012168457556 error: 4.002663312374563
id: 1 itt: 6000 Cost: 67.06502630016888 Pearson: 0.31178012628853147 Spearmen: 0.10542453062845365 IFSpear: -0.10542453062845365 error: 2.697750996880335
id: 1 itt: 7000 Cost: 46.27454173454173 Pearson: 0.4324153629720057 Spearmen: 0.1458842139190599 IFSpear: -0.1458842139190599 error: 1.8614350576080554
id: 1 itt: 8000 Cost: 33.05905893727923 Pearson: 0.5063044821459572 Spearmen: 0.16273371977909468 IFSpear: -0.16273371977909468 error: 1.3298303769359174
id: 1 itt: 9000 Cost: 24.788593480710503 Pearson: 0.6037793532314208 Spearmen: 0.17945098404440057 IFSpear: -0.17945098404440057 error: 0.9971434660226135
id: 1 itt: 10000 Cost: 20.4969911930306 Pearson: 0.6594240896378899 Spearmen: 0.2077870823703877 IFSpear: -0.2077870823703877 error: 0.824509904410587
id: 1 itt: 11000 Cost: 18.22418963372015 Pearson: 0.6999344703893343 Spearmen: 0.2399752581918849 IFSpear: -0.2399752581918849 error: 0.7330844176762964
id: 1 itt: 12000 Cost: 16.91095213443039 Pearson: 0.7282008222018619 Spearmen: 0.3100031970457404 IFSpear: -0.3100031970457404 error: 0.6802582582263198
id: 1 itt: 13000 Cost: 16.411142505429485 Pearson: 0.7432328419245147 Spearmen: 0.38983503383747453 IFSpear: -0.38983503383747453 error: 0.6601529664032376
id: 1 itt: 14000 Cost: 16.04020635679911 Pearson: 0.7564501342676333 Spearmen: 0.4891022121676361 IFSpear: -0.4891022121676361 error: 0.6452317262285502
id: 1 itt: 15000 Cost: 15.66109011366907 Pearson: 0.769043092726096 Spearmen: 0.5918051866648716 IFSpear: -0.5918051866648716 error: 0.6299814343959648
id: 1 itt: 16000 Cost: 15.281320340154684 Pearson: 0.7818312663488627 Spearmen: 0.6884874263482837 IFSpear: -0.6884874263482837 error: 0.614704853715926
id: 1 itt: 17000 Cost: 15.010264572059473 Pearson: 0.7903454910784344 Spearmen: 0.7427874677871171 IFSpear: -0.7427874677871171 error: 0.6038013916742332
id: 1 itt: 18000 Cost: 14.79280611856062 Pearson: 0.7969949623012306 Spearmen: 0.788047864851408 IFSpear: -0.788047864851408 error: 0.5950539298141442
id: 1 itt: 19000 Cost: 14.629398026640422 Pearson: 0.801782910572557 Spearmen: 0.8188221885670257 IFSpear: -0.8188221885670257 error: 0.5884806923579633
id: 1 itt: 20000 Cost: 14.52438286963627 Pearson: 0.804831160052245 Spearmen: 0.8372953403977684 IFSpear: -0.8372953403977684 error: 0.5842563632236172
id: 1 itt: 21000 Cost: 14.437636497805494 Pearson: 0.8074349159212503 Spearmen: 0.8554025062759836 IFSpear: -0.8554025062759836 error: 0.5807669124026362
id: 1 itt: 22000 Cost: 14.371407044244346 Pearson: 0.8094403007330623 Spearmen: 0.8657687985895385 IFSpear: -0.8657687985895385 error: 0.5781027730706433
id: 1 itt: 23000 Cost: 14.320554778739158 Pearson: 0.8109784548909289 Spearmen: 0.8754423273464736 IFSpear: -0.8754423273464736 error: 0.5760571949574517
id: 1 itt: 24000 Cost: 14.274180405999385 Pearson: 0.8123478769132676 Spearmen: 0.8820840456027933 IFSpear: -0.8820840456027933 error: 0.5741917441078765
id: 1 itt: 25000 Cost: 14.234489652267744 Pearson: 0.8135272905174654 Spearmen: 0.8872879122964104 IFSpear: -0.8872879122964104 error: 0.5725951478437192
id: 1 itt: 26000 Cost: 14.197399241704082 Pearson: 0.8146098490731489 Spearmen: 0.8908623050911596 IFSpear: -0.8908623050911596 error: 0.5711031527220746
id: 1 itt: 27000 Cost: 14.161409499378408 Pearson: 0.8156857000828276 Spearmen: 0.8948618485523268 IFSpear: -0.8948618485523268 error: 0.5696554329701731
id: 1 itt: 28000 Cost: 14.135345818460193 Pearson: 0.8164913009485143 Spearmen: 0.9002196755014731 IFSpear: -0.9002196755014731 error: 0.5686069979652454
id: 1 itt: 29000 Cost: 14.110990407519166 Pearson: 0.8172736861144275 Spearmen: 0.9014328880364841 IFSpear: -0.9014328880364841 error: 0.5676272796564581
id: 1 itt: 0 Cost: 353.0812069546669 Pearson: 0.0008492373175001599 Spearmen: -0.003556883386799927 IFSpear: 0.003556883386799927 error: 14.20300908819991
id: 1 itt: 1000 Cost: 209.93838223696787 Pearson: 0.014886220019135574 Spearmen: 0.01290914002004906 IFSpear: -0.01290914002004906 error: 8.444960230512855
id: 1 itt: 2000 Cost: 121.50599477998836 Pearson: 0.06560981769565319 Spearmen: 0.048135773151487184 IFSpear: -0.048135773151487184 error: 4.887687914674313
id: 1 itt: 3000 Cost: 96.70807705933926 Pearson: 0.15690626927257237 Spearmen: 0.10771882368428193 IFSpear: -0.10771882368428193 error: 3.890169372714549
id: 1 itt: 4000 Cost: 94.31818526209383 Pearson: 0.20770319144736357 Spearmen: 0.1670131239452232 IFSpear: -0.1670131239452232 error: 3.794033825855922
id: 1 itt: 5000 Cost: 93.69288754570154 Pearson: 0.22990354184605705 Spearmen: 0.19384577195713337 IFSpear: -0.19384577195713337 error: 3.7688806628616343
id: 1 itt: 6000 Cost: 93.01637631285571 Pearson: 0.25721187924327993 Spearmen: 0.22903141923439327 IFSpear: -0.22903141923439327 error: 3.741667390109873
id: 1 itt: 7000 Cost: 91.8364768684617 Pearson: 0.309548986755431 Spearmen: 0.29296219169723536 IFSpear: -0.29296219169723536 error: 3.6942048738337183
id: 1 itt: 8000 Cost: 90.03997511233207 Pearson: 0.3798294203040953 Spearmen: 0.3823238858014423 IFSpear: -0.3823238858014423 error: 3.6219389750356767
id: 1 itt: 9000 Cost: 88.01571660452466 Pearson: 0.45857816204344215 Spearmen: 0.4794607015582452 IFSpear: -0.4794607015582452 error: 3.5405113560716743
id: 1 itt: 10000 Cost: 86.33871291615966 Pearson: 0.5164950199746596 Spearmen: 0.5483995467627576 IFSpear: -0.5483995467627576 error: 3.4730523745183155
id: 1 itt: 11000 Cost: 85.20464494773947 Pearson: 0.5643586926393989 Spearmen: 0.5977293400896243 IFSpear: -0.5977293400896243 error: 3.4274334705810787
id: 1 itt: 12000 Cost: 84.39757171173261 Pearson: 0.5884267859859048 Spearmen: 0.6252558882458861 IFSpear: -0.6252558882458861 error: 3.3949682238331262
id: 1 itt: 13000 Cost: 83.80643676902858 Pearson: 0.612518572042511 Spearmen: 0.6510655985440977 IFSpear: -0.6510655985440977 error: 3.371189289134242
id: 1 itt: 14000 Cost: 83.26278575887022 Pearson: 0.6260474564856302 Spearmen: 0.6650941550779282 IFSpear: -0.6650941550779282 error: 3.349320438325993
id: 1 itt: 15000 Cost: 82.85413826196785 Pearson: 0.6388951283331761 Spearmen: 0.6778050171921557 IFSpear: -0.6778050171921557 error: 3.332882225251912
id: 1 itt: 16000 Cost: 82.46516445034901 Pearson: 0.6534831685515127 Spearmen: 0.6905801000397065 IFSpear: -0.6905801000397065 error: 3.3172354038616034
id: 1 itt: 17000 Cost: 82.09913187150259 Pearson: 0.661861457528858 Spearmen: 0.6964040492907176 IFSpear: -0.6964040492907176 error: 3.3025114141914305
id: 1 itt: 18000 Cost: 81.77818256039829 Pearson: 0.6745014482020573 Spearmen: 0.7079780180183898 IFSpear: -0.7079780180183898 error: 3.289600939511165
id: 1 itt: 19000 Cost: 81.49469333893306 Pearson: 0.6840111012559276 Spearmen: 0.7174658600477 IFSpear: -0.7174658600477 error: 3.2781973306258174
id: 1 itt: 20000 Cost: 81.2333638035426 Pearson: 0.6926272006196875 Spearmen: 0.7235400976021491 IFSpear: -0.7235400976021491 error: 3.267685115041819
id: 1 itt: 21000 Cost: 80.93889925053901 Pearson: 0.7021363217333563 Spearmen: 0.7315311572986909 IFSpear: -0.7315311572986909 error: 3.2558400135748364
id: 1 itt: 22000 Cost: 80.69280361189684 Pearson: 0.7104127305240939 Spearmen: 0.7381516866999015 IFSpear: -0.7381516866999015 error: 3.245940595187921
id: 1 itt: 23000 Cost: 80.51000543680958 Pearson: 0.7154220880845816 Spearmen: 0.7428162650417436 IFSpear: -0.7428162650417436 error: 3.238587374198156
id: 1 itt: 24000 Cost: 80.3586681068203 Pearson: 0.7200503971492896 Spearmen: 0.7469055195777524 IFSpear: -0.7469055195777524 error: 3.2324996939963113
id: 1 itt: 25000 Cost: 80.24266558943488 Pearson: 0.7238180119274901 Spearmen: 0.7495929561648986 IFSpear: -0.7495929561648986 error: 3.227833388409305
id: 1 itt: 26000 Cost: 80.16139592895416 Pearson: 0.7273351519853445 Spearmen: 0.7522426556193336 IFSpear: -0.7522426556193336 error: 3.2245642432277815
id: 1 itt: 27000 Cost: 80.08692082016071 Pearson: 0.7280323940053032 Spearmen: 0.752931498849007 IFSpear: -0.752931498849007 error: 3.2215684149984587
id: 1 itt: 28000 Cost: 80.02503809107864 Pearson: 0.729876675238174 Spearmen: 0.7542622952191695 IFSpear: -0.7542622952191695 error: 3.2190791265678005
id: 1 itt: 29000 Cost: 79.9662494256375 Pearson: 0.731297945935577 Spearmen: 0.755236008682484 IFSpear: -0.755236008682484 error: 3.216714299629699
id: 1 itt: 0 Cost: 578.3128661957924 Pearson: 0.005171179224575321 Spearmen: -0.003556883386799927 IFSpear: 0.003556883386799927 error: 23.26315513999126
id: 1 itt: 1000 Cost: 421.55281461301485 Pearson: -0.00577290347286466 Spearmen: 0.007888934002760082 IFSpear: -0.007888934002760082 error: 16.957341085201485
id: 1 itt: 2000 Cost: 292.23798516534873 Pearson: 0.05804838007833289 Spearmen: 0.04032022099305341 IFSpear: -0.04032022099305341 error: 11.755535773257943
id: 1 itt: 3000 Cost: 197.94262788271425 Pearson: 0.0842990276082183 Spearmen: 0.052636718662480236 IFSpear: -0.052636718662480236 error: 7.962420223405785
id: 1 itt: 4000 Cost: 134.32607429505146 Pearson: 0.1413053873736903 Spearmen: 0.06558511032109117 IFSpear: -0.06558511032109117 error: 5.403387142719788
id: 1 itt: 5000 Cost: 90.34109179468626 Pearson: 0.18158472603829529 Spearmen: 0.06264608159951704 IFSpear: -0.06264608159951704 error: 3.6340516643882834
id: 1 itt: 6000 Cost: 60.136126995538724 Pearson: 0.3358301131693373 Spearmen: 0.09439723205684415 IFSpear: -0.09439723205684415 error: 2.419029790946768
id: 1 itt: 7000 Cost: 41.0837690406014 Pearson: 0.4510025294983428 Spearmen: 0.1328391681517041 IFSpear: -0.1328391681517041 error: 1.6526315577483757
id: 1 itt: 8000 Cost: 28.083909209713827 Pearson: 0.5756579529196755 Spearmen: 0.17478548522960707 IFSpear: -0.17478548522960707 error: 1.1297005048160478
id: 1 itt: 9000 Cost: 21.997415107527395 Pearson: 0.652054750981108 Spearmen: 0.23100502549457905 IFSpear: -0.23100502549457905 error: 0.8848658057556467
id: 1 itt: 10000 Cost: 19.199551017380777 Pearson: 0.7096623031178378 Spearmen: 0.29347780713938526 IFSpear: -0.29347780713938526 error: 0.7723192065111204
id: 1 itt: 11000 Cost: 18.187000812041042 Pearson: 0.7371724439690777 Spearmen: 0.3488639772456063 IFSpear: -0.3488639772456063 error: 0.7315884638790283
id: 1 itt: 12000 Cost: 17.67627263578281 Pearson: 0.752898556241278 Spearmen: 0.44172764436610384 IFSpear: -0.44172764436610384 error: 0.7110439636730833
id: 1 itt: 13000 Cost: 17.069747317917194 Pearson: 0.7704293548280384 Spearmen: 0.5528326101726575 IFSpear: -0.5528326101726575 error: 0.6866459372922153
id: 1 itt: 14000 Cost: 16.383225990978445 Pearson: 0.7907506609106122 Spearmen: 0.6583743534969856 IFSpear: -0.6583743534969856 error: 0.6590299995031332
id: 1 itt: 15000 Cost: 15.765934752785101 Pearson: 0.8077094852172029 Spearmen: 0.7437695305758167 IFSpear: -0.7437695305758167 error: 0.6341989042949085
id: 1 itt: 16000 Cost: 15.356379611171402 Pearson: 0.8181940572018703 Spearmen: 0.7976086121683644 IFSpear: -0.7976086121683644 error: 0.6177241803960372
id: 1 itt: 17000 Cost: 15.024117404773058 Pearson: 0.826749753975526 Spearmen: 0.8263245534186853 IFSpear: -0.8263245534186853 error: 0.6043586343284807
id: 1 itt: 18000 Cost: 14.767617569907491 Pearson: 0.8330849847446445 Spearmen: 0.8543311730323538 IFSpear: -0.8543311730323538 error: 0.5940406977916173
id: 1 itt: 19000 Cost: 14.555258530702952 Pearson: 0.8382670509592983 Spearmen: 0.8739832507299311 IFSpear: -0.8739832507299311 error: 0.5854983644576012
id: 1 itt: 20000 Cost: 14.399828464496991 Pearson: 0.8420099955201796 Spearmen: 0.8873026884562504 IFSpear: -0.8873026884562504 error: 0.5792460502606969
id: 1 itt: 21000 Cost: 14.283030943137609 Pearson: 0.8447833964441853 Spearmen: 0.9004096314683067 IFSpear: -0.9004096314683067 error: 0.5745477649238635
id: 1 itt: 22000 Cost: 14.17541478795846 Pearson: 0.8473445791583969 Spearmen: 0.909383592021994 IFSpear: -0.909383592021994 error: 0.5702188082987583
id: 1 itt: 23000 Cost: 14.095783650233987 Pearson: 0.8492380617456492 Spearmen: 0.9166469518292049 IFSpear: -0.9166469518292049 error: 0.5670155741686856
id: 1 itt: 24000 Cost: 14.030682745830587 Pearson: 0.8507667577324166 Spearmen: 0.9236888239408932 IFSpear: -0.9236888239408932 error: 0.5643968317415073
id: 1 itt: 25000 Cost: 13.939788980642698 Pearson: 0.8529272542879865 Spearmen: 0.924695965201636 IFSpear: -0.924695965201636 error: 0.5607405482928387
id: 1 itt: 26000 Cost: 13.876479463675121 Pearson: 0.8544070651871114 Spearmen: 0.9301016120331886 IFSpear: -0.9301016120331886 error: 0.5581938660363246
id: 1 itt: 27000 Cost: 13.823366856008763 Pearson: 0.855661587169328 Spearmen: 0.9336718281380426 IFSpear: -0.9336718281380426 error: 0.5560573636268941
id: 1 itt: 28000 Cost: 13.781392398889455 Pearson: 0.8566443066001548 Spearmen: 0.9362753421438663 IFSpear: -0.9362753421438663 error: 0.5543689033401524
id: 1 itt: 29000 Cost: 13.747217115040728 Pearson: 0.8573593673222719 Spearmen: 0.9400040998708825 IFSpear: -0.9400040998708825 error: 0.5529941718122928
id: 1 itt: 0 Cost: 598.0240284277577 Pearson: 0.004779349200161474 Spearmen: -0.003556883386799927 IFSpear: 0.003556883386799927 error: 24.056054367719145
id: 1 itt: 1000 Cost: 435.4782197467766 Pearson: 0.032650625431891685 Spearmen: 0.02256991548092008 IFSpear: -0.02256991548092008 error: 17.51750303031763
id: 1 itt: 2000 Cost: 304.66154276102185 Pearson: 0.06682004717280282 Spearmen: 0.03810708109997161 IFSpear: -0.03810708109997161 error: 12.255284550489737
id: 1 itt: 3000 Cost: 215.61356157222423 Pearson: 0.1046593414699582 Spearmen: 0.04344110649866487 IFSpear: -0.04344110649866487 error: 8.67324942316354
id: 1 itt: 4000 Cost: 153.72841303229768 Pearson: 0.1375050966867172 Spearmen: 0.038393753631035386 IFSpear: -0.038393753631035386 error: 6.1838636676366825
id: 1 itt: 5000 Cost: 109.65392082261639 Pearson: 0.12834069928513622 Spearmen: 0.05089398487258069 IFSpear: -0.05089398487258069 error: 4.410927580748682
id: 1 itt: 6000 Cost: 78.39714030470499 Pearson: 0.18486132606338396 Spearmen: 0.04854802001233929 IFSpear: -0.04854802001233929 error: 3.1535954740847214
id: 1 itt: 7000 Cost: 56.4493266818774 Pearson: 0.23839137438478286 Spearmen: 0.08492750613199232 IFSpear: -0.08492750613199232 error: 2.270724932659498
id: 1 itt: 8000 Cost: 42.1992545204548 Pearson: 0.30145859036458267 Spearmen: 0.09677386156528879 IFSpear: -0.09677386156528879 error: 1.697502964371122
id: 1 itt: 9000 Cost: 32.62135227217447 Pearson: 0.41103529637953046 Spearmen: 0.12203615953971714 IFSpear: -0.12203615953971714 error: 1.312223232686955
id: 1 itt: 10000 Cost: 26.297873344430688 Pearson: 0.4611651555622853 Spearmen: 0.09306764939147508 IFSpear: -0.09306764939147508 error: 1.057855605889653
id: 1 itt: 11000 Cost: 22.35533725879771 Pearson: 0.5172255948143569 Spearmen: 0.123938061637404 IFSpear: -0.123938061637404 error: 0.8992635461825764
id: 1 itt: 12000 Cost: 19.325334284892907 Pearson: 0.5545183552407299 Spearmen: 0.15171734068493078 IFSpear: -0.15171734068493078 error: 0.7773789515681481
id: 1 itt: 13000 Cost: 17.394820757414333 Pearson: 0.5896932604892309 Spearmen: 0.15784330536463814 IFSpear: -0.15784330536463814 error: 0.6997223087460578
id: 1 itt: 14000 Cost: 16.183602291542947 Pearson: 0.6134818282573112 Spearmen: 0.17279869433855521 IFSpear: -0.17279869433855521 error: 0.6509999566646695
id: 1 itt: 15000 Cost: 15.423290825402479 Pearson: 0.6260567307635335 Spearmen: 0.18099612695461487 IFSpear: -0.18099612695461487 error: 0.6204157441641096
id: 1 itt: 16000 Cost: 14.954142303547702 Pearson: 0.6326214155058746 Spearmen: 0.1922764368943391 IFSpear: -0.1922764368943391 error: 0.6015438229506013
id: 1 itt: 17000 Cost: 14.582914748204027 Pearson: 0.6401392018934201 Spearmen: 0.2212080331188914 IFSpear: -0.2212080331188914 error: 0.586610860678799
id: 1 itt: 18000 Cost: 14.357696868082767 Pearson: 0.6442925295445404 Spearmen: 0.22307392963250933 IFSpear: -0.22307392963250933 error: 0.5775512689044963
id: 1 itt: 19000 Cost: 14.19537573979663 Pearson: 0.6474627344971172 Spearmen: 0.24294840397229123 IFSpear: -0.24294840397229123 error: 0.5710217555380404
id: 1 itt: 20000 Cost: 14.093055762099219 Pearson: 0.6499497704228006 Spearmen: 0.26797605909972977 IFSpear: -0.26797605909972977 error: 0.5669058424151782
id: 1 itt: 21000 Cost: 14.01063120719131 Pearson: 0.6521429046439363 Spearmen: 0.28280832075850965 IFSpear: -0.28280832075850965 error: 0.5635902405666827
id: 1 itt: 22000 Cost: 13.949101170591454 Pearson: 0.6538475710423718 Spearmen: 0.2817868790493169 IFSpear: -0.2817868790493169 error: 0.56111513950831
id: 1 itt: 23000 Cost: 13.910940378583255 Pearson: 0.6550496143700858 Spearmen: 0.30708836410530255 IFSpear: -0.30708836410530255 error: 0.559580087330427
id: 1 itt: 24000 Cost: 13.88230813797791 Pearson: 0.6560939698464588 Spearmen: 0.32075665124263114 IFSpear: -0.32075665124263114 error: 0.5584283297020878
id: 1 itt: 25000 Cost: 13.85715469697955 Pearson: 0.6571149023600057 Spearmen: 0.3506627127326899 IFSpear: -0.3506627127326899 error: 0.5574165099165473
id: 1 itt: 26000 Cost: 13.83826168234922 Pearson: 0.657951350017031 Spearmen: 0.3586549391578892 IFSpear: -0.3586549391578892 error: 0.5566565214118844
id: 1 itt: 27000 Cost: 13.817624901483017 Pearson: 0.6590488204678577 Spearmen: 0.38449150440760044 IFSpear: -0.38449150440760044 error: 0.5558263883421527
id: 1 itt: 28000 Cost: 13.803262290637818 Pearson: 0.6599469359850612 Spearmen: 0.42306910352296 IFSpear: -0.42306910352296 error: 0.5552486394040993
id: 1 itt: 29000 Cost: 13.789012584396943 Pearson: 0.660837180187802 Spearmen: 0.4656755422910725 IFSpear: -0.4656755422910725 error: 0.5546754321552941
id: 1 itt: 0 Cost: 600.219199119031 Pearson: 0.002922366467155431 Spearmen: -0.003556883386799927 IFSpear: 0.003556883386799927 error: 24.144357082970455
id: 1 itt: 1000 Cost: 452.8720975799412 Pearson: 0.05840271343148113 Spearmen: 0.030605744424224875 IFSpear: -0.030605744424224875 error: 18.217187409087742
id: 1 itt: 2000 Cost: 318.0348669270922 Pearson: 0.019706391023131174 Spearmen: 0.01629935969139128 IFSpear: -0.01629935969139128 error: 12.79323854217451
id: 1 itt: 3000 Cost: 216.77271635006267 Pearson: 0.06574649713762654 Spearmen: 0.02759930393195 IFSpear: -0.02759930393195 error: 8.719877466571083
id: 1 itt: 4000 Cost: 154.62635714329815 Pearson: 0.11139135962705911 Spearmen: 0.027999089315669044 IFSpear: -0.027999089315669044 error: 6.219984277054654
id: 1 itt: 5000 Cost: 110.19891189065439 Pearson: 0.1366487671479698 Spearmen: 0.021117185178060143 IFSpear: -0.021117185178060143 error: 4.432850336590302
id: 1 itt: 6000 Cost: 79.02462076382426 Pearson: 0.1941628102223899 Spearmen: 0.03570219457734402 IFSpear: -0.03570219457734402 error: 3.1788364398682187
id: 1 itt: 7000 Cost: 58.77882577706613 Pearson: 0.18915832804443125 Spearmen: 0.0035619463426716865 IFSpear: -0.0035619463426716865 error: 2.364431128764597
id: 1 itt: 8000 Cost: 44.06562922078908 Pearson: 0.28663672013598485 Spearmen: 0.05041942215675423 IFSpear: -0.05041942215675423 error: 1.7725795651890113
id: 1 itt: 9000 Cost: 34.34358655468894 Pearson: 0.3095490808337137 Spearmen: 0.03817893570060728 IFSpear: -0.03817893570060728 error: 1.381501655567454
id: 1 itt: 10000 Cost: 27.864607808455187 Pearson: 0.3631028180012551 Spearmen: 0.0684086683294466 IFSpear: -0.0684086683294466 error: 1.1208789087248932
id: 1 itt: 11000 Cost: 23.290710450858455 Pearson: 0.42319008191867 Spearmen: 0.06608930211116144 IFSpear: -0.06608930211116144 error: 0.9368897740474965
id: 1 itt: 12000 Cost: 20.339109053955212 Pearson: 0.44844830996086726 Spearmen: 0.08395273514472044 IFSpear: -0.08395273514472044 error: 0.8181589533772738
id: 1 itt: 13000 Cost: 18.33560198582159 Pearson: 0.4760010864224535 Spearmen: 0.10289383029148619 IFSpear: -0.10289383029148619 error: 0.7375660797366553
id: 1 itt: 14000 Cost: 16.988729675064363 Pearson: 0.5006712192089653 Spearmen: 0.10316702071343928 IFSpear: -0.10316702071343928 error: 0.6833869297464215
id: 1 itt: 15000 Cost: 15.906141855773443 Pearson: 0.5198246923517482 Spearmen: 0.11614023158993636 IFSpear: -0.11614023158993636 error: 0.6398388611058335
id: 1 itt: 16000 Cost: 15.203413179878462 Pearson: 0.5329066396100235 Spearmen: 0.11808945216779031 IFSpear: -0.11808945216779031 error: 0.6115709681291434
id: 1 itt: 17000 Cost: 14.737736335023635 Pearson: 0.5417872176868074 Spearmen: 0.14088806618886174 IFSpear: -0.14088806618886174 error: 0.5928386982451601
id: 1 itt: 18000 Cost: 14.39945250892739 Pearson: 0.5471362571856808 Spearmen: 0.14722539325520173 IFSpear: -0.14722539325520173 error: 0.5792309271097995
id: 1 itt: 19000 Cost: 14.189202799076574 Pearson: 0.5509897426897543 Spearmen: 0.1491361029573927 IFSpear: -0.1491361029573927 error: 0.5707734434460316
id: 1 itt: 20000 Cost: 13.996377370139722 Pearson: 0.5553162198602382 Spearmen: 0.15691509442295323 IFSpear: -0.15691509442295323 error: 0.5630168671523016
id: 1 itt: 21000 Cost: 13.873609575225847 Pearson: 0.557840918541498 Spearmen: 0.17329367253828326 IFSpear: -0.17329367253828326 error: 0.5580784221924602
id: 1 itt: 22000 Cost: 13.78024429516255 Pearson: 0.5592489597689205 Spearmen: 0.1698081664264576 IFSpear: -0.1698081664264576 error: 0.5543227198352072
id: 1 itt: 23000 Cost: 13.71215523353872 Pearson: 0.5599972118652758 Spearmen: 0.16315343246699338 IFSpear: -0.16315343246699338 error: 0.5515837760964813
id: 1 itt: 24000 Cost: 13.654698798515291 Pearson: 0.5614599324325721 Spearmen: 0.1777846173835937 IFSpear: -0.1777846173835937 error: 0.5492725393250547
id: 1 itt: 25000 Cost: 13.616585122531946 Pearson: 0.5624465437892865 Spearmen: 0.19199544647570727 IFSpear: -0.19199544647570727 error: 0.5477393824316444
id: 1 itt: 26000 Cost: 13.587647479415953 Pearson: 0.5633013667640434 Spearmen: 0.20543213196158158 IFSpear: -0.20543213196158158 error: 0.5465753397126552
id: 1 itt: 27000 Cost: 13.566325062992076 Pearson: 0.5639400828358619 Spearmen: 0.21715858415042338 IFSpear: -0.21715858415042338 error: 0.5457176263359996
id: 1 itt: 28000 Cost: 13.54757109995759 Pearson: 0.5647107657533069 Spearmen: 0.21471942752582593 IFSpear: -0.21471942752582593 error: 0.5449632313068334
id: 1 itt: 29000 Cost: 13.535105046665176 Pearson: 0.5650868607890646 Spearmen: 0.22150815577643068 IFSpear: -0.22150815577643068 error: 0.5444617731019825
id: 1 itt: 0 Cost: 600.0011731207212 Pearson: 0.003277262371558267 Spearmen: -0.003556883386799927 IFSpear: 0.003556883386799927 error: 24.13558679110993
id: 1 itt: 1000 Cost: 450.9863028562061 Pearson: 0.06864385425964666 Spearmen: 0.036082067257650396 IFSpear: -0.036082067257650396 error: 18.14132962036344
id: 1 itt: 2000 Cost: 318.6571272163437 Pearson: 0.03112918227351234 Spearmen: 0.0027975911360018954 IFSpear: -0.0027975911360018954 error: 12.818269521930393
id: 1 itt: 3000 Cost: 223.42669002808725 Pearson: 0.08652708930909477 Spearmen: 0.03716439224895536 IFSpear: -0.03716439224895536 error: 8.987539541924077
id: 1 itt: 4000 Cost: 158.20148011145787 Pearson: 0.11750911764077497 Spearmen: 0.014978009742602535 IFSpear: -0.014978009742602535 error: 6.363796813683726
id: 1 itt: 5000 Cost: 112.02006090403225 Pearson: 0.15495125222636452 Spearmen: 0.004281525433148711 IFSpear: -0.004281525433148711 error: 4.506107693477306
id: 1 itt: 6000 Cost: 79.59705293883371 Pearson: 0.17910957939003724 Spearmen: 0.014195655622382113 IFSpear: -0.014195655622382113 error: 3.2018630389165255
id: 1 itt: 7000 Cost: 58.56608982487966 Pearson: 0.2599886351052861 Spearmen: 0.035657291123354314 IFSpear: -0.035657291123354314 error: 2.3558736337669117
id: 1 itt: 8000 Cost: 43.73011697015072 Pearson: 0.3154829565814793 Spearmen: 0.04703419132950442 IFSpear: -0.04703419132950442 error: 1.75908328316902
id: 1 itt: 9000 Cost: 33.84328100262478 Pearson: 0.3604913969616552 Spearmen: 0.03401349467167218 IFSpear: -0.03401349467167218 error: 1.3613764147931513
id: 1 itt: 10000 Cost: 27.691145784068897 Pearson: 0.4007209054955041 Spearmen: 0.06168662236100108 IFSpear: -0.06168662236100108 error: 1.1139012427934059
id: 1 itt: 11000 Cost: 23.639965013316267 Pearson: 0.4392860520306556 Spearmen: 0.08742021341131832 IFSpear: -0.08742021341131832 error: 0.9509388529193733
id: 1 itt: 12000 Cost: 20.49251090578761 Pearson: 0.4859889613538749 Spearmen: 0.08330612601033077 IFSpear: -0.08330612601033077 error: 0.8243296808269566
id: 1 itt: 13000 Cost: 18.25941604708268 Pearson: 0.4942266482682692 Spearmen: 0.1127207283204323 IFSpear: -0.1127207283204323 error: 0.7345014318341666
id: 1 itt: 14000 Cost: 16.780948751652524 Pearson: 0.5160709038266282 Spearmen: 0.1066087095814807 IFSpear: -0.1066087095814807 error: 0.6750287552374286
id: 1 itt: 15000 Cost: 15.71927544025819 Pearson: 0.5387978171253236 Spearmen: 0.11880245172323452 IFSpear: -0.11880245172323452 error: 0.6323219914861393
id: 1 itt: 16000 Cost: 15.077716907145106 Pearson: 0.551528675370211 Spearmen: 0.14656853990198357 IFSpear: -0.14656853990198357 error: 0.6065147225153293
id: 1 itt: 17000 Cost: 14.652121496819927 Pearson: 0.5586969382522311 Spearmen: 0.1464639231234829 IFSpear: -0.1464639231234829 error: 0.5893947643819564
id: 1 itt: 18000 Cost: 14.363470680730883 Pearson: 0.5638649532900089 Spearmen: 0.15214343302864342 IFSpear: -0.15214343302864342 error: 0.5777835257108611
id: 1 itt: 19000 Cost: 14.116505312324927 Pearson: 0.5678329812757055 Spearmen: 0.15603134665012056 IFSpear: -0.15603134665012056 error: 0.5678491216620192
id: 1 itt: 20000 Cost: 13.958297035012444 Pearson: 0.5713688389002365 Spearmen: 0.17293407276105255 IFSpear: -0.17293407276105255 error: 0.5614850514248113
id: 1 itt: 21000 Cost: 13.844610048802643 Pearson: 0.5733475632759715 Spearmen: 0.18489686117300394 IFSpear: -0.18489686117300394 error: 0.5569118901617844
id: 1 itt: 22000 Cost: 13.764461362088532 Pearson: 0.5747851217854264 Spearmen: 0.19193143351866795 IFSpear: -0.19193143351866795 error: 0.5536878371581536
id: 1 itt: 23000 Cost: 13.708538292876273 Pearson: 0.5756889904240756 Spearmen: 0.19569321243689305 IFSpear: -0.19569321243689305 error: 0.5514382814054914
id: 1 itt: 24000 Cost: 13.670084367623922 Pearson: 0.5767017970738856 Spearmen: 0.2116435802947025 IFSpear: -0.2116435802947025 error: 0.5498914376792372
id: 1 itt: 25000 Cost: 13.644944687372242 Pearson: 0.5771755959123205 Spearmen: 0.22730000329183725 IFSpear: -0.22730000329183725 error: 0.5488801714321075
id: 1 itt: 26000 Cost: 13.623735596484671 Pearson: 0.5775492816301763 Spearmen: 0.23854166161027418 IFSpear: -0.23854166161027418 error: 0.5480270166770675
id: 1 itt: 27000 Cost: 13.604727920963272 Pearson: 0.5780287807929023 Spearmen: 0.2546735413448793 IFSpear: -0.2546735413448793 error: 0.5472624158349427
id: 1 itt: 28000 Cost: 13.58838559492924 Pearson: 0.5785169112039833 Spearmen: 0.260329047441746 IFSpear: -0.260329047441746 error: 0.5466050310729906
id: 1 itt: 29000 Cost: 13.57422936843901 Pearson: 0.5790550906500107 Spearmen: 0.2633995709522427 IFSpear: -0.2633995709522427 error: 0.5460355841312247
id: 1 itt: 0 Cost: 599.3170531316141 Pearson: 0.004032382892563375 Spearmen: -0.003556883386799927 IFSpear: 0.003556883386799927 error: 24.108067449294737
id: 1 itt: 1000 Cost: 442.23587247046146 Pearson: 0.005369826289286002 Spearmen: -0.006156752443261714 IFSpear: 0.006156752443261714 error: 17.789335688524552
id: 1 itt: 2000 Cost: 311.38340186785535 Pearson: 0.012392692588853964 Spearmen: -0.0030514508020352037 IFSpear: 0.0030514508020352037 error: 12.525677378268343
id: 1 itt: 3000 Cost: 224.05638533181437 Pearson: 0.043196314291647595 Spearmen: 0.013343220432078192 IFSpear: -0.013343220432078192 error: 9.012869601823814
id: 1 itt: 4000 Cost: 157.09008274151142 Pearson: 0.07209552892787778 Spearmen: 0.009803112391263125 IFSpear: -0.009803112391263125 error: 6.319089854958569
id: 1 itt: 5000 Cost: 111.89713311911333 Pearson: 0.11520406253297322 Spearmen: 0.03573901626950527 IFSpear: -0.03573901626950527 error: 4.501162812775626
id: 1 itt: 6000 Cost: 79.32177689639842 Pearson: 0.1584502705884865 Spearmen: 0.042597890817652376 IFSpear: -0.042597890817652376 error: 3.19078981254406
id: 1 itt: 7000 Cost: 57.857373007219344 Pearson: 0.1986067004429512 Spearmen: 0.04432319104291193 IFSpear: -0.04432319104291193 error: 2.3273648624023626
id: 1 itt: 8000 Cost: 42.542380807056254 Pearson: 0.280750097603283 Spearmen: 0.053281339165708715 IFSpear: -0.053281339165708715 error: 1.7113055278353007
id: 1 itt: 9000 Cost: 32.93064115686363 Pearson: 0.35861081619162466 Spearmen: 0.0743209134960647 IFSpear: -0.0743209134960647 error: 1.3246646562280366
id: 1 itt: 10000 Cost: 26.275009797812725 Pearson: 0.42019997486319477 Spearmen: 0.09103412790006848 IFSpear: -0.09103412790006848 error: 1.0569358991649476
id: 1 itt: 11000 Cost: 22.170976917206264 Pearson: 0.47383660206174577 Spearmen: 0.10575755572255685 IFSpear: -0.10575755572255685 error: 0.8918474856402685
id: 1 itt: 12000 Cost: 19.616081012701795 Pearson: 0.5070628565100903 Spearmen: 0.10901539295550924 IFSpear: -0.10901539295550924 error: 0.7890745001731017
id: 1 itt: 13000 Cost: 17.660262756155298 Pearson: 0.5369055366864394 Spearmen: 0.12900526458333372 IFSpear: -0.12900526458333372 error: 0.7103999518668141
id: 1 itt: 14000 Cost: 16.474919768872898 Pearson: 0.5584809548552213 Spearmen: 0.14495035405389592 IFSpear: -0.14495035405389592 error: 0.6627184641824032
id: 1 itt: 15000 Cost: 15.614476725259552 Pearson: 0.5746219403154548 Spearmen: 0.15648272109366956 IFSpear: -0.15648272109366956 error: 0.6281063689261189
id: 1 itt: 16000 Cost: 14.996324549127515 Pearson: 0.5858599569572072 Spearmen: 0.1725206373347377 IFSpear: -0.1725206373347377 error: 0.6032406417150382
id: 1 itt: 17000 Cost: 14.593106987206696 Pearson: 0.5948348253011183 Spearmen: 0.18279061854703174 IFSpear: -0.18279061854703174 error: 0.5870208526589231
id: 1 itt: 18000 Cost: 14.31559922306323 Pearson: 0.5986740613528145 Spearmen: 0.17183406688833552 IFSpear: -0.17183406688833552 error: 0.5758578532736806
id: 1 itt: 19000 Cost: 14.123568216900663 Pearson: 0.6032232801691534 Spearmen: 0.18337036203739077 IFSpear: -0.18337036203739077 error: 0.5681332333504987
id: 1 itt: 20000 Cost: 13.990132053445425 Pearson: 0.6055554666574033 Spearmen: 0.1861167841395375 IFSpear: -0.1861167841395375 error: 0.5627656436716388
id: 1 itt: 21000 Cost: 13.904918229433003 Pearson: 0.6076956231875741 Spearmen: 0.20206754012278225 IFSpear: -0.20206754012278225 error: 0.5593378409649258
id: 1 itt: 22000 Cost: 13.838266307525556 Pearson: 0.6091520817023462 Spearmen: 0.22459219616235124 IFSpear: -0.22459219616235124 error: 0.5566567074637621
id: 1 itt: 23000 Cost: 13.78672939746039 Pearson: 0.6103891428995877 Spearmen: 0.2490136774030338 IFSpear: -0.2490136774030338 error: 0.5545835889074202
id: 1 itt: 24000 Cost: 13.749366743726519 Pearson: 0.6114410680807156 Spearmen: 0.2699584844787292 IFSpear: -0.2699584844787292 error: 0.553080642559416
id: 1 itt: 25000 Cost: 13.722191865044087 Pearson: 0.612262480523358 Spearmen: 0.29157955164355526 IFSpear: -0.29157955164355526 error: 0.5519875086250833
id: 1 itt: 26000 Cost: 13.701774929742765 Pearson: 0.6128059495024796 Spearmen: 0.29010684887211924 IFSpear: -0.29010684887211924 error: 0.5511662190409138
id: 1 itt: 27000 Cost: 13.685253412544158 Pearson: 0.6132676843211166 Spearmen: 0.29051445927387143 IFSpear: -0.29051445927387143 error: 0.5505016261532136
id: 1 itt: 28000 Cost: 13.672615948832046 Pearson: 0.6137353523817685 Spearmen: 0.2973611864261464 IFSpear: -0.2973611864261464 error: 0.5499932728100748
id: 1 itt: 29000 Cost: 13.663121399323439 Pearson: 0.6140802684499795 Spearmen: 0.31837244937050313 IFSpear: -0.31837244937050313 error: 0.549611346017306
id: 1 itt: 0 Cost: 491.1529050498925 Pearson: 0.0025095420116115503 Spearmen: -0.003556883386799927 IFSpear: 0.003556883386799927 error: 19.757067316853995
id: 1 itt: 1000 Cost: 335.5475537731237 Pearson: 0.004696526495129528 Spearmen: -0.0017825835455438242 IFSpear: 0.0017825835455438242 error: 13.497702120336344
id: 1 itt: 2000 Cost: 213.76422582006458 Pearson: 0.03547342618869412 Spearmen: 0.029294082993868594 IFSpear: -0.029294082993868594 error: 8.598858229359706
id: 1 itt: 3000 Cost: 123.33192820696816 Pearson: 0.1318824447758406 Spearmen: 0.06423225264616843 IFSpear: -0.06423225264616843 error: 4.961137728901247
id: 1 itt: 4000 Cost: 68.06527579917206 Pearson: 0.2397183344935458 Spearmen: 0.11996855264985326 IFSpear: -0.11996855264985326 error: 2.737986932537577
id: 1 itt: 5000 Cost: 48.61821466807493 Pearson: 0.41633778684046097 Spearmen: 0.21462266524040519 IFSpear: -0.21462266524040519 error: 1.9557114091075958
id: 1 itt: 6000 Cost: 44.84682307969621 Pearson: 0.5006694725191638 Spearmen: 0.29909215841519937 IFSpear: -0.29909215841519937 error: 1.8040037907188862
id: 1 itt: 7000 Cost: 43.23949443893707 Pearson: 0.5418195128308981 Spearmen: 0.3660646737501498 IFSpear: -0.3660646737501498 error: 1.739347550616713
id: 1 itt: 8000 Cost: 40.04637201673678 Pearson: 0.6183491971401943 Spearmen: 0.49171725872560623 IFSpear: -0.49171725872560623 error: 1.6109013294954952
id: 1 itt: 9000 Cost: 36.41064057482229 Pearson: 0.6994576352360536 Spearmen: 0.6277611627648911 IFSpear: -0.6277611627648911 error: 1.4646507625022889
id: 1 itt: 10000 Cost: 33.95548845471889 Pearson: 0.7481642595119624 Spearmen: 0.7103933221262743 IFSpear: -0.7103933221262743 error: 1.3658900604657769
id: 1 itt: 11000 Cost: 32.21299678244903 Pearson: 0.7801173818527993 Spearmen: 0.7603345026695826 IFSpear: -0.7603345026695826 error: 1.2957967658641782
id: 1 itt: 12000 Cost: 30.811317179133084 Pearson: 0.804443552819457 Spearmen: 0.7916173138384106 IFSpear: -0.7916173138384106 error: 1.2394129432406285
id: 1 itt: 13000 Cost: 29.379147182577718 Pearson: 0.8280950024302375 Spearmen: 0.8248040848474723 IFSpear: -0.8248040848474723 error: 1.1818026171279312
id: 1 itt: 14000 Cost: 28.206182534997694 Pearson: 0.8448026490209666 Spearmen: 0.8485359833778419 IFSpear: -0.8485359833778419 error: 1.134619059290328
id: 1 itt: 15000 Cost: 27.166007057535367 Pearson: 0.8600988897563864 Spearmen: 0.867680368945192 IFSpear: -0.867680368945192 error: 1.092777065242718
id: 1 itt: 16000 Cost: 26.497134226793236 Pearson: 0.8688787436448757 Spearmen: 0.8803710784031687 IFSpear: -0.8803710784031687 error: 1.0658710540850633
id: 1 itt: 17000 Cost: 26.035313899828182 Pearson: 0.8751420013625861 Spearmen: 0.8887615339165318 IFSpear: -0.8887615339165318 error: 1.0472939161014994
id: 1 itt: 18000 Cost: 25.738249965204837 Pearson: 0.8790575073982114 Spearmen: 0.8942459572804475 IFSpear: -0.8942459572804475 error: 1.0353442521711462
id: 1 itt: 19000 Cost: 25.4639509028266 Pearson: 0.8825083456215399 Spearmen: 0.8993332444347797 IFSpear: -0.8993332444347797 error: 1.0243103257001092
id: 1 itt: 20000 Cost: 25.276555488052562 Pearson: 0.8858195457882019 Spearmen: 0.9017670183204907 IFSpear: -0.9017670183204907 error: 1.0167721766094824
id: 1 itt: 21000 Cost: 25.11491503806532 Pearson: 0.8881239246446855 Spearmen: 0.9038885786581456 IFSpear: -0.9038885786581456 error: 1.0102700441397579
id: 1 itt: 22000 Cost: 25.001672954354472 Pearson: 0.889239928410073 Spearmen: 0.9053041189069615 IFSpear: -0.9053041189069615 error: 1.0057147794798678
id: 1 itt: 23000 Cost: 24.912604504167543 Pearson: 0.8904570432911235 Spearmen: 0.90758992350841 IFSpear: -0.90758992350841 error: 1.0021319209686834
id: 1 itt: 24000 Cost: 24.848303201055174 Pearson: 0.8914647065828288 Spearmen: 0.9083535297517986 IFSpear: -0.9083535297517986 error: 0.9995453432225466
id: 1 itt: 25000 Cost: 24.78901860733714 Pearson: 0.8924174476264061 Spearmen: 0.9090025463649483 IFSpear: -0.9090025463649483 error: 0.9971605671235014
id: 1 itt: 26000 Cost: 24.744269530005724 Pearson: 0.8919979681989997 Spearmen: 0.9085187186776502 IFSpear: -0.9085187186776502 error: 0.9953604952434134
id: 1 itt: 27000 Cost: 24.703897176735328 Pearson: 0.8927223243487407 Spearmen: 0.9097033838511828 IFSpear: -0.9097033838511828 error: 0.9937364810248229
id: 1 itt: 28000 Cost: 24.67374685908087 Pearson: 0.8930767337753659 Spearmen: 0.9097588425540363 IFSpear: -0.9097588425540363 error: 0.9925236573819228
id: 1 itt: 29000 Cost: 24.649016490491984 Pearson: 0.8932746483423112 Spearmen: 0.9104564759594181 IFSpear: -0.9104564759594181 error: 0.9915288560645374
id: 1 itt: 0 Cost: 527.8301890109916 Pearson: 0.0033323508921266187 Spearmen: -0.003556883386799927 IFSpear: 0.003556883386799927 error: 21.232444049371118
id: 1 itt: 1000 Cost: 370.79478958463386 Pearson: 0.03588822863121841 Spearmen: 0.02365536505340654 IFSpear: -0.02365536505340654 error: 14.91555387994325
id: 1 itt: 2000 Cost: 244.40787672270523 Pearson: 0.06665921778890584 Spearmen: 0.04334713652915827 IFSpear: -0.04334713652915827 error: 9.831526645840198
id: 1 itt: 3000 Cost: 156.1218877508383 Pearson: 0.16627373854530153 Spearmen: 0.08401940232717875 IFSpear: -0.08401940232717875 error: 6.280143340726658
id: 1 itt: 4000 Cost: 94.90434222053113 Pearson: 0.1955249725682684 Spearmen: 0.09231445457742858 IFSpear: -0.09231445457742858 error: 3.817612516660798
id: 1 itt: 5000 Cost: 56.19227887312958 Pearson: 0.3503083603620917 Spearmen: 0.14962690360050673 IFSpear: -0.14962690360050673 error: 2.2603849533804086
id: 1 itt: 6000 Cost: 37.84252381459514 Pearson: 0.5007247756794034 Spearmen: 0.22778843437050542 IFSpear: -0.22778843437050542 error: 1.522249553565519
id: 1 itt: 7000 Cost: 33.35479923429648 Pearson: 0.6009610183165552 Spearmen: 0.3160826121414113 IFSpear: -0.3160826121414113 error: 1.3417267963531712
id: 1 itt: 8000 Cost: 32.19337476005838 Pearson: 0.6291899324605895 Spearmen: 0.38111212690505913 IFSpear: -0.38111212690505913 error: 1.295007452366734
id: 1 itt: 9000 Cost: 30.145992088987498 Pearson: 0.6718021489298392 Spearmen: 0.4851810391228107 IFSpear: -0.4851810391228107 error: 1.2126496431390785
id: 1 itt: 10000 Cost: 27.026198576606543 Pearson: 0.7370528631152514 Spearmen: 0.6375415066807621 IFSpear: -0.6375415066807621 error: 1.0871531433626322
id: 1 itt: 11000 Cost: 24.91737148585894 Pearson: 0.784664589437855 Spearmen: 0.726078604217822 IFSpear: -0.726078604217822 error: 1.0023236770943353
id: 1 itt: 12000 Cost: 23.685868522492488 Pearson: 0.8104243602326401 Spearmen: 0.7771705487254122 IFSpear: -0.7771705487254122 error: 0.9527853628586402
id: 1 itt: 13000 Cost: 22.85893326001837 Pearson: 0.8286132744059208 Spearmen: 0.8012995262154715 IFSpear: -0.8012995262154715 error: 0.9195211482334171
id: 1 itt: 14000 Cost: 22.1040637513785 Pearson: 0.8380426738524585 Spearmen: 0.815142863049399 IFSpear: -0.815142863049399 error: 0.8891558433674642
id: 1 itt: 15000 Cost: 21.522717641583274 Pearson: 0.8457225854197776 Spearmen: 0.8263702722729214 IFSpear: -0.8263702722729214 error: 0.8657706732757822
id: 1 itt: 16000 Cost: 20.925656280261705 Pearson: 0.8559228569961064 Spearmen: 0.8445328346150786 IFSpear: -0.8445328346150786 error: 0.8417533430581702
id: 1 itt: 17000 Cost: 20.188240164732242 Pearson: 0.8660481351420081 Spearmen: 0.857454561702162 IFSpear: -0.857454561702162 error: 0.8120901166265385
id: 1 itt: 18000 Cost: 19.450510974471335 Pearson: 0.8744571564524752 Spearmen: 0.8706783682853734 IFSpear: -0.8706783682853734 error: 0.7824142964822755
id: 1 itt: 19000 Cost: 18.784661551234763 Pearson: 0.8811932394269794 Spearmen: 0.8826334098367941 IFSpear: -0.8826334098367941 error: 0.7556299046105894
id: 1 itt: 20000 Cost: 18.234539955743085 Pearson: 0.8886340629231939 Spearmen: 0.8954855579086947 IFSpear: -0.8954855579086947 error: 0.7335007686880805
id: 1 itt: 21000 Cost: 17.65074507808505 Pearson: 0.896848943545953 Spearmen: 0.906959853749244 IFSpear: -0.906959853749244 error: 0.7100170947068531
id: 1 itt: 22000 Cost: 17.261744385641023 Pearson: 0.9011230918020581 Spearmen: 0.9135764140586254 IFSpear: -0.9135764140586254 error: 0.694369192011177
id: 1 itt: 23000 Cost: 16.980802719056918 Pearson: 0.9044658735221673 Spearmen: 0.9198572255568197 IFSpear: -0.9198572255568197 error: 0.6830680608120293
id: 1 itt: 24000 Cost: 16.737518637526207 Pearson: 0.9076298259928185 Spearmen: 0.9243546759849428 IFSpear: -0.9243546759849428 error: 0.6732817398384561
id: 1 itt: 25000 Cost: 16.563265098301024 Pearson: 0.9097969760483887 Spearmen: 0.9281661711091456 IFSpear: -0.9281661711091456 error: 0.6662722345107367
id: 1 itt: 26000 Cost: 16.441566161558914 Pearson: 0.9112241258135274 Spearmen: 0.930446865906044 IFSpear: -0.930446865906044 error: 0.6613767853321165
id: 1 itt: 27000 Cost: 16.352402436011765 Pearson: 0.9121005573579685 Spearmen: 0.9327753624142713 IFSpear: -0.9327753624142713 error: 0.6577900942838826
id: 1 itt: 28000 Cost: 16.29055607446938 Pearson: 0.9129242900039767 Spearmen: 0.9340800169046252 IFSpear: -0.9340800169046252 error: 0.6553022687702144
id: 1 itt: 29000 Cost: 16.240214624406132 Pearson: 0.913766068979137 Spearmen: 0.9343849249287682 IFSpear: -0.9343849249287682 error: 0.6532772386675693
id: 1 itt: 0 Cost: 598.7766705637677 Pearson: 0.004414226202907251 Spearmen: -0.003556883386799927 IFSpear: 0.003556883386799927 error: 24.086330074517907
id: 1 itt: 1000 Cost: 445.24088867442595 Pearson: 0.012623708583943166 Spearmen: 0.010207385531984435 IFSpear: -0.010207385531984435 error: 17.910215167846648
id: 1 itt: 2000 Cost: 314.1509996275887 Pearson: 0.04342463326509391 Spearmen: 0.015376227576455964 IFSpear: -0.015376227576455964 error: 12.63700648715241
id: 1 itt: 3000 Cost: 219.48122016683917 Pearson: 0.08764417399240462 Spearmen: 0.031353071184662365 IFSpear: -0.031353071184662365 error: 8.828829468454433
id: 1 itt: 4000 Cost: 152.68945926940106 Pearson: 0.11285087459915588 Spearmen: 0.0713214240134785 IFSpear: -0.0713214240134785 error: 6.14207081815621
id: 1 itt: 5000 Cost: 107.97793479124681 Pearson: 0.0842021041060014 Spearmen: 0.020893975981606826 IFSpear: -0.020893975981606826 error: 4.343509535363179
id: 1 itt: 6000 Cost: 74.14170204222992 Pearson: 0.12211069003890596 Spearmen: 0.04782806769035886 IFSpear: -0.04782806769035886 error: 2.9824166429101493
id: 1 itt: 7000 Cost: 52.876911482899146 Pearson: 0.1984724795936528 Spearmen: 0.0532120466376199 IFSpear: -0.0532120466376199 error: 2.127021318480944
id: 1 itt: 8000 Cost: 39.128145665161355 Pearson: 0.2897817815058439 Spearmen: 0.06487100430155798 IFSpear: -0.06487100430155798 error: 1.5739648487098585
id: 1 itt: 9000 Cost: 30.714027239470987 Pearson: 0.3453566299852181 Spearmen: 0.08672783653158193 IFSpear: -0.08672783653158193 error: 1.2354993679214283
id: 1 itt: 10000 Cost: 25.302705920842886 Pearson: 0.4472461499402709 Spearmen: 0.10702297478863544 IFSpear: -0.10702297478863544 error: 1.0178241012864846
id: 1 itt: 11000 Cost: 21.224221921214856 Pearson: 0.51184669086953 Spearmen: 0.11487939240224643 IFSpear: -0.11487939240224643 error: 0.8537634144761775
id: 1 itt: 12000 Cost: 18.889402153567506 Pearson: 0.5488968622713434 Spearmen: 0.13312882539276533 IFSpear: -0.13312882539276533 error: 0.7598431895363613
id: 1 itt: 13000 Cost: 17.2853265461547 Pearson: 0.5707837522681857 Spearmen: 0.14448089624384108 IFSpear: -0.14448089624384108 error: 0.6953178056261127
id: 1 itt: 14000 Cost: 16.132672389463814 Pearson: 0.5889252386019174 Spearmen: 0.15748563472475316 IFSpear: -0.15748563472475316 error: 0.6489512555504695
id: 1 itt: 15000 Cost: 15.382636550737448 Pearson: 0.6009139450497802 Spearmen: 0.17573264024991936 IFSpear: -0.17573264024991936 error: 0.6187803894038781
id: 1 itt: 16000 Cost: 14.869004565552846 Pearson: 0.6086526172789051 Spearmen: 0.1802057378716182 IFSpear: -0.1802057378716182 error: 0.5981190808723716
id: 1 itt: 17000 Cost: 14.52083575891924 Pearson: 0.6164040618564236 Spearmen: 0.2167618190270359 IFSpear: -0.2167618190270359 error: 0.5841136775049822
id: 1 itt: 18000 Cost: 14.33100407497364 Pearson: 0.619033054877583 Spearmen: 0.21944833737290861 IFSpear: -0.21944833737290861 error: 0.5764775272959063
id: 1 itt: 19000 Cost: 14.165285565142973 Pearson: 0.62207010810921 Spearmen: 0.21121441929409296 IFSpear: -0.21121441929409296 error: 0.569811351201436
id: 1 itt: 20000 Cost: 14.06003247590647 Pearson: 0.6244428209264139 Spearmen: 0.2157655392632254 IFSpear: -0.2157655392632254 error: 0.5655774510290627
id: 1 itt: 21000 Cost: 13.976350958916159 Pearson: 0.6263495656526359 Spearmen: 0.2324260663899095 IFSpear: -0.2324260663899095 error: 0.5622112867503721
id: 1 itt: 22000 Cost: 13.916664599277556 Pearson: 0.6277789765764675 Spearmen: 0.2597414165030429 IFSpear: -0.2597414165030429 error: 0.5598103492558498
id: 1 itt: 23000 Cost: 13.877219394594677 Pearson: 0.6288894802668279 Spearmen: 0.26838392648227605 IFSpear: -0.26838392648227605 error: 0.5582236304230098
id: 1 itt: 24000 Cost: 13.840352669088194 Pearson: 0.6299123357380214 Spearmen: 0.27952926328322525 IFSpear: -0.27952926328322525 error: 0.5567406332339582
id: 1 itt: 25000 Cost: 13.813750904282365 Pearson: 0.6307447395107109 Spearmen: 0.302367993800161 IFSpear: -0.302367993800161 error: 0.5556705533207333
id: 1 itt: 26000 Cost: 13.794630062606746 Pearson: 0.6315657063750121 Spearmen: 0.333004753340731 IFSpear: -0.333004753340731 error: 0.5549014002682807
id: 1 itt: 27000 Cost: 13.781466788004568 Pearson: 0.6321638239117542 Spearmen: 0.36481297624685155 IFSpear: -0.36481297624685155 error: 0.5543718957092085
id: 1 itt: 28000 Cost: 13.768591846639193 Pearson: 0.6327759622393212 Spearmen: 0.4057512303521408 IFSpear: -0.4057512303521408 error: 0.5538539896138951
id: 1 itt: 29000 Cost: 13.757100934041073 Pearson: 0.6333524107237539 Spearmen: 0.445658793259024 IFSpear: -0.445658793259024 error: 0.5533917573204505
id: 1 itt: 0 Cost: 435.4865854116743 Pearson: 0.0016652309246939522 Spearmen: -0.003556883386799927 IFSpear: 0.003556883386799927 error: 17.51783954671168
id: 1 itt: 1000 Cost: 292.79904589140244 Pearson: 0.0033313794938900883 Spearmen: 0.00025918428282477085 IFSpear: -0.00025918428282477085 error: 11.778104945545257
id: 1 itt: 2000 Cost: 174.07616789892458 Pearson: 0.02247222312702398 Spearmen: 0.007642035964377552 IFSpear: -0.007642035964377552 error: 7.002370406604161
id: 1 itt: 3000 Cost: 96.47981970888027 Pearson: 0.11773370562426468 Spearmen: 0.0843352197504141 IFSpear: -0.0843352197504141 error: 3.8809875155124085
id: 1 itt: 4000 Cost: 67.77919140992383 Pearson: 0.28537363788613895 Spearmen: 0.1713530072757194 IFSpear: -0.1713530072757194 error: 2.726478930694233
id: 1 itt: 5000 Cost: 63.839820849850334 Pearson: 0.36107461458499696 Spearmen: 0.24472255982446045 IFSpear: -0.24472255982446045 error: 2.5680142070996554
id: 1 itt: 6000 Cost: 61.83205531837814 Pearson: 0.41627047423952346 Spearmen: 0.3233602583374967 IFSpear: -0.3233602583374967 error: 2.4872500329414557
id: 1 itt: 7000 Cost: 58.18639740882866 Pearson: 0.5202127588520395 Spearmen: 0.47046003252655894 IFSpear: -0.47046003252655894 error: 2.340600164860408
id: 1 itt: 8000 Cost: 54.92277636794971 Pearson: 0.6087182101254484 Spearmen: 0.5926062316306437 IFSpear: -0.5926062316306437 error: 2.2093180734009334
id: 1 itt: 9000 Cost: 53.07401781480503 Pearson: 0.6522381736961999 Spearmen: 0.6495695089788915 IFSpear: -0.6495695089788915 error: 2.134950097946571
id: 1 itt: 10000 Cost: 51.856798705219575 Pearson: 0.6866723676447122 Spearmen: 0.6858333462191541 IFSpear: -0.6858333462191541 error: 2.085986364575193
id: 1 itt: 11000 Cost: 50.835194681789226 Pearson: 0.7028381776064486 Spearmen: 0.7041809532831974 IFSpear: -0.7041809532831974 error: 2.0448914239679863
id: 1 itt: 12000 Cost: 50.00121861244489 Pearson: 0.7216042065338264 Spearmen: 0.7229672990018362 IFSpear: -0.7229672990018362 error: 2.0113439865543614
id: 1 itt: 13000 Cost: 49.28236682267708 Pearson: 0.7354649619983302 Spearmen: 0.7379262563260909 IFSpear: -0.7379262563260909 error: 1.9824275268220488
id: 1 itt: 14000 Cost: 48.58158749547937 Pearson: 0.7483078496254013 Spearmen: 0.7513409024074319 IFSpear: -0.7513409024074319 error: 1.9542380481498245
id: 1 itt: 15000 Cost: 47.754644808385244 Pearson: 0.7638726012499719 Spearmen: 0.7691175260243107 IFSpear: -0.7691175260243107 error: 1.9209735348625845
id: 1 itt: 16000 Cost: 47.01501157121714 Pearson: 0.7776094948349064 Spearmen: 0.7859001910078013 IFSpear: -0.7859001910078013 error: 1.8912211227191023
id: 1 itt: 17000 Cost: 46.331111975114034 Pearson: 0.7896767848653337 Spearmen: 0.7990048700566802 IFSpear: -0.7990048700566802 error: 1.8637106464106996
id: 1 itt: 18000 Cost: 45.675679335969086 Pearson: 0.802518994781458 Spearmen: 0.813957500616708 IFSpear: -0.813957500616708 error: 1.8373452790472824
id: 1 itt: 19000 Cost: 45.12919353343079 Pearson: 0.8113980325022878 Spearmen: 0.8269208221191505 IFSpear: -0.8269208221191505 error: 1.8153623961661205
id: 1 itt: 20000 Cost: 44.706128463392695 Pearson: 0.8193180615327111 Spearmen: 0.836264699085929 IFSpear: -0.836264699085929 error: 1.7983442232464204
id: 1 itt: 21000 Cost: 44.418023127949525 Pearson: 0.8242466018631965 Spearmen: 0.8414243405781288 IFSpear: -0.8414243405781288 error: 1.7867549270248753
id: 1 itt: 22000 Cost: 44.23173621013796 Pearson: 0.8281316064988267 Spearmen: 0.8453188244876648 IFSpear: -0.8453188244876648 error: 1.779261368221475
id: 1 itt: 23000 Cost: 44.092571973623045 Pearson: 0.8311682976295193 Spearmen: 0.849694289534068 IFSpear: -0.849694289534068 error: 1.7736633616523303
id: 1 itt: 24000 Cost: 43.994350803239556 Pearson: 0.832366251717415 Spearmen: 0.8508024203345748 IFSpear: -0.8508024203345748 error: 1.7697123267398733
id: 1 itt: 25000 Cost: 43.918197531363056 Pearson: 0.8329952362156459 Spearmen: 0.8515597079165098 IFSpear: -0.8515597079165098 error: 1.7666489928913038
id: 1 itt: 26000 Cost: 43.85628253872194 Pearson: 0.8344863001196727 Spearmen: 0.8526550081541547 IFSpear: -0.8526550081541547 error: 1.7641584066299667
id: 1 itt: 27000 Cost: 43.80758057938402 Pearson: 0.8354056752767708 Spearmen: 0.8537187010029992 IFSpear: -0.8537187010029992 error: 1.7621993265162001
id: 1 itt: 28000 Cost: 43.76582479132813 Pearson: 0.8364945860090404 Spearmen: 0.8545861557195666 IFSpear: -0.8545861557195666 error: 1.760519662389191
id: 1 itt: 29000 Cost: 43.73501832800309 Pearson: 0.8363021407356359 Spearmen: 0.8543467134219555 IFSpear: -0.8543467134219555 error: 1.7592804446965968
id: 1 itt: 0 Cost: 593.2517285781171 Pearson: 0.005536377525437638 Spearmen: -0.003556883386799927 IFSpear: 0.003556883386799927 error: 23.864084314368892
id: 1 itt: 1000 Cost: 435.84691987006846 Pearson: 0.01456218942259353 Spearmen: 0.02407203136036446 IFSpear: -0.02407203136036446 error: 17.532334324362143
id: 1 itt: 2000 Cost: 308.8826962987385 Pearson: 0.04988268660043336 Spearmen: 0.021279156972379237 IFSpear: -0.021279156972379237 error: 12.42508424777743
id: 1 itt: 3000 Cost: 212.15115220328124 Pearson: 0.06004754192486878 Spearmen: 0.015244136154419288 IFSpear: -0.015244136154419288 error: 8.533970892430297
id: 1 itt: 4000 Cost: 149.28401745173164 Pearson: 0.10184021971262422 Spearmen: 0.025339026340868345 IFSpear: -0.025339026340868345 error: 6.005083858405887
id: 1 itt: 5000 Cost: 103.73009698696748 Pearson: 0.1633326252594088 Spearmen: 0.048019107008832614 IFSpear: -0.048019107008832614 error: 4.172636439454892
id: 1 itt: 6000 Cost: 72.57638222842603 Pearson: 0.24042722330044256 Spearmen: 0.04856508611582395 IFSpear: -0.04856508611582395 error: 2.919450245652278
id: 1 itt: 7000 Cost: 51.14601882311314 Pearson: 0.3406910955044436 Spearmen: 0.0806117729576438 IFSpear: -0.0806117729576438 error: 2.0573946045879117
id: 1 itt: 8000 Cost: 37.09702755743106 Pearson: 0.4305963636904143 Spearmen: 0.09104691262382927 IFSpear: -0.09104691262382927 error: 1.492261296169877
id: 1 itt: 9000 Cost: 28.452318036815257 Pearson: 0.5230021420732696 Spearmen: 0.13570427610355235 IFSpear: -0.13570427610355235 error: 1.1445200812093235
id: 1 itt: 10000 Cost: 23.319244617129936 Pearson: 0.5853401140588628 Spearmen: 0.18045347187106595 IFSpear: -0.18045347187106595 error: 0.9380375865475543
id: 1 itt: 11000 Cost: 19.789687431649288 Pearson: 0.6294243630937026 Spearmen: 0.19486698791832768 IFSpear: -0.19486698791832768 error: 0.7960579745056726
id: 1 itt: 12000 Cost: 17.421576885335057 Pearson: 0.6674547733945865 Spearmen: 0.21558262202962244 IFSpear: -0.21558262202962244 error: 0.7007985980544035
id: 1 itt: 13000 Cost: 16.141048061125325 Pearson: 0.6884922833096518 Spearmen: 0.24554400612980168 IFSpear: -0.24554400612980168 error: 0.6492881744755924
id: 1 itt: 14000 Cost: 15.37983715792646 Pearson: 0.7033812887544502 Spearmen: 0.2676451204737824 IFSpear: -0.2676451204737824 error: 0.6186677813104628
id: 1 itt: 15000 Cost: 15.009571031222713 Pearson: 0.7121648145115441 Spearmen: 0.3194572814092007 IFSpear: -0.3194572814092007 error: 0.6037734933703486
id: 1 itt: 16000 Cost: 14.78198922367096 Pearson: 0.7192568073270595 Spearmen: 0.3803716575891321 IFSpear: -0.3803716575891321 error: 0.5946188104891906
id: 1 itt: 17000 Cost: 14.625321240021881 Pearson: 0.7248213226345436 Spearmen: 0.46182771762034963 IFSpear: -0.46182771762034963 error: 0.5883166999498338
id: 1 itt: 18000 Cost: 14.488457208013303 Pearson: 0.7308259145643647 Spearmen: 0.5631709192411316 IFSpear: -0.5631709192411316 error: 0.582811221175612
id: 1 itt: 19000 Cost: 14.394401923395368 Pearson: 0.7349984755946568 Spearmen: 0.6249846829528877 IFSpear: -0.6249846829528877 error: 0.5790277627646032
id: 1 itt: 20000 Cost: 14.304656906262641 Pearson: 0.7386748499613791 Spearmen: 0.6883159022435189 IFSpear: -0.6883159022435189 error: 0.5754176887395633
id: 1 itt: 21000 Cost: 14.242582491514288 Pearson: 0.7415076547128834 Spearmen: 0.7392433041741587 IFSpear: -0.7392433041741587 error: 0.5729206895805887
id: 1 itt: 22000 Cost: 14.188609508646307 Pearson: 0.7435227901097372 Spearmen: 0.7749019758000828 IFSpear: -0.7749019758000828 error: 0.570749577804907
id: 1 itt: 23000 Cost: 14.150888287776628 Pearson: 0.7450502458132775 Spearmen: 0.789889963194704 IFSpear: -0.789889963194704 error: 0.5692322077713928
id: 1 itt: 24000 Cost: 14.10968674092647 Pearson: 0.7467883711123442 Spearmen: 0.8083764409616299 IFSpear: -0.8083764409616299 error: 0.5675748384953332
id: 1 itt: 25000 Cost: 14.079729735162752 Pearson: 0.7480476381415808 Spearmen: 0.8245634882832688 IFSpear: -0.8245634882832688 error: 0.5663697909970902
id: 1 itt: 26000 Cost: 14.060547796917323 Pearson: 0.7489222964256597 Spearmen: 0.8329933543505845 IFSpear: -0.8329933543505845 error: 0.5655981802801707
id: 1 itt: 27000 Cost: 14.035138497808534 Pearson: 0.7499492665789904 Spearmen: 0.8443966116162727 IFSpear: -0.8443966116162727 error: 0.564576068372036
id: 1 itt: 28000 Cost: 14.01993685877055 Pearson: 0.7504943161162898 Spearmen: 0.8509139460605843 IFSpear: -0.8509139460605843 error: 0.56396456877036
id: 1 itt: 29000 Cost: 14.00250491341068 Pearson: 0.7512641178691037 Spearmen: 0.8550643649442555 IFSpear: -0.8550643649442555 error: 0.5632633530910929
id: 1 itt: 0 Cost: 600.3852590754827 Pearson: 0.0025892974415253215 Spearmen: -0.003556883386799927 IFSpear: 0.003556883386799927 error: 24.151036994062327
id: 1 itt: 1000 Cost: 443.36216483430974 Pearson: 0.02687459758315376 Spearmen: 0.002908772828936322 IFSpear: -0.002908772828936322 error: 17.834641811775008
id: 1 itt: 2000 Cost: 318.7316829352357 Pearson: 0.04385233681679291 Spearmen: 0.02787326120046434 IFSpear: -0.02787326120046434 error: 12.821268592773425
id: 1 itt: 3000 Cost: 223.3500253060426 Pearson: 0.051717112677100524 Spearmen: 0.013621577590502781 IFSpear: -0.013621577590502781 error: 8.984455634532528
id: 1 itt: 4000 Cost: 155.6735260119026 Pearson: 0.06730829257717703 Spearmen: -0.02618412004975129 IFSpear: 0.02618412004975129 error: 6.262107586550361
id: 1 itt: 5000 Cost: 111.81884425304698 Pearson: 0.1230909326203984 Spearmen: 0.001902267044004525 IFSpear: -0.001902267044004525 error: 4.498013572730154
id: 1 itt: 6000 Cost: 78.6953144517197 Pearson: 0.17349898420219445 Spearmen: 0.040326215792393066 IFSpear: -0.040326215792393066 error: 3.1655897973069704
id: 1 itt: 7000 Cost: 56.97926388248521 Pearson: 0.20448123326655868 Spearmen: 0.019004462795413832 IFSpear: -0.019004462795413832 error: 2.2920421331452614
id: 1 itt: 8000 Cost: 42.29427621409977 Pearson: 0.16387795679157563 Spearmen: 0.020011559744625516 IFSpear: -0.020011559744625516 error: 1.701325297454369
id: 1 itt: 9000 Cost: 32.40909879735226 Pearson: 0.24889489377334592 Spearmen: 0.02674855842165542 IFSpear: -0.02674855842165542 error: 1.3036851457751557
id: 1 itt: 10000 Cost: 26.339917271197077 Pearson: 0.3253907164130719 Spearmen: 0.04928157377313372 IFSpear: -0.04928157377313372 error: 1.0595468606554252
id: 1 itt: 11000 Cost: 22.168159611612946 Pearson: 0.38682963895866335 Spearmen: 0.07029199349124791 IFSpear: -0.07029199349124791 error: 0.8917341569890745
id: 1 itt: 12000 Cost: 19.65781660963153 Pearson: 0.43243922967067006 Spearmen: 0.08112508661396892 IFSpear: -0.08112508661396892 error: 0.7907533520939025
id: 1 itt: 13000 Cost: 17.87703446403353 Pearson: 0.46398425123458054 Spearmen: 0.11153094058459512 IFSpear: -0.11153094058459512 error: 0.7191197887666991
id: 1 itt: 14000 Cost: 16.46829230318758 Pearson: 0.48825002557084535 Spearmen: 0.09163156486558836 IFSpear: -0.09163156486558836 error: 0.6624518684148966
id: 1 itt: 15000 Cost: 15.592847787722016 Pearson: 0.5081921481002206 Spearmen: 0.09924294733383743 IFSpear: -0.09924294733383743 error: 0.6272363254620011
id: 1 itt: 16000 Cost: 14.96342096141484 Pearson: 0.5236623080619811 Spearmen: 0.11605469148703128 IFSpear: -0.11605469148703128 error: 0.6019170653079328
id: 1 itt: 17000 Cost: 14.501226956446283 Pearson: 0.5333426391319417 Spearmen: 0.12678705377287589 IFSpear: -0.12678705377287589 error: 0.5833248957906162
id: 1 itt: 18000 Cost: 14.228358748749699 Pearson: 0.5395531589726464 Spearmen: 0.14810125740012428 IFSpear: -0.14810125740012428 error: 0.5723485267359669
id: 1 itt: 19000 Cost: 14.034736055209564 Pearson: 0.5440163462495212 Spearmen: 0.17182603519389456 IFSpear: -0.17182603519389456 error: 0.5645598797565615
id: 1 itt: 20000 Cost: 13.8798277298832 Pearson: 0.5460147046195665 Spearmen: 0.17423088855675106 IFSpear: -0.17423088855675106 error: 0.558328553055759
id: 1 itt: 21000 Cost: 13.773686140431515 Pearson: 0.5481299110183254 Spearmen: 0.16462646706207576 IFSpear: -0.16462646706207576 error: 0.5540589121631703
id: 1 itt: 22000 Cost: 13.706204214705375 Pearson: 0.5493458674938242 Spearmen: 0.1642753739235077 IFSpear: -0.1642753739235077 error: 0.5513443910119478
id: 1 itt: 23000 Cost: 13.646654469455209 Pearson: 0.5506265921149739 Spearmen: 0.17890009306647947 IFSpear: -0.17890009306647947 error: 0.5489489489540625
id: 1 itt: 24000 Cost: 13.595750005924383 Pearson: 0.5518811283980412 Spearmen: 0.1887269241449527 IFSpear: -0.1887269241449527 error: 0.5469012711283461
id: 1 itt: 25000 Cost: 13.562959838279077 Pearson: 0.5523822575406931 Spearmen: 0.20240734699730217 IFSpear: -0.20240734699730217 error: 0.5455822571454533
id: 1 itt: 26000 Cost: 13.539503054493936 Pearson: 0.5530557382335426 Spearmen: 0.21306395010710624 IFSpear: -0.21306395010710624 error: 0.5446386869221786
id: 1 itt: 27000 Cost: 13.519699122388024 Pearson: 0.5534998200202357 Spearmen: 0.20811949777280986 IFSpear: -0.20811949777280986 error: 0.5438420559428401
id: 1 itt: 28000 Cost: 13.49995768967238 Pearson: 0.5539969351052235 Spearmen: 0.2140266661508283 IFSpear: -0.2140266661508283 error: 0.5430479390576828
id: 1 itt: 29000 Cost: 13.487725034115243 Pearson: 0.5542853707260429 Spearmen: 0.21446619255748203 IFSpear: -0.21446619255748203 error: 0.5425558694866361
id: 1 itt: 0 Cost: 599.7104941708744 Pearson: 0.003649687687885104 Spearmen: -0.003556883386799927 IFSpear: 0.003556883386799927 error: 24.123893968934457
id: 1 itt: 1000 Cost: 447.7114747997834 Pearson: 0.0035203187932931635 Spearmen: -0.0008032187191643892 IFSpear: 0.0008032187191643892 error: 18.00959671662485
id: 1 itt: 2000 Cost: 314.68079525866534 Pearson: 0.020329083802929745 Spearmen: -0.005177315732016448 IFSpear: 0.005177315732016448 error: 12.658317992876462
id: 1 itt: 3000 Cost: 219.67049825928942 Pearson: 0.05545228509072539 Spearmen: 0.016854999899894578 IFSpear: -0.016854999899894578 error: 8.836443349947745
id: 1 itt: 4000 Cost: 153.47383021196868 Pearson: 0.07940869773617105 Spearmen: 0.01432214108584849 IFSpear: -0.01432214108584849 error: 6.173622844733592
id: 1 itt: 5000 Cost: 108.82640133122263 Pearson: 0.11217789901248842 Spearmen: -0.007150862374145296 IFSpear: 0.007150862374145296 error: 4.377639864989749
id: 1 itt: 6000 Cost: 76.6698216232846 Pearson: 0.17444954378587663 Spearmen: 0.015938933261014854 IFSpear: -0.015938933261014854 error: 3.0841125266856517
id: 1 itt: 7000 Cost: 57.07323318533694 Pearson: 0.20281013004317136 Spearmen: 0.019738581752709573 IFSpear: -0.019738581752709573 error: 2.2958221328623982
id: 1 itt: 8000 Cost: 42.03221285854252 Pearson: 0.29435997473605297 Spearmen: 0.03291699443447331 IFSpear: -0.03291699443447331 error: 1.690783563294211
id: 1 itt: 9000 Cost: 33.01102368376628 Pearson: 0.3810574064132868 Spearmen: 0.072763219320186 IFSpear: -0.072763219320186 error: 1.3278981156635525
id: 1 itt: 10000 Cost: 26.895951413683097 Pearson: 0.4263748828534523 Spearmen: 0.09724150743472855 IFSpear: -0.09724150743472855 error: 1.0819138340981447
id: 1 itt: 11000 Cost: 22.955417330493518 Pearson: 0.45070920552780525 Spearmen: 0.0890512386026058 IFSpear: -0.0890512386026058 error: 0.9234023067398254
id: 1 itt: 12000 Cost: 20.21191673820269 Pearson: 0.49133752899019906 Spearmen: 0.11493853413561035 IFSpear: -0.11493853413561035 error: 0.8130425280875693
id: 1 itt: 13000 Cost: 18.000923467495287 Pearson: 0.5250977883257864 Spearmen: 0.11593428988251306 IFSpear: -0.11593428988251306 error: 0.7241033353487216
id: 1 itt: 14000 Cost: 16.708220827921135 Pearson: 0.5377545830421053 Spearmen: 0.09985120651638563 IFSpear: -0.09985120651638563 error: 0.6721032090985329
id: 1 itt: 15000 Cost: 15.811014942444148 Pearson: 0.5554283742587074 Spearmen: 0.12975641288780146 IFSpear: -0.12975641288780146 error: 0.6360122954661566
id: 1 itt: 16000 Cost: 15.163538044894358 Pearson: 0.5653898153936193 Spearmen: 0.14572689712196646 IFSpear: -0.14572689712196646 error: 0.609966954963285
id: 1 itt: 17000 Cost: 14.73814048417312 Pearson: 0.5726045307984116 Spearmen: 0.1538490220773297 IFSpear: -0.1538490220773297 error: 0.5928549555081639
id: 1 itt: 18000 Cost: 14.428408424447582 Pearson: 0.5786687828173174 Spearmen: 0.17733585636659543 IFSpear: -0.17733585636659543 error: 0.5803957048526808
id: 1 itt: 19000 Cost: 14.18251054367767 Pearson: 0.5836113808557959 Spearmen: 0.17746559695707154 IFSpear: -0.17746559695707154 error: 0.5705042414540281
id: 1 itt: 20000 Cost: 14.022168641520874 Pearson: 0.5862039531969813 Spearmen: 0.1737012765740147 IFSpear: -0.1737012765740147 error: 0.5640543442386133
id: 1 itt: 21000 Cost: 13.899674603567538 Pearson: 0.5889819592990291 Spearmen: 0.19663695289782604 IFSpear: -0.19663695289782604 error: 0.5591269113987088
id: 1 itt: 22000 Cost: 13.818486065679222 Pearson: 0.5905895846984144 Spearmen: 0.1897762306549562 IFSpear: -0.1897762306549562 error: 0.5558610294464205
id: 1 itt: 23000 Cost: 13.765662306515631 Pearson: 0.5919595894766377 Spearmen: 0.21145387581397526 IFSpear: -0.21145387581397526 error: 0.5537361462277854
id: 1 itt: 24000 Cost: 13.717533126948004 Pearson: 0.5929452043102749 Spearmen: 0.22398685994447837 IFSpear: -0.22398685994447837 error: 0.5518001066954
id: 1 itt: 25000 Cost: 13.685897157870787 Pearson: 0.593902613800212 Spearmen: 0.2374425841586705 IFSpear: -0.2374425841586705 error: 0.5505275213879203
id: 1 itt: 26000 Cost: 13.661585481392006 Pearson: 0.5945682046446996 Spearmen: 0.25538967330931067 IFSpear: -0.25538967330931067 error: 0.5495495623372086
id: 1 itt: 27000 Cost: 13.641230418582634 Pearson: 0.5952072441389368 Spearmen: 0.2530741946841729 IFSpear: -0.2530741946841729 error: 0.5487307616296719
id: 1 itt: 28000 Cost: 13.623653629145313 Pearson: 0.5957452289218261 Spearmen: 0.25365588779094705 IFSpear: -0.25365588779094705 error: 0.5480237194671257
id: 1 itt: 29000 Cost: 13.609822833647598 Pearson: 0.5962365971044614 Spearmen: 0.2737789702195934 IFSpear: -0.2737789702195934 error: 0.5474673632797055
<Swarm.Swarm object at 0x738da11092d0> 0.756708231095674
<Swarm.Swarm object at 0x738da110bd90> 0.8544388608140291
<Swarm.Swarm object at 0x738da110bc40> 0.9108413151025179
<Swarm.Swarm object at 0x738da110bd60> 0.9346205928999037
<Swarm.Swarm object at 0x738da1108b80> 0.9211701015002844
<Swarm.Swarm object at 0x738da110a560> 0.9069699848083909
<Swarm.Swarm object at 0x738da1108be0> 0.9415934079951477
<Swarm.Swarm object at 0x738da1108b50> 0.9053180878150046
<Swarm.Swarm object at 0x738da110af50> 0.8804059162758752
<Swarm.Swarm object at 0x738da110acb0> 0.8599207648975234
<Swarm.Swarm object at 0x738da110a0b0> 0.8068583205226457
<Swarm.Swarm object at 0x738da110ac50> 0.7045660551114392
<Swarm.Swarm object at 0x738da110be50> 0.496195202393405
<Swarm.Swarm object at 0x738da11083a0> 0.4643794076565633
<Swarm.Swarm object at 0x738da110bdc0> 0.33160997055993385
<Swarm.Swarm object at 0x738da110bcd0> 0.29983868261880836
<Swarm.Swarm object at 0x738da11087c0> 0.2657156955037062
<Swarm.Swarm object at 0x738da1109570> 0.22969167785671293
<Swarm.Swarm object at 0x738da110a110> 0.23998163580659637
(np.float64(0.8580703757600716), np.float64(0.9415934079951477), np.float64(188.08051973643396), 29999, 1, <Swarm.Swarm object at 0x738da1108be0>)
pearson:0.8580703757600716 spearman:0.9415934079951477 rmse:188.08051973643396
(np.float64(0.8580703757600716), np.float64(0.9415934079951477), np.float64(188.08051973643396), 29999, 1, <Swarm.Swarm object at 0x738da1108be0>)
Input file:  analysis_other/3dstructure/T2T12/chrX/complete/250000/contacts/hp1.matrix.txt
Convert factor::  0.2
SSE at best spearman :  188.08051973643396
Best Spearman correlation Dist vs. Reconstructed Dist  :  0.9415934079951477
Best Pearson correlation Dist vs. Reconstructed Dist:  0.8580703757600716
