Loading PAF alignments from assembly/qc/phased_verkko/T2T08/both.mapped_T2T.paf
PAF alignment filtering stats:
  Total alignments: 42037
  Filtered (low MAPQ < 5): 22747
  Filtered (short length < 50000): 14906
  Passed filters: 4384
Found alignments for 223 query sequences
Using search window: 10000bp for unmappable positions
Using alignment window: 10000bp for distant regions
Strategy: Select single best alignment per region

Processing BED entry 1: haplotype1-0000001:1158064-1160944 (HET)
    Best alignment: processing overlap 1158064-1160944
      BED region: 1158064-1160944
      Alignment: 64411-3029191 -> 96726-3057220
      Alignment length: 2976813, MAPQ: 60
    Exact mapping: 1158064 -> 1191213
    Exact mapping: 1160943 -> 1194085
      SUCCESS: 1158064-1160944 -> 1191213-1194086

Processing BED entry 2: haplotype1-0000001:1824535-1850145 (HET)
    Best alignment: processing overlap 1824535-1850145
      BED region: 1824535-1850145
      Alignment: 64411-3029191 -> 96726-3057220
      Alignment length: 2976813, MAPQ: 60
    Exact mapping: 1824535 -> 1856430
    Exact mapping: 1850144 -> 1882035
      SUCCESS: 1824535-1850145 -> 1856430-1882036

Processing BED entry 3: haplotype1-0000001:1975731-2002545 (HET)
    Best alignment: processing overlap 1975731-2002545
      BED region: 1975731-2002545
      Alignment: 64411-3029191 -> 96726-3057220
      Alignment length: 2976813, MAPQ: 60
    Exact mapping: 1975731 -> 2007301
    Exact mapping: 2002544 -> 2034116
      SUCCESS: 1975731-2002545 -> 2007301-2034117

Processing BED entry 4: haplotype1-0000001:2823961-2830821 (HET)
    Best alignment: processing overlap 2823961-2830821
      BED region: 2823961-2830821
      Alignment: 64411-3029191 -> 96726-3057220
      Alignment length: 2976813, MAPQ: 60
    Exact mapping: 2823961 -> 2851799
    Exact mapping: 2830820 -> 2858670
      SUCCESS: 2823961-2830821 -> 2851799-2858671

Processing BED entry 5: haplotype1-0000001:2984610-3001601 (HET)
    Best alignment: processing overlap 2984610-3001601
      BED region: 2984610-3001601
      Alignment: 64411-3029191 -> 96726-3057220
      Alignment length: 2976813, MAPQ: 60
    Exact mapping: 2984610 -> 3012613
    Exact mapping: 3001600 -> 3029602
      SUCCESS: 2984610-3001601 -> 3012613-3029603

Processing BED entry 6: haplotype1-0000001:5224296-5230017 (HET)
    Best alignment: processing overlap 5224296-5230017
      BED region: 5224296-5230017
      Alignment: 4819110-6893217 -> 4847282-6919688
      Alignment length: 2077745, MAPQ: 60
    Exact mapping: 5224296 -> 5253903
    Exact mapping: 5230016 -> 5259624
      SUCCESS: 5224296-5230017 -> 5253903-5259625

Processing BED entry 7: haplotype1-0000001:5635933-5670026 (HET)
    Best alignment: processing overlap 5635933-5670026
      BED region: 5635933-5670026
      Alignment: 4819110-6893217 -> 4847282-6919688
      Alignment length: 2077745, MAPQ: 60
    Exact mapping: 5635933 -> 5665713
    Exact mapping: 5670025 -> 5699833
      SUCCESS: 5635933-5670026 -> 5665713-5699834

Processing BED entry 8: haplotype1-0000001:6850927-6875480 (HET)
    Best alignment: processing overlap 6850927-6875480
      BED region: 6850927-6875480
      Alignment: 4819110-6893217 -> 4847282-6919688
      Alignment length: 2077745, MAPQ: 60
    Exact mapping: 6850927 -> 6877407
    Exact mapping: 6875479 -> 6901933
      SUCCESS: 6850927-6875480 -> 6877407-6901934

Processing BED entry 9: haplotype1-0000001:8259610-8264889 (HET)
    Best alignment: processing overlap 8259610-8264889
      BED region: 8259610-8264889
      Alignment: 7945376-8527426 -> 7971855-8553992
      Alignment length: 582689, MAPQ: 60
    Exact mapping: 8259610 -> 8286138
    Exact mapping: 8264888 -> 8291428
      SUCCESS: 8259610-8264889 -> 8286138-8291429

Processing BED entry 10: haplotype1-0000001:8289315-8311389 (HET)
    Best alignment: processing overlap 8289315-8311389
      BED region: 8289315-8311389
      Alignment: 7945376-8527426 -> 7971855-8553992
      Alignment length: 582689, MAPQ: 60
    Exact mapping: 8289315 -> 8315847
    Exact mapping: 8311388 -> 8337922
      SUCCESS: 8289315-8311389 -> 8315847-8337923

SUMMARY:
Successfully lifted 6974 regions
  - Direct overlaps: 6736
  - Using alignment window: 238
Failed to lift 2487 regions
Success rate: 73.7%

Failure reasons:
    97x: No alignments found for chromosome 'unassigned-0000485'
    96x: No alignments found for chromosome 'unassigned-0000218'
    82x: No alignments found for chromosome 'unassigned-0000714'
    65x: No alignments found for chromosome 'unassigned-0000138'
    56x: No alignments found for chromosome 'unassigned-0000210'
    45x: No alignments found for chromosome 'unassigned-0000130'
    43x: No alignments found for chromosome 'unassigned-0000587'
    38x: No alignments found for chromosome 'unassigned-0000712'
    30x: No alignments found for chromosome 'unassigned-0000483'
    30x: No alignments found for chromosome 'unassigned-0000493'
    27x: No alignments found for chromosome 'unassigned-0000228'
    25x: No alignments found for chromosome 'unassigned-0000455'
    24x: No alignments found for chromosome 'unassigned-0000665'
    23x: No alignments found for chromosome 'unassigned-0000247'
    22x: No alignments found for chromosome 'unassigned-0000236'
    22x: No alignments found for chromosome 'unassigned-0000239'
    22x: No alignments found for chromosome 'unassigned-0000328'
    21x: No alignments found for chromosome 'unassigned-0000470'
    20x: No alignments found for chromosome 'unassigned-0000591'
    18x: No alignments found for chromosome 'unassigned-0000326'
    18x: No alignments found for chromosome 'unassigned-0000577'
    17x: No alignments found for chromosome 'unassigned-0000478'
    17x: No alignments found for chromosome 'unassigned-0000652'
    16x: No alignments found for chromosome 'unassigned-0000556'
    15x: No alignments found for chromosome 'unassigned-0000179'
    15x: No alignments found for chromosome 'unassigned-0000467'
    15x: No alignments found for chromosome 'unassigned-0000618'
    14x: No alignments found for chromosome 'unassigned-0000557'
    14x: No alignments found for chromosome 'unassigned-0000716'
    13x: No alignments found for chromosome 'unassigned-0000222'
    12x: No alignments found for chromosome 'unassigned-0000220'
    12x: No alignments found for chromosome 'unassigned-0000576'
    12x: No alignments found for chromosome 'unassigned-0000585'
    11x: No alignments found for chromosome 'unassigned-0000304'
    11x: No alignments found for chromosome 'unassigned-0000380'
    11x: No alignments found for chromosome 'unassigned-0000442'
    11x: No alignments found for chromosome 'unassigned-0000498'
    11x: No alignments found for chromosome 'unassigned-0000593'
    11x: No alignments found for chromosome 'unassigned-0000637'
    10x: No alignments found for chromosome 'haplotype2-0000075'
    10x: No alignments found for chromosome 'unassigned-0000394'
    10x: No alignments found for chromosome 'unassigned-0000457'
    10x: No alignments found for chromosome 'unassigned-0000471'
    10x: No alignments found for chromosome 'unassigned-0000491'
    10x: No alignments found for chromosome 'unassigned-0000646'
    10x: No alignments found for chromosome 'unassigned-0000710'
     9x: No alignments found for chromosome 'unassigned-0000337'
     9x: No alignments found for chromosome 'unassigned-0000465'
     9x: No alignments found for chromosome 'unassigned-0000468'
     9x: No alignments found for chromosome 'unassigned-0000635'
     9x: No alignments found for chromosome 'unassigned-0000650'
     8x: No alignments found for chromosome 'haplotype1-0000027'
     8x: No alignments found for chromosome 'unassigned-0000123'
     8x: No alignments found for chromosome 'unassigned-0000145'
     8x: No alignments found for chromosome 'unassigned-0000178'
     8x: No alignments found for chromosome 'unassigned-0000253'
     8x: No alignments found for chromosome 'unassigned-0000336'
     8x: No alignments found for chromosome 'unassigned-0000517'
     8x: No alignments found for chromosome 'unassigned-0000539'
     8x: No alignments found for chromosome 'unassigned-0000640'
     8x: No alignments found for chromosome 'unassigned-0000658'
     7x: No alignments found for chromosome 'unassigned-0000135'
     7x: No alignments found for chromosome 'unassigned-0000161'
     7x: No alignments found for chromosome 'unassigned-0000198'
     7x: No alignments found for chromosome 'unassigned-0000202'
     7x: No alignments found for chromosome 'unassigned-0000214'
     7x: No alignments found for chromosome 'unassigned-0000231'
     7x: No alignments found for chromosome 'unassigned-0000245'
     7x: No alignments found for chromosome 'unassigned-0000249'
     7x: No alignments found for chromosome 'unassigned-0000283'
     7x: No alignments found for chromosome 'unassigned-0000331'
     7x: No alignments found for chromosome 'unassigned-0000392'
     7x: No alignments found for chromosome 'unassigned-0000420'
     7x: No alignments found for chromosome 'unassigned-0000518'
     7x: No alignments found for chromosome 'unassigned-0000596'
     7x: No alignments found for chromosome 'unassigned-0000695'
     6x: No alignments found for chromosome 'unassigned-0000105'
     6x: No alignments found for chromosome 'unassigned-0000111'
     6x: No alignments found for chromosome 'unassigned-0000182'
     6x: No alignments found for chromosome 'unassigned-0000199'
     6x: No alignments found for chromosome 'unassigned-0000203'
     6x: No alignments found for chromosome 'unassigned-0000209'
     6x: No alignments found for chromosome 'unassigned-0000234'
     6x: No alignments found for chromosome 'unassigned-0000235'
     6x: No alignments found for chromosome 'unassigned-0000242'
     6x: No alignments found for chromosome 'unassigned-0000267'
     6x: No alignments found for chromosome 'unassigned-0000303'
     6x: No alignments found for chromosome 'unassigned-0000490'
     6x: No alignments found for chromosome 'unassigned-0000501'
     6x: No alignments found for chromosome 'unassigned-0000512'
     6x: No alignments found for chromosome 'unassigned-0000548'
     6x: No alignments found for chromosome 'unassigned-0000558'
     6x: No alignments found for chromosome 'unassigned-0000559'
     6x: No alignments found for chromosome 'unassigned-0000604'
     6x: No alignments found for chromosome 'unassigned-0000642'
     6x: No alignments found for chromosome 'unassigned-0000647'
     6x: No alignments found for chromosome 'unassigned-0000687'
     6x: No alignments found for chromosome 'unassigned-0000689'
     5x: No alignments found for chromosome 'unassigned-0000114'
     5x: No alignments found for chromosome 'unassigned-0000172'
     5x: No alignments found for chromosome 'unassigned-0000197'
     5x: No alignments found for chromosome 'unassigned-0000201'
     5x: No alignments found for chromosome 'unassigned-0000219'
     5x: No alignments found for chromosome 'unassigned-0000223'
     5x: No alignments found for chromosome 'unassigned-0000265'
     5x: No alignments found for chromosome 'unassigned-0000305'
     5x: No alignments found for chromosome 'unassigned-0000320'
     5x: No alignments found for chromosome 'unassigned-0000327'
     5x: No alignments found for chromosome 'unassigned-0000367'
     5x: No alignments found for chromosome 'unassigned-0000399'
     5x: No alignments found for chromosome 'unassigned-0000513'
     5x: No alignments found for chromosome 'unassigned-0000602'
     4x: No alignments found for chromosome 'haplotype2-0000081'
     4x: No alignments found for chromosome 'haplotype2-0000084'
     4x: No alignments found for chromosome 'unassigned-0000113'
     4x: No alignments found for chromosome 'unassigned-0000116'
     4x: No alignments found for chromosome 'unassigned-0000124'
     4x: No alignments found for chromosome 'unassigned-0000162'
     4x: No alignments found for chromosome 'unassigned-0000200'
     4x: No alignments found for chromosome 'unassigned-0000225'
     4x: No alignments found for chromosome 'unassigned-0000248'
     4x: No alignments found for chromosome 'unassigned-0000488'
     4x: No alignments found for chromosome 'unassigned-0000492'
     4x: No alignments found for chromosome 'unassigned-0000524'
     4x: No alignments found for chromosome 'unassigned-0000542'
     4x: No alignments found for chromosome 'unassigned-0000555'
     4x: No alignments found for chromosome 'unassigned-0000589'
     4x: No alignments found for chromosome 'unassigned-0000600'
     4x: No alignments found for chromosome 'unassigned-0000611'
     4x: No alignments found for chromosome 'unassigned-0000704'
     3x: No overlapping alignments found for region 0-28 even with 10000bp window
     3x: No alignments found for chromosome 'haplotype2-0000088'
     3x: No alignments found for chromosome 'unassigned-0000118'
     3x: No alignments found for chromosome 'unassigned-0000149'
     3x: No alignments found for chromosome 'unassigned-0000191'
     3x: No alignments found for chromosome 'unassigned-0000212'
     3x: No alignments found for chromosome 'unassigned-0000217'
     3x: No alignments found for chromosome 'unassigned-0000308'
     3x: No alignments found for chromosome 'unassigned-0000340'
     3x: No alignments found for chromosome 'unassigned-0000352'
     3x: No alignments found for chromosome 'unassigned-0000396'
     3x: No alignments found for chromosome 'unassigned-0000429'
     3x: No alignments found for chromosome 'unassigned-0000461'
     3x: No alignments found for chromosome 'unassigned-0000473'
     3x: No alignments found for chromosome 'unassigned-0000480'
     3x: No alignments found for chromosome 'unassigned-0000510'
     3x: No alignments found for chromosome 'unassigned-0000515'
     3x: No alignments found for chromosome 'unassigned-0000544'
     3x: No alignments found for chromosome 'unassigned-0000621'
     3x: No alignments found for chromosome 'unassigned-0000627'
     3x: No alignments found for chromosome 'unassigned-0000697'
     2x: No alignments found for chromosome 'haplotype1-0000037'
     2x: No alignments found for chromosome 'haplotype2-0000073'
     2x: No alignments found for chromosome 'unassigned-0000137'
     2x: No alignments found for chromosome 'unassigned-0000140'
     2x: No alignments found for chromosome 'unassigned-0000142'
     2x: No alignments found for chromosome 'unassigned-0000155'
     2x: No alignments found for chromosome 'unassigned-0000211'
     2x: No alignments found for chromosome 'unassigned-0000224'
     2x: No alignments found for chromosome 'unassigned-0000250'
     2x: No alignments found for chromosome 'unassigned-0000290'
     2x: No alignments found for chromosome 'unassigned-0000311'
     2x: No alignments found for chromosome 'unassigned-0000333'
     2x: No alignments found for chromosome 'unassigned-0000373'
     2x: No alignments found for chromosome 'unassigned-0000416'
     2x: No alignments found for chromosome 'unassigned-0000452'
     2x: No alignments found for chromosome 'unassigned-0000463'
     2x: No alignments found for chromosome 'unassigned-0000486'
     2x: No alignments found for chromosome 'unassigned-0000537'
     2x: No alignments found for chromosome 'unassigned-0000561'
     2x: No alignments found for chromosome 'unassigned-0000580'
     2x: No alignments found for chromosome 'unassigned-0000586'
     2x: No alignments found for chromosome 'unassigned-0000610'
     2x: No alignments found for chromosome 'unassigned-0000643'
     2x: No alignments found for chromosome 'unassigned-0000691'
     2x: No alignments found for chromosome 'unassigned-0000696'
     2x: No alignments found for chromosome 'unassigned-0000700'
     2x: No alignments found for chromosome 'unassigned-0000701'
     2x: No alignments found for chromosome 'unassigned-0000715'
     1x: No overlapping alignments found for region 35305456-35324843 even with 10000bp window
     1x: No overlapping alignments found for region 35485432-35501734 even with 10000bp window
     1x: No overlapping alignments found for region 35532105-35553106 even with 10000bp window
     1x: No overlapping alignments found for region 35565861-35578366 even with 10000bp window
     1x: No overlapping alignments found for region 35859152-35870690 even with 10000bp window
     1x: Could not map start position 19385583 even with 10000bp search window
     1x: No overlapping alignments found for region 82897142-82914784 even with 10000bp window
     1x: No overlapping alignments found for region 87426175-87439941 even with 10000bp window
     1x: No overlapping alignments found for region 87519434-87534578 even with 10000bp window
     1x: No overlapping alignments found for region 87551022-87577602 even with 10000bp window
     1x: No overlapping alignments found for region 87662994-87687605 even with 10000bp window
     1x: No overlapping alignments found for region 87848669-87865238 even with 10000bp window
     1x: No overlapping alignments found for region 87944083-87962642 even with 10000bp window
     1x: No overlapping alignments found for region 88316878-88324773 even with 10000bp window
     1x: No overlapping alignments found for region 88510748-88515506 even with 10000bp window
     1x: No overlapping alignments found for region 88539676-88544526 even with 10000bp window
     1x: No overlapping alignments found for region 90539906-90551084 even with 10000bp window
     1x: No overlapping alignments found for region 90561303-90610801 even with 10000bp window
     1x: No overlapping alignments found for region 90661331-90724254 even with 10000bp window
     1x: Could not map start position 93642709 even with 10000bp search window
     1x: No overlapping alignments found for region 93795954-93822277 even with 10000bp window
     1x: No overlapping alignments found for region 93822277-93833460 even with 10000bp window
     1x: No overlapping alignments found for region 93833460-93836829 even with 10000bp window
     1x: No overlapping alignments found for region 0-1733 even with 10000bp window
     1x: No overlapping alignments found for region 137449-138407 even with 10000bp window
     1x: Could not map end position 58408407 even with 10000bp search window
     1x: No overlapping alignments found for region 59359376-59374534 even with 10000bp window
     1x: No overlapping alignments found for region 59421419-59438709 even with 10000bp window
     1x: No overlapping alignments found for region 59455264-59459662 even with 10000bp window
     1x: No overlapping alignments found for region 59476372-59522891 even with 10000bp window
     1x: No overlapping alignments found for region 59556211-59572484 even with 10000bp window
     1x: No overlapping alignments found for region 59583900-59606839 even with 10000bp window
     1x: No overlapping alignments found for region 59699793-59712902 even with 10000bp window
     1x: No overlapping alignments found for region 59797186-59806995 even with 10000bp window
     1x: No overlapping alignments found for region 51405799-51422111 even with 10000bp window
     1x: No overlapping alignments found for region 90630789-90635236 even with 10000bp window
     1x: No overlapping alignments found for region 90906708-90917644 even with 10000bp window
     1x: No overlapping alignments found for region 91510847-91516207 even with 10000bp window
     1x: Could not map end position 93475303 even with 10000bp search window
     1x: Could not map start position 93475304 even with 10000bp search window
     1x: Could not map start position 93478374 even with 10000bp search window
     1x: No overlapping alignments found for region 4845-5140 even with 10000bp window
     1x: No overlapping alignments found for region 122356829-122383890 even with 10000bp window
     1x: No overlapping alignments found for region 122557442-122589468 even with 10000bp window
     1x: No overlapping alignments found for region 123560545-123567913 even with 10000bp window
     1x: No overlapping alignments found for region 123817900-123869452 even with 10000bp window
     1x: No overlapping alignments found for region 126326323-126352232 even with 10000bp window
     1x: No overlapping alignments found for region 126771499-126779771 even with 10000bp window
     1x: No overlapping alignments found for region 127946846-127965281 even with 10000bp window
     1x: Could not map start position 130369615 even with 10000bp search window
     1x: No overlapping alignments found for region 133525859-133550949 even with 10000bp window
     1x: No overlapping alignments found for region 134086311-134097890 even with 10000bp window
     1x: No overlapping alignments found for region 137768446-137779902 even with 10000bp window
     1x: Could not map end position 160027298 even with 10000bp search window
     1x: No overlapping alignments found for region 39657351-39658220 even with 10000bp window
     1x: No overlapping alignments found for region 39669803-39679893 even with 10000bp window
     1x: No overlapping alignments found for region 39698018-39703552 even with 10000bp window
     1x: No overlapping alignments found for region 39715585-39727578 even with 10000bp window
     1x: No overlapping alignments found for region 40061106-40072710 even with 10000bp window
     1x: No overlapping alignments found for region 40112297-40141662 even with 10000bp window
     1x: No overlapping alignments found for region 40374368-40397187 even with 10000bp window
     1x: No overlapping alignments found for region 40980530-40997505 even with 10000bp window
     1x: No overlapping alignments found for region 41007612-41037247 even with 10000bp window
     1x: No overlapping alignments found for region 43026850-43060026 even with 10000bp window
     1x: No overlapping alignments found for region 43081432-43093446 even with 10000bp window
     1x: No overlapping alignments found for region 22705052-22777586 even with 10000bp window
     1x: No overlapping alignments found for region 22788334-22851126 even with 10000bp window
     1x: No overlapping alignments found for region 34620643-34646578 even with 10000bp window
     1x: No overlapping alignments found for region 34692610-34704549 even with 10000bp window
     1x: No overlapping alignments found for region 27026340-27045513 even with 10000bp window
     1x: No overlapping alignments found for region 27055706-27068552 even with 10000bp window
     1x: No overlapping alignments found for region 27239122-27240833 even with 10000bp window
     1x: No overlapping alignments found for region 28956854-28973470 even with 10000bp window
     1x: No overlapping alignments found for region 28996452-29010399 even with 10000bp window
     1x: No overlapping alignments found for region 29108778-29140977 even with 10000bp window
     1x: No overlapping alignments found for region 29299008-29318423 even with 10000bp window
     1x: No overlapping alignments found for region 30179249-30187960 even with 10000bp window
     1x: No overlapping alignments found for region 30264555-30280155 even with 10000bp window
     1x: No overlapping alignments found for region 30512542-30554153 even with 10000bp window
     1x: No overlapping alignments found for region 30819731-30860781 even with 10000bp window
     1x: No overlapping alignments found for region 30876421-30887933 even with 10000bp window
     1x: No overlapping alignments found for region 30922479-30933272 even with 10000bp window
     1x: No overlapping alignments found for region 30975623-30985935 even with 10000bp window
     1x: No overlapping alignments found for region 31009944-31025524 even with 10000bp window
     1x: No overlapping alignments found for region 31089181-31095659 even with 10000bp window
     1x: No overlapping alignments found for region 31249549-31274092 even with 10000bp window
     1x: No overlapping alignments found for region 31297894-31343738 even with 10000bp window
     1x: No overlapping alignments found for region 31674371-31688662 even with 10000bp window
     1x: Could not map end position 34239805 even with 10000bp search window
     1x: No overlapping alignments found for region 34735238-34742550 even with 10000bp window
     1x: No overlapping alignments found for region 35239983-35240572 even with 10000bp window
     1x: No overlapping alignments found for region 35408431-35409962 even with 10000bp window
     1x: No overlapping alignments found for region 45324289-45359006 even with 10000bp window
     1x: No overlapping alignments found for region 45482834-45491314 even with 10000bp window
     1x: No overlapping alignments found for region 45508387-45522673 even with 10000bp window
     1x: No overlapping alignments found for region 50208550-50229948 even with 10000bp window
     1x: No overlapping alignments found for region 51265264-51271616 even with 10000bp window
     1x: No overlapping alignments found for region 55388761-55405990 even with 10000bp window
     1x: No overlapping alignments found for region 55892916-55893145 even with 10000bp window
     1x: No overlapping alignments found for region 60611753-60614691 even with 10000bp window
     1x: No overlapping alignments found for region 60890204-60911581 even with 10000bp window
     1x: No overlapping alignments found for region 92483961-92514750 even with 10000bp window
     1x: No overlapping alignments found for region 93658190-93722424 even with 10000bp window
     1x: No overlapping alignments found for region 93815468-93830382 even with 10000bp window
     1x: No overlapping alignments found for region 93863008-93866786 even with 10000bp window
     1x: No overlapping alignments found for region 93989840-94001043 even with 10000bp window
     1x: Could not map start position 15688910 even with 10000bp search window
     1x: No overlapping alignments found for region 98387533-98411198 even with 10000bp window
     1x: No overlapping alignments found for region 98596005-98611905 even with 10000bp window
     1x: No overlapping alignments found for region 101049618-101064633 even with 10000bp window
     1x: No overlapping alignments found for region 101236730-101243877 even with 10000bp window
     1x: No overlapping alignments found for region 59660121-59664806 even with 10000bp window
     1x: No overlapping alignments found for region 60852492-60878266 even with 10000bp window
     1x: No overlapping alignments found for region 61204749-61219790 even with 10000bp window
     1x: No overlapping alignments found for region 61806545-61812759 even with 10000bp window
     1x: No overlapping alignments found for region 62016617-62021836 even with 10000bp window
     1x: No overlapping alignments found for region 437809-445393 even with 10000bp window
     1x: Could not map start position 2967986 even with 10000bp search window
     1x: Could not map start position 3105326 even with 10000bp search window
     1x: No overlapping alignments found for region 0-355 even with 10000bp window
     1x: No overlapping alignments found for region 21943984-21946667 even with 10000bp window
     1x: No overlapping alignments found for region 24695377-24758829 even with 10000bp window
     1x: No overlapping alignments found for region 24758829-24767031 even with 10000bp window
     1x: No overlapping alignments found for region 24777908-24799896 even with 10000bp window
     1x: Could not map end position 36778305 even with 10000bp search window
     1x: Could not map start position 36778306 even with 10000bp search window
     1x: Could not map end position 43490251 even with 10000bp search window
     1x: Could not map start position 43502431 even with 10000bp search window
     1x: No overlapping alignments found for region 102141994-102154995 even with 10000bp window
     1x: No overlapping alignments found for region 102393100-102399561 even with 10000bp window
     1x: No overlapping alignments found for region 29943281-29954175 even with 10000bp window
     1x: No overlapping alignments found for region 29964712-29973434 even with 10000bp window
     1x: No overlapping alignments found for region 35946706-35954260 even with 10000bp window
     1x: No overlapping alignments found for region 35954260-35966918 even with 10000bp window
     1x: No overlapping alignments found for region 35966918-35979234 even with 10000bp window
     1x: No overlapping alignments found for region 35998931-36010068 even with 10000bp window
     1x: No overlapping alignments found for region 36069240-36137331 even with 10000bp window
     1x: No overlapping alignments found for region 36199591-36216023 even with 10000bp window
     1x: No overlapping alignments found for region 36411255-36419504 even with 10000bp window
     1x: No overlapping alignments found for region 37209900-37279497 even with 10000bp window
     1x: No overlapping alignments found for region 37378713-37403340 even with 10000bp window
     1x: No overlapping alignments found for region 37761307-37785112 even with 10000bp window
     1x: No overlapping alignments found for region 37898697-37908565 even with 10000bp window
     1x: Could not map start position 779455 even with 10000bp search window
     1x: Could not map start position 786868 even with 10000bp search window
     1x: Could not map start position 789604 even with 10000bp search window
     1x: Could not map start position 829048 even with 10000bp search window
     1x: No overlapping alignments found for region 47493727-47510755 even with 10000bp window
     1x: No overlapping alignments found for region 48062903-48080773 even with 10000bp window
     1x: No overlapping alignments found for region 48304959-48333560 even with 10000bp window
     1x: No overlapping alignments found for region 48539887-48552006 even with 10000bp window
     1x: No overlapping alignments found for region 48552015-48573002 even with 10000bp window
     1x: No overlapping alignments found for region 48573189-48591940 even with 10000bp window
     1x: No overlapping alignments found for region 48719831-48754949 even with 10000bp window
     1x: No overlapping alignments found for region 50349350-50360666 even with 10000bp window
     1x: No overlapping alignments found for region 50450313-50492524 even with 10000bp window
     1x: No overlapping alignments found for region 2184079-2192015 even with 10000bp window
     1x: No overlapping alignments found for region 2297874-2315425 even with 10000bp window
     1x: No overlapping alignments found for region 4995598-4997584 even with 10000bp window
     1x: No overlapping alignments found for region 5720776-5747235 even with 10000bp window
     1x: No overlapping alignments found for region 5757873-5780076 even with 10000bp window
     1x: No overlapping alignments found for region 5884867-5944780 even with 10000bp window
     1x: No overlapping alignments found for region 5960907-5962337 even with 10000bp window
     1x: No overlapping alignments found for region 5962337-5999303 even with 10000bp window
     1x: No overlapping alignments found for region 5999303-6030037 even with 10000bp window
     1x: No overlapping alignments found for region 6058600-6073366 even with 10000bp window
     1x: No overlapping alignments found for region 6126794-6151399 even with 10000bp window
     1x: No overlapping alignments found for region 100218219-100314395 even with 10000bp window
     1x: No overlapping alignments found for region 100606497-100623313 even with 10000bp window
     1x: No overlapping alignments found for region 101102480-101122524 even with 10000bp window
     1x: No overlapping alignments found for region 101394534-101409184 even with 10000bp window
     1x: No overlapping alignments found for region 101688945-101710962 even with 10000bp window
     1x: No overlapping alignments found for region 101725737-101739319 even with 10000bp window
     1x: No overlapping alignments found for region 101767348-101774996 even with 10000bp window
     1x: No overlapping alignments found for region 102194666-102207010 even with 10000bp window
     1x: No overlapping alignments found for region 145521765-145521770 even with 10000bp window
     1x: No overlapping alignments found for region 51262867-51275262 even with 10000bp window
     1x: No overlapping alignments found for region 51659425-51681203 even with 10000bp window
     1x: No overlapping alignments found for region 52806223-52816231 even with 10000bp window
     1x: No overlapping alignments found for region 52860829-52884237 even with 10000bp window
     1x: No overlapping alignments found for region 52919348-52983016 even with 10000bp window
     1x: No overlapping alignments found for region 53165818-53195582 even with 10000bp window
     1x: No overlapping alignments found for region 53258403-53266271 even with 10000bp window
     1x: No overlapping alignments found for region 54051673-54068322 even with 10000bp window
     1x: No overlapping alignments found for region 54079362-54087019 even with 10000bp window
     1x: No overlapping alignments found for region 54240432-54245649 even with 10000bp window
     1x: No overlapping alignments found for region 54260125-54279634 even with 10000bp window
     1x: No overlapping alignments found for region 54279634-54288403 even with 10000bp window
     1x: No overlapping alignments found for region 54288403-54297560 even with 10000bp window
     1x: No overlapping alignments found for region 54454983-54480409 even with 10000bp window
     1x: No overlapping alignments found for region 54582082-54598864 even with 10000bp window
     1x: No overlapping alignments found for region 54626571-54631447 even with 10000bp window
     1x: No overlapping alignments found for region 54908687-54928876 even with 10000bp window
     1x: No overlapping alignments found for region 54961718-54970218 even with 10000bp window
     1x: No overlapping alignments found for region 55257578-55268643 even with 10000bp window
     1x: No overlapping alignments found for region 45752419-45758671 even with 10000bp window
     1x: No overlapping alignments found for region 46232101-46236214 even with 10000bp window
     1x: No overlapping alignments found for region 47522165-47531701 even with 10000bp window
     1x: No overlapping alignments found for region 47661664-47662258 even with 10000bp window
     1x: No overlapping alignments found for region 49364144-49405523 even with 10000bp window
     1x: No overlapping alignments found for region 54636084-54657441 even with 10000bp window
     1x: No overlapping alignments found for region 55089523-55115918 even with 10000bp window
     1x: No overlapping alignments found for region 55115918-55118036 even with 10000bp window
     1x: No overlapping alignments found for region 92070186-92095506 even with 10000bp window
     1x: No overlapping alignments found for region 93490816-93502968 even with 10000bp window
     1x: No overlapping alignments found for region 94851932-94861882 even with 10000bp window
     1x: No overlapping alignments found for region 199654045-199655976 even with 10000bp window
     1x: No overlapping alignments found for region 0-640 even with 10000bp window
     1x: No overlapping alignments found for region 111128905-111137422 even with 10000bp window
     1x: No overlapping alignments found for region 111207743-111257744 even with 10000bp window
     1x: No overlapping alignments found for region 111281252-111283682 even with 10000bp window
     1x: No overlapping alignments found for region 111283682-111305968 even with 10000bp window
     1x: No overlapping alignments found for region 111305968-111317508 even with 10000bp window
     1x: No overlapping alignments found for region 111317508-111330344 even with 10000bp window
     1x: No overlapping alignments found for region 111330344-111380139 even with 10000bp window
     1x: No overlapping alignments found for region 112181985-112184254 even with 10000bp window
     1x: Could not map start position 141238770 even with 10000bp search window
     1x: Could not map end position 157104 even with 10000bp search window
     1x: No alignments found for chromosome 'haplotype1-0000032'
     1x: No alignments found for chromosome 'haplotype1-0000034'
     1x: No alignments found for chromosome 'haplotype1-0000039'
     1x: No overlapping alignments found for region 822286-835593 even with 10000bp window
     1x: No overlapping alignments found for region 866727-928864 even with 10000bp window
     1x: No overlapping alignments found for region 35478011-35481666 even with 10000bp window
     1x: No overlapping alignments found for region 35921743-35988951 even with 10000bp window
     1x: No overlapping alignments found for region 36018141-36021421 even with 10000bp window
     1x: No overlapping alignments found for region 36136109-36144820 even with 10000bp window
     1x: No overlapping alignments found for region 36253969-36262991 even with 10000bp window
     1x: No overlapping alignments found for region 36274074-36305116 even with 10000bp window
     1x: No overlapping alignments found for region 36595379-36606249 even with 10000bp window
     1x: No overlapping alignments found for region 36667732-36681061 even with 10000bp window
     1x: No overlapping alignments found for region 36747557-36787976 even with 10000bp window
     1x: No overlapping alignments found for region 0-74 even with 10000bp window
     1x: No overlapping alignments found for region 22549-24400 even with 10000bp window
     1x: No overlapping alignments found for region 139772362-139789493 even with 10000bp window
     1x: No overlapping alignments found for region 47263391-47292959 even with 10000bp window
     1x: No overlapping alignments found for region 48706127-48732394 even with 10000bp window
     1x: No overlapping alignments found for region 257-258 even with 10000bp window
     1x: No overlapping alignments found for region 291-293 even with 10000bp window
     1x: No overlapping alignments found for region 1079-1080 even with 10000bp window
     1x: No overlapping alignments found for region 1242-1245 even with 10000bp window
     1x: No overlapping alignments found for region 1787-1788 even with 10000bp window
     1x: No overlapping alignments found for region 1902-1903 even with 10000bp window
     1x: No overlapping alignments found for region 1927-1928 even with 10000bp window
     1x: No overlapping alignments found for region 1951-1952 even with 10000bp window
     1x: No overlapping alignments found for region 1954-1959 even with 10000bp window
     1x: No overlapping alignments found for region 2031-2032 even with 10000bp window
     1x: No overlapping alignments found for region 2215-2216 even with 10000bp window
     1x: No overlapping alignments found for region 2262-2263 even with 10000bp window
     1x: No overlapping alignments found for region 2302-2303 even with 10000bp window
     1x: No overlapping alignments found for region 2338-2339 even with 10000bp window
     1x: No overlapping alignments found for region 2449-2450 even with 10000bp window
     1x: No overlapping alignments found for region 3074-3075 even with 10000bp window
     1x: No overlapping alignments found for region 3562-3565 even with 10000bp window
     1x: No overlapping alignments found for region 3717-3719 even with 10000bp window
     1x: No overlapping alignments found for region 3959-3960 even with 10000bp window
     1x: No overlapping alignments found for region 4362-4364 even with 10000bp window
     1x: No overlapping alignments found for region 4368-4369 even with 10000bp window
     1x: No overlapping alignments found for region 4460-4461 even with 10000bp window
     1x: No overlapping alignments found for region 5995-5997 even with 10000bp window
     1x: No overlapping alignments found for region 6007-6040 even with 10000bp window
     1x: No overlapping alignments found for region 6188-6189 even with 10000bp window
     1x: No overlapping alignments found for region 6227-6228 even with 10000bp window
     1x: No overlapping alignments found for region 6453-6454 even with 10000bp window
     1x: No overlapping alignments found for region 7545-7546 even with 10000bp window
     1x: No overlapping alignments found for region 7972-7973 even with 10000bp window
     1x: No overlapping alignments found for region 8834-8835 even with 10000bp window
     1x: No overlapping alignments found for region 11037-11038 even with 10000bp window
     1x: No overlapping alignments found for region 11326-11327 even with 10000bp window
     1x: No overlapping alignments found for region 11786-11787 even with 10000bp window
     1x: No overlapping alignments found for region 12464-12465 even with 10000bp window
     1x: No overlapping alignments found for region 13282-13284 even with 10000bp window
     1x: No overlapping alignments found for region 15904-15905 even with 10000bp window
     1x: No overlapping alignments found for region 16476-16477 even with 10000bp window
     1x: No overlapping alignments found for region 17724-17725 even with 10000bp window
     1x: No overlapping alignments found for region 19335-19336 even with 10000bp window
     1x: No overlapping alignments found for region 19346-19347 even with 10000bp window
     1x: No overlapping alignments found for region 19919-19920 even with 10000bp window
     1x: No overlapping alignments found for region 19971-19972 even with 10000bp window
     1x: No overlapping alignments found for region 19977-19978 even with 10000bp window
     1x: No overlapping alignments found for region 20579-20580 even with 10000bp window
     1x: No overlapping alignments found for region 20711-20712 even with 10000bp window
     1x: No overlapping alignments found for region 21123-21124 even with 10000bp window
     1x: No overlapping alignments found for region 21132-21135 even with 10000bp window
     1x: No overlapping alignments found for region 21221-21222 even with 10000bp window
     1x: No overlapping alignments found for region 21896-21897 even with 10000bp window
     1x: No overlapping alignments found for region 22312-22313 even with 10000bp window
     1x: No overlapping alignments found for region 24442-24443 even with 10000bp window
     1x: No overlapping alignments found for region 25400-25401 even with 10000bp window
     1x: No overlapping alignments found for region 25766-25767 even with 10000bp window
     1x: No overlapping alignments found for region 25868-25869 even with 10000bp window
     1x: No overlapping alignments found for region 26726-26727 even with 10000bp window
     1x: No overlapping alignments found for region 28042-28043 even with 10000bp window
     1x: No overlapping alignments found for region 28461-28464 even with 10000bp window
     1x: No overlapping alignments found for region 28498-28499 even with 10000bp window
     1x: No overlapping alignments found for region 28578-28579 even with 10000bp window
     1x: No overlapping alignments found for region 29624-29625 even with 10000bp window
     1x: No overlapping alignments found for region 29627-29628 even with 10000bp window
     1x: No overlapping alignments found for region 30005-30006 even with 10000bp window
     1x: No overlapping alignments found for region 30152-30153 even with 10000bp window
     1x: No overlapping alignments found for region 30287-30288 even with 10000bp window
     1x: No overlapping alignments found for region 31490-31491 even with 10000bp window
     1x: No overlapping alignments found for region 32338-32339 even with 10000bp window
     1x: No overlapping alignments found for region 32393-32396 even with 10000bp window
     1x: No overlapping alignments found for region 33264-33265 even with 10000bp window
     1x: No overlapping alignments found for region 33353-33354 even with 10000bp window
     1x: No overlapping alignments found for region 33974-33975 even with 10000bp window
     1x: No overlapping alignments found for region 35912-35915 even with 10000bp window
     1x: No overlapping alignments found for region 37106-37107 even with 10000bp window
     1x: No overlapping alignments found for region 37204-37205 even with 10000bp window
     1x: No overlapping alignments found for region 37498-37499 even with 10000bp window
     1x: No overlapping alignments found for region 37807-37808 even with 10000bp window
     1x: No overlapping alignments found for region 37813-37814 even with 10000bp window
     1x: No overlapping alignments found for region 37820-37821 even with 10000bp window
     1x: No overlapping alignments found for region 38030-38031 even with 10000bp window
     1x: No overlapping alignments found for region 39174-39175 even with 10000bp window
     1x: No overlapping alignments found for region 39180-39181 even with 10000bp window
     1x: No overlapping alignments found for region 39391-39392 even with 10000bp window
     1x: No overlapping alignments found for region 40000-40001 even with 10000bp window
     1x: No overlapping alignments found for region 41244-41247 even with 10000bp window
     1x: No overlapping alignments found for region 44220-44221 even with 10000bp window
     1x: No overlapping alignments found for region 45010-45011 even with 10000bp window
     1x: No overlapping alignments found for region 46344-46347 even with 10000bp window
     1x: No overlapping alignments found for region 47118-47119 even with 10000bp window
     1x: No overlapping alignments found for region 47731-47732 even with 10000bp window
     1x: No overlapping alignments found for region 47855-47858 even with 10000bp window
     1x: No overlapping alignments found for region 47964-47965 even with 10000bp window
     1x: No overlapping alignments found for region 47970-47971 even with 10000bp window
     1x: No overlapping alignments found for region 48396-48397 even with 10000bp window
     1x: No overlapping alignments found for region 48804-48805 even with 10000bp window
     1x: No overlapping alignments found for region 49742-49745 even with 10000bp window
     1x: No overlapping alignments found for region 50049-50050 even with 10000bp window
     1x: No overlapping alignments found for region 50226-50227 even with 10000bp window
     1x: No overlapping alignments found for region 50610-50611 even with 10000bp window
     1x: No overlapping alignments found for region 50944-50945 even with 10000bp window
     1x: No overlapping alignments found for region 52020-52021 even with 10000bp window
     1x: No overlapping alignments found for region 52700-52701 even with 10000bp window
     1x: No overlapping alignments found for region 55264-55265 even with 10000bp window
     1x: No overlapping alignments found for region 59765-59766 even with 10000bp window
     1x: No overlapping alignments found for region 60440-60441 even with 10000bp window
     1x: No overlapping alignments found for region 62163-62164 even with 10000bp window
     1x: No overlapping alignments found for region 62454-62455 even with 10000bp window
     1x: No overlapping alignments found for region 62505-62506 even with 10000bp window
     1x: No overlapping alignments found for region 63052-63053 even with 10000bp window
     1x: No overlapping alignments found for region 63055-63056 even with 10000bp window
     1x: No overlapping alignments found for region 63364-63365 even with 10000bp window
     1x: No overlapping alignments found for region 64600-64605 even with 10000bp window
     1x: No overlapping alignments found for region 65009-65010 even with 10000bp window
     1x: No overlapping alignments found for region 65183-71217 even with 10000bp window
     1x: No overlapping alignments found for region 65569-65570 even with 10000bp window
     1x: No overlapping alignments found for region 65609-65610 even with 10000bp window
     1x: No overlapping alignments found for region 65613-65614 even with 10000bp window
     1x: No overlapping alignments found for region 65628-65629 even with 10000bp window
     1x: No overlapping alignments found for region 65644-65646 even with 10000bp window
     1x: No overlapping alignments found for region 65983-65984 even with 10000bp window
     1x: No overlapping alignments found for region 66875-66877 even with 10000bp window
     1x: No overlapping alignments found for region 67759-67760 even with 10000bp window
     1x: No overlapping alignments found for region 70901-70902 even with 10000bp window
     1x: No overlapping alignments found for region 70944-70945 even with 10000bp window
     1x: No overlapping alignments found for region 71430-71431 even with 10000bp window
     1x: No overlapping alignments found for region 72533-72534 even with 10000bp window
     1x: No overlapping alignments found for region 72647-72648 even with 10000bp window
     1x: No overlapping alignments found for region 72809-72810 even with 10000bp window
     1x: No overlapping alignments found for region 73254-73255 even with 10000bp window
     1x: No overlapping alignments found for region 73471-73472 even with 10000bp window
     1x: No overlapping alignments found for region 1324992-1359604 even with 10000bp window
     1x: No overlapping alignments found for region 9882082-9887830 even with 10000bp window
     1x: No overlapping alignments found for region 0-357 even with 10000bp window
     1x: No overlapping alignments found for region 6172-6661 even with 10000bp window
     1x: No overlapping alignments found for region 1782562-1785915 even with 10000bp window
     1x: Could not map start position 16180468 even with 10000bp search window
     1x: No overlapping alignments found for region 122505376-122510568 even with 10000bp window
     1x: No overlapping alignments found for region 123051412-123062802 even with 10000bp window
     1x: No overlapping alignments found for region 123196569-123198365 even with 10000bp window
     1x: No overlapping alignments found for region 125400146-125401116 even with 10000bp window
     1x: No overlapping alignments found for region 127606323-127639030 even with 10000bp window
     1x: Could not map start position 129736119 even with 10000bp search window
     1x: No overlapping alignments found for region 130649183-130650924 even with 10000bp window
     1x: No overlapping alignments found for region 133863563-133870236 even with 10000bp window
     1x: No overlapping alignments found for region 40299370-40312888 even with 10000bp window
     1x: No overlapping alignments found for region 40441064-40452701 even with 10000bp window
     1x: No overlapping alignments found for region 40559848-40578696 even with 10000bp window
     1x: No overlapping alignments found for region 40606466-40635394 even with 10000bp window
     1x: No overlapping alignments found for region 40635394-40642105 even with 10000bp window
     1x: No overlapping alignments found for region 40642105-40648551 even with 10000bp window
     1x: No overlapping alignments found for region 40673794-40682491 even with 10000bp window
     1x: No overlapping alignments found for region 41378833-41388722 even with 10000bp window
     1x: No overlapping alignments found for region 41412093-41436316 even with 10000bp window
     1x: No overlapping alignments found for region 41494454-41505579 even with 10000bp window
     1x: No overlapping alignments found for region 41518138-41585005 even with 10000bp window
     1x: No overlapping alignments found for region 41595185-41608107 even with 10000bp window
     1x: No overlapping alignments found for region 41624109-41635321 even with 10000bp window
     1x: No overlapping alignments found for region 31795801-31815771 even with 10000bp window
     1x: No overlapping alignments found for region 31892438-31908997 even with 10000bp window
     1x: No overlapping alignments found for region 32239356-32255401 even with 10000bp window
     1x: No overlapping alignments found for region 1369854-1384992 even with 10000bp window
     1x: No overlapping alignments found for region 17723566-17755771 even with 10000bp window
     1x: No overlapping alignments found for region 17810707-17817123 even with 10000bp window
     1x: No overlapping alignments found for region 18046757-18061864 even with 10000bp window
     1x: No overlapping alignments found for region 18229083-18231776 even with 10000bp window
     1x: No overlapping alignments found for region 18727827-18732947 even with 10000bp window
     1x: No overlapping alignments found for region 18938649-18944251 even with 10000bp window
     1x: No overlapping alignments found for region 19067619-19086298 even with 10000bp window
     1x: No overlapping alignments found for region 86672471-86681739 even with 10000bp window
     1x: No overlapping alignments found for region 86837640-86902207 even with 10000bp window
     1x: No overlapping alignments found for region 87093415-87103089 even with 10000bp window
     1x: No overlapping alignments found for region 87274957-87309673 even with 10000bp window
     1x: No overlapping alignments found for region 87342670-87422378 even with 10000bp window
     1x: No overlapping alignments found for region 87699582-87725319 even with 10000bp window
     1x: No overlapping alignments found for region 87944422-87954335 even with 10000bp window
     1x: No overlapping alignments found for region 89191917-89205170 even with 10000bp window
     1x: No overlapping alignments found for region 93029012-93051589 even with 10000bp window
     1x: No overlapping alignments found for region 92607628-92618645 even with 10000bp window
     1x: No overlapping alignments found for region 92628887-92646857 even with 10000bp window
     1x: No overlapping alignments found for region 92901102-92953101 even with 10000bp window
     1x: No overlapping alignments found for region 85723882-85741942 even with 10000bp window
     1x: No overlapping alignments found for region 88691677-88699969 even with 10000bp window
     1x: No overlapping alignments found for region 89365794-89384660 even with 10000bp window
     1x: No overlapping alignments found for region 61116105-61126035 even with 10000bp window
     1x: No overlapping alignments found for region 61147891-61161736 even with 10000bp window
     1x: No overlapping alignments found for region 61161736-61204235 even with 10000bp window
     1x: No overlapping alignments found for region 61204235-61231431 even with 10000bp window
     1x: Could not map end position 114505040 even with 10000bp search window
     1x: Could not map end position 114590041 even with 10000bp search window
     1x: Could not map start position 114590042 even with 10000bp search window
     1x: Could not map start position 114623776 even with 10000bp search window
     1x: No overlapping alignments found for region 18-29 even with 10000bp window
     1x: No overlapping alignments found for region 24777715-24793015 even with 10000bp window
     1x: No overlapping alignments found for region 25510528-25530063 even with 10000bp window
     1x: No overlapping alignments found for region 25645516-25679864 even with 10000bp window
     1x: No overlapping alignments found for region 25699298-25706691 even with 10000bp window
     1x: No overlapping alignments found for region 25723995-25784332 even with 10000bp window
     1x: No overlapping alignments found for region 25784332-25854807 even with 10000bp window
     1x: No overlapping alignments found for region 25854807-25885609 even with 10000bp window
     1x: No overlapping alignments found for region 25912558-25924722 even with 10000bp window
     1x: No overlapping alignments found for region 25955657-25971907 even with 10000bp window
     1x: No overlapping alignments found for region 25985260-26017841 even with 10000bp window
     1x: No overlapping alignments found for region 26129759-26149912 even with 10000bp window
     1x: No overlapping alignments found for region 26164500-26206192 even with 10000bp window
     1x: No overlapping alignments found for region 26206192-26229374 even with 10000bp window
     1x: No overlapping alignments found for region 26229374-26252398 even with 10000bp window
     1x: No overlapping alignments found for region 26262560-26275184 even with 10000bp window
     1x: No overlapping alignments found for region 26299419-26322501 even with 10000bp window
     1x: No overlapping alignments found for region 27134854-27141698 even with 10000bp window
     1x: Could not map start position 43886514 even with 10000bp search window
     1x: No overlapping alignments found for region 83928605-83929861 even with 10000bp window
     1x: No overlapping alignments found for region 83934004-83934009 even with 10000bp window
     1x: No overlapping alignments found for region 83934227-83934238 even with 10000bp window
     1x: No overlapping alignments found for region 99697094-99713003 even with 10000bp window
     1x: No overlapping alignments found for region 7555263-7568322 even with 10000bp window
     1x: No overlapping alignments found for region 7802249-7816162 even with 10000bp window
     1x: No overlapping alignments found for region 8622582-8627185 even with 10000bp window
     1x: No overlapping alignments found for region 788591-794482 even with 10000bp window
     1x: No overlapping alignments found for region 34763807-34782450 even with 10000bp window
     1x: No overlapping alignments found for region 38352147-38375695 even with 10000bp window
     1x: No overlapping alignments found for region 38386822-38402385 even with 10000bp window
     1x: No overlapping alignments found for region 38591053-38597659 even with 10000bp window
     1x: No overlapping alignments found for region 36934410-36968637 even with 10000bp window
     1x: No overlapping alignments found for region 36968637-36984481 even with 10000bp window
     1x: No overlapping alignments found for region 37000795-37068443 even with 10000bp window
     1x: No overlapping alignments found for region 37083196-37088792 even with 10000bp window
     1x: No overlapping alignments found for region 37546054-37564179 even with 10000bp window
     1x: No overlapping alignments found for region 37681084-37711468 even with 10000bp window
     1x: No overlapping alignments found for region 37892387-37926218 even with 10000bp window
     1x: No overlapping alignments found for region 37967853-37978181 even with 10000bp window
     1x: No overlapping alignments found for region 38199984-38235701 even with 10000bp window
     1x: No overlapping alignments found for region 40185776-40219049 even with 10000bp window
     1x: No overlapping alignments found for region 40309330-40312041 even with 10000bp window
     1x: No overlapping alignments found for region 40355589-40364656 even with 10000bp window
     1x: No overlapping alignments found for region 100681099-100686359 even with 10000bp window
     1x: No overlapping alignments found for region 100795735-100807638 even with 10000bp window
     1x: No overlapping alignments found for region 100920649-100942265 even with 10000bp window
     1x: No overlapping alignments found for region 100955885-100975435 even with 10000bp window
     1x: No overlapping alignments found for region 100986172-100999295 even with 10000bp window
     1x: No overlapping alignments found for region 101011224-101019576 even with 10000bp window
     1x: No overlapping alignments found for region 101034054-101050053 even with 10000bp window
     1x: No overlapping alignments found for region 101755680-101769945 even with 10000bp window
     1x: No overlapping alignments found for region 101925766-101936452 even with 10000bp window
     1x: No overlapping alignments found for region 0-3965 even with 10000bp window
     1x: No overlapping alignments found for region 393335-408950 even with 10000bp window
     1x: No overlapping alignments found for region 51379662-51422985 even with 10000bp window
     1x: No overlapping alignments found for region 52094435-52103061 even with 10000bp window
     1x: No overlapping alignments found for region 54056635-54063448 even with 10000bp window
     1x: No overlapping alignments found for region 54868931-54871393 even with 10000bp window
     1x: No overlapping alignments found for region 55150419-55173658 even with 10000bp window
     1x: No overlapping alignments found for region 56238882-56251551 even with 10000bp window
     1x: No overlapping alignments found for region 56264510-56275127 even with 10000bp window
     1x: No overlapping alignments found for region 56591388-56613561 even with 10000bp window
     1x: No overlapping alignments found for region 44888993-44892715 even with 10000bp window
     1x: No overlapping alignments found for region 46628130-46637258 even with 10000bp window
     1x: No overlapping alignments found for region 47393450-47444947 even with 10000bp window
     1x: No overlapping alignments found for region 47444947-47453393 even with 10000bp window
     1x: No overlapping alignments found for region 47453393-47458904 even with 10000bp window
     1x: No overlapping alignments found for region 47531901-47534304 even with 10000bp window
     1x: No overlapping alignments found for region 47577214-47600067 even with 10000bp window
     1x: No overlapping alignments found for region 49887680-49897147 even with 10000bp window
     1x: No overlapping alignments found for region 54483061-54511336 even with 10000bp window
     1x: No overlapping alignments found for region 54511336-54522394 even with 10000bp window
     1x: No overlapping alignments found for region 55191510-55230101 even with 10000bp window
     1x: No overlapping alignments found for region 110182623-110202768 even with 10000bp window
     1x: No overlapping alignments found for region 110218692-110241479 even with 10000bp window
     1x: No overlapping alignments found for region 110244370-110262813 even with 10000bp window
     1x: No overlapping alignments found for region 110981306-110990504 even with 10000bp window
     1x: No overlapping alignments found for region 111159579-111185151 even with 10000bp window
     1x: No overlapping alignments found for region 111244243-111295198 even with 10000bp window
     1x: No overlapping alignments found for region 111395062-111498754 even with 10000bp window
     1x: No overlapping alignments found for region 111498754-111565078 even with 10000bp window
     1x: No overlapping alignments found for region 111565078-111566002 even with 10000bp window
     1x: No overlapping alignments found for region 111594541-111866984 even with 10000bp window
     1x: No overlapping alignments found for region 111877464-111887201 even with 10000bp window
     1x: No overlapping alignments found for region 112892531-112927057 even with 10000bp window
     1x: No overlapping alignments found for region 112937567-112973101 even with 10000bp window
     1x: No overlapping alignments found for region 113586576-113621405 even with 10000bp window
     1x: No overlapping alignments found for region 113621405-113638197 even with 10000bp window
     1x: No overlapping alignments found for region 113810537-113823876 even with 10000bp window
     1x: No overlapping alignments found for region 113997265-114005284 even with 10000bp window
     1x: No overlapping alignments found for region 114017585-114028420 even with 10000bp window
     1x: No overlapping alignments found for region 115068923-115073078 even with 10000bp window
     1x: No overlapping alignments found for region 115200718-115207921 even with 10000bp window
     1x: No overlapping alignments found for region 115367337-115456920 even with 10000bp window
     1x: No overlapping alignments found for region 105470-111842 even with 10000bp window
     1x: No overlapping alignments found for region 32293-117046 even with 10000bp window
     1x: No overlapping alignments found for region 117046-152342 even with 10000bp window
     1x: No overlapping alignments found for region 152342-162784 even with 10000bp window
     1x: No overlapping alignments found for region 162784-218349 even with 10000bp window
     1x: No overlapping alignments found for region 941515-941545 even with 10000bp window
     1x: No alignments found for chromosome 'haplotype2-0000074'
     1x: No alignments found for chromosome 'haplotype2-0000076'
     1x: No overlapping alignments found for region 856947-861004 even with 10000bp window
     1x: No overlapping alignments found for region 1712-1713 even with 10000bp window
     1x: No overlapping alignments found for region 113858-130930 even with 10000bp window
     1x: No alignments found for chromosome 'haplotype2-0000083'
     1x: No alignments found for chromosome 'haplotype2-0000087'
     1x: No alignments found for chromosome 'haplotype2-0000089'
     1x: No overlapping alignments found for region 0-24759 even with 10000bp window
     1x: No overlapping alignments found for region 27039-48946 even with 10000bp window
     1x: No overlapping alignments found for region 69500-84787 even with 10000bp window
     1x: No alignments found for chromosome 'haplotype2-0000094'
     1x: No alignments found for chromosome 'haplotype2-0000095'
     1x: No overlapping alignments found for region 133534-151539 even with 10000bp window
     1x: No alignments found for chromosome 'haplotype2-0000099'
     1x: No overlapping alignments found for region 92747-165635 even with 10000bp window
     1x: No overlapping alignments found for region 0-2694 even with 10000bp window
     1x: No alignments found for chromosome 'unassigned-0000115'
     1x: No alignments found for chromosome 'unassigned-0000117'
     1x: No alignments found for chromosome 'unassigned-0000125'
     1x: No alignments found for chromosome 'unassigned-0000126'
     1x: No alignments found for chromosome 'unassigned-0000127'
     1x: No alignments found for chromosome 'unassigned-0000129'
     1x: No alignments found for chromosome 'unassigned-0000131'
     1x: No alignments found for chromosome 'unassigned-0000143'
     1x: No alignments found for chromosome 'unassigned-0000144'
     1x: No overlapping alignments found for region 112985-128976 even with 10000bp window
     1x: No overlapping alignments found for region 128976-156729 even with 10000bp window
     1x: No alignments found for chromosome 'unassigned-0000148'
     1x: No alignments found for chromosome 'unassigned-0000153'
     1x: No alignments found for chromosome 'unassigned-0000154'
     1x: No overlapping alignments found for region 132119-133097 even with 10000bp window
     1x: No overlapping alignments found for region 169326-169327 even with 10000bp window
     1x: No overlapping alignments found for region 179227-185261 even with 10000bp window
     1x: No alignments found for chromosome 'unassigned-0000157'
     1x: No overlapping alignments found for region 90234-90235 even with 10000bp window
     1x: No alignments found for chromosome 'unassigned-0000166'
     1x: No alignments found for chromosome 'unassigned-0000167'
     1x: No alignments found for chromosome 'unassigned-0000169'
     1x: No alignments found for chromosome 'unassigned-0000170'
     1x: No alignments found for chromosome 'unassigned-0000173'
     1x: No overlapping alignments found for region 0-5403 even with 10000bp window
     1x: No overlapping alignments found for region 7696-7697 even with 10000bp window
     1x: No overlapping alignments found for region 34311-46221 even with 10000bp window
     1x: No alignments found for chromosome 'unassigned-0000213'
     1x: No overlapping alignments found for region 0-4 even with 10000bp window
     1x: No overlapping alignments found for region 531-532 even with 10000bp window
     1x: No overlapping alignments found for region 4099-5317 even with 10000bp window
     1x: No overlapping alignments found for region 71657-71660 even with 10000bp window
     1x: No overlapping alignments found for region 72860-72861 even with 10000bp window
     1x: No overlapping alignments found for region 72867-72869 even with 10000bp window
     1x: No overlapping alignments found for region 73685-73689 even with 10000bp window
     1x: No overlapping alignments found for region 73692-73693 even with 10000bp window
     1x: No overlapping alignments found for region 74194-74195 even with 10000bp window
     1x: No overlapping alignments found for region 74199-74202 even with 10000bp window
     1x: No overlapping alignments found for region 74588-74591 even with 10000bp window
     1x: No overlapping alignments found for region 81326-81328 even with 10000bp window
     1x: No overlapping alignments found for region 83274-83276 even with 10000bp window
     1x: No overlapping alignments found for region 86156-86157 even with 10000bp window
     1x: No overlapping alignments found for region 86830-86831 even with 10000bp window
     1x: No overlapping alignments found for region 89867-89873 even with 10000bp window
     1x: No overlapping alignments found for region 90635-90636 even with 10000bp window
     1x: No overlapping alignments found for region 91000-91001 even with 10000bp window
     1x: No overlapping alignments found for region 91005-91006 even with 10000bp window
     1x: No overlapping alignments found for region 92568-92569 even with 10000bp window
     1x: No overlapping alignments found for region 92570-92571 even with 10000bp window
     1x: No overlapping alignments found for region 97803-97804 even with 10000bp window
     1x: No overlapping alignments found for region 99136-99137 even with 10000bp window
     1x: No overlapping alignments found for region 100432-100433 even with 10000bp window
     1x: No overlapping alignments found for region 101155-101165 even with 10000bp window
     1x: No overlapping alignments found for region 101340-101345 even with 10000bp window
     1x: No overlapping alignments found for region 106564-106565 even with 10000bp window
     1x: No overlapping alignments found for region 116462-125580 even with 10000bp window
     1x: No overlapping alignments found for region 1485-1486 even with 10000bp window
     1x: No overlapping alignments found for region 34832-35111 even with 10000bp window
     1x: No overlapping alignments found for region 79671-80757 even with 10000bp window
     1x: No alignments found for chromosome 'unassigned-0000238'
     1x: No alignments found for chromosome 'unassigned-0000241'
     1x: No alignments found for chromosome 'unassigned-0000243'
     1x: No alignments found for chromosome 'unassigned-0000256'
     1x: No alignments found for chromosome 'unassigned-0000257'
     1x: No alignments found for chromosome 'unassigned-0000269'
     1x: No overlapping alignments found for region 0-99 even with 10000bp window
     1x: No alignments found for chromosome 'unassigned-0000294'
     1x: No alignments found for chromosome 'unassigned-0000295'
     1x: No alignments found for chromosome 'unassigned-0000302'
     1x: No alignments found for chromosome 'unassigned-0000307'
     1x: No alignments found for chromosome 'unassigned-0000313'
     1x: No overlapping alignments found for region 0-1839 even with 10000bp window
     1x: No alignments found for chromosome 'unassigned-0000316'
     1x: No alignments found for chromosome 'unassigned-0000317'
     1x: No alignments found for chromosome 'unassigned-0000319'
     1x: No alignments found for chromosome 'unassigned-0000325'
     1x: No alignments found for chromosome 'unassigned-0000329'
     1x: No alignments found for chromosome 'unassigned-0000330'
     1x: No overlapping alignments found for region 3477-10229 even with 10000bp window
     1x: No overlapping alignments found for region 32029-57218 even with 10000bp window
     1x: No overlapping alignments found for region 15268-45126 even with 10000bp window
     1x: No overlapping alignments found for region 45126-66445 even with 10000bp window
     1x: No overlapping alignments found for region 66445-70206 even with 10000bp window
     1x: No alignments found for chromosome 'unassigned-0000341'
     1x: No overlapping alignments found for region 4954-4955 even with 10000bp window
     1x: No overlapping alignments found for region 5005-5006 even with 10000bp window
     1x: No overlapping alignments found for region 7089-7090 even with 10000bp window
     1x: No overlapping alignments found for region 261011-270351 even with 10000bp window
     1x: No alignments found for chromosome 'unassigned-0000354'
     1x: No alignments found for chromosome 'unassigned-0000361'
     1x: No alignments found for chromosome 'unassigned-0000365'
     1x: No alignments found for chromosome 'unassigned-0000369'
     1x: No alignments found for chromosome 'unassigned-0000374'
     1x: No alignments found for chromosome 'unassigned-0000375'
     1x: No alignments found for chromosome 'unassigned-0000386'
     1x: No overlapping alignments found for region 8040-18240 even with 10000bp window
     1x: No alignments found for chromosome 'unassigned-0000391'
     1x: No alignments found for chromosome 'unassigned-0000397'
     1x: No alignments found for chromosome 'unassigned-0000398'
     1x: No alignments found for chromosome 'unassigned-0000401'
     1x: No overlapping alignments found for region 94281-94282 even with 10000bp window
     1x: No overlapping alignments found for region 98726-124208 even with 10000bp window
     1x: No alignments found for chromosome 'unassigned-0000414'
     1x: No alignments found for chromosome 'unassigned-0000415'
     1x: No alignments found for chromosome 'unassigned-0000417'
     1x: No alignments found for chromosome 'unassigned-0000418'
     1x: No alignments found for chromosome 'unassigned-0000428'
     1x: Could not map end position 50814 even with 10000bp search window
     1x: No alignments found for chromosome 'unassigned-0000440'
     1x: No overlapping alignments found for region 356-359 even with 10000bp window
     1x: No overlapping alignments found for region 11090-11092 even with 10000bp window
     1x: No overlapping alignments found for region 22489-22490 even with 10000bp window
     1x: No overlapping alignments found for region 24106-24107 even with 10000bp window
     1x: No overlapping alignments found for region 26906-26907 even with 10000bp window
     1x: No overlapping alignments found for region 26948-26949 even with 10000bp window
     1x: No overlapping alignments found for region 27874-27875 even with 10000bp window
     1x: No alignments found for chromosome 'unassigned-0000449'
     1x: No alignments found for chromosome 'unassigned-0000451'
     1x: No alignments found for chromosome 'unassigned-0000453'
     1x: No alignments found for chromosome 'unassigned-0000454'
     1x: No alignments found for chromosome 'unassigned-0000456'
     1x: No overlapping alignments found for region 0-29 even with 10000bp window
     1x: No alignments found for chromosome 'unassigned-0000459'
     1x: No overlapping alignments found for region 17547-26276 even with 10000bp window
     1x: No alignments found for chromosome 'unassigned-0000462'
     1x: No alignments found for chromosome 'unassigned-0000469'
     1x: No alignments found for chromosome 'unassigned-0000472'
     1x: No alignments found for chromosome 'unassigned-0000474'
     1x: No alignments found for chromosome 'unassigned-0000475'
     1x: No alignments found for chromosome 'unassigned-0000477'
     1x: No alignments found for chromosome 'unassigned-0000479'
     1x: No alignments found for chromosome 'unassigned-0000481'
     1x: No alignments found for chromosome 'unassigned-0000482'
     1x: No alignments found for chromosome 'unassigned-0000484'
     1x: No alignments found for chromosome 'unassigned-0000487'
     1x: No alignments found for chromosome 'unassigned-0000494'
     1x: No alignments found for chromosome 'unassigned-0000497'
     1x: No alignments found for chromosome 'unassigned-0000500'
     1x: No alignments found for chromosome 'unassigned-0000503'
     1x: No alignments found for chromosome 'unassigned-0000505'
     1x: No alignments found for chromosome 'unassigned-0000521'
     1x: No alignments found for chromosome 'unassigned-0000527'
     1x: No alignments found for chromosome 'unassigned-0000529'
     1x: No alignments found for chromosome 'unassigned-0000530'
     1x: No alignments found for chromosome 'unassigned-0000540'
     1x: No alignments found for chromosome 'unassigned-0000543'
     1x: No alignments found for chromosome 'unassigned-0000545'
     1x: No alignments found for chromosome 'unassigned-0000549'
     1x: No alignments found for chromosome 'unassigned-0000551'
     1x: No alignments found for chromosome 'unassigned-0000553'
     1x: No alignments found for chromosome 'unassigned-0000569'
     1x: No alignments found for chromosome 'unassigned-0000571'
     1x: No alignments found for chromosome 'unassigned-0000572'
     1x: No alignments found for chromosome 'unassigned-0000575'
     1x: No alignments found for chromosome 'unassigned-0000578'
     1x: No alignments found for chromosome 'unassigned-0000583'
     1x: No alignments found for chromosome 'unassigned-0000588'
     1x: No alignments found for chromosome 'unassigned-0000595'
     1x: No alignments found for chromosome 'unassigned-0000601'
     1x: No alignments found for chromosome 'unassigned-0000603'
     1x: No alignments found for chromosome 'unassigned-0000606'
     1x: No alignments found for chromosome 'unassigned-0000607'
     1x: No alignments found for chromosome 'unassigned-0000614'
     1x: No alignments found for chromosome 'unassigned-0000615'
     1x: No alignments found for chromosome 'unassigned-0000616'
     1x: No alignments found for chromosome 'unassigned-0000619'
     1x: No alignments found for chromosome 'unassigned-0000630'
     1x: No alignments found for chromosome 'unassigned-0000631'
     1x: No alignments found for chromosome 'unassigned-0000638'
     1x: No alignments found for chromosome 'unassigned-0000644'
     1x: No alignments found for chromosome 'unassigned-0000645'
     1x: No alignments found for chromosome 'unassigned-0000649'
     1x: No alignments found for chromosome 'unassigned-0000655'
     1x: No alignments found for chromosome 'unassigned-0000661'
     1x: No alignments found for chromosome 'unassigned-0000664'
     1x: No alignments found for chromosome 'unassigned-0000667'
     1x: No alignments found for chromosome 'unassigned-0000673'
     1x: No alignments found for chromosome 'unassigned-0000674'
     1x: No alignments found for chromosome 'unassigned-0000675'
     1x: No alignments found for chromosome 'unassigned-0000676'
     1x: No alignments found for chromosome 'unassigned-0000677'
     1x: No alignments found for chromosome 'unassigned-0000686'
     1x: No alignments found for chromosome 'unassigned-0000690'
     1x: No alignments found for chromosome 'unassigned-0000694'
     1x: No alignments found for chromosome 'unassigned-0000699'
     1x: No alignments found for chromosome 'unassigned-0000702'
     1x: No alignments found for chromosome 'unassigned-0000707'
     1x: No alignments found for chromosome 'unassigned-0000713'
     1x: No alignments found for chromosome 'unassigned-0000718'
Original regions: 9461
Lifted regions: 6974
Unmapped regions: 4974
Success rate: 58.00%
