nucflag/COLLAPSE: 4 regions, 131,531 bp
  satellite: 1 regions, 88,795 bp (67.51%)
  other_repeat: 81 regions, 24,775 bp (18.84%)
  non_repetitive: 80 regions, 17,961 bp (13.66%)
nucflag/COLLAPSE_OTHER: 431 regions, 8,077,043 bp
  satellite: 792 regions, 1,597,025 bp (19.77%)
  other_repeat: 11436 regions, 3,984,149 bp (49.33%)
  non_repetitive: 11838 regions, 2,495,869 bp (30.9%)
nucflag/COLLAPSE_VAR: 7 regions, 75,438 bp
  satellite: 1 regions, 207 bp (0.27%)
  other_repeat: 87 regions, 37,120 bp (49.21%)
  non_repetitive: 87 regions, 38,111 bp (50.52%)
nucflag/HET: 2093 regions, 32,755,250 bp
  satellite: 1341 regions, 6,099,094 bp (18.62%)
  other_repeat: 41648 regions, 14,231,833 bp (43.45%)
  non_repetitive: 41719 regions, 12,424,323 bp (37.93%)
nucflag/MISJOIN: 2717 regions, 23,665,087 bp
  satellite: 2777 regions, 3,488,342 bp (14.74%)
  other_repeat: 34765 regions, 10,498,849 bp (44.36%)
  non_repetitive: 32169 regions, 9,677,896 bp (40.9%)
flagger/Col: 1314 regions, 82,596,000 bp
  satellite: 5137 regions, 19,512,924 bp (23.62%)
  other_repeat: 86391 regions, 32,312,671 bp (39.12%)
  non_repetitive: 81956 regions, 30,770,405 bp (37.25%)
flagger/Dup: 948 regions, 50,154,566 bp
  satellite: 1828 regions, 2,983,901 bp (5.95%)
  other_repeat: 72917 regions, 24,385,831 bp (48.62%)
  non_repetitive: 71614 regions, 22,784,834 bp (45.43%)
flagger/Err: 1183 regions, 63,341,933 bp
  satellite: 4332 regions, 6,625,220 bp (10.46%)
  other_repeat: 97850 regions, 31,757,864 bp (50.14%)
  non_repetitive: 98484 regions, 24,958,849 bp (39.4%)
flagger/Hap: 2270 regions, 5,842,199,251 bp
  satellite: 67079 regions, 275,946,622 bp (4.72%)
  other_repeat: 7754149 regions, 2,820,956,450 bp (48.29%)
  non_repetitive: 7747342 regions, 2,745,296,179 bp (46.99%)
Done.
