Loading PAF alignments from assembly/qc/phased_verkko/T2T04/both.mapped_T2T.paf
PAF alignment filtering stats:
  Total alignments: 58050
  Filtered (low MAPQ < 5): 34823
  Filtered (short length < 50000): 19237
  Passed filters: 3990
Found alignments for 241 query sequences
Using search window: 10000bp for unmappable positions
Using alignment window: 10000bp for distant regions
Strategy: Select single best alignment per region

Processing BED entry 2: haplotype1-0000001:0-4000 (Dup)
    Best alignment: processing overlap 7966-11966 (windowed)
      BED region: 0-4000
      Alignment: 7966-199425 -> 242499130-242694021
      Alignment length: 195946, MAPQ: 60
    Exact mapping: 7966 -> 242499175
    Exact mapping: 11965 -> 242502550
      SUCCESS: 7966-11966 -> 242499175-242502551

Processing BED entry 3: haplotype1-0000001:4000-5872000 (Hap)
    Best alignment: processing overlap 2127685-4746755
      BED region: 4000-5872000
      Alignment: 2127685-4746755 -> 237955925-240565715
      Alignment length: 2625929, MAPQ: 60
    Exact mapping: 2127685 -> 237955952
    Exact mapping: 4746754 -> 240564322
      SUCCESS: 2127685-4746755 -> 237955952-240564323

Processing BED entry 4: haplotype1-0000001:5872000-6028000 (Dup)
    Best alignment: processing overlap 5872000-6028000
      BED region: 5872000-6028000
      Alignment: 4746799-7670864 -> 235031266-237955856
      Alignment length: 2928944, MAPQ: 60
    Exact mapping: 5872000 -> 236152565
    Exact mapping: 6027999 -> 236319783
      SUCCESS: 5872000-6028000 -> 236152565-236319784

Processing BED entry 5: haplotype1-0000001:6028000-15016000 (Hap)
    Best alignment: processing overlap 12098512-15014057
      BED region: 6028000-15016000
      Alignment: 12098512-15014057 -> 227686042-230601860
      Alignment length: 2917689, MAPQ: 60
    Exact mapping: 12098512 -> 227686062
    Exact mapping: 15014056 -> 230601604
      SUCCESS: 12098512-15014057 -> 227686062-230601605

Processing BED entry 6: haplotype1-0000001:15016000-15052000 (Col)
    Best alignment: processing overlap 15016000-15052000
      BED region: 15016000-15052000
      Alignment: 15014860-17036939 -> 225663815-227685531
      Alignment length: 2022694, MAPQ: 60
    Exact mapping: 15016000 -> 225664459
    Exact mapping: 15051999 -> 225719538
      SUCCESS: 15016000-15052000 -> 225664459-225719539

Processing BED entry 7: haplotype1-0000001:15052000-17076000 (Hap)
    Best alignment: processing overlap 15052000-17036939
      BED region: 15052000-17076000
      Alignment: 15014860-17036939 -> 225663815-227685531
      Alignment length: 2022694, MAPQ: 60
    Exact mapping: 15052000 -> 225719537
    Exact mapping: 17036938 -> 227679760
      SUCCESS: 15052000-17036939 -> 225719537-227679761

Processing BED entry 8: haplotype1-0000001:17076000-17112000 (Dup)
    Best alignment: processing overlap 17076000-17112000
      BED region: 17076000-17112000
      Alignment: 17037147-17789189 -> 224911522-225663549
      Alignment length: 752690, MAPQ: 60
    Exact mapping: 17076000 -> 224948500
    Exact mapping: 17111999 -> 224983912
      SUCCESS: 17076000-17112000 -> 224948500-224983913

Processing BED entry 9: haplotype1-0000001:17112000-17328000 (Hap)
    Best alignment: processing overlap 17112000-17328000
      BED region: 17112000-17328000
      Alignment: 17037147-17789189 -> 224911522-225663549
      Alignment length: 752690, MAPQ: 60
    Exact mapping: 17112000 -> 224983911
    Exact mapping: 17327999 -> 225202993
      SUCCESS: 17112000-17328000 -> 224983911-225202994

Processing BED entry 10: haplotype1-0000001:17328000-17360000 (Col)
    Best alignment: processing overlap 17328000-17360000
      BED region: 17328000-17360000
      Alignment: 17037147-17789189 -> 224911522-225663549
      Alignment length: 752690, MAPQ: 60
    Exact mapping: 17328000 -> 225202992
    Exact mapping: 17359999 -> 225237505
      SUCCESS: 17328000-17360000 -> 225202992-225237506

SUMMARY:
Successfully lifted 4563 regions
  - Direct overlaps: 4509
  - Using alignment window: 54
Failed to lift 1143 regions
Success rate: 80.0%

Failure reasons:
     6x: No alignments found for chromosome 'haplotype1-0000042'
     6x: No alignments found for chromosome 'haplotype1-0000053'
     6x: No alignments found for chromosome 'haplotype1-0000064'
     6x: No alignments found for chromosome 'unassigned-0000792'
     6x: No alignments found for chromosome 'unassigned-0000842'
     5x: No overlapping alignments found for region 0-4000 even with 10000bp window
     5x: No alignments found for chromosome 'haplotype2-0000102'
     5x: No alignments found for chromosome 'haplotype2-0000115'
     5x: No alignments found for chromosome 'unassigned-0000150'
     5x: No alignments found for chromosome 'unassigned-0000188'
     5x: No alignments found for chromosome 'unassigned-0000189'
     5x: No alignments found for chromosome 'unassigned-0000200'
     5x: No alignments found for chromosome 'unassigned-0000234'
     5x: No alignments found for chromosome 'unassigned-0000238'
     5x: No alignments found for chromosome 'unassigned-0000291'
     5x: No alignments found for chromosome 'unassigned-0000306'
     5x: No alignments found for chromosome 'unassigned-0000381'
     5x: No alignments found for chromosome 'unassigned-0000382'
     5x: No alignments found for chromosome 'unassigned-0000383'
     5x: No alignments found for chromosome 'unassigned-0000442'
     5x: No alignments found for chromosome 'unassigned-0000465'
     5x: No alignments found for chromosome 'unassigned-0000488'
     5x: No alignments found for chromosome 'unassigned-0000600'
     5x: No alignments found for chromosome 'unassigned-0000678'
     5x: No alignments found for chromosome 'unassigned-0000786'
     5x: No alignments found for chromosome 'unassigned-0000790'
     5x: No alignments found for chromosome 'unassigned-0000823'
     5x: No alignments found for chromosome 'unassigned-0000859'
     5x: No alignments found for chromosome 'unassigned-0000861'
     5x: No alignments found for chromosome 'unassigned-0000876'
     5x: No alignments found for chromosome 'unassigned-0000938'
     5x: No alignments found for chromosome 'unassigned-0000967'
     4x: No alignments found for chromosome 'haplotype1-0000036'
     4x: No alignments found for chromosome 'haplotype1-0000043'
     4x: No alignments found for chromosome 'haplotype2-0000107'
     4x: No alignments found for chromosome 'unassigned-0000142'
     4x: No alignments found for chromosome 'unassigned-0000288'
     4x: No alignments found for chromosome 'unassigned-0000509'
     4x: No alignments found for chromosome 'unassigned-0000566'
     4x: No alignments found for chromosome 'unassigned-0000640'
     4x: No alignments found for chromosome 'unassigned-0000858'
     4x: No alignments found for chromosome 'unassigned-0000902'
     4x: No alignments found for chromosome 'unassigned-0000923'
     4x: No alignments found for chromosome 'unassigned-0000943'
     4x: No alignments found for chromosome 'unassigned-0000959'
     4x: No alignments found for chromosome 'unassigned-0000994'
     3x: No alignments found for chromosome 'haplotype2-0000117'
     3x: No alignments found for chromosome 'haplotype2-0000120'
     3x: No alignments found for chromosome 'unassigned-0000138'
     3x: No alignments found for chromosome 'unassigned-0000139'
     3x: No alignments found for chromosome 'unassigned-0000140'
     3x: No alignments found for chromosome 'unassigned-0000148'
     3x: No alignments found for chromosome 'unassigned-0000149'
     3x: No alignments found for chromosome 'unassigned-0000151'
     3x: No alignments found for chromosome 'unassigned-0000155'
     3x: No alignments found for chromosome 'unassigned-0000166'
     3x: No alignments found for chromosome 'unassigned-0000190'
     3x: No alignments found for chromosome 'unassigned-0000191'
     3x: No alignments found for chromosome 'unassigned-0000208'
     3x: No alignments found for chromosome 'unassigned-0000210'
     3x: No alignments found for chromosome 'unassigned-0000214'
     3x: No alignments found for chromosome 'unassigned-0000228'
     3x: No alignments found for chromosome 'unassigned-0000230'
     3x: No alignments found for chromosome 'unassigned-0000236'
     3x: No alignments found for chromosome 'unassigned-0000245'
     3x: No alignments found for chromosome 'unassigned-0000248'
     3x: No alignments found for chromosome 'unassigned-0000256'
     3x: No alignments found for chromosome 'unassigned-0000268'
     3x: No alignments found for chromosome 'unassigned-0000273'
     3x: No alignments found for chromosome 'unassigned-0000361'
     3x: No alignments found for chromosome 'unassigned-0000365'
     3x: No alignments found for chromosome 'unassigned-0000367'
     3x: No alignments found for chromosome 'unassigned-0000388'
     3x: No alignments found for chromosome 'unassigned-0000432'
     3x: No alignments found for chromosome 'unassigned-0000436'
     3x: No alignments found for chromosome 'unassigned-0000437'
     3x: No alignments found for chromosome 'unassigned-0000452'
     3x: No alignments found for chromosome 'unassigned-0000466'
     3x: No alignments found for chromosome 'unassigned-0000522'
     3x: No alignments found for chromosome 'unassigned-0000568'
     3x: No alignments found for chromosome 'unassigned-0000599'
     3x: No alignments found for chromosome 'unassigned-0000615'
     3x: No alignments found for chromosome 'unassigned-0000626'
     3x: No alignments found for chromosome 'unassigned-0000635'
     3x: No alignments found for chromosome 'unassigned-0000638'
     3x: No alignments found for chromosome 'unassigned-0000650'
     3x: No alignments found for chromosome 'unassigned-0000680'
     3x: No alignments found for chromosome 'unassigned-0000706'
     3x: No alignments found for chromosome 'unassigned-0000711'
     3x: No alignments found for chromosome 'unassigned-0000716'
     3x: No alignments found for chromosome 'unassigned-0000749'
     3x: No alignments found for chromosome 'unassigned-0000756'
     3x: No alignments found for chromosome 'unassigned-0000760'
     3x: No alignments found for chromosome 'unassigned-0000761'
     3x: No alignments found for chromosome 'unassigned-0000801'
     3x: No alignments found for chromosome 'unassigned-0000809'
     3x: No alignments found for chromosome 'unassigned-0000814'
     3x: No alignments found for chromosome 'unassigned-0000840'
     3x: No alignments found for chromosome 'unassigned-0000853'
     3x: No alignments found for chromosome 'unassigned-0000854'
     3x: No alignments found for chromosome 'unassigned-0000860'
     3x: No alignments found for chromosome 'unassigned-0000866'
     3x: No alignments found for chromosome 'unassigned-0000870'
     3x: No alignments found for chromosome 'unassigned-0000892'
     3x: No alignments found for chromosome 'unassigned-0000900'
     3x: No alignments found for chromosome 'unassigned-0000901'
     3x: No alignments found for chromosome 'unassigned-0000915'
     3x: No alignments found for chromosome 'unassigned-0000935'
     3x: No alignments found for chromosome 'unassigned-0000960'
     3x: No alignments found for chromosome 'unassigned-0001009'
     3x: No alignments found for chromosome 'unassigned-0001011'
     2x: No overlapping alignments found for region 0-28000 even with 10000bp window
     2x: No overlapping alignments found for region 60000000-60004000 even with 10000bp window
     2x: No alignments found for chromosome 'unassigned-0000180'
     2x: No alignments found for chromosome 'unassigned-0000315'
     2x: No alignments found for chromosome 'unassigned-0000390'
     2x: No alignments found for chromosome 'unassigned-0000472'
     2x: No alignments found for chromosome 'unassigned-0000480'
     2x: No alignments found for chromosome 'unassigned-0000589'
     2x: No alignments found for chromosome 'unassigned-0000642'
     2x: No alignments found for chromosome 'unassigned-0000699'
     1x: No overlapping alignments found for region 151028000-151096000 even with 10000bp window
     1x: Could not map end position 146227999 even with 10000bp search window
     1x: Could not map start position 146228000 even with 10000bp search window
     1x: Could not map end position 47339999 even with 10000bp search window
     1x: Could not map start position 47340000 even with 10000bp search window
     1x: No overlapping alignments found for region 134160000-134169520 even with 10000bp window
     1x: No overlapping alignments found for region 0-8000 even with 10000bp window
     1x: No overlapping alignments found for region 129136000-129232000 even with 10000bp window
     1x: No overlapping alignments found for region 129232000-130244000 even with 10000bp window
     1x: No overlapping alignments found for region 130244000-130268000 even with 10000bp window
     1x: No overlapping alignments found for region 130268000-134468000 even with 10000bp window
     1x: No overlapping alignments found for region 134468000-134512000 even with 10000bp window
     1x: No overlapping alignments found for region 140000000-140004000 even with 10000bp window
     1x: No overlapping alignments found for region 1608000-1664000 even with 10000bp window
     1x: No overlapping alignments found for region 20000000-20004000 even with 10000bp window
     1x: No overlapping alignments found for region 51692000-51699560 even with 10000bp window
     1x: No overlapping alignments found for region 42404000-42476000 even with 10000bp window
     1x: No overlapping alignments found for region 42476000-42668000 even with 10000bp window
     1x: No overlapping alignments found for region 42668000-42720000 even with 10000bp window
     1x: No overlapping alignments found for region 42720000-42928000 even with 10000bp window
     1x: No overlapping alignments found for region 42928000-43048000 even with 10000bp window
     1x: No overlapping alignments found for region 98660000-98860000 even with 10000bp window
     1x: No overlapping alignments found for region 98860000-98996000 even with 10000bp window
     1x: No overlapping alignments found for region 98996000-99136000 even with 10000bp window
     1x: No overlapping alignments found for region 99136000-99140000 even with 10000bp window
     1x: No overlapping alignments found for region 99140000-99180000 even with 10000bp window
     1x: No overlapping alignments found for region 99180000-99324000 even with 10000bp window
     1x: No overlapping alignments found for region 99324000-99376000 even with 10000bp window
     1x: Could not map start position 106236000 even with 10000bp search window
     1x: No overlapping alignments found for region 106796000-107300000 even with 10000bp window
     1x: No overlapping alignments found for region 108608000-108760000 even with 10000bp window
     1x: No overlapping alignments found for region 139468000-139620000 even with 10000bp window
     1x: No overlapping alignments found for region 139620000-139852000 even with 10000bp window
     1x: No overlapping alignments found for region 139852000-139908000 even with 10000bp window
     1x: No overlapping alignments found for region 139908000-140164000 even with 10000bp window
     1x: No overlapping alignments found for region 140164000-140240000 even with 10000bp window
     1x: No overlapping alignments found for region 141540000-141596000 even with 10000bp window
     1x: No overlapping alignments found for region 141596000-142164000 even with 10000bp window
     1x: No overlapping alignments found for region 142164000-142224000 even with 10000bp window
     1x: Could not map end position 183811999 even with 10000bp search window
     1x: No overlapping alignments found for region 92124000-92236000 even with 10000bp window
     1x: No overlapping alignments found for region 93344000-93380000 even with 10000bp window
     1x: No overlapping alignments found for region 93380000-93496000 even with 10000bp window
     1x: No overlapping alignments found for region 93496000-93604000 even with 10000bp window
     1x: No alignments found for chromosome 'haplotype1-0000025'
     1x: No overlapping alignments found for region 0-56000 even with 10000bp window
     1x: No alignments found for chromosome 'haplotype1-0000032'
     1x: No alignments found for chromosome 'haplotype1-0000045'
     1x: No alignments found for chromosome 'haplotype1-0000046'
     1x: No alignments found for chromosome 'haplotype1-0000056'
     1x: No alignments found for chromosome 'haplotype1-0000057'
     1x: No alignments found for chromosome 'haplotype1-0000058'
     1x: No overlapping alignments found for region 0-68000 even with 10000bp window
     1x: No alignments found for chromosome 'haplotype1-0000062'
     1x: No alignments found for chromosome 'haplotype1-0000063'
     1x: No alignments found for chromosome 'haplotype1-0000065'
     1x: No alignments found for chromosome 'haplotype1-0000066'
     1x: No alignments found for chromosome 'haplotype1-0000067'
     1x: No overlapping alignments found for region 40164000-40232000 even with 10000bp window
     1x: No overlapping alignments found for region 41112000-41113678 even with 10000bp window
     1x: No overlapping alignments found for region 46764000-46812000 even with 10000bp window
     1x: No overlapping alignments found for region 154436000-154436170 even with 10000bp window
     1x: No overlapping alignments found for region 93296000-93308000 even with 10000bp window
     1x: No overlapping alignments found for region 47016000-47052000 even with 10000bp window
     1x: No overlapping alignments found for region 47052000-48860000 even with 10000bp window
     1x: No overlapping alignments found for region 48860000-48996000 even with 10000bp window
     1x: No overlapping alignments found for region 56832000-56864000 even with 10000bp window
     1x: No overlapping alignments found for region 56864000-60000000 even with 10000bp window
     1x: No overlapping alignments found for region 105772000-105804000 even with 10000bp window
     1x: No overlapping alignments found for region 105804000-106100000 even with 10000bp window
     1x: No overlapping alignments found for region 106100000-106172000 even with 10000bp window
     1x: No overlapping alignments found for region 106172000-106380000 even with 10000bp window
     1x: No overlapping alignments found for region 106380000-106488000 even with 10000bp window
     1x: No overlapping alignments found for region 106488000-106892000 even with 10000bp window
     1x: No overlapping alignments found for region 106892000-106936000 even with 10000bp window
     1x: No overlapping alignments found for region 1380000-1476000 even with 10000bp window
     1x: Could not map end position 89719999 even with 10000bp search window
     1x: Could not map start position 89720000 even with 10000bp search window
     1x: No overlapping alignments found for region 45500000-45544000 even with 10000bp window
     1x: No overlapping alignments found for region 47092000-47144000 even with 10000bp window
     1x: No overlapping alignments found for region 98360000-98564000 even with 10000bp window
     1x: No overlapping alignments found for region 98564000-98628000 even with 10000bp window
     1x: No overlapping alignments found for region 98628000-98672000 even with 10000bp window
     1x: Could not map end position 72695999 even with 10000bp search window
     1x: Could not map start position 72696000 even with 10000bp search window
     1x: No overlapping alignments found for region 142264000-142332000 even with 10000bp window
     1x: No overlapping alignments found for region 142332000-143584000 even with 10000bp window
     1x: No overlapping alignments found for region 143584000-143616000 even with 10000bp window
     1x: No overlapping alignments found for region 140708000-140720000 even with 10000bp window
     1x: No overlapping alignments found for region 140720000-140816000 even with 10000bp window
     1x: No alignments found for chromosome 'haplotype2-0000096'
     1x: No alignments found for chromosome 'haplotype2-0000099'
     1x: No alignments found for chromosome 'haplotype2-0000100'
     1x: No alignments found for chromosome 'haplotype2-0000103'
     1x: No alignments found for chromosome 'haplotype2-0000106'
     1x: Could not map end position 535999 even with 10000bp search window
     1x: Could not map start position 536000 even with 10000bp search window
     1x: No overlapping alignments found for region 0-76000 even with 10000bp window
     1x: No alignments found for chromosome 'haplotype2-0000118'
     1x: No alignments found for chromosome 'haplotype2-0000119'
     1x: No alignments found for chromosome 'unassigned-0000124'
     1x: No alignments found for chromosome 'unassigned-0000125'
     1x: No alignments found for chromosome 'unassigned-0000128'
     1x: No alignments found for chromosome 'unassigned-0000129'
     1x: No alignments found for chromosome 'unassigned-0000130'
     1x: No alignments found for chromosome 'unassigned-0000132'
     1x: No alignments found for chromosome 'unassigned-0000133'
     1x: No alignments found for chromosome 'unassigned-0000134'
     1x: No alignments found for chromosome 'unassigned-0000135'
     1x: No alignments found for chromosome 'unassigned-0000136'
     1x: No alignments found for chromosome 'unassigned-0000141'
     1x: No alignments found for chromosome 'unassigned-0000143'
     1x: No alignments found for chromosome 'unassigned-0000144'
     1x: No alignments found for chromosome 'unassigned-0000145'
     1x: No alignments found for chromosome 'unassigned-0000146'
     1x: No alignments found for chromosome 'unassigned-0000147'
     1x: No alignments found for chromosome 'unassigned-0000153'
     1x: No alignments found for chromosome 'unassigned-0000154'
     1x: No alignments found for chromosome 'unassigned-0000158'
     1x: No alignments found for chromosome 'unassigned-0000160'
     1x: No alignments found for chromosome 'unassigned-0000163'
     1x: No alignments found for chromosome 'unassigned-0000165'
     1x: No alignments found for chromosome 'unassigned-0000167'
     1x: No alignments found for chromosome 'unassigned-0000168'
     1x: No alignments found for chromosome 'unassigned-0000169'
     1x: No alignments found for chromosome 'unassigned-0000171'
     1x: No alignments found for chromosome 'unassigned-0000172'
     1x: No alignments found for chromosome 'unassigned-0000173'
     1x: No alignments found for chromosome 'unassigned-0000174'
     1x: No alignments found for chromosome 'unassigned-0000175'
     1x: No alignments found for chromosome 'unassigned-0000176'
     1x: No alignments found for chromosome 'unassigned-0000178'
     1x: No alignments found for chromosome 'unassigned-0000179'
     1x: No alignments found for chromosome 'unassigned-0000181'
     1x: No alignments found for chromosome 'unassigned-0000182'
     1x: No alignments found for chromosome 'unassigned-0000183'
     1x: No alignments found for chromosome 'unassigned-0000184'
     1x: No alignments found for chromosome 'unassigned-0000185'
     1x: No alignments found for chromosome 'unassigned-0000192'
     1x: No alignments found for chromosome 'unassigned-0000193'
     1x: No alignments found for chromosome 'unassigned-0000194'
     1x: No alignments found for chromosome 'unassigned-0000195'
     1x: No alignments found for chromosome 'unassigned-0000196'
     1x: No alignments found for chromosome 'unassigned-0000197'
     1x: No alignments found for chromosome 'unassigned-0000198'
     1x: No alignments found for chromosome 'unassigned-0000199'
     1x: No alignments found for chromosome 'unassigned-0000201'
     1x: No alignments found for chromosome 'unassigned-0000202'
     1x: No alignments found for chromosome 'unassigned-0000203'
     1x: No alignments found for chromosome 'unassigned-0000204'
     1x: No alignments found for chromosome 'unassigned-0000205'
     1x: No alignments found for chromosome 'unassigned-0000206'
     1x: No alignments found for chromosome 'unassigned-0000207'
     1x: No alignments found for chromosome 'unassigned-0000209'
     1x: No alignments found for chromosome 'unassigned-0000211'
     1x: No alignments found for chromosome 'unassigned-0000213'
     1x: No alignments found for chromosome 'unassigned-0000215'
     1x: No alignments found for chromosome 'unassigned-0000217'
     1x: No alignments found for chromosome 'unassigned-0000218'
     1x: No alignments found for chromosome 'unassigned-0000219'
     1x: No alignments found for chromosome 'unassigned-0000221'
     1x: No alignments found for chromosome 'unassigned-0000222'
     1x: No alignments found for chromosome 'unassigned-0000223'
     1x: No alignments found for chromosome 'unassigned-0000224'
     1x: No alignments found for chromosome 'unassigned-0000225'
     1x: No overlapping alignments found for region 84000-90396 even with 10000bp window
     1x: No alignments found for chromosome 'unassigned-0000227'
     1x: No alignments found for chromosome 'unassigned-0000231'
     1x: No alignments found for chromosome 'unassigned-0000232'
     1x: No alignments found for chromosome 'unassigned-0000233'
     1x: No alignments found for chromosome 'unassigned-0000235'
     1x: No alignments found for chromosome 'unassigned-0000237'
     1x: No alignments found for chromosome 'unassigned-0000239'
     1x: No alignments found for chromosome 'unassigned-0000240'
     1x: No alignments found for chromosome 'unassigned-0000241'
     1x: No alignments found for chromosome 'unassigned-0000242'
     1x: No alignments found for chromosome 'unassigned-0000243'
     1x: No alignments found for chromosome 'unassigned-0000244'
     1x: No alignments found for chromosome 'unassigned-0000247'
     1x: No alignments found for chromosome 'unassigned-0000250'
     1x: No alignments found for chromosome 'unassigned-0000251'
     1x: No alignments found for chromosome 'unassigned-0000252'
     1x: No alignments found for chromosome 'unassigned-0000253'
     1x: No alignments found for chromosome 'unassigned-0000255'
     1x: No alignments found for chromosome 'unassigned-0000257'
     1x: No alignments found for chromosome 'unassigned-0000261'
     1x: No alignments found for chromosome 'unassigned-0000262'
     1x: No alignments found for chromosome 'unassigned-0000263'
     1x: No alignments found for chromosome 'unassigned-0000265'
     1x: No alignments found for chromosome 'unassigned-0000267'
     1x: No alignments found for chromosome 'unassigned-0000270'
     1x: No alignments found for chromosome 'unassigned-0000271'
     1x: No alignments found for chromosome 'unassigned-0000272'
     1x: No alignments found for chromosome 'unassigned-0000274'
     1x: No alignments found for chromosome 'unassigned-0000275'
     1x: No alignments found for chromosome 'unassigned-0000276'
     1x: No alignments found for chromosome 'unassigned-0000279'
     1x: No alignments found for chromosome 'unassigned-0000280'
     1x: No alignments found for chromosome 'unassigned-0000282'
     1x: No alignments found for chromosome 'unassigned-0000284'
     1x: No alignments found for chromosome 'unassigned-0000285'
     1x: No alignments found for chromosome 'unassigned-0000286'
     1x: No alignments found for chromosome 'unassigned-0000287'
     1x: No alignments found for chromosome 'unassigned-0000289'
     1x: No alignments found for chromosome 'unassigned-0000290'
     1x: No alignments found for chromosome 'unassigned-0000294'
     1x: No alignments found for chromosome 'unassigned-0000296'
     1x: No alignments found for chromosome 'unassigned-0000297'
     1x: No alignments found for chromosome 'unassigned-0000298'
     1x: No overlapping alignments found for region 0-12000 even with 10000bp window
     1x: No alignments found for chromosome 'unassigned-0000305'
     1x: No alignments found for chromosome 'unassigned-0000308'
     1x: No alignments found for chromosome 'unassigned-0000309'
     1x: No alignments found for chromosome 'unassigned-0000310'
     1x: No alignments found for chromosome 'unassigned-0000311'
     1x: No alignments found for chromosome 'unassigned-0000312'
     1x: No alignments found for chromosome 'unassigned-0000313'
     1x: No alignments found for chromosome 'unassigned-0000314'
     1x: No alignments found for chromosome 'unassigned-0000316'
     1x: No alignments found for chromosome 'unassigned-0000317'
     1x: No alignments found for chromosome 'unassigned-0000320'
     1x: No alignments found for chromosome 'unassigned-0000322'
     1x: No alignments found for chromosome 'unassigned-0000323'
     1x: No alignments found for chromosome 'unassigned-0000324'
     1x: No alignments found for chromosome 'unassigned-0000325'
     1x: No alignments found for chromosome 'unassigned-0000326'
     1x: No alignments found for chromosome 'unassigned-0000327'
     1x: No alignments found for chromosome 'unassigned-0000328'
     1x: No alignments found for chromosome 'unassigned-0000330'
     1x: No alignments found for chromosome 'unassigned-0000331'
     1x: No alignments found for chromosome 'unassigned-0000332'
     1x: No alignments found for chromosome 'unassigned-0000333'
     1x: No alignments found for chromosome 'unassigned-0000334'
     1x: No alignments found for chromosome 'unassigned-0000335'
     1x: No alignments found for chromosome 'unassigned-0000336'
     1x: No alignments found for chromosome 'unassigned-0000337'
     1x: No alignments found for chromosome 'unassigned-0000338'
     1x: No alignments found for chromosome 'unassigned-0000340'
     1x: No alignments found for chromosome 'unassigned-0000341'
     1x: No alignments found for chromosome 'unassigned-0000342'
     1x: No alignments found for chromosome 'unassigned-0000343'
     1x: No alignments found for chromosome 'unassigned-0000344'
     1x: No alignments found for chromosome 'unassigned-0000345'
     1x: No alignments found for chromosome 'unassigned-0000346'
     1x: No alignments found for chromosome 'unassigned-0000347'
     1x: No alignments found for chromosome 'unassigned-0000348'
     1x: No alignments found for chromosome 'unassigned-0000350'
     1x: No alignments found for chromosome 'unassigned-0000351'
     1x: No alignments found for chromosome 'unassigned-0000352'
     1x: No alignments found for chromosome 'unassigned-0000353'
     1x: No alignments found for chromosome 'unassigned-0000354'
     1x: No alignments found for chromosome 'unassigned-0000355'
     1x: No alignments found for chromosome 'unassigned-0000356'
     1x: No alignments found for chromosome 'unassigned-0000357'
     1x: No alignments found for chromosome 'unassigned-0000358'
     1x: No alignments found for chromosome 'unassigned-0000359'
     1x: No alignments found for chromosome 'unassigned-0000360'
     1x: No alignments found for chromosome 'unassigned-0000362'
     1x: No alignments found for chromosome 'unassigned-0000363'
     1x: No alignments found for chromosome 'unassigned-0000364'
     1x: No alignments found for chromosome 'unassigned-0000366'
     1x: No alignments found for chromosome 'unassigned-0000368'
     1x: No alignments found for chromosome 'unassigned-0000370'
     1x: No alignments found for chromosome 'unassigned-0000371'
     1x: No alignments found for chromosome 'unassigned-0000372'
     1x: No alignments found for chromosome 'unassigned-0000373'
     1x: No alignments found for chromosome 'unassigned-0000374'
     1x: No alignments found for chromosome 'unassigned-0000375'
     1x: No alignments found for chromosome 'unassigned-0000376'
     1x: No alignments found for chromosome 'unassigned-0000377'
     1x: No alignments found for chromosome 'unassigned-0000378'
     1x: No alignments found for chromosome 'unassigned-0000379'
     1x: No alignments found for chromosome 'unassigned-0000380'
     1x: No alignments found for chromosome 'unassigned-0000384'
     1x: No alignments found for chromosome 'unassigned-0000385'
     1x: No alignments found for chromosome 'unassigned-0000386'
     1x: No alignments found for chromosome 'unassigned-0000387'
     1x: No alignments found for chromosome 'unassigned-0000389'
     1x: No alignments found for chromosome 'unassigned-0000394'
     1x: No alignments found for chromosome 'unassigned-0000395'
     1x: No alignments found for chromosome 'unassigned-0000396'
     1x: No alignments found for chromosome 'unassigned-0000398'
     1x: No alignments found for chromosome 'unassigned-0000399'
     1x: No alignments found for chromosome 'unassigned-0000402'
     1x: No alignments found for chromosome 'unassigned-0000403'
     1x: No alignments found for chromosome 'unassigned-0000404'
     1x: No alignments found for chromosome 'unassigned-0000405'
     1x: No alignments found for chromosome 'unassigned-0000407'
     1x: No alignments found for chromosome 'unassigned-0000408'
     1x: No alignments found for chromosome 'unassigned-0000409'
     1x: No alignments found for chromosome 'unassigned-0000410'
     1x: No alignments found for chromosome 'unassigned-0000411'
     1x: No alignments found for chromosome 'unassigned-0000412'
     1x: No alignments found for chromosome 'unassigned-0000415'
     1x: No alignments found for chromosome 'unassigned-0000416'
     1x: No alignments found for chromosome 'unassigned-0000418'
     1x: No alignments found for chromosome 'unassigned-0000419'
     1x: No alignments found for chromosome 'unassigned-0000420'
     1x: No alignments found for chromosome 'unassigned-0000421'
     1x: No alignments found for chromosome 'unassigned-0000425'
     1x: No alignments found for chromosome 'unassigned-0000426'
     1x: No alignments found for chromosome 'unassigned-0000431'
     1x: No alignments found for chromosome 'unassigned-0000433'
     1x: No alignments found for chromosome 'unassigned-0000434'
     1x: No alignments found for chromosome 'unassigned-0000439'
     1x: No alignments found for chromosome 'unassigned-0000440'
     1x: No alignments found for chromosome 'unassigned-0000441'
     1x: No alignments found for chromosome 'unassigned-0000443'
     1x: No alignments found for chromosome 'unassigned-0000444'
     1x: No alignments found for chromosome 'unassigned-0000445'
     1x: No alignments found for chromosome 'unassigned-0000446'
     1x: No alignments found for chromosome 'unassigned-0000447'
     1x: No alignments found for chromosome 'unassigned-0000448'
     1x: No alignments found for chromosome 'unassigned-0000449'
     1x: No alignments found for chromosome 'unassigned-0000453'
     1x: No alignments found for chromosome 'unassigned-0000454'
     1x: No alignments found for chromosome 'unassigned-0000455'
     1x: No alignments found for chromosome 'unassigned-0000456'
     1x: No alignments found for chromosome 'unassigned-0000457'
     1x: No alignments found for chromosome 'unassigned-0000459'
     1x: No alignments found for chromosome 'unassigned-0000460'
     1x: No alignments found for chromosome 'unassigned-0000462'
     1x: No alignments found for chromosome 'unassigned-0000463'
     1x: No alignments found for chromosome 'unassigned-0000464'
     1x: No alignments found for chromosome 'unassigned-0000468'
     1x: No alignments found for chromosome 'unassigned-0000469'
     1x: No alignments found for chromosome 'unassigned-0000470'
     1x: No alignments found for chromosome 'unassigned-0000474'
     1x: No alignments found for chromosome 'unassigned-0000475'
     1x: No alignments found for chromosome 'unassigned-0000477'
     1x: No alignments found for chromosome 'unassigned-0000478'
     1x: No alignments found for chromosome 'unassigned-0000479'
     1x: No alignments found for chromosome 'unassigned-0000481'
     1x: No alignments found for chromosome 'unassigned-0000482'
     1x: No alignments found for chromosome 'unassigned-0000484'
     1x: No alignments found for chromosome 'unassigned-0000485'
     1x: No alignments found for chromosome 'unassigned-0000487'
     1x: No alignments found for chromosome 'unassigned-0000489'
     1x: No alignments found for chromosome 'unassigned-0000490'
     1x: No alignments found for chromosome 'unassigned-0000491'
     1x: No alignments found for chromosome 'unassigned-0000492'
     1x: No alignments found for chromosome 'unassigned-0000493'
     1x: No alignments found for chromosome 'unassigned-0000494'
     1x: No alignments found for chromosome 'unassigned-0000495'
     1x: No alignments found for chromosome 'unassigned-0000496'
     1x: No alignments found for chromosome 'unassigned-0000497'
     1x: No alignments found for chromosome 'unassigned-0000498'
     1x: No alignments found for chromosome 'unassigned-0000499'
     1x: No alignments found for chromosome 'unassigned-0000500'
     1x: No alignments found for chromosome 'unassigned-0000501'
     1x: No alignments found for chromosome 'unassigned-0000502'
     1x: No alignments found for chromosome 'unassigned-0000503'
     1x: No alignments found for chromosome 'unassigned-0000504'
     1x: No alignments found for chromosome 'unassigned-0000505'
     1x: No alignments found for chromosome 'unassigned-0000507'
     1x: No alignments found for chromosome 'unassigned-0000508'
     1x: No alignments found for chromosome 'unassigned-0000510'
     1x: No alignments found for chromosome 'unassigned-0000512'
     1x: No alignments found for chromosome 'unassigned-0000513'
     1x: No alignments found for chromosome 'unassigned-0000514'
     1x: No alignments found for chromosome 'unassigned-0000515'
     1x: No alignments found for chromosome 'unassigned-0000516'
     1x: No alignments found for chromosome 'unassigned-0000517'
     1x: No alignments found for chromosome 'unassigned-0000519'
     1x: No alignments found for chromosome 'unassigned-0000521'
     1x: No alignments found for chromosome 'unassigned-0000523'
     1x: No alignments found for chromosome 'unassigned-0000524'
     1x: No alignments found for chromosome 'unassigned-0000525'
     1x: No alignments found for chromosome 'unassigned-0000526'
     1x: No alignments found for chromosome 'unassigned-0000527'
     1x: No alignments found for chromosome 'unassigned-0000528'
     1x: No alignments found for chromosome 'unassigned-0000529'
     1x: No alignments found for chromosome 'unassigned-0000531'
     1x: No alignments found for chromosome 'unassigned-0000533'
     1x: No alignments found for chromosome 'unassigned-0000534'
     1x: No alignments found for chromosome 'unassigned-0000536'
     1x: No alignments found for chromosome 'unassigned-0000537'
     1x: No alignments found for chromosome 'unassigned-0000538'
     1x: No alignments found for chromosome 'unassigned-0000539'
     1x: No alignments found for chromosome 'unassigned-0000540'
     1x: No alignments found for chromosome 'unassigned-0000541'
     1x: No alignments found for chromosome 'unassigned-0000542'
     1x: No alignments found for chromosome 'unassigned-0000543'
     1x: No alignments found for chromosome 'unassigned-0000544'
     1x: No alignments found for chromosome 'unassigned-0000546'
     1x: No alignments found for chromosome 'unassigned-0000547'
     1x: No alignments found for chromosome 'unassigned-0000548'
     1x: No alignments found for chromosome 'unassigned-0000549'
     1x: No alignments found for chromosome 'unassigned-0000550'
     1x: No alignments found for chromosome 'unassigned-0000551'
     1x: No alignments found for chromosome 'unassigned-0000552'
     1x: No alignments found for chromosome 'unassigned-0000553'
     1x: No alignments found for chromosome 'unassigned-0000554'
     1x: No alignments found for chromosome 'unassigned-0000555'
     1x: No alignments found for chromosome 'unassigned-0000557'
     1x: No alignments found for chromosome 'unassigned-0000558'
     1x: No alignments found for chromosome 'unassigned-0000559'
     1x: No alignments found for chromosome 'unassigned-0000560'
     1x: No alignments found for chromosome 'unassigned-0000561'
     1x: No alignments found for chromosome 'unassigned-0000562'
     1x: No alignments found for chromosome 'unassigned-0000563'
     1x: No alignments found for chromosome 'unassigned-0000564'
     1x: No alignments found for chromosome 'unassigned-0000565'
     1x: No overlapping alignments found for region 0-16000 even with 10000bp window
     1x: No overlapping alignments found for region 16000-40000 even with 10000bp window
     1x: No alignments found for chromosome 'unassigned-0000569'
     1x: No alignments found for chromosome 'unassigned-0000570'
     1x: No alignments found for chromosome 'unassigned-0000572'
     1x: No alignments found for chromosome 'unassigned-0000573'
     1x: No alignments found for chromosome 'unassigned-0000574'
     1x: No overlapping alignments found for region 104000-114910 even with 10000bp window
     1x: No alignments found for chromosome 'unassigned-0000577'
     1x: No alignments found for chromosome 'unassigned-0000580'
     1x: No alignments found for chromosome 'unassigned-0000581'
     1x: No alignments found for chromosome 'unassigned-0000586'
     1x: No alignments found for chromosome 'unassigned-0000587'
     1x: No alignments found for chromosome 'unassigned-0000588'
     1x: No alignments found for chromosome 'unassigned-0000590'
     1x: No alignments found for chromosome 'unassigned-0000593'
     1x: No alignments found for chromosome 'unassigned-0000595'
     1x: No alignments found for chromosome 'unassigned-0000596'
     1x: No alignments found for chromosome 'unassigned-0000598'
     1x: No alignments found for chromosome 'unassigned-0000601'
     1x: No alignments found for chromosome 'unassigned-0000602'
     1x: No alignments found for chromosome 'unassigned-0000604'
     1x: No alignments found for chromosome 'unassigned-0000605'
     1x: No alignments found for chromosome 'unassigned-0000607'
     1x: No alignments found for chromosome 'unassigned-0000608'
     1x: No alignments found for chromosome 'unassigned-0000609'
     1x: No alignments found for chromosome 'unassigned-0000612'
     1x: No alignments found for chromosome 'unassigned-0000613'
     1x: No alignments found for chromosome 'unassigned-0000614'
     1x: No alignments found for chromosome 'unassigned-0000616'
     1x: No alignments found for chromosome 'unassigned-0000617'
     1x: No alignments found for chromosome 'unassigned-0000618'
     1x: No alignments found for chromosome 'unassigned-0000622'
     1x: No alignments found for chromosome 'unassigned-0000623'
     1x: No alignments found for chromosome 'unassigned-0000624'
     1x: No alignments found for chromosome 'unassigned-0000625'
     1x: No alignments found for chromosome 'unassigned-0000627'
     1x: No alignments found for chromosome 'unassigned-0000628'
     1x: No alignments found for chromosome 'unassigned-0000629'
     1x: No alignments found for chromosome 'unassigned-0000630'
     1x: No alignments found for chromosome 'unassigned-0000631'
     1x: No alignments found for chromosome 'unassigned-0000632'
     1x: No alignments found for chromosome 'unassigned-0000634'
     1x: No alignments found for chromosome 'unassigned-0000636'
     1x: No alignments found for chromosome 'unassigned-0000637'
     1x: No alignments found for chromosome 'unassigned-0000639'
     1x: No alignments found for chromosome 'unassigned-0000641'
     1x: No alignments found for chromosome 'unassigned-0000644'
     1x: No alignments found for chromosome 'unassigned-0000646'
     1x: No alignments found for chromosome 'unassigned-0000647'
     1x: No alignments found for chromosome 'unassigned-0000648'
     1x: No alignments found for chromosome 'unassigned-0000649'
     1x: No alignments found for chromosome 'unassigned-0000651'
     1x: No alignments found for chromosome 'unassigned-0000652'
     1x: No alignments found for chromosome 'unassigned-0000653'
     1x: No alignments found for chromosome 'unassigned-0000654'
     1x: No alignments found for chromosome 'unassigned-0000655'
     1x: No alignments found for chromosome 'unassigned-0000656'
     1x: No alignments found for chromosome 'unassigned-0000657'
     1x: No alignments found for chromosome 'unassigned-0000658'
     1x: No alignments found for chromosome 'unassigned-0000659'
     1x: No alignments found for chromosome 'unassigned-0000660'
     1x: No alignments found for chromosome 'unassigned-0000661'
     1x: No alignments found for chromosome 'unassigned-0000662'
     1x: No alignments found for chromosome 'unassigned-0000664'
     1x: No alignments found for chromosome 'unassigned-0000666'
     1x: No alignments found for chromosome 'unassigned-0000667'
     1x: No alignments found for chromosome 'unassigned-0000668'
     1x: No overlapping alignments found for region 92000-98458 even with 10000bp window
     1x: No alignments found for chromosome 'unassigned-0000670'
     1x: No alignments found for chromosome 'unassigned-0000671'
     1x: No alignments found for chromosome 'unassigned-0000672'
     1x: No alignments found for chromosome 'unassigned-0000673'
     1x: No alignments found for chromosome 'unassigned-0000675'
     1x: No alignments found for chromosome 'unassigned-0000676'
     1x: No alignments found for chromosome 'unassigned-0000677'
     1x: No alignments found for chromosome 'unassigned-0000679'
     1x: No alignments found for chromosome 'unassigned-0000681'
     1x: No alignments found for chromosome 'unassigned-0000682'
     1x: No alignments found for chromosome 'unassigned-0000683'
     1x: No alignments found for chromosome 'unassigned-0000687'
     1x: No alignments found for chromosome 'unassigned-0000688'
     1x: No alignments found for chromosome 'unassigned-0000690'
     1x: No alignments found for chromosome 'unassigned-0000691'
     1x: No alignments found for chromosome 'unassigned-0000692'
     1x: No alignments found for chromosome 'unassigned-0000693'
     1x: No alignments found for chromosome 'unassigned-0000695'
     1x: No alignments found for chromosome 'unassigned-0000696'
     1x: No alignments found for chromosome 'unassigned-0000697'
     1x: No alignments found for chromosome 'unassigned-0000698'
     1x: No alignments found for chromosome 'unassigned-0000700'
     1x: No alignments found for chromosome 'unassigned-0000701'
     1x: No alignments found for chromosome 'unassigned-0000703'
     1x: No alignments found for chromosome 'unassigned-0000704'
     1x: No alignments found for chromosome 'unassigned-0000705'
     1x: No alignments found for chromosome 'unassigned-0000707'
     1x: No alignments found for chromosome 'unassigned-0000708'
     1x: No alignments found for chromosome 'unassigned-0000709'
     1x: No alignments found for chromosome 'unassigned-0000713'
     1x: No alignments found for chromosome 'unassigned-0000714'
     1x: No alignments found for chromosome 'unassigned-0000719'
     1x: No alignments found for chromosome 'unassigned-0000721'
     1x: No alignments found for chromosome 'unassigned-0000722'
     1x: No alignments found for chromosome 'unassigned-0000723'
     1x: No alignments found for chromosome 'unassigned-0000724'
     1x: No alignments found for chromosome 'unassigned-0000726'
     1x: No alignments found for chromosome 'unassigned-0000727'
     1x: No alignments found for chromosome 'unassigned-0000728'
     1x: No alignments found for chromosome 'unassigned-0000729'
     1x: No alignments found for chromosome 'unassigned-0000730'
     1x: No alignments found for chromosome 'unassigned-0000732'
     1x: No alignments found for chromosome 'unassigned-0000733'
     1x: No alignments found for chromosome 'unassigned-0000735'
     1x: No alignments found for chromosome 'unassigned-0000736'
     1x: No alignments found for chromosome 'unassigned-0000737'
     1x: No alignments found for chromosome 'unassigned-0000739'
     1x: No alignments found for chromosome 'unassigned-0000740'
     1x: No alignments found for chromosome 'unassigned-0000741'
     1x: No alignments found for chromosome 'unassigned-0000742'
     1x: No alignments found for chromosome 'unassigned-0000743'
     1x: No alignments found for chromosome 'unassigned-0000745'
     1x: No alignments found for chromosome 'unassigned-0000748'
     1x: No alignments found for chromosome 'unassigned-0000751'
     1x: No alignments found for chromosome 'unassigned-0000754'
     1x: No alignments found for chromosome 'unassigned-0000755'
     1x: No alignments found for chromosome 'unassigned-0000757'
     1x: No alignments found for chromosome 'unassigned-0000758'
     1x: No overlapping alignments found for region 280000-304091 even with 10000bp window
     1x: No alignments found for chromosome 'unassigned-0000762'
     1x: No alignments found for chromosome 'unassigned-0000763'
     1x: No alignments found for chromosome 'unassigned-0000764'
     1x: No alignments found for chromosome 'unassigned-0000765'
     1x: No alignments found for chromosome 'unassigned-0000766'
     1x: No alignments found for chromosome 'unassigned-0000767'
     1x: No alignments found for chromosome 'unassigned-0000768'
     1x: No alignments found for chromosome 'unassigned-0000769'
     1x: No overlapping alignments found for region 996000-1128000 even with 10000bp window
     1x: No overlapping alignments found for region 1128000-1444000 even with 10000bp window
     1x: No overlapping alignments found for region 1444000-1564000 even with 10000bp window
     1x: No overlapping alignments found for region 1564000-1596000 even with 10000bp window
     1x: No overlapping alignments found for region 1596000-1724000 even with 10000bp window
     1x: No overlapping alignments found for region 1724000-2372000 even with 10000bp window
     1x: No overlapping alignments found for region 2372000-2444000 even with 10000bp window
     1x: No overlapping alignments found for region 2444000-2856000 even with 10000bp window
     1x: No overlapping alignments found for region 2856000-2936000 even with 10000bp window
     1x: No overlapping alignments found for region 2936000-3184000 even with 10000bp window
     1x: No overlapping alignments found for region 3184000-3352000 even with 10000bp window
     1x: No overlapping alignments found for region 3352000-3444000 even with 10000bp window
     1x: No overlapping alignments found for region 3444000-3508000 even with 10000bp window
     1x: No overlapping alignments found for region 3508000-3600000 even with 10000bp window
     1x: No overlapping alignments found for region 3600000-3636000 even with 10000bp window
     1x: No overlapping alignments found for region 3636000-4024000 even with 10000bp window
     1x: No overlapping alignments found for region 4024000-4104000 even with 10000bp window
     1x: No overlapping alignments found for region 4104000-4516000 even with 10000bp window
     1x: No overlapping alignments found for region 4516000-4536000 even with 10000bp window
     1x: No overlapping alignments found for region 4536000-4644000 even with 10000bp window
     1x: No overlapping alignments found for region 4644000-4764000 even with 10000bp window
     1x: No overlapping alignments found for region 4764000-5052000 even with 10000bp window
     1x: No overlapping alignments found for region 5052000-5204000 even with 10000bp window
     1x: No overlapping alignments found for region 5204000-5272000 even with 10000bp window
     1x: No overlapping alignments found for region 5272000-5332000 even with 10000bp window
     1x: No overlapping alignments found for region 5332000-5396000 even with 10000bp window
     1x: No overlapping alignments found for region 5396000-5472000 even with 10000bp window
     1x: No overlapping alignments found for region 5472000-5556000 even with 10000bp window
     1x: No overlapping alignments found for region 5556000-5736000 even with 10000bp window
     1x: No overlapping alignments found for region 5736000-6004000 even with 10000bp window
     1x: No overlapping alignments found for region 6004000-6100000 even with 10000bp window
     1x: No overlapping alignments found for region 6100000-6348000 even with 10000bp window
     1x: No overlapping alignments found for region 6348000-6384000 even with 10000bp window
     1x: No overlapping alignments found for region 6384000-6616000 even with 10000bp window
     1x: No overlapping alignments found for region 6616000-6812000 even with 10000bp window
     1x: No alignments found for chromosome 'unassigned-0000772'
     1x: No alignments found for chromosome 'unassigned-0000773'
     1x: No overlapping alignments found for region 140000-144000 even with 10000bp window
     1x: No overlapping alignments found for region 144000-208000 even with 10000bp window
     1x: No overlapping alignments found for region 208000-224907 even with 10000bp window
     1x: No alignments found for chromosome 'unassigned-0000776'
     1x: No alignments found for chromosome 'unassigned-0000777'
     1x: No alignments found for chromosome 'unassigned-0000778'
     1x: No alignments found for chromosome 'unassigned-0000779'
     1x: No alignments found for chromosome 'unassigned-0000780'
     1x: No alignments found for chromosome 'unassigned-0000781'
     1x: No alignments found for chromosome 'unassigned-0000783'
     1x: No alignments found for chromosome 'unassigned-0000784'
     1x: No alignments found for chromosome 'unassigned-0000785'
     1x: No alignments found for chromosome 'unassigned-0000787'
     1x: No alignments found for chromosome 'unassigned-0000788'
     1x: No alignments found for chromosome 'unassigned-0000789'
     1x: No alignments found for chromosome 'unassigned-0000791'
     1x: No alignments found for chromosome 'unassigned-0000793'
     1x: No alignments found for chromosome 'unassigned-0000794'
     1x: No alignments found for chromosome 'unassigned-0000798'
     1x: No alignments found for chromosome 'unassigned-0000802'
     1x: No alignments found for chromosome 'unassigned-0000803'
     1x: No alignments found for chromosome 'unassigned-0000804'
     1x: No alignments found for chromosome 'unassigned-0000806'
     1x: No alignments found for chromosome 'unassigned-0000808'
     1x: No alignments found for chromosome 'unassigned-0000811'
     1x: No alignments found for chromosome 'unassigned-0000812'
     1x: No alignments found for chromosome 'unassigned-0000813'
     1x: No alignments found for chromosome 'unassigned-0000815'
     1x: No alignments found for chromosome 'unassigned-0000817'
     1x: No alignments found for chromosome 'unassigned-0000818'
     1x: No alignments found for chromosome 'unassigned-0000819'
     1x: No alignments found for chromosome 'unassigned-0000820'
     1x: No alignments found for chromosome 'unassigned-0000821'
     1x: No alignments found for chromosome 'unassigned-0000824'
     1x: No alignments found for chromosome 'unassigned-0000826'
     1x: No alignments found for chromosome 'unassigned-0000828'
     1x: No alignments found for chromosome 'unassigned-0000829'
     1x: No alignments found for chromosome 'unassigned-0000832'
     1x: No alignments found for chromosome 'unassigned-0000833'
     1x: No alignments found for chromosome 'unassigned-0000834'
     1x: No alignments found for chromosome 'unassigned-0000835'
     1x: No alignments found for chromosome 'unassigned-0000836'
     1x: No alignments found for chromosome 'unassigned-0000837'
     1x: No alignments found for chromosome 'unassigned-0000839'
     1x: No alignments found for chromosome 'unassigned-0000841'
     1x: No alignments found for chromosome 'unassigned-0000843'
     1x: No alignments found for chromosome 'unassigned-0000844'
     1x: No alignments found for chromosome 'unassigned-0000845'
     1x: No alignments found for chromosome 'unassigned-0000847'
     1x: No alignments found for chromosome 'unassigned-0000848'
     1x: No alignments found for chromosome 'unassigned-0000849'
     1x: No alignments found for chromosome 'unassigned-0000850'
     1x: No alignments found for chromosome 'unassigned-0000851'
     1x: No alignments found for chromosome 'unassigned-0000855'
     1x: No alignments found for chromosome 'unassigned-0000856'
     1x: No alignments found for chromosome 'unassigned-0000857'
     1x: No alignments found for chromosome 'unassigned-0000862'
     1x: No alignments found for chromosome 'unassigned-0000863'
     1x: No alignments found for chromosome 'unassigned-0000864'
     1x: No alignments found for chromosome 'unassigned-0000865'
     1x: No alignments found for chromosome 'unassigned-0000868'
     1x: No alignments found for chromosome 'unassigned-0000871'
     1x: No alignments found for chromosome 'unassigned-0000872'
     1x: No alignments found for chromosome 'unassigned-0000873'
     1x: No alignments found for chromosome 'unassigned-0000874'
     1x: No alignments found for chromosome 'unassigned-0000875'
     1x: No alignments found for chromosome 'unassigned-0000877'
     1x: No alignments found for chromosome 'unassigned-0000878'
     1x: No alignments found for chromosome 'unassigned-0000879'
     1x: No alignments found for chromosome 'unassigned-0000880'
     1x: No alignments found for chromosome 'unassigned-0000881'
     1x: No alignments found for chromosome 'unassigned-0000882'
     1x: No alignments found for chromosome 'unassigned-0000883'
     1x: No alignments found for chromosome 'unassigned-0000885'
     1x: No alignments found for chromosome 'unassigned-0000888'
     1x: No alignments found for chromosome 'unassigned-0000890'
     1x: No alignments found for chromosome 'unassigned-0000891'
     1x: No overlapping alignments found for region 28000-36000 even with 10000bp window
     1x: No alignments found for chromosome 'unassigned-0000894'
     1x: No alignments found for chromosome 'unassigned-0000897'
     1x: No alignments found for chromosome 'unassigned-0000899'
     1x: No alignments found for chromosome 'unassigned-0000903'
     1x: No alignments found for chromosome 'unassigned-0000904'
     1x: No alignments found for chromosome 'unassigned-0000906'
     1x: No alignments found for chromosome 'unassigned-0000907'
     1x: No alignments found for chromosome 'unassigned-0000916'
     1x: No alignments found for chromosome 'unassigned-0000918'
     1x: No alignments found for chromosome 'unassigned-0000919'
     1x: No alignments found for chromosome 'unassigned-0000920'
     1x: No alignments found for chromosome 'unassigned-0000921'
     1x: No alignments found for chromosome 'unassigned-0000924'
     1x: No alignments found for chromosome 'unassigned-0000926'
     1x: No alignments found for chromosome 'unassigned-0000933'
     1x: No alignments found for chromosome 'unassigned-0000934'
     1x: No alignments found for chromosome 'unassigned-0000936'
     1x: No alignments found for chromosome 'unassigned-0000937'
     1x: No alignments found for chromosome 'unassigned-0000939'
     1x: No alignments found for chromosome 'unassigned-0000940'
     1x: No alignments found for chromosome 'unassigned-0000941'
     1x: No alignments found for chromosome 'unassigned-0000942'
     1x: No alignments found for chromosome 'unassigned-0000945'
     1x: No alignments found for chromosome 'unassigned-0000946'
     1x: No alignments found for chromosome 'unassigned-0000948'
     1x: No alignments found for chromosome 'unassigned-0000952'
     1x: No overlapping alignments found for region 136000-143215 even with 10000bp window
     1x: No alignments found for chromosome 'unassigned-0000957'
     1x: No alignments found for chromosome 'unassigned-0000958'
     1x: No alignments found for chromosome 'unassigned-0000961'
     1x: No alignments found for chromosome 'unassigned-0000962'
     1x: No alignments found for chromosome 'unassigned-0000963'
     1x: No alignments found for chromosome 'unassigned-0000964'
     1x: No alignments found for chromosome 'unassigned-0000965'
     1x: No alignments found for chromosome 'unassigned-0000966'
     1x: No alignments found for chromosome 'unassigned-0000969'
     1x: No alignments found for chromosome 'unassigned-0000971'
     1x: No alignments found for chromosome 'unassigned-0000976'
     1x: No alignments found for chromosome 'unassigned-0000979'
     1x: No alignments found for chromosome 'unassigned-0000989'
     1x: No alignments found for chromosome 'unassigned-0001003'
     1x: No alignments found for chromosome 'unassigned-0001004'
     1x: No alignments found for chromosome 'unassigned-0001005'
     1x: No alignments found for chromosome 'unassigned-0001006'
     1x: No alignments found for chromosome 'unassigned-0001007'
     1x: No alignments found for chromosome 'unassigned-0001010'
     1x: No alignments found for chromosome 'unassigned-0001012'
     1x: No alignments found for chromosome 'unassigned-0001013'
     1x: No alignments found for chromosome 'unassigned-0001014'
     1x: No alignments found for chromosome 'unassigned-0001016'
     1x: No alignments found for chromosome 'unassigned-0001017'
     1x: No alignments found for chromosome 'unassigned-0001018'
     1x: No alignments found for chromosome 'unassigned-0001019'
Original regions: 5706
Lifted regions: 4563
Unmapped regions: 2286
Success rate: 66.00%
